05-27 12:24:12.473  1627  2150 W ActivityManager: Unable to start service Intent { act=com.google.android.gms.playlog.service.START pkg=com.google.android.gms } U=0: not found
05-27 12:24:12.473  1627  2141 W ActivityManager: Unbind failed: could not find connection for android.os.BinderProxy@7fd975d
05-27 12:24:12.473  2589  2589 E GmsClient: unable to connect to service: com.google.android.gms.playlog.service.START
05-27 12:24:12.477  2589  2589 E TimelyPrefService: Primary account is null
05-27 12:24:12.495  2589  2589 W AnalyticsLogBase: PlayLogger.onLoggerFailedConnection
05-27 12:24:12.507  2624  2624 W art     : Unexpected CPU variant for X86 using defaults: x86
05-27 12:24:12.515  1627  1730 I ActivityManager: Start proc 2624:com.google.android.configupdater/u0a5 for broadcast com.google.android.configupdater/.CertPin.CertPinUpdateRequestReceiver
05-27 12:24:12.521  2624  2624 W System  : ClassLoader referenced unknown path: /system/priv-app/ConfigUpdater/lib/x86
05-27 12:24:12.533  2624  2624 E ConfigUpdater: ignoring update request
05-27 12:24:12.535  2624  2624 E ConfigUpdater: ignoring update request
05-27 12:24:12.536  2624  2624 E ConfigUpdater: ignoring update request
05-27 12:24:12.538  2624  2624 E ConfigUpdater: ignoring update request
05-27 12:24:12.539  2624  2624 E ConfigUpdater: ignoring update request
05-27 12:24:12.541  2624  2624 E ConfigUpdater: ignoring update request
05-27 12:24:12.544  2624  2624 E ConfigUpdater: ignoring update request
05-27 12:24:12.545  2197  2341 W System  : ClassLoader referenced unknown path: 
05-27 12:24:12.545  2197  2341 W System  : ClassLoader referenced unknown path: /system/priv-app/GoogleServicesFramework/lib/x86
05-27 12:24:12.548  2656  2656 W art     : Unexpected CPU variant for X86 using defaults: x86
05-27 12:24:12.553  2197  2341 I ProcessCheckinRequest: updateCheckinIdTokenFileFromResponse, Reading existing AID
05-27 12:24:12.553  2197  2341 I CheckinRequestBuilder: Checkin reason type: 8 attempt count: 1
05-27 12:24:12.556  1627  1853 I ActivityManager: Start proc 2656:com.google.android.gm/u0a66 for broadcast com.google.android.gm/.GoogleMailDeviceStartupReceiver
05-27 12:24:12.558  2197  2341 E ActivityThread: Failed to find provider info for com.google.android.wearable.settings
05-27 12:24:12.570  2656  2656 W System  : ClassLoader referenced unknown path: /system/app/PrebuiltGmail/lib/x86
05-27 12:24:12.581  2197  2341 I CheckinUtil: Classify the device as Phone.
05-27 12:24:12.587  2197  2341 E ProcessCheckinRequest: CheckinNowTaskTag : Checkin Succeeded: https://android.clients.google.com/checkin (request #1): 
05-27 12:24:12.601  2656  2656 W EasBundling: in EasBundling.init, isBundlingEnabled=true
05-27 12:24:12.626  2656  2677 I Gmail   : getAccountsCursor
05-27 12:24:12.627  2656  2678 D ActivityThread: Loading provider com.google.android.gmail.provider;com.android.mail.notifier;com.google.android.gm.email.provider;com.google.android.gm.email.notifier: com.android.email.provider.EmailProvider
05-27 12:24:12.629  2064  2064 W ChimeraUtils: Non Chimera context
05-27 12:24:12.693  2656  2656 W GAV2    : Thread[main,5,main]: Need to call initialize() and be in fallback mode to start dispatch.
05-27 12:24:12.705  2656  2656 I Gmail   : Account list changed
05-27 12:24:12.707  2656  2686 I Gmail   : No Email application installed
05-27 12:24:12.707  2656  2686 I EmailMigration: No data to migrate
05-27 12:24:12.707  2656  2686 W EmailMigration: No Exchange migration, not the right Email provider version
05-27 12:24:12.708  2656  2677 I Gmail   : getAccountsCursor
05-27 12:24:12.709  2449  2449 I CalendarProvider2: Sending notification intent: Intent { act=android.intent.action.PROVIDER_CHANGED dat=content://com.android.calendar flg=0x20000000 }
05-27 12:24:12.709  2449  2449 W ContentResolver: Failed to get type for: content://com.android.calendar (Unknown URL content://com.android.calendar)
05-27 12:24:12.717  2656  2656 W EasBundling: Gmail: isExchangeLegacy=false action=android.intent.action.BOOT_COMPLETED data=null
05-27 12:24:12.718  2656  2677 I Gmail   : getAccountsCursor
05-27 12:24:12.722  2656  2677 I Gmail   : getAccountsCursor
05-27 12:24:12.722  2656  2656 I Gmail   : Account list changed
05-27 12:24:12.724  2197  2197 W System  : ClassLoader referenced unknown path: /system/app/PlayGames/lib/x86
05-27 12:24:12.760  2696  2696 W art     : Unexpected CPU variant for X86 using defaults: x86
05-27 12:24:12.767  1627  1638 I ActivityManager: Start proc 2696:com.google.android.onetimeinitializer/u0a16 for broadcast com.google.android.onetimeinitializer/.OneTimeInitializerReceiver
05-27 12:24:12.774  2696  2696 W System  : ClassLoader referenced unknown path: /system/priv-app/GoogleOneTimeInitializer/lib/x86
05-27 12:24:12.776  2696  2696 V OneTimeInitializerReceiver: OneTimeInitializerReceiver.onReceive
05-27 12:24:12.779  2696  2710 V OneTimeService: OneTimeService.onHandleIntent
05-27 12:24:12.780  2696  2710 V OneTimeService: Already run, doing nothing.
05-27 12:24:12.785  2064  2076 W ConfigurationChimeraPro: Got null configs for com.google.android.gms.auth.account.base
05-27 12:24:12.791  1627  1852 I BroadcastQueue: Delay finish: com.google.android.partnersetup/.RlzPingBroadcastReceiver
05-27 12:24:12.791  1627  1852 I BroadcastQueue: Resuming delayed broadcast
05-27 12:24:12.795  2722  2722 W art     : Unexpected CPU variant for X86 using defaults: x86
05-27 12:24:12.804  1627  1852 I ActivityManager: Start proc 2722:com.google.process.gapps/u0a50 for broadcast com.google.android.syncadapters.contacts/.ContactsSyncAdapterBroadcastReceiver
05-27 12:24:12.808  2722  2722 W System  : ClassLoader referenced unknown path: /system/app/GoogleContactsSyncAdapter/lib/x86
05-27 12:24:12.824  2197  2375 I Auth    : [WorkAccount] update authenticator enabled for boot or update
05-27 12:24:12.830  2064  2735 W WakefulBroadcastReceiv.: No active wake lock id #2
05-27 12:24:12.830  2656  2685 I Gmail   : Initiated Service map for: [gPop3, gLegacyImap, gEas, gmail]
05-27 12:24:12.838  2064  2064 I GeofencerStateMachine: sendQueryLocationOptIn
05-27 12:24:12.840  2243  2719 I RlzPingService: Setting next ping for 1653842649615
05-27 12:24:12.841  2722  2722 I GoogleHttpClient: GMS http client unavailable, use old client
05-27 12:24:12.845  2656  2656 I Exchange: EasService.onCreate
05-27 12:24:12.846  1627  1850 W ActivityManager: Unable to start service Intent { cmp=com.google.android.gm.exchange/com.android.exchange.service.EasService } U=0: not found
05-27 12:24:12.847  2656  2656 I Exchange: EasService.onCreate stoppedOldService=false
05-27 12:24:12.847  2656  2677 I Exchange: RestartPingTask
05-27 12:24:12.853  2064  2740 W ConfigurationChimeraPro: Got null configs for com.google.android.gms.auth.account.base
05-27 12:24:12.856  2747  2747 W art     : Unexpected CPU variant for X86 using defaults: x86
05-27 12:24:12.863  1627  1730 I ActivityManager: Start proc 2747:com.google.android.talk/u0a55 for broadcast com.google.android.talk/com.google.android.apps.hangouts.service.BootReceiver
05-27 12:24:12.872  2064  2075 W ConfigurationChimeraPro: Got null configs for com.google.android.gms.ads
05-27 12:24:12.877  2064  2064 I GeofencerStateMachine: sendQueryLocationOptIn
05-27 12:24:12.881  2747  2747 W System  : ClassLoader referenced unknown path: /system/app/Hangouts/lib/x86
05-27 12:24:12.890  2064  2064 E BluetoothAdapter: Bluetooth binder is null
05-27 12:24:12.891  1627  1730 W ActivityManager: Unable to start service Intent { cmp=com.google.android.gm/com.android.email.service.AttachmentService } U=0: not found
05-27 12:24:12.899  2064  2365 W ConfigurationChimeraPro: Got null configs for com.google.android.gms.backup
05-27 12:24:12.902  2656  2656 I Exchange: RestartPingsTask did not start any pings.
05-27 12:24:12.902  2656  2656 I Exchange: PSS stopIfIdle
05-27 12:24:12.902  2656  2656 I Exchange: PSS has no active accounts; stopping service.
05-27 12:24:12.902  2656  2656 I Exchange: onDestroy
05-27 12:24:12.903  2656  2656 I Gmail   : Account list changed
05-27 12:24:12.905  2656  2767 I Gmail   : Observing account changes for notifications
05-27 12:24:12.909  2656  2656 I Exchange: EasService.onCreate
05-27 12:24:12.910  1627  2167 W ActivityManager: Unable to start service Intent { cmp=com.google.android.gm.exchange/com.android.exchange.service.EasService } U=0: not found
05-27 12:24:12.911  2656  2656 I Exchange: EasService.onCreate stoppedOldService=false
05-27 12:24:12.912  2656  2685 I Exchange: RestartPingTask
05-27 12:24:12.915  2656  2656 I Exchange: RestartPingsTask did not start any pings.
05-27 12:24:12.915  2656  2656 I Exchange: PSS stopIfIdle
05-27 12:24:12.915  2656  2656 I Exchange: PSS has no active accounts; stopping service.
05-27 12:24:12.916  2656  2656 I Exchange: onDestroy
05-27 12:24:12.922  2197  2741 I Backup  : [ComponentEnabler] Setting target components to enabled = false
05-27 12:24:12.924  2197  2741 I Backup  : [ComponentEnabler] Setting source components to enabled = true
05-27 12:24:12.930  2197  2709 I Backup  : [PreLComponentEnabler] Disabling pre-L components
05-27 12:24:12.948  2197  2765 W ChimeraUtils: Non Chimera context
05-27 12:24:12.952  2064  2064 I GeofencerStateMachine: sendQueryLocationOptIn
05-27 12:24:12.952  2064  2064 I GeofencerStateMachine: sendQueryLocationOptIn
05-27 12:24:12.953  2064  2064 I GeofencerStateMachine: sendQueryLocationOptIn
05-27 12:24:12.953  2064  2064 I GeofencerStateMachine: sendQueryLocationOptIn
05-27 12:24:12.954  2064  2064 I GeofencerStateMachine: sendQueryLocationOptIn
05-27 12:24:12.960  2064  2694 I BootCount: Device boot count in clearcut increased.
05-27 12:24:12.976  2197  2341 I EventLogChimeraService: Accumulating logs since 1653634451268
05-27 12:24:12.977  2197  2771 I Auth    : [FRP,FrpUpdateIntentOperation] Frp is not supported for this device / user
05-27 12:24:12.982  2197  2362 W ChimeraUtils: Non Chimera context
05-27 12:24:12.983  2064  2076 W ConfigurationChimeraPro: Got null configs for com.google.android.gms.constellation
05-27 12:24:12.984  2197  2709 W constellation: [reboot_checker] disabled by gservice flag
05-27 12:24:12.986  2197  2771 I SystemUpdate: [Installation,ReceiverIntentOperation] Received intent: Intent { act=com.google.android.gms.update.BASE_MODULE_INIT cat=[targeted_intent_op_prefix:.update.control.ReceiverIntentOperation] cmp=com.google.android.gms/.chimera.GmsIntentOperationService }.
05-27 12:24:13.010  2197  2766 I Backup  : [TransportSwitcher] Starting switch from UNKNOWN_TRANSPORT to GMS_TRANSPORT
05-27 12:24:13.015  2197  2341 I ProcessCheckinRequest: Get token from PseudonymousIdApi: 511=B2A3r-guOzF-xzOTmWzZmueVRlk55FQc5slJTDNv60ukoos-Cryg6iqpBy01bdHVGUSp0llZCnUxc4HQc-QdyS-7t2Y4qjjguqrWSlbLgfUOpaXrz1i9YrzQdwBfQr4fqXu-TOW6PsMU1CYPrmfJGZyNc9H7iImKlS1cVnwUCL8
05-27 12:24:13.016  2197  2341 I CheckinRequestBuilder: Checkin reason type: 1 attempt count: 1
05-27 12:24:13.017  2197  2341 E ActivityThread: Failed to find provider info for com.google.android.wearable.settings
05-27 12:24:13.034  2197  2774 I ApiChimeraService: Scheduling reset intent
05-27 12:24:13.036  2064  2075 W ConfigurationChimeraPro: Got null configs for com.google.android.gms.drive
05-27 12:24:13.061  2197  2207 W art     : Suspending all threads took: 7.086ms
05-27 12:24:13.068  2197  2376 I Authzen : [PermitStore] Getting all permits...
05-27 12:24:13.075  2064  2075 W ConfigurationChimeraPro: Got null configs for com.google.android.gms.update
05-27 12:24:13.075  1627  1637 V BackupManagerService: selectBackupTransport() set com.google.android.gms/.backup.BackupTransportService returning com.google.android.gms/.backup.BackupTransportService
05-27 12:24:13.076  2197  2207 I art     : Background partial concurrent mark sweep GC freed 13731(1164KB) AllocSpace objects, 26(572KB) LOS objects, 32% free, 8MB/12MB, paused 8.817ms total 120.002ms
05-27 12:24:13.077  2197  2766 I Backup  : [MigrateCleaner] MigrateCleaner successfully switched transport back to GMS
05-27 12:24:13.078  2197  2373 I Backup  : [TransportSwitcher] Successfully switched from UNKNOWN_TRANSPORT to GMS_TRANSPORT
05-27 12:24:13.082  2197  2778 I SystemUpdate: [Execution,InstallationEventIntentOperation] Received intent with event 1.
05-27 12:24:13.084  2197  2774 I Fido    : [FidoInitIntentOperation] Initializing Fido module, InitRuntimeState=2
05-27 12:24:13.084  2197  2778 I SystemUpdate: [Execution,InstallationIntentOperation] Received intent: Intent { act=com.google.android.gms.update.INSTALL_UPDATE cat=[targeted_intent_op_prefix:.update.execution.InstallationIntentOperation] cmp=com.google.android.gms/.chimera.GmsIntentOperationService }.
05-27 12:24:13.084  2197  2771 W ChimeraUtils: Non Chimera context
05-27 12:24:13.094  2197  2778 I SystemUpdate: [Execution,ExecutionManager] Action finished-execution executed for 0.00 seconds.
05-27 12:24:13.094  2197  2376 I Authzen : [feu] Opening database auth.proximity.permit_store...
05-27 12:24:13.111  2197  2765 I GoogleURLConnFactory: Using platform SSLCertificateSocketFactory
05-27 12:24:13.113  2197  2765 E BaseAppContext: Tried to stop global GMSCore RequestQueue. This is likely unintended, so ignoring.
05-27 12:24:13.114  2064  2064 W System  : ClassLoader referenced unknown path: /system/priv-app/PrebuiltGmsCore/lib/x86
05-27 12:24:13.115  2064  2064 W System  : ClassLoader referenced unknown path: /system/priv-app/PrebuiltGmsCore/lib/x86
05-27 12:24:13.121  2197  2765 I Authzen : [AuthZenEventHandler] Handling event: android.intent.action.BOOT_COMPLETED
05-27 12:24:13.135  2197  2363 I Ads     : Parental control value is stale. Refreshing.
05-27 12:24:13.137  2197  2363 I Ads     : Initialized AdMob from dev at 172403884 in container 11.7.43 (470-172403884)
05-27 12:24:13.138  2473  2485 W Finsky  : [118] com.google.android.finsky.FinskyApp.i(1468): No account configured on this device.
05-27 12:24:13.138  2197  2197 I Ads     : Successfully received play store parental controls the result.
05-27 12:24:13.141  2197  2363 I Icing   : Using regular flags by method 2
05-27 12:24:13.199  2413  2413 W Binder:2413_3: type=1400 audit(0.0:5): avc: denied { read } for name="/" dev="tmpfs" ino=4097 scontext=u:r:priv_app:s0:c512,c768 tcontext=u:object_r:device:s0 tclass=dir permissive=0
05-27 12:24:13.206  2805  2805 W art     : Unexpected CPU variant for X86 using defaults: x86
05-27 12:24:13.211  1627  2150 I ActivityManager: Start proc 2805:com.google.android.gms.ui/u0a13 for service com.google.android.gms/.chimera.UiIntentOperationService
05-27 12:24:13.215  2064  2064 I NetworkScheduler: Using standalone scheduling engine
05-27 12:24:13.232  2805  2805 W System  : ClassLoader referenced unknown path: /system/priv-app/PrebuiltGmsCore/lib/x86
05-27 12:24:13.243  2805  2805 I LoadedApk: No resource references to update in package FFFFFFFFFFFFFFFFFFFFFF
05-27 12:24:13.255  2805  2805 W System  : ClassLoader referenced unknown path: /system/priv-app/PrebuiltGmsCore/lib/x86
05-27 12:24:13.255  2805  2805 W System  : ClassLoader referenced unknown path: /system/priv-app/PrebuiltGmsCore/lib/x86
05-27 12:24:13.255  2805  2805 W System  : ClassLoader referenced unknown path: /system/priv-app/PrebuiltGmsCore/lib/x86
05-27 12:24:13.255  2805  2805 W System  : ClassLoader referenced unknown path: /system/priv-app/PrebuiltGmsCore/lib/x86
05-27 12:24:13.256  2805  2805 W linker  : /data/user_de/0/com.google.android.gms/app_extracted_libs/x86/libconscrypt_gmscore_jni.so: unused DT entry: type 0xf arg 0x91
05-27 12:24:13.257  2805  2805 V NativeCrypto: Registering com/google/android/gms/org/conscrypt/NativeCrypto's 276 native methods...
05-27 12:24:13.262  2805  2805 D NetworkSecurityConfig: No Network Security Config specified, using platform default
05-27 12:24:13.262  2805  2805 I ProviderInstaller: Installed default security provider GmsCore_OpenSSL
05-27 12:24:13.263  1627  1850 W ActivityManager: Unable to start service Intent { act=com.google.android.gms.nearby.discovery:ACTION_INIT_MESSAGES_PATH cmp=com.google.android.gms/.nearby.discovery.service.DiscoveryService } U=0: not found
05-27 12:24:13.265  2197  2363 W NetRec  : [112] NetrecModuleInitIntentOperation.a: Device does not support scoring, exiting
05-27 12:24:13.266  2064  2064 W ConfigurationChimeraPro: Got null configs for com.google.android.gms.fitness
05-27 12:24:13.270  2747  2747 I Babel_telephony: TeleModule.onApplicationCreate
05-27 12:24:13.279  2413  2721 D         : HostConnection::get() New Host Connection established 0xab11d9c0, tid 2721
05-27 12:24:13.288  2413  2721 D EGL_emulation: eglCreateContext: 0xab105780: maj 2 min 0 rcv 2
05-27 12:24:13.291  2413  2721 D EGL_emulation: eglMakeCurrent: 0xab105780: ver 2 0 (tinfo 0xab103c80)
05-27 12:24:13.296  2197  2822 I FA-SVC  : App measurement is starting up, version: 11743
05-27 12:24:13.320  2197  2363 E DeviceContactImportDelegate: Device contact import is disabled.
05-27 12:24:13.324  2747  2846 I Babel_SMS: MmsConfig: mnc/mcc: 310/260
05-27 12:24:13.324  2747  2846 I Babel_SMS: MmsConfig.loadMmsSettings
05-27 12:24:13.325  2197  2822 I FA-SVC  : This instance being marked as an uploader
05-27 12:24:13.331  2747  2846 I Babel_SMS: MmsConfig.loadDeviceMmsSettings from API: mUserAgent=GoldfishNexus, mUaProfUrl=http://gsm.lge.com/html/gsm/Nexus5-M3.xml
05-27 12:24:13.332  2747  2846 I Babel_SMS: MmsConfig.loadFromDatabase
05-27 12:24:13.333  2413  2721 D EGL_emulation: eglCreateContext: 0xab105c00: maj 2 min 0 rcv 2
05-27 12:24:13.335  2413  2721 D EGL_emulation: eglMakeCurrent: 0xab105c00: ver 2 0 (tinfo 0xab103c80)
05-27 12:24:13.336  2197  2363 E DeviceContactImportDelegate: Data layer device contacts import is disabled.
05-27 12:24:13.338  2197  2363 E DeviceContactImportDelegate: Device contact import is disabled.
05-27 12:24:13.355  2197  2363 E DeviceContactImportDelegate: Data layer device contacts import is disabled.
05-27 12:24:13.355  2197  2363 E DeviceContactImportDelegate: Device contact import is disabled.
05-27 12:24:13.362  2805  2851 I MagicTether: [HostValidator] InvalidHost. MobileData: true, Tethering: false, whitelist: false, ble: false
05-27 12:24:13.363  2197  2363 E DeviceContactImportDelegate: Data layer device contacts import is disabled.
05-27 12:24:13.377  2197  2774 I MS_RegisterService: RegisterService intent:Intent { act=com.google.android.gms.matchstick.register_intent_action cat=[targeted_intent_op_prefix:com.google.android.libraries.matchstick.net.SilentRegisterIntentOperation] cmp=com.google.android.gms/.chimera.GmsIntentOperationService } isPeriodic:false
05-27 12:24:13.385  2747  2747 I Babel_Crash: Startup - clean
05-27 12:24:13.388  2747  2846 E SQLiteLog: (1) no such table: mmsconfig
05-27 12:24:13.389  2747  2846 I Babel_SMS: MmsConfig: no mmsconfig table android.database.sqlite.SQLiteException: no such table: mmsconfig (code 1): , while compiling: SELECT key, value, type FROM mmsconfig WHERE numeric=?
05-27 12:24:13.389  2747  2846 I Babel_SMS: MmsConfig.loadFromResources
05-27 12:24:13.393  2197  2353 W Herrevad: [105] tvy.c: Looking up Wifi info on a non-wifi device
05-27 12:24:13.403  2197  2341 I CheckinUtil: Classify the device as Phone.
05-27 12:24:13.411  2197  2774 I MS_PhoneUtils: Phone type: 1
05-27 12:24:13.420  2197  2774 I MS_RegisterService: Doing full registration.
05-27 12:24:13.421  2197  2341 W System  : Ignoring header Cookie because its value was null.
05-27 12:24:13.421  2197  2341 I ProcessCheckinRequest: set cookie as: null
05-27 12:24:13.430  2747  2846 E Babel_SMS: canonicalizeMccMnc: invalid mccmnc nullnull
05-27 12:24:13.431  2747  2846 W Babel_SMS: MmsConfig: invalid key=userAgent or type=string
05-27 12:24:13.431  2747  2846 W Babel_SMS: MmsConfig: invalid key=uaProfUrl or type=string
05-27 12:24:13.431  2747  2846 I Babel_SMS: MmsConfig.loadMmsSettings: mUserAgent=GoldfishNexus, mUaProfUrl=http://gsm.lge.com/html/gsm/Nexus5-M3.xml
05-27 12:24:13.452  2197  2341 W Conscrypt: Could not set socket write timeout:
05-27 12:24:13.452  2197  2341 W Conscrypt:    java.lang.reflect.Method.invoke(Native Method)
05-27 12:24:13.452  2197  2341 W Conscrypt:    com.google.android.gms.org.conscrypt.Platform.setSocketWriteTimeout(:com.google.android.gms@11743470:13)
05-27 12:24:13.477  2197  2341 W Conscrypt: Could not set socket write timeout:
05-27 12:24:13.478  2064  2075 W ConfigurationChimeraPro: Got null configs for com.google.android.gms.mdm
05-27 12:24:13.478  2197  2341 W Conscrypt:    java.lang.reflect.Method.invoke(Native Method)
05-27 12:24:13.479  2197  2341 W Conscrypt:    com.google.android.gms.org.conscrypt.Platform.setSocketWriteTimeout(:com.google.android.gms@11743470:13)
05-27 12:24:13.479  2747  2747 W Babel   : On boot, found 0 ready accounts
05-27 12:24:13.492  2064  2873 W ConfigurationChimeraPro: Got null configs for com.google.android.gms.notifications
05-27 12:24:13.498  2876  2876 W art     : Unexpected CPU variant for X86 using defaults: x86
05-27 12:24:13.502  2197  2341 I ProcessCheckinRequest: REQUEST: b: "358240051111110"
05-27 12:24:13.502  2197  2341 I ProcessCheckinRequest: c: "020000000000"
05-27 12:24:13.502  2197  2341 I ProcessCheckinRequest: d: "wifi"
05-27 12:24:13.502  2197  2341 I ProcessCheckinRequest: e: "EMULATOR31X2X10X0"
05-27 12:24:13.502  2197  2341 I ProcessCheckinRequest: g: 4205965648272179206
05-27 12:24:13.502  2197  2341 I ProcessCheckinRequest: h: -6182720138425667240
05-27 12:24:13.502  2197  2341 I ProcessCheckinRequest: i: "1-625c8aad4315dd3979029399bd869cbd2fb9f658"
05-27 12:24:13.502  2197  2341 I ProcessCheckinRequest: j: "en_US"
05-27 12:24:13.502  2197  2341 I ProcessCheckinRequest: k <
05-27 12:24:13.502  2197  2341 I ProcessCheckinRequest:   a <
05-27 12:24:13.502  2197  2341 I ProcessCheckinRequest:     a: "google/sdk_google_phone_x86/generic_x86:7.0/NYC/4409132:user/release-keys"
05-27 12:24:13.502  2197  2341 I ProcessCheckinRequest:     c: "unknown"
05-27 12:24:13.502  2197  2341 I ProcessCheckinRequest:     d: "ranchu"
05-27 12:24:13.502  2197  2341 I ProcessCheckinRequest:     e: "google"
05-27 12:24:13.502  2197  2341 I ProcessCheckinRequest:     f: "unknown"
05-27 12:24:13.502  2197  2341 I ProcessCheckinRequest:     g: 1508534163
05-27 12:24:13.502  2197  2341 I ProcessCheckinRequest:     h: 11743470
05-27 12:24:13.502  2197  2341 I ProcessCheckinRequest:     i: 24
05-27 12:24:13.502  2197  2341 I ProcessCheckinRequest:     j: "generic_x86"
05-27 12:24:13.502  2197  2341 I ProcessCheckinRequest:     k: "Android SDK built for x86"
05-27 12:24:13.502  2197  2341 I ProcessCheckinRequest:     l: "Google"
05-27 12:24:13.502  2197  2341 I ProcessCheckinRequest:     m: "sdk_google_phone_x86"
05-27 12:24:13.502  2197  2341 I ProcessCheckinRequest:     n: false
05-27 12:24:13.502  2197  2341 I ProcessCheckinRequest:     o <
05-27 12:24:13.502  2197  2341 I ProcessCheckinRequest:       a: 2
05-27 12:24:13.502  2197  2341 I ProcessCheckinRequest:       b: "ms-unknown"
05-27 12:24:13.502  2197  2341 I ProcessCheckinRequest:     >
05-27 12:24:13.502  2197  2341 I ProcessCheckinRequest:     o <
05-27 12:24:13.502  2197  2341 I ProcessCheckinRequest:       a: 1
05-27 12:24:13.502  2197  2341 I ProcessCheckinRequest:       b: "unknown"
05-27 12:24:13.502  2197  2341 I ProcessCheckinRequest:     >
05-27 12:24:13.502  2197  2341 I ProcessCheckinRequest:     o <
05-27 12:24:13.502  2197  2341 I ProcessCheckinRequest:       a: 4
05-27 12:24:13.502  2197  2341 I ProcessCheckinRequest:       b: "gmm-unknown"
05-27 12:24:13.502  2197  2341 I ProcessCheckinRequest:     >
05-27 12:24:13.502  2197  2341 I ProcessCheckinRequest:     o <
05-27 12:24:13.502  2197  2341 I ProcessCheckinRequest:       a: 5
05-27 12:24:13.502  2197  2341 I ProcessCheckinRequest:       b: "mvapp-unknown"
05-27 12:24:13.502  2197  2341 I ProcessCheckinRequest:     >
05-27 12:24:13.502  2197  2341 I ProcessCheckinRequest:     o <
05-27 12:24:13.502  2197  2341 I ProcessCheckinRequest:       a: 6
05-27 12:24:13.502  2197  2341 I ProcessCheckinRequest:       b: "am-unknown"
05-27 12:24:13.502  2197  2341 I ProcessCheckinRequest:     >
05-27 12:24:13.502  2197  2341 I ProcessCheckinRequest:     o <
05-27 12:24:13.502  2197  2341 I ProcessCheckinRequest:       a: 9
05-27 12:24:13.502  2197  2341 I ProcessCheckinRequest:       b: "ms-unknown"
05-27 12:24:13.502  2197  2341 I ProcessCheckinRequest:     >
05-27 12:24:13.502  2197  2341 I ProcessCheckinRequest:     q: "2017-10-05"
05-27 12:24:13.502  2197  2341 I ProcessCheckinRequest:   >
05-27 12:24:13.502  2197  2341 I ProcessCheckinRequest:   b: 1653634451268
05-27 12:24:13.502  2197  2341 I ProcessCheckinRequest:   e: "310260"
05-27 12:24:13.502  2197  2341 I ProcessCheckinRequest:   f: "310260"
05-27 12:24:13.502  2197  2341 I ProcessCheckinRequest:   g: "MOBILE:LTE:"
05-27 12:24:13.502  2197  2341 I ProcessCheckinRequest:   h: true
05-27 12:24:13.502  2197  2341 I ProcessCheckinRequest:   i: 0
05-27 12:24:13.502  2197  2341 I ProcessCheckinRequest:   j: 2
05-27 12:24:13.502  2197  2341 I ProcessCheckinRequest:   k <
05-27 12:24:13.502  2197  2341 I ProcessCheckinRequest:     a: 1
05-27 12:24:13.502  2197  2341 I ProcessCheckinRequest:     b: 1
05-27 12:24:13.502  2197  2341 I ProcessCheckinRequest:     c: "unspecified"
05-27 12:24:13.502  2197  2341 I ProcessCheckinRequest:     d: ""
05-27 12:24:13.502  2197  2341 I ProcessCheckinRequest:     e: false
05-27 12:24:13.502  2197  2341 I ProcessCheckinRequest:   >
05-27 12:24:13.502  2197  2341 I ProcessCheckinRequest:   l <
05-27 12:24:13.502  2197  2341 I ProcessCheckinRequest:     a: "310260"
05-27 12:24:13.502  2197  2341 I ProcessCheckinRequest:     b: "Android"
05-27 12:24:13.502  2197  2341 I ProcessCheckinRequest:     c: "0"
05-27 12:24:13.502  2197  2341 I ProcessCheckinRequest:     d: 0
05-27 12:24:13.502  2197  2341 I ProcessCheckinRequest:     d: 1
05-27 12:24:13.502  2197  2341 I ProcessCheckinRequest:     d: 2
05-27 12:24:13.502  2197  2341 I ProcessCheckinRequest:     e: "310260000000000"
05-27 12:24:13.502  2197  2341 I ProcessCheckinRequest:     g: "\027L"
05-27 12:24:13.502  2197  2341 I ProcessCheckinRequest:   >
05-27 12:24:13.502  2197  2341 I ProcessCheckinRequest: >
05-27 12:24:13.502  2197  2341 I ProcessCheckinRequest: l: ""
05-27 12:24:13.502  2197  2341 I ProcessCheckinRequest: m: "Asia/Calcutta"
05-27 12:24:13.502  2197  2341 I ProcessCheckinRequest: n: 3966228030911604318
05-27 12:24:13.502  2197  2341 I ProcessCheckinRequest: o: 3
05-27 12:24:13.502  2197  2341 I ProcessCheckinRequest: p: "y5wIFYiBJJ1GbmKmqnQ2YIm1ovA="
05-27 12:24:13.502  2197  2341 I ProcessCheckinRequest: q <
05-27 12:24:13.502  2197  2341 I ProcessCheckinRequest:   a: 3
05-27 12:24:13.502  2197  2341 I ProcessCheckinRequest:   b: 2
05-27 12:24:13.502  2197  2341 I ProcessCheckinRequest:   c: 2
05-27 12:24:13.502  2197  2341 I ProcessCheckinRequest:   d: 2
05-27 12:24:13.502  2197  2341 I ProcessCheckinRequest:   e: true
05-27 12:24:13.502  2197  2341 I ProcessCheckinRequest:   f: true
05-27 12:24:13.502  2197  2341 I ProcessCheckinRequest:   g: 420
05-27 12:24:13.502  2197  2341 I ProcessCheckinRequest:   h: 1080
05-27 12:24:13.502  2197  2341 I ProcessCheckinRequest:   i: 1794
05-27 12:24:13.502  2197  2341 I ProcessCheckinRequest:   j: 131072
05-27 12:24:13.502  2197  2341 I ProcessCheckinRequest:   k: "android.ext.services"
05-27 12:24:13.502  2197  2341 I ProcessCheckinRequest:   k: "android.ext.shared"
05-27 12:24:13.502  2197  2341 I ProcessCheckinRequest:   k: "android.test.runner"
05-27 12:24:13.502  2197  2341 I ProcessCheckinRequest:   k: "com.android.location.provider"
05-27 12:24:13.502  2197  2341 I ProcessCheckinRequest:   k: "com.android.media.remotedisplay"
05-27 12:24:13.502  2197  2341 I ProcessCheckinRequest:   k: "com.android.mediadrm.signer"
05-27 12:24:13.502  2197  2341 I ProcessCheckinRequest:   k: "com.google.android.gms"
05-27 12:24:13.502  2197  2341 I ProcessCheckinRequest:   k: "com.google.android.maps"
05-27 12:24:13.502  2197  2341 I ProcessCheckinRequest:   k: "com.google.android.media.effects"
05-27 12:24:13.502  2197  2341 I ProcessCheckinRequest:   k: "javax.obex"
05-27 12:24:13.502  2197  2341 I ProcessCheckinRequest:   k: "org.apache.http.legacy"
05-27 12:24:13.502  2197  2341 I ProcessCheckinRequest:   l: "android.hardware.audio.output"
05-27 12:24:13.502  2197  2341 I ProcessCheckinRequest:   l: "android.hardware.camera"
05-27 12:24:13.502  2197  2341 I ProcessCheckinRequest:   l: "android.hardware.camera.any"
05-27 12:24:13.502  2197  2341 I ProcessCheckinRequest:   l: "android.hardware.faketouch"
05-27 12:24:13.502  2197  2341 I ProcessCheckinRequest:   l: "android.hardware.fingerprint"
05-27 12:24:13.502  2197  2341 I ProcessCheckinRequest:   l: "android.hardware.location"
05-27 12:24:13.502  2197  2341 I ProcessCheckinRequest:   l: "android.hardware.location.gps"
05-27 12:24:13.502  2197  2341 I ProcessCheckinRequest:   l: "android.hardware.location.network"
05-27 12:24:13.502  2197  2341 I ProcessCheckinRequest:   l: "android.hardware.microphone"
05-27 12:24:13.502  2197  2341 I ProcessCheckinRequest:   l: "android.hardware.screen.landscape"
05-27 12:24:13.502  2197  2341 I ProcessCheckinRequest:   l: "android.hardware.screen.portrait"
05-27 12:24:13.502  2197  2341 I ProcessCheckinRequest:   l: "android.hardware.sensor.accelerometer"
05-27 12:24:13.502  2197  2341 I ProcessCheckinRequest:   l: "android.hardware.sensor.ambient_temperature"
05-27 12:24:13.502  2197  2341 I ProcessCheckinRequest:   l: "android.hardware.sensor.barometer"
05-27 12:24:13.502  2197  2341 I ProcessCheckinRequest:   l: "android.hardware.sensor.compass"
05-27 12:24:13.502  2197  2341 I ProcessCheckinRequest:   l: "android.hardware.sensor.gyroscope"
05-27 12:24:13.502  2197  2341 I ProcessCheckinRequest:   l: "android.hardware.sensor.light"
05-27 12:24:13.502  2197  2341 I ProcessCheckinRequest:   l: "android.hardware.sensor.proximity"
05-27 12:24:13.502  2197  2341 I ProcessCheckinRequest:   l: "android.hardware.sensor.relative_humidity"
05-27 12:24:13.502  2197  2341 I ProcessCheckinRequest:   l: "android.hardware.telephony"
05-27 12:24:13.502  2197  2341 I ProcessCheckinRequest:   l: "android.hardware.telephony.gsm"
05-27 12:24:13.502  2197  2341 I ProcessCheckinRequest:   l: "android.hardware.touchscreen"
05-27 12:24:13.502  2197  2341 I ProcessCheckinRequest:   l: "android.hardware.touchscreen.multitouch"
05-27 12:24:13.502  2197  2341 I ProcessCheckinRequest:   l: "android.hardware.touchscreen.multitouch.distinct"
05-27 12:24:13.502  2197  2341 I ProcessCheckinRequest:   l: "android.hardware.touchscreen.multitouch.jazzhand"
05-27 12:24:13.502  2197  2341 I ProcessCheckinRequest:   l: "android.software.app_widgets"
05-27 12:24:13.502  2197  2341 I ProcessCheckinRequest:   l: "android.software.backup"
05-27 12:24:13.502  2197  2341 I ProcessCheckinRequest:   l: "android.software.connectionservice"
05-27 12:24:13.502  2197  2341 I ProcessCheckinRequest:   l: "android.software.device_admin"
05-27 12:24:13.502  2197  2341 I ProcessCheckinRequest:   l: "android.software.home_screen"
05-27 12:24:13.502  2197  2341 I ProcessCheckinRequest:   l: "android.software.input_methods"
05-27 12:24:13.502  2197  2341 I ProcessCheckinRequest:   l: "android.software.live_wallpaper"
05-27 12:24:13.502  2197  2341 I ProcessCheckinRequest:   l: "android.software.managed_users"
05-27 12:24:13.502  2197  2341 I ProcessCheckinRequest:   l: "android.software.midi"
05-27 12:24:13.502  2197  2341 I ProcessCheckinRequest:   l: "android.software.print"
05-27 12:24:13.502  2197  2341 I ProcessCheckinRequest:   l: "android.software.voice_recognizers"
05-27 12:24:13.502  2197  2341 I ProcessCheckinRequest:   l: "android.software.webview"
05-27 12:24:13.502  2197  2341 I ProcessCheckinRequest:   l: "com.google.android.feature.EXCHANGE_6_2"
05-27 12:24:13.502  2197  2341 I ProcessCheckinRequest:   l: "com.google.android.feature.GOOGLE_BUILD"
05-27 12:24:13.502  2197  2341 I ProcessCheckinRequest:   l: "com.google.android.feature.GOOGLE_EXPERIENCE"
05-27 12:24:13.502  2197  2341 I ProcessCheckinRequest:   m <
05-27 12:24:13.502  2197  2341 I ProcessCheckinRequest:     a: "android.hardware.audio.output"
05-27 12:24:13.502  2197  2341 I ProcessCheckinRequest:     b: 0
05-27 12:24:13.502  2197  2341 I ProcessCheckinRequest:   >
05-27 12:24:13.502  2197  2341 I ProcessCheckinRequest:   m <
05-27 12:24:13.502  2197  2341 I ProcessCheckinRequest:     a: "android.hardware.camera"
05-27 12:24:13.502  2197  2341 I ProcessCheckinRequest:     b: 0
05-27 12:24:13.502  2197  2341 I ProcessCheckinRequest:   >
05-27 12:24:13.502  2197  2341 I ProcessCheckinRequest:   m <
05-27 12:24:13.502  2197  2341 I ProcessCheckinRequest:     a: "android.hardware.camera.any"
05-27 12:24:13.502  2197  2341 I ProcessCheckinRequest:     b: 0
05-27 12:24:13.502  2197  2341 I ProcessCheckinRequest:   >
05-27 12:24:13.502  2197  2341 I ProcessCheckinRequest:   m <
05-27 12:24:13.502  2197  2341 I ProcessCheckinRequest:     a: "android.hardware.faketouch"
05-27 12:24:13.502  2197  2341 I ProcessCheckinRequest:     b: 0
05-27 12:24:13.502  2197  2341 I ProcessCheckinRequest:   >
05-27 12:24:13.502  2197  2341 I ProcessCheckinRequest:   m <
05-27 12:24:13.502  2197  2341 I ProcessCheckinRequest:     a: "android.hardware.fingerprint"
05-27 12:24:13.502  2197  2341 I ProcessCheckinRequest:     b: 0
05-27 12:24:13.502  2197  2341 I ProcessCheckinRequest:   >
05-27 12:24:13.502  2197  2341 I ProcessCheckinRequest:   m <
05-27 12:24:13.502  2197  2341 I ProcessCheckinRequest:     a: "android.hardware.location"
05-27 12:24:13.502  2197  2341 I ProcessCheckinRequest:     b: 0
05-27 12:24:13.502  2197  2341 I ProcessCheckinRequest:   >
05-27 12:24:13.502  2197  2341 I ProcessCheckinRequest:   m <
05-27 12:24:13.502  2197  2341 I ProcessCheckinRequest:     a: "android.hardware.location.gps"
05-27 12:24:13.502  2197  2341 I ProcessCheckinRequest:     b: 0
05-27 12:24:13.502  2197  2341 I ProcessCheckinRequest:   >
05-27 12:24:13.502  2197  2341 I ProcessCheckinRequest:   m <
05-27 12:24:13.502  2197  2341 I ProcessCheckinRequest:     a: "android.hardware.location.network"
05-27 12:24:13.502  2197  2341 I ProcessCheckinRequest:     b: 0
05-27 12:24:13.502  2197  2341 I ProcessCheckinRequest:   >
05-27 12:24:13.502  2197  2341 I ProcessCheckinRequest:   m <
05-27 12:24:13.502  2197  2341 I ProcessCheckinRequest:     a: "android.hardware.microphone"
05-27 12:24:13.502  2197  2341 I ProcessCheckinRequest:     b: 0
05-27 12:24:13.502  2197  2341 I ProcessCheckinRequest:   >
05-27 12:24:13.502  2197  2341 I ProcessCheckinRequest:   m <
05-27 12:24:13.502  2197  2341 I ProcessCheckinRequest:     a: "android.hardware.screen.landscape"
05-27 12:24:13.502  2197  2341 I ProcessCheckinRequest:     b: 0
05-27 12:24:13.502  2197  2341 I ProcessCheckinRequest:   >
05-27 12:24:13.502  2197  2341 I ProcessCheckinRequest:   m <
05-27 12:24:13.502  2197  2341 I ProcessCheckinRequest:     a: "android.hardware.screen.portrait"
05-27 12:24:13.502  2197  2341 I ProcessCheckinRequest:     b: 0
05-27 12:24:13.502  2197  2341 I ProcessCheckinRequest:   >
05-27 12:24:13.502  2197  2341 I ProcessCheckinRequest:   m <
05-27 12:24:13.502  2197  2341 I ProcessCheckinRequest:     a: "android.hardware.sensor.accelerometer"
05-27 12:24:13.502  2197  2341 I ProcessCheckinRequest:     b: 0
05-27 12:24:13.502  2197  2341 I ProcessCheckinRequest:   >
05-27 12:24:13.502  2197  2341 I ProcessCheckinRequest:   m <
05-27 12:24:13.502  2197  2341 I ProcessCheckinRequest:     a: "android.hardware.sensor.ambient_temperature"
05-27 12:24:13.502  2197  2341 I ProcessCheckinRequest:     b: 0
05-27 12:24:13.502  2197  2341 I ProcessCheckinRequest:   >
05-27 12:24:13.502  2197  2341 I ProcessCheckinRequest:   m <
05-27 12:24:13.502  2197  2341 I ProcessCheckinRequest:     a: "android.hardware.sensor.barometer"
05-27 12:24:13.502  2197  2341 I ProcessCheckinRequest:     b: 0
05-27 12:24:13.502  2197  2341 I ProcessCheckinRequest:   >
05-27 12:24:13.502  2197  2341 I ProcessCheckinRequest:   m <
05-27 12:24:13.502  2197  2341 I ProcessCheckinRequest:   
05-27 12:24:13.506  1627  1850 I ActivityManager: Start proc 2876:com.google.android.youtube/u0a73 for broadcast com.google.android.youtube/com.google.android.libraries.youtube.upload.service.UploadService$BootReceiver
05-27 12:24:13.520  2876  2876 W System  : ClassLoader referenced unknown path: /system/app/YouTube/lib/x86
05-27 12:24:13.522  2197  2741 I CmaSystemUpdateService: Runtime init receiver: Intent { act=android.intent.action.BOOT_COMPLETED flg=0x9000010 cmp=com.google.android.gms/.chimera.GmsIntentOperationService (has extras) } with flags: 2
05-27 12:24:13.523  2197  2741 I CmaSystemUpdateService: receiver: Intent { act=android.intent.action.BOOT_COMPLETED flg=0x9000010 cmp=com.google.android.gms/.chimera.GmsIntentOperationService (has extras) }
05-27 12:24:13.528  2064  2077 W ConfigurationChimeraPro: Got null configs for com.google.android.gms.trustagent.common
05-27 12:24:13.531  2747  2747 D Babel   : onCreate: Shutdown runnable posted in onCreate with a delay of 5000 ms.
05-27 12:24:13.533  2064  2386 I MagicTether: [HostValidator] InvalidHost. MobileData: true, Tethering: false, whitelist: false, ble: false
05-27 12:24:13.538  2747  2747 W System  : ClassLoader referenced unknown path: /system/priv-app/PrebuiltGmsCore/lib/x86
05-27 12:24:13.544  2747  2747 W System  : ClassLoader referenced unknown path: /system/priv-app/PrebuiltGmsCore/lib/x86
05-27 12:24:13.544  2747  2747 W System  : ClassLoader referenced unknown path: /system/priv-app/PrebuiltGmsCore/lib/x86
05-27 12:24:13.548  2747  2747 W System  : ClassLoader referenced unknown path: /system/priv-app/PrebuiltGmsCore/lib/x86
05-27 12:24:13.548  2747  2747 W System  : ClassLoader referenced unknown path: /system/priv-app/PrebuiltGmsCore/lib/x86
05-27 12:24:13.549  2197  2362 I Vision  : Supported ABIS: [x86]
05-27 12:24:13.550  2747  2747 W linker  : /data/user_de/0/com.google.android.gms/app_extracted_libs/x86/libconscrypt_gmscore_jni.so: unused DT entry: type 0xf arg 0x91
05-27 12:24:13.553  2747  2747 V NativeCrypto: Registering com/google/android/gms/org/conscrypt/NativeCrypto's 276 native methods...
05-27 12:24:13.560  2197  2197 I CmaSystemUpdateService: connectivity change: Intent { act=android.net.conn.CONNECTIVITY_CHANGE flg=0x4000010 (has extras) }
05-27 12:24:13.560  2197  2197 I CmaSystemUpdateService: receiver: Intent { act=android.net.conn.CONNECTIVITY_CHANGE flg=0x4000010 (has extras) }
05-27 12:24:13.566  2747  2747 D NetworkSecurityConfig: No Network Security Config specified, using platform default
05-27 12:24:13.567  2747  2747 I ProviderInstaller: Installed default security provider GmsCore_OpenSSL
05-27 12:24:13.589  2064  2899 I GCoreUlr: Starting service, intent=Intent { act=com.google.android.location.reporting.ACTION_UPDATE_WORLD cmp=com.google.android.gms/com.google.android.location.reporting.service.DispatchingService (has extras) }, extras=Bundle[{receiverAction=com.google.android.gms.location.init.INIT_ACTION, is_boot=true}]
05-27 12:24:13.605  2197  2774 I MS_RegisterService: Throttling registration.
05-27 12:24:13.606  2197  2741 I Wear_Controller: onStartup - Wear is not available on this device.
05-27 12:24:13.623  2747  2903 D Babel   : Idle: Shutdown runnable posted in release with a delay of 5000 ms.
05-27 12:24:13.633  2197  2375 I Vision  : Engine already satisfied by existing download for ocr
05-27 12:24:13.641  2064  2694 W ConfigurationChimeraPro: Got null configs for com.google.android.gms.tapandpay_legacy_gservices
05-27 12:24:13.674  2064  2064 E BluetoothAdapter: Bluetooth binder is null
05-27 12:24:13.684  2876  2905 W System  : ClassLoader referenced unknown path: /system/priv-app/PrebuiltGmsCore/lib/x86
05-27 12:24:13.691  2876  2905 W System  : ClassLoader referenced unknown path: /system/priv-app/PrebuiltGmsCore/lib/x86
05-27 12:24:13.691  2876  2905 W System  : ClassLoader referenced unknown path: /system/priv-app/PrebuiltGmsCore/lib/x86
05-27 12:24:13.693  2876  2905 W System  : ClassLoader referenced unknown path: /system/priv-app/PrebuiltGmsCore/lib/x86
05-27 12:24:13.694  2876  2905 W System  : ClassLoader referenced unknown path: /system/priv-app/PrebuiltGmsCore/lib/x86
05-27 12:24:13.696  2876  2905 W linker  : /data/user_de/0/com.google.android.gms/app_extracted_libs/x86/libconscrypt_gmscore_jni.so: unused DT entry: type 0xf arg 0x91
05-27 12:24:13.697  2876  2905 V NativeCrypto: Registering com/google/android/gms/org/conscrypt/NativeCrypto's 276 native methods...
05-27 12:24:13.702  2876  2905 D NetworkSecurityConfig: No Network Security Config specified, using platform default
05-27 12:24:13.702  2197  2341 I ProcessCheckinRequest: updateCheckinIdTokenFileFromResponse, Reading existing AID
05-27 12:24:13.703  2197  2341 I CheckinRequestBuilder: Checkin reason type: 1 attempt count: 1
05-27 12:24:13.703  2876  2905 I ProviderInstaller: Installed default security provider GmsCore_OpenSSL
05-27 12:24:13.703  2197  2341 E ActivityThread: Failed to find provider info for com.google.android.wearable.settings
05-27 12:24:13.706  2064  2064 I WearableService: Wearable Services not starting - Wear is not available on this device.
05-27 12:24:13.706  2064  2364 I GCoreUlr: WorldUpdater received intent Intent { act=com.google.android.location.reporting.ACTION_UPDATE_WORLD cmp=com.google.android.gms/com.google.android.location.reporting.service.DispatchingService (has extras) } with receiverAction com.google.android.gms.location.init.INIT_ACTION
05-27 12:24:13.708  2064  2077 D WearableService: onGetService - Wear is not available on this device.
05-27 12:24:13.711  2197  2881 E MDM     : [197] xet.run: Couldn't connect to Google API client: krr{statusCode=API_UNAVAILABLE, resolution=null, message=null}
05-27 12:24:13.721  2197  2341 I CheckinUtil: Classify the device as Phone.
05-27 12:24:13.725  2413  2469 D         : HostConnection::get() New Host Connection established 0x84dfe6c0, tid 2469
05-27 12:24:13.729  2197  2341 E ProcessCheckinRequest: CheckinNowTaskTag : Checkin Succeeded: https://android.clients.google.com/checkin (request #1): 
05-27 12:24:13.732  2413  2469 D EGL_emulation: eglCreateContext: 0xab105ba0: maj 2 min 0 rcv 2
05-27 12:24:13.734  2413  2469 D EGL_emulation: eglMakeCurrent: 0xab105ba0: ver 2 0 (tinfo 0x84dddb20)
05-27 12:24:13.739  2064  2919 I PaymentBundleManager: Maintaining payment bundles
05-27 12:24:13.740  2097  2107 I art     : Background partial concurrent mark sweep GC freed 3307(128KB) AllocSpace objects, 0(0B) LOS objects, 39% free, 4MB/7MB, paused 5.826ms total 13.150ms
05-27 12:24:13.744  2064  2919 I PaymentBundleManager: Finished maintaining payment bundles
05-27 12:24:13.756  2064  2364 I GCoreUlr: WorldUpdater:com.google.android.gms.location.init.INIT_ACTION: Ensuring that reporting is stopped because of reasons: (no Google accounts)
05-27 12:24:13.759  2064  2364 I GCoreUlr: Unbound from all location providers
05-27 12:24:13.759  2064  2364 I GCoreUlr: Place inference reporting - stop
05-27 12:24:13.763  2064  2064 I GCoreUlr: Stopping handler for UlrDispSvcFast
05-27 12:24:13.764  2064  2064 I GCoreUlr: Unbound from all location providers
05-27 12:24:13.764  2064  2064 I GCoreUlr: Place inference reporting - stop
05-27 12:24:13.770  2413  2469 D EGL_emulation: eglCreateContext: 0xab105de0: maj 2 min 0 rcv 2
05-27 12:24:13.772  2413  2469 D EGL_emulation: eglMakeCurrent: 0xab105de0: ver 2 0 (tinfo 0x84dddb20)
05-27 12:24:13.849  2413  2413 W IntentService[D: type=1400 audit(0.0:6): avc: denied { read } for name="/" dev="tmpfs" ino=4097 scontext=u:r:priv_app:s0:c512,c768 tcontext=u:object_r:device:s0 tclass=dir permissive=0
05-27 12:24:13.903  2876  2876 V MediaRouter: Adding route: RouteInfo{ name=Phone, description=null, status=null, category=RouteCategory{ name=null types=ROUTE_TYPE_LIVE_AUDIO ROUTE_TYPE_LIVE_VIDEO  groupable=false }, supportedTypes=ROUTE_TYPE_LIVE_AUDIO ROUTE_TYPE_LIVE_VIDEO , presentationDisplay=null }
05-27 12:24:13.904  2876  2876 V MediaRouter: Updating audio routes: AudioRoutesInfo{ type=SPEAKER }
05-27 12:24:13.905  2876  2876 V MediaRouter: Selecting route: RouteInfo{ name=Phone, description=null, status=null, category=RouteCategory{ name=null types=ROUTE_TYPE_LIVE_AUDIO ROUTE_TYPE_LIVE_VIDEO  groupable=false }, supportedTypes=ROUTE_TYPE_LIVE_AUDIO ROUTE_TYPE_LIVE_VIDEO , presentationDisplay=null }
05-27 12:24:13.917  2876  2936 W System  : ClassLoader referenced unknown path: 
05-27 12:24:13.917  2876  2936 W System  : ClassLoader referenced unknown path: /system/priv-app/PrebuiltGmsCore/lib/x86
05-27 12:24:13.971  2876  2876 W InstanceID/Rpc: Found 10013
05-27 12:24:13.973  2876  2936 W System  : ClassLoader referenced unknown path: /data/user_de/0/com.google.android.gms/app_chimera/m/00000002/n/x86
05-27 12:24:13.985  2078  2078 D MusicLifecycle: com.google.android.music.store.MediaStoreImportService$Receiver generated event: Broadcast received with context android.app.ReceiverRestrictedContext@994465c and intent Intent { act=android.intent.action.MEDIA_SCANNER_STARTED dat=file:///storage/emulated/0 flg=0x10 cmp=com.google.android.music/.store.MediaStoreImportService$Receiver }
05-27 12:24:13.985  2876  2876 V MediaRouter: Selecting route: RouteInfo{ name=Phone, description=null, status=null, category=RouteCategory{ name=null types=ROUTE_TYPE_LIVE_AUDIO ROUTE_TYPE_LIVE_VIDEO  groupable=false }, supportedTypes=ROUTE_TYPE_LIVE_AUDIO ROUTE_TYPE_LIVE_VIDEO , presentationDisplay=null }
05-27 12:24:13.987  2078  2078 D MusicLifecycle: com.google.android.music.store.MediaStoreImportService generated event: Service created
05-27 12:24:13.988  2078  2078 D MusicLifecycle: com.google.android.music.store.MediaStoreImportService generated event: Service destroyed
05-27 12:24:13.990  2876  2936 D DynamitePackage: Instantiated singleton DynamitePackage.
05-27 12:24:13.994  2876  2936 D DynamitePackage: Instantiating com.google.android.gms.ads.adshield.ChimeraAdShieldCreatorImpl
05-27 12:24:13.998  2078  2078 D MusicLifecycle: com.google.android.music.store.MediaStoreImportService$Receiver generated event: Broadcast received with context android.app.ReceiverRestrictedContext@994465c and intent Intent { act=android.intent.action.MEDIA_SCANNER_FINISHED dat=file:///storage/emulated/0 flg=0x10 cmp=com.google.android.music/.store.MediaStoreImportService$Receiver }
05-27 12:24:13.999  2078  2078 D MusicLifecycle: com.google.android.music.store.MediaStoreImportService generated event: Service created
05-27 12:24:14.027  1627  2167 W ActivityManager: Permission Denial: Accessing service ComponentInfo{com.google.android.music/com.google.android.music.dial.DialMediaRouteProviderService} from pid=2876, uid=10073 that is not exported from uid 10059
05-27 12:24:14.051  2876  2971 W MessageQueue: Handler (android.os.Handler) {a3353b0} sending message to a Handler on a dead thread
05-27 12:24:14.051  2876  2971 W MessageQueue: java.lang.IllegalStateException: Handler (android.os.Handler) {a3353b0} sending message to a Handler on a dead thread
05-27 12:24:14.051  2876  2971 W MessageQueue: 	at android.os.MessageQueue.enqueueMessage(MessageQueue.java:543)
05-27 12:24:14.051  2876  2971 W MessageQueue: 	at android.os.Handler.enqueueMessage(Handler.java:643)
05-27 12:24:14.051  2876  2971 W MessageQueue: 	at android.os.Handler.sendMessageAtTime(Handler.java:612)
05-27 12:24:14.051  2876  2971 W MessageQueue: 	at android.os.Handler.sendMessageDelayed(Handler.java:582)
05-27 12:24:14.051  2876  2971 W MessageQueue: 	at android.os.Handler.post(Handler.java:338)
05-27 12:24:14.051  2876  2971 W MessageQueue: 	at nos.b(SourceFile:353)
05-27 12:24:14.051  2876  2971 W MessageQueue: 	at vch.d(SourceFile:298)
05-27 12:24:14.051  2876  2971 W MessageQueue: 	at vch.a(SourceFile:166)
05-27 12:24:14.051  2876  2971 W MessageQueue: 	at vff.run(SourceFile:1431)
05-27 12:24:14.051  2876  2971 W MessageQueue: 	at android.os.Handler.handleCallback(Handler.java:751)
05-27 12:24:14.051  2876  2971 W MessageQueue: 	at android.os.Handler.dispatchMessage(Handler.java:95)
05-27 12:24:14.051  2876  2971 W MessageQueue: 	at android.os.Looper.loop(Looper.java:154)
05-27 12:24:14.051  2876  2971 W MessageQueue: 	at android.os.HandlerThread.run(HandlerThread.java:61)
05-27 12:24:14.052  2876  2971 W MessageQueue: Handler (android.os.Handler) {a3353b0} sending message to a Handler on a dead thread
05-27 12:24:14.052  2876  2971 W MessageQueue: java.lang.IllegalStateException: Handler (android.os.Handler) {a3353b0} sending message to a Handler on a dead thread
05-27 12:24:14.052  2876  2971 W MessageQueue: 	at android.os.MessageQueue.enqueueMessage(MessageQueue.java:543)
05-27 12:24:14.052  2876  2971 W MessageQueue: 	at android.os.Handler.enqueueMessage(Handler.java:643)
05-27 12:24:14.052  2876  2971 W MessageQueue: 	at android.os.Handler.sendMessageAtTime(Handler.java:612)
05-27 12:24:14.052  2876  2971 W MessageQueue: 	at android.os.Handler.sendMessageDelayed(Handler.java:582)
05-27 12:24:14.052  2876  2971 W MessageQueue: 	at android.os.Handler.post(Handler.java:338)
05-27 12:24:14.052  2876  2971 W MessageQueue: 	at nos.a(SourceFile:332)
05-27 12:24:14.052  2876  2971 W MessageQueue: 	at vch.a(SourceFile:167)
05-27 12:24:14.052  2876  2971 W MessageQueue: 	at vff.run(SourceFile:1431)
05-27 12:24:14.052  2876  2971 W MessageQueue: 	at android.os.Handler.handleCallback(Handler.java:751)
05-27 12:24:14.052  2876  2971 W MessageQueue: 	at android.os.Handler.dispatchMessage(Handler.java:95)
05-27 12:24:14.052  2876  2971 W MessageQueue: 	at android.os.Looper.loop(Looper.java:154)
05-27 12:24:14.052  2876  2971 W MessageQueue: 	at android.os.HandlerThread.run(HandlerThread.java:61)
05-27 12:24:14.058  2197  2373 I CastDatabase: Opening the database
