05-27 12:24:09.460  1709  1709 W StatusBar: 	at com.android.systemui.statusbar.phone.PhoneStatusBar.start(PhoneStatusBar.java:657)
05-27 12:24:09.460  1709  1709 W StatusBar: 	at com.android.systemui.statusbar.SystemBars.createStatusBarFromConfig(SystemBars.java:106)
05-27 12:24:09.460  1709  1709 W StatusBar: 	at com.android.systemui.statusbar.SystemBars.onNoService(SystemBars.java:58)
05-27 12:24:09.460  1709  1709 W StatusBar: 	at com.android.systemui.statusbar.ServiceMonitor.startService(ServiceMonitor.java:230)
05-27 12:24:09.460  1709  1709 W StatusBar: 	at com.android.systemui.statusbar.ServiceMonitor.-wrap5(ServiceMonitor.java)
05-27 12:24:09.460  1709  1709 W StatusBar: 	at com.android.systemui.statusbar.ServiceMonitor$1.handleMessage(ServiceMonitor.java:73)
05-27 12:24:09.460  1709  1709 W StatusBar: 	at android.os.Handler.dispatchMessage(Handler.java:102)
05-27 12:24:09.460  1709  1709 W StatusBar: 	at android.os.Looper.loop(Looper.java:154)
05-27 12:24:09.460  1709  1709 W StatusBar: 	at android.app.ActivityThread.main(ActivityThread.java:6077)
05-27 12:24:09.460  1709  1709 W StatusBar: 	at java.lang.reflect.Method.invoke(Native Method)
05-27 12:24:09.460  1709  1709 W StatusBar: 	at com.android.internal.os.ZygoteInit$MethodAndArgsCaller.run(ZygoteInit.java:866)
05-27 12:24:09.460  1709  1709 W StatusBar: 	at com.android.internal.os.ZygoteInit.main(ZygoteInit.java:756)
05-27 12:24:09.461  1627  1647 V PackageManager: reconcileAppsData finished 99 packages; restoreconNeeded was false
05-27 12:24:09.463  1820  1820 I Telephony: PstnIncomingCallNotifier: Unregistering: Handler (com.android.internal.telephony.GsmCdmaPhone) {5cc472f}
05-27 12:24:09.463  1820  1820 E PhoneInterfaceManager: [PhoneIntfMgr] getIccId: No UICC
05-27 12:24:09.465  1953  1953 I AlarmClock: AlarmInitReceiver android.intent.action.LOCKED_BOOT_COMPLETED
05-27 12:24:09.467  1627  1852 I Telecom : PhoneAccountRegistrar: [ComponentInfo{com.android.phone/com.android.services.telephony.TelephonyConnectionService}, [e0184adedf913b076626646d3f52c3b49c39ad6d], UserHandle{0}(addr: tel:************ -> tel:)(icon: Icon(typ=BITMAP size=50x63) -> Icon(typ=BITMAP size=50x63))(subAddr: tel:************ -> tel:)]: TSI.rPA@AAw
05-27 12:24:09.467  1627  1852 I Telecom : : Sending phone-account registered intent as user: TSI.rPA@AAw
05-27 12:24:09.470  1627  1637 I WindowManager: Destroying surface Surface(name=com.android.settings/com.android.settings.FallbackHome) called by com.android.server.wm.WindowStateAnimator.destroySurface:2016 com.android.server.wm.WindowStateAnimator.destroySurfaceLocked:882 com.android.server.wm.WindowState.removeLocked:1456 com.android.server.wm.WindowManagerService.removeWindowInnerLocked:2484 com.android.server.wm.WindowManagerService.removeWindowLocked:2442 com.android.server.wm.WindowManagerService.removeWindowLocked:2311 com.android.server.wm.WindowManagerService.removeWindow:2306 com.android.server.wm.Session.remove:202 
05-27 12:24:09.470  1820  1820 I Telephony: AccountEntry: Registered phoneAccount: [[ ] PhoneAccount: ComponentInfo{com.android.phone/com.android.services.telephony.TelephonyConnectionService}, [e0184adedf913b076626646d3f52c3b49c39ad6d], UserHandle{0} Capabilities: CallProvider MultiUser PlaceEmerg SimSub  Schemes: tel voicemail  Extras: null] with handle: ComponentInfo{com.android.phone/com.android.services.telephony.TelephonyConnectionService}, [e0184adedf913b076626646d3f52c3b49c39ad6d], UserHandle{0}
05-27 12:24:09.470  1820  1820 I Telephony: PstnIncomingCallNotifier: Registering: Handler (com.android.internal.telephony.GsmCdmaPhone) {5cc472f}
05-27 12:24:09.473  1986  1986 W System  : ClassLoader referenced unknown path: /system/priv-app/GoogleExtServices/lib/x86
05-27 12:24:09.477  1627  1627 I GnssLocationProvider: WakeLock acquired by sendMessage(12, 0, null)
05-27 12:24:09.478  1627  1639 I GnssLocationProvider: WakeLock released by handleMessage(12, 0, null)
05-27 12:24:09.478  1820  1820 I Telephony: PstnIncomingCallNotifier: Unregistering: Handler (com.android.internal.telephony.GsmCdmaPhone) {5cc472f}
05-27 12:24:09.479  1820  1820 E PhoneInterfaceManager: [PhoneIntfMgr] getIccId: No UICC
05-27 12:24:09.480  1627  1637 I Telecom : PhoneAccountRegistrar: [ComponentInfo{com.android.phone/com.android.services.telephony.TelephonyConnectionService}, [e0184adedf913b076626646d3f52c3b49c39ad6d], UserHandle{0}(icon: Icon(typ=BITMAP size=50x63) -> Icon(typ=BITMAP size=50x63))]: TSI.rPA@ABI
05-27 12:24:09.481  1627  1637 I Telecom : : Sending phone-account registered intent as user: TSI.rPA@ABI
05-27 12:24:09.486  1820  1820 I Telephony: AccountEntry: Registered phoneAccount: [[ ] PhoneAccount: ComponentInfo{com.android.phone/com.android.services.telephony.TelephonyConnectionService}, [e0184adedf913b076626646d3f52c3b49c39ad6d], UserHandle{0} Capabilities: CallProvider MultiUser PlaceEmerg SimSub  Schemes: tel voicemail  Extras: null] with handle: ComponentInfo{com.android.phone/com.android.services.telephony.TelephonyConnectionService}, [e0184adedf913b076626646d3f52c3b49c39ad6d], UserHandle{0}
05-27 12:24:09.486  1820  1820 I Telephony: PstnIncomingCallNotifier: Registering: Handler (com.android.internal.telephony.GsmCdmaPhone) {5cc472f}
05-27 12:24:09.496  1709  1709 I StatusBar: isKeyguardShowing() called before startKeyguard(), returning true
05-27 12:24:09.497  1709  1709 W StatusBar: isKeyguardSecure() called before startKeyguard(), returning false
05-27 12:24:09.497  1709  1709 W StatusBar: java.lang.Throwable
05-27 12:24:09.497  1709  1709 W StatusBar: 	at com.android.systemui.statusbar.BaseStatusBar.isKeyguardSecure(BaseStatusBar.java:2609)
05-27 12:24:09.497  1709  1709 W StatusBar: 	at com.android.systemui.statusbar.BaseStatusBar.isCameraAllowedByAdmin(BaseStatusBar.java:2632)
05-27 12:24:09.497  1709  1709 W StatusBar: 	at com.android.systemui.statusbar.phone.KeyguardBottomAreaView.updateCameraVisibility(KeyguardBottomAreaView.java:302)
05-27 12:24:09.497  1709  1709 W StatusBar: 	at com.android.systemui.statusbar.phone.KeyguardBottomAreaView.setUserSetupComplete(KeyguardBottomAreaView.java:274)
05-27 12:24:09.497  1709  1709 W StatusBar: 	at com.android.systemui.statusbar.phone.PhoneStatusBar$1.onChange(PhoneStatusBar.java:421)
05-27 12:24:09.497  1709  1709 W StatusBar: 	at com.android.systemui.statusbar.phone.PhoneStatusBar.resetUserSetupObserver(PhoneStatusBar.java:3474)
05-27 12:24:09.497  1709  1709 W StatusBar: 	at com.android.systemui.statusbar.phone.PhoneStatusBar.makeStatusBarView(PhoneStatusBar.java:948)
05-27 12:24:09.497  1709  1709 W StatusBar: 	at com.android.systemui.statusbar.phone.PhoneStatusBar.addStatusBarWindow(PhoneStatusBar.java:3248)
05-27 12:24:09.497  1709  1709 W StatusBar: 	at com.android.systemui.statusbar.phone.PhoneStatusBar.createAndAddWindows(PhoneStatusBar.java:3244)
05-27 12:24:09.497  1709  1709 W StatusBar: 	at com.android.systemui.statusbar.BaseStatusBar.start(BaseStatusBar.java:752)
05-27 12:24:09.497  1709  1709 W StatusBar: 	at com.android.systemui.statusbar.phone.PhoneStatusBar.start(PhoneStatusBar.java:657)
05-27 12:24:09.497  1709  1709 W StatusBar: 	at com.android.systemui.statusbar.SystemBars.createStatusBarFromConfig(SystemBars.java:106)
05-27 12:24:09.497  1709  1709 W StatusBar: 	at com.android.systemui.statusbar.SystemBars.onNoService(SystemBars.java:58)
05-27 12:24:09.497  1709  1709 W StatusBar: 	at com.android.systemui.statusbar.ServiceMonitor.startService(ServiceMonitor.java:230)
05-27 12:24:09.497  1709  1709 W StatusBar: 	at com.android.systemui.statusbar.ServiceMonitor.-wrap5(ServiceMonitor.java)
05-27 12:24:09.497  1709  1709 W StatusBar: 	at com.android.systemui.statusbar.ServiceMonitor$1.handleMessage(ServiceMonitor.java:73)
05-27 12:24:09.497  1709  1709 W StatusBar: 	at android.os.Handler.dispatchMessage(Handler.java:102)
05-27 12:24:09.497  1709  1709 W StatusBar: 	at android.os.Looper.loop(Looper.java:154)
05-27 12:24:09.497  1709  1709 W StatusBar: 	at android.app.ActivityThread.main(ActivityThread.java:6077)
05-27 12:24:09.497  1709  1709 W StatusBar: 	at java.lang.reflect.Method.invoke(Native Method)
05-27 12:24:09.497  1709  1709 W StatusBar: 	at com.android.internal.os.ZygoteInit$MethodAndArgsCaller.run(ZygoteInit.java:866)
05-27 12:24:09.497  1709  1709 W StatusBar: 	at com.android.internal.os.ZygoteInit.main(ZygoteInit.java:756)
05-27 12:24:09.498  1709  1915 D OpenGLRenderer: profile bars disabled
05-27 12:24:09.498  1709  1915 D OpenGLRenderer: ambientRatio = 1.50
05-27 12:24:09.502  1709  1709 D PhoneStatusBar: disable: < EXPAND* icons alerts system_info BACK* HOME* RECENT* clock SEARCH* quick_settings >
05-27 12:24:09.505  2022  2022 W art     : Unexpected CPU variant for X86 using defaults: x86
05-27 12:24:09.505  1627  1640 D MountService: onUnlockUser 0
05-27 12:24:09.505  1627  1640 D VoldConnector: SND -> {7 volume user_started 0}
05-27 12:24:09.506  1295  1332 D vold    : Linking /storage/emulated/0 to /mnt/user/0/primary
05-27 12:24:09.506  1627  1665 D VoldConnector: RCV <- {200 7 Command succeeded}
05-27 12:24:09.507  1627  1664 D MountService: Volume public:253,64 broadcasting mounted to UserHandle{0}
05-27 12:24:09.511  1694  1694 I InputAttributes: InputType.TYPE_NULL is specified
05-27 12:24:09.513  1627  1853 I ActivityManager: Start proc 2022:android.process.acore/u0a1 for content provider com.android.providers.contacts/.ContactsProvider2
05-27 12:24:09.514  1836  1896 D EGL_emulation: eglMakeCurrent: 0xab1050c0: ver 2 0 (tinfo 0xab103580)
05-27 12:24:09.514  1627  1664 D MountService: Volume emulated broadcasting mounted to UserHandle{0}
05-27 12:24:09.527  2022  2022 W System  : ClassLoader referenced unknown path: /system/priv-app/ContactsProvider/lib/x86
05-27 12:24:09.534  1820  1820 D MccTable: updateMccMncConfiguration mccmnc='310260' fromServiceState=false
05-27 12:24:09.534  1820  1820 D MccTable: updateMccMncConfiguration defaultMccMnc=310260
05-27 12:24:09.534  1820  1820 D MccTable: updateMccMncConfiguration: mcc=310, mnc=260
05-27 12:24:09.534  1820  1820 D MccTable: updateMccMncConfiguration updateConfig config={1.0 310mcc260mnc ?localeList ?layoutDir ?swdp ?wdp ?hdp ?density ?lsize ?long ?orien ?uimode ?night ?touch ?keyb/?/? ?nav/?}
05-27 12:24:09.541  1709  1709 D PhoneStatusBar: heads up is enabled
05-27 12:24:09.561  1627  1627 I GnssLocationProvider: WakeLock acquired by sendMessage(12, 0, null)
05-27 12:24:09.562  1627  1639 W GnssLocationProvider: Could not open GPS configuration file /etc/gps.conf
05-27 12:24:09.562  1627  1639 E GnssLocationProvider: no AGPS interface in set_agps_server
05-27 12:24:09.563  1627  1639 I GnssLocationProvider: WakeLock released by handleMessage(12, 0, null)
05-27 12:24:09.572  1627  1640 V BackupManagerService: No ancestral data
05-27 12:24:09.572  1342  1349 D gralloc_ranchu: gralloc_alloc: Creating ashmem region of size 8294400
05-27 12:24:09.577  1342  1350 D gralloc_ranchu: gralloc_alloc: Creating ashmem region of size 7753728
05-27 12:24:09.590  1627  1640 I BackupManagerService: Package com.myapp not installed; dropping from full backup
05-27 12:24:09.598  2022  2022 W System  : ClassLoader referenced unknown path: /system/priv-app/BlockedNumberProvider/lib/x86
05-27 12:24:09.609  1627  1640 V KeyValueBackupJob: Scheduling k/v pass in 245 minutes
05-27 12:24:09.612  2022  2022 W System  : ClassLoader referenced unknown path: /system/app/UserDictionaryProvider/lib/x86
05-27 12:24:09.622  1627  1730 V KeyguardServiceDelegate: **** SHOWN CALLED ****
05-27 12:24:09.636  1709  1709 W KeyguardUpdateMonitor: invalid subId in handleSimStateChange()
05-27 12:24:09.638  1627  1672 D WifiService: New client listening to asynchronous messages
05-27 12:24:09.641  1709  1709 D ViewRootImpl[StatusBar]: changeCanvasOpacity: opaque=true
05-27 12:24:09.644  2046  2046 W art     : Unexpected CPU variant for X86 using defaults: x86
05-27 12:24:09.650  1627  1637 I ActivityManager: Start proc 2046:android.process.media/u0a11 for broadcast com.android.providers.downloads/.DownloadReceiver
05-27 12:24:09.657  1627  1627 W IInputConnectionWrapper: reportFullscreenMode on inexistent InputConnection
05-27 12:24:09.662  1627  1641 W InputMethodManagerService: Starting input on non-focused client android.view.inputmethod.InputMethodManager$1@6d58188 (uid=1000 pid=1627)
05-27 12:24:09.663  1627  1647 I WindowManager: Destroying surface Surface(name=KeyguardScrim) called by com.android.server.wm.WindowStateAnimator.destroySurface:2016 com.android.server.wm.WindowStateAnimator.destroySurfaceLocked:882 com.android.server.wm.WindowState.destroyOrSaveSurface:2100 com.android.server.wm.WindowSurfacePlacer.performSurfacePlacementInner:429 com.android.server.wm.WindowSurfacePlacer.performSurfacePlacementLoop:232 com.android.server.wm.WindowSurfacePlacer.performSurfacePlacement:180 com.android.server.wm.WindowManagerService$H.handleMessage:8086 android.os.Handler.dispatchMessage:102 
05-27 12:24:09.664  1627  1647 D         : HostConnection::get() New Host Connection established 0x918db800, tid 1647
05-27 12:24:09.675  2046  2046 W System  : ClassLoader referenced unknown path: /system/priv-app/DownloadProvider/lib/x86
05-27 12:24:09.681  2046  2046 W System  : ClassLoader referenced unknown path: /system/priv-app/MediaProvider/lib/x86
05-27 12:24:09.698  2022  2042 I ContactLocale: AddressBook Labels [[en_US]]: [, A, B, C, D, E, F, G, H, I, J, K, L, M, N, O, P, Q, R, S, T, U, V, W, X, Y, Z, , , , , , , , , , , , , , , , , , , , , , , , , , , , , , , , , , , , , , , , , , , , , , , , , , , , , , , , , , , , , , , , , , , , , , , , , , , , , , , , , , , , , , , , , , , , , , , , , , , , , , , , , , , , , , , , , , , , , , , , , , , , , , , , , , , , , , , , , , , , , , , , , , , , , , , , , , , , , , , , , , , , , , , , , , , , , , , , , , , , , , , , , , , #, ]
05-27 12:24:09.716  1709  1915 D         : HostConnection::get() New Host Connection established 0x8b53c240, tid 1915
05-27 12:24:09.718  1709  1915 I OpenGLRenderer: Initialized EGL, version 1.4
05-27 12:24:09.719  1709  1915 D OpenGLRenderer: Swap behavior 1
05-27 12:24:09.719  1709  1915 W OpenGLRenderer: Failed to choose config with EGL_SWAP_BEHAVIOR_PRESERVED, retrying without...
05-27 12:24:09.719  1709  1915 D OpenGLRenderer: Swap behavior 0
05-27 12:24:09.727  1709  1915 D EGL_emulation: eglCreateContext: 0x9bcc1fc0: maj 2 min 0 rcv 2
05-27 12:24:09.729  1627  1627 I GnssLocationProvider: WakeLock acquired by sendMessage(12, 0, null)
05-27 12:24:09.729  1820  1820 D MccTable: updateMccMncConfiguration mccmnc='310260' fromServiceState=false
05-27 12:24:09.729  1820  1820 D MccTable: updateMccMncConfiguration defaultMccMnc=310260
05-27 12:24:09.729  1820  1820 D MccTable: updateMccMncConfiguration: mcc=310, mnc=260
05-27 12:24:09.729  1820  1820 D MccTable: updateMccMncConfiguration updateConfig config={1.0 310mcc260mnc ?localeList ?layoutDir ?swdp ?wdp ?hdp ?density ?lsize ?long ?orien ?uimode ?night ?touch ?keyb/?/? ?nav/?}
05-27 12:24:09.730  1627  1639 W GnssLocationProvider: Could not open GPS configuration file /etc/gps.conf
05-27 12:24:09.730  1627  1639 E GnssLocationProvider: no AGPS interface in set_agps_server
05-27 12:24:09.730  1627  1639 I GnssLocationProvider: WakeLock released by handleMessage(12, 0, null)
05-27 12:24:09.732  1709  1915 D EGL_emulation: eglMakeCurrent: 0x9bcc1fc0: ver 2 0 (tinfo 0xa74b0320)
05-27 12:24:09.740  1627  1640 V BackupManagerService: Starting with transport com.google.android.gms/.backup.BackupTransportService
05-27 12:24:09.740  1627  1640 V BackupManagerService: Found transports: 2
05-27 12:24:09.746  2064  2064 W art     : Unexpected CPU variant for X86 using defaults: x86
05-27 12:24:09.755  1627  1640 I ActivityManager: Start proc 2064:com.google.android.gms.persistent/u0a13 for service com.google.android.gms/.backup.BackupTransportService
05-27 12:24:09.755  1627  1640 I BackupManagerService: Found stale backup journal, scheduling
05-27 12:24:09.757  1627  1627 V BackupManagerService: Connected to transport ComponentInfo{android/com.android.internal.backup.LocalTransportService}
05-27 12:24:09.757  1627  1627 V BackupManagerService: Registering transport android/com.android.internal.backup.LocalTransportService::android/com.android.internal.backup.LocalTransport = android.app.backup.BackupTransport$TransportImpl@e2f7440
05-27 12:24:09.757  1627  1627 I GnssLocationProvider: WakeLock acquired by sendMessage(12, 0, null)
05-27 12:24:09.759  1627  1639 W GnssLocationProvider: Could not open GPS configuration file /etc/gps.conf
05-27 12:24:09.759  1627  1639 E GnssLocationProvider: no AGPS interface in set_agps_server
05-27 12:24:09.759  1627  1639 I GnssLocationProvider: WakeLock released by handleMessage(12, 0, null)
05-27 12:24:09.773  1627  1640 I BackupManagerService: Backup enabled => false
05-27 12:24:09.784  2064  2064 W System  : ClassLoader referenced unknown path: /system/priv-app/PrebuiltGmsCore/lib/x86
05-27 12:24:09.785  2046  2046 D MediaScannerReceiver: action: android.intent.action.MEDIA_MOUNTED path: /storage/160B-0914
05-27 12:24:09.790  2078  2078 W art     : Unexpected CPU variant for X86 using defaults: x86
05-27 12:24:09.798  1627  1852 I ActivityManager: Start proc 2078:com.google.android.music:main/u0a59 for broadcast com.google.android.music/.store.MediaStoreImportService$Receiver
05-27 12:24:09.805  2078  2078 W System  : ClassLoader referenced unknown path: /system/app/Music2/lib/x86
05-27 12:24:09.816  2078  2078 I MultiDex: VM with version 2.1.0 has multidex support
05-27 12:24:09.816  2078  2078 I MultiDex: install
05-27 12:24:09.816  2078  2078 I MultiDex: VM has multidex support, MultiDex support library is disabled.
05-27 12:24:09.837  2078  2078 I BaseStore: ConfigStore database version: 1
05-27 12:24:09.847  2078  2078 I BaseStore: Store database version: 135
05-27 12:24:09.863  2097  2097 W art     : Unexpected CPU variant for X86 using defaults: x86
05-27 12:24:09.871  1627  1853 I ActivityManager: Start proc 2097:com.google.process.gapps/u0a13 for content provider com.google.android.gsf/.gservices.GservicesProvider
05-27 12:24:09.875  1627  1637 I AccountManagerService: User 0 is unlocked - opening CE database
05-27 12:24:09.884  1820  1820 D CarrierConfigLoader: update config for phoneId: 0 simState: LOADED
05-27 12:24:09.884  1820  1820 D CarrierSvcBindHelper: update binding for phoneId: 0 simState: LOADED
05-27 12:24:09.887  1820  1820 D TelephonyProvider: subIdString = 1 subId = 1
05-27 12:24:09.903  1627  1640 I ActivityManager: Start proc 2111:com.google.android.googlequicksearchbox:interactor/u0a28 for service com.google.android.googlequicksearchbox/com.google.android.voiceinteraction.GsaVoiceInteractionService
05-27 12:24:09.904  1627  1640 I ActivityManager: Loading recents for user 0 into memory.
05-27 12:24:09.904  2111  2111 W art     : Unexpected CPU variant for X86 using defaults: x86
05-27 12:24:09.910  2097  2097 W System  : ClassLoader referenced unknown path: /system/priv-app/GoogleServicesFramework/lib/x86
05-27 12:24:09.918  2124  2124 W art     : Unexpected CPU variant for X86 using defaults: x86
05-27 12:24:09.923  1627  1639 I ActivityManager: Start proc 2124:com.android.printspooler/u0a67 for service com.android.printspooler/.model.PrintSpoolerService
05-27 12:24:09.923  1627  1640 D ActivityManager: Sending BOOT_COMPLETE user #0
05-27 12:24:09.934  2097  2097 I GservicesProvider: Gservices pushing to system: true; secure/global: true
05-27 12:24:09.937  2138  2138 W art     : Unexpected CPU variant for X86 using defaults: x86
05-27 12:24:09.944  1627  1685 I ActivityManager: Start proc 2138:com.android.keychain/1000 for service com.android.keychain/.KeyChainService
05-27 12:24:09.946  1836  1836 D FallbackHome: User unlocked and real home found; let's go!
05-27 12:24:09.946  2064  2064 I LoadedApk: No resource references to update in package FFFFFFFFFFFFFFFFFFFFFF
05-27 12:24:09.951  1627  1850 I ActivityManager: START u0 {act=android.intent.action.MAIN cat=[android.intent.category.HOME] flg=0x10000100 cmp=com.android.launcher3/.Launcher} from uid 0 on display 0
05-27 12:24:09.954  2138  2138 W System  : ClassLoader referenced unknown path: /system/app/KeyChain/lib/x86
05-27 12:24:09.957  2154  2154 W art     : Unexpected CPU variant for X86 using defaults: x86
05-27 12:24:09.965  1627  1850 I ActivityManager: Start proc 2154:com.android.launcher3/u0a19 for activity com.android.launcher3/.Launcher
05-27 12:24:09.973  1709  1709 W KeyguardUpdateMonitor: invalid subId in handleServiceStateChange()
05-27 12:24:09.975  1627  1639 W GnssLocationProvider: Could not open GPS configuration file /etc/gps.conf
05-27 12:24:09.975  1627  1639 E GnssLocationProvider: no AGPS interface in set_agps_server
05-27 12:24:09.977  2154  2154 W System  : ClassLoader referenced unknown path: /system/priv-app/Launcher3/lib/x86
05-27 12:24:09.980  1627  1627 I FusedLocation: engine stopped (com.android.location.fused)
05-27 12:24:09.989  1709  1709 W KeyguardUpdateMonitor: invalid subId in handleServiceStateChange()
05-27 12:24:09.989  1709  1709 W KeyguardUpdateMonitor: invalid subId in handleSimStateChange()
05-27 12:24:09.993  1820  1820 D TelephonyProvider: subIdString = 1 subId = 1
05-27 12:24:10.003  1709  1915 D EGL_emulation: eglMakeCurrent: 0x9bcc1fc0: ver 2 0 (tinfo 0xa74b0320)
05-27 12:24:10.041  1627  1627 I GnssLocationProvider: WakeLock acquired by sendMessage(12, 0, null)
05-27 12:24:10.042  1627  1639 W GnssLocationProvider: Could not open GPS configuration file /etc/gps.conf
05-27 12:24:10.043  1627  1639 E GnssLocationProvider: no AGPS interface in set_agps_server
05-27 12:24:10.043  1627  1639 I GnssLocationProvider: WakeLock released by handleMessage(12, 0, null)
05-27 12:24:10.052  1627  1627 I GnssLocationProvider: WakeLock acquired by sendMessage(12, 0, null)
05-27 12:24:10.053  1627  1639 W GnssLocationProvider: Could not open GPS configuration file /etc/gps.conf
05-27 12:24:10.054  1627  1639 E GnssLocationProvider: no AGPS interface in set_agps_server
05-27 12:24:10.054  1627  1639 I GnssLocationProvider: WakeLock released by handleMessage(12, 0, null)
05-27 12:24:10.056  2154  2154 V Launcher: LauncherAppState inited
05-27 12:24:10.062  2173  2173 W art     : Unexpected CPU variant for X86 using defaults: x86
05-27 12:24:10.062  2154  2154 D Launcher.Model: Old launcher provider: content://com.android.launcher2.settings/favorites?notify=true
05-27 12:24:10.063  2154  2154 D Launcher.Model: Old launcher provider does not exist.
05-27 12:24:10.069  1627  1850 I ActivityManager: Start proc 2173:com.google.android.googlequicksearchbox:search/u0a28 for service com.google.android.googlequicksearchbox/com.google.android.hotword.service.HotwordService
05-27 12:24:10.072  1709  1915 D EGL_emulation: eglMakeCurrent: 0x9bcc1fc0: ver 2 0 (tinfo 0xa74b0320)
05-27 12:24:10.072  1820  1820 I Telephony: PstnIncomingCallNotifier: Unregistering: Handler (com.android.internal.telephony.GsmCdmaPhone) {5cc472f}
05-27 12:24:10.080  2097  2097 I GoogleHttpClient: GMS http client unavailable, use old client
05-27 12:24:10.083  1709  1709 D PhoneStatusBar: disable: < expand* icons alerts system_info back* home* recent* clock search* quick_settings >
05-27 12:24:10.090  1627  2141 I Telecom : PhoneAccountRegistrar: New phone account registered: [[ ] PhoneAccount: ComponentInfo{com.android.phone/com.android.services.telephony.TelephonyConnectionService}, [e2f7d48dd2b5ca523e7313cf4ba0f6ea830b6281], UserHandle{0} Capabilities: CallProvider MultiUser PlaceEmerg SimSub  Schemes: tel voicemail  Extras: null]: TSI.rPA@ABg
05-27 12:24:10.090  1709  1709 W KeyguardUpdateMonitor: invalid subId in handleSimStateChange()
05-27 12:24:10.091  1627  2141 I Telecom : : Sending phone-account registered intent as user: TSI.rPA@ABg
05-27 12:24:10.091  1820  1820 I Telephony: AccountEntry: Registered phoneAccount: [[ ] PhoneAccount: ComponentInfo{com.android.phone/com.android.services.telephony.TelephonyConnectionService}, [e2f7d48dd2b5ca523e7313cf4ba0f6ea830b6281], UserHandle{0} Capabilities: CallProvider MultiUser PlaceEmerg SimSub  Schemes: tel voicemail  Extras: null] with handle: ComponentInfo{com.android.phone/com.android.services.telephony.TelephonyConnectionService}, [e2f7d48dd2b5ca523e7313cf4ba0f6ea830b6281], UserHandle{0}
05-27 12:24:10.091  1820  1820 I Telephony: PstnIncomingCallNotifier: Registering: Handler (com.android.internal.telephony.GsmCdmaPhone) {5cc472f}
05-27 12:24:10.095  1820  1820 I Telephony: TelecomAccountRegistry: Unregistering phone account ComponentInfo{com.android.phone/com.android.services.telephony.TelephonyConnectionService}, [e0184adedf913b076626646d3f52c3b49c39ad6d], UserHandle{0}.
05-27 12:24:10.096  1627  1852 I Telecom : : Sending phone-account unregistered intent as user: TSI.uPA@ABo
05-27 12:24:10.097  1820  1820 I Telephony: PstnIncomingCallNotifier: Unregistering: Handler (com.android.internal.telephony.GsmCdmaPhone) {5cc472f}
05-27 12:24:10.105  1627  2150 I Telecom : PhoneAccountRegistrar: [ComponentInfo{com.android.phone/com.android.services.telephony.TelephonyConnectionService}, [e2f7d48dd2b5ca523e7313cf4ba0f6ea830b6281], UserHandle{0}(icon: Icon(typ=BITMAP size=50x63) -> Icon(typ=BITMAP size=50x63))]: TSI.rPA@ABw
05-27 12:24:10.106  1627  2150 I Telecom : : Sending phone-account registered intent as user: TSI.rPA@ABw
05-27 12:24:10.107  1820  1820 I Telephony: AccountEntry: Registered phoneAccount: [[ ] PhoneAccount: ComponentInfo{com.android.phone/com.android.services.telephony.TelephonyConnectionService}, [e2f7d48dd2b5ca523e7313cf4ba0f6ea830b6281], UserHandle{0} Capabilities: CallProvider MultiUser PlaceEmerg SimSub  Schemes: tel voicemail  Extras: null] with handle: ComponentInfo{com.android.phone/com.android.services.telephony.TelephonyConnectionService}, [e2f7d48dd2b5ca523e7313cf4ba0f6ea830b6281], UserHandle{0}
05-27 12:24:10.107  1820  1820 I Telephony: PstnIncomingCallNotifier: Registering: Handler (com.android.internal.telephony.GsmCdmaPhone) {5cc472f}
05-27 12:24:10.153  1820  1820 I Telephony: PstnIncomingCallNotifier: Unregistering: Handler (com.android.internal.telephony.GsmCdmaPhone) {5cc472f}
05-27 12:24:10.155  1627  2150 I Telecom : PhoneAccountRegistrar: [ComponentInfo{com.android.phone/com.android.services.telephony.TelephonyConnectionService}, [e2f7d48dd2b5ca523e7313cf4ba0f6ea830b6281], UserHandle{0}(icon: Icon(typ=BITMAP size=50x63) -> Icon(typ=BITMAP size=50x63))]: TSI.rPA@AB8
05-27 12:24:10.155  1627  2150 I Telecom : : Sending phone-account registered intent as user: TSI.rPA@AB8
05-27 12:24:10.157  1820  1820 I Telephony: AccountEntry: Registered phoneAccount: [[ ] PhoneAccount: ComponentInfo{com.android.phone/com.android.services.telephony.TelephonyConnectionService}, [e2f7d48dd2b5ca523e7313cf4ba0f6ea830b6281], UserHandle{0} Capabilities: CallProvider MultiUser PlaceEmerg SimSub  Schemes: tel voicemail  Extras: null] with handle: ComponentInfo{com.android.phone/com.android.services.telephony.TelephonyConnectionService}, [e2f7d48dd2b5ca523e7313cf4ba0f6ea830b6281], UserHandle{0}
05-27 12:24:10.157  1820  1820 I Telephony: PstnIncomingCallNotifier: Registering: Handler (com.android.internal.telephony.GsmCdmaPhone) {5cc472f}
05-27 12:24:10.158  2064  2064 W System  : ClassLoader referenced unknown path: /system/priv-app/PrebuiltGmsCore/lib/x86
05-27 12:24:10.158  2064  2064 W System  : ClassLoader referenced unknown path: /system/priv-app/PrebuiltGmsCore/lib/x86
05-27 12:24:10.164  1820  1820 I Telephony: PstnIncomingCallNotifier: Unregistering: Handler (com.android.internal.telephony.GsmCdmaPhone) {5cc472f}
05-27 12:24:10.171  2064  2064 W System  : ClassLoader referenced unknown path: /system/priv-app/PrebuiltGmsCore/lib/x86
05-27 12:24:10.171  2064  2064 W System  : ClassLoader referenced unknown path: /system/priv-app/PrebuiltGmsCore/lib/x86
05-27 12:24:10.175  2154  2154 W System  : ClassLoader referenced unknown path: 
05-27 12:24:10.175  1627  2150 I Telecom : PhoneAccountRegistrar: [ComponentInfo{com.android.phone/com.android.services.telephony.TelephonyConnectionService}, [e2f7d48dd2b5ca523e7313cf4ba0f6ea830b6281], UserHandle{0}(icon: Icon(typ=BITMAP size=50x63) -> Icon(typ=BITMAP size=50x63))]: TSI.rPA@ACI
05-27 12:24:10.175  1627  2150 I Telecom : : Sending phone-account registered intent as user: TSI.rPA@ACI
05-27 12:24:10.180  1820  1820 I Telephony: AccountEntry: Registered phoneAccount: [[ ] PhoneAccount: ComponentInfo{com.android.phone/com.android.services.telephony.TelephonyConnectionService}, [e2f7d48dd2b5ca523e7313cf4ba0f6ea830b6281], UserHandle{0} Capabilities: CallProvider MultiUser PlaceEmerg SimSub  Schemes: tel voicemail  Extras: null] with handle: ComponentInfo{com.android.phone/com.android.services.telephony.TelephonyConnectionService}, [e2f7d48dd2b5ca523e7313cf4ba0f6ea830b6281], UserHandle{0}
05-27 12:24:10.180  1820  1820 I Telephony: PstnIncomingCallNotifier: Registering: Handler (com.android.internal.telephony.GsmCdmaPhone) {5cc472f}
05-27 12:24:10.184  1820  1820 D CarrierConfigLoader: mHandler: 7 phoneId: 0
05-27 12:24:10.187  1820  1820 D CarrierConfigLoader: Loaded config from XML. package=com.android.carrierconfig phoneId=0
05-27 12:24:10.187  1820  1820 D CarrierSvcBindHelper: mHandler: 0
05-27 12:24:10.187  1820  1820 D CarrierSvcBindHelper: Rebinding if necessary for phoneId: 0
05-27 12:24:10.188  1820  1820 D CarrierSvcBindHelper: No carrier app for: 0
05-27 12:24:10.191  1820  1820 D CarrierSvcBindHelper: Received android.intent.action.USER_UNLOCKED
05-27 12:24:10.192  1820  1820 D CarrierSvcBindHelper: No carrier app for: 0
05-27 12:24:10.193  2064  2064 W linker  : /data/user_de/0/com.google.android.gms/app_extracted_libs/x86/libconscrypt_gmscore_jni.so: unused DT entry: type 0xf arg 0x91
05-27 12:24:10.195  2064  2064 V NativeCrypto: Registering com/google/android/gms/org/conscrypt/NativeCrypto's 276 native methods...
05-27 12:24:10.198  1342  1382 E SurfaceFlinger: ro.sf.lcd_density must be defined as a build property
05-27 12:24:10.201  1342  1382 D gralloc_ranchu: gralloc_alloc: Creating ashmem region of size 9547776
05-27 12:24:10.209  2154  2154 D         : HostConnection::get() New Host Connection established 0xa0441ac0, tid 2154
05-27 12:24:10.211  1627  1639 W GnssLocationProvider: Could not open GPS configuration file /etc/gps.conf
05-27 12:24:10.211  1627  1639 E GnssLocationProvider: no AGPS interface in set_agps_server
05-27 12:24:10.214  2078  2078 I GoogleURLConnFactory: Using platform SSLCertificateSocketFactory
05-27 12:24:10.214  2078  2078 I GoogleHttpClient: Using GMS GoogleHttpClient
05-27 12:24:10.220  1820  1820 I Telephony: PstnIncomingCallNotifier: Unregistering: Handler (com.android.internal.telephony.GsmCdmaPhone) {5cc472f}
05-27 12:24:10.225  2064  2064 D NetworkSecurityConfig: No Network Security Config specified, using platform default
05-27 12:24:10.227  2078  2078 D NetworkSecurityConfig: No Network Security Config specified, using platform default
05-27 12:24:10.237  2064  2064 I ProviderInstaller: Installed default security provider GmsCore_OpenSSL
05-27 12:24:10.251  1627  2167 I Telecom : PhoneAccountRegistrar: [ComponentInfo{com.android.phone/com.android.services.telephony.TelephonyConnectionService}, [e2f7d48dd2b5ca523e7313cf4ba0f6ea830b6281], UserHandle{0}(icon: Icon(typ=BITMAP size=50x63) -> Icon(typ=BITMAP size=50x63))]: TSI.rPA@ACY
05-27 12:24:10.251  2078  2078 I GHttpClientFactory: Using our fixed implementation of GMSCore's GoogleHttpClient
05-27 12:24:10.252  1627  2167 I Telecom : : Sending phone-account registered intent as user: TSI.rPA@ACY
05-27 12:24:10.252  1820  1820 I Telephony: AccountEntry: Registered phoneAccount: [[ ] PhoneAccount: ComponentInfo{com.android.phone/com.android.services.telephony.TelephonyConnectionService}, [e2f7d48dd2b5ca523e7313cf4ba0f6ea830b6281], UserHandle{0} Capabilities: CallProvider MultiUser PlaceEmerg SimSub  Schemes: tel voicemail  Extras: null] with handle: ComponentInfo{com.android.phone/com.android.services.telephony.TelephonyConnectionService}, [e2f7d48dd2b5ca523e7313cf4ba0f6ea830b6281], UserHandle{0}
05-27 12:24:10.252  1820  1820 I Telephony: PstnIncomingCallNotifier: Registering: Handler (com.android.internal.telephony.GsmCdmaPhone) {5cc472f}
05-27 12:24:10.253  2078  2078 I GoogleURLConnFactory: Using platform SSLCertificateSocketFactory
05-27 12:24:10.263  2154  2194 D         : HostConnection::get() New Host Connection established 0xa0441fc0, tid 2194
05-27 12:24:10.267  2154  2194 I OpenGLRenderer: Initialized EGL, version 1.4
05-27 12:24:10.269  2154  2194 D OpenGLRenderer: Swap behavior 1
05-27 12:24:10.269  2154  2194 W OpenGLRenderer: Failed to choose config with EGL_SWAP_BEHAVIOR_PRESERVED, retrying without...
05-27 12:24:10.269  2154  2194 D OpenGLRenderer: Swap behavior 0
05-27 12:24:10.279  1820  1820 I Telephony: PstnIncomingCallNotifier: Unregistering: Handler (com.android.internal.telephony.GsmCdmaPhone) {5cc472f}
05-27 12:24:10.281  2154  2194 D EGL_emulation: eglCreateContext: 0xab1052a0: maj 2 min 0 rcv 2
05-27 12:24:10.287  1627  2150 I Telecom : PhoneAccountRegistrar: [ComponentInfo{com.android.phone/com.android.services.telephony.TelephonyConnectionService}, [e2f7d48dd2b5ca523e7313cf4ba0f6ea830b6281], UserHandle{0}(icon: Icon(typ=BITMAP size=50x63) -> Icon(typ=BITMAP size=50x63))]: TSI.rPA@ACk
05-27 12:24:10.288  1709  1915 D EGL_emulation: eglMakeCurrent: 0x9bcc1fc0: ver 2 0 (tinfo 0xa74b0320)
05-27 12:24:10.288  1627  2150 I Telecom : : Sending phone-account registered intent as user: TSI.rPA@ACk
05-27 12:24:10.291  2154  2194 D EGL_emulation: eglMakeCurrent: 0xab1052a0: ver 2 0 (tinfo 0xab103540)
05-27 12:24:10.291  1820  1820 I Telephony: AccountEntry: Registered phoneAccount: [[ ] PhoneAccount: ComponentInfo{com.android.phone/com.android.services.telephony.TelephonyConnectionService}, [e2f7d48dd2b5ca523e7313cf4ba0f6ea830b6281], UserHandle{0} Capabilities: CallProvider MultiUser PlaceEmerg SimSub  Schemes: tel voicemail  Extras: null] with handle: ComponentInfo{com.android.phone/com.android.services.telephony.TelephonyConnectionService}, [e2f7d48dd2b5ca523e7313cf4ba0f6ea830b6281], UserHandle{0}
05-27 12:24:10.291  1820  1820 I Telephony: PstnIncomingCallNotifier: Registering: Handler (com.android.internal.telephony.GsmCdmaPhone) {5cc472f}
05-27 12:24:10.296  1820  1820 I NotificationMgr: updateMwi(): subId 1 update to false
05-27 12:24:10.298  1627  1850 I Telecom : PhoneAccountRegistrar: [ComponentInfo{com.android.phone/com.android.services.telephony.TelephonyConnectionService}, [e2f7d48dd2b5ca523e7313cf4ba0f6ea830b6281], UserHandle{0}(icon: Icon(typ=BITMAP size=50x63) -> Icon(typ=BITMAP size=50x63))]: TSI.rPA@AC0
05-27 12:24:10.299  1627  1850 I Telecom : : Sending phone-account registered intent as user: TSI.rPA@AC0
05-27 12:24:10.303  1627  2141 I Telecom : PhoneAccountRegistrar: [ComponentInfo{com.android.phone/com.android.services.telephony.TelephonyConnectionService}, [e2f7d48dd2b5ca523e7313cf4ba0f6ea830b6281], UserHandle{0}(icon: Icon(typ=BITMAP size=50x63) -> Icon(typ=BITMAP size=50x63))]: TSI.rPA@AC8
05-27 12:24:10.303  1627  2141 I Telecom : : Sending phone-account registered intent as user: TSI.rPA@AC8
05-27 12:24:10.307  1627  2167 I Telecom : PhoneAccountRegistrar: [ComponentInfo{com.android.phone/com.android.services.telephony.TelephonyConnectionService}, [e2f7d48dd2b5ca523e7313cf4ba0f6ea830b6281], UserHandle{0}(icon: Icon(typ=BITMAP size=50x63) -> Icon(typ=BITMAP size=50x63))]: TSI.rPA@ADE
05-27 12:24:10.308  1627  2167 I Telecom : : Sending phone-account registered intent as user: TSI.rPA@ADE
05-27 12:24:10.314  1627  1850 I Telecom : PhoneAccountRegistrar: [ComponentInfo{com.android.phone/com.android.services.telephony.TelephonyConnectionService}, [e2f7d48dd2b5ca523e7313cf4ba0f6ea830b6281], UserHandle{0}(icon: Icon(typ=BITMAP size=50x63) -> Icon(typ=BITMAP size=50x63))]: TSI.rPA@ADM
05-27 12:24:10.315  1627  1850 I Telecom : : Sending phone-account registered intent as user: TSI.rPA@ADM
05-27 12:24:10.318  1820  1820 D CarrierConfigLoader: mHandler: 5 phoneId: 0
05-27 12:24:10.325  2154  2194 D EGL_emulation: eglMakeCurrent: 0xab1052a0: ver 2 0 (tinfo 0xab103540)
05-27 12:24:10.327  1627  1627 I Telecom : PhoneAccountRegistrar: SimCallManager queried, returning: null: TSI.gSCMFU@ADQ
05-27 12:24:10.336  1627  1853 I Telecom : PhoneAccountRegistrar: [ComponentInfo{com.android.phone/com.android.services.telephony.TelephonyConnectionService}, [e2f7d48dd2b5ca523e7313cf4ba0f6ea830b6281], UserHandle{0}(icon: Icon(typ=BITMAP size=50x63) -> Icon(typ=BITMAP size=50x63))]: TSI.rPA@ADY
05-27 12:24:10.337  1627  1853 I Telecom : : Sending phone-account registered intent as user: TSI.rPA@ADY
05-27 12:24:10.344  1627  1730 I Telecom : PhoneAccountRegistrar: [ComponentInfo{com.android.phone/com.android.services.telephony.TelephonyConnectionService}, [e2f7d48dd2b5ca523e7313cf4ba0f6ea830b6281], UserHandle{0}(icon: Icon(typ=BITMAP size=50x63) -> Icon(typ=BITMAP size=50x63))]: TSI.rPA@ADg
05-27 12:24:10.346  1627  1730 I Telecom : : Sending phone-account registered intent as user: TSI.rPA@ADg
05-27 12:24:10.352  1820  1820 D TelephonyProvider: subIdString = 1 subId = 1
05-27 12:24:10.355  2197  2197 W art     : Unexpected CPU variant for X86 using defaults: x86
05-27 12:24:10.363  1627  1850 I ActivityManager: Start proc 2197:com.google.android.gms/u0a13 for content provider com.google.android.gms/.chimera.container.GmsModuleProvider
05-27 12:24:10.388  1627  1647 I ActivityManager: Displayed com.android.launcher3/.Launcher: +435ms
05-27 12:24:10.394  1627  1852 D ConnectivityService: registerNetworkAgent NetworkAgentInfo{ ni{[type: MOBILE[LTE], state: CONNECTED/CONNECTED, reason: connected, extra: epc.tmobile.com, failover: false, available: true, roaming: false, metered: false]}  network{100}  nethandle{429513165534}  lp{{InterfaceName: eth0 LinkAddresses: [10.0.2.15/24,]  Routes: [0.0.0.0/0 -> 10.0.2.2 eth0,] DnsAddresses: [10.0.2.3,10.0.2.4,10.0.2.5,10.0.2.6,] Domains: null MTU: 1500 TcpBufferSizes: 524288,1048576,2097152,262144,524288,1048576}}  nc{[ Transports: CELLULAR Capabilities: MMS&SUPL&FOTA&IMS&CBS&IA&INTERNET&NOT_RESTRICTED&TRUSTED&NOT_VPN LinkUpBandwidth>=51200Kbps LinkDnBandwidth>=102400Kbps Specifier: <1>]}  Score{10}  everValidated{false}  lastValidated{false}  created{false} lingering{false} explicitlySelected{false} acceptUnvalidated{false} everCaptivePortalDetected{false} lastCaptivePortalDetected{false} }
05-27 12:24:10.394  1627  1677 D ConnectivityService: NetworkAgentInfo [MOBILE (LTE) - 100] EVENT_NETWORK_INFO_CHANGED, going from null to CONNECTED
05-27 12:24:10.395  1627  1677 D ConnectivityService: Adding iface eth0 to network 100
05-27 12:24:10.396  1836  1896 D EGL_emulation: eglMakeCurrent: 0xab1050c0: ver 2 0 (tinfo 0xab103580)
05-27 12:24:10.399  2197  2197 W System  : ClassLoader referenced unknown path: /system/priv-app/PrebuiltGmsCore/lib/x86
05-27 12:24:10.408  2197  2197 I LoadedApk: No resource references to update in package FFFFFFFFFFFFFFFFFFFFFF
05-27 12:24:10.410  1627  1677 D ConnectivityService: Setting DNS servers for network 100 to [/10.0.2.3, /10.0.2.4, /10.0.2.5, /10.0.2.6]
05-27 12:24:10.422  1627  1677 D ConnectivityService: Switching to new default network: NetworkAgentInfo{ ni{[type: MOBILE[LTE], state: CONNECTED/CONNECTED, reason: connected, extra: epc.tmobile.com, failover: false, available: true, roaming: false, metered: false]}  network{100}  nethandle{429513165534}  lp{{InterfaceName: eth0 LinkAddresses: [10.0.2.15/24,]  Routes: [0.0.0.0/0 -> 10.0.2.2 eth0,] DnsAddresses: [10.0.2.3,10.0.2.4,10.0.2.5,10.0.2.6,] Domains: null MTU: 1500 TcpBufferSizes: 524288,1048576,2097152,262144,524288,1048576}}  nc{[ Transports: CELLULAR Capabilities: MMS&SUPL&FOTA&IMS&CBS&IA&INTERNET&NOT_RESTRICTED&TRUSTED&NOT_VPN LinkUpBandwidth>=51200Kbps LinkDnBandwidth>=102400Kbps Specifier: <1>]}  Score{10}  everValidated{false}  lastValidated{false}  created{true} lingering{false} explicitlySelected{false} acceptUnvalidated{false} everCaptivePortalDetected{false} lastCaptivePortalDetected{false} }
05-27 12:24:10.426  2078  2078 D MusicLifecycle: com.google.android.music.MusicApplication generated event: Application created
05-27 12:24:10.441  1399  1625 V IdletimerController: runCmd(/system/bin/ip6tables -w -t raw -A idletimer_raw_PREROUTING -i eth0 -j IDLETIMER --timeout 10 --label 0 --send_nl_msg 1) res_ipv4=0, res_ipv6=0
05-27 12:24:10.442  2111  2111 W KeyphraseEnrollmentInfo: No Enrollment application supports the given keyphrase/locale
05-27 12:24:10.460  1399  1625 V IdletimerController: runCmd(/system/bin/ip6tables -w -t mangle -A idletimer_mangle_POSTROUTING -o eth0 -j IDLETIMER --timeout 10 --label 0 --send_nl_msg 1) res_ipv4=0, res_ipv6=0
05-27 12:24:10.463  2078  2078 W System  : ClassLoader referenced unknown path: /system/priv-app/PrebuiltGmsCore/lib/x86
05-27 12:24:10.468  1627  1677 D ConnectivityService: Sending CONNECTED broadcast for type 0 NetworkAgentInfo [MOBILE (LTE) - 100] isDefaultNetwork=true
05-27 12:24:10.468  1627  1690 I GnssLocationProvider: WakeLock acquired by sendMessage(5, 0, null)
05-27 12:24:10.468  1627  1690 I GnssLocationProvider: WakeLock acquired by sendMessage(6, 0, null)
05-27 12:24:10.469  1627  1639 I GnssLocationProvider: WakeLock acquired by handleInjectNtpTime()
05-27 12:24:10.469  1627  1639 I GnssLocationProvider: WakeLock released by handleMessage(5, 0, null)
05-27 12:24:10.469  1627  1639 I GnssLocationProvider: WakeLock released by handleMessage(6, 0, null)
05-27 12:24:10.474  2078  2078 W System  : ClassLoader referenced unknown path: /system/priv-app/PrebuiltGmsCore/lib/x86
05-27 12:24:10.475  2078  2078 W System  : ClassLoader referenced unknown path: /system/priv-app/PrebuiltGmsCore/lib/x86
05-27 12:24:10.479  2078  2078 W System  : ClassLoader referenced unknown path: /system/priv-app/PrebuiltGmsCore/lib/x86
05-27 12:24:10.479  2078  2078 W System  : ClassLoader referenced unknown path: /system/priv-app/PrebuiltGmsCore/lib/x86
05-27 12:24:10.480  2078  2078 W linker  : /data/user_de/0/com.google.android.gms/app_extracted_libs/x86/libconscrypt_gmscore_jni.so: unused DT entry: type 0xf arg 0x91
05-27 12:24:10.481  2078  2078 V NativeCrypto: Registering com/google/android/gms/org/conscrypt/NativeCrypto's 276 native methods...
05-27 12:24:10.488  2078  2078 I ProviderInstaller: Installed default security provider GmsCore_OpenSSL
05-27 12:24:10.488  2078  2078 D AndroidMusic: GMSCore installation verified
05-27 12:24:10.560  2064  2064 I DynamiteModule: Considering local module com.google.android.gms.googlecertificates:4 and remote module com.google.android.gms.googlecertificates:4
05-27 12:24:10.560  2064  2064 I DynamiteModule: Selected local version of com.google.android.gms.googlecertificates
05-27 12:24:10.570  2197  2197 W System  : ClassLoader referenced unknown path: /system/priv-app/PrebuiltGmsCore/lib/x86
05-27 12:24:10.571  2197  2197 W System  : ClassLoader referenced unknown path: /system/priv-app/PrebuiltGmsCore/lib/x86
05-27 12:24:10.572  2197  2197 W System  : ClassLoader referenced unknown path: /system/priv-app/PrebuiltGmsCore/lib/x86
05-27 12:24:10.572  2197  2197 W System  : ClassLoader referenced unknown path: /system/priv-app/PrebuiltGmsCore/lib/x86
05-27 12:24:10.573  2197  2197 W linker  : /data/user_de/0/com.google.android.gms/app_extracted_libs/x86/libconscrypt_gmscore_jni.so: unused DT entry: type 0xf arg 0x91
05-27 12:24:10.574  2197  2197 V NativeCrypto: Registering com/google/android/gms/org/conscrypt/NativeCrypto's 276 native methods...
05-27 12:24:10.579  2197  2197 D NetworkSecurityConfig: No Network Security Config specified, using platform default
05-27 12:24:10.581  2197  2197 I ProviderInstaller: Installed default security provider GmsCore_OpenSSL
05-27 12:24:10.590  2243  2243 W art     : Unexpected CPU variant for X86 using defaults: x86
05-27 12:24:10.595  1627  1852 I ActivityManager: Start proc 2243:com.google.android.partnersetup/u0a18 for content provider com.google.android.partnersetup/.RlzAppProvider
05-27 12:24:10.605  2243  2243 W System  : ClassLoader referenced unknown path: /system/priv-app/GooglePartnerSetup/lib/x86
05-27 12:24:10.623  2078  2078 V MediaRouter: Adding route: RouteInfo{ name=Phone, description=null, status=null, category=RouteCategory{ name=null types=ROUTE_TYPE_LIVE_AUDIO ROUTE_TYPE_LIVE_VIDEO  groupable=false }, supportedTypes=ROUTE_TYPE_LIVE_AUDIO ROUTE_TYPE_LIVE_VIDEO , presentationDisplay=null }
05-27 12:24:10.625  2078  2078 V MediaRouter: Updating audio routes: AudioRoutesInfo{ type=SPEAKER }
05-27 12:24:10.626  2078  2078 V MediaRouter: Selecting route: RouteInfo{ name=Phone, description=null, status=null, category=RouteCategory{ name=null types=ROUTE_TYPE_LIVE_AUDIO ROUTE_TYPE_LIVE_VIDEO  groupable=false }, supportedTypes=ROUTE_TYPE_LIVE_AUDIO ROUTE_TYPE_LIVE_VIDEO , presentationDisplay=null }
05-27 12:24:10.632  2078  2078 I MediaRouter: Found default route: MediaRouter.RouteInfo{ uniqueId=android/.support.v7.media.SystemMediaRouteProvider:DEFAULT_ROUTE, name=Phone, description=null, iconUri=null, enabled=true, connecting=false, connectionState=0, canDisconnect=false, playbackType=0, playbackStream=3, deviceType=0, volumeHandling=1, volume=11, volumeMax=15, presentationDisplayId=-1, extras=null, settingsIntent=null, providerPackageName=android }
05-27 12:24:10.642  1627  1647 I WindowManager: Destroying surface Surface(name=com.android.settings/com.android.settings.FallbackHome) called by com.android.server.wm.WindowStateAnimator.destroySurface:2016 com.android.server.wm.WindowStateAnimator.destroySurfaceLocked:882 com.android.server.wm.WindowState.destroyOrSaveSurface:2100 com.android.server.wm.AppWindowToken.destroySurfaces:363 com.android.server.wm.WindowStateAnimator.finishExit:565 com.android.server.wm.WindowStateAnimator.stepAnimationLocked:491 com.android.server.wm.WindowAnimator.updateWindowsLocked:303 com.android.server.wm.WindowAnimator.animateLocked:704 
05-27 12:24:10.658  2078  2078 D MusicLifecycle: com.google.android.music.store.MediaStoreImportService$Receiver generated event: Broadcast received with context android.app.ReceiverRestrictedContext@994465c and intent Intent { act=android.intent.action.MEDIA_MOUNTED dat=file:///storage/160B-0914 flg=0x4000010 cmp=com.google.android.music/.store.MediaStoreImportService$Receiver (has extras) }
05-27 12:24:10.664  2078  2078 D MusicLifecycle: com.google.android.music.net.NetworkMonitor generated event: Service created
05-27 12:24:10.665  2078  2078 I NetworkMonitor: type=MOBILE subType=LTE reason=connected isConnected=true
05-27 12:24:10.674  2046  2046 D MediaScannerReceiver: action: android.intent.action.MEDIA_MOUNTED path: /storage/emulated/0
05-27 12:24:10.684  2078  2078 D MusicLifecycle: com.google.android.music.preferences.MusicPreferenceService$MusicPreferenceServiceBinder generated event: Service created
05-27 12:24:10.684  2078  2078 D MusicLifecycle: com.google.android.music.preferences.MusicPreferenceService$MusicPreferenceServiceBinder generated event: Service destroyed
05-27 12:24:10.685  2078  2078 D MusicLifecycle: com.google.android.music.preferences.MusicPreferenceService$MusicPreferenceServiceBinder generated event: Service created
05-27 12:24:10.685  2078  2078 D MusicLifecycle: com.google.android.music.preferences.MusicPreferenceService$MusicPreferenceServiceBinder generated event: Service destroyed
05-27 12:24:10.686  2078  2078 D MusicLifecycle: com.google.android.music.download.cache.StorageMigrationService generated event: Service created
05-27 12:24:10.688  1627  1640 V ActivityManager: Attempted to start a foreground service (ComponentInfo{com.google.android.music/com.google.android.music.download.cache.StorageMigrationService}) with a broken notification (no icon: Notification(pri=0 contentView=null vibrate=null sound=null defaults=0x0 flags=0x40 color=0x00000000 vis=PRIVATE))
05-27 12:24:10.690  2078  2078 D MusicLifecycle: com.google.android.music.download.artwork.ArtDownloadService generated event: Service created
05-27 12:24:10.708  2078  2078 V MediaRouter: Selecting route: RouteInfo{ name=Phone, description=null, status=null, category=RouteCategory{ name=null types=ROUTE_TYPE_LIVE_AUDIO ROUTE_TYPE_LIVE_VIDEO  groupable=false }, supportedTypes=ROUTE_TYPE_LIVE_AUDIO ROUTE_TYPE_LIVE_VIDEO , presentationDisplay=null }
05-27 12:24:10.712  2078  2078 D MusicLifecycle: com.google.android.music.store.MediaStoreImportService generated event: Service created
05-27 12:24:10.713  2078  2078 D MusicLifecycle: com.google.android.music.preferences.MusicPreferenceService$MusicPreferenceServiceBinder generated event: Service created
05-27 12:24:10.714  2078  2078 D MusicLifecycle: com.google.android.music.store.MediaStoreImportService$Receiver generated event: Broadcast received with context android.app.ReceiverRestrictedContext@994465c and intent Intent { act=android.intent.action.MEDIA_MOUNTED dat=file:///storage/emulated/0 flg=0x4000010 cmp=com.google.android.music/.store.MediaStoreImportService$Receiver (has extras) }
05-27 12:24:10.717  2078  2078 D MusicLifecycle: com.google.android.music.net.NetworkMonitor$2 generated event: Broadcast received with context com.google.android.music.net.NetworkMonitor@b7176eb and intent Intent { act=android.net.conn.CONNECTIVITY_CHANGE flg=0x4000010 (has extras) }
05-27 12:24:10.717  2078  2078 I NetworkMonitor: type=MOBILE subType=LTE reason=connected isConnected=true
05-27 12:24:10.719  1938  1938 D CellBroadcastReceiver: Start Cell Broadcast configuration.
05-27 12:24:10.725  2277  2277 W art     : Unexpected CPU variant for X86 using defaults: x86
05-27 12:24:10.733  1627  1638 I ActivityManager: Start proc 2277:com.google.android.apps.messaging/u0a65 for broadcast com.google.android.apps.messaging/.shared.receiver.DefaultSmsSubscriptionChangeReceiver
