--------- beginning of main
05-27 12:24:03.480  1288  1288 W auditd  : type=2000 audit(0.0:1): initialized
05-27 12:24:03.980  1288  1288 I auditd  : type=1403 audit(0.0:2): policy loaded auid=4294967295 ses=4294967295
05-27 12:24:03.980  1288  1288 W auditd  : type=1404 audit(0.0:3): enforcing=1 old_enforcing=0 auid=4294967295 ses=4294967295
05-27 12:24:04.535  1294  1294 I         : debuggerd: starting
--------- beginning of system
05-27 12:24:04.545  1295  1295 I vold    : Vold 3.0 (the awakening) firing up
05-27 12:24:04.545  1295  1295 V vold    : Detected support for: ext4 vfat
05-27 12:24:04.808  1295  1300 D vold    : Recognized experimental block major ID 253 as virtio-blk (emulator's virtual SD card device)
05-27 12:24:04.808  1295  1300 V vold    : /system/bin/sgdisk
05-27 12:24:04.808  1295  1300 V vold    :     --android-dump
05-27 12:24:04.808  1295  1300 V vold    :     /dev/block/vold/disk:253,64
05-27 12:24:04.825  1295  1300 V vold    : DISK mbr
05-27 12:24:04.825  1295  1300 V vold    : 
05-27 12:24:04.825  1295  1300 W vold    : disk:253,64 has unknown partition table; trying entire device
05-27 12:24:04.825  1295  1300 V vold    : /system/bin/blkid
05-27 12:24:04.825  1295  1300 V vold    :     -c
05-27 12:24:04.825  1295  1300 V vold    :     /dev/null
05-27 12:24:04.825  1295  1300 V vold    :     -s
05-27 12:24:04.825  1295  1300 V vold    :     TYPE
05-27 12:24:04.825  1295  1300 V vold    :     -s
05-27 12:24:04.825  1295  1300 V vold    :     UUID
05-27 12:24:04.825  1295  1300 V vold    :     -s
05-27 12:24:04.825  1295  1300 V vold    :     LABEL
05-27 12:24:04.825  1295  1300 V vold    :     /dev/block/vold/disk:253,64
05-27 12:24:04.830  1295  1300 V vold    : /dev/block/vold/disk:253,64: LABEL="SDCARD" UUID="160B-0914" TYPE="vfat" 
05-27 12:24:04.830  1295  1300 V vold    : 
05-27 12:24:04.836  1295  1333 D vold    : e4crypt_init_user0
05-27 12:24:04.836  1295  1333 D vold    : e4crypt_prepare_user_storage for volume null, user 0, serial 0, flags 1
05-27 12:24:04.836  1295  1333 D vold    : Preparing: /data/system/users/0
05-27 12:24:04.836  1295  1333 D vold    : Preparing: /data/misc/profiles/cur/0
05-27 12:24:04.836  1295  1333 D vold    : Preparing: /data/misc/profiles/cur/0/foreign-dex
05-27 12:24:04.836  1295  1333 D vold    : Preparing: /data/system_de/0
05-27 12:24:04.836  1295  1333 D vold    : Preparing: /data/misc_de/0
05-27 12:24:04.836  1295  1333 D vold    : Preparing: /data/user_de/0
05-27 12:24:04.836  1295  1333 D vold    : e4crypt_unlock_user_key 0 serial=0 token_present=0
05-27 12:24:04.836  1295  1333 E vold    : Failed to chmod /data/system_ce/0: No such file or directory
05-27 12:24:04.836  1295  1333 E vold    : Failed to chmod /data/misc_ce/0: No such file or directory
05-27 12:24:04.836  1295  1333 E vold    : Failed to chmod /data/media/0: No such file or directory
05-27 12:24:04.836     1     1 I vdc     : 200 1296 Command succeeded
05-27 12:24:04.841  1334  1334 I /system/bin/tzdatacheck: tzdata file /data/misc/zoneinfo/current/tzdata does not exist. No action required.
05-27 12:24:04.853  1339  1339 I lowmemorykiller: Using in-kernel low memory killer interface
05-27 12:24:04.861  1295  1333 D VoldCryptCmdListener: cryptfs mountdefaultencrypted
05-27 12:24:04.863  1295  1344 I Cryptfs : cryptfs_check_passwd
05-27 12:24:04.865  1338  1338 I qemu-props: connected to 'boot-properties' qemud service.
05-27 12:24:04.865  1338  1338 I qemu-props: receiving..
05-27 12:24:04.865  1338  1338 I qemu-props: received: qemu.cmdline=androidboot.logcat=*:V androidboot.consolepipe=qemu_pipe,pipe:logcat
05-27 12:24:04.865  1295  1344 D Cryptfs : crypt_ftr->fs_size = 12582912
05-27 12:24:04.865  1295  1344 I Cryptfs : Using scrypt for cryptfs KDF
05-27 12:24:04.866  1338  1338 I qemu-props: receiving..
05-27 12:24:04.866  1338  1338 I qemu-props: received: qemu.logcat=start
05-27 12:24:04.868  1338  1338 I qemu-props: receiving..
05-27 12:24:04.868  1338  1338 I qemu-props: received: ro.opengles.version=131072
05-27 12:24:04.869  1338  1338 I qemu-props: receiving..
05-27 12:24:04.869  1338  1338 I qemu-props: received: qemu.sf.fake_camera=front
05-27 12:24:04.871  1338  1338 I qemu-props: receiving..
05-27 12:24:04.871  1338  1338 I qemu-props: received: qemu.adb.secure=1
05-27 12:24:04.874  1338  1338 I qemu-props: receiving..
05-27 12:24:04.874  1338  1338 I qemu-props: received: dalvik.vm.heapsize=384m
05-27 12:24:04.875  1338  1338 I qemu-props: receiving..
05-27 12:24:04.875  1338  1338 I qemu-props: received: qemu.hw.mainkeys=0
05-27 12:24:04.875  1338  1338 I qemu-props: receiving..
05-27 12:24:04.875  1338  1338 I qemu-props: received: qemu.sf.lcd_density=420
05-27 12:24:04.876  1338  1338 I qemu-props: receiving..
05-27 12:24:04.876  1338  1338 I qemu-props: received: qemu.timezone=Asia/Calcutta
05-27 12:24:04.876  1338  1338 I qemu-props: receiving..
05-27 12:24:04.876  1338  1338 I qemu-props: exiting (9 properties set).
05-27 12:24:04.893  1342  1342 I SurfaceFlinger: SurfaceFlinger is starting
05-27 12:24:04.894  1342  1342 I SurfaceFlinger: SurfaceFlinger's main thread ready to run. Initializing graphics H/W...
05-27 12:24:04.894  1342  1342 D libEGL  : Emulator has host GPU support, qemu.gles is set to 1.
05-27 12:24:04.894  1342  1342 E libEGL  : load_driver(/system/lib/egl/libGLES_emulation.so): dlopen failed: library "/system/lib/egl/libGLES_emulation.so" not found
05-27 12:24:04.897  1342  1342 D libEGL  : loaded /system/lib/egl/libEGL_emulation.so
05-27 12:24:04.898  1342  1342 D libEGL  : loaded /system/lib/egl/libGLESv1_CM_emulation.so
05-27 12:24:04.900  1342  1342 D libEGL  : loaded /system/lib/egl/libGLESv2_emulation.so
05-27 12:24:04.904  1342  1342 D         : HostConnection::get() New Host Connection established 0xb1c9b100, tid 1342
05-27 12:24:04.906  1342  1342 E SurfaceFlinger: hwcomposer module not found
05-27 12:24:04.906  1342  1342 I SurfaceFlinger: EGL information:
05-27 12:24:04.906  1342  1342 I SurfaceFlinger: vendor    : Android
05-27 12:24:04.906  1342  1342 I SurfaceFlinger: version   : 1.4 Android META-EGL
05-27 12:24:04.906  1342  1342 I SurfaceFlinger: extensions: EGL_KHR_get_all_proc_addresses EGL_ANDROID_presentation_time EGL_KHR_swap_buffers_with_damage EGL_ANDROID_create_native_client_buffer EGL_ANDROID_front_buffer_auto_refresh EGL_KHR_image EGL_KHR_image_base EGL_KHR_gl_texture_2D_image EGL_KHR_fence_sync EGL_ANDROID_image_native_buffer EGL_ANDROID_recordable 
05-27 12:24:04.906  1342  1342 I SurfaceFlinger: Client API: OpenGL_ES
05-27 12:24:04.906  1342  1342 I SurfaceFlinger: EGLSurface: 8-8-8-8, config=0x2
05-27 12:24:04.913  1342  1342 D EGL_emulation: eglCreateContext: 0xb1ca8480: maj 2 min 0 rcv 2
05-27 12:24:04.914  1342  1342 D EGL_emulation: eglMakeCurrent: 0xb1ca8480: ver 2 0 (tinfo 0xb1c9c6d0)
05-27 12:24:04.915  1342  1342 I SurfaceFlinger: OpenGL ES informations:
05-27 12:24:04.915  1342  1342 I SurfaceFlinger: vendor    : Google (Intel)
05-27 12:24:04.915  1342  1342 I SurfaceFlinger: renderer  : Android Emulator OpenGL ES Translator (Intel(R) UHD Graphics)
05-27 12:24:04.915  1342  1342 I SurfaceFlinger: version   : OpenGL ES 2.0 (4.5.0 - Build 27.20.100.9664)
05-27 12:24:04.915  1342  1342 I SurfaceFlinger: extensions: GL_EXT_debug_marker GL_OES_EGL_sync GL_OES_EGL_image GL_OES_EGL_image_external GL_OES_depth24 GL_OES_depth32 GL_OES_element_index_uint GL_OES_texture_float GL_OES_texture_float_linear GL_OES_compressed_ETC1_RGB8_texture GL_OES_depth_texture GL_OES_texture_half_float GL_OES_texture_half_float_linear GL_OES_packed_depth_stencil GL_OES_texture_npot GL_OES_rgb8_rgba8 GL_EXT_color_buffer_half_float GL_EXT_texture_format_BGRA8888 ANDROID_EMU_CHECKSUM_HELPER_v1 ANDROID_EMU_dma_v1 ANDROID_EMU_sync_buffer_data GL_OES_vertex_array_object GL_KHR_texture_compression_astc_ldr ANDROID_EMU_host_side_tracing ANDROID_EMU_gles_max_version_2 
05-27 12:24:04.915  1342  1342 I SurfaceFlinger: GL_MAX_TEXTURE_SIZE = 16384
05-27 12:24:04.915  1342  1342 I SurfaceFlinger: GL_MAX_VIEWPORT_DIMS = 16384
05-27 12:24:04.916  1342  1342 D gralloc_ranchu: gralloc_alloc: Creating ashmem region of size 4096
05-27 12:24:04.927  1342  1342 D EGL_emulation: eglMakeCurrent: 0xb1ca8480: ver 2 0 (tinfo 0xb1c9c6d0)
05-27 12:24:04.929  1342  1342 D SurfaceFlinger: Set power mode=2, type=0 flinger=0xb1cb0000
05-27 12:24:04.971  1295  1344 I Cryptfs : Enabling support for allow_discards in dmcrypt.
05-27 12:24:04.974  1295  1300 D vold    : Disk at 252:0 changed
05-27 12:24:04.982  1342  1349 E SurfaceFlinger: ro.sf.lcd_density must be defined as a build property
05-27 12:24:05.066  1295  1344 I Cryptfs : Password matches
05-27 12:24:05.066  1295  1344 D Cryptfs : test_mount_encrypted_fs(): Master key saved
05-27 12:24:05.067  1295  1344 I Cryptfs : keymaster module name is Keymaster OpenSSL HAL
05-27 12:24:05.067  1295  1344 I Cryptfs : keymaster version is 2
05-27 12:24:05.067  1295  1344 I Cryptfs : Found keymaster0 module, using keymaster0 API.
05-27 12:24:05.067  1295  1344 D Cryptfs : Password is default - restarting filesystem
05-27 12:24:05.067  1295  1344 D Cryptfs : unmounting /data succeeded
05-27 12:24:05.145  1342  1342 D SurfaceFlinger: shader cache generated - 24 shaders in 211.682495 ms
05-27 12:24:05.156  1342  1342 D gralloc_ranchu: gralloc_alloc: Creating ashmem region of size 4096
05-27 12:24:05.168  1358  1374 D libEGL  : Emulator has host GPU support, qemu.gles is set to 1.
05-27 12:24:05.168  1358  1374 E libEGL  : load_driver(/system/lib/egl/libGLES_emulation.so): dlopen failed: library "/system/lib/egl/libGLES_emulation.so" not found
05-27 12:24:05.169  1358  1374 D libEGL  : loaded /system/lib/egl/libEGL_emulation.so
05-27 12:24:05.169  1358  1374 D libEGL  : loaded /system/lib/egl/libGLESv1_CM_emulation.so
05-27 12:24:05.171  1358  1374 D libEGL  : loaded /system/lib/egl/libGLESv2_emulation.so
05-27 12:24:05.174  1358  1374 D         : HostConnection::get() New Host Connection established 0xa7b8c100, tid 1374
05-27 12:24:05.175  1342  1350 D         : HostConnection::get() New Host Connection established 0xb1c9ba80, tid 1350
05-27 12:24:05.184  1358  1374 D EGL_emulation: eglCreateContext: 0xa7b93000: maj 1 min 0 rcv 1
05-27 12:24:05.251  1295  1344 D Cryptfs : Just triggered post_fs_data
05-27 12:24:05.275  1295  1333 D vold    : e4crypt_init_user0
05-27 12:24:05.276  1295  1333 D vold    : e4crypt_prepare_user_storage for volume null, user 0, serial 0, flags 1
05-27 12:24:05.276  1295  1333 D vold    : Preparing: /data/system/users/0
05-27 12:24:05.276  1295  1333 D vold    : Preparing: /data/misc/profiles/cur/0
05-27 12:24:05.276  1295  1333 D vold    : Preparing: /data/misc/profiles/cur/0/foreign-dex
05-27 12:24:05.276  1295  1333 D vold    : Preparing: /data/system_de/0
05-27 12:24:05.277  1295  1333 D vold    : Preparing: /data/misc_de/0
05-27 12:24:05.277  1295  1333 D vold    : Preparing: /data/user_de/0
05-27 12:24:05.277  1295  1333 D vold    : e4crypt_unlock_user_key 0 serial=0 token_present=0
05-27 12:24:05.278     1     1 I vdc     : 200 1386 Command succeeded
05-27 12:24:05.282  1387  1387 I /system/bin/tzdatacheck: tzdata file /data/misc/zoneinfo/current/tzdata does not exist. No action required.
05-27 12:24:05.289  1388  1388 I bootstat: Service started: /system/bin/bootstat -r post_decrypt_time_elapsed 
05-27 12:24:05.303  1295  1344 D Cryptfs : post_fs_data done
05-27 12:24:05.303  1295  1344 D Cryptfs : Just triggered restart_framework
05-27 12:24:05.352  1395  1395 I mediacodec: @@@ mediacodecservice starting
05-27 12:24:05.352  1391  1391 I cameraserver: ServiceManager: 0xb5d9af80
05-27 12:24:05.352  1395  1395 W         : No seccomp filter defined for this architecture.
05-27 12:24:05.352  1391  1391 I CameraService: CameraService started (pid=1391)
05-27 12:24:05.352  1391  1391 I CameraService: CameraService process starting
05-27 12:24:05.352  1391  1391 W BatteryNotifier: batterystats service unavailable!
05-27 12:24:05.352  1391  1391 W BatteryNotifier: batterystats service unavailable!
05-27 12:24:05.356  1391  1391 D EmulatedCamera_QemuClient: Emulated camera list: name=virtualscene channel=0 pix=876758866 dir=back framedims=640x480,352x288,320x240,176x144,1280x720,1280x960
05-27 12:24:05.356  1391  1391 V EmulatedCamera_QemuCamera: Initialize:
05-27 12:24:05.356  1391  1391 V EmulatedCamera_QemuCamera:    Name=virtualscene
05-27 12:24:05.356  1391  1391 V EmulatedCamera_QemuCamera:    Facing 'back'
05-27 12:24:05.356  1391  1391 V EmulatedCamera_QemuCamera:    Dimensions=640x480,352x288,320x240,176x144,1280x720,1280x960
05-27 12:24:05.356  1391  1391 V EmulatedCamera_QemuDevice: Initialize: Connected to the emulated camera service 'virtualscene'
05-27 12:24:05.357  1391  1391 V EmulatedCamera_Device: initializeWhiteBalanceModes with auto, 1.000000, 1.000000
05-27 12:24:05.357  1391  1391 V EmulatedCamera_Device: initializeWhiteBalanceModes with incandescent, 1.380000, 0.600000
05-27 12:24:05.357  1391  1391 V EmulatedCamera_Device: initializeWhiteBalanceModes with daylight, 1.090000, 0.920000
05-27 12:24:05.358  1391  1391 V EmulatedCamera_Device: initializeWhiteBalanceModes with twilight, 0.920000, 1.220000
05-27 12:24:05.358  1391  1391 V EmulatedCamera_Device: setWhiteBalanceMode with white balance auto
05-27 12:24:05.358  1391  1391 E EmulatedCamera_QemuCamera: Initialize: 640x480
05-27 12:24:05.358  1391  1391 E EmulatedCamera_QemuCamera: Initialize: 352x288
05-27 12:24:05.358  1391  1391 E EmulatedCamera_QemuCamera: Initialize: 320x240
05-27 12:24:05.358  1391  1391 E EmulatedCamera_QemuCamera: Initialize: 176x144
05-27 12:24:05.358  1391  1391 E EmulatedCamera_QemuCamera: Initialize: 1280x720
05-27 12:24:05.358  1391  1391 E EmulatedCamera_QemuCamera: Initialize: 1280x960
05-27 12:24:05.358  1391  1391 V EmulatedCamera_QemuCamera: Initialize: Qemu camera virtualscene is initialized. Current frame is 640x480
05-27 12:24:05.358  1391  1391 D EmulatedCamera_FakeCamera: Initialize: Fake camera is facing front
05-27 12:24:05.358  1391  1391 V EmulatedCamera_Device: initializeWhiteBalanceModes with auto, 1.000000, 1.000000
05-27 12:24:05.358  1391  1391 V EmulatedCamera_Device: initializeWhiteBalanceModes with incandescent, 1.380000, 0.600000
05-27 12:24:05.358  1391  1391 V EmulatedCamera_Device: initializeWhiteBalanceModes with daylight, 1.090000, 0.920000
05-27 12:24:05.358  1391  1391 V EmulatedCamera_Device: initializeWhiteBalanceModes with twilight, 0.920000, 1.220000
05-27 12:24:05.358  1391  1391 V EmulatedCamera_Device: setWhiteBalanceMode with white balance auto
05-27 12:24:05.358  1391  1391 E EmulatedCamera_Factory: 2 cameras are being emulated. 0 of them are fake cameras.
05-27 12:24:05.358  1391  1391 E EmulatedCamera_HotplugThread: createFileIfNotExists: Could not create file '/data/misc/media/emulator.camera.hotplug.0', error: 'Permission denied' (13)
05-27 12:24:05.358  1391  1391 E EmulatedCamera_HotplugThread: createFileIfNotExists: Could not create file '/data/misc/media/emulator.camera.hotplug.1', error: 'Permission denied' (13)
05-27 12:24:05.358  1391  1391 I CameraService: Loaded "Emulated Camera Module" camera module
05-27 12:24:05.358  1391  1391 E CameraService: setUpVendorTags: Vendor tag operations not fully defined. Ignoring definitions.
05-27 12:24:05.358  1391  1391 V EmulatedCamera_Camera: getCameraInfo
05-27 12:24:05.359  1391  1391 V EmulatedCamera_BaseCamera: getCameraInfo
05-27 12:24:05.359  1391  1391 I CameraFlashlight: Opening camera 0
05-27 12:24:05.359  1391  1391 V EmulatedCamera_Camera: getCameraInfo
05-27 12:24:05.359  1391  1391 V EmulatedCamera_BaseCamera: getCameraInfo
05-27 12:24:05.359  1391  1391 V EmulatedCamera_Camera: connectCamera
05-27 12:24:05.359  1391  1391 V EmulatedCamera_QemuDevice: connectDevice
05-27 12:24:05.359  1391  1391 V EmulatedCamera_QemuDevice: connectDevice: Connected to device 'virtualscene'
05-27 12:24:05.359  1391  1391 V EmulatedCamera_CallbackNotifier: setCallbacks: 0xb66b4eb0, 0xb66b4f00, 0xb66b5020, 0xb66b5140 (0xb5dc30a0)
05-27 12:24:05.359  1391  1391 V EmulatedCamera_Preview: setPreviewWindow: current: 0x0 -> new: 0xb5dc30b0
05-27 12:24:05.359  1391  1391 V EmulatedCamera_Preview: setPreviewWindow: current: 0xb5dc30b0 -> new: 0x0
05-27 12:24:05.359  1391  1391 V EmulatedCamera_Camera: doStopPreview
05-27 12:24:05.359  1391  1391 V EmulatedCamera_Preview: setPreviewWindow: current: 0x0 -> new: 0x0
05-27 12:24:05.359  1391  1391 V EmulatedCamera_Camera: releaseCamera
05-27 12:24:05.359  1391  1391 V EmulatedCamera_Camera: doStopPreview
05-27 12:24:05.359  1391  1391 V EmulatedCamera_QemuDevice: disconnectDevice
05-27 12:24:05.359  1391  1391 V EmulatedCamera_QemuDevice: disconnectDevice: Disonnected from device 'virtualscene'
05-27 12:24:05.359  1391  1391 V EmulatedCamera_Device: initializeWhiteBalanceModes with auto, 1.000000, 1.000000
05-27 12:24:05.359  1391  1391 V EmulatedCamera_Device: initializeWhiteBalanceModes with incandescent, 1.380000, 0.600000
05-27 12:24:05.359  1391  1391 V EmulatedCamera_Device: initializeWhiteBalanceModes with daylight, 1.090000, 0.920000
05-27 12:24:05.359  1391  1391 V EmulatedCamera_Device: initializeWhiteBalanceModes with twilight, 0.920000, 1.220000
05-27 12:24:05.359  1391  1391 V EmulatedCamera_Device: setWhiteBalanceMode with white balance auto
05-27 12:24:05.359  1391  1391 I CameraFlashlight: Destroying camera 0
05-27 12:24:05.359  1391  1391 V EmulatedCamera_Camera: closeCamera
05-27 12:24:05.359  1391  1391 V EmulatedCamera_Camera: doStopPreview
05-27 12:24:05.359  1391  1391 V EmulatedCamera_Device: initializeWhiteBalanceModes with auto, 1.000000, 1.000000
05-27 12:24:05.359  1391  1391 V EmulatedCamera_Device: initializeWhiteBalanceModes with incandescent, 1.380000, 0.600000
05-27 12:24:05.359  1391  1391 V EmulatedCamera_Device: initializeWhiteBalanceModes with daylight, 1.090000, 0.920000
05-27 12:24:05.359  1391  1391 V EmulatedCamera_Device: initializeWhiteBalanceModes with twilight, 0.920000, 1.220000
05-27 12:24:05.359  1391  1391 V EmulatedCamera_Device: setWhiteBalanceMode with white balance auto
05-27 12:24:05.360  1391  1391 V EmulatedCamera_Camera: getCameraInfo
05-27 12:24:05.360  1391  1391 V EmulatedCamera_BaseCamera: getCameraInfo
05-27 12:24:05.360  1391  1391 I CameraFlashlight: Opening camera 1
05-27 12:24:05.360  1391  1391 V EmulatedCamera_Camera: getCameraInfo
05-27 12:24:05.360  1391  1391 V EmulatedCamera_BaseCamera: getCameraInfo
05-27 12:24:05.360  1391  1391 V EmulatedCamera_Camera: connectCamera
05-27 12:24:05.360  1391  1391 V EmulatedCamera_FakeDevice: connectDevice
05-27 12:24:05.360  1391  1391 V EmulatedCamera_CallbackNotifier: setCallbacks: 0xb66b4eb0, 0xb66b4f00, 0xb66b5020, 0xb66b5140 (0xb5dc30a0)
05-27 12:24:05.360  1391  1391 V EmulatedCamera_Preview: setPreviewWindow: current: 0x0 -> new: 0xb5dc30b0
05-27 12:24:05.360  1391  1391 V EmulatedCamera_Preview: setPreviewWindow: current: 0xb5dc30b0 -> new: 0x0
05-27 12:24:05.360  1391  1391 V EmulatedCamera_Camera: doStopPreview
05-27 12:24:05.360  1391  1391 V EmulatedCamera_Preview: setPreviewWindow: current: 0x0 -> new: 0x0
05-27 12:24:05.360  1391  1391 V EmulatedCamera_Camera: releaseCamera
05-27 12:24:05.360  1391  1391 V EmulatedCamera_Camera: doStopPreview
05-27 12:24:05.360  1391  1391 V EmulatedCamera_FakeDevice: disconnectDevice
05-27 12:24:05.360  1391  1391 W EmulatedCamera_Device: Initialize: Emulated camera device is already initialized: mState = 1
05-27 12:24:05.360  1391  1391 D EmulatedCamera_FakeCamera: Initialize: Fake camera is facing front
05-27 12:24:05.360  1391  1391 V EmulatedCamera_Device: initializeWhiteBalanceModes with auto, 1.000000, 1.000000
05-27 12:24:05.360  1391  1391 V EmulatedCamera_Device: initializeWhiteBalanceModes with incandescent, 1.380000, 0.600000
05-27 12:24:05.360  1391  1391 V EmulatedCamera_Device: initializeWhiteBalanceModes with daylight, 1.090000, 0.920000
05-27 12:24:05.360  1391  1391 V EmulatedCamera_Device: initializeWhiteBalanceModes with twilight, 0.920000, 1.220000
05-27 12:24:05.360  1391  1391 V EmulatedCamera_Device: setWhiteBalanceMode with white balance auto
05-27 12:24:05.360  1391  1391 I CameraFlashlight: Destroying camera 1
05-27 12:24:05.360  1391  1391 V EmulatedCamera_Camera: closeCamera
05-27 12:24:05.360  1391  1391 V EmulatedCamera_Camera: doStopPreview
05-27 12:24:05.360  1391  1391 W EmulatedCamera_Device: Initialize: Emulated camera device is already initialized: mState = 1
05-27 12:24:05.361  1391  1391 D EmulatedCamera_FakeCamera: Initialize: Fake camera is facing front
05-27 12:24:05.361  1391  1391 V EmulatedCamera_Device: initializeWhiteBalanceModes with auto, 1.000000, 1.000000
05-27 12:24:05.361  1391  1391 V EmulatedCamera_Device: initializeWhiteBalanceModes with incandescent, 1.380000, 0.600000
05-27 12:24:05.361  1391  1391 V EmulatedCamera_Device: initializeWhiteBalanceModes with daylight, 1.090000, 0.920000
05-27 12:24:05.361  1391  1391 V EmulatedCamera_Device: initializeWhiteBalanceModes with twilight, 0.920000, 1.220000
05-27 12:24:05.361  1391  1391 V EmulatedCamera_Device: setWhiteBalanceMode with white balance auto
05-27 12:24:05.361  1391  1391 V EmulatedCamera_Camera: getCameraInfo
05-27 12:24:05.361  1391  1391 V EmulatedCamera_BaseCamera: getCameraInfo
05-27 12:24:05.361  1391  1391 V EmulatedCamera_Camera: getCameraInfo
05-27 12:24:05.361  1391  1391 V EmulatedCamera_BaseCamera: getCameraInfo
05-27 12:24:05.361  1391  1391 I ServiceManager: Waiting for service media.camera.proxy...
05-27 12:24:05.391  1390  1390 I         : sMaxFastTracks = 8
05-27 12:24:05.391  1390  1390 I audioserver: ServiceManager: 0xb5c1af80
05-27 12:24:05.391  1390  1390 W BatteryNotifier: batterystats service unavailable!
05-27 12:24:05.391  1390  1390 I AudioFlinger: Using default 3000 mSec as standby time.
05-27 12:24:05.393  1390  1390 I AudioPolicyService: AudioPolicyService CSTOR in new mode
05-27 12:24:05.400  1358  1374 D EGL_emulation: eglMakeCurrent: 0xa7b93000: ver 1 0 (tinfo 0xa7b8b090)
05-27 12:24:05.400  1390  1390 I APM::ConfigParsingUtils: loadAudioPolicyConfig() loaded /system/etc/audio_policy.conf
05-27 12:24:05.412  1390  1390 D audio_hw_generic: Emulator host-side ALSA audio emulation detected.
05-27 12:24:05.412  1390  1390 D audio_hw_generic: mixer 0 name Master Playback Volume
05-27 12:24:05.412  1390  1390 D audio_hw_generic: set ctl 0 to 100
05-27 12:24:05.412  1390  1390 D audio_hw_generic: set ctl 1 to 100
05-27 12:24:05.412  1390  1390 D audio_hw_generic: mixer 1 name Master Playback Switch
05-27 12:24:05.412  1390  1390 D audio_hw_generic: set ctl 0 to 1
05-27 12:24:05.412  1390  1390 D audio_hw_generic: set ctl 1 to 1
05-27 12:24:05.413  1390  1390 D audio_hw_generic: mixer 2 name Capture Volume
05-27 12:24:05.413  1390  1390 D audio_hw_generic: set ctl 0 to 100
05-27 12:24:05.413  1390  1390 D audio_hw_generic: set ctl 1 to 100
05-27 12:24:05.413  1390  1390 D audio_hw_generic: mixer 3 name Capture Switch
05-27 12:24:05.413  1390  1390 D audio_hw_generic: set ctl 0 to 1
05-27 12:24:05.413  1390  1390 D audio_hw_generic: set ctl 1 to 1
05-27 12:24:05.413  1390  1390 D audio_hw_generic: mixer 4 name Line Phantom Jack
05-27 12:24:05.413  1390  1390 D audio_hw_generic: mixer 5 name Line Out Phantom Jack
05-27 12:24:05.413  1390  1390 D audio_hw_generic: mixer 6 name Playback Channel Map
05-27 12:24:05.413  1390  1390 D audio_hw_generic: mixer 7 name Capture Channel Map
05-27 12:24:05.413  1390  1390 I AudioFlinger: loadHwModule() Loaded primary audio interface from Generic audio HW HAL (audio) handle 10
05-27 12:24:05.413  1390  1390 I AudioFlinger: openOutput(), module 10 Device 2, SamplingRate 48000, Format 0x000001, Channels 3, flags 2
05-27 12:24:05.413  1390  1390 I AudioFlinger: HAL output buffer size 720 frames, normal sink buffer size 1152 frames
05-27 12:24:05.421  1390  1390 I BufferProvider: found effect "Multichannel Downmix To Stereo" from The Android Open Source Project
05-27 12:24:05.421  1390  1390 I AudioFlinger: Using module 10 has the primary audio interface
05-27 12:24:05.421  1390  1411 I AudioFlinger: AudioFlinger's thread 0xb5683b40 ready to run
05-27 12:24:05.421  1390  1411 W BatteryNotifier: batterystats service unavailable!
05-27 12:24:05.422  1390  1411 W BatteryNotifier: batterystats service unavailable!
05-27 12:24:05.423  1390  1411 W BatteryNotifier: batterystats service unavailable!
05-27 12:24:05.423  1390  1411 W AudioFlinger: no wake lock to update, system not ready yet
05-27 12:24:05.426  1397  1397 V MediaUtils: physMem: 1587765248
05-27 12:24:05.426  1397  1397 V MediaUtils: requested limit: 317553040
05-27 12:24:05.426  1397  1397 V MediaUtils: actual limit: 317553040
05-27 12:24:05.426  1397  1397 V MediaUtils: original limits: 4294967295/4294967295
05-27 12:24:05.426  1397  1397 V MediaUtils: new limits: 317553040/4294967295
05-27 12:24:05.426  1397  1397 W /system/bin/mediaextractor: libminijail: allowing syscall: socketcall
05-27 12:24:05.426  1397  1397 W /system/bin/mediaextractor: libminijail: allowing syscall: writev
05-27 12:24:05.426  1397  1397 W /system/bin/mediaextractor: libminijail: allowing syscall: fcntl64
05-27 12:24:05.426  1397  1397 W /system/bin/mediaextractor: libminijail: allowing syscall: clock_gettime
05-27 12:24:05.427  1397  1397 W /system/bin/mediaextractor: libminijail: logging seccomp filter failures
05-27 12:24:05.436  1390  1413 I AudioFlinger: AudioFlinger's thread 0xb5183480 ready to run
05-27 12:24:05.438  1390  1390 I r_submix: adev_open(name=audio_hw_if)
05-27 12:24:05.438  1390  1390 I r_submix: adev_init_check()
05-27 12:24:05.438  1390  1390 I AudioFlinger: loadHwModule() Loaded r_submix audio interface from Wifi Display audio HAL (audio) handle 18
05-27 12:24:05.438  1390  1390 D r_submix: adev_open_input_stream(addr=0)
05-27 12:24:05.438  1390  1390 D r_submix: submix_audio_device_create_pipe_l(addr=0, idx=9)
05-27 12:24:05.438  1390  1390 D r_submix:   now using address 0 for route 9
05-27 12:24:05.438  1390  1415 I AudioFlinger: AudioFlinger's thread 0xb5283900 ready to run
05-27 12:24:05.438  1390  1390 D r_submix: adev_close_input_stream()
05-27 12:24:05.439  1390  1390 D r_submix: submix_audio_device_release_pipe_l(idx=9) addr=0
05-27 12:24:05.439  1390  1390 D r_submix: submix_audio_device_destroy_pipe_l(): pipe destroyed
05-27 12:24:05.439  1390  1390 I RadioService: RadioService
05-27 12:24:05.439  1390  1390 I RadioService: onFirstRef
05-27 12:24:05.439  1390  1390 E RadioService: couldn't load radio module radio.primary (No such file or directory)
05-27 12:24:05.439  1390  1390 E SoundTriggerHwService: couldn't load sound trigger module sound_trigger.primary (No such file or directory)
05-27 12:24:05.440  1396  1396 I mediaserver: ServiceManager: 0xb4e3c000
05-27 12:24:05.440  1398  1398 I mediaserver: ServiceManager: 0xb32bc000
05-27 12:24:05.441  1398  1398 W BatteryNotifier: batterystats service unavailable!
05-27 12:24:05.456  1393  1393 I         : installd firing up
05-27 12:24:05.459  1402  1402 I fingerprintd: Starting fingerprintd
05-27 12:24:05.463  1403  1403 I gatekeeperd: Starting gatekeeperd...
05-27 12:24:05.463  1403  1403 W gatekeeperd: falling back to software GateKeeper
05-27 12:24:05.468  1394  1394 I keystore: Found keymaster0 module Keymaster OpenSSL HAL, version 2
05-27 12:24:05.468  1394  1394 I SoftKeymaster: system/keymaster/soft_keymaster_device.cpp, Line 131: Creating device
05-27 12:24:05.468  1394  1394 D SoftKeymaster: system/keymaster/soft_keymaster_device.cpp, Line 132: Device address: 0xabe30000
05-27 12:24:05.468  1394  1394 I keystore: Keymaster0 module is software-only.  Using SoftKeymasterDevice instead.
05-27 12:24:05.468  1394  1394 I SoftKeymaster: system/keymaster/soft_keymaster_device.cpp, Line 131: Creating device
05-27 12:24:05.468  1394  1394 D SoftKeymaster: system/keymaster/soft_keymaster_device.cpp, Line 132: Device address: 0xabe30200
05-27 12:24:05.486  1399  1399 I Netd    : Netd 1.0 starting
05-27 12:24:05.487  1399  1399 D TetherController: Setting IP forward enable = 0
05-27 12:24:05.546  1342  1349 D         : HostConnection::get() New Host Connection established 0xb1a1c0c0, tid 1349
05-27 12:24:05.669  1389  1389 D AndroidRuntime: >>>>>> START com.android.internal.os.ZygoteInit uid 0 <<<<<<
05-27 12:24:05.674  1389  1389 D AndroidRuntime: CheckJNI is OFF
05-27 12:24:05.675  1389  1389 I art     : option[0]=-Xzygote
05-27 12:24:05.675  1389  1389 I art     : option[1]=-Xstacktracefile:/data/anr/traces.txt
05-27 12:24:05.675  1389  1389 I art     : option[2]=exit
05-27 12:24:05.675  1389  1389 I art     : option[3]=vfprintf
05-27 12:24:05.675  1389  1389 I art     : option[4]=sensitiveThread
05-27 12:24:05.675  1389  1389 I art     : option[5]=-verbose:gc
05-27 12:24:05.675  1389  1389 I art     : option[6]=-Xms4m
05-27 12:24:05.675  1389  1389 I art     : option[7]=-Xmx384m
05-27 12:24:05.675  1389  1389 I art     : option[8]=-Xusejit:true
05-27 12:24:05.675  1389  1389 I art     : option[9]=-Xjitsaveprofilinginfo
05-27 12:24:05.676  1389  1389 I art     : option[10]=-agentlib:jdwp=transport=dt_android_adb,suspend=n,server=y
05-27 12:24:05.676  1389  1389 I art     : option[11]=-Ximage-compiler-option
05-27 12:24:05.676  1389  1389 I art     : option[12]=--runtime-arg
05-27 12:24:05.676  1389  1389 I art     : option[13]=-Ximage-compiler-option
05-27 12:24:05.676  1389  1389 I art     : option[14]=-Xms64m
05-27 12:24:05.676  1389  1389 I art     : option[15]=-Ximage-compiler-option
05-27 12:24:05.676  1389  1389 I art     : option[16]=--runtime-arg
05-27 12:24:05.676  1389  1389 I art     : option[17]=-Ximage-compiler-option
05-27 12:24:05.676  1389  1389 I art     : option[18]=-Xmx64m
05-27 12:24:05.676  1389  1389 I art     : option[19]=-Ximage-compiler-option
05-27 12:24:05.676  1389  1389 I art     : option[20]=--image-classes=/system/etc/preloaded-classes
05-27 12:24:05.676  1389  1389 I art     : option[21]=-Ximage-compiler-option
05-27 12:24:05.676  1389  1389 I art     : option[22]=--compiled-classes=/system/etc/compiled-classes
05-27 12:24:05.676  1389  1389 I art     : option[23]=-Xcompiler-option
05-27 12:24:05.676  1389  1389 I art     : option[24]=--runtime-arg
05-27 12:24:05.676  1389  1389 I art     : option[25]=-Xcompiler-option
05-27 12:24:05.676  1389  1389 I art     : option[26]=-Xms64m
05-27 12:24:05.676  1389  1389 I art     : option[27]=-Xcompiler-option
05-27 12:24:05.676  1389  1389 I art     : option[28]=--runtime-arg
05-27 12:24:05.676  1389  1389 I art     : option[29]=-Xcompiler-option
05-27 12:24:05.676  1389  1389 I art     : option[30]=-Xmx512m
05-27 12:24:05.676  1389  1389 I art     : option[31]=-Ximage-compiler-option
05-27 12:24:05.676  1389  1389 I art     : option[32]=--instruction-set-variant=x86
05-27 12:24:05.676  1389  1389 I art     : option[33]=-Xcompiler-option
05-27 12:24:05.676  1389  1389 I art     : option[34]=--instruction-set-variant=x86
05-27 12:24:05.676  1389  1389 I art     : option[35]=-Ximage-compiler-option
05-27 12:24:05.676  1389  1389 I art     : option[36]=--instruction-set-features=default
05-27 12:24:05.676  1389  1389 I art     : option[37]=-Xcompiler-option
05-27 12:24:05.676  1389  1389 I art     : option[38]=--instruction-set-features=default
05-27 12:24:05.676  1389  1389 I art     : option[39]=-Duser.locale=en-US
05-27 12:24:05.676  1389  1389 I art     : option[40]=--cpu-abilist=x86
05-27 12:24:05.676  1389  1389 I art     : option[41]=-Xfingerprint:google/sdk_google_phone_x86/generic_x86:7.0/NYC/4409132:user/release-keys
05-27 12:24:05.794  1389  1389 D ICU     : No timezone override file found: /data/misc/zoneinfo/current/icu/icu_tzdata.dat
05-27 12:24:05.826  1399  1399 I iptables: iptables v1.4.20: Couldn't find target `fw_dozable'
05-27 12:24:05.826  1399  1399 I iptables: 
05-27 12:24:05.826  1399  1399 I iptables: Try `iptables -h' or 'iptables --help' for more information.
05-27 12:24:05.826  1399  1399 I iptables: iptables terminated by exit(2)
05-27 12:24:05.826  1399  1399 E Netd    : exec() res=0, status=512 for /system/bin/iptables -w -t filter -D fw_INPUT -j fw_dozable 
05-27 12:24:05.828  1399  1399 I ip6tables: ip6tables v1.4.20: Couldn't find target `fw_dozable'
05-27 12:24:05.828  1399  1399 I ip6tables: 
05-27 12:24:05.828  1399  1399 I ip6tables: Try `ip6tables -h' or 'ip6tables --help' for more information.
05-27 12:24:05.828  1399  1399 I ip6tables: ip6tables terminated by exit(2)
05-27 12:24:05.828  1399  1399 E Netd    : exec() res=0, status=512 for /system/bin/ip6tables -w -t filter -D fw_INPUT -j fw_dozable 
05-27 12:24:05.834  1399  1399 I iptables: iptables v1.4.20: Couldn't find target `fw_standby'
05-27 12:24:05.834  1399  1399 I iptables: 
05-27 12:24:05.834  1399  1399 I iptables: Try `iptables -h' or 'iptables --help' for more information.
05-27 12:24:05.834  1399  1399 I iptables: iptables terminated by exit(2)
05-27 12:24:05.834  1399  1399 E Netd    : exec() res=0, status=512 for /system/bin/iptables -w -t filter -D fw_INPUT -j fw_standby 
05-27 12:24:05.836  1399  1399 I ip6tables: ip6tables v1.4.20: Couldn't find target `fw_standby'
05-27 12:24:05.836  1399  1399 I ip6tables: 
05-27 12:24:05.836  1399  1399 I ip6tables: Try `ip6tables -h' or 'ip6tables --help' for more information.
05-27 12:24:05.836  1399  1399 I ip6tables: ip6tables terminated by exit(2)
05-27 12:24:05.836  1399  1399 E Netd    : exec() res=0, status=512 for /system/bin/ip6tables -w -t filter -D fw_INPUT -j fw_standby 
05-27 12:24:05.843  1399  1399 I iptables: iptables v1.4.20: Couldn't find target `fw_powersave'
05-27 12:24:05.843  1399  1399 I iptables: 
05-27 12:24:05.843  1399  1399 I iptables: Try `iptables -h' or 'iptables --help' for more information.
05-27 12:24:05.843  1399  1399 I iptables: iptables terminated by exit(2)
05-27 12:24:05.843  1399  1399 E Netd    : exec() res=0, status=512 for /system/bin/iptables -w -t filter -D fw_INPUT -j fw_powersave 
05-27 12:24:05.844  1399  1399 I ip6tables: ip6tables v1.4.20: Couldn't find target `fw_powersave'
05-27 12:24:05.845  1399  1399 I ip6tables: 
05-27 12:24:05.845  1399  1399 I ip6tables: Try `ip6tables -h' or 'ip6tables --help' for more information.
05-27 12:24:05.845  1399  1399 I ip6tables: ip6tables terminated by exit(2)
05-27 12:24:05.845  1399  1399 E Netd    : exec() res=0, status=512 for /system/bin/ip6tables -w -t filter -D fw_INPUT -j fw_powersave 
05-27 12:24:05.853  1399  1399 V NatController: runCmd(/system/bin/iptables -w -F natctrl_FORWARD) res=0
05-27 12:24:05.855  1399  1399 V NatController: runCmd(/system/bin/iptables -w -A natctrl_FORWARD -j DROP) res=0
05-27 12:24:05.856  1399  1399 V NatController: runCmd(/system/bin/iptables -w -t nat -F natctrl_nat_POSTROUTING) res=0
05-27 12:24:05.858  1399  1399 V NatController: runCmd(/system/bin/iptables -w -F natctrl_tether_counters) res=1
05-27 12:24:05.860  1399  1399 V NatController: runCmd(/system/bin/iptables -w -X natctrl_tether_counters) res=1
05-27 12:24:05.862  1399  1399 V NatController: runCmd(/system/bin/iptables -w -N natctrl_tether_counters) res=0
05-27 12:24:05.863  1399  1399 V NatController: runCmd(/system/bin/iptables -w -t mangle -A natctrl_mangle_FORWARD -p tcp --tcp-flags SYN SYN -j TCPMSS --clamp-mss-to-pmtu) res=0
05-27 12:24:05.868  1389  1389 E memtrack: Couldn't load memtrack module (No such file or directory)
05-27 12:24:05.868  1389  1389 E android.os.Debug: failed to load memtrack module: -2
05-27 12:24:05.868  1389  1389 I Radio-JNI: register_android_hardware_Radio DONE
05-27 12:24:05.873  1389  1389 I SamplingProfilerIntegration: Profiling disabled.
05-27 12:24:05.873  1389  1389 D Zygote  : begin preload
05-27 12:24:05.873  1389  1389 I Zygote  : Installing ICU cache reference pinning...
05-27 12:24:05.873  1389  1389 I Zygote  : Preloading ICU data...
05-27 12:24:05.889  1389  1389 I Zygote  : Preloading classes...
05-27 12:24:05.944  1389  1389 E Typeface: Error mapping font file /system/fonts/DroidSansFallback.ttf
05-27 12:24:05.967  1399  1399 E Netd    : cannot find interface dummy0
05-27 12:24:05.968  1399  1399 D MDnsDS  : MDnsSdListener::Hander starting up
05-27 12:24:05.970  1399  1621 D MDnsDS  : MDnsSdListener starting to monitor
05-27 12:24:05.970  1399  1621 D MDnsDS  : Going to poll with pollCount 1
05-27 12:24:06.015  1389  1389 I art     : Thread[1,tid=1389,Native,Thread*=0xa750b400,peer=0x12c060d0,"main"] recursive attempt to load library "/system/lib/libmedia_jni.so"
05-27 12:24:06.015  1389  1389 D MtpDeviceJNI: register_android_mtp_MtpDevice
05-27 12:24:06.015  1389  1389 I art     : Thread[1,tid=1389,Native,Thread*=0xa750b400,peer=0x12c060d0,"main"] recursive attempt to load library "/system/lib/libmedia_jni.so"
05-27 12:24:06.015  1389  1389 I art     : Thread[1,tid=1389,Native,Thread*=0xa750b400,peer=0x12c060d0,"main"] recursive attempt to load library "/system/lib/libmedia_jni.so"
05-27 12:24:06.057  1389  1389 I System  : Loaded time zone names for "" in 11ms (11ms in ICU)
05-27 12:24:06.062  1389  1389 I System  : Loaded time zone names for "en_US" in 4ms (4ms in ICU)
05-27 12:24:06.069  1389  1389 I Zygote  : ...preloaded 4161 classes in 180ms.
05-27 12:24:06.069  1389  1389 I art     : VMRuntime.preloadDexCaches starting
05-27 12:24:06.087  1389  1389 I art     : VMRuntime.preloadDexCaches strings total=282311 before=39273 after=39273
05-27 12:24:06.087  1389  1389 I art     : VMRuntime.preloadDexCaches types total=23484 before=7830 after=7857
05-27 12:24:06.087  1389  1389 I art     : VMRuntime.preloadDexCaches fields total=111410 before=40627 after=40841
05-27 12:24:06.087  1389  1389 I art     : VMRuntime.preloadDexCaches methods total=196737 before=82128 after=82688
05-27 12:24:06.088  1389  1389 I art     : VMRuntime.preloadDexCaches finished
05-27 12:24:06.103  1389  1389 I Zygote  : Preloading resources...
05-27 12:24:06.112  1389  1389 W Resources: Preloaded drawable resource #0x1080298 (android:drawable/editbox_dropdown_background_dark) that varies with configuration!!
05-27 12:24:06.119  1389  1389 W Resources: Preloaded drawable resource #0x108030b (android:drawable/ic_clear_disabled) that varies with configuration!!
05-27 12:24:06.119  1389  1389 W Resources: Preloaded drawable resource #0x1080310 (android:drawable/ic_clear_normal) that varies with configuration!!
05-27 12:24:06.122  1389  1389 W Resources: Preloaded drawable resource #0x1080345 (android:drawable/ic_go) that varies with configuration!!
05-27 12:24:06.142  1389  1389 W Resources: Preloaded drawable resource #0x1080038 (android:drawable/ic_menu_close_clear_cancel) that varies with configuration!!
05-27 12:24:06.143  1389  1389 W Resources: Preloaded drawable resource #0x1080045 (android:drawable/ic_menu_more) that varies with configuration!!
05-27 12:24:06.146  1389  1389 W Resources: Preloaded drawable resource #0x10804d3 (android:drawable/menu_background_fill_parent_width) that varies with configuration!!
05-27 12:24:06.158  1389  1389 W Resources: Preloaded drawable resource #0x1080766 (android:drawable/text_edit_paste_window) that varies with configuration!!
05-27 12:24:06.159  1389  1389 W Resources: Preloaded drawable resource #0x1080096 (android:drawable/toast_frame) that varies with configuration!!
05-27 12:24:06.159  1389  1389 I Zygote  : ...preloaded 114 resources in 56ms.
05-27 12:24:06.160  1389  1389 I Zygote  : ...preloaded 41 resources in 1ms.
05-27 12:24:06.160  1389  1389 D libEGL  : Emulator has host GPU support, qemu.gles is set to 1.
05-27 12:24:06.160  1389  1389 E libEGL  : load_driver(/system/lib/egl/libGLES_emulation.so): dlopen failed: library "/system/lib/egl/libGLES_emulation.so" not found
05-27 12:24:06.161  1389  1389 D libEGL  : loaded /system/lib/egl/libEGL_emulation.so
05-27 12:24:06.161  1389  1389 D libEGL  : loaded /system/lib/egl/libGLESv1_CM_emulation.so
05-27 12:24:06.164  1389  1389 D libEGL  : loaded /system/lib/egl/libGLESv2_emulation.so
05-27 12:24:06.166  1389  1389 I Zygote  : Preloading shared libraries...
05-27 12:24:06.168  1389  1389 E Hyphenator: error loading hyphenation /system/usr/hyphen-data/hyph-as.hyb
05-27 12:24:06.168  1389  1389 E Hyphenator: java.io.FileNotFoundException: /system/usr/hyphen-data/hyph-as.hyb: open failed: ENOENT (No such file or directory)
05-27 12:24:06.168  1389  1389 E Hyphenator: 	at libcore.io.IoBridge.open(IoBridge.java:455)
05-27 12:24:06.168  1389  1389 E Hyphenator: 	at java.io.RandomAccessFile.<init>(RandomAccessFile.java:247)
05-27 12:24:06.168  1389  1389 E Hyphenator: 	at android.text.Hyphenator.loadHyphenator(Hyphenator.java:118)
05-27 12:24:06.168  1389  1389 E Hyphenator: 	at android.text.Hyphenator.init(Hyphenator.java:224)
05-27 12:24:06.168  1389  1389 E Hyphenator: 	at com.android.internal.os.ZygoteInit.preloadTextResources(ZygoteInit.java:252)
05-27 12:24:06.168  1389  1389 E Hyphenator: 	at com.android.internal.os.ZygoteInit.preload(ZygoteInit.java:206)
05-27 12:24:06.168  1389  1389 E Hyphenator: 	at com.android.internal.os.ZygoteInit.main(ZygoteInit.java:723)
05-27 12:24:06.168  1389  1389 E Hyphenator: Caused by: android.system.ErrnoException: open failed: ENOENT (No such file or directory)
05-27 12:24:06.168  1389  1389 E Hyphenator: 	at libcore.io.Posix.open(Native Method)
05-27 12:24:06.168  1389  1389 E Hyphenator: 	at libcore.io.BlockGuardOs.open(BlockGuardOs.java:187)
05-27 12:24:06.168  1389  1389 E Hyphenator: 	at libcore.io.IoBridge.open(IoBridge.java:441)
05-27 12:24:06.168  1389  1389 E Hyphenator: 	... 6 more
05-27 12:24:06.168  1389  1389 E Hyphenator: error loading hyphenation /system/usr/hyphen-data/hyph-bn.hyb
05-27 12:24:06.168  1389  1389 E Hyphenator: java.io.FileNotFoundException: /system/usr/hyphen-data/hyph-bn.hyb: open failed: ENOENT (No such file or directory)
05-27 12:24:06.168  1389  1389 E Hyphenator: 	at libcore.io.IoBridge.open(IoBridge.java:455)
05-27 12:24:06.168  1389  1389 E Hyphenator: 	at java.io.RandomAccessFile.<init>(RandomAccessFile.java:247)
05-27 12:24:06.168  1389  1389 E Hyphenator: 	at android.text.Hyphenator.loadHyphenator(Hyphenator.java:118)
05-27 12:24:06.168  1389  1389 E Hyphenator: 	at android.text.Hyphenator.init(Hyphenator.java:224)
05-27 12:24:06.168  1389  1389 E Hyphenator: 	at com.android.internal.os.ZygoteInit.preloadTextResources(ZygoteInit.java:252)
05-27 12:24:06.168  1389  1389 E Hyphenator: 	at com.android.internal.os.ZygoteInit.preload(ZygoteInit.java:206)
05-27 12:24:06.168  1389  1389 E Hyphenator: 	at com.android.internal.os.ZygoteInit.main(ZygoteInit.java:723)
05-27 12:24:06.168  1389  1389 E Hyphenator: Caused by: android.system.ErrnoException: open failed: ENOENT (No such file or directory)
05-27 12:24:06.168  1389  1389 E Hyphenator: 	at libcore.io.Posix.open(Native Method)
05-27 12:24:06.168  1389  1389 E Hyphenator: 	at libcore.io.BlockGuardOs.open(BlockGuardOs.java:187)
05-27 12:24:06.168  1389  1389 E Hyphenator: 	at libcore.io.IoBridge.open(IoBridge.java:441)
05-27 12:24:06.168  1389  1389 E Hyphenator: 	... 6 more
05-27 12:24:06.168  1389  1389 E Hyphenator: error loading hyphenation /system/usr/hyphen-data/hyph-cy.hyb
05-27 12:24:06.168  1389  1389 E Hyphenator: java.io.FileNotFoundException: /system/usr/hyphen-data/hyph-cy.hyb: open failed: ENOENT (No such file or directory)
05-27 12:24:06.168  1389  1389 E Hyphenator: 	at libcore.io.IoBridge.open(IoBridge.java:455)
05-27 12:24:06.168  1389  1389 E Hyphenator: 	at java.io.RandomAccessFile.<init>(RandomAccessFile.java:247)
05-27 12:24:06.168  1389  1389 E Hyphenator: 	at android.text.Hyphenator.loadHyphenator(Hyphenator.java:118)
05-27 12:24:06.168  1389  1389 E Hyphenator: 	at android.text.Hyphenator.init(Hyphenator.java:224)
05-27 12:24:06.168  1389  1389 E Hyphenator: 	at com.android.internal.os.ZygoteInit.preloadTextResources(ZygoteInit.java:252)
05-27 12:24:06.168  1389  1389 E Hyphenator: 	at com.android.internal.os.ZygoteInit.preload(ZygoteInit.java:206)
05-27 12:24:06.168  1389  1389 E Hyphenator: 	at com.android.internal.os.ZygoteInit.main(ZygoteInit.java:723)
05-27 12:24:06.168  1389  1389 E Hyphenator: Caused by: android.system.ErrnoException: open failed: ENOENT (No such file or directory)
05-27 12:24:06.168  1389  1389 E Hyphenator: 	at libcore.io.Posix.open(Native Method)
05-27 12:24:06.168  1389  1389 E Hyphenator: 	at libcore.io.BlockGuardOs.open(BlockGuardOs.java:187)
05-27 12:24:06.168  1389  1389 E Hyphenator: 	at libcore.io.IoBridge.open(IoBridge.java:441)
05-27 12:24:06.168  1389  1389 E Hyphenator: 	... 6 more
05-27 12:24:06.168  1389  1389 E Hyphenator: error loading hyphenation /system/usr/hyphen-data/hyph-da.hyb
05-27 12:24:06.168  1389  1389 E Hyphenator: java.io.FileNotFoundException: /system/usr/hyphen-data/hyph-da.hyb: open failed: ENOENT (No such file or directory)
05-27 12:24:06.168  1389  1389 E Hyphenator: 	at libcore.io.IoBridge.open(IoBridge.java:455)
05-27 12:24:06.168  1389  1389 E Hyphenator: 	at java.io.RandomAccessFile.<init>(RandomAccessFile.java:247)
05-27 12:24:06.168  1389  1389 E Hyphenator: 	at android.text.Hyphenator.loadHyphenator(Hyphenator.java:118)
05-27 12:24:06.168  1389  1389 E Hyphenator: 	at android.text.Hyphenator.init(Hyphenator.java:224)
05-27 12:24:06.168  1389  1389 E Hyphenator: 	at com.android.internal.os.ZygoteInit.preloadTextResources(ZygoteInit.java:252)
05-27 12:24:06.168  1389  1389 E Hyphenator: 	at com.android.internal.os.ZygoteInit.preload(ZygoteInit.java:206)
05-27 12:24:06.168  1389  1389 E Hyphenator: 	at com.android.internal.os.ZygoteInit.main(ZygoteInit.java:723)
05-27 12:24:06.168  1389  1389 E Hyphenator: Caused by: android.system.ErrnoException: open failed: ENOENT (No such file or directory)
05-27 12:24:06.168  1389  1389 E Hyphenator: 	at libcore.io.Posix.open(Native Method)
05-27 12:24:06.168  1389  1389 E Hyphenator: 	at libcore.io.BlockGuardOs.open(BlockGuardOs.java:187)
05-27 12:24:06.168  1389  1389 E Hyphenator: 	at libcore.io.IoBridge.open(IoBridge.java:441)
05-27 12:24:06.168  1389  1389 E Hyphenator: 	... 6 more
05-27 12:24:06.168  1389  1389 E Hyphenator: error loading hyphenation /system/usr/hyphen-data/hyph-de-1901.hyb
05-27 12:24:06.168  1389  1389 E Hyphenator: java.io.FileNotFoundException: /system/usr/hyphen-data/hyph-de-1901.hyb: open failed: ENOENT (No such file or directory)
05-27 12:24:06.168  1389  1389 E Hyphenator: 	at libcore.io.IoBridge.open(IoBridge.java:455)
05-27 12:24:06.168  1389  1389 E Hyphenator: 	at java.io.RandomAccessFile.<init>(RandomAccessFile.java:247)
05-27 12:24:06.168  1389  1389 E Hyphenator: 	at android.text.Hyphenator.loadHyphenator(Hyphenator.java:118)
05-27 12:24:06.168  1389  1389 E Hyphenator: 	at android.text.Hyphenator.init(Hyphenator.java:224)
05-27 12:24:06.168  1389  1389 E Hyphenator: 	at com.android.internal.os.ZygoteInit.preloadTextResources(ZygoteInit.java:252)
05-27 12:24:06.168  1389  1389 E Hyphenator: 	at com.android.internal.os.ZygoteInit.preload(ZygoteInit.java:206)
05-27 12:24:06.168  1389  1389 E Hyphenator: 	at com.android.internal.os.ZygoteInit.main(ZygoteInit.java:723)
05-27 12:24:06.168  1389  1389 E Hyphenator: Caused by: android.system.ErrnoException: open failed: ENOENT (No such file or directory)
05-27 12:24:06.168  1389  1389 E Hyphenator: 	at libcore.io.Posix.open(Native Method)
05-27 12:24:06.168  1389  1389 E Hyphenator: 	at libcore.io.BlockGuardOs.open(BlockGuardOs.java:187)
05-27 12:24:06.168  1389  1389 E Hyphenator: 	at libcore.io.IoBridge.open(IoBridge.java:441)
05-27 12:24:06.168  1389  1389 E Hyphenator: 	... 6 more
05-27 12:24:06.168  1389  1389 E Hyphenator: error loading hyphenation /system/usr/hyphen-data/hyph-de-1996.hyb
05-27 12:24:06.168  1389  1389 E Hyphenator: java.io.FileNotFoundException: /system/usr/hyphen-data/hyph-de-1996.hyb: open failed: ENOENT (No such file or directory)
05-27 12:24:06.168  1389  1389 E Hyphenator: 	at libcore.io.IoBridge.open(IoBridge.java:455)
05-27 12:24:06.168  1389  1389 E Hyphenator: 	at java.io.RandomAccessFile.<init>(RandomAccessFile.java:247)
05-27 12:24:06.168  1389  1389 E Hyphenator: 	at android.text.Hyphenator.loadHyphenator(Hyphenator.java:118)
05-27 12:24:06.168  1389  1389 E Hyphenator: 	at android.text.Hyphenator.init(Hyphenator.java:224)
05-27 12:24:06.168  1389  1389 E Hyphenator: 	at com.android.internal.os.ZygoteInit.preloadTextResources(ZygoteInit.java:252)
05-27 12:24:06.168  1389  1389 E Hyphenator: 	at com.android.internal.os.ZygoteInit.preload(ZygoteInit.java:206)
05-27 12:24:06.168  1389  1389 E Hyphenator: 	at com.android.internal.os.ZygoteInit.main(ZygoteInit.java:723)
05-27 12:24:06.168  1389  1389 E Hyphenator: Caused by: android.system.ErrnoException: open failed: ENOENT (No such file or directory)
05-27 12:24:06.168  1389  1389 E Hyphenator: 	at libcore.io.Posix.open(Native Method)
05-27 12:24:06.168  1389  1389 E Hyphenator: 	at libcore.io.BlockGuardOs.open(BlockGuardOs.java:187)
05-27 12:24:06.168  1389  1389 E Hyphenator: 	at libcore.io.IoBridge.open(IoBridge.java:441)
05-27 12:24:06.168  1389  1389 E Hyphenator: 	... 6 more
05-27 12:24:06.168  1389  1389 E Hyphenator: error loading hyphenation /system/usr/hyphen-data/hyph-de-ch-1901.hyb
05-27 12:24:06.168  1389  1389 E Hyphenator: java.io.FileNotFoundException: /system/usr/hyphen-data/hyph-de-ch-1901.hyb: open failed: ENOENT (No such file or directory)
05-27 12:24:06.168  1389  1389 E Hyphenator: 	at libcore.io.IoBridge.open(IoBridge.java:455)
05-27 12:24:06.168  1389  1389 E Hyphenator: 	at java.io.RandomAccessFile.<init>(RandomAccessFile.java:247)
05-27 12:24:06.168  1389  1389 E Hyphenator: 	at android.text.Hyphenator.loadHyphenator(Hyphenator.java:118)
05-27 12:24:06.168  1389  1389 E Hyphenator: 	at android.text.Hyphenator.init(Hyphenator.java:224)
05-27 12:24:06.168  1389  1389 E Hyphenator: 	at com.android.internal.os.ZygoteInit.preloadTextResources(ZygoteInit.java:252)
05-27 12:24:06.168  1389  1389 E Hyphenator: 	at com.android.internal.os.ZygoteInit.preload(ZygoteInit.java:206)
