05-27 12:24:10.733  1938  2275 D CellBroadcastConfigService: Enable CellBroadcast on sub 1
05-27 12:24:10.757  2277  2277 W System  : ClassLoader referenced unknown path: /system/app/PrebuiltBugle/lib/x86
05-27 12:24:10.766  1820  2153 D IccSmsInterfaceManager: [IccSmsInterfaceManager] Calling setCdmaBroadcastConfig with 1 configurations
05-27 12:24:10.769  2173  2218 I GrammarCompilationSvcCt: Grammar compilation alarm set for interval 604800000
05-27 12:24:10.769  1820  2153 D IccSmsInterfaceManager: [IccSmsInterfaceManager] Failed to add cdma broadcast subscription for MID range 4096 to 4096 from client com.android.cellbroadcastreceiver
05-27 12:24:10.773  1820  1833 D IccSmsInterfaceManager: [IccSmsInterfaceManager] Calling setCdmaBroadcastConfig with 1 configurations
05-27 12:24:10.775  1820  1833 D IccSmsInterfaceManager: [IccSmsInterfaceManager] Failed to add cdma broadcast subscription for MID range 4097 to 4097 from client com.android.cellbroadcastreceiver
05-27 12:24:10.777  1820  1979 D IccSmsInterfaceManager: [IccSmsInterfaceManager] Calling setCdmaBroadcastConfig with 1 configurations
05-27 12:24:10.778  1820  1979 D IccSmsInterfaceManager: [IccSmsInterfaceManager] Failed to add cdma broadcast subscription for MID range 4098 to 4098 from client com.android.cellbroadcastreceiver
05-27 12:24:10.779  1627  1670 D SntpClient: round trip: 10ms, clock offset: 421ms
05-27 12:24:10.784  1627  1898 D SntpClient: round trip: 12ms, clock offset: 420ms
05-27 12:24:10.784  1627  1898 I GnssLocationProvider: WakeLock acquired by sendMessage(10, 0, null)
05-27 12:24:10.785  1627  1639 I GnssLocationProvider: WakeLock released by handleMessage(10, 0, null)
05-27 12:24:10.786  1627  1898 I GnssLocationProvider: WakeLock released by handleInjectNtpTime()
05-27 12:24:10.787  1820  1833 D IccSmsInterfaceManager: [IccSmsInterfaceManager] Calling setCdmaBroadcastConfig with 1 configurations
05-27 12:24:10.789  1820  1833 D IccSmsInterfaceManager: [IccSmsInterfaceManager] Failed to add cdma broadcast subscription for MID range 4099 to 4099 from client com.android.cellbroadcastreceiver
05-27 12:24:10.790  1820  1979 D IccSmsInterfaceManager: [IccSmsInterfaceManager] Failed to remove cdma broadcast subscription for MID range 4100 to 4100 from client com.android.cellbroadcastreceiver
05-27 12:24:10.792  1820  2153 D IccSmsInterfaceManager: [IccSmsInterfaceManager] Calling setGsmBroadcastConfig with 1 configurations
05-27 12:24:10.794  1820  2153 D IccSmsInterfaceManager: [IccSmsInterfaceManager] Failed to add GSM cell broadcast subscription for MID range 4352 to 4354 from client com.android.cellbroadcastreceiver
05-27 12:24:10.795  1820  1972 D IccSmsInterfaceManager: [IccSmsInterfaceManager] Calling setGsmBroadcastConfig with 1 configurations
05-27 12:24:10.797  1820  1972 D IccSmsInterfaceManager: [IccSmsInterfaceManager] Failed to add GSM cell broadcast subscription for MID range 4356 to 4356 from client com.android.cellbroadcastreceiver
05-27 12:24:10.803  1820  1840 D IccSmsInterfaceManager: [IccSmsInterfaceManager] Failed to remove GSM cell broadcast subscription for MID range 4355 to 4355 from client com.android.cellbroadcastreceiver
05-27 12:24:10.806  1820  1833 D IccSmsInterfaceManager: [IccSmsInterfaceManager] Calling setGsmBroadcastConfig with 1 configurations
05-27 12:24:10.807  1820  1833 D IccSmsInterfaceManager: [IccSmsInterfaceManager] Failed to add GSM cell broadcast subscription for MID range 4370 to 4370 from client com.android.cellbroadcastreceiver
05-27 12:24:10.812  1820  1833 D IccSmsInterfaceManager: [IccSmsInterfaceManager] Calling setGsmBroadcastConfig with 1 configurations
05-27 12:24:10.813  1820  1833 D IccSmsInterfaceManager: [IccSmsInterfaceManager] Failed to add GSM cell broadcast subscription for MID range 4371 to 4372 from client com.android.cellbroadcastreceiver
05-27 12:24:10.818  1820  1840 D IccSmsInterfaceManager: [IccSmsInterfaceManager] Calling setGsmBroadcastConfig with 1 configurations
05-27 12:24:10.820  1820  1840 D IccSmsInterfaceManager: [IccSmsInterfaceManager] Failed to add GSM cell broadcast subscription for MID range 4373 to 4378 from client com.android.cellbroadcastreceiver
05-27 12:24:10.821  2064  2064 W ConfigurationChimeraPro: Got null configs for com.google.android.gms.backup
05-27 12:24:10.823  2078  2078 D MusicLifecycle: com.google.android.music.download.cache.StorageMigrationService generated event: Service destroyed
05-27 12:24:10.823  1820  1972 D IccSmsInterfaceManager: [IccSmsInterfaceManager] Calling setGsmBroadcastConfig with 1 configurations
05-27 12:24:10.824  1820  1972 D IccSmsInterfaceManager: [IccSmsInterfaceManager] Failed to add GSM cell broadcast subscription for MID range 4379 to 4379 from client com.android.cellbroadcastreceiver
05-27 12:24:10.824  2078  2078 D MusicLifecycle: com.google.android.music.store.MediaStoreImportService generated event: Service destroyed
05-27 12:24:10.828  1820  1979 D IccSmsInterfaceManager: [IccSmsInterfaceManager] Failed to remove GSM cell broadcast subscription for MID range 4380 to 4382 from client com.android.cellbroadcastreceiver
05-27 12:24:10.836  1820  2153 D IccSmsInterfaceManager: [IccSmsInterfaceManager] Calling setGsmBroadcastConfig with 1 configurations
05-27 12:24:10.837  1820  2153 D IccSmsInterfaceManager: [IccSmsInterfaceManager] Failed to add GSM cell broadcast subscription for MID range 4383 to 4383 from client com.android.cellbroadcastreceiver
05-27 12:24:10.842  1820  1833 D IccSmsInterfaceManager: [IccSmsInterfaceManager] Calling setGsmBroadcastConfig with 1 configurations
05-27 12:24:10.843  1820  1833 D IccSmsInterfaceManager: [IccSmsInterfaceManager] Failed to add GSM cell broadcast subscription for MID range 4384 to 4385 from client com.android.cellbroadcastreceiver
05-27 12:24:10.845  1627  1627 V BackupManagerService: Connected to transport ComponentInfo{com.google.android.gms/com.google.android.gms.backup.BackupTransportService}
05-27 12:24:10.845  1627  1627 V BackupManagerService: Registering transport com.google.android.gms/.backup.BackupTransportService::com.google.android.gms/.backup.BackupTransportService = com.android.internal.backup.IBackupTransport$Stub$Proxy@85718c4
05-27 12:24:10.850  1820  1840 D IccSmsInterfaceManager: [IccSmsInterfaceManager] Calling setGsmBroadcastConfig with 1 configurations
05-27 12:24:10.852  1820  1840 D IccSmsInterfaceManager: [IccSmsInterfaceManager] Failed to add GSM cell broadcast subscription for MID range 4386 to 4391 from client com.android.cellbroadcastreceiver
05-27 12:24:10.855  1820  1972 D IccSmsInterfaceManager: [IccSmsInterfaceManager] Calling setGsmBroadcastConfig with 1 configurations
05-27 12:24:10.856  1820  1972 D IccSmsInterfaceManager: [IccSmsInterfaceManager] Failed to add GSM cell broadcast subscription for MID range 4392 to 4392 from client com.android.cellbroadcastreceiver
05-27 12:24:10.864  1820  1979 D IccSmsInterfaceManager: [IccSmsInterfaceManager] Failed to remove GSM cell broadcast subscription for MID range 4393 to 4395 from client com.android.cellbroadcastreceiver
05-27 12:24:10.868  1820  2153 D IccSmsInterfaceManager: [IccSmsInterfaceManager] Failed to remove GSM cell broadcast subscription for MID range 50 to 50 from client com.android.cellbroadcastreceiver
05-27 12:24:10.873  2064  2064 I GCoreNlp: shouldConfirmNlp, NLP off. Ensuring opt-in disabled
05-27 12:24:10.885  1627  1677 D ConnectivityService: NetworkAgentInfo [MOBILE (LTE) - 100] validation passed
05-27 12:24:10.983  2064  2064 I Backup  : [GmsBackupAccountManager] Backup account not found in gmscore.
05-27 12:24:10.990  2197  2197 I CheckinChimeraService: android.os.VintfObject class not found : android.os.VintfObject
05-27 12:24:10.995  2277  2277 I Bugle   : Carrier config changed. Reloading MMS config.
05-27 12:24:11.004  2197  2338 I CheckinCompat: Disabling old GoogleServicesFramework version
05-27 12:24:11.013  2277  2332 I Bugle   : ApnsOta: OTA version -1
05-27 12:24:11.054  2277  2332 W Bugle   : canonicalizeMccMnc: invalid mccmnc:null ,null
05-27 12:24:11.056  2277  2336 I BugleDataModel: Fixup: Send failed - 0 Download failed - 0
05-27 12:24:11.057  1627  1852 D MmsServiceBroker: getCarrierConfigValues() by com.google.android.apps.messaging
05-27 12:24:11.057  1627  1852 W MmsServiceBroker: MmsService not connected. Try connecting...
05-27 12:24:11.057  1627  1627 I MmsServiceBroker: Connecting to MmsService
05-27 12:24:11.057  1627  1627 W ContextImpl: Calling a method in the system process without a qualified user: android.app.ContextImpl.bindService:1449 com.android.server.MmsServiceBroker.tryConnecting:241 com.android.server.MmsServiceBroker.-wrap3:-1 com.android.server.MmsServiceBroker$1.handleMessage:83 android.os.Handler.dispatchMessage:102 
05-27 12:24:11.062  1820  1820 W System  : ClassLoader referenced unknown path: /system/priv-app/MmsService/lib/x86
05-27 12:24:11.064  1820  1820 D MmsService: onCreate
05-27 12:24:11.065  1627  1627 I MmsServiceBroker: MmsService connected
05-27 12:24:11.065  1820  1820 I MmsService: MmsConfigManager receiver action: android.intent.action.SIM_STATE_CHANGED
05-27 12:24:11.066  1820  1820 I MmsService: MmsConfigManager receiver action: android.telephony.action.CARRIER_CONFIG_CHANGED
05-27 12:24:11.066  1820  1972 D MmsService: getCarrierConfigValues
05-27 12:24:11.066  1820  1972 I MmsService: mms config for sub 1: null
05-27 12:24:11.066  2277  2332 I Bugle   : Carrier configs loaded: Bundle[{spamForwardingNumber=7726, maxImageHeight=1944, maxMessageSize=1048576, maxImageWidth=2592}] from resources+system for subId=1
05-27 12:24:11.067  1820  2345 I MmsService: MmsConfigManager loads in background mcc/mnc: 310/260
05-27 12:24:11.067  1820  2344 I MmsService: MmsConfigManager loads in background mcc/mnc: 310/260
05-27 12:24:11.067  1820  2347 I MmsService: MmsConfigManager loads in background mcc/mnc: 310/260
05-27 12:24:11.074  2277  2337 W Bugle   : canonicalizeMccMnc: invalid mccmnc:null ,null
05-27 12:24:11.082  1627  1638 D MmsServiceBroker: getCarrierConfigValues() by com.google.android.apps.messaging
05-27 12:24:11.082  1820  1972 D MmsService: getCarrierConfigValues
05-27 12:24:11.082  1820  1972 I MmsService: mms config for sub 1: Bundle[{httpSocketTimeout=60000, aliasMinChars=2, smsToMmsTextThreshold=-1, enableSMSDeliveryReports=true, maxMessageTextSize=-1, supportMmsContentDisposition=true, enabledTransID=false, aliasEnabled=false, supportHttpCharsetHeader=false, allowAttachAudio=true, smsToMmsTextLengthThreshold=-1, recipientLimit=2147483647, uaProfTagName=x-wap-profile, aliasMaxChars=48, maxImageHeight=1944, enableMMSDeliveryReports=false, userAgent=, config_cellBroadcastAppLinks=true, maxSubjectLength=40, httpParams=, enableGroupMms=true, emailGatewayNumber=, maxMessageSize=1048576, naiSuffix=, enableMMSReadReports=false, maxImageWidth=2592, uaProfUrl=, enabledMMS=false, enabledNotifyWapMMSC=false, sendMultipartSmsAsSeparateMessages=false, enableMultipartSMS=true}]
05-27 12:24:11.083  2277  2337 I Bugle   : Carrier configs loaded: Bundle[{httpSocketTimeout=60000, aliasMinChars=2, smsToMmsTextThreshold=-1, enableSMSDeliveryReports=true, maxMessageTextSize=-1, supportMmsContentDisposition=true, enabledTransID=false, aliasEnabled=false, supportHttpCharsetHeader=false, allowAttachAudio=true, spamForwardingNumber=7726, smsToMmsTextLengthThreshold=-1, recipientLimit=2147483647, uaProfTagName=x-wap-profile, aliasMaxChars=48, maxImageHeight=1944, enableMMSDeliveryReports=false, userAgent=, config_cellBroadcastAppLinks=true, maxSubjectLength=40, httpParams=, enableGroupMms=true, emailGatewayNumber=, maxMessageSize=1048576, naiSuffix=, enableMMSReadReports=false, maxImageWidth=2592, uaProfUrl=, enabledMMS=false, enabledNotifyWapMMSC=false, sendMultipartSmsAsSeparateMessages=false, enableMultipartSMS=true}] from resources+system for subId=1
05-27 12:24:11.087  2277  2337 W Bugle   : canonicalizeMccMnc: invalid mccmnc:null ,null
05-27 12:24:11.089  1627  1852 D MmsServiceBroker: getCarrierConfigValues() by com.google.android.apps.messaging
05-27 12:24:11.089  1820  1972 D MmsService: getCarrierConfigValues
05-27 12:24:11.089  1820  1972 I MmsService: mms config for sub 1: Bundle[{httpSocketTimeout=60000, aliasMinChars=2, smsToMmsTextThreshold=-1, enableSMSDeliveryReports=true, maxMessageTextSize=-1, supportMmsContentDisposition=true, enabledTransID=false, aliasEnabled=false, supportHttpCharsetHeader=false, allowAttachAudio=true, smsToMmsTextLengthThreshold=-1, recipientLimit=2147483647, uaProfTagName=x-wap-profile, aliasMaxChars=48, maxImageHeight=1944, enableMMSDeliveryReports=false, userAgent=, config_cellBroadcastAppLinks=true, maxSubjectLength=40, httpParams=, enableGroupMms=true, emailGatewayNumber=, maxMessageSize=1048576, naiSuffix=, enableMMSReadReports=false, maxImageWidth=2592, uaProfUrl=, enabledMMS=false, enabledNotifyWapMMSC=false, sendMultipartSmsAsSeparateMessages=false, enableMultipartSMS=true}]
05-27 12:24:11.090  2277  2337 I Bugle   : Carrier configs loaded: Bundle[{httpSocketTimeout=60000, aliasMinChars=2, smsToMmsTextThreshold=-1, enableSMSDeliveryReports=true, maxMessageTextSize=-1, supportMmsContentDisposition=true, enabledTransID=false, aliasEnabled=false, supportHttpCharsetHeader=false, allowAttachAudio=true, spamForwardingNumber=7726, smsToMmsTextLengthThreshold=-1, recipientLimit=2147483647, uaProfTagName=x-wap-profile, aliasMaxChars=48, maxImageHeight=1944, enableMMSDeliveryReports=false, userAgent=, config_cellBroadcastAppLinks=true, maxSubjectLength=40, httpParams=, enableGroupMms=true, emailGatewayNumber=, maxMessageSize=1048576, naiSuffix=, enableMMSReadReports=false, maxImageWidth=2592, uaProfUrl=, enabledMMS=false, enabledNotifyWapMMSC=false, sendMultipartSmsAsSeparateMessages=false, enableMultipartSMS=true}] from resources+system for subId=1
05-27 12:24:11.092  2197  2341 I EventLogChimeraService: Accumulating logs since 1653634411455
05-27 12:24:11.140  2197  2197 W ChimeraUtils: Non Chimera context
05-27 12:24:11.181  2197  2208 I DynamiteModule: Considering local module com.google.android.gms.googlecertificates:4 and remote module com.google.android.gms.googlecertificates:4
05-27 12:24:11.181  2197  2208 I DynamiteModule: Selected local version of com.google.android.gms.googlecertificates
05-27 12:24:11.195  2064  2064 W Settings: Setting airplane_mode_on has moved from android.provider.Settings.System to android.provider.Settings.Global, returning read-only value.
05-27 12:24:11.257  2197  2376 I Icing   : IndexChimeraService.getServiceInterface callingPackage=com.google.android.apps.messaging componentName=null serviceId=36
05-27 12:24:11.257  2064  2343 I GeofencerStateMachine: Network location disabled.
05-27 12:24:11.257  2197  2377 I Icing   : IndexChimeraService.getServiceInterface callingPackage=com.google.android.apps.messaging componentName=null serviceId=32
05-27 12:24:11.265  1627  2150 D CountryDetector: The first listener is added
05-27 12:24:11.320  1627  1673 D WIFI    : Registering NetworkFactory
05-27 12:24:11.320  1627  1673 D WIFI_UT : Registering NetworkFactory
05-27 12:24:11.320  1627  1677 D ConnectivityService: Got NetworkFactory Messenger for WIFI
05-27 12:24:11.320  1627  1677 D ConnectivityService: Got NetworkFactory Messenger for WIFI_UT
05-27 12:24:11.323  1627  1673 D WIFI    : got request NetworkRequest [ id=1, legacyType=-1, [ Capabilities: INTERNET&NOT_RESTRICTED&TRUSTED&NOT_VPN] ] with score 50
05-27 12:24:11.323  1627  1673 D WIFI_UT : got request NetworkRequest [ id=1, legacyType=-1, [ Capabilities: INTERNET&NOT_RESTRICTED&TRUSTED&NOT_VPN] ] with score 50
05-27 12:24:11.329  2197  2353 I Icing   : Storage manager: low false usage 1.74MB avail 5.66GB capacity 5.81GB
05-27 12:24:11.338  2197  2385 I Icing   : IndexChimeraService.getServiceInterface callingPackage=com.google.android.apps.messaging componentName=null serviceId=36
05-27 12:24:11.371  2064  2380 E BluetoothAdapter: Bluetooth binder is null
05-27 12:24:11.423  2197  2341 I ProcessCheckinRequest: Get token from PseudonymousIdApi: 511=B2A3r-guOzF-xzOTmWzZmueVRlk55FQc5slJTDNv60ukoos-Cryg6iqpBy01bdHVGUSp0llZCnUxc4HQc-QdyS-7t2Y4qjjguqrWSlbLgfUOpaXrz1i9YrzQdwBfQr4fqXu-TOW6PsMU1CYPrmfJGZyNc9H7iImKlS1cVnwUCL8
05-27 12:24:11.423  1627  1673 D WifiNative-HAL: Failing getSupportedFeatureset because HAL isn't started
05-27 12:24:11.424  1627  1647 W WindowManager: App freeze timeout expired.
05-27 12:24:11.426  2197  2341 I CheckinRequestBuilder: Checkin reason type: 8 attempt count: 1
05-27 12:24:11.430  2197  2341 E ActivityThread: Failed to find provider info for com.google.android.wearable.settings
05-27 12:24:11.468  2197  2353 W Icing   : city name for address is empty.
05-27 12:24:11.468  2197  2353 W Icing   : street name for address is empty.
05-27 12:24:11.468  2197  2353 W Icing   : Address token type data file path is empty.
05-27 12:24:11.468  2197  2353 W Icing   : transportation_script_path is empty
05-27 12:24:11.472  2197  2353 W Icing   : generic::invalid_argument: Empty URI
05-27 12:24:11.472  2197  2353 W Icing   : generic::invalid_argument: Empty URI
05-27 12:24:11.472  2197  2353 W Icing   : WordsMap was not properly initialized
05-27 12:24:11.507  1627  2396 I RecoverySystem: No recovery log file
05-27 12:24:11.509  2397  2397 W art     : Unexpected CPU variant for X86 using defaults: x86
05-27 12:24:11.518  1627  2167 I ActivityManager: Start proc 2397:com.android.dialer/u0a9 for broadcast com.android.dialer/.calllog.CallLogReceiver
05-27 12:24:11.525  2397  2397 W System  : ClassLoader referenced unknown path: /system/priv-app/Dialer/lib/x86
05-27 12:24:11.534  1627  2396 I BootReceiver: Copying audit failures to DropBox
05-27 12:24:11.534  1627  2396 I BootReceiver: Checking for fsck errors
05-27 12:24:11.540  2064  2380 W Settings: Setting airplane_mode_on has moved from android.provider.Settings.System to android.provider.Settings.Global, returning read-only value.
05-27 12:24:11.550  1694  1694 I LatinIME: Timeout waiting for dictionary load
05-27 12:24:11.553  2413  2413 W art     : Unexpected CPU variant for X86 using defaults: x86
05-27 12:24:11.560  1627  1850 I ActivityManager: Start proc 2413:com.google.android.gms.unstable/u0a13 for service com.google.android.gms/.droidguard.DroidGuardService
05-27 12:24:11.566  2413  2413 W System  : ClassLoader referenced unknown path: /system/priv-app/PrebuiltGmsCore/lib/x86
05-27 12:24:11.572  2413  2413 I LoadedApk: No resource references to update in package FFFFFFFFFFFFFFFFFFFFFF
05-27 12:24:11.572  2397  2397 D ExtensionsFactory: No custom extensions.
05-27 12:24:11.576  2397  2397 D BlockedNumbersAuto: Not attempting auto-migrate: already checked once.
05-27 12:24:11.577  2197  2353 I Icing   : updateResources: need to parse uaz{com.google.android.gms}
05-27 12:24:11.584  1820  1820 V OtaStartupReceiver: onOtaspChanged: mOtaspMode=3
05-27 12:24:11.584  1820  1820 D CarrierConfigLoader: mHandler: 13 phoneId: 0
05-27 12:24:11.584  1820  1820 D CarrierConfigLoader: mHandler: 7 phoneId: 0
05-27 12:24:11.585  1820  1820 D CarrierConfigLoader: Loaded config from XML. package=com.android.carrierconfig phoneId=0
05-27 12:24:11.585  1820  1820 D CarrierConfigLoader: mHandler: 5 phoneId: 0
05-27 12:24:11.585  1953  1953 I AlarmClock: AlarmInitReceiver android.intent.action.BOOT_COMPLETED
05-27 12:24:11.586  1820  1820 I MmsService: MmsConfigManager receiver action: android.telephony.action.CARRIER_CONFIG_CHANGED
05-27 12:24:11.586  1820  2434 I MmsService: MmsConfigManager loads in background mcc/mnc: 310/260
05-27 12:24:11.586  2277  2277 I Bugle   : Carrier config changed. Reloading MMS config.
05-27 12:24:11.587  1627  1627 I Telecom : PhoneAccountRegistrar: SimCallManager queried, returning: null: TSI.gSCMFU@ADo
05-27 12:24:11.589  2413  2413 W System  : ClassLoader referenced unknown path: /system/priv-app/PrebuiltGmsCore/lib/x86
05-27 12:24:11.590  2413  2413 W System  : ClassLoader referenced unknown path: /system/priv-app/PrebuiltGmsCore/lib/x86
05-27 12:24:11.597  2413  2413 W System  : ClassLoader referenced unknown path: /system/priv-app/PrebuiltGmsCore/lib/x86
05-27 12:24:11.597  2413  2413 W System  : ClassLoader referenced unknown path: /system/priv-app/PrebuiltGmsCore/lib/x86
05-27 12:24:11.598  2397  2433 W CountryDetector: No location permissions, not registering for location updates.
05-27 12:24:11.601  2413  2413 W linker  : /data/user_de/0/com.google.android.gms/app_extracted_libs/x86/libconscrypt_gmscore_jni.so: unused DT entry: type 0xf arg 0x91
05-27 12:24:11.601  1694  1694 I SystemBroadcastReceiver: Boot has been completed
05-27 12:24:11.601  1694  1694 I SystemBroadcastReceiver: toggleAppIcon() : FLAG_SYSTEM = true
05-27 12:24:11.605  2413  2413 V NativeCrypto: Registering com/google/android/gms/org/conscrypt/NativeCrypto's 276 native methods...
05-27 12:24:11.614  2413  2413 D NetworkSecurityConfig: No Network Security Config specified, using platform default
05-27 12:24:11.615  2413  2413 I ProviderInstaller: Installed default security provider GmsCore_OpenSSL
05-27 12:24:11.616  2435  2435 W art     : Unexpected CPU variant for X86 using defaults: x86
05-27 12:24:11.617  2277  2334 W Bugle   : canonicalizeMccMnc: invalid mccmnc:null ,null
05-27 12:24:11.623  1627  2167 I ActivityManager: Start proc 2435:com.android.managedprovisioning/u0a20 for broadcast com.android.managedprovisioning/.BootReminder
05-27 12:24:11.625  1627  1638 D MmsServiceBroker: getCarrierConfigValues() by com.google.android.apps.messaging
05-27 12:24:11.625  1820  1979 D MmsService: getCarrierConfigValues
05-27 12:24:11.626  1820  1979 I MmsService: mms config for sub 1: Bundle[{httpSocketTimeout=60000, aliasMinChars=2, smsToMmsTextThreshold=-1, enableSMSDeliveryReports=true, maxMessageTextSize=-1, supportMmsContentDisposition=true, enabledTransID=false, aliasEnabled=false, supportHttpCharsetHeader=false, allowAttachAudio=true, smsToMmsTextLengthThreshold=-1, recipientLimit=2147483647, uaProfTagName=x-wap-profile, aliasMaxChars=48, maxImageHeight=1944, enableMMSDeliveryReports=false, userAgent=, config_cellBroadcastAppLinks=true, maxSubjectLength=40, httpParams=, enableGroupMms=true, emailGatewayNumber=, maxMessageSize=1048576, naiSuffix=, enableMMSReadReports=false, maxImageWidth=2592, uaProfUrl=, enabledMMS=false, enabledNotifyWapMMSC=false, sendMultipartSmsAsSeparateMessages=false, enableMultipartSMS=true}]
05-27 12:24:11.626  2277  2334 I Bugle   : Carrier configs loaded: Bundle[{httpSocketTimeout=60000, aliasMinChars=2, smsToMmsTextThreshold=-1, enableSMSDeliveryReports=true, maxMessageTextSize=-1, supportMmsContentDisposition=true, enabledTransID=false, aliasEnabled=false, supportHttpCharsetHeader=false, allowAttachAudio=true, spamForwardingNumber=7726, smsToMmsTextLengthThreshold=-1, recipientLimit=2147483647, uaProfTagName=x-wap-profile, aliasMaxChars=48, maxImageHeight=1944, enableMMSDeliveryReports=false, userAgent=, config_cellBroadcastAppLinks=true, maxSubjectLength=40, httpParams=, enableGroupMms=true, emailGatewayNumber=, maxMessageSize=1048576, naiSuffix=, enableMMSReadReports=false, maxImageWidth=2592, uaProfUrl=, enabledMMS=false, enabledNotifyWapMMSC=false, sendMultipartSmsAsSeparateMessages=false, enableMultipartSMS=true}] from resources+system for subId=1
05-27 12:24:11.632  2435  2435 W System  : ClassLoader referenced unknown path: /system/priv-app/ManagedProvisioning/lib/x86
05-27 12:24:11.637  1820  1820 V OmtpBootCompletedRcvr: processing deferred subId list
05-27 12:24:11.641  2449  2449 W art     : Unexpected CPU variant for X86 using defaults: x86
05-27 12:24:11.650  1627  1850 I ActivityManager: Start proc 2449:com.android.providers.calendar/u0a2 for broadcast com.android.providers.calendar/.CalendarReceiver
05-27 12:24:11.656  2449  2449 W System  : ClassLoader referenced unknown path: /system/priv-app/CalendarProvider/lib/x86
05-27 12:24:11.669  2449  2449 I CalendarProvider2: Created com.android.providers.calendar.CalendarAlarmManager@29b7068(com.android.providers.calendar.CalendarProvider2@debc81)
05-27 12:24:11.699  2064  2365 W ConfigurationChimeraPro: Got null configs for com.google.android.gms.droidguard
05-27 12:24:11.738  2197  2353 I Icing   : Not enough disk space for indexing trimmable
05-27 12:24:11.739  2197  2353 I Icing   : Internal init done: storage state 1
05-27 12:24:11.744  2197  2353 I Icing   : Post-init done
05-27 12:24:11.746  2413  2425 I DynamiteModule: Considering local module com.google.android.gms.googlecertificates:4 and remote module com.google.android.gms.googlecertificates:4
05-27 12:24:11.746  2413  2425 I DynamiteModule: Selected local version of com.google.android.gms.googlecertificates
05-27 12:24:11.783  2197  2353 I Icing   : Usage reports ok 0, Failed Usage reports 0, indexed 0, rejected 0, imm upload false
05-27 12:24:11.785  2197  2353 I Icing   : Usage reports ok 0, Failed Usage reports 0, indexed 0, rejected 0, imm upload false
05-27 12:24:11.787  2197  2353 I Icing   : Usage reports ok 0, Failed Usage reports 0, indexed 0, rejected 0, imm upload false
05-27 12:24:11.800  2197  2377 I Icing   : IndexChimeraService.getServiceInterface callingPackage=com.google.android.apps.messaging componentName=null serviceId=36
05-27 12:24:11.805  2197  2353 I Icing   : Usage reports ok 0, Failed Usage reports 0, indexed 0, rejected 0, imm upload false
05-27 12:24:11.814  2197  2377 I Icing   : IndexChimeraService.getServiceInterface callingPackage=com.google.android.apps.messaging componentName=null serviceId=36
05-27 12:24:11.818  2197  2353 I Icing   : Usage reports ok 0, Failed Usage reports 0, indexed 0, rejected 0, imm upload false
05-27 12:24:11.836  2473  2473 W art     : Unexpected CPU variant for X86 using defaults: x86
05-27 12:24:11.842  1627  1850 I ActivityManager: Start proc 2473:com.android.vending/u0a21 for broadcast com.android.vending/com.google.android.finsky.receivers.BootCompletedReceiver
05-27 12:24:11.847  2473  2473 W System  : ClassLoader referenced unknown path: /system/priv-app/Phonesky/lib/x86
05-27 12:24:11.849  2413  2413 W Binder:2413_2: type=1400 audit(0.0:4): avc: denied { read } for name="/" dev="tmpfs" ino=4097 scontext=u:r:priv_app:s0:c512,c768 tcontext=u:object_r:device:s0 tclass=dir permissive=0
05-27 12:24:11.890  2473  2473 W Finsky  : [1] com.google.android.finsky.FinskyApp.i(1468): No account configured on this device.
05-27 12:24:11.894  2046  2467 W MediaScanner: Error opening directory '/oem/media/', skipping: No such file or directory.
05-27 12:24:11.896  2473  2473 W Finsky  : [1] com.google.android.finsky.FinskyApp.i(1468): No account configured on this device.
05-27 12:24:11.901  2473  2473 W Finsky  : [1] com.google.android.finsky.FinskyApp.i(1468): No account configured on this device.
05-27 12:24:11.903  2473  2473 W Finsky  : [1] com.google.android.finsky.FinskyApp.i(1468): No account configured on this device.
05-27 12:24:11.911  2473  2473 I Finsky  : [1] com.google.android.finsky.FinskyApp.onCreate(430): Initializing network with DFE https://android.clients.google.com/fdfe/
05-27 12:24:11.911  2473  2473 W Finsky  : [1] com.google.android.finsky.FinskyApp.i(1468): No account configured on this device.
05-27 12:24:11.918  2413  2425 D         : HostConnection::get() New Host Connection established 0x9d9f6500, tid 2425
05-27 12:24:11.921  1627  2040 V KeyValueBackupJob: Scheduling k/v pass in 244 minutes
05-27 12:24:11.924  2413  2425 D EGL_emulation: eglCreateContext: 0x9d9b3060: maj 2 min 0 rcv 2
05-27 12:24:11.926  2413  2425 D EGL_emulation: eglMakeCurrent: 0x9d9b3060: ver 2 0 (tinfo 0x858a7a80)
05-27 12:24:11.927  2473  2473 W Finsky  : [1] com.google.android.finsky.FinskyApp.i(1468): No account configured on this device.
05-27 12:24:11.927  2473  2473 W Finsky  : [1] com.google.android.finsky.FinskyApp.i(1468): No account configured on this device.
05-27 12:24:11.928  2473  2473 W Finsky  : [1] com.google.android.finsky.FinskyApp.i(1468): No account configured on this device.
05-27 12:24:11.929  2473  2473 W Finsky  : [1] com.google.android.finsky.FinskyApp.i(1468): No account configured on this device.
05-27 12:24:11.934  2473  2473 W Finsky  : [1] com.google.android.finsky.FinskyApp.i(1468): No account configured on this device.
05-27 12:24:11.934  2473  2473 W Finsky  : [1] com.google.android.finsky.FinskyApp.i(1468): No account configured on this device.
05-27 12:24:11.946  2473  2473 W Finsky  : [1] com.google.android.finsky.FinskyApp.i(1468): No account configured on this device.
05-27 12:24:11.946  2473  2473 W Finsky  : [1] com.google.android.finsky.FinskyApp.i(1468): No account configured on this device.
05-27 12:24:11.948  2473  2473 I Finsky  : [1] com.google.android.finsky.services.DailyHygiene.a(171): No need to run daily hygiene.
05-27 12:24:11.949  2473  2473 W Finsky  : [1] com.google.android.finsky.FinskyApp.i(1468): No account configured on this device.
05-27 12:24:11.953  2473  2473 W Settings: Setting download_manager_max_bytes_over_mobile has moved from android.provider.Settings.Secure to android.provider.Settings.Global.
05-27 12:24:11.954  2473  2473 W Settings: Setting download_manager_recommended_max_bytes_over_mobile has moved from android.provider.Settings.Secure to android.provider.Settings.Global.
05-27 12:24:11.955  2413  2425 D EGL_emulation: eglCreateContext: 0x9d9b3300: maj 2 min 0 rcv 2
05-27 12:24:11.957  2413  2425 D EGL_emulation: eglMakeCurrent: 0x9d9b3300: ver 2 0 (tinfo 0x858a7a80)
05-27 12:24:11.963  2473  2473 W Finsky  : [1] com.google.android.finsky.FinskyApp.i(1468): No account configured on this device.
05-27 12:24:11.964  2473  2473 W Finsky  : [1] com.google.android.finsky.FinskyApp.i(1468): No account configured on this device.
05-27 12:24:11.964  2473  2473 W Finsky  : [1] com.google.android.finsky.FinskyApp.i(1468): No account configured on this device.
05-27 12:24:11.965  2473  2473 W Finsky  : [1] com.google.android.finsky.FinskyApp.i(1468): No account configured on this device.
05-27 12:24:11.966  2473  2473 W Finsky  : [1] com.google.android.finsky.FinskyApp.i(1468): No account configured on this device.
05-27 12:24:11.966  2473  2473 W Finsky  : [1] com.google.android.finsky.FinskyApp.b(1150): No account configured on this device.
05-27 12:24:11.968  2473  2473 W Finsky  : [1] com.google.android.finsky.FinskyApp.i(1468): No account configured on this device.
05-27 12:24:11.969  2473  2513 W Finsky  : [145] com.google.android.finsky.FinskyApp.i(1468): No account configured on this device.
05-27 12:24:11.973  2514  2514 W art     : Unexpected CPU variant for X86 using defaults: x86
05-27 12:24:11.979  1627  1637 I ActivityManager: Start proc 2514:com.google.android.apps.maps/u0a58 for broadcast com.google.android.apps.maps/com.google.android.apps.gmm.navigation.service.detection.StartDetectionReceiver
05-27 12:24:11.985  2473  2473 I Finsky  : [1] com.google.android.finsky.c.l.a(270): result=false type=4
05-27 12:24:11.987  2197  2341 I CheckinUtil: Classify the device as Phone.
05-27 12:24:11.991  2473  2473 I Finsky  : [1] com.google.android.finsky.services.bc.a(1050): Restore complete with 0 success and 0 failed.
05-27 12:24:11.994  2473  2513 W Finsky  : [145] com.google.android.finsky.FinskyApp.i(1468): No account configured on this device.
05-27 12:24:11.996  2514  2514 W System  : ClassLoader referenced unknown path: /system/app/Maps/lib/x86
05-27 12:24:12.071  2197  2341 W System  : Ignoring header Cookie because its value was null.
05-27 12:24:12.071  2197  2341 I ProcessCheckinRequest: set cookie as: null
05-27 12:24:12.227  2545  2545 W art     : Unexpected CPU variant for X86 using defaults: x86
05-27 12:24:12.235  1627  1637 I ActivityManager: Start proc 2545:com.google.android.apps.photos/u0a63 for broadcast com.google.android.apps.photos/.camerashortcut.CameraShortcutBroadcastReceiver
05-27 12:24:12.239  2514  2537 W com.google.a.a.b.d.a: Application name is not set. Call Builder#setApplicationName.
05-27 12:24:12.242  2545  2545 W System  : ClassLoader referenced unknown path: /system/app/Photos/lib/x86
05-27 12:24:12.272  2277  2560 I BugleDataModel: ExpireWapPushSiMessageAction
05-27 12:24:12.273  2277  2560 V BugleDataModel: getOrCreateThreadId uri: content://mms-sms/threadID?recipient=%CA%BCWAP_PUSH_SI!%CA%BC
05-27 12:24:12.282  2277  2560 W BugleDataModel: ExpireWapPushSiMessageAction: no WAP Push SI messages
05-27 12:24:12.291  2197  2341 W Conscrypt: Could not set socket write timeout:
05-27 12:24:12.292  2197  2341 W Conscrypt:    java.lang.reflect.Method.invoke(Native Method)
05-27 12:24:12.292  2197  2341 W Conscrypt:    com.google.android.gms.org.conscrypt.Platform.setSocketWriteTimeout(:com.google.android.gms@11743470:13)
05-27 12:24:12.325  2197  2341 W Conscrypt: Could not set socket write timeout:
05-27 12:24:12.325  2197  2341 W Conscrypt:    java.lang.reflect.Method.invoke(Native Method)
05-27 12:24:12.325  2197  2341 W Conscrypt:    com.google.android.gms.org.conscrypt.Platform.setSocketWriteTimeout(:com.google.android.gms@11743470:13)
05-27 12:24:12.336  2197  2341 I ProcessCheckinRequest: REQUEST: b: "358240051111110"
05-27 12:24:12.336  2197  2341 I ProcessCheckinRequest: c: "020000000000"
05-27 12:24:12.336  2197  2341 I ProcessCheckinRequest: d: "wifi"
05-27 12:24:12.336  2197  2341 I ProcessCheckinRequest: e: "EMULATOR31X2X10X0"
05-27 12:24:12.336  2197  2341 I ProcessCheckinRequest: g: 4205965648272179206
05-27 12:24:12.336  2197  2341 I ProcessCheckinRequest: h: -6182720138425667240
05-27 12:24:12.336  2197  2341 I ProcessCheckinRequest: i: "1-625c8aad4315dd3979029399bd869cbd2fb9f658"
05-27 12:24:12.336  2197  2341 I ProcessCheckinRequest: j: "en_US"
05-27 12:24:12.336  2197  2341 I ProcessCheckinRequest: k <
05-27 12:24:12.336  2197  2341 I ProcessCheckinRequest:   a <
05-27 12:24:12.336  2197  2341 I ProcessCheckinRequest:     a: "google/sdk_google_phone_x86/generic_x86:7.0/NYC/4409132:user/release-keys"
05-27 12:24:12.336  2197  2341 I ProcessCheckinRequest:     c: "unknown"
05-27 12:24:12.336  2197  2341 I ProcessCheckinRequest:     d: "ranchu"
05-27 12:24:12.336  2197  2341 I ProcessCheckinRequest:     e: "google"
05-27 12:24:12.336  2197  2341 I ProcessCheckinRequest:     f: "unknown"
05-27 12:24:12.336  2197  2341 I ProcessCheckinRequest:     g: 1508534163
05-27 12:24:12.336  2197  2341 I ProcessCheckinRequest:     h: 11743470
05-27 12:24:12.336  2197  2341 I ProcessCheckinRequest:     i: 24
05-27 12:24:12.336  2197  2341 I ProcessCheckinRequest:     j: "generic_x86"
05-27 12:24:12.336  2197  2341 I ProcessCheckinRequest:     k: "Android SDK built for x86"
05-27 12:24:12.336  2197  2341 I ProcessCheckinRequest:     l: "Google"
05-27 12:24:12.336  2197  2341 I ProcessCheckinRequest:     m: "sdk_google_phone_x86"
05-27 12:24:12.336  2197  2341 I ProcessCheckinRequest:     n: false
05-27 12:24:12.336  2197  2341 I ProcessCheckinRequest:     o <
05-27 12:24:12.336  2197  2341 I ProcessCheckinRequest:       a: 2
05-27 12:24:12.336  2197  2341 I ProcessCheckinRequest:       b: "ms-unknown"
05-27 12:24:12.336  2197  2341 I ProcessCheckinRequest:     >
05-27 12:24:12.336  2197  2341 I ProcessCheckinRequest:     o <
05-27 12:24:12.336  2197  2341 I ProcessCheckinRequest:       a: 1
05-27 12:24:12.336  2197  2341 I ProcessCheckinRequest:       b: "unknown"
05-27 12:24:12.336  2197  2341 I ProcessCheckinRequest:     >
05-27 12:24:12.336  2197  2341 I ProcessCheckinRequest:     o <
05-27 12:24:12.336  2197  2341 I ProcessCheckinRequest:       a: 4
05-27 12:24:12.336  2197  2341 I ProcessCheckinRequest:       b: "gmm-unknown"
05-27 12:24:12.336  2197  2341 I ProcessCheckinRequest:     >
05-27 12:24:12.336  2197  2341 I ProcessCheckinRequest:     o <
05-27 12:24:12.336  2197  2341 I ProcessCheckinRequest:       a: 5
05-27 12:24:12.336  2197  2341 I ProcessCheckinRequest:       b: "mvapp-unknown"
05-27 12:24:12.336  2197  2341 I ProcessCheckinRequest:     >
05-27 12:24:12.336  2197  2341 I ProcessCheckinRequest:     o <
05-27 12:24:12.336  2197  2341 I ProcessCheckinRequest:       a: 6
05-27 12:24:12.336  2197  2341 I ProcessCheckinRequest:       b: "am-unknown"
05-27 12:24:12.336  2197  2341 I ProcessCheckinRequest:     >
05-27 12:24:12.336  2197  2341 I ProcessCheckinRequest:     o <
05-27 12:24:12.336  2197  2341 I ProcessCheckinRequest:       a: 9
05-27 12:24:12.336  2197  2341 I ProcessCheckinRequest:       b: "ms-unknown"
05-27 12:24:12.336  2197  2341 I ProcessCheckinRequest:     >
05-27 12:24:12.336  2197  2341 I ProcessCheckinRequest:     q: "2017-10-05"
05-27 12:24:12.336  2197  2341 I ProcessCheckinRequest:   >
05-27 12:24:12.336  2197  2341 I ProcessCheckinRequest:   b: 1653634410010
05-27 12:24:12.336  2197  2341 I ProcessCheckinRequest:   d <
05-27 12:24:12.336  2197  2341 I ProcessCheckinRequest:     a: "event_log"
05-27 12:24:12.336  2197  2341 I ProcessCheckinRequest:     c: 1653634410036
05-27 12:24:12.336  2197  2341 I ProcessCheckinRequest:   >
05-27 12:24:12.336  2197  2341 I ProcessCheckinRequest:   d <
05-27 12:24:12.336  2197  2341 I ProcessCheckinRequest:     a: "event_log_start"
05-27 12:24:12.336  2197  2341 I ProcessCheckinRequest:     c: 1653634451268
05-27 12:24:12.336  2197  2341 I ProcessCheckinRequest:   >
05-27 12:24:12.336  2197  2341 I ProcessCheckinRequest:   e: "310260"
05-27 12:24:12.336  2197  2341 I ProcessCheckinRequest:   f: "310260"
05-27 12:24:12.336  2197  2341 I ProcessCheckinRequest:   g: "MOBILE:LTE:"
05-27 12:24:12.336  2197  2341 I ProcessCheckinRequest:   h: true
05-27 12:24:12.336  2197  2341 I ProcessCheckinRequest:   i: 0
05-27 12:24:12.336  2197  2341 I ProcessCheckinRequest:   j: 2
05-27 12:24:12.336  2197  2341 I ProcessCheckinRequest:   k <
05-27 12:24:12.336  2197  2341 I ProcessCheckinRequest:     a: 8
05-27 12:24:12.336  2197  2341 I ProcessCheckinRequest:     b: 1
05-27 12:24:12.336  2197  2341 I ProcessCheckinRequest:     c: "unspecified"
05-27 12:24:12.336  2197  2341 I ProcessCheckinRequest:     d: ""
05-27 12:24:12.336  2197  2341 I ProcessCheckinRequest:     e: false
05-27 12:24:12.336  2197  2341 I ProcessCheckinRequest:   >
05-27 12:24:12.336  2197  2341 I ProcessCheckinRequest:   l <
05-27 12:24:12.336  2197  2341 I ProcessCheckinRequest:     a: "310260"
05-27 12:24:12.336  2197  2341 I ProcessCheckinRequest:     b: "Android"
05-27 12:24:12.336  2197  2341 I ProcessCheckinRequest:     c: "0"
05-27 12:24:12.336  2197  2341 I ProcessCheckinRequest:     d: 0
05-27 12:24:12.336  2197  2341 I ProcessCheckinRequest:     d: 1
05-27 12:24:12.336  2197  2341 I ProcessCheckinRequest:     d: 2
05-27 12:24:12.336  2197  2341 I ProcessCheckinRequest:     e: "310260000000000"
05-27 12:24:12.336  2197  2341 I ProcessCheckinRequest:     g: "\027L"
05-27 12:24:12.336  2197  2341 I ProcessCheckinRequest:   >
05-27 12:24:12.336  2197  2341 I ProcessCheckinRequest: >
05-27 12:24:12.336  2197  2341 I ProcessCheckinRequest: l: ""
05-27 12:24:12.336  2197  2341 I ProcessCheckinRequest: m: "Asia/Calcutta"
05-27 12:24:12.336  2197  2341 I ProcessCheckinRequest: n: 3966228030911604318
05-27 12:24:12.336  2197  2341 I ProcessCheckinRequest: o: 3
05-27 12:24:12.336  2197  2341 I ProcessCheckinRequest: p: "y5wIFYiBJJ1GbmKmqnQ2YIm1ovA="
05-27 12:24:12.336  2197  2341 I ProcessCheckinRequest: q <
05-27 12:24:12.336  2197  2341 I ProcessCheckinRequest:   a: 3
05-27 12:24:12.336  2197  2341 I ProcessCheckinRequest:   b: 2
05-27 12:24:12.336  2197  2341 I ProcessCheckinRequest:   c: 2
05-27 12:24:12.336  2197  2341 I ProcessCheckinRequest:   d: 2
05-27 12:24:12.336  2197  2341 I ProcessCheckinRequest:   e: true
05-27 12:24:12.336  2197  2341 I ProcessCheckinRequest:   f: true
05-27 12:24:12.336  2197  2341 I ProcessCheckinRequest:   g: 420
05-27 12:24:12.336  2197  2341 I ProcessCheckinRequest:   h: 1080
05-27 12:24:12.336  2197  2341 I ProcessCheckinRequest:   i: 1794
05-27 12:24:12.336  2197  2341 I ProcessCheckinRequest:   j: 131072
05-27 12:24:12.336  2197  2341 I ProcessCheckinRequest:   k: "android.ext.services"
05-27 12:24:12.336  2197  2341 I ProcessCheckinRequest:   k: "android.ext.shared"
05-27 12:24:12.336  2197  2341 I ProcessCheckinRequest:   k: "android.test.runner"
05-27 12:24:12.336  2197  2341 I ProcessCheckinRequest:   k: "com.android.location.provider"
05-27 12:24:12.336  2197  2341 I ProcessCheckinRequest:   k: "com.android.media.remotedisplay"
05-27 12:24:12.336  2197  2341 I ProcessCheckinRequest:   k: "com.android.mediadrm.signer"
05-27 12:24:12.336  2197  2341 I ProcessCheckinRequest:   k: "com.google.android.gms"
05-27 12:24:12.336  2197  2341 I ProcessCheckinRequest:   k: "com.google.android.maps"
05-27 12:24:12.336  2197  2341 I ProcessCheckinRequest:   k: "com.google.android.media.effects"
05-27 12:24:12.336  2197  2341 I ProcessCheckinRequest:   k: "javax.obex"
05-27 12:24:12.336  2197  2341 I ProcessCheckinRequest:   k: "org.apache.http.legacy"
05-27 12:24:12.336  2197  2341 I ProcessCheckinRequest:   l: "android.hardware.audio.output"
05-27 12:24:12.336  2197  2341 I ProcessCheckinRequest:   l: "android.hardware.camera"
05-27 12:24:12.336  2197  2341 I ProcessCheckinRequest:   l: "android.hardware.camera.any"
05-27 12:24:12.336  2197  2341 I ProcessCheckinRequest:   l: "android.hardware.faketouch"
05-27 12:24:12.336  2197  2341 I ProcessCheckinRequest:   l: "android.hardware.fingerprint"
05-27 12:24:12.336  2197  2341 I ProcessCheckinRequest:   l: "android.hardware.location"
05-27 12:24:12.336  2197  2341 I ProcessCheckinRequest:   l: "android.hardware.location.gps"
05-27 12:24:12.336  2197  2341 I ProcessCheckinRequest:   l: "android.hardware.location.network"
05-27 12:24:12.336  2197  2341 I ProcessCheckinRequest:   l: "android.hardware.microphone"
05-27 12:24:12.336  2197  2341 I ProcessCheckinRequest:   l: "android.hardware.screen.landscape"
05-27 12:24:12.336  2197  2341 I ProcessCheckinRequest:   l: "android.hardware.screen.portrait"
05-27 12:24:12.336  2197  2341 I ProcessCheckinRequest:   l: "android.hardware.sensor.accelerometer"
05-27 12:24:12.336  2197  2341 I ProcessCheckinRequest:   l: "android.hardware.sensor.ambient_temperature"
05-27 12:24:12.336  2197  2341 I ProcessCheckinRequest:   l: "android.hardware.sensor.barometer"
05-27 12:24:12.336  2197  2341 I ProcessCheckinRequest:   l: "android.hardware.sensor.compass"
05-27 12:24:12.336  2197  2341 I ProcessCheckinRequest:   l: "android.hardware.sensor.gyroscope"
05-27 12:24:12.336  2197  2341 I ProcessCheckinRequest:   l: "android.hardware.sensor.light"
05-27 12:24:12.336  2197  2341 I ProcessCheckinRequest:   l: "android.hardware.sensor.proximity"
05-27 12:24:12.336  2197  2341 I ProcessCheckinRequest:   l: "android.hardware.sensor.relative_humidity"
05-27 12:24:12.336  2197  2341 I ProcessCheckinRequest:   l: "android.hardware.telephony"
05-27 12:24:12.336  2197  2341 I ProcessCheckinRequest:   l: "android.hardware.telephony.gsm"
05-27 12:24:12.336  2197  2341 I ProcessCheckinRequest:   l: "android.hardware.touchscreen"
05-27 12:24:12.336  2197  2341 I ProcessCheckinRequest:   l: "android.hardware.touchscreen.multitouch"
05-27 12:24:12.336  2197  2341 I ProcessCheckinRequest:   l: "android.hardware.touchscreen.multitouch.distinct"
05-27 12:24:12.336  2197  2341 I ProcessCheckinRequest:   l: "android.hardware.touchscreen.multitouch.jazzhand"
05-27 12:24:12.336  2197  2341 I ProcessCheckinRequest:   l: "android.software.app_widgets"
05-27 12:24:12.336  2197  2341 I ProcessCheckinRequest:   l: "android.software.backup"
05-27 12:24:12.336  2197  2341 I ProcessCheckinRequest:   l: "android.software.connectionservice"
05-27 12:24:12.336  2197  2341 I ProcessCheckinRequest:   l: "android.software.device_admin"
05-27 12:24:12.336  2197  2341 I ProcessCheckinRequest:   l: "android.software.home_screen"
05-27 12:24:12.336  2197  2341 I ProcessCheckinRequest:   l: "android.software.input_methods"
05-27 12:24:12.336  2197  2341 I ProcessCheckinRequest:   l: "android.software.live_wallpaper"
05-27 12:24:12.336  2197  2341 I ProcessCheckinRequest:   l: "android.software.managed_users"
05-27 12:24:12.336  2197  2341 I ProcessCheckinRequest:   l: "android.software.midi"
05-27 12:24:12.336  2197  2341 I ProcessCheckinRequest:   l: "android.software.print"
05-27 12:24:12.336  2197  2341 I ProcessCheckinRequest:   l: "android.software.voice_recognizers"
05-27 12:24:12.336  2197  2341 I ProcessCheckinRequest:   l: "android.software.webview"
05-27 12:24:12.336  2197  2341 I ProcessCheckinRequest:   l: "com.google.android.feature.EXCHANGE_6_2"
05-27 12:24:12.336  2197  2341 I ProcessCheckinRequest:   l: "com.google.android.feature.GOOGLE_BUILD"
05-27 12:24:12.336  2197  2341 I ProcessCheckinRequest:   l: "com.google.android.feature.GOOGLE_EXPERIENCE"
05-27 12:24:12.336  2197  2341 I ProcessCheckinRequest:   m <
05-27 12:24:12.336  2197  2341 I ProcessCheckinRequest:     a: "android.hardware.audio.output"
05-27 12:24:12.336  2197  2341 I ProcessCheckinRequest:     b: 0
05-27 12:24:12.336  2197  2341 I ProcessCheckinRequest:   >
05-27 12:24:12.336  2197  2341 I ProcessCheckinRequest:   m <
05-27 12:24:12.336  2197  2341 I ProcessCheckinRequest:     a: "android.hardware.camera"
05-27 12:24:12.336  2197  2341 I ProcessCheckinRequest:     b: 0
05-27 12:24:12.336  2197  2341 I ProcessCheckinRequest:   >
05-27 12:24:12.336  2197  2341 I ProcessCheckinRequest:   m <
05-27 12:24:12.336  2197  2341 I ProcessCheckinRequest:     a: "android.hardware.camera.any"
05-27 12:24:12.336  2197  2341 I ProcessCheckinRequest:     b: 0
05-27 12:24:12.336  2197  2341 I ProcessCheckinRequest:   >
05-27 12:24:12.336  2197  2341 I ProcessCheckinRequest:   m <
05-27 12:24:12.336  2197  2341 I ProcessCheckinRequest:     a: "android.hardware.faketouch"
05-27 12:24:12.336  2197  2341 I ProcessCheckinRequest:     b: 0
05-27 12:24:12.336  2197  2341 I ProcessCheckinRequest:   >
05-27 12:24:12.336  2197  2341 I ProcessCheckinRequest:   m <
05-27 12:24:12.336  2197  2341 I ProcessCheckinRequest:     a: "android.hardware.fingerprint"
05-27 12:24:12.336  2197  2341 I ProcessCheckinRequest:     b: 0
05-27 12:24:12.336  2197  2341 I ProcessCheckinRequest:   >
05-27 12:24:12.336  2197  2341 I ProcessCheckinRequest:   m <
05-27 12:24:12.336  2197  2341 I ProcessCheckinRequest:     a: "android.hardware.location"
05-27 12:24:12.336  2197  2341 I ProcessCheckinRequest:     b: 0
05-27 12:24:12.336  2197  2341 I ProcessCheckinRequest:   >
05-27 12:24:12.336  2197  2341 I ProcessCheckinRequest:   m <
05-27 12:24:12.336  2197  2341 I ProcessCheckinRequest:     a: "android.hardware.location.gps"
05-27 12:24:12.336  2197  2341 I ProcessCheckinRequest:     b: 0
05-27 12:24:12.336  2197  2341 I ProcessCheckinRequest:   >
05-27 12:24:12.336  2197  2341 I ProcessCheckinRequest:   m <
05-27 12:24:12.336  2197  2341 I ProcessCheckinRequest:     a: "android.hardware.location.network"
05-27 12:24:12.336  2197  2341 I ProcessCheckinRequest:     b: 0
05-27 12:24:12.336  2197  2341 I ProcessCheckinRequest:   >
05-27 12:24:12.336  2197  2341 I ProcessCheckinRequest:   m <
05-27 12:24:12.336  2197  2341 I ProcessCheckinRequest:     a: "android.hardware.microphone"
05-27 12:24:12.336  2197  2341 I ProcessCheckinRequest:     b: 0
05-27 12:24:12.336  2197  2341 I ProcessCheckinRequest:   >
05-27 12:24:12.336  2197  2341 I ProcessCheckinRequest:   m <
05-27 12:24:12.336  2197  2341 I ProcessCheckinRequest:     a: "android.hardware.screen.landscape"
05-27 12:24:12.336  2197  2341 I ProcessCheckinRequest:     b: 0
05-27 12:24:12.336  2197  2341 I ProcessCheckinRequest:   >
05-27 12:24:12.336  2197  2341 I ProcessCheckinRequest:   m <
05-27 12:24:12.336  2197  2341 I ProcessCheckinRequest:     a: "android.hardware.screen.portrait"
05-27 12:24:12.336  2197  2341 I ProcessCheckinRequest:     b: 0
05-27 12:24:12.336  2197  2341 I ProcessCheckinRequest:   >
05-27 12:24:12.336  2197  2341 I ProcessCheckinRequest:   m <
05-27 12:24:12.336  2197  2341 I ProcessCheckinRequest:     a: "android.hardware.sensor.accelerometer"
05-27 12:24:12.336  2197  2341 I ProcessCheckinRequest:     b: 0
05-27 12:24:12.336  2197  2341 I ProcessCheckinRequest:   >
05-27 12:24:12.336  2197  2341 I ProcessCheckinRequest:   m <
05-27 12:24:12.336  2197  2341 I ProcessCheckinRequest:     a: "android.hardware.senso
05-27 12:24:12.378  2545  2545 W TrustedPartners: no provider found for com.motorola.camera.provider.bestshotprovider.BestShotProvider; do not trust
05-27 12:24:12.379  2545  2545 W TrustedPartners: no provider found for com.google.android.apps.photos.api.SpecialTypesProvider; do not trust
05-27 12:24:12.379  2545  2545 W TrustedPartners: no provider found for com.lge.photos.specialtypeprovider; do not trust
05-27 12:24:12.383  2573  2573 W art     : Unexpected CPU variant for X86 using defaults: x86
05-27 12:24:12.392  1627  1853 I ActivityManager: Start proc 2573:com.google.android.apps.photos:CameraShortcut/u0a63 for service com.google.android.apps.photos/.camerashortcut.CameraShortcutServiceImpl
05-27 12:24:12.397  2573  2573 W System  : ClassLoader referenced unknown path: /system/app/Photos/lib/x86
05-27 12:24:12.407  2589  2589 W art     : Unexpected CPU variant for X86 using defaults: x86
05-27 12:24:12.416  1627  2141 I ActivityManager: Start proc 2589:com.google.android.calendar/u0a33 for broadcast com.google.android.calendar/com.android.calendar.alerts.AlertReceiver
05-27 12:24:12.421  2589  2589 W System  : ClassLoader referenced unknown path: /system/app/CalendarGooglePrebuilt/lib/x86
05-27 12:24:12.435  2573  2573 W TrustedPartners: no provider found for com.motorola.camera.provider.bestshotprovider.BestShotProvider; do not trust
05-27 12:24:12.435  2573  2573 W TrustedPartners: no provider found for com.google.android.apps.photos.api.SpecialTypesProvider; do not trust
05-27 12:24:12.435  2573  2573 W TrustedPartners: no provider found for com.lge.photos.specialtypeprovider; do not trust
