06-08 10:56:37.419   531   531 V StorageManagerService: Package com.android.carrierconfig does not have legacy storage
06-08 10:56:37.419   531   531 V StorageManagerService: Package com.android.theme.color.green does not have legacy storage
06-08 10:56:37.419   531   531 V StorageManagerService: Package com.android.theme.color.ocean does not have legacy storage
06-08 10:56:37.419   531   531 V StorageManagerService: Package com.android.theme.color.space does not have legacy storage
06-08 10:56:37.419   531   531 V StorageManagerService: Package com.android.internal.systemui.navbar.threebutton does not have legacy storage
06-08 10:56:37.419   531   531 V StorageManagerService: Package android does not have legacy storage
06-08 10:56:37.419   531   531 V StorageManagerService: Package com.android.contacts does not have legacy storage
06-08 10:56:37.419   531   531 V StorageManagerService: Package com.android.camera2 does not have legacy storage
06-08 10:56:37.419   531   531 V StorageManagerService: Package com.android.theme.icon_pack.rounded.launcher does not have legacy storage
06-08 10:56:37.419   531   531 V StorageManagerService: Package com.android.egg does not have legacy storage
06-08 10:56:37.419   531   531 V StorageManagerService: Package com.android.mtp does not have legacy storage
06-08 10:56:37.419   531   531 V StorageManagerService: Package com.android.nfc does not have legacy storage
06-08 10:56:37.420   531   531 V StorageManagerService: Package com.android.ons does not have legacy storage
06-08 10:56:37.420   531   531 V StorageManagerService: Package com.android.stk does not have legacy storage
06-08 10:56:37.420   531   531 V StorageManagerService: Package com.android.backupconfirm does not have legacy storage
06-08 10:56:37.420   531   531 V StorageManagerService: Package com.google.android.deskclock does not have legacy storage
06-08 10:56:37.420   531   531 V StorageManagerService: Package com.android.internal.systemui.navbar.twobutton does not have legacy storage
06-08 10:56:37.420   531   531 V StorageManagerService: Package com.android.statementservice does not have legacy storage
06-08 10:56:37.420   531   531 V StorageManagerService: Package com.google.android.gm does not have legacy storage
06-08 10:56:37.420   531   531 V StorageManagerService: Package com.google.android.apps.tachyon has legacy storage
06-08 10:56:37.420   531   531 V StorageManagerService: Package com.android.settings.intelligence does not have legacy storage
06-08 10:56:37.420   531   531 V StorageManagerService: Package com.android.internal.systemui.navbar.gestural_extra_wide_back does not have legacy storage
06-08 10:56:37.420   531   531 V StorageManagerService: Package com.google.android.permissioncontroller does not have legacy storage
06-08 10:56:37.420   531   531 V StorageManagerService: Package com.google.android.setupwizard does not have legacy storage
06-08 10:56:37.420   531   531 V StorageManagerService: Package com.android.emulator.radio.config does not have legacy storage
06-08 10:56:37.420   531   531 V StorageManagerService: Package com.android.providers.settings does not have legacy storage
06-08 10:56:37.420   531   531 V StorageManagerService: Package com.android.sharedstoragebackup does not have legacy storage
06-08 10:56:37.420   531   531 V StorageManagerService: Package com.android.nfc.auto_generated_rro_product__ does not have legacy storage
06-08 10:56:37.420   531   531 V StorageManagerService: Package com.android.printspooler does not have legacy storage
06-08 10:56:37.420   531   531 V StorageManagerService: Package com.android.theme.icon_pack.filled.settings does not have legacy storage
06-08 10:56:37.420   531   531 V StorageManagerService: Package com.android.dreams.basic does not have legacy storage
06-08 10:56:37.420   531   531 V StorageManagerService: Package com.google.android.networkstack.tethering.emulator does not have legacy storage
06-08 10:56:37.420   531   531 V StorageManagerService: Package com.android.providers.settings.auto_generated_rro_product__ does not have legacy storage
06-08 10:56:37.420   531   531 V StorageManagerService: Package com.android.se does not have legacy storage
06-08 10:56:37.420   531   531 V StorageManagerService: Package com.android.inputdevices does not have legacy storage
06-08 10:56:37.421   531   531 V StorageManagerService: Package com.google.android.apps.wellbeing does not have legacy storage
06-08 10:56:37.421   531   531 V StorageManagerService: Package com.android.bips does not have legacy storage
06-08 10:56:37.421   531   531 V StorageManagerService: Package com.google.android.captiveportallogin does not have legacy storage
06-08 10:56:37.421   531   531 V StorageManagerService: Package com.android.theme.icon_pack.circular.settings does not have legacy storage
06-08 10:56:37.421   531   531 V StorageManagerService: Package com.android.musicfx does not have legacy storage
06-08 10:56:37.421   531   531 V StorageManagerService: Package com.google.android.apps.docs does not have legacy storage
06-08 10:56:37.421   531   531 V StorageManagerService: Package com.google.android.apps.maps does not have legacy storage
06-08 10:56:37.421   531   531 V StorageManagerService: Package com.google.android.modulemetadata does not have legacy storage
06-08 10:56:37.421   531   531 V StorageManagerService: Package com.android.internal.display.cutout.emulation.emu01 does not have legacy storage
06-08 10:56:37.421   531   531 V StorageManagerService: Package com.google.android.markup does not have legacy storage
06-08 10:56:37.421   531   531 V StorageManagerService: Package com.android.cellbroadcastreceiver does not have legacy storage
06-08 10:56:37.421   531   531 V StorageManagerService: Package com.google.android.webview does not have legacy storage
06-08 10:56:37.421   531   531 V StorageManagerService: Package com.android.theme.icon.teardrop does not have legacy storage
06-08 10:56:37.421   531   531 V StorageManagerService: Package com.google.android.networkstack does not have legacy storage
06-08 10:56:37.421   531   531 V StorageManagerService: Package com.android.server.telecom does not have legacy storage
06-08 10:56:37.421   531   531 V StorageManagerService: Package com.google.android.syncadapters.contacts does not have legacy storage
06-08 10:56:37.421   531   531 V StorageManagerService: Package com.android.theme.icon_pack.rounded.themepicker does not have legacy storage
06-08 10:56:37.421   531   531 V StorageManagerService: Package com.android.keychain does not have legacy storage
06-08 10:56:37.421   531   531 V StorageManagerService: Package com.android.server.telecom.auto_generated_rro_product__ does not have legacy storage
06-08 10:56:37.421   531   531 V StorageManagerService: Package com.google.android.overlay.googleconfig does not have legacy storage
06-08 10:56:37.421   531   531 V StorageManagerService: Package com.android.service.ims does not have legacy storage
06-08 10:56:37.422   531   531 V StorageManagerService: Package com.android.chrome does not have legacy storage
06-08 10:56:37.422   531   531 V StorageManagerService: Package com.android.dialer does not have legacy storage
06-08 10:56:37.422   531   531 V StorageManagerService: Package com.android.bips.auto_generated_rro_product__ does not have legacy storage
06-08 10:56:37.422   531   531 V StorageManagerService: Package com.android.theme.icon_pack.filled.systemui does not have legacy storage
06-08 10:56:37.422   531   531 V StorageManagerService: Package com.google.android.packageinstaller does not have legacy storage
06-08 10:56:37.422   531   531 V StorageManagerService: Package com.google.android.gms does not have legacy storage
06-08 10:56:37.422   531   531 V StorageManagerService: Package com.google.android.gsf does not have legacy storage
06-08 10:56:37.422   531   531 V StorageManagerService: Package com.google.android.ims does not have legacy storage
06-08 10:56:37.422   531   531 V StorageManagerService: Package com.google.android.tag does not have legacy storage
06-08 10:56:37.422   531   531 V StorageManagerService: Package com.google.android.tts does not have legacy storage
06-08 10:56:37.422   531   531 V StorageManagerService: Package com.google.android.overlay.permissioncontroller does not have legacy storage
06-08 10:56:37.422   531   531 V StorageManagerService: Package com.google.android.overlay.emulatorconfig does not have legacy storage
06-08 10:56:37.422   531   531 V StorageManagerService: Package com.android.calllogbackup does not have legacy storage
06-08 10:56:37.422   531   531 V StorageManagerService: Package com.google.android.partnersetup does not have legacy storage
06-08 10:56:37.422   531   531 V StorageManagerService: Package com.android.safetyregulatoryinfo does not have legacy storage
06-08 10:56:37.423   531   531 V StorageManagerService: Package com.google.android.apps.wallpaper.nexus does not have legacy storage
06-08 10:56:37.423   531   531 V StorageManagerService: Package com.android.localtransport does not have legacy storage
06-08 10:56:37.423   531   531 V StorageManagerService: Package com.google.android.videos does not have legacy storage
06-08 10:56:37.423   531   531 V StorageManagerService: Package com.google.android.apps.nexuslauncher does not have legacy storage
06-08 10:56:37.423   531   531 V StorageManagerService: Package com.android.carrierdefaultapp does not have legacy storage
06-08 10:56:37.423   531   531 V StorageManagerService: Package com.android.theme.font.notoserifsource does not have legacy storage
06-08 10:56:37.423   531   531 V StorageManagerService: Package com.android.theme.icon_pack.filled.android does not have legacy storage
06-08 10:56:37.424   531   531 V StorageManagerService: Package com.android.proxyhandler does not have legacy storage
06-08 10:56:37.424   531   531 V StorageManagerService: Package com.android.internal.display.cutout.emulation.waterfall does not have legacy storage
06-08 10:56:37.424   531   531 V StorageManagerService: Package com.android.theme.icon_pack.circular.systemui does not have legacy storage
06-08 10:56:37.424   531   531 V StorageManagerService: Package org.chromium.webview_shell does not have legacy storage
06-08 10:56:37.424   531   531 V StorageManagerService: Package com.android.providers.contacts.auto_generated_rro_product__ does not have legacy storage
06-08 10:56:37.424   531   531 V StorageManagerService: Package com.google.android.feedback does not have legacy storage
06-08 10:56:37.425   531   531 V StorageManagerService: Package com.google.android.printservice.recommendation does not have legacy storage
06-08 10:56:37.426   531   531 V StorageManagerService: Package com.google.android.apps.photos does not have legacy storage
06-08 10:56:37.426   531   531 V StorageManagerService: Package com.google.android.calendar does not have legacy storage
06-08 10:56:37.426   531   531 V StorageManagerService: Package com.android.managedprovisioning does not have legacy storage
06-08 10:56:37.426   531   531 V StorageManagerService: Package com.android.soundpicker does not have legacy storage
06-08 10:56:37.426   531   531 V StorageManagerService: Package com.google.android.documentsui does not have legacy storage
06-08 10:56:37.426   531   531 V StorageManagerService: Package com.google.mainline.telemetry does not have legacy storage
06-08 10:56:37.426   531   531 V StorageManagerService: Package com.android.carrierconfig.auto_generated_rro_product__ does not have legacy storage
06-08 10:56:37.426   531   531 V StorageManagerService: Package com.android.emulator.multidisplay does not have legacy storage
06-08 10:56:37.426   531   531 V StorageManagerService: Package com.android.providers.partnerbookmarks does not have legacy storage
06-08 10:56:37.426   531   531 V StorageManagerService: Package com.android.service.ims.presence does not have legacy storage
06-08 10:56:37.426   531   531 V StorageManagerService: Package com.android.wallpaper.livepicker does not have legacy storage
06-08 10:56:37.426   531   531 V StorageManagerService: Package com.android.providers.telephony.auto_generated_rro_product__ does not have legacy storage
06-08 10:56:37.427   531   531 V StorageManagerService: Package com.android.theme.icon.squircle does not have legacy storage
06-08 10:56:37.427   531   531 V StorageManagerService: Package com.google.android.sdksetup does not have legacy storage
06-08 10:56:37.427   531   531 V StorageManagerService: Package com.google.android.networkstack.permissionconfig does not have legacy storage
06-08 10:56:37.427   531   531 V StorageManagerService: Package com.android.storagemanager does not have legacy storage
06-08 10:56:37.427   531   531 V StorageManagerService: Package com.android.bookmarkprovider does not have legacy storage
06-08 10:56:37.427   531   531 V StorageManagerService: Package com.google.android.overlay.pixelconfigcommon does not have legacy storage
06-08 10:56:37.427   531   531 V StorageManagerService: Package com.android.settings does not have legacy storage
06-08 10:56:37.427   531   531 V StorageManagerService: Package com.google.android.apps.pixelmigrate has legacy storage
06-08 10:56:37.427   531   531 V StorageManagerService: Package com.android.theme.icon_pack.filled.launcher does not have legacy storage
06-08 10:56:37.427   531   531 V StorageManagerService: Package com.google.android.projection.gearhead does not have legacy storage
06-08 10:56:37.427   531   531 V StorageManagerService: Package com.google.tfmonitor does not have legacy storage
06-08 10:56:37.427   531   531 V StorageManagerService: Package com.android.cts.ctsshim does not have legacy storage
06-08 10:56:37.427   531   531 V StorageManagerService: Package com.google.android.wifi.resources does not have legacy storage
06-08 10:56:37.427   531   531 V StorageManagerService: Package com.android.theme.icon_pack.circular.launcher does not have legacy storage
06-08 10:56:37.427   531   531 V StorageManagerService: Package com.android.vpndialogs does not have legacy storage
06-08 10:56:37.428   531   531 V StorageManagerService: Package com.google.android.apps.wallpaper does not have legacy storage
06-08 10:56:37.428   531   531 V StorageManagerService: Package com.android.phone does not have legacy storage
06-08 10:56:37.428   531   531 V StorageManagerService: Package com.android.shell does not have legacy storage
06-08 10:56:37.428   531   531 V StorageManagerService: Package com.android.theme.icon_pack.filled.themepicker does not have legacy storage
06-08 10:56:37.428   531   531 V StorageManagerService: Package com.android.wallpaperbackup does not have legacy storage
06-08 10:56:37.428   531   531 V StorageManagerService: Package com.android.providers.blockednumber does not have legacy storage
06-08 10:56:37.428   531   531 V StorageManagerService: Package com.android.settings.auto_generated_rro_product__ does not have legacy storage
06-08 10:56:37.428   531   531 V StorageManagerService: Package com.android.providers.userdictionary does not have legacy storage
06-08 10:56:37.428   531   531 V StorageManagerService: Package com.android.emergency does not have legacy storage
06-08 10:56:37.428   531   531 V StorageManagerService: Package com.android.internal.systemui.navbar.gestural does not have legacy storage
06-08 10:56:37.428   531   531 V StorageManagerService: Package com.android.location.fused does not have legacy storage
06-08 10:56:37.429   531   531 V StorageManagerService: Package com.android.theme.color.orchid does not have legacy storage
06-08 10:56:37.429   531   531 V StorageManagerService: Package com.android.systemui does not have legacy storage
06-08 10:56:37.429   531   531 V StorageManagerService: Package com.google.android.apps.youtube.music has legacy storage
06-08 10:56:37.429   531   531 V StorageManagerService: Package com.android.theme.color.purple does not have legacy storage
06-08 10:56:37.429   531   531 V StorageManagerService: Package com.android.bluetoothmidiservice does not have legacy storage
06-08 10:56:37.429   531   531 V StorageManagerService: Package com.android.traceur does not have legacy storage
06-08 10:56:37.429   531   531 V StorageManagerService: Package com.google.android.apps.nexuslauncher.auto_generated_rro_product__ does not have legacy storage
06-08 10:56:37.429   531   531 V StorageManagerService: Package com.google.android.cellbroadcastreceiver does not have legacy storage
06-08 10:56:37.429   531   531 V StorageManagerService: Package com.android.phone.auto_generated_rro_product__ does not have legacy storage
06-08 10:56:37.429   531   531 V StorageManagerService: Package android.auto_generated_rro_product__ does not have legacy storage
06-08 10:56:37.429   531   531 V StorageManagerService: Package com.android.bluetooth does not have legacy storage
06-08 10:56:37.430   531   531 V StorageManagerService: Package com.android.providers.contacts does not have legacy storage
06-08 10:56:37.430   531   531 V StorageManagerService: Package com.android.theme.icon.roundedrect does not have legacy storage
06-08 10:56:37.430   531   531 V StorageManagerService: Package com.android.internal.systemui.navbar.gestural_narrow_back does not have legacy storage
06-08 10:56:37.430   531   531 V StorageManagerService: Package com.android.theme.icon_pack.rounded.settings does not have legacy storage
06-08 10:56:37.430   531   531 V StorageManagerService: Package com.google.android.inputmethod.latin does not have legacy storage
06-08 10:56:37.430   531   531 V StorageManagerService: Package com.android.theme.icon_pack.circular.android does not have legacy storage
06-08 10:56:37.430   531   531 V StorageManagerService: Package com.google.android.apps.restore has legacy storage
06-08 10:56:37.433   531   531 I SystemServerTiming: ssm.onStartUser-0_com.android.server.usage.StorageStatsService$Lifecycle
06-08 10:56:37.433   531   531 I SystemServerTiming: ssm.onStartUser-0_com.android.server.UiModeManagerService
06-08 10:56:37.433   531   531 I SystemServerTiming: ssm.onStartUser-0_com.android.server.locksettings.LockSettingsService$Lifecycle
06-08 10:56:37.433   531   531 I SystemServerTiming: ssm.onStartUser-0_com.android.server.testharness.TestHarnessModeService
06-08 10:56:37.433   531   531 I SystemServerTiming: ssm.onStartUser-0_com.android.server.DeviceIdleController
06-08 10:56:37.433   531   531 I SystemServerTiming: ssm.onStartUser-0_com.android.server.devicepolicy.DevicePolicyManagerService$Lifecycle
06-08 10:56:37.433   531   531 I SystemServerTiming: ssm.onStartUser-0_com.android.server.contentcapture.ContentCaptureManagerService
06-08 10:56:37.434   531   531 I SystemServerTiming: ssm.onStartUser-0_com.android.server.systemcaptions.SystemCaptionsManagerService
06-08 10:56:37.434   531   531 I SystemServerTiming: ssm.onStartUser-0_com.android.server.appprediction.AppPredictionManagerService
06-08 10:56:37.434   531   531 I SystemServerTiming: ssm.onStartUser-0_com.android.server.contentsuggestions.ContentSuggestionsManagerService
06-08 10:56:37.434   531   531 I SystemServerTiming: ssm.onStartUser-0_com.android.server.textservices.TextServicesManagerService$Lifecycle
06-08 10:56:37.434   531   531 I SystemServerTiming: ssm.onStartUser-0_com.android.server.textclassifier.TextClassificationManagerService$Lifecycle
06-08 10:56:37.434   531   531 I SystemServerTiming: ssm.onStartUser-0_com.android.server.NetworkScoreService$Lifecycle
06-08 10:56:37.434   531   531 I SystemServerTiming: ssm.onStartUser-0_com.android.server.wifi.WifiService
06-08 10:56:37.434   531   531 I SystemServerTiming: ssm.onStartUser-0_com.android.server.wifi.scanner.WifiScanningService
06-08 10:56:37.434   531   531 I SystemServerTiming: ssm.onStartUser-0_com.android.server.wifi.p2p.WifiP2pService
06-08 10:56:37.434   531   531 I SystemServerTiming: ssm.onStartUser-0_com.android.server.notification.NotificationManagerService
06-08 10:56:37.434   531   531 I SystemServerTiming: ssm.onStartUser-0_com.android.server.storage.DeviceStorageMonitorService
06-08 10:56:37.434   531   531 I SystemServerTiming: ssm.onStartUser-0_com.android.server.location.LocationManagerService$Lifecycle
06-08 10:56:37.437   531   531 I SystemServerTiming: ssm.onStartUser-0_com.android.server.timedetector.TimeDetectorService$Lifecycle
06-08 10:56:37.437   531   531 I SystemServerTiming: ssm.onStartUser-0_com.android.server.timezonedetector.TimeZoneDetectorService$Lifecycle
06-08 10:56:37.437   531   531 I SystemServerTiming: ssm.onStartUser-0_com.android.server.search.SearchManagerService$Lifecycle
06-08 10:56:37.437   531   531 I SystemServerTiming: ssm.onStartUser-0_com.android.server.wallpaper.WallpaperManagerService$Lifecycle
06-08 10:56:37.437   531   531 I SystemServerTiming: ssm.onStartUser-0_com.android.server.audio.AudioService$Lifecycle
06-08 10:56:37.437   531   531 I SystemServerTiming: ssm.onStartUser-0_com.android.server.soundtrigger_middleware.SoundTriggerMiddlewareService$Lifecycle
06-08 10:56:37.437   531   531 I SystemServerTiming: ssm.onStartUser-0_com.android.server.DockObserver
06-08 10:56:37.437   531   531 I SystemServerTiming: ssm.onStartUser-0_com.android.server.midi.MidiService$Lifecycle
06-08 10:56:37.437   531   531 I SystemServerTiming: ssm.onStartUser-0_com.android.server.adb.AdbService$Lifecycle
06-08 10:56:37.438   531   531 I SystemServerTiming: ssm.onStartUser-0_com.android.server.usb.UsbService$Lifecycle
06-08 10:56:37.438   531   531 I SystemServerTiming: ssm.onStartUser-0_com.android.server.twilight.TwilightService
06-08 10:56:37.438   531   531 I SystemServerTiming: ssm.onStartUser-0_com.android.server.display.color.ColorDisplayService
06-08 10:56:37.438   531   531 I SystemServerTiming: ssm.onStartUser-0_com.android.server.job.JobSchedulerService
06-08 10:56:37.438   531   531 I SystemServerTiming: ssm.onStartUser-0_com.android.server.soundtrigger.SoundTriggerService
06-08 10:56:37.438   531   531 I SystemServerTiming: ssm.onStartUser-0_com.android.server.trust.TrustManagerService
06-08 10:56:37.440   531   531 I SystemServerTiming: ssm.onStartUser-0_com.android.server.backup.BackupManagerService$Lifecycle
06-08 10:56:37.440   531   531 I SystemServerTiming: ssm.onStartUser-0_com.android.server.appwidget.AppWidgetService
06-08 10:56:37.440   531   531 I SystemServerTiming: ssm.onStartUser-0_com.android.server.role.RoleManagerService
06-08 10:56:37.448   531   531 I SystemServerTiming: ssm.onStartUser-0_com.android.server.voiceinteraction.VoiceInteractionManagerService
06-08 10:56:37.448   531   531 I SystemServerTiming: ssm.onStartUser-0_com.android.server.GestureLauncherService
06-08 10:56:37.448   531   531 I SystemServerTiming: ssm.onStartUser-0_com.android.server.SensorNotificationService
06-08 10:56:37.448   531   531 I SystemServerTiming: ssm.onStartUser-0_com.android.server.emergency.EmergencyAffordanceService
06-08 10:56:37.448   531   531 I SystemServerTiming: ssm.onStartUser-0_com.android.server.dreams.DreamManagerService
06-08 10:56:37.448   531   531 I SystemServerTiming: ssm.onStartUser-0_com.android.server.print.PrintManagerService
06-08 10:56:37.448   531   531 I SystemServerTiming: ssm.onStartUser-0_com.android.server.companion.CompanionDeviceManagerService
06-08 10:56:37.448   531   531 I SystemServerTiming: ssm.onStartUser-0_com.android.server.restrictions.RestrictionsManagerService
06-08 10:56:37.448   531   531 I SystemServerTiming: ssm.onStartUser-0_com.android.server.blob.BlobStoreManagerService
06-08 10:56:37.448   531   531 I SystemServerTiming: ssm.onStartUser-0_com.android.server.media.MediaSessionService
06-08 10:56:37.448   531   531 I SystemServerTiming: ssm.onStartUser-0_com.android.server.media.MediaResourceMonitorService
06-08 10:56:37.448   531   531 I SystemServerTiming: ssm.onStartUser-0_com.android.server.biometrics.fingerprint.FingerprintService
06-08 10:56:37.448   531   531 I SystemServerTiming: ssm.onStartUser-0_com.android.server.biometrics.BiometricService
06-08 10:56:37.449   531   531 I SystemServerTiming: ssm.onStartUser-0_com.android.server.biometrics.AuthService
06-08 10:56:37.449   531   531 I SystemServerTiming: ssm.onStartUser-0_com.android.server.pm.ShortcutService$Lifecycle
06-08 10:56:37.449   531   531 I SystemServerTiming: ssm.onStartUser-0_com.android.server.pm.LauncherAppsService
06-08 10:56:37.449   531   531 I SystemServerTiming: ssm.onStartUser-0_com.android.server.pm.CrossProfileAppsService
06-08 10:56:37.449   531   531 I SystemServerTiming: ssm.onStartUser-0_com.android.server.people.PeopleService
06-08 10:56:37.449   531   531 I SystemServerTiming: ssm.onStartUser-0_com.android.server.media.projection.MediaProjectionManagerService
06-08 10:56:37.449   531   531 I SystemServerTiming: ssm.onStartUser-0_com.android.server.slice.SliceManagerService$Lifecycle
06-08 10:56:37.449   531   531 I SystemServerTiming: ssm.onStartUser-0_com.android.server.camera.CameraServiceProxy
06-08 10:56:37.450   531   531 I SystemServerTiming: ssm.onStartUser-0_com.android.server.stats.StatsCompanion$Lifecycle
06-08 10:56:37.450   531   531 I SystemServerTiming: ssm.onStartUser-0_com.android.server.stats.pull.StatsPullAtomService
06-08 10:56:37.450   531   531 I SystemServerTiming: ssm.onStartUser-0_com.android.server.incident.IncidentCompanionService
06-08 10:56:37.450   531   531 I SystemServerTiming: ssm.onStartUser-0_com.android.server.MmsServiceBroker
06-08 10:56:37.450   531   531 I SystemServerTiming: ssm.onStartUser-0_com.android.server.autofill.AutofillManagerService
06-08 10:56:37.451   531   531 I SystemServerTiming: ssm.onStartUser-0_com.android.server.clipboard.ClipboardService
06-08 10:56:37.451   531   531 I SystemServerTiming: ssm.onStartUser-0_com.android.server.appbinding.AppBindingService$Lifecycle
06-08 10:56:37.452   531   531 I SystemServerTiming: ssm.onStartUser-0_com.android.server.policy.PermissionPolicyService
06-08 10:56:37.452   531   531 I SystemServerTiming: ssm.onStartUser-0_com.android.server.pm.StagingManager$Lifecycle
06-08 10:56:37.452   531   531 I SystemServerTiming: startPersistentApps
06-08 10:56:37.454   531   531 D CompatibilityChangeReporter: Compat change id reported: 135634846; UID 1068; state: DISABLED
06-08 10:56:37.458   531   531 D CompatibilityChangeReporter: Compat change id reported: 135634846; UID 1001; state: DISABLED
06-08 10:56:37.459   531   531 I SystemServerTiming: startHomeOnAllDisplays
06-08 10:56:37.460   531   531 I ActivityTaskManager: START u0 {act=android.intent.action.MAIN cat=[android.intent.category.HOME] flg=0x10000100 cmp=com.android.settings/.FallbackHome} from uid 0
06-08 10:56:37.869   531   531 I SystemServerTiming: showSystemReadyErrorDialogs
06-08 10:56:37.972   531   531 I SystemServerTiming: sendUserStartBroadcast
06-08 10:56:37.972   531   531 I SystemServerTiming: resumeTopActivities
06-08 10:56:37.973   531   531 I SystemServerTiming: sendUserSwitchBroadcasts
06-08 10:56:37.974   531   531 I SystemServerTiming: setBinderProxies
06-08 10:56:37.974   531   561 W ActivityManager: Slow operation: 522ms so far, now at startProcess: done updating battery stats
06-08 10:56:37.975   531   561 W ActivityManager: Slow operation: 522ms so far, now at startProcess: building log message
06-08 10:56:37.975   531   561 I ActivityManager: Start proc 890:com.android.se/1068 for added application com.android.se
06-08 10:56:37.975   531   561 W ActivityManager: Slow operation: 522ms so far, now at startProcess: starting to update pids map
06-08 10:56:37.975   531   561 W ActivityManager: Slow operation: 522ms so far, now at startProcess: done updating pids map
06-08 10:56:37.975   531   531 W Looper  : Slow delivery took 5229ms main h=android.app.PropertyInvalidatedCache$AutoCorker$1 c=null m=0
06-08 10:56:37.975   531   561 W ActivityManager: Slow operation: 519ms so far, now at startProcess: asking zygote to start proc
06-08 10:56:37.989   531   551 D CompatibilityChangeReporter: Compat change id reported: 135634846; UID 1000; state: DISABLED
06-08 10:56:37.999   531   561 W ActivityManager: Slow operation: 542ms so far, now at startProcess: returned from zygote!
06-08 10:56:38.001   531   561 W ActivityManager: Slow operation: 544ms so far, now at startProcess: done updating battery stats
06-08 10:56:38.001   531   561 I Watchdog: Interesting Java process com.android.phone started. Pid 928
06-08 10:56:38.001   531   561 W ActivityManager: Slow operation: 544ms so far, now at startProcess: building log message
06-08 10:56:38.001   531   561 I ActivityManager: Start proc 928:com.android.phone/1001 for added application com.android.phone
06-08 10:56:38.002   531   561 W ActivityManager: Slow operation: 544ms so far, now at startProcess: starting to update pids map
06-08 10:56:38.008   531   561 W ActivityManager: Slow operation: 551ms so far, now at startProcess: done updating pids map
06-08 10:56:38.071   531   561 W ActivityManager: Slow operation: 83ms so far, now at startProcess: returned from zygote!
06-08 10:56:38.078   531   561 W ActivityManager: Slow operation: 90ms so far, now at startProcess: done updating battery stats
06-08 10:56:38.078   531   561 W ActivityManager: Slow operation: 90ms so far, now at startProcess: building log message
06-08 10:56:38.078   531   561 I ActivityManager: Start proc 956:com.android.settings/1000 for top-activity {com.android.settings/com.android.settings.FallbackHome}
06-08 10:56:38.078   531   561 W ActivityManager: Slow operation: 90ms so far, now at startProcess: starting to update pids map
06-08 10:56:38.083   531   561 W ActivityManager: Slow operation: 95ms so far, now at startProcess: done updating pids map
06-08 10:56:38.112   531   531 W Looper  : Slow dispatch took 136ms main h=android.app.ActivityThread$H c=null m=156
06-08 10:56:38.118   531   531 D ConditionProviders.SCP: onConnected
06-08 10:56:38.130   531   732 D ConnectivityService: requestNetwork for uid/pid:1073/858 NetworkRequest [ TRACK_DEFAULT id=10, [ Capabilities: INTERNET&NOT_RESTRICTED&TRUSTED Uid: 1073 AdministratorUids: [] RequestorUid: 1073 RequestorPackageName: com.google.android.networkstack] ]
06-08 10:56:38.131   531   650 D ConnectivityService: NetReassign [no changes]
06-08 10:56:38.133   531   650 D ConnectivityService: NetReassign [no changes]
06-08 10:56:38.151   531   531 D ConditionProviders: Subscribing to condition://android/event?userId=-10000&calendar=&reply=1 with ComponentInfo{android/com.android.server.notification.EventConditionProvider}
06-08 10:56:38.151   531   531 D ConditionProviders: Subscribing to condition://android/schedule?days=1.2.3.4.5.6.7&start=22.0&end=7.0&exitAtAlarm=true with ComponentInfo{android/com.android.server.notification.ScheduleConditionProvider}
06-08 10:56:38.151   531   531 V FingerprintService: starting client EnumerateClient(android) targetUserId: 0 currentUserId: 0 cookie: 0/0
06-08 10:56:38.176   531   531 D CompatibilityChangeReporter: Compat change id reported: 135634846; UID 10146; state: DISABLED
06-08 10:56:38.179   531   561 D CompatibilityChangeReporter: Compat change id reported: 143937733; UID 10146; state: ENABLED
06-08 10:56:38.198   531   561 I ActivityManager: Start proc 985:com.google.android.ext.services/u0a146 for service {com.google.android.ext.services/android.ext.services.autofill.InlineSuggestionRenderServiceImpl}
06-08 10:56:38.450   531   531 W Looper  : Slow dispatch took 267ms main h=android.app.ActivityThread$H c=null m=159
06-08 10:56:38.450   713   713 W ActivityThread: Failed to find provider info for com.google.android.apps.turbo.estimated_time_remaining (user not unlocked)
06-08 10:56:38.522   531   623 D ConnectivityService: requestNetwork for uid/pid:1073/858 NetworkRequest [ REQUEST id=12, [ Capabilities: INTERNET&NOT_RESTRICTED&TRUSTED&NOT_VPN AdministratorUids: [] RequestorUid: 1073 RequestorPackageName: com.google.android.networkstack] ]
06-08 10:56:38.525   531   650 D ConnectivityService: NetReassign [no changes]
06-08 10:56:38.766   531   551 I ActivityManagerTiming: FinishBooting
06-08 10:56:38.766   531   551 W KeyguardServiceDelegate: onScreenTurningOn(): no keyguard service!
06-08 10:56:38.946   531   547 D CompatibilityChangeReporter: Compat change id reported: 135634846; UID 10137; state: DISABLED
06-08 10:56:38.947   531   561 D CompatibilityChangeReporter: Compat change id reported: 143937733; UID 10137; state: ENABLED
06-08 10:56:38.974   531   561 I ActivityManager: Start proc 1057:com.google.android.apps.nexuslauncher/u0a137 for service {com.google.android.apps.nexuslauncher/com.android.quickstep.TouchInteractionService}
06-08 10:56:39.212   531   559 D StatsPullAtomService: Registering NetworkStats pullers with statsd
06-08 10:56:39.221   531   531 W Looper  : Slow dispatch took 710ms main h=android.app.ActivityThread$H c=null m=114
06-08 10:56:39.333   531   531 D BluetoothManagerService: Creating new ProfileServiceConnections object for profile: 1
06-08 10:56:39.333   531   531 D BluetoothManagerService: Unable to bindService while Bluetooth is disabled
06-08 10:56:39.349   531  1101 I Telecom : BluetoothRouteManager: getBluetoothAudioConnectedDevice: no service available.
06-08 10:56:39.374   531   926 D CompatibilityChangeReporter: Compat change id reported: 124107808; UID 1001; state: ENABLED
06-08 10:56:39.382   531   531 I Telecom : SystemStateHelper: Registering car mode receiver: android.content.IntentFilter@ec47850: TS.init@AAA
06-08 10:56:39.433   531  1104 I Telecom : Logging.Events: Non-call EVENT: AUDIO_ROUTE, Entering state QuiescentSpeakerRoute
06-08 10:56:39.433   531  1104 I Telecom : BluetoothRouteManager: getBluetoothAudioConnectedDevice: no service available.
06-08 10:56:39.460   531  1106 I Telecom : CallAudioModeStateMachine: Message received: null.: TS.init->CAMSM.pM_1@AAA
06-08 10:56:39.464   531   531 I Telecom : MissedCallNotifierImpl: reloadFromDatabase: Boot not yet complete -- call log db may not be available. Deferring loading until boot complete for user 0: TS.init@AAA
06-08 10:56:39.466   531   531 I Telecom : MissedCallNotifierImpl: reloadFromDatabase: Boot not yet complete -- call log db may not be available. Deferring loading until boot complete for user 0: TS.init@AAA
06-08 10:56:39.467   531   531 D BluetoothManagerService: Creating new ProfileServiceConnections object for profile: 1
06-08 10:56:39.467   531   531 D BluetoothManagerService: Unable to bindService while Bluetooth is disabled
06-08 10:56:39.478   531   531 I Telecom : Class: TelecomSystem.INSTANCE being set
06-08 10:56:39.485   531   531 W ContextImpl: Calling a method in the system process without a qualified user: android.app.ContextImpl.startService:1669 android.content.ContextWrapper.startService:720 com.android.server.telecom.components.TelecomService.initializeTelecomSystem:197 com.android.server.telecom.components.TelecomService.onBind:71 android.app.ActivityThread.handleBindService:4219 
06-08 10:56:39.487   531   531 W Looper  : Slow dispatch took 265ms main h=android.app.ActivityThread$H c=null m=121
06-08 10:56:39.492   531   531 D PackageWatchdog: Getting all observed packages pending health checks
06-08 10:56:39.492   531   531 I PackageWatchdog: Syncing health check requests for packages: {}
06-08 10:56:39.492   531   531 I ExplicitHealthCheckController: Service not ready to get health check supported packages. Binding...
06-08 10:56:39.492   531   650 D ConnectivityService: NetReassign [no changes]
06-08 10:56:39.494   531   531 I ExplicitHealthCheckController: Explicit health check service is bound
06-08 10:56:39.550   531   550 E BluetoothManagerService: MESSAGE_TIMEOUT_BIND
06-08 10:56:39.567   531   531 D BluetoothManagerService: Bluetooth Adapter name changed to sdk_gphone_x86_64
06-08 10:56:39.567   531   531 D BluetoothManagerService: Stored Bluetooth name: sdk_gphone_x86_64
06-08 10:56:39.582   531   531 E TrustManagerService: EXTRA_USER_HANDLE missing or invalid, value=0
06-08 10:56:39.588   531   560 I DropBoxManagerService: add tag=system_server_wtf isTagEnabled=true flags=0x2
06-08 10:56:39.602   531   531 V ConditionProviders: enabling condition provider for 0: ComponentInfo{com.google.android.apps.wellbeing/com.google.android.apps.wellbeing.dnd.impl.DndConditionProviderService}
06-08 10:56:39.602   531   531 V ConditionProviders: Not registering ComponentInfo{com.google.android.apps.wellbeing/com.google.android.apps.wellbeing.dnd.impl.DndConditionProviderService} is already bound
06-08 10:56:39.602   531   531 V NotificationListeners: enabling notification listener for 0: ComponentInfo{com.google.android.apps.nexuslauncher/com.android.launcher3.notification.NotificationListener}
06-08 10:56:39.603   531   531 V NotificationListeners: binding: Intent { act=android.service.notification.NotificationListenerService cmp=com.google.android.apps.nexuslauncher/com.android.launcher3.notification.NotificationListener (has extras) }
06-08 10:56:39.603   531   531 W ActivityManager: Unable to start service Intent { act=android.service.notification.NotificationListenerService cmp=com.google.android.apps.nexuslauncher/com.android.launcher3.notification.NotificationListener } U=0: not found
06-08 10:56:39.603   531   531 W NotificationListeners: Unable to bind notification listener service: Intent { act=android.service.notification.NotificationListenerService cmp=com.google.android.apps.nexuslauncher/com.android.launcher3.notification.NotificationListener (has extras) } in user 0
06-08 10:56:39.603   531   531 V NotificationAssistants: enabling notification assistant for 0: ComponentInfo{com.google.android.ext.services/android.ext.services.notification.Assistant}
06-08 10:56:39.603   531   531 V NotificationAssistants: binding: Intent { act=android.service.notification.NotificationAssistantService cmp=com.google.android.ext.services/android.ext.services.notification.Assistant (has extras) }
06-08 10:56:39.706   531   531 W BroadcastQueue: Background execution not allowed: receiving Intent { act=android.intent.action.ACTION_POWER_DISCONNECTED flg=0x4000010 (has extras) } to com.google.android.gms/.chimera.GmsIntentOperationService$PersistentTrustedReceiver
06-08 10:56:39.709   531   531 D BluetoothManagerService: BluetoothServiceConnection: com.android.bluetooth.btservice.AdapterService
06-08 10:56:39.709   531   550 D BluetoothManagerService: MESSAGE_BLUETOOTH_SERVICE_CONNECTED: 1
06-08 10:56:39.712   531   550 D BluetoothManagerService: Broadcasting onBluetoothServiceUp() to 2 receivers.
06-08 10:56:39.714   531   531 D ConditionProviders.SCP: onSubscribe condition://android/schedule?days=1.2.3.4.5.6.7&start=22.0&end=7.0&exitAtAlarm=true
06-08 10:56:39.714   531   531 D ConditionProviders.SCP: setRegistered true
06-08 10:56:39.717   531   550 D BluetoothManagerService: MESSAGE_BLUETOOTH_STATE_CHANGE: OFF > BLE_TURNING_ON
06-08 10:56:39.717   531   550 D BluetoothManagerService: Sending BLE State Change: OFF > BLE_TURNING_ON
06-08 10:56:39.736   531   531 D ConditionProviders.SCP: evaluateSubscriptionLocked cal=ScheduleCalendar[mDays={1, 2, 3, 4, 5, 6, 7}, mSchedule=ScheduleInfo{days=[1, 2, 3, 4, 5, 6, 7], startHour=22, startMinute=0, endHour=7, endMinute=0, exitAtAlarm=true, nextAlarm=Thu Jan 01 05:30:00 GMT+05:30 1970 (0)}], now=Wed Jun 08 10:56:39 GMT+05:30 2022 (1654665999714), nextUserAlarmTime=Thu Jan 01 05:30:00 GMT+05:30 1970 (0)
06-08 10:56:39.736   531   531 D ConditionProviders.SCP: notifyCondition condition://android/schedule?days=1.2.3.4.5.6.7&start=22.0&end=7.0&exitAtAlarm=true STATE_FALSE reason=!meetsSchedule
06-08 10:56:39.738   531   531 D ConditionProviders.SCP: Scheduling evaluate for Wed Jun 08 22:00:00 GMT+05:30 2022 (1654705800000), in +11h3m20s286ms, now=Wed Jun 08 10:56:39 GMT+05:30 2022 (1654665999714)
06-08 10:56:39.745   531   531 V FingerprintService: handleEnumeratedTemplate: 0
06-08 10:56:39.745   531   531 V FingerprintService: Matched: false
06-08 10:56:39.745   531   531 V FingerprintService: Done with client: android
06-08 10:56:39.745   531   531 V FingerprintService: clearEnumerateState()
06-08 10:56:39.745   531   531 I ConnectivityModuleConnector: Networking module service connected
06-08 10:56:39.762   531   656 W ActivityThread: Failed to find provider info for com.android.calendar (user not unlocked)
06-08 10:56:39.763   531   656 W ActivityThread: Failed to find provider info for com.android.calendar (user not unlocked)
06-08 10:56:39.780   531   546 D ConnectivityService: requestNetwork for uid/pid:10144/713 NetworkRequest [ TRACK_DEFAULT id=15, [ Capabilities: INTERNET&NOT_RESTRICTED&TRUSTED Uid: 10144 AdministratorUids: [] RequestorUid: 10144 RequestorPackageName: com.android.systemui] ]
06-08 10:56:39.781   531   650 D ConnectivityService: NetReassign [no changes]
06-08 10:56:39.781   531   650 D ConnectivityService: NetReassign [no changes]
06-08 10:56:39.797   531   531 I ConnectivityModuleConnector: Networking module service connected
06-08 10:56:39.798   531   531 I Telecom : WiredHeadsetManager: ACTION_HEADSET_PLUG event, plugged in: false, : WHC.oADA@AAE
06-08 10:56:39.802   531   732 D ConnectivityService: requestNetwork for uid/pid:10144/713 NetworkRequest [ TRACK_DEFAULT id=16, [ Capabilities: INTERNET&NOT_RESTRICTED&TRUSTED Uid: 10144 AdministratorUids: [] RequestorUid: 10144 RequestorPackageName: com.android.systemui] ]
06-08 10:56:39.803   531   650 D ConnectivityService: NetReassign [no changes]
06-08 10:56:39.803   531   531 I ExplicitHealthCheckController: Explicit health check service is connected ComponentInfo{com.google.android.ext.services/android.ext.services.watchdog.ExplicitHealthCheckServiceImpl}
06-08 10:56:39.803   531   531 I ExplicitHealthCheckController: Service initialized, syncing requests
06-08 10:56:39.805   531   531 I ContentCaptureManagerService: Updating for user 0: disabled=false
06-08 10:56:39.806   531   531 E ContentCapturePerUserService: Bad service name: com.google.android.as/com.google.android.apps.miphone.aiai.app.AiAiContentCaptureService
06-08 10:56:39.807   531   531 I chatty  : uid=1000(system) Binder:531_3 identical 1 line
06-08 10:56:39.807   531   531 E ContentCapturePerUserService: Bad service name: com.google.android.as/com.google.android.apps.miphone.aiai.app.AiAiContentCaptureService
06-08 10:56:39.807   531   531 I ContentSuggestionsManagerService: Updating for user 0: disabled=false
06-08 10:56:39.807   531   650 D ConnectivityService: Got NetworkProvider Messenger for PhoneSwitcherNetworkRequstListener
06-08 10:56:39.807   531   531 E ContentSuggestionsPerUserService: Bad service name: com.google.android.as/com.google.android.apps.miphone.aiai.app.AiAiContentSuggestionsService
06-08 10:56:39.808   531   531 I AutofillManagerService: Updating for user 0: disabled=false
06-08 10:56:39.808   531   531 E AutofillManagerServiceImpl: Bad service name: com.google.android.gms/.autofill.service.AutofillService
06-08 10:56:39.808   531   531 E RemoteAugmentedAutofillService: Bad service name for flags 1048704: com.google.android.as/com.google.android.apps.miphone.aiai.app.AiAiAugmentedAutofillService
06-08 10:56:39.828   531   531 V NotificationAssistants: 0 notification assistant service connected: ComponentInfo{com.google.android.ext.services/android.ext.services.notification.Assistant}
06-08 10:56:39.832   531   531 D PackageWatchdog: Getting all observed packages pending health checks
06-08 10:56:39.832   531   531 I PackageWatchdog: Syncing health check requests for packages: {}
06-08 10:56:39.832   531   531 D ExplicitHealthCheckController: Getting health check supported packages
06-08 10:56:39.832   531   531 W ActivityManager: Unable to start service Intent { act=android.service.contentcapture.ContentCaptureService cmp=com.google.android.as/com.google.android.apps.miphone.aiai.app.AiAiContentCaptureService } U=0: not found
06-08 10:56:39.832   531   531 W RemoteContentCaptureService: could not bind to Intent { act=android.service.contentcapture.ContentCaptureService cmp=com.google.android.as/com.google.android.apps.miphone.aiai.app.AiAiContentCaptureService } using flags 67112961
06-08 10:56:39.833   531   531 W ContentCapturePerUserService: remote service died: RemoteContentCaptureService[ComponentInfo{com.google.android.as/com.google.android.apps.miphone.aiai.app.AiAiContentCaptureService} 158232819 (unbound)]
06-08 10:56:39.834   531   531 W ActivityManager: Unable to start service Intent { act=android.service.contentcapture.ContentCaptureService cmp=com.google.android.as/com.google.android.apps.miphone.aiai.app.AiAiContentCaptureService } U=0: not found
06-08 10:56:39.834   531   531 W RemoteContentCaptureService: could not bind to Intent { act=android.service.contentcapture.ContentCaptureService cmp=com.google.android.as/com.google.android.apps.miphone.aiai.app.AiAiContentCaptureService } using flags 67112961
06-08 10:56:39.834   531   531 W ContentCapturePerUserService: remote service died: RemoteContentCaptureService[ComponentInfo{com.google.android.as/com.google.android.apps.miphone.aiai.app.AiAiContentCaptureService} 110287068 (unbound)]
06-08 10:56:39.835   531   623 I ExplicitHealthCheckController: Explicit health check supported packages [PackageConfig{com.google.android.networkstack, 86400000}]
06-08 10:56:39.835   531   623 D PackageWatchdog: Received supported packages [PackageConfig{com.google.android.networkstack, 86400000}]
06-08 10:56:39.835   531   623 D ExplicitHealthCheckController: Getting health check requested packages
06-08 10:56:39.836   531   531 W Looper  : Drained
06-08 10:56:39.843   531   650 D ConnectivityService: Got NetworkProvider Messenger for TelephonyNetworkFactory[0]
06-08 10:56:39.844   531   732 I ExplicitHealthCheckController: Explicit health check requested packages []
06-08 10:56:39.844   531   732 I ExplicitHealthCheckController: No more health check requests, unbinding...
--------- beginning of main
06-08 10:56:39.848   298   298 I bt      : system/bt/vendor_libs/test_vendor_lib/model/setup/test_model.cc:88 StopTimer: StopTimer()
06-08 10:56:39.848   298   298 I bt      : system/bt/vendor_libs/test_vendor_lib/model/setup/test_model.cc:82 StartTimer: StartTimer()
06-08 10:56:39.848   298   298 I bt      : system/bt/vendor_libs/test_vendor_lib/model/setup/test_command_handler.cc:118 Add: Add beacon@be:ac:10:00:00:01
06-08 10:56:39.848   298   298 I bt      : system/bt/vendor_libs/test_vendor_lib/model/setup/test_command_handler.cc:118 Add: Add beacon@be:ac:10:00:00:02
06-08 10:56:39.848   298   298 I bt      : system/bt/vendor_libs/test_vendor_lib/model/devices/scripted_beacon.cc:71 ScriptedBeacon: Scripted_beacon registered true
06-08 10:56:39.848   298   298 I bt      : system/bt/vendor_libs/test_vendor_lib/model/devices/scripted_beacon.cc:113 set_state: Events file not opened yet, for event: 1
06-08 10:56:39.848   298   298 I bt      : system/bt/vendor_libs/test_vendor_lib/model/setup/test_command_handler.cc:118 Add: Add scripted_beacon /data/vendor/bluetooth/bluetooth_sim_ble_playback_file
06-08 10:56:39.849   695  1129 I bt_hci  : event_finish_startup
06-08 10:56:39.849   695   855 I bt_core_module: module_start_up Started module "hci_module"
06-08 10:56:39.850   695  1137 I droid.bluetoot: [0608/105639.850132:INFO:message_loop_thread.cc(175)] Run: message loop starting for thread bt_startup_thread
06-08 10:56:39.851   695  1137 I droid.bluetoot: [0608/105639.851170:INFO:btu_task.cc(112)] Bluetooth chip preload is complete
06-08 10:56:39.855   695  1137 I droid.bluetoot: [0608/105639.855198:INFO:gatt_api.cc(947)] GATT_Register 81818181-8181-8181-8181-818181818181
06-08 10:56:39.855   695  1137 I droid.bluetoot: [0608/105639.855408:INFO:gatt_api.cc(967)] allocated gatt_if=1
06-08 10:56:39.855   695  1137 I droid.bluetoot: [0608/105639.855483:INFO:gatt_api.cc(161)] GATTS_AddService
06-08 10:56:39.855   695  1137 I droid.bluetoot: [0608/105639.855565:INFO:gatt_api.cc(264)] GATTS_AddService: service parsed correctly, now starting
06-08 10:56:39.855   695  1137 I droid.bluetoot: [0608/105639.855760:INFO:gatt_api.cc(947)] GATT_Register 82828282-8282-8282-8282-828282828282
06-08 10:56:39.855   695  1137 I droid.bluetoot: [0608/105639.855836:INFO:gatt_api.cc(967)] allocated gatt_if=2
06-08 10:56:39.855   695  1137 I droid.bluetoot: [0608/105639.855894:INFO:gatt_api.cc(161)] GATTS_AddService
06-08 10:56:39.855   695  1137 I droid.bluetoot: [0608/105639.855947:INFO:gatt_api.cc(264)] GATTS_AddService: service parsed correctly, now starting
06-08 10:56:39.856   695  1137 I bt_bte  : BTE_InitTraceLevels -- TRC_HCI : Level 2
06-08 10:56:39.856   695  1137 I bt_bte  : BTE_InitTraceLevels -- TRC_L2CAP : Level 2
06-08 10:56:39.856   695  1137 I bt_bte  : BTE_InitTraceLevels -- TRC_RFCOMM : Level 2
06-08 10:56:39.856   695  1137 I bt_bte  : BTE_InitTraceLevels -- TRC_AVDT : Level 2
06-08 10:56:39.856   695  1137 I bt_bte  : BTE_InitTraceLevels -- TRC_AVRC : Level 2
06-08 10:56:39.856   695  1137 I bt_bte  : BTE_InitTraceLevels -- TRC_A2D : Level 2
06-08 10:56:39.856   695  1137 I bt_bte  : BTE_InitTraceLevels -- TRC_BNEP : Level 2
06-08 10:56:39.858   695  1137 I bt_bte  : BTE_InitTraceLevels -- TRC_BTM : Level 2
06-08 10:56:39.858   695  1137 I bt_bte  : BTE_InitTraceLevels -- TRC_HID_HOST : Level 2
06-08 10:56:39.858   695  1137 I bt_bte  : BTE_InitTraceLevels -- TRC_PAN : Level 2
06-08 10:56:39.858   695  1137 I bt_bte  : BTE_InitTraceLevels -- TRC_SDP : Level 2
06-08 10:56:39.858   695  1137 I bt_bte  : BTE_InitTraceLevels -- TRC_SMP : Level 2
06-08 10:56:39.858   695  1137 I bt_bte  : BTE_InitTraceLevels -- TRC_HID_DEV : Level 2
06-08 10:56:39.858   695  1137 I bt_bte  : BTE_InitTraceLevels -- TRC_BTAPP : Level 2
06-08 10:56:39.858   695  1137 I bt_bte  : BTE_InitTraceLevels -- TRC_BTIF : Level 2
06-08 10:56:39.859   695  1138 I bt_stack: [INFO:message_loop_thread.cc(175)] Run: message loop starting for thread bt_main_thread
