06-08 10:56:36.451   531   613 I SystemServerTimingAsync: InitThreadPoolExec:Update app-ops uidState in case package com.android.providers.contacts changed
06-08 10:56:36.451   531   613 I SystemServerTimingAsync: InitThreadPoolExec:Update app-ops uidState in case package com.android.providers.calendar changed
06-08 10:56:36.452   531   613 I SystemServerTimingAsync: InitThreadPoolExec:Update app-ops uidState in case package com.google.android.cellbroadcastservice changed
06-08 10:56:36.452   531   613 I SystemServerTimingAsync: InitThreadPoolExec:Update app-ops uidState in case package com.android.bluetooth changed
06-08 10:56:36.452   531   613 I SystemServerTimingAsync: InitThreadPoolExec:Update app-ops uidState in case package com.android.phone changed
06-08 10:56:36.452   531   613 I SystemServerTimingAsync: InitThreadPoolExec:Update app-ops uidState in case package android changed
06-08 10:56:36.452   531   613 I SystemServerTimingAsync: InitThreadPoolExec:Update app-ops uidState in case package com.android.server.telecom changed
06-08 10:56:36.452   531   613 I SystemServerTimingAsync: InitThreadPoolExec:Update app-ops uidState in case package com.android.settings changed
06-08 10:56:36.452   531   555 I SystemServerTimingAsync: InitThreadPoolExec:Update app-ops uidState in case package com.google.android.apps.youtube.music changed
06-08 10:56:36.452   531   593 I SystemServerTimingAsync: InitThreadPoolExec:Update app-ops uidState in case package com.google.android.apps.messaging changed
06-08 10:56:36.452   531   597 I SystemServerTimingAsync: InitThreadPoolExec:Update app-ops uidState in case package com.google.android.apps.photos changed
06-08 10:56:36.465   531   531 I SystemServerTiming: killProcesses
06-08 10:56:36.465   531   531 I ActivityManager: System now ready
06-08 10:56:36.467   531   531 I SystemServerTiming: updateTopComponentForFactoryTest
06-08 10:56:36.468   531   531 I SystemServerTiming: registerActivityLaunchObserver
06-08 10:56:36.468   531   531 I SystemServerTiming: watchDeviceProvisioning
06-08 10:56:36.488   531   531 I SystemServerTiming: retrieveSettings
06-08 10:56:36.496   531   531 I SystemServerTiming: Ugm.onSystemReady
06-08 10:56:36.496   531   531 I SystemServerTiming: updateForceBackgroundCheck
06-08 10:56:36.497   531   531 I SystemServer: Making services ready
06-08 10:56:36.497   531   531 I SystemServerTiming: StartActivityManagerReadyPhase
06-08 10:56:36.497   531   531 I SystemServiceManager: Starting phase 550
06-08 10:56:36.497   531   531 I SystemServerTiming: OnBootPhase_550
06-08 10:56:36.498   531   531 I SystemServerTiming: OnBootPhase_550_com.android.server.security.FileIntegrityService
06-08 10:56:36.498   531   531 I SystemServerTiming: OnBootPhase_550_com.android.server.pm.Installer
06-08 10:56:36.498   531   531 I SystemServerTiming: OnBootPhase_550_com.android.server.os.DeviceIdentifiersPolicyService
06-08 10:56:36.498   531   531 I SystemServerTiming: OnBootPhase_550_com.android.server.uri.UriGrantsManagerService$Lifecycle
06-08 10:56:36.498   531   531 I SystemServerTiming: OnBootPhase_550_com.android.server.wm.ActivityTaskManagerService$Lifecycle
06-08 10:56:36.498   531   531 I SystemServerTiming: OnBootPhase_550_com.android.server.am.ActivityManagerService$Lifecycle
06-08 10:56:36.499   531   531 I SystemServerTiming: OnBootPhase_550_com.android.server.pm.DataLoaderManagerService
06-08 10:56:36.499   531   531 I SystemServerTiming: OnBootPhase_550_com.android.server.power.PowerManagerService
06-08 10:56:36.499   531   531 I SystemServerTiming: OnBootPhase_550_com.android.server.power.ThermalManagerService
06-08 10:56:36.503   531   531 I ThermalHalWrapper: Thermal HAL 2.0 service connected.
06-08 10:56:36.514   531   531 I SystemServerTiming: OnBootPhase_550_com.android.server.recoverysystem.RecoverySystemService$Lifecycle
06-08 10:56:36.514   531   531 I SystemServerTiming: OnBootPhase_550_com.android.server.lights.LightsService
06-08 10:56:36.514   531   531 I SystemServerTiming: OnBootPhase_550_com.android.server.display.DisplayManagerService
06-08 10:56:36.514   531   531 I SystemServerTiming: OnBootPhase_550_com.android.server.pm.UserManagerService$LifeCycle
06-08 10:56:36.514   531   531 I SystemServerTiming: OnBootPhase_550_com.android.server.om.OverlayManagerService
06-08 10:56:36.514   531   531 I SystemServerTiming: OnBootPhase_550_com.android.server.SensorPrivacyService
06-08 10:56:36.515   531   531 I SystemServerTiming: OnBootPhase_550_com.android.server.SystemConfigService
06-08 10:56:36.515   531   531 I SystemServerTiming: OnBootPhase_550_com.android.server.BatteryService
06-08 10:56:36.517   531   531 I SystemServerTiming: OnBootPhase_550_com.android.server.usage.UsageStatsService
06-08 10:56:36.517   531   531 I SystemServerTiming: OnBootPhase_550_com.android.server.webkit.WebViewUpdateService
06-08 10:56:36.517   531   531 I SystemServerTiming: OnBootPhase_550_com.android.server.CachedDeviceStateService
06-08 10:56:36.517   531   531 I SystemServerTiming: OnBootPhase_550_com.android.server.BinderCallsStatsService$LifeCycle
06-08 10:56:36.517   531   531 I SystemServerTiming: OnBootPhase_550_com.android.server.LooperStatsService$Lifecycle
06-08 10:56:36.517   531   531 I SystemServerTiming: OnBootPhase_550_com.android.server.rollback.RollbackManagerService
06-08 10:56:36.517   531   531 I SystemServerTiming: OnBootPhase_550_com.android.server.os.BugreportManagerService
06-08 10:56:36.517   531   531 I SystemServerTiming: OnBootPhase_550_com.android.server.gpu.GpuService
06-08 10:56:36.517   531   531 I SystemServerTiming: OnBootPhase_550_com.android.server.security.KeyChainSystemService
06-08 10:56:36.517   531   531 I SystemServerTiming: OnBootPhase_550_com.android.server.telecom.TelecomLoaderService
06-08 10:56:36.518   531   531 W ActivityManager: Too early to start/bind service in system_server: Phase=550 ComponentInfo{com.android.server.telecom/com.android.server.telecom.components.TelecomService}
06-08 10:56:36.519   531   531 W ActivityManager: Too early to start/bind service in system_server: Phase=550 ComponentInfo{com.android.server.telecom/com.android.server.telecom.components.TelecomService}
06-08 10:56:36.526   531   531 I SystemServerTiming: OnBootPhase_550_com.android.server.accounts.AccountManagerService$Lifecycle
06-08 10:56:36.526   531   531 I SystemServerTiming: OnBootPhase_550_com.android.server.content.ContentService$Lifecycle
06-08 10:56:36.543   531   531 I SyncManager: No initial accounts
06-08 10:56:36.548   531   531 I SystemServerTiming: OnBootPhase_550_com.android.server.DropBoxManagerService
06-08 10:56:36.548   531   531 I SystemServerTiming: OnBootPhase_550_com.android.server.AlarmManagerService
06-08 10:56:36.548   531   531 I SystemServerTiming: OnBootPhase_550_com.android.server.BluetoothService
06-08 10:56:36.548   531   531 D BluetoothManagerService: Bluetooth boot completed
06-08 10:56:36.549   531   531 D BluetoothManagerService: Auto-enabling Bluetooth.
06-08 10:56:36.549   531   550 D BluetoothManagerService: MESSAGE_ENABLE(0): mBluetooth = null
06-08 10:56:36.549   531   550 D BluetoothManagerService: binding Bluetooth service
06-08 10:56:36.555   531   550 D CompatibilityChangeReporter: Compat change id reported: 135634846; UID 1002; state: DISABLED
06-08 10:56:36.562   531   531 I SystemServerTiming: OnBootPhase_550_com.android.server.connectivity.IpConnectivityMetrics
06-08 10:56:36.562   531   531 I SystemServerTiming: OnBootPhase_550_com.android.server.net.watchlist.NetworkWatchlistService$Lifecycle
06-08 10:56:36.566   531   531 I SystemServerTiming: OnBootPhase_550_com.android.server.PinnerService
06-08 10:56:36.566   531   531 I SystemServerTiming: OnBootPhase_550_com.google.android.startop.iorap.IorapForwardingService
06-08 10:56:36.566   531   531 I SystemServerTiming: OnBootPhase_550_com.android.server.integrity.AppIntegrityManagerService
06-08 10:56:36.566   531   531 I SystemServerTiming: OnBootPhase_550_com.android.server.inputmethod.InputMethodManagerService$Lifecycle
06-08 10:56:36.583   531   561 I ActivityManager: Start proc 695:com.android.bluetooth/1002 for service {com.android.bluetooth/com.android.bluetooth.btservice.AdapterService}
06-08 10:56:36.592   531   531 I SystemServerTiming: OnBootPhase_550_com.android.server.accessibility.AccessibilityManagerService$Lifecycle
06-08 10:56:36.592   531   531 I SystemServerTiming: OnBootPhase_550_com.android.server.StorageManagerService$Lifecycle
06-08 10:56:36.592   531   531 I SystemServerTiming: OnBootPhase_550_com.android.server.usage.StorageStatsService$Lifecycle
06-08 10:56:36.592   531   531 I SystemServerTiming: OnBootPhase_550_com.android.server.UiModeManagerService
06-08 10:56:36.592   531   531 I SystemServerTiming: OnBootPhase_550_com.android.server.locksettings.LockSettingsService$Lifecycle
06-08 10:56:36.593   531   531 I SystemServerTiming: OnBootPhase_550_com.android.server.testharness.TestHarnessModeService
06-08 10:56:36.593   531   531 I SystemServerTiming: OnBootPhase_550_com.android.server.DeviceIdleController
06-08 10:56:36.593   531   531 I SystemServerTiming: OnBootPhase_550_com.android.server.devicepolicy.DevicePolicyManagerService$Lifecycle
06-08 10:56:36.593   531   531 I SystemServerTiming: OnBootPhase_550_com.android.server.contentcapture.ContentCaptureManagerService
06-08 10:56:36.593   531   531 I SystemServerTiming: OnBootPhase_550_com.android.server.systemcaptions.SystemCaptionsManagerService
06-08 10:56:36.593   531   531 I SystemServerTiming: OnBootPhase_550_com.android.server.appprediction.AppPredictionManagerService
06-08 10:56:36.593   531   531 I SystemServerTiming: OnBootPhase_550_com.android.server.contentsuggestions.ContentSuggestionsManagerService
06-08 10:56:36.593   531   531 I SystemServerTiming: OnBootPhase_550_com.android.server.textservices.TextServicesManagerService$Lifecycle
06-08 10:56:36.593   531   531 I SystemServerTiming: OnBootPhase_550_com.android.server.textclassifier.TextClassificationManagerService$Lifecycle
06-08 10:56:36.593   531   531 I SystemServerTiming: OnBootPhase_550_com.android.server.NetworkScoreService$Lifecycle
06-08 10:56:36.597   531   531 I SystemServerTiming: OnBootPhase_550_com.android.server.wifi.WifiService
06-08 10:56:36.598   531   531 I SystemServerTiming: OnBootPhase_550_com.android.server.wifi.scanner.WifiScanningService
06-08 10:56:36.598   531   531 I SystemServerTiming: OnBootPhase_550_com.android.server.wifi.p2p.WifiP2pService
06-08 10:56:36.598   531   531 I SystemServerTiming: OnBootPhase_550_com.android.server.notification.NotificationManagerService
06-08 10:56:36.598   531   531 I SystemServerTiming: OnBootPhase_550_com.android.server.storage.DeviceStorageMonitorService
06-08 10:56:36.598   531   531 I SystemServerTiming: OnBootPhase_550_com.android.server.location.LocationManagerService$Lifecycle
06-08 10:56:36.598   531   531 I SystemServerTiming: OnBootPhase_550_com.android.server.timedetector.TimeDetectorService$Lifecycle
06-08 10:56:36.598   531   531 I SystemServerTiming: OnBootPhase_550_com.android.server.timezonedetector.TimeZoneDetectorService$Lifecycle
06-08 10:56:36.598   531   531 I SystemServerTiming: OnBootPhase_550_com.android.server.search.SearchManagerService$Lifecycle
06-08 10:56:36.598   531   531 I SystemServerTiming: OnBootPhase_550_com.android.server.wallpaper.WallpaperManagerService$Lifecycle
06-08 10:56:36.599   531   531 I WallpaperManagerService: No static wallpaper imagery; defaults will be shown
06-08 10:56:36.599   531   531 V WallpaperManagerService: bindWallpaperComponentLocked: componentName=ComponentInfo{com.android.systemui/com.android.systemui.ImageWallpaper}
06-08 10:56:36.599   531   634 D StorageManagerService: Isolated storage local flag 0 and remote flag 0 resolved to true
06-08 10:56:36.603   531   531 D CompatibilityChangeReporter: Compat change id reported: 135634846; UID 10144; state: DISABLED
06-08 10:56:36.603   531   561 D CompatibilityChangeReporter: Compat change id reported: 143937733; UID 10144; state: ENABLED
06-08 10:56:36.609   531   531 W WallpaperManagerService: Invalid wallpaper data
06-08 10:56:36.609   531   531 E WallpaperManagerService: Unable to apply new wallpaper
06-08 10:56:36.609   531   531 I SystemServerTiming: OnBootPhase_550_com.android.server.audio.AudioService$Lifecycle
06-08 10:56:36.609   531   531 I SystemServerTiming: OnBootPhase_550_com.android.server.soundtrigger_middleware.SoundTriggerMiddlewareService$Lifecycle
06-08 10:56:36.609   531   531 I SystemServerTiming: OnBootPhase_550_com.android.server.DockObserver
06-08 10:56:36.610   531   531 I SystemServerTiming: OnBootPhase_550_com.android.server.midi.MidiService$Lifecycle
06-08 10:56:36.610   531   531 I SystemServerTiming: OnBootPhase_550_com.android.server.adb.AdbService$Lifecycle
06-08 10:56:36.610   531   531 I SystemServerTiming: OnBootPhase_550_com.android.server.usb.UsbService$Lifecycle
06-08 10:56:36.610   531   531 I SystemServerTiming: OnBootPhase_550_com.android.server.twilight.TwilightService
06-08 10:56:36.610   531   531 I SystemServerTiming: OnBootPhase_550_com.android.server.display.color.ColorDisplayService
06-08 10:56:36.610   531   531 I SystemServerTiming: OnBootPhase_550_com.android.server.job.JobSchedulerService
06-08 10:56:36.610   531   531 I SystemServerTiming: OnBootPhase_550_com.android.server.soundtrigger.SoundTriggerService
06-08 10:56:36.610   531   531 D SoundTriggerService: onBootPhase: 550 : false
06-08 10:56:36.611   531   531 I SystemServerTiming: OnBootPhase_550_com.android.server.trust.TrustManagerService
06-08 10:56:36.611   531   531 I SystemServerTiming: OnBootPhase_550_com.android.server.backup.BackupManagerService$Lifecycle
06-08 10:56:36.611   531   531 I SystemServerTiming: OnBootPhase_550_com.android.server.appwidget.AppWidgetService
06-08 10:56:36.611   531   531 I SystemServerTiming: OnBootPhase_550_com.android.server.role.RoleManagerService
06-08 10:56:36.611   531   531 I SystemServerTiming: OnBootPhase_550_com.android.server.voiceinteraction.VoiceInteractionManagerService
06-08 10:56:36.611   531   531 I SystemServerTiming: OnBootPhase_550_com.android.server.GestureLauncherService
06-08 10:56:36.611   531   613 I SystemServerTimingAsync: InitThreadPoolExec:UsbService$Lifecycle#onBootPhase
06-08 10:56:36.611   531   531 I SystemServerTiming: OnBootPhase_550_com.android.server.SensorNotificationService
06-08 10:56:36.611   531   531 I SystemServerTiming: OnBootPhase_550_com.android.server.emergency.EmergencyAffordanceService
06-08 10:56:36.611   531   531 I SystemServerTiming: OnBootPhase_550_com.android.server.dreams.DreamManagerService
06-08 10:56:36.611   531   531 I SystemServerTiming: OnBootPhase_550_com.android.server.print.PrintManagerService
06-08 10:56:36.612   531   531 I SystemServerTiming: OnBootPhase_550_com.android.server.companion.CompanionDeviceManagerService
06-08 10:56:36.612   531   531 I SystemServerTiming: OnBootPhase_550_com.android.server.restrictions.RestrictionsManagerService
06-08 10:56:36.612   531   531 I SystemServerTiming: OnBootPhase_550_com.android.server.blob.BlobStoreManagerService
06-08 10:56:36.614   531   531 I SystemServerTiming: OnBootPhase_550_com.android.server.media.MediaSessionService
06-08 10:56:36.614   531   531 I SystemServerTiming: OnBootPhase_550_com.android.server.media.MediaResourceMonitorService
06-08 10:56:36.614   531   531 I SystemServerTiming: OnBootPhase_550_com.android.server.biometrics.fingerprint.FingerprintService
06-08 10:56:36.614   531   531 I SystemServerTiming: OnBootPhase_550_com.android.server.biometrics.BiometricService
06-08 10:56:36.615   531   531 I SystemServerTiming: OnBootPhase_550_com.android.server.biometrics.AuthService
06-08 10:56:36.615   531   630 E UsbPortManager: port status enquiry failed
06-08 10:56:36.615   531   531 I SystemServerTiming: OnBootPhase_550_com.android.server.pm.ShortcutService$Lifecycle
06-08 10:56:36.615   531   531 I SystemServerTiming: OnBootPhase_550_com.android.server.pm.LauncherAppsService
06-08 10:56:36.615   531   531 I SystemServerTiming: OnBootPhase_550_com.android.server.pm.CrossProfileAppsService
06-08 10:56:36.615   531   531 I SystemServerTiming: OnBootPhase_550_com.android.server.people.PeopleService
06-08 10:56:36.615   531   531 I SystemServerTiming: OnBootPhase_550_com.android.server.media.projection.MediaProjectionManagerService
06-08 10:56:36.615   531   531 I SystemServerTiming: OnBootPhase_550_com.android.server.slice.SliceManagerService$Lifecycle
06-08 10:56:36.615   531   531 I SystemServerTiming: OnBootPhase_550_com.android.server.camera.CameraServiceProxy
06-08 10:56:36.615   531   531 I SystemServerTiming: OnBootPhase_550_com.android.server.stats.StatsCompanion$Lifecycle
06-08 10:56:36.615   531   531 I SystemServerTiming: OnBootPhase_550_com.android.server.stats.pull.StatsPullAtomService
06-08 10:56:36.616   531   531 I SystemServerTiming: OnBootPhase_550_com.android.server.incident.IncidentCompanionService
06-08 10:56:36.617   531   531 I SystemServerTiming: OnBootPhase_550_com.android.server.MmsServiceBroker
06-08 10:56:36.618   531   531 I SystemServerTiming: OnBootPhase_550_com.android.server.autofill.AutofillManagerService
06-08 10:56:36.618   531   531 I SystemServerTiming: OnBootPhase_550_com.android.server.clipboard.ClipboardService
06-08 10:56:36.618   531   531 I SystemServerTiming: OnBootPhase_550_com.android.server.appbinding.AppBindingService$Lifecycle
06-08 10:56:36.618   531   660 D BluetoothManagerService: Creating new ProfileServiceConnections object for profile: 1
06-08 10:56:36.618   531   660 D BluetoothManagerService: Unable to bindService while Bluetooth is disabled
06-08 10:56:36.619   531   531 I AppBindingService: Updating constants with: null
06-08 10:56:36.619   531   531 I SystemServerTiming: OnBootPhase_550_com.android.server.policy.PermissionPolicyService
06-08 10:56:36.682   531   531 I PackageManager: Permission ownership changed. Updating all permissions.
06-08 10:56:36.750   531   531 W SystemServiceManager: Service com.android.server.policy.PermissionPolicyService took 131 ms in onBootPhase
06-08 10:56:36.750   531   531 I SystemServerTiming: OnBootPhase_550_com.android.server.pm.StagingManager$Lifecycle
06-08 10:56:36.750   531   531 I SystemServerTiming: StartObservingNativeCrashes
06-08 10:56:36.751   531   623 W ActivityManager: Slow operation: 74ms so far, now at attachApplicationLocked: after mServices.attachApplicationLocked
06-08 10:56:36.752   531   555 I SystemServerTimingAsync: InitThreadPoolExec:WebViewFactoryPreparation
06-08 10:56:36.752   531   555 I SystemServer: WebViewFactoryPreparation
06-08 10:56:36.752   531   555 I SystemServerTimingAsync: WebViewFactoryPreparation
06-08 10:56:36.753   531   531 I SystemServerTiming: StartSystemUI
06-08 10:56:36.755   531   561 W ActivityManager: Slow operation: 153ms so far, now at startProcess: done updating battery stats
06-08 10:56:36.755   531   561 W ActivityManager: Slow operation: 153ms so far, now at startProcess: building log message
06-08 10:56:36.755   531   561 I ActivityManager: Start proc 713:com.android.systemui/u0a144 for service {com.android.systemui/com.android.systemui.ImageWallpaper}
06-08 10:56:36.755   531   561 W ActivityManager: Slow operation: 153ms so far, now at startProcess: starting to update pids map
06-08 10:56:36.755   531   561 W ActivityManager: Slow operation: 153ms so far, now at startProcess: done updating pids map
06-08 10:56:36.759   531   531 I SystemServerTiming: MakeNetworkManagementServiceReady
06-08 10:56:36.767   531   531 I SystemServerTiming: MakeIpSecServiceReady
06-08 10:56:36.770   531   531 D IpSecService: IpSecService is ready
06-08 10:56:36.771   531   531 I SystemServerTiming: MakeNetworkStatsServiceReady
06-08 10:56:36.798   531   640 W NetworkPolicy: setRestrictBackgroundUL: already false
06-08 10:56:36.831   531   531 I SystemServerTiming: MakeConnectivityServiceReady
06-08 10:56:36.869   531   561 W ActivityManager: Slow operation: 97ms so far, now at startProcess: returned from zygote!
06-08 10:56:36.876   531   561 W ActivityManager: Slow operation: 104ms so far, now at startProcess: done updating battery stats
06-08 10:56:36.877   531   561 W ActivityManager: Slow operation: 105ms so far, now at startProcess: building log message
06-08 10:56:36.877   531   561 I ActivityManager: Start proc 743:WebViewLoader-x86/1037 [android.webkit.WebViewLibraryLoader$RelroFileCreator] for null
06-08 10:56:36.877   531   561 W ActivityManager: Slow operation: 105ms so far, now at startProcess: starting to update pids map
06-08 10:56:36.877   531   561 W ActivityManager: Slow operation: 105ms so far, now at startProcess: done updating pids map
06-08 10:56:36.877   531   561 W ActivityManager: Slow operation: 103ms so far, now at startProcess: asking zygote to start proc
06-08 10:56:36.900   531   531 I SystemServerTiming: MakeNetworkPolicyServiceReady
06-08 10:56:36.901   531   561 W ActivityManager: Slow operation: 127ms so far, now at startProcess: returned from zygote!
06-08 10:56:36.901   531   650 D ConnectivityService: NetReassign [no changes]
06-08 10:56:36.902   531   561 W ActivityManager: Slow operation: 127ms so far, now at startProcess: done updating battery stats
06-08 10:56:36.902   531   561 W ActivityManager: Slow operation: 128ms so far, now at startProcess: building log message
06-08 10:56:36.902   531   561 I ActivityManager: Start proc 756:WebViewLoader-x86_64/1037 [android.webkit.WebViewLibraryLoader$RelroFileCreator] for null
06-08 10:56:36.903   531   561 W ActivityManager: Slow operation: 129ms so far, now at startProcess: starting to update pids map
06-08 10:56:36.904   531   561 W ActivityManager: Slow operation: 130ms so far, now at startProcess: done updating pids map
06-08 10:56:36.911   531   650 D ConnectivityService: NetReassign [no changes]
06-08 10:56:36.990   531   531 I SystemServerTiming: PhaseThirdPartyAppsCanStart
06-08 10:56:36.990   531   531 I SystemServiceManager: Starting phase 600
06-08 10:56:36.990   531   531 I SystemServerTiming: OnBootPhase_600
06-08 10:56:36.990   531   531 I SystemServerTiming: OnBootPhase_600_com.android.server.security.FileIntegrityService
06-08 10:56:36.990   531   531 I SystemServerTiming: OnBootPhase_600_com.android.server.pm.Installer
06-08 10:56:36.990   531   531 I SystemServerTiming: OnBootPhase_600_com.android.server.os.DeviceIdentifiersPolicyService
06-08 10:56:36.991   531   531 I SystemServerTiming: OnBootPhase_600_com.android.server.uri.UriGrantsManagerService$Lifecycle
06-08 10:56:36.991   531   531 I SystemServerTiming: OnBootPhase_600_com.android.server.wm.ActivityTaskManagerService$Lifecycle
06-08 10:56:36.992   531   531 I SystemServerTiming: OnBootPhase_600_com.android.server.am.ActivityManagerService$Lifecycle
06-08 10:56:36.992   531   531 I ExplicitHealthCheckController: Explicit health checks enabled.
06-08 10:56:36.992   531   531 I PackageWatchdog: Syncing state, reason: health check state enabled
06-08 10:56:36.992   531   531 I PackageWatchdog: Not pruning observers, elapsed time: 0ms
06-08 10:56:36.996   531   650 D ConnectivityService: NetReassign [no changes]
06-08 10:56:37.000   531   531 I PackageWatchdog: Cancelling state sync, nothing to sync
06-08 10:56:37.000   531   531 I SystemServerTiming: OnBootPhase_600_com.android.server.pm.DataLoaderManagerService
06-08 10:56:37.000   531   531 I SystemServerTiming: OnBootPhase_600_com.android.server.power.PowerManagerService
06-08 10:56:37.001   531   531 I SystemServerTiming: OnBootPhase_600_com.android.server.power.ThermalManagerService
06-08 10:56:37.001   531   531 I SystemServerTiming: OnBootPhase_600_com.android.server.recoverysystem.RecoverySystemService$Lifecycle
06-08 10:56:37.001   531   531 I SystemServerTiming: OnBootPhase_600_com.android.server.lights.LightsService
06-08 10:56:37.001   531   531 I SystemServerTiming: OnBootPhase_600_com.android.server.display.DisplayManagerService
06-08 10:56:37.001   531   531 I SystemServerTiming: OnBootPhase_600_com.android.server.pm.UserManagerService$LifeCycle
06-08 10:56:37.001   531   531 I SystemServerTiming: OnBootPhase_600_com.android.server.om.OverlayManagerService
06-08 10:56:37.001   531   531 I SystemServerTiming: OnBootPhase_600_com.android.server.SensorPrivacyService
06-08 10:56:37.001   531   531 I SystemServerTiming: OnBootPhase_600_com.android.server.SystemConfigService
06-08 10:56:37.001   531   531 I SystemServerTiming: OnBootPhase_600_com.android.server.BatteryService
06-08 10:56:37.001   531   531 I SystemServerTiming: OnBootPhase_600_com.android.server.usage.UsageStatsService
06-08 10:56:37.001   531   531 I SystemServerTiming: OnBootPhase_600_com.android.server.webkit.WebViewUpdateService
06-08 10:56:37.001   531   531 I SystemServerTiming: OnBootPhase_600_com.android.server.CachedDeviceStateService
06-08 10:56:37.002   531   531 I SystemServerTiming: OnBootPhase_600_com.android.server.BinderCallsStatsService$LifeCycle
06-08 10:56:37.002   531   531 I SystemServerTiming: OnBootPhase_600_com.android.server.LooperStatsService$Lifecycle
06-08 10:56:37.002   531   531 I SystemServerTiming: OnBootPhase_600_com.android.server.rollback.RollbackManagerService
06-08 10:56:37.002   531   531 I SystemServerTiming: OnBootPhase_600_com.android.server.os.BugreportManagerService
06-08 10:56:37.002   531   531 I SystemServerTiming: OnBootPhase_600_com.android.server.gpu.GpuService
06-08 10:56:37.002   531   531 I SystemServerTiming: OnBootPhase_600_com.android.server.security.KeyChainSystemService
06-08 10:56:37.002   531   531 I SystemServerTiming: OnBootPhase_600_com.android.server.telecom.TelecomLoaderService
06-08 10:56:37.002   531   531 I SystemServerTiming: OnBootPhase_600_com.android.server.accounts.AccountManagerService$Lifecycle
06-08 10:56:37.002   531   531 I SystemServerTiming: OnBootPhase_600_com.android.server.content.ContentService$Lifecycle
06-08 10:56:37.002   531   531 I SystemServerTiming: OnBootPhase_600_com.android.server.DropBoxManagerService
06-08 10:56:37.002   531   531 I SystemServerTiming: OnBootPhase_600_com.android.server.AlarmManagerService
06-08 10:56:37.002   531   531 I SystemServerTiming: OnBootPhase_600_com.android.server.BluetoothService
06-08 10:56:37.002   531   531 I SystemServerTiming: OnBootPhase_600_com.android.server.connectivity.IpConnectivityMetrics
06-08 10:56:37.002   531   531 I SystemServerTiming: OnBootPhase_600_com.android.server.net.watchlist.NetworkWatchlistService$Lifecycle
06-08 10:56:37.003   531   531 I SystemServerTiming: OnBootPhase_600_com.android.server.PinnerService
06-08 10:56:37.003   531   531 I SystemServerTiming: OnBootPhase_600_com.google.android.startop.iorap.IorapForwardingService
06-08 10:56:37.003   531   531 I SystemServerTiming: OnBootPhase_600_com.android.server.integrity.AppIntegrityManagerService
06-08 10:56:37.003   531   531 I SystemServerTiming: OnBootPhase_600_com.android.server.inputmethod.InputMethodManagerService$Lifecycle
06-08 10:56:37.003   531   531 I SystemServerTiming: OnBootPhase_600_com.android.server.accessibility.AccessibilityManagerService$Lifecycle
06-08 10:56:37.003   531   531 I SystemServerTiming: OnBootPhase_600_com.android.server.StorageManagerService$Lifecycle
06-08 10:56:37.003   531   531 I SystemServerTiming: OnBootPhase_600_com.android.server.usage.StorageStatsService$Lifecycle
06-08 10:56:37.003   531   531 I SystemServerTiming: OnBootPhase_600_com.android.server.UiModeManagerService
06-08 10:56:37.003   531   531 I SystemServerTiming: OnBootPhase_600_com.android.server.locksettings.LockSettingsService$Lifecycle
06-08 10:56:37.003   531   531 I SystemServerTiming: OnBootPhase_600_com.android.server.testharness.TestHarnessModeService
06-08 10:56:37.003   531   531 I SystemServerTiming: OnBootPhase_600_com.android.server.DeviceIdleController
06-08 10:56:37.004   531   531 I SystemServerTiming: OnBootPhase_600_com.android.server.devicepolicy.DevicePolicyManagerService$Lifecycle
06-08 10:56:37.004   531   531 I SystemServerTiming: OnBootPhase_600_com.android.server.contentcapture.ContentCaptureManagerService
06-08 10:56:37.005   531   531 I SystemServerTiming: OnBootPhase_600_com.android.server.systemcaptions.SystemCaptionsManagerService
06-08 10:56:37.005   531   531 I SystemServerTiming: OnBootPhase_600_com.android.server.appprediction.AppPredictionManagerService
06-08 10:56:37.006   531   531 I SystemServerTiming: OnBootPhase_600_com.android.server.contentsuggestions.ContentSuggestionsManagerService
06-08 10:56:37.006   531   531 I SystemServerTiming: OnBootPhase_600_com.android.server.textservices.TextServicesManagerService$Lifecycle
06-08 10:56:37.006   531   531 I SystemServerTiming: OnBootPhase_600_com.android.server.textclassifier.TextClassificationManagerService$Lifecycle
06-08 10:56:37.006   531   531 I SystemServerTiming: OnBootPhase_600_com.android.server.NetworkScoreService$Lifecycle
06-08 10:56:37.006   531   531 I SystemServerTiming: OnBootPhase_600_com.android.server.wifi.WifiService
06-08 10:56:37.006   531   531 I SystemServerTiming: OnBootPhase_600_com.android.server.wifi.scanner.WifiScanningService
06-08 10:56:37.006   531   531 I SystemServerTiming: OnBootPhase_600_com.android.server.wifi.p2p.WifiP2pService
06-08 10:56:37.006   531   531 I SystemServerTiming: OnBootPhase_600_com.android.server.notification.NotificationManagerService
06-08 10:56:37.008   531   559 I PackageWatchdog: Saving observer state to file
06-08 10:56:37.009   531   531 I SystemServerTiming: OnBootPhase_600_com.android.server.storage.DeviceStorageMonitorService
06-08 10:56:37.010   531   531 I SystemServerTiming: OnBootPhase_600_com.android.server.location.LocationManagerService$Lifecycle
06-08 10:56:37.059   531   623 W StorageManagerService: No primary storage defined yet; hacking together a stub
06-08 10:56:37.187   531   623 I ActivityManager: Process WebViewLoader-x86 (pid 743) has died: psvc PER 
06-08 10:56:37.247   531   531 W SystemServiceManager: Service com.android.server.location.LocationManagerService$Lifecycle took 238 ms in onBootPhase
06-08 10:56:37.247   531   531 I SystemServerTiming: OnBootPhase_600_com.android.server.timedetector.TimeDetectorService$Lifecycle
06-08 10:56:37.247   531   531 I SystemServerTiming: OnBootPhase_600_com.android.server.timezonedetector.TimeZoneDetectorService$Lifecycle
06-08 10:56:37.247   531   531 I SystemServerTiming: OnBootPhase_600_com.android.server.search.SearchManagerService$Lifecycle
06-08 10:56:37.247   531   531 I SystemServerTiming: OnBootPhase_600_com.android.server.wallpaper.WallpaperManagerService$Lifecycle
06-08 10:56:37.247   531   531 I WallpaperManagerService: switch-user-0
06-08 10:56:37.248   531   531 V WallpaperManagerService: bindWallpaperComponentLocked: componentName=ComponentInfo{com.android.systemui/com.android.systemui.ImageWallpaper}
06-08 10:56:37.249   531   531 I SystemServerTiming: OnBootPhase_600_com.android.server.audio.AudioService$Lifecycle
06-08 10:56:37.249   531   531 I SystemServerTiming: OnBootPhase_600_com.android.server.soundtrigger_middleware.SoundTriggerMiddlewareService$Lifecycle
06-08 10:56:37.249   531   531 I SystemServerTiming: OnBootPhase_600_com.android.server.DockObserver
06-08 10:56:37.249   531   531 I SystemServerTiming: OnBootPhase_600_com.android.server.midi.MidiService$Lifecycle
06-08 10:56:37.249   531   531 I SystemServerTiming: OnBootPhase_600_com.android.server.adb.AdbService$Lifecycle
06-08 10:56:37.249   531   531 I SystemServerTiming: OnBootPhase_600_com.android.server.usb.UsbService$Lifecycle
06-08 10:56:37.249   531   531 I SystemServerTiming: OnBootPhase_600_com.android.server.twilight.TwilightService
06-08 10:56:37.249   531   531 I SystemServerTiming: OnBootPhase_600_com.android.server.display.color.ColorDisplayService
06-08 10:56:37.250   531   531 I SystemServerTiming: OnBootPhase_600_com.android.server.job.JobSchedulerService
06-08 10:56:37.282   531   547 I ActivityManager: Process WebViewLoader-x86_64 (pid 756) has died: psvc PER 
06-08 10:56:37.292   531   531 I SystemServerTiming: OnBootPhase_600_com.android.server.soundtrigger.SoundTriggerService
06-08 10:56:37.292   531   531 D SoundTriggerService: onBootPhase: 600 : false
06-08 10:56:37.292   531   531 I SystemServerTiming: OnBootPhase_600_com.android.server.trust.TrustManagerService
06-08 10:56:37.294   531   531 I SystemServerTiming: OnBootPhase_600_com.android.server.backup.BackupManagerService$Lifecycle
06-08 10:56:37.294   531   531 I SystemServerTiming: OnBootPhase_600_com.android.server.appwidget.AppWidgetService
06-08 10:56:37.294   531   531 I SystemServerTiming: OnBootPhase_600_com.android.server.role.RoleManagerService
06-08 10:56:37.295   531   531 I SystemServerTiming: OnBootPhase_600_com.android.server.voiceinteraction.VoiceInteractionManagerService
06-08 10:56:37.296   531   531 I SystemServerTiming: OnBootPhase_600_com.android.server.GestureLauncherService
06-08 10:56:37.298   531   531 I SystemServerTiming: OnBootPhase_600_com.android.server.SensorNotificationService
06-08 10:56:37.298   531   531 I SystemServerTiming: OnBootPhase_600_com.android.server.emergency.EmergencyAffordanceService
06-08 10:56:37.320   531   650 D ConnectivityService: NetReassign [no changes]
06-08 10:56:37.323   531   531 I SystemServerTiming: OnBootPhase_600_com.android.server.dreams.DreamManagerService
06-08 10:56:37.323   531   531 I SystemServerTiming: OnBootPhase_600_com.android.server.print.PrintManagerService
06-08 10:56:37.323   531   531 I SystemServerTiming: OnBootPhase_600_com.android.server.companion.CompanionDeviceManagerService
06-08 10:56:37.324   531   531 I SystemServerTiming: OnBootPhase_600_com.android.server.restrictions.RestrictionsManagerService
06-08 10:56:37.324   531   531 I SystemServerTiming: OnBootPhase_600_com.android.server.blob.BlobStoreManagerService
06-08 10:56:37.333   531   531 I SystemServerTiming: OnBootPhase_600_com.android.server.media.MediaSessionService
06-08 10:56:37.333   531   531 I SystemServerTiming: OnBootPhase_600_com.android.server.media.MediaResourceMonitorService
06-08 10:56:37.333   531   531 I SystemServerTiming: OnBootPhase_600_com.android.server.biometrics.fingerprint.FingerprintService
06-08 10:56:37.333   531   531 I SystemServerTiming: OnBootPhase_600_com.android.server.biometrics.BiometricService
06-08 10:56:37.333   531   531 I SystemServerTiming: OnBootPhase_600_com.android.server.biometrics.AuthService
06-08 10:56:37.333   531   531 I SystemServerTiming: OnBootPhase_600_com.android.server.pm.ShortcutService$Lifecycle
06-08 10:56:37.333   531   531 I SystemServerTiming: OnBootPhase_600_com.android.server.pm.LauncherAppsService
06-08 10:56:37.333   531   531 I SystemServerTiming: OnBootPhase_600_com.android.server.pm.CrossProfileAppsService
06-08 10:56:37.333   531   531 I SystemServerTiming: OnBootPhase_600_com.android.server.people.PeopleService
06-08 10:56:37.333   531   531 I SystemServerTiming: OnBootPhase_600_com.android.server.media.projection.MediaProjectionManagerService
06-08 10:56:37.333   531   531 I SystemServerTiming: OnBootPhase_600_com.android.server.slice.SliceManagerService$Lifecycle
06-08 10:56:37.333   531   531 I SystemServerTiming: OnBootPhase_600_com.android.server.camera.CameraServiceProxy
06-08 10:56:37.333   531   531 I SystemServerTiming: OnBootPhase_600_com.android.server.stats.StatsCompanion$Lifecycle
06-08 10:56:37.351   531   531 I SystemServerTiming: OnBootPhase_600_com.android.server.stats.pull.StatsPullAtomService
06-08 10:56:37.353   531   531 I SystemServerTiming: OnBootPhase_600_com.android.server.incident.IncidentCompanionService
06-08 10:56:37.353   531   531 I SystemServerTiming: OnBootPhase_600_com.android.server.MmsServiceBroker
06-08 10:56:37.353   531   531 I SystemServerTiming: OnBootPhase_600_com.android.server.autofill.AutofillManagerService
06-08 10:56:37.368   531   531 I SystemServerTiming: OnBootPhase_600_com.android.server.clipboard.ClipboardService
06-08 10:56:37.369   531   531 I SystemServerTiming: OnBootPhase_600_com.android.server.appbinding.AppBindingService$Lifecycle
06-08 10:56:37.369   531   531 I SystemServerTiming: OnBootPhase_600_com.android.server.policy.PermissionPolicyService
06-08 10:56:37.369   531   531 I SystemServerTiming: OnBootPhase_600_com.android.server.pm.StagingManager$Lifecycle
06-08 10:56:37.369   531   531 I SystemServerTiming: StartNetworkStack
06-08 10:56:37.370   531   531 D ConnectivityModuleConnector: Starting networking module android.net.INetworkStackConnector
06-08 10:56:37.370   531   531 D ConnectivityModuleConnector: Starting networking module in network_stack process
06-08 10:56:37.372   531   531 D CompatibilityChangeReporter: Compat change id reported: 135634846; UID 1073; state: DISABLED
06-08 10:56:37.378   531   531 D ConnectivityModuleConnector: Networking module service start requested
06-08 10:56:37.379   531   531 I SystemServerTiming: StartTethering
06-08 10:56:37.380   531   531 D ConnectivityModuleConnector: Starting networking module android.net.ITetheringConnector
06-08 10:56:37.380   531   531 D ConnectivityModuleConnector: Starting networking module in network_stack process
06-08 10:56:37.380   531   531 D ConnectivityModuleConnector: Networking module service start requested
06-08 10:56:37.380   531   531 I SystemServerTiming: MakeCountryDetectionServiceReady
06-08 10:56:37.380   531   531 I SystemServerTiming: MakeNetworkTimeUpdateReady
06-08 10:56:37.390   531   531 D ConnectivityService: requestNetwork for uid/pid:1000/531 NetworkRequest [ TRACK_DEFAULT id=9, [ Capabilities: INTERNET&NOT_RESTRICTED&TRUSTED Uid: 1000 AdministratorUids: [] RequestorUid: 1000 RequestorPackageName: android] ]
06-08 10:56:37.391   531   531 I SystemServerTiming: MakeInputManagerServiceReady
06-08 10:56:37.392   531   650 D ConnectivityService: NetReassign [no changes]
06-08 10:56:37.394   531   531 I SystemServerTiming: MakeTelephonyRegistryReady
06-08 10:56:37.394   531   531 I SystemServerTiming: MakeMediaRouterServiceReady
06-08 10:56:37.394   531   531 I SystemServerTiming: MakeMmsServiceReady
06-08 10:56:37.394   531   531 I MmsServiceBroker: Delay connecting to MmsService until an API is called
06-08 10:56:37.395   531   531 I SystemServerTiming: IncidentDaemonReady
06-08 10:56:37.396   531   531 I SystemServerTiming: MakeIncrementalServiceReady
06-08 10:56:37.396   531   531 I SystemServerTiming: getCurrentUser
06-08 10:56:37.396   531   531 I ActivityManager: Current user:0
06-08 10:56:37.396   531   531 I SystemServerTiming: ActivityManagerStartApps
06-08 10:56:37.396   531   531 I SystemServerTiming: ssm.StartUser-0
06-08 10:56:37.396   531   531 I SystemServiceManager: Calling onStartUser 0
06-08 10:56:37.396   531   531 I SystemServerTiming: ssm.onStartUser-0_com.android.server.security.FileIntegrityService
06-08 10:56:37.396   531   531 I SystemServerTiming: ssm.onStartUser-0_com.android.server.pm.Installer
06-08 10:56:37.396   531   531 I SystemServerTiming: ssm.onStartUser-0_com.android.server.os.DeviceIdentifiersPolicyService
06-08 10:56:37.396   531   531 I SystemServerTiming: ssm.onStartUser-0_com.android.server.uri.UriGrantsManagerService$Lifecycle
06-08 10:56:37.396   531   531 I SystemServerTiming: ssm.onStartUser-0_com.android.server.wm.ActivityTaskManagerService$Lifecycle
06-08 10:56:37.396   531   531 I SystemServerTiming: ssm.onStartUser-0_com.android.server.am.ActivityManagerService$Lifecycle
06-08 10:56:37.396   531   531 I SystemServerTiming: ssm.onStartUser-0_com.android.server.pm.DataLoaderManagerService
06-08 10:56:37.396   531   531 I SystemServerTiming: ssm.onStartUser-0_com.android.server.power.PowerManagerService
06-08 10:56:37.397   531   531 I SystemServerTiming: ssm.onStartUser-0_com.android.server.power.ThermalManagerService
06-08 10:56:37.397   531   531 I SystemServerTiming: ssm.onStartUser-0_com.android.server.recoverysystem.RecoverySystemService$Lifecycle
06-08 10:56:37.397   531   531 I SystemServerTiming: ssm.onStartUser-0_com.android.server.lights.LightsService
06-08 10:56:37.397   531   531 I SystemServerTiming: ssm.onStartUser-0_com.android.server.display.DisplayManagerService
06-08 10:56:37.397   531   531 I SystemServerTiming: ssm.onStartUser-0_com.android.server.pm.UserManagerService$LifeCycle
06-08 10:56:37.397   531   531 I SystemServerTiming: ssm.onStartUser-0_com.android.server.om.OverlayManagerService
06-08 10:56:37.397   531   531 I SystemServerTiming: ssm.onStartUser-0_com.android.server.SensorPrivacyService
06-08 10:56:37.397   531   531 I SystemServerTiming: ssm.onStartUser-0_com.android.server.SystemConfigService
06-08 10:56:37.397   531   531 I SystemServerTiming: ssm.onStartUser-0_com.android.server.BatteryService
06-08 10:56:37.397   531   531 I SystemServerTiming: ssm.onStartUser-0_com.android.server.usage.UsageStatsService
06-08 10:56:37.397   531   531 I SystemServerTiming: ssm.onStartUser-0_com.android.server.webkit.WebViewUpdateService
06-08 10:56:37.397   531   531 I SystemServerTiming: ssm.onStartUser-0_com.android.server.CachedDeviceStateService
06-08 10:56:37.398   531   531 I SystemServerTiming: ssm.onStartUser-0_com.android.server.BinderCallsStatsService$LifeCycle
06-08 10:56:37.398   531   531 I SystemServerTiming: ssm.onStartUser-0_com.android.server.LooperStatsService$Lifecycle
06-08 10:56:37.398   531   531 I SystemServerTiming: ssm.onStartUser-0_com.android.server.rollback.RollbackManagerService
06-08 10:56:37.398   531   531 I SystemServerTiming: ssm.onStartUser-0_com.android.server.os.BugreportManagerService
06-08 10:56:37.398   531   531 I SystemServerTiming: ssm.onStartUser-0_com.android.server.gpu.GpuService
06-08 10:56:37.398   531   531 I SystemServerTiming: ssm.onStartUser-0_com.android.server.security.KeyChainSystemService
06-08 10:56:37.398   531   531 I SystemServerTiming: ssm.onStartUser-0_com.android.server.telecom.TelecomLoaderService
06-08 10:56:37.398   531   531 I SystemServerTiming: ssm.onStartUser-0_com.android.server.accounts.AccountManagerService$Lifecycle
06-08 10:56:37.398   531   531 I SystemServerTiming: ssm.onStartUser-0_com.android.server.content.ContentService$Lifecycle
06-08 10:56:37.398   531   561 I ActivityManager: Start proc 858:com.android.networkstack.process/1073 for service {com.google.android.networkstack/com.android.server.NetworkStackService}
06-08 10:56:37.399   531   531 I SystemServerTiming: ssm.onStartUser-0_com.android.server.DropBoxManagerService
06-08 10:56:37.399   531   531 I SystemServerTiming: ssm.onStartUser-0_com.android.server.AlarmManagerService
06-08 10:56:37.399   531   531 I SystemServerTiming: ssm.onStartUser-0_com.android.server.BluetoothService
06-08 10:56:37.400   531   531 I SystemServerTiming: ssm.onStartUser-0_com.android.server.connectivity.IpConnectivityMetrics
06-08 10:56:37.400   531   531 I SystemServerTiming: ssm.onStartUser-0_com.android.server.net.watchlist.NetworkWatchlistService$Lifecycle
06-08 10:56:37.400   531   531 I SystemServerTiming: ssm.onStartUser-0_com.android.server.PinnerService
06-08 10:56:37.400   531   531 I SystemServerTiming: ssm.onStartUser-0_com.google.android.startop.iorap.IorapForwardingService
06-08 10:56:37.400   531   531 I SystemServerTiming: ssm.onStartUser-0_com.android.server.integrity.AppIntegrityManagerService
06-08 10:56:37.400   531   531 I SystemServerTiming: ssm.onStartUser-0_com.android.server.inputmethod.InputMethodManagerService$Lifecycle
06-08 10:56:37.401   531   531 I SystemServerTiming: ssm.onStartUser-0_com.android.server.accessibility.AccessibilityManagerService$Lifecycle
06-08 10:56:37.401   531   531 I SystemServerTiming: ssm.onStartUser-0_com.android.server.StorageManagerService$Lifecycle
06-08 10:56:37.413   531   531 V StorageManagerService: Package com.google.android.networkstack.tethering does not have legacy storage
06-08 10:56:37.414   531   531 V StorageManagerService: Package com.tuningfork.insightsdemo does not have legacy storage
06-08 10:56:37.414   531   531 V StorageManagerService: Package com.android.cts.priv.ctsshim does not have legacy storage
06-08 10:56:37.414   531   531 V StorageManagerService: Package com.google.android.youtube has legacy storage
06-08 10:56:37.414   531   531 V StorageManagerService: Package com.android.internal.display.cutout.emulation.corner does not have legacy storage
06-08 10:56:37.414   531   531 V StorageManagerService: Package com.google.android.ext.services does not have legacy storage
06-08 10:56:37.414   531   531 V StorageManagerService: Package com.android.internal.display.cutout.emulation.double does not have legacy storage
06-08 10:56:37.414   531   531 V StorageManagerService: Package com.android.providers.telephony does not have legacy storage
06-08 10:56:37.414   531   531 V StorageManagerService: Package com.android.dynsystem does not have legacy storage
06-08 10:56:37.414   531   531 V StorageManagerService: Package com.android.theme.icon.pebble does not have legacy storage
06-08 10:56:37.414   531   531 V StorageManagerService: Package com.google.android.googlequicksearchbox does not have legacy storage
06-08 10:56:37.414   531   531 V StorageManagerService: Package com.google.android.cellbroadcastservice does not have legacy storage
06-08 10:56:37.414   531   531 V StorageManagerService: Package com.android.providers.calendar does not have legacy storage
06-08 10:56:37.415   531   531 V StorageManagerService: Package com.android.providers.media does not have legacy storage
06-08 10:56:37.415   531   531 V StorageManagerService: Package com.google.android.onetimeinitializer does not have legacy storage
06-08 10:56:37.415   531   531 V StorageManagerService: Package com.google.android.ext.shared does not have legacy storage
06-08 10:56:37.415   531   531 V StorageManagerService: Package com.android.internal.systemui.navbar.gestural_wide_back does not have legacy storage
06-08 10:56:37.415   531   531 V StorageManagerService: Package com.android.managedprovisioning.auto_generated_rro_product__ does not have legacy storage
06-08 10:56:37.415   531   531 V StorageManagerService: Package com.android.theme.icon.vessel does not have legacy storage
06-08 10:56:37.415   531   531 V StorageManagerService: Package com.android.theme.color.cinnamon does not have legacy storage
06-08 10:56:37.415   531   531 V StorageManagerService: Package com.android.theme.icon_pack.rounded.systemui does not have legacy storage
06-08 10:56:37.417   531   531 V StorageManagerService: Package com.android.theme.icon.taperedrect does not have legacy storage
06-08 10:56:37.417   531   531 V StorageManagerService: Package com.android.simappdialog.auto_generated_rro_product__ does not have legacy storage
06-08 10:56:37.417   531   531 V StorageManagerService: Package com.android.externalstorage does not have legacy storage
06-08 10:56:37.417   531   531 V StorageManagerService: Package com.android.htmlviewer does not have legacy storage
06-08 10:56:37.417   531   531 V StorageManagerService: Package com.android.companiondevicemanager does not have legacy storage
06-08 10:56:37.417   531   531 V StorageManagerService: Package com.android.mms.service does not have legacy storage
06-08 10:56:37.417   531   531 V StorageManagerService: Package com.android.providers.downloads does not have legacy storage
06-08 10:56:37.417   531   531 V StorageManagerService: Package com.android.systemui.auto_generated_rro_product__ does not have legacy storage
06-08 10:56:37.417   531   531 V StorageManagerService: Package com.google.android.apps.messaging does not have legacy storage
06-08 10:56:37.418   531   531 V StorageManagerService: Package com.google.android.soundpicker does not have legacy storage
06-08 10:56:37.418   531   531 V StorageManagerService: Package com.android.theme.icon_pack.rounded.android does not have legacy storage
06-08 10:56:37.418   531   531 V StorageManagerService: Package com.breel.wallpapers18 does not have legacy storage
06-08 10:56:37.418   531   531 V StorageManagerService: Package com.android.theme.icon_pack.circular.themepicker does not have legacy storage
06-08 10:56:37.418   531   531 V StorageManagerService: Package com.google.android.configupdater does not have legacy storage
06-08 10:56:37.418   531   531 V StorageManagerService: Package com.google.android.providers.media.module does not have legacy storage
06-08 10:56:37.418   531   531 V StorageManagerService: Package com.google.android.overlay.googlewebview does not have legacy storage
06-08 10:56:37.418   531   531 V StorageManagerService: Package com.android.timezone.updater does not have legacy storage
06-08 10:56:37.418   531   531 V StorageManagerService: Package com.android.systemui.plugin.globalactions.wallet does not have legacy storage
06-08 10:56:37.418   531   531 V StorageManagerService: Package com.android.providers.downloads.ui does not have legacy storage
06-08 10:56:37.418   531   531 V StorageManagerService: Package com.google.android.hotspot2.osulogin does not have legacy storage
06-08 10:56:37.418   531   531 V StorageManagerService: Package com.android.vending does not have legacy storage
06-08 10:56:37.418   531   531 V StorageManagerService: Package com.android.pacprocessor does not have legacy storage
06-08 10:56:37.418   531   531 V StorageManagerService: Package com.android.simappdialog does not have legacy storage
06-08 10:56:37.418   531   531 V StorageManagerService: Package com.android.internal.display.cutout.emulation.hole does not have legacy storage
06-08 10:56:37.419   531   531 V StorageManagerService: Package com.android.internal.display.cutout.emulation.tall does not have legacy storage
06-08 10:56:37.419   531   531 V StorageManagerService: Package com.android.certinstaller does not have legacy storage
06-08 10:56:37.419   531   531 V StorageManagerService: Package com.android.theme.color.black does not have legacy storage
