06-08 10:56:35.895   531   531 I SystemServiceManager: Starting com.android.server.stats.pull.StatsPullAtomService
06-08 10:56:35.895   531   531 I SystemServerTiming: StartIncidentCompanionService
06-08 10:56:35.895   531   531 I SystemServiceManager: Starting com.android.server.incident.IncidentCompanionService
06-08 10:56:35.897   531   531 I SystemServerTiming: StartMmsService
06-08 10:56:35.897   531   531 I SystemServiceManager: Starting com.android.server.MmsServiceBroker
06-08 10:56:35.900   531   531 I SystemServerTiming: StartAutoFillService
06-08 10:56:35.908   531   531 I SystemServiceManager: Starting com.android.server.autofill.AutofillManagerService
06-08 10:56:35.912   531   531 E AutofillManagerServiceImpl: Bad service name: com.google.android.gms/.autofill.service.AutofillService
06-08 10:56:35.913   531   531 E RemoteAugmentedAutofillService: Bad service name for flags 1048704: com.google.android.as/com.google.android.apps.miphone.aiai.app.AiAiAugmentedAutofillService
06-08 10:56:35.915   531   531 I SystemServerTiming: StartClipboardService
06-08 10:56:35.919   531   531 I SystemServiceManager: Starting com.android.server.clipboard.ClipboardService
06-08 10:56:35.922   531   531 I SystemServerTiming: AppServiceManager
06-08 10:56:35.922   531   531 I SystemServiceManager: Starting com.android.server.appbinding.AppBindingService$Lifecycle
06-08 10:56:35.924   531   531 I SystemServerTiming: MakeVibratorServiceReady
06-08 10:56:35.927   531   531 E HistoricalRegistry: Interaction before persistence initialized
06-08 10:56:35.927   531   531 I SystemServerTiming: MakeLockSettingsServiceReady
06-08 10:56:35.942   531   531 I SyntheticPasswordManager: Device does not support weaver
06-08 10:56:35.950   531   531 I SystemServerTiming: StartBootPhaseLockSettingsReady
06-08 10:56:35.950   531   531 I SystemServiceManager: Starting phase 480
06-08 10:56:35.950   531   531 I SystemServerTiming: OnBootPhase_480
06-08 10:56:35.950   531   531 I SystemServerTiming: OnBootPhase_480_com.android.server.security.FileIntegrityService
06-08 10:56:35.951   531   531 I SystemServerTiming: OnBootPhase_480_com.android.server.pm.Installer
06-08 10:56:35.951   531   531 I SystemServerTiming: OnBootPhase_480_com.android.server.os.DeviceIdentifiersPolicyService
06-08 10:56:35.952   531   531 I SystemServerTiming: OnBootPhase_480_com.android.server.uri.UriGrantsManagerService$Lifecycle
06-08 10:56:35.952   531   531 I SystemServerTiming: OnBootPhase_480_com.android.server.wm.ActivityTaskManagerService$Lifecycle
06-08 10:56:35.952   531   531 I SystemServerTiming: OnBootPhase_480_com.android.server.am.ActivityManagerService$Lifecycle
06-08 10:56:35.952   531   531 I SystemServerTiming: OnBootPhase_480_com.android.server.pm.DataLoaderManagerService
06-08 10:56:35.954   531   531 I SystemServerTiming: OnBootPhase_480_com.android.server.power.PowerManagerService
06-08 10:56:35.954   531   531 I SystemServerTiming: OnBootPhase_480_com.android.server.power.ThermalManagerService
06-08 10:56:35.954   531   531 I SystemServerTiming: OnBootPhase_480_com.android.server.recoverysystem.RecoverySystemService$Lifecycle
06-08 10:56:35.954   531   531 I SystemServerTiming: OnBootPhase_480_com.android.server.lights.LightsService
06-08 10:56:35.955   531   531 I SystemServerTiming: OnBootPhase_480_com.android.server.display.DisplayManagerService
06-08 10:56:35.955   531   531 I SystemServerTiming: OnBootPhase_480_com.android.server.pm.UserManagerService$LifeCycle
06-08 10:56:35.955   531   531 I SystemServerTiming: OnBootPhase_480_com.android.server.om.OverlayManagerService
06-08 10:56:35.955   531   531 I SystemServerTiming: OnBootPhase_480_com.android.server.SensorPrivacyService
06-08 10:56:35.955   531   531 I SystemServerTiming: OnBootPhase_480_com.android.server.SystemConfigService
06-08 10:56:35.956   531   531 I SystemServerTiming: OnBootPhase_480_com.android.server.BatteryService
06-08 10:56:35.956   531   531 I SystemServerTiming: OnBootPhase_480_com.android.server.usage.UsageStatsService
06-08 10:56:35.956   531   531 I SystemServerTiming: OnBootPhase_480_com.android.server.webkit.WebViewUpdateService
06-08 10:56:35.956   531   531 I SystemServerTiming: OnBootPhase_480_com.android.server.CachedDeviceStateService
06-08 10:56:35.956   531   531 I SystemServerTiming: OnBootPhase_480_com.android.server.BinderCallsStatsService$LifeCycle
06-08 10:56:35.956   531   531 I SystemServerTiming: OnBootPhase_480_com.android.server.LooperStatsService$Lifecycle
06-08 10:56:35.956   531   531 I SystemServerTiming: OnBootPhase_480_com.android.server.rollback.RollbackManagerService
06-08 10:56:35.956   531   531 I SystemServerTiming: OnBootPhase_480_com.android.server.os.BugreportManagerService
06-08 10:56:35.956   531   531 I SystemServerTiming: OnBootPhase_480_com.android.server.gpu.GpuService
06-08 10:56:35.957   531   531 I SystemServerTiming: OnBootPhase_480_com.android.server.security.KeyChainSystemService
06-08 10:56:35.958   531   531 I SystemServerTiming: OnBootPhase_480_com.android.server.telecom.TelecomLoaderService
06-08 10:56:35.958   531   531 I SystemServerTiming: OnBootPhase_480_com.android.server.accounts.AccountManagerService$Lifecycle
06-08 10:56:35.958   531   531 I SystemServerTiming: OnBootPhase_480_com.android.server.content.ContentService$Lifecycle
06-08 10:56:35.958   531   531 I SystemServerTiming: OnBootPhase_480_com.android.server.DropBoxManagerService
06-08 10:56:35.958   531   531 I SystemServerTiming: OnBootPhase_480_com.android.server.AlarmManagerService
06-08 10:56:35.958   531   531 I SystemServerTiming: OnBootPhase_480_com.android.server.BluetoothService
06-08 10:56:35.958   531   531 I SystemServerTiming: OnBootPhase_480_com.android.server.connectivity.IpConnectivityMetrics
06-08 10:56:35.958   531   531 I SystemServerTiming: OnBootPhase_480_com.android.server.net.watchlist.NetworkWatchlistService$Lifecycle
06-08 10:56:35.958   531   531 I SystemServerTiming: OnBootPhase_480_com.android.server.PinnerService
06-08 10:56:35.958   531   531 I SystemServerTiming: OnBootPhase_480_com.google.android.startop.iorap.IorapForwardingService
06-08 10:56:35.958   531   531 I SystemServerTiming: OnBootPhase_480_com.android.server.integrity.AppIntegrityManagerService
06-08 10:56:35.958   531   531 I SystemServerTiming: OnBootPhase_480_com.android.server.inputmethod.InputMethodManagerService$Lifecycle
06-08 10:56:35.958   531   531 I SystemServerTiming: OnBootPhase_480_com.android.server.accessibility.AccessibilityManagerService$Lifecycle
06-08 10:56:35.958   531   531 I SystemServerTiming: OnBootPhase_480_com.android.server.StorageManagerService$Lifecycle
06-08 10:56:35.958   531   531 I SystemServerTiming: OnBootPhase_480_com.android.server.usage.StorageStatsService$Lifecycle
06-08 10:56:35.958   531   531 I SystemServerTiming: OnBootPhase_480_com.android.server.UiModeManagerService
06-08 10:56:35.958   531   531 I SystemServerTiming: OnBootPhase_480_com.android.server.locksettings.LockSettingsService$Lifecycle
06-08 10:56:35.958   531   531 I SystemServerTiming: OnBootPhase_480_com.android.server.testharness.TestHarnessModeService
06-08 10:56:35.958   531   531 I SystemServerTiming: OnBootPhase_480_com.android.server.DeviceIdleController
06-08 10:56:35.959   531   531 I SystemServerTiming: OnBootPhase_480_com.android.server.devicepolicy.DevicePolicyManagerService$Lifecycle
06-08 10:56:35.964   531   613 I SystemServerTimingAsync: InitThreadPoolExec:DevicePolicyManager
06-08 10:56:35.965   531   531 I SystemServerTiming: OnBootPhase_480_com.android.server.contentcapture.ContentCaptureManagerService
06-08 10:56:35.965   531   531 I SystemServerTiming: OnBootPhase_480_com.android.server.systemcaptions.SystemCaptionsManagerService
06-08 10:56:35.965   531   531 I SystemServerTiming: OnBootPhase_480_com.android.server.appprediction.AppPredictionManagerService
06-08 10:56:35.965   531   531 I SystemServerTiming: OnBootPhase_480_com.android.server.contentsuggestions.ContentSuggestionsManagerService
06-08 10:56:35.965   531   531 I SystemServerTiming: OnBootPhase_480_com.android.server.textservices.TextServicesManagerService$Lifecycle
06-08 10:56:35.965   531   531 I SystemServerTiming: OnBootPhase_480_com.android.server.textclassifier.TextClassificationManagerService$Lifecycle
06-08 10:56:35.965   531   531 I SystemServerTiming: OnBootPhase_480_com.android.server.NetworkScoreService$Lifecycle
06-08 10:56:35.965   531   531 I SystemServerTiming: OnBootPhase_480_com.android.server.wifi.WifiService
06-08 10:56:35.965   531   531 I SystemServerTiming: OnBootPhase_480_com.android.server.wifi.scanner.WifiScanningService
06-08 10:56:35.965   531   531 I SystemServerTiming: OnBootPhase_480_com.android.server.wifi.p2p.WifiP2pService
06-08 10:56:35.965   531   531 I SystemServerTiming: OnBootPhase_480_com.android.server.notification.NotificationManagerService
06-08 10:56:35.965   531   531 I SystemServerTiming: OnBootPhase_480_com.android.server.storage.DeviceStorageMonitorService
06-08 10:56:35.965   531   531 I SystemServerTiming: OnBootPhase_480_com.android.server.location.LocationManagerService$Lifecycle
06-08 10:56:35.965   531   531 I SystemServerTiming: OnBootPhase_480_com.android.server.timedetector.TimeDetectorService$Lifecycle
06-08 10:56:35.966   531   531 I SystemServerTiming: OnBootPhase_480_com.android.server.timezonedetector.TimeZoneDetectorService$Lifecycle
06-08 10:56:35.966   531   531 I SystemServerTiming: OnBootPhase_480_com.android.server.search.SearchManagerService$Lifecycle
06-08 10:56:35.966   531   531 I SystemServerTiming: OnBootPhase_480_com.android.server.wallpaper.WallpaperManagerService$Lifecycle
06-08 10:56:35.966   531   531 I SystemServerTiming: OnBootPhase_480_com.android.server.audio.AudioService$Lifecycle
06-08 10:56:35.966   531   531 I SystemServerTiming: OnBootPhase_480_com.android.server.soundtrigger_middleware.SoundTriggerMiddlewareService$Lifecycle
06-08 10:56:35.967   531   531 I SystemServerTiming: OnBootPhase_480_com.android.server.DockObserver
06-08 10:56:35.967   531   531 I SystemServerTiming: OnBootPhase_480_com.android.server.midi.MidiService$Lifecycle
06-08 10:56:35.967   531   531 I SystemServerTiming: OnBootPhase_480_com.android.server.adb.AdbService$Lifecycle
06-08 10:56:35.967   531   531 I SystemServerTiming: OnBootPhase_480_com.android.server.usb.UsbService$Lifecycle
06-08 10:56:35.967   531   531 I SystemServerTiming: OnBootPhase_480_com.android.server.twilight.TwilightService
06-08 10:56:35.967   531   531 I SystemServerTiming: OnBootPhase_480_com.android.server.display.color.ColorDisplayService
06-08 10:56:35.967   531   531 I SystemServerTiming: OnBootPhase_480_com.android.server.job.JobSchedulerService
06-08 10:56:35.967   531   531 I SystemServerTiming: OnBootPhase_480_com.android.server.soundtrigger.SoundTriggerService
06-08 10:56:35.967   531   531 D SoundTriggerService: onBootPhase: 480 : false
06-08 10:56:35.967   531   531 I SystemServerTiming: OnBootPhase_480_com.android.server.trust.TrustManagerService
06-08 10:56:35.967   531   531 I SystemServerTiming: OnBootPhase_480_com.android.server.backup.BackupManagerService$Lifecycle
06-08 10:56:35.967   531   531 I SystemServerTiming: OnBootPhase_480_com.android.server.appwidget.AppWidgetService
06-08 10:56:35.967   531   531 I SystemServerTiming: OnBootPhase_480_com.android.server.role.RoleManagerService
06-08 10:56:35.967   531   531 I SystemServerTiming: OnBootPhase_480_com.android.server.voiceinteraction.VoiceInteractionManagerService
06-08 10:56:35.967   531   531 I SystemServerTiming: OnBootPhase_480_com.android.server.GestureLauncherService
06-08 10:56:35.967   531   531 I SystemServerTiming: OnBootPhase_480_com.android.server.SensorNotificationService
06-08 10:56:35.967   531   531 I SystemServerTiming: OnBootPhase_480_com.android.server.emergency.EmergencyAffordanceService
06-08 10:56:35.968   531   531 I SystemServerTiming: OnBootPhase_480_com.android.server.dreams.DreamManagerService
06-08 10:56:35.968   531   531 I SystemServerTiming: OnBootPhase_480_com.android.server.print.PrintManagerService
06-08 10:56:35.968   531   531 I SystemServerTiming: OnBootPhase_480_com.android.server.companion.CompanionDeviceManagerService
06-08 10:56:35.968   531   531 I SystemServerTiming: OnBootPhase_480_com.android.server.restrictions.RestrictionsManagerService
06-08 10:56:35.968   531   531 I SystemServerTiming: OnBootPhase_480_com.android.server.blob.BlobStoreManagerService
06-08 10:56:35.968   531   531 I SystemServerTiming: OnBootPhase_480_com.android.server.media.MediaSessionService
06-08 10:56:35.968   531   531 I SystemServerTiming: OnBootPhase_480_com.android.server.media.MediaResourceMonitorService
06-08 10:56:35.968   531   531 I SystemServerTiming: OnBootPhase_480_com.android.server.biometrics.fingerprint.FingerprintService
06-08 10:56:35.968   531   531 I SystemServerTiming: OnBootPhase_480_com.android.server.biometrics.BiometricService
06-08 10:56:35.968   531   531 I SystemServerTiming: OnBootPhase_480_com.android.server.biometrics.AuthService
06-08 10:56:35.968   531   531 I SystemServerTiming: OnBootPhase_480_com.android.server.pm.ShortcutService$Lifecycle
06-08 10:56:35.973   531   531 I SystemServerTiming: OnBootPhase_480_com.android.server.pm.LauncherAppsService
06-08 10:56:35.974   531   531 I SystemServerTiming: OnBootPhase_480_com.android.server.pm.CrossProfileAppsService
06-08 10:56:35.974   531   531 I SystemServerTiming: OnBootPhase_480_com.android.server.people.PeopleService
06-08 10:56:35.974   531   531 I SystemServerTiming: OnBootPhase_480_com.android.server.media.projection.MediaProjectionManagerService
06-08 10:56:35.974   531   531 I SystemServerTiming: OnBootPhase_480_com.android.server.slice.SliceManagerService$Lifecycle
06-08 10:56:35.974   531   531 I SystemServerTiming: OnBootPhase_480_com.android.server.camera.CameraServiceProxy
06-08 10:56:35.974   531   531 I SystemServerTiming: OnBootPhase_480_com.android.server.stats.StatsCompanion$Lifecycle
06-08 10:56:35.974   531   531 I SystemServerTiming: OnBootPhase_480_com.android.server.stats.pull.StatsPullAtomService
06-08 10:56:35.974   531   531 I SystemServerTiming: OnBootPhase_480_com.android.server.incident.IncidentCompanionService
06-08 10:56:35.975   531   531 I SystemServerTiming: OnBootPhase_480_com.android.server.MmsServiceBroker
06-08 10:56:35.975   531   531 I SystemServerTiming: OnBootPhase_480_com.android.server.autofill.AutofillManagerService
06-08 10:56:35.975   531   531 I SystemServerTiming: OnBootPhase_480_com.android.server.clipboard.ClipboardService
06-08 10:56:35.975   531   531 I SystemServerTiming: OnBootPhase_480_com.android.server.appbinding.AppBindingService$Lifecycle
06-08 10:56:35.975   531   531 I SystemServerTiming: StartBootPhaseSystemServicesReady
06-08 10:56:35.975   531   531 I SystemServiceManager: Starting phase 500
06-08 10:56:35.975   531   531 I SystemServerTiming: OnBootPhase_500
06-08 10:56:35.975   531   531 I SystemServerTiming: OnBootPhase_500_com.android.server.security.FileIntegrityService
06-08 10:56:35.975   531   531 I SystemServerTiming: OnBootPhase_500_com.android.server.pm.Installer
06-08 10:56:35.976   531   531 I SystemServerTiming: OnBootPhase_500_com.android.server.os.DeviceIdentifiersPolicyService
06-08 10:56:35.976   531   531 I SystemServerTiming: OnBootPhase_500_com.android.server.uri.UriGrantsManagerService$Lifecycle
06-08 10:56:35.976   531   531 I SystemServerTiming: OnBootPhase_500_com.android.server.wm.ActivityTaskManagerService$Lifecycle
06-08 10:56:35.976   531   531 I SystemServerTiming: OnBootPhase_500_com.android.server.am.ActivityManagerService$Lifecycle
06-08 10:56:35.977   531   531 I SystemServerTiming: OnBootPhase_500_com.android.server.pm.DataLoaderManagerService
06-08 10:56:35.977   531   531 I SystemServerTiming: OnBootPhase_500_com.android.server.power.PowerManagerService
06-08 10:56:35.977   531   531 I SystemServerTiming: OnBootPhase_500_com.android.server.power.ThermalManagerService
06-08 10:56:35.977   531   531 I SystemServerTiming: OnBootPhase_500_com.android.server.recoverysystem.RecoverySystemService$Lifecycle
06-08 10:56:35.978   531   531 I SystemServerTiming: OnBootPhase_500_com.android.server.lights.LightsService
06-08 10:56:35.978   531   531 I SystemServerTiming: OnBootPhase_500_com.android.server.display.DisplayManagerService
06-08 10:56:35.978   531   531 I SystemServerTiming: OnBootPhase_500_com.android.server.pm.UserManagerService$LifeCycle
06-08 10:56:35.978   531   531 I SystemServerTiming: OnBootPhase_500_com.android.server.om.OverlayManagerService
06-08 10:56:35.978   531   531 I SystemServerTiming: OnBootPhase_500_com.android.server.SensorPrivacyService
06-08 10:56:35.979   531   531 I SystemServerTiming: OnBootPhase_500_com.android.server.SystemConfigService
06-08 10:56:35.979   531   531 I SystemServerTiming: OnBootPhase_500_com.android.server.BatteryService
06-08 10:56:35.979   531   531 I SystemServerTiming: OnBootPhase_500_com.android.server.usage.UsageStatsService
06-08 10:56:35.981   531   531 D AppStandbyController: Setting app idle enabled state
06-08 10:56:35.983   531   531 E HistoricalRegistry: Interaction before persistence initialized
06-08 10:56:35.984   531   531 I SystemServerTiming: OnBootPhase_500_com.android.server.webkit.WebViewUpdateService
06-08 10:56:35.984   531   531 I SystemServerTiming: OnBootPhase_500_com.android.server.CachedDeviceStateService
06-08 10:56:35.984   531   531 I SystemServerTiming: OnBootPhase_500_com.android.server.BinderCallsStatsService$LifeCycle
06-08 10:56:36.007   531   531 I SystemServerTiming: OnBootPhase_500_com.android.server.LooperStatsService$Lifecycle
06-08 10:56:36.008   531   531 I SystemServerTiming: OnBootPhase_500_com.android.server.rollback.RollbackManagerService
06-08 10:56:36.008   531   531 I SystemServerTiming: OnBootPhase_500_com.android.server.os.BugreportManagerService
06-08 10:56:36.008   531   531 I SystemServerTiming: OnBootPhase_500_com.android.server.gpu.GpuService
06-08 10:56:36.008   531   531 I SystemServerTiming: OnBootPhase_500_com.android.server.security.KeyChainSystemService
06-08 10:56:36.008   531   531 I SystemServerTiming: OnBootPhase_500_com.android.server.telecom.TelecomLoaderService
06-08 10:56:36.008   531   531 I SystemServerTiming: OnBootPhase_500_com.android.server.accounts.AccountManagerService$Lifecycle
06-08 10:56:36.008   531   531 I SystemServerTiming: OnBootPhase_500_com.android.server.content.ContentService$Lifecycle
06-08 10:56:36.008   531   531 I SystemServerTiming: OnBootPhase_500_com.android.server.DropBoxManagerService
06-08 10:56:36.009   531   531 I SystemServerTiming: OnBootPhase_500_com.android.server.AlarmManagerService
06-08 10:56:36.010   531   531 I SystemServerTiming: OnBootPhase_500_com.android.server.BluetoothService
06-08 10:56:36.011   531   531 I SystemServerTiming: OnBootPhase_500_com.android.server.connectivity.IpConnectivityMetrics
06-08 10:56:36.015   531   531 I SystemServerTiming: OnBootPhase_500_com.android.server.net.watchlist.NetworkWatchlistService$Lifecycle
06-08 10:56:36.015   531   531 I SystemServerTiming: OnBootPhase_500_com.android.server.PinnerService
06-08 10:56:36.016   531   531 I SystemServerTiming: OnBootPhase_500_com.google.android.startop.iorap.IorapForwardingService
06-08 10:56:36.016   531   531 I SystemServerTiming: OnBootPhase_500_com.android.server.integrity.AppIntegrityManagerService
06-08 10:56:36.016   531   531 I SystemServerTiming: OnBootPhase_500_com.android.server.inputmethod.InputMethodManagerService$Lifecycle
06-08 10:56:36.016   531   531 I SystemServerTiming: OnBootPhase_500_com.android.server.accessibility.AccessibilityManagerService$Lifecycle
06-08 10:56:36.017   531   531 I SystemServerTiming: OnBootPhase_500_com.android.server.StorageManagerService$Lifecycle
06-08 10:56:36.018   531   531 I SystemServerTiming: OnBootPhase_500_com.android.server.usage.StorageStatsService$Lifecycle
06-08 10:56:36.018   531   531 I SystemServerTiming: OnBootPhase_500_com.android.server.UiModeManagerService
06-08 10:56:36.030   531   531 I ActivityTaskManager: Config changes=200 {1.0 ?mcc?mnc [en_US] ldltr sw392dp w392dp h735dp 440dpi nrml long port finger qwerty/v/v dpad/v winConfig={ mBounds=Rect(0, 0 - 1080, 2220) mAppBounds=Rect(0, 0 - 1080, 2088) mWindowingMode=fullscreen mDisplayWindowingMode=fullscreen mActivityType=undefined mAlwaysOnTop=undefined mRotation=ROTATION_0} s.6}
06-08 10:56:36.032   531   531 I WindowManager: Override config changes=200 {1.0 ?mcc?mnc [en_US] ldltr sw392dp w392dp h735dp 440dpi nrml long port finger qwerty/v/v dpad/v winConfig={ mBounds=Rect(0, 0 - 1080, 2220) mAppBounds=Rect(0, 0 - 1080, 2088) mWindowingMode=fullscreen mDisplayWindowingMode=fullscreen mActivityType=undefined mAlwaysOnTop=undefined mRotation=ROTATION_0} s.6} for displayId=0
06-08 10:56:36.033   531   531 I SystemServerTiming: OnBootPhase_500_com.android.server.locksettings.LockSettingsService$Lifecycle
06-08 10:56:36.033   531   531 I SystemServerTiming: OnBootPhase_500_com.android.server.testharness.TestHarnessModeService
06-08 10:56:36.033   531   531 D TestHarnessModeService: Setting up test harness mode
06-08 10:56:36.033   531   531 D TestHarnessModeService: Getting PersistentDataBlockManagerInternal from LocalServices
06-08 10:56:36.033   531   531 E TestHarnessModeService: Failed to start Test Harness Mode; no implementation of PersistentDataBlockManagerInternal was bound!
06-08 10:56:36.033   531   531 I SystemServerTiming: OnBootPhase_500_com.android.server.DeviceIdleController
06-08 10:56:36.038   531   531 E HistoricalRegistry: Interaction before persistence initialized
06-08 10:56:36.040   531   531 I SystemServerTiming: OnBootPhase_500_com.android.server.devicepolicy.DevicePolicyManagerService$Lifecycle
06-08 10:56:36.040   531   531 I SystemServerTiming: OnBootPhase_500_com.android.server.contentcapture.ContentCaptureManagerService
06-08 10:56:36.040   531   531 I SystemServerTiming: OnBootPhase_500_com.android.server.systemcaptions.SystemCaptionsManagerService
06-08 10:56:36.040   531   531 I SystemServerTiming: OnBootPhase_500_com.android.server.appprediction.AppPredictionManagerService
06-08 10:56:36.040   531   531 I SystemServerTiming: OnBootPhase_500_com.android.server.contentsuggestions.ContentSuggestionsManagerService
06-08 10:56:36.040   531   531 I SystemServerTiming: OnBootPhase_500_com.android.server.textservices.TextServicesManagerService$Lifecycle
06-08 10:56:36.040   531   531 I SystemServerTiming: OnBootPhase_500_com.android.server.textclassifier.TextClassificationManagerService$Lifecycle
06-08 10:56:36.040   531   531 I SystemServerTiming: OnBootPhase_500_com.android.server.NetworkScoreService$Lifecycle
06-08 10:56:36.041   531   531 I SystemServerTiming: OnBootPhase_500_com.android.server.wifi.WifiService
06-08 10:56:36.047   531   531 I SystemServerTiming: OnBootPhase_500_com.android.server.wifi.scanner.WifiScanningService
06-08 10:56:36.048   531   531 I SystemServerTiming: OnBootPhase_500_com.android.server.wifi.p2p.WifiP2pService
06-08 10:56:36.060   531   531 I SystemServerTiming: OnBootPhase_500_com.android.server.notification.NotificationManagerService
06-08 10:56:36.077   531   531 I SystemServerTiming: OnBootPhase_500_com.android.server.storage.DeviceStorageMonitorService
06-08 10:56:36.077   531   531 I SystemServerTiming: OnBootPhase_500_com.android.server.location.LocationManagerService$Lifecycle
06-08 10:56:36.081   531   531 E HistoricalRegistry: Interaction before persistence initialized
06-08 10:56:36.086   531   531 I SystemServerTiming: OnBootPhase_500_com.android.server.timedetector.TimeDetectorService$Lifecycle
06-08 10:56:36.087   531   531 I SystemServerTiming: OnBootPhase_500_com.android.server.timezonedetector.TimeZoneDetectorService$Lifecycle
06-08 10:56:36.087   531   531 I SystemServerTiming: OnBootPhase_500_com.android.server.search.SearchManagerService$Lifecycle
06-08 10:56:36.087   531   531 I SystemServerTiming: OnBootPhase_500_com.android.server.wallpaper.WallpaperManagerService$Lifecycle
06-08 10:56:36.087   531   531 I SystemServerTiming: OnBootPhase_500_com.android.server.audio.AudioService$Lifecycle
06-08 10:56:36.087   531   531 I SystemServerTiming: OnBootPhase_500_com.android.server.soundtrigger_middleware.SoundTriggerMiddlewareService$Lifecycle
06-08 10:56:36.087   531   531 I SystemServerTiming: OnBootPhase_500_com.android.server.DockObserver
06-08 10:56:36.087   531   531 I SystemServerTiming: OnBootPhase_500_com.android.server.midi.MidiService$Lifecycle
06-08 10:56:36.087   531   531 I SystemServerTiming: OnBootPhase_500_com.android.server.adb.AdbService$Lifecycle
06-08 10:56:36.087   531   531 I SystemServerTiming: OnBootPhase_500_com.android.server.usb.UsbService$Lifecycle
06-08 10:56:36.087   531   531 I SystemServerTiming: OnBootPhase_500_com.android.server.twilight.TwilightService
06-08 10:56:36.087   531   531 I SystemServerTiming: OnBootPhase_500_com.android.server.display.color.ColorDisplayService
06-08 10:56:36.087   531   531 I SystemServerTiming: OnBootPhase_500_com.android.server.job.JobSchedulerService
06-08 10:56:36.089   531   531 E HistoricalRegistry: Interaction before persistence initialized
06-08 10:56:36.090   531   531 I SystemServerTiming: OnBootPhase_500_com.android.server.soundtrigger.SoundTriggerService
06-08 10:56:36.090   531   531 D SoundTriggerService: onBootPhase: 500 : false
06-08 10:56:36.090   531   531 I SystemServerTiming: OnBootPhase_500_com.android.server.trust.TrustManagerService
06-08 10:56:36.092   531   531 I SystemServerTiming: OnBootPhase_500_com.android.server.backup.BackupManagerService$Lifecycle
06-08 10:56:36.092   531   531 I SystemServerTiming: OnBootPhase_500_com.android.server.appwidget.AppWidgetService
06-08 10:56:36.093   531   531 I SystemServerTiming: OnBootPhase_500_com.android.server.role.RoleManagerService
06-08 10:56:36.093   531   531 I SystemServerTiming: OnBootPhase_500_com.android.server.voiceinteraction.VoiceInteractionManagerService
06-08 10:56:36.094   531   531 I SystemServerTiming: OnBootPhase_500_com.android.server.GestureLauncherService
06-08 10:56:36.094   531   531 I SystemServerTiming: OnBootPhase_500_com.android.server.SensorNotificationService
06-08 10:56:36.094   531   531 I SystemServerTiming: OnBootPhase_500_com.android.server.emergency.EmergencyAffordanceService
06-08 10:56:36.094   531   531 I SystemServerTiming: OnBootPhase_500_com.android.server.dreams.DreamManagerService
06-08 10:56:36.094   531   531 I SystemServerTiming: OnBootPhase_500_com.android.server.print.PrintManagerService
06-08 10:56:36.094   531   531 I SystemServerTiming: OnBootPhase_500_com.android.server.companion.CompanionDeviceManagerService
06-08 10:56:36.095   531   531 I SystemServerTiming: OnBootPhase_500_com.android.server.restrictions.RestrictionsManagerService
06-08 10:56:36.095   531   531 I SystemServerTiming: OnBootPhase_500_com.android.server.blob.BlobStoreManagerService
06-08 10:56:36.095   531   531 I SystemServerTiming: OnBootPhase_500_com.android.server.media.MediaSessionService
06-08 10:56:36.095   531   531 I SystemServerTiming: OnBootPhase_500_com.android.server.media.MediaResourceMonitorService
06-08 10:56:36.095   531   531 I SystemServerTiming: OnBootPhase_500_com.android.server.biometrics.fingerprint.FingerprintService
06-08 10:56:36.095   531   531 I SystemServerTiming: OnBootPhase_500_com.android.server.biometrics.BiometricService
06-08 10:56:36.095   531   531 I SystemServerTiming: OnBootPhase_500_com.android.server.biometrics.AuthService
06-08 10:56:36.095   531   531 I SystemServerTiming: OnBootPhase_500_com.android.server.pm.ShortcutService$Lifecycle
06-08 10:56:36.095   531   531 I SystemServerTiming: OnBootPhase_500_com.android.server.pm.LauncherAppsService
06-08 10:56:36.095   531   531 I SystemServerTiming: OnBootPhase_500_com.android.server.pm.CrossProfileAppsService
06-08 10:56:36.095   531   531 I SystemServerTiming: OnBootPhase_500_com.android.server.people.PeopleService
06-08 10:56:36.096   531   531 I SystemServerTiming: OnBootPhase_500_com.android.server.media.projection.MediaProjectionManagerService
06-08 10:56:36.096   531   531 I SystemServerTiming: OnBootPhase_500_com.android.server.slice.SliceManagerService$Lifecycle
06-08 10:56:36.096   531   531 I SystemServerTiming: OnBootPhase_500_com.android.server.camera.CameraServiceProxy
06-08 10:56:36.096   531   531 I SystemServerTiming: OnBootPhase_500_com.android.server.stats.StatsCompanion$Lifecycle
06-08 10:56:36.096   531   531 I SystemServerTiming: OnBootPhase_500_com.android.server.stats.pull.StatsPullAtomService
06-08 10:56:36.097   531   531 I SystemServerTiming: OnBootPhase_500_com.android.server.incident.IncidentCompanionService
06-08 10:56:36.097   531   531 I SystemServerTiming: OnBootPhase_500_com.android.server.MmsServiceBroker
06-08 10:56:36.097   531   531 I SystemServerTiming: OnBootPhase_500_com.android.server.autofill.AutofillManagerService
06-08 10:56:36.097   531   531 I SystemServerTiming: OnBootPhase_500_com.android.server.clipboard.ClipboardService
06-08 10:56:36.097   531   531 I SystemServerTiming: OnBootPhase_500_com.android.server.appbinding.AppBindingService$Lifecycle
06-08 10:56:36.097   531   531 I SystemServerTiming: MakeWindowManagerServiceReady
06-08 10:56:36.108   531   531 I SystemServerTiming: MakePowerManagerServiceReady
06-08 10:56:36.123   531   681 I DropBoxManagerService: add tag=system_server_wtf isTagEnabled=true flags=0x2
06-08 10:56:36.134   531   682 I DropBoxManagerService: add tag=system_server_wtf isTagEnabled=true flags=0x2
06-08 10:56:36.134   531   531 E DisplayPowerController: failed to set up display white-balance: java.lang.IllegalStateException: cannot find sensor com.google.sensor.color
06-08 10:56:36.147   341   341 I android.hardware.wifi@1.0-service: Wifi HAL started
06-08 10:56:36.187   531   573 W KeyguardServiceDelegate: onScreenTurningOn(): no keyguard service!
06-08 10:56:36.193   531   531 I SystemServerTiming: StartPermissionPolicyService
06-08 10:56:36.193   531   531 I SystemServiceManager: Starting com.android.server.policy.PermissionPolicyService
06-08 10:56:36.201   531   531 I SystemServerTiming: MakePackageManagerServiceReady
06-08 10:56:36.202   531   559 I HealthServiceWrapper: health: HealthServiceWrapper listening to instance default
06-08 10:56:36.232   531   573 V DisplayPowerController: Brightness [0.39763778] reason changing to: 'override', previous reason: '0'.
06-08 10:56:36.258   341   341 I android.hardware.wifi@1.0-service: Adding interface handle for wlan0
06-08 10:56:36.260   341   341 W android.hardware.wifi@1.0-service: No active wlan interfaces in use! Using default
06-08 10:56:36.261   341   341 E android.hardware.wifi@1.0-service: Failed to register radio mode change callback
06-08 10:56:36.261   341   341 W android.hardware.wifi@1.0-service: No active wlan interfaces in use! Using default
06-08 10:56:36.280   341   341 I android.hardware.wifi@1.0-service: Configured chip in mode 0
06-08 10:56:36.280   341   341 W android.hardware.wifi@1.0-service: No active wlan interfaces in use! Using default
06-08 10:56:36.284   341   341 I android.hardware.wifi@1.0-service: Adding interface handle for wlan0
06-08 10:56:36.284   341   341 E android.hardware.wifi@1.0-service: Failed to set DFS flag; DFS channels may be unavailable.
06-08 10:56:36.328   531   559 D StatsPullAtomService: Registering pullers with statsd
06-08 10:56:36.332   531   650 D ConnectivityService: NetReassign [no changes]
06-08 10:56:36.333   531   531 I PackageManager: Permission ownership changed. Updating all permissions.
06-08 10:56:36.334   449   449 I wificond: create scanner for interface with index: 15
06-08 10:56:36.335   449   449 I wificond: subscribe scan result for interface with index: 15
06-08 10:56:36.347   531   559 I StatsPullAtomService: register thermal listener successfully
06-08 10:56:36.400   531   531 V UserDataPreparer: Found /data/user_de/0 with serial number 0
06-08 10:56:36.400   531   531 V UserDataPreparer: Found /data/user/0 with serial number 0
06-08 10:56:36.400   531   531 V UserDataPreparer: Found /data/system_de/0 with serial number 0
06-08 10:56:36.400   531   531 V UserDataPreparer: Found /data/system_ce/0 with serial number 0
06-08 10:56:36.400   531   531 V UserDataPreparer: Found /data/misc_ce/0 with serial number 0
06-08 10:56:36.405   531   531 I SystemServerTiming: MakeDisplayManagerServiceReady
06-08 10:56:36.414   531   551 E DisplayModeDirector: Asked about unknown display, returning empty display mode specs!(id=0)
06-08 10:56:36.414   531   551 E DisplayModeDirector: Asked about unknown display, returning empty display mode specs!(id=0)
06-08 10:56:36.418   531   531 I SystemServerTiming: StartDeviceSpecificServices
06-08 10:56:36.419   531   531 I SystemServerTiming: StartBootPhaseDeviceSpecificServicesReady
06-08 10:56:36.419   531   531 I SystemServiceManager: Starting phase 520
06-08 10:56:36.419   531   531 I SystemServerTiming: OnBootPhase_520
06-08 10:56:36.419   531   531 I SystemServerTiming: OnBootPhase_520_com.android.server.security.FileIntegrityService
06-08 10:56:36.419   531   531 I SystemServerTiming: OnBootPhase_520_com.android.server.pm.Installer
06-08 10:56:36.419   531   531 I SystemServerTiming: OnBootPhase_520_com.android.server.os.DeviceIdentifiersPolicyService
06-08 10:56:36.419   531   531 I SystemServerTiming: OnBootPhase_520_com.android.server.uri.UriGrantsManagerService$Lifecycle
06-08 10:56:36.420   531   531 I SystemServerTiming: OnBootPhase_520_com.android.server.wm.ActivityTaskManagerService$Lifecycle
06-08 10:56:36.420   531   531 I SystemServerTiming: OnBootPhase_520_com.android.server.am.ActivityManagerService$Lifecycle
06-08 10:56:36.420   531   531 I SystemServerTiming: OnBootPhase_520_com.android.server.pm.DataLoaderManagerService
06-08 10:56:36.420   531   531 I SystemServerTiming: OnBootPhase_520_com.android.server.power.PowerManagerService
06-08 10:56:36.420   531   531 I SystemServerTiming: OnBootPhase_520_com.android.server.power.ThermalManagerService
06-08 10:56:36.420   531   531 I SystemServerTiming: OnBootPhase_520_com.android.server.recoverysystem.RecoverySystemService$Lifecycle
06-08 10:56:36.421   531   531 I SystemServerTiming: OnBootPhase_520_com.android.server.lights.LightsService
06-08 10:56:36.421   531   531 I SystemServerTiming: OnBootPhase_520_com.android.server.display.DisplayManagerService
06-08 10:56:36.421   531   531 I SystemServerTiming: OnBootPhase_520_com.android.server.pm.UserManagerService$LifeCycle
06-08 10:56:36.421   531   531 I SystemServerTiming: OnBootPhase_520_com.android.server.om.OverlayManagerService
06-08 10:56:36.421   531   531 I SystemServerTiming: OnBootPhase_520_com.android.server.SensorPrivacyService
06-08 10:56:36.421   531   531 I SystemServerTiming: OnBootPhase_520_com.android.server.SystemConfigService
06-08 10:56:36.422   531   531 I SystemServerTiming: OnBootPhase_520_com.android.server.BatteryService
06-08 10:56:36.422   531   531 I SystemServerTiming: OnBootPhase_520_com.android.server.usage.UsageStatsService
06-08 10:56:36.422   531   531 I SystemServerTiming: OnBootPhase_520_com.android.server.webkit.WebViewUpdateService
06-08 10:56:36.422   531   531 I SystemServerTiming: OnBootPhase_520_com.android.server.CachedDeviceStateService
06-08 10:56:36.422   531   531 I SystemServerTiming: OnBootPhase_520_com.android.server.BinderCallsStatsService$LifeCycle
06-08 10:56:36.422   531   531 I SystemServerTiming: OnBootPhase_520_com.android.server.LooperStatsService$Lifecycle
06-08 10:56:36.422   531   531 I SystemServerTiming: OnBootPhase_520_com.android.server.rollback.RollbackManagerService
06-08 10:56:36.422   531   531 I SystemServerTiming: OnBootPhase_520_com.android.server.os.BugreportManagerService
06-08 10:56:36.422   531   531 I SystemServerTiming: OnBootPhase_520_com.android.server.gpu.GpuService
06-08 10:56:36.423   531   531 I SystemServerTiming: OnBootPhase_520_com.android.server.security.KeyChainSystemService
06-08 10:56:36.423   531   531 I SystemServerTiming: OnBootPhase_520_com.android.server.telecom.TelecomLoaderService
06-08 10:56:36.423   531   531 I SystemServerTiming: OnBootPhase_520_com.android.server.accounts.AccountManagerService$Lifecycle
06-08 10:56:36.423   531   531 I SystemServerTiming: OnBootPhase_520_com.android.server.content.ContentService$Lifecycle
06-08 10:56:36.423   531   531 I SystemServerTiming: OnBootPhase_520_com.android.server.DropBoxManagerService
06-08 10:56:36.424   531   531 I SystemServerTiming: OnBootPhase_520_com.android.server.AlarmManagerService
06-08 10:56:36.424   531   531 I SystemServerTiming: OnBootPhase_520_com.android.server.BluetoothService
06-08 10:56:36.424   531   531 I SystemServerTiming: OnBootPhase_520_com.android.server.connectivity.IpConnectivityMetrics
06-08 10:56:36.424   531   531 I SystemServerTiming: OnBootPhase_520_com.android.server.net.watchlist.NetworkWatchlistService$Lifecycle
06-08 10:56:36.424   531   531 I SystemServerTiming: OnBootPhase_520_com.android.server.PinnerService
06-08 10:56:36.424   531   531 I SystemServerTiming: OnBootPhase_520_com.google.android.startop.iorap.IorapForwardingService
06-08 10:56:36.424   531   531 I SystemServerTiming: OnBootPhase_520_com.android.server.integrity.AppIntegrityManagerService
06-08 10:56:36.424   531   531 I SystemServerTiming: OnBootPhase_520_com.android.server.inputmethod.InputMethodManagerService$Lifecycle
06-08 10:56:36.424   531   531 I SystemServerTiming: OnBootPhase_520_com.android.server.accessibility.AccessibilityManagerService$Lifecycle
06-08 10:56:36.424   531   531 I SystemServerTiming: OnBootPhase_520_com.android.server.StorageManagerService$Lifecycle
06-08 10:56:36.424   531   531 I SystemServerTiming: OnBootPhase_520_com.android.server.usage.StorageStatsService$Lifecycle
06-08 10:56:36.424   531   531 I SystemServerTiming: OnBootPhase_520_com.android.server.UiModeManagerService
06-08 10:56:36.424   531   531 I SystemServerTiming: OnBootPhase_520_com.android.server.locksettings.LockSettingsService$Lifecycle
06-08 10:56:36.424   531   531 I SystemServerTiming: OnBootPhase_520_com.android.server.testharness.TestHarnessModeService
06-08 10:56:36.424   531   531 I SystemServerTiming: OnBootPhase_520_com.android.server.DeviceIdleController
06-08 10:56:36.424   531   531 I SystemServerTiming: OnBootPhase_520_com.android.server.devicepolicy.DevicePolicyManagerService$Lifecycle
06-08 10:56:36.424   531   531 I SystemServerTiming: OnBootPhase_520_com.android.server.contentcapture.ContentCaptureManagerService
06-08 10:56:36.425   531   531 I SystemServerTiming: OnBootPhase_520_com.android.server.systemcaptions.SystemCaptionsManagerService
06-08 10:56:36.425   531   531 I SystemServerTiming: OnBootPhase_520_com.android.server.appprediction.AppPredictionManagerService
06-08 10:56:36.425   531   531 I SystemServerTiming: OnBootPhase_520_com.android.server.contentsuggestions.ContentSuggestionsManagerService
06-08 10:56:36.425   531   531 I SystemServerTiming: OnBootPhase_520_com.android.server.textservices.TextServicesManagerService$Lifecycle
06-08 10:56:36.425   531   531 I SystemServerTiming: OnBootPhase_520_com.android.server.textclassifier.TextClassificationManagerService$Lifecycle
06-08 10:56:36.425   531   531 I SystemServerTiming: OnBootPhase_520_com.android.server.NetworkScoreService$Lifecycle
06-08 10:56:36.425   531   531 I SystemServerTiming: OnBootPhase_520_com.android.server.wifi.WifiService
06-08 10:56:36.425   531   531 I SystemServerTiming: OnBootPhase_520_com.android.server.wifi.scanner.WifiScanningService
06-08 10:56:36.426   531   531 I SystemServerTiming: OnBootPhase_520_com.android.server.wifi.p2p.WifiP2pService
06-08 10:56:36.426   531   531 I SystemServerTiming: OnBootPhase_520_com.android.server.notification.NotificationManagerService
06-08 10:56:36.426   531   531 I SystemServerTiming: OnBootPhase_520_com.android.server.storage.DeviceStorageMonitorService
06-08 10:56:36.426   531   531 I SystemServerTiming: OnBootPhase_520_com.android.server.location.LocationManagerService$Lifecycle
06-08 10:56:36.426   531   531 I SystemServerTiming: OnBootPhase_520_com.android.server.timedetector.TimeDetectorService$Lifecycle
06-08 10:56:36.426   531   531 I SystemServerTiming: OnBootPhase_520_com.android.server.timezonedetector.TimeZoneDetectorService$Lifecycle
06-08 10:56:36.426   531   531 I SystemServerTiming: OnBootPhase_520_com.android.server.search.SearchManagerService$Lifecycle
06-08 10:56:36.427   531   531 I SystemServerTiming: OnBootPhase_520_com.android.server.wallpaper.WallpaperManagerService$Lifecycle
06-08 10:56:36.427   531   531 I SystemServerTiming: OnBootPhase_520_com.android.server.audio.AudioService$Lifecycle
06-08 10:56:36.427   531   531 I SystemServerTiming: OnBootPhase_520_com.android.server.soundtrigger_middleware.SoundTriggerMiddlewareService$Lifecycle
06-08 10:56:36.427   531   531 I SystemServerTiming: OnBootPhase_520_com.android.server.DockObserver
06-08 10:56:36.427   531   531 I SystemServerTiming: OnBootPhase_520_com.android.server.midi.MidiService$Lifecycle
06-08 10:56:36.427   531   531 I SystemServerTiming: OnBootPhase_520_com.android.server.adb.AdbService$Lifecycle
06-08 10:56:36.427   531   531 I SystemServerTiming: OnBootPhase_520_com.android.server.usb.UsbService$Lifecycle
06-08 10:56:36.427   531   531 I SystemServerTiming: OnBootPhase_520_com.android.server.twilight.TwilightService
06-08 10:56:36.427   531   531 I SystemServerTiming: OnBootPhase_520_com.android.server.display.color.ColorDisplayService
06-08 10:56:36.427   531   531 I SystemServerTiming: OnBootPhase_520_com.android.server.job.JobSchedulerService
06-08 10:56:36.427   531   531 I SystemServerTiming: OnBootPhase_520_com.android.server.soundtrigger.SoundTriggerService
06-08 10:56:36.427   531   531 D SoundTriggerService: onBootPhase: 520 : false
06-08 10:56:36.432   531   531 I SystemServerTiming: OnBootPhase_520_com.android.server.trust.TrustManagerService
06-08 10:56:36.432   531   531 I SystemServerTiming: OnBootPhase_520_com.android.server.backup.BackupManagerService$Lifecycle
06-08 10:56:36.432   531   531 I SystemServerTiming: OnBootPhase_520_com.android.server.appwidget.AppWidgetService
06-08 10:56:36.432   531   531 I SystemServerTiming: OnBootPhase_520_com.android.server.role.RoleManagerService
06-08 10:56:36.432   531   531 I SystemServerTiming: OnBootPhase_520_com.android.server.voiceinteraction.VoiceInteractionManagerService
06-08 10:56:36.432   531   531 I SystemServerTiming: OnBootPhase_520_com.android.server.GestureLauncherService
06-08 10:56:36.433   531   531 I SystemServerTiming: OnBootPhase_520_com.android.server.SensorNotificationService
06-08 10:56:36.433   531   531 I SystemServerTiming: OnBootPhase_520_com.android.server.emergency.EmergencyAffordanceService
06-08 10:56:36.433   531   531 I SystemServerTiming: OnBootPhase_520_com.android.server.dreams.DreamManagerService
06-08 10:56:36.433   531   531 I SystemServerTiming: OnBootPhase_520_com.android.server.print.PrintManagerService
06-08 10:56:36.434   531   531 I SystemServerTiming: OnBootPhase_520_com.android.server.companion.CompanionDeviceManagerService
06-08 10:56:36.434   531   531 I SystemServerTiming: OnBootPhase_520_com.android.server.restrictions.RestrictionsManagerService
06-08 10:56:36.434   531   531 I SystemServerTiming: OnBootPhase_520_com.android.server.blob.BlobStoreManagerService
06-08 10:56:36.434   531   531 I SystemServerTiming: OnBootPhase_520_com.android.server.media.MediaSessionService
06-08 10:56:36.434   531   531 I SystemServerTiming: OnBootPhase_520_com.android.server.media.MediaResourceMonitorService
06-08 10:56:36.435   531   531 I SystemServerTiming: OnBootPhase_520_com.android.server.biometrics.fingerprint.FingerprintService
06-08 10:56:36.435   531   531 I SystemServerTiming: OnBootPhase_520_com.android.server.biometrics.BiometricService
06-08 10:56:36.435   531   531 I SystemServerTiming: OnBootPhase_520_com.android.server.biometrics.AuthService
06-08 10:56:36.435   531   531 I SystemServerTiming: OnBootPhase_520_com.android.server.pm.ShortcutService$Lifecycle
06-08 10:56:36.435   531   531 I SystemServerTiming: OnBootPhase_520_com.android.server.pm.LauncherAppsService
06-08 10:56:36.435   531   531 I SystemServerTiming: OnBootPhase_520_com.android.server.pm.CrossProfileAppsService
06-08 10:56:36.435   531   531 I SystemServerTiming: OnBootPhase_520_com.android.server.people.PeopleService
06-08 10:56:36.435   531   531 I SystemServerTiming: OnBootPhase_520_com.android.server.media.projection.MediaProjectionManagerService
06-08 10:56:36.435   531   531 I SystemServerTiming: OnBootPhase_520_com.android.server.slice.SliceManagerService$Lifecycle
06-08 10:56:36.435   531   531 I SystemServerTiming: OnBootPhase_520_com.android.server.camera.CameraServiceProxy
06-08 10:56:36.435   531   531 I SystemServerTiming: OnBootPhase_520_com.android.server.stats.StatsCompanion$Lifecycle
06-08 10:56:36.435   531   531 I SystemServerTiming: OnBootPhase_520_com.android.server.stats.pull.StatsPullAtomService
06-08 10:56:36.435   531   531 I SystemServerTiming: OnBootPhase_520_com.android.server.incident.IncidentCompanionService
06-08 10:56:36.436   531   531 I SystemServerTiming: OnBootPhase_520_com.android.server.MmsServiceBroker
06-08 10:56:36.436   531   531 I SystemServerTiming: OnBootPhase_520_com.android.server.autofill.AutofillManagerService
06-08 10:56:36.436   531   531 I SystemServerTiming: OnBootPhase_520_com.android.server.clipboard.ClipboardService
06-08 10:56:36.436   531   531 I SystemServerTiming: OnBootPhase_520_com.android.server.appbinding.AppBindingService$Lifecycle
06-08 10:56:36.436   531   531 I SystemServerTiming: OnBootPhase_520_com.android.server.policy.PermissionPolicyService
06-08 10:56:36.436   531   531 I SystemServerTiming: OnBootPhase_520_com.android.server.pm.StagingManager$Lifecycle
06-08 10:56:36.436   531   531 I SystemServerTiming: PhaseActivityManagerReady
06-08 10:56:36.436   531   531 I SystemServerTiming: controllersReady
06-08 10:56:36.449   531   593 I SystemServerTimingAsync: InitThreadPoolExec:Update app-ops uidState in case package com.google.android.cellbroadcastreceiver changed
06-08 10:56:36.449   531   597 I SystemServerTimingAsync: InitThreadPoolExec:Update app-ops uidState in case package com.google.android.providers.media.module changed
06-08 10:56:36.449   531   555 I SystemServerTimingAsync: InitThreadPoolExec:Update app-ops uidState in case package com.android.systemui changed
06-08 10:56:36.450   531   593 I SystemServerTimingAsync: InitThreadPoolExec:Update app-ops uidState in case package com.google.android.apps.wallpaper changed
06-08 10:56:36.450   531   593 I SystemServerTimingAsync: InitThreadPoolExec:Update app-ops uidState in case package com.google.android.deskclock changed
06-08 10:56:36.450   531   597 I SystemServerTimingAsync: InitThreadPoolExec:Update app-ops uidState in case package com.google.android.apps.maps changed
06-08 10:56:36.450   531   597 I SystemServerTimingAsync: InitThreadPoolExec:Update app-ops uidState in case package com.google.android.videos changed
06-08 10:56:36.450   531   593 I SystemServerTimingAsync: InitThreadPoolExec:Update app-ops uidState in case package com.google.android.gm changed
06-08 10:56:36.450   531   613 I SystemServerTimingAsync: InitThreadPoolExec:Update app-ops uidState in case package com.google.android.inputmethod.latin changed
06-08 10:56:36.450   531   613 I SystemServerTimingAsync: InitThreadPoolExec:Update app-ops uidState in case package com.google.android.calendar changed
06-08 10:56:36.450   531   613 I SystemServerTimingAsync: InitThreadPoolExec:Update app-ops uidState in case package com.google.android.apps.docs changed
06-08 10:56:36.450   531   613 I SystemServerTimingAsync: InitThreadPoolExec:Update app-ops uidState in case package com.android.chrome changed
06-08 10:56:36.450   531   613 I SystemServerTimingAsync: InitThreadPoolExec:Update app-ops uidState in case package com.google.android.youtube changed
06-08 10:56:36.450   531   613 I SystemServerTimingAsync: InitThreadPoolExec:Update app-ops uidState in case package com.google.android.apps.tachyon changed
06-08 10:56:36.451   531   613 I SystemServerTimingAsync: InitThreadPoolExec:Update app-ops uidState in case package com.google.android.gms changed
06-08 10:56:36.451   531   613 I SystemServerTimingAsync: InitThreadPoolExec:Update app-ops uidState in case package com.google.android.gsf changed
06-08 10:56:36.451   531   613 I SystemServerTimingAsync: InitThreadPoolExec:Update app-ops uidState in case package com.google.android.googlequicksearchbox changed
06-08 10:56:36.451   531   613 I SystemServerTimingAsync: InitThreadPoolExec:Update app-ops uidState in case package com.android.vending changed
06-08 10:56:36.451   531   613 I SystemServerTimingAsync: InitThreadPoolExec:Update app-ops uidState in case package com.google.android.apps.wellbeing changed
06-08 10:56:36.451   531   613 I SystemServerTimingAsync: InitThreadPoolExec:Update app-ops uidState in case package com.google.android.setupwizard changed
06-08 10:56:36.451   531   613 I SystemServerTimingAsync: InitThreadPoolExec:Update app-ops uidState in case package com.google.android.projection.gearhead changed
06-08 10:56:36.451   531   613 I SystemServerTimingAsync: InitThreadPoolExec:Update app-ops uidState in case package com.android.dialer changed
06-08 10:56:36.451   531   613 I SystemServerTimingAsync: InitThreadPoolExec:Update app-ops uidState in case package com.google.android.ims changed
06-08 10:56:36.451   531   613 I SystemServerTimingAsync: InitThreadPoolExec:Update app-ops uidState in case package com.android.cellbroadcastreceiver changed
