06-08 10:56:43.391   713   713 W Resources: 	at android.content.res.Resources.getDrawable(Resources.java:899)
06-08 10:56:43.391   713   713 W Resources: 	at com.android.systemui.statusbar.phone.LockIcon.getIcon(LockIcon.java:174)
06-08 10:56:43.391   713   713 W Resources: 	at com.android.systemui.statusbar.phone.LockIcon.access$200(LockIcon.java:45)
06-08 10:56:43.391   713   713 W Resources: 	at com.android.systemui.statusbar.phone.LockIcon$1.onPreDraw(LockIcon.java:68)
06-08 10:56:43.391   713   713 W Resources: 	at android.view.ViewTreeObserver.dispatchOnPreDraw(ViewTreeObserver.java:1093)
06-08 10:56:43.391   713   713 W Resources: 	at android.view.ViewRootImpl.performTraversals(ViewRootImpl.java:3089)
06-08 10:56:43.391   713   713 W Resources: 	at android.view.ViewRootImpl.doTraversal(ViewRootImpl.java:1952)
06-08 10:56:43.391   713   713 W Resources: 	at android.view.ViewRootImpl$TraversalRunnable.run(ViewRootImpl.java:8171)
06-08 10:56:43.391   713   713 W Resources: 	at android.view.Choreographer$CallbackRecord.run(Choreographer.java:972)
06-08 10:56:43.391   713   713 W Resources: 	at android.view.Choreographer.doCallbacks(Choreographer.java:796)
06-08 10:56:43.391   713   713 W Resources: 	at android.view.Choreographer.doFrame(Choreographer.java:731)
06-08 10:56:43.391   713   713 W Resources: 	at android.view.Choreographer$FrameDisplayEventReceiver.run(Choreographer.java:957)
06-08 10:56:43.391   713   713 W Resources: 	at android.os.Handler.handleCallback(Handler.java:938)
06-08 10:56:43.391   713   713 W Resources: 	at android.os.Handler.dispatchMessage(Handler.java:99)
06-08 10:56:43.391   713   713 W Resources: 	at android.os.Looper.loop(Looper.java:223)
06-08 10:56:43.391   713   713 W Resources: 	at android.app.ActivityThread.main(ActivityThread.java:7656)
06-08 10:56:43.391   713   713 W Resources: 	at java.lang.reflect.Method.invoke(Native Method)
06-08 10:56:43.391   713   713 W Resources: 	at com.android.internal.os.RuntimeInit$MethodAndArgsCaller.run(RuntimeInit.java:592)
06-08 10:56:43.391   713   713 W Resources: 	at com.android.internal.os.ZygoteInit.main(ZygoteInit.java:947)
06-08 10:56:43.392  1187  1226 W ActivityThread: Failed to find provider info for com.google.android.gsf.gservices (user not unlocked)
06-08 10:56:43.404   928   928 D TelephonyProvider: subIdString = 1 subId = 1
06-08 10:56:43.432   531   542 I chatty  : uid=1000(system) FinalizerDaemon expire 4 lines
06-08 10:56:43.439  1187  1230 I ProcessStableCheckInFix: Running fixer!
06-08 10:56:43.457  1187  1230 I .gms.persisten: Waiting for a blocking GC ClassLinker
06-08 10:56:43.461   713   735 D TelephonyRegistryManager: onSubscriptionsChangedListener callback received.
06-08 10:56:43.461   713   735 D TelephonyRegistryManager: onSubscriptionsChangedListener callback received.
06-08 10:56:43.463   928  1133 D TelephonyRegistryManager: onSubscriptionsChangedListener callback received.
06-08 10:56:43.463   928  1229 D TelephonyRegistryManager: onSubscriptionsChangedListener callback received.
06-08 10:56:43.463   928  1221 D TelephonyRegistryManager: onSubscriptionsChangedListener callback received.
06-08 10:56:43.463   928   953 D TelephonyRegistryManager: onSubscriptionsChangedListener callback received.
06-08 10:56:43.463   928  1217 D TelephonyRegistryManager: onSubscriptionsChangedListener callback received.
06-08 10:56:43.464   928  1126 D TelephonyRegistryManager: onSubscriptionsChangedListener callback received.
06-08 10:56:43.464   928  1134 D TelephonyRegistryManager: onSubscriptionsChangedListener callback received.
06-08 10:56:43.464   695   712 D TelephonyRegistryManager: onSubscriptionsChangedListener callback received.
06-08 10:56:43.468   695  1150 I HeadsetPhoneState: stopListenForPhoneState(), no listener indicates nothing is listening
06-08 10:56:43.468   695  1150 W HeadsetPhoneState: startListenForPhoneState, no event to listen
06-08 10:56:43.490  1187  1230 I .gms.persisten: WaitForGcToComplete blocked ClassLinker on ClassLinker for 32.975ms
06-08 10:56:43.494   928   928 D TelephonyProvider: subIdString = 1 subId = 1
06-08 10:56:43.495   308   363 D goldfish-address-space: claimShared: Ask to claim region [0x3fa6cc000 0x3fa712000]
06-08 10:56:43.508   308   363 D goldfish-address-space: claimShared: Ask to claim region [0x3fa712000 0x3fa758000]
06-08 10:56:43.524   308   363 D goldfish-address-space: claimShared: Ask to claim region [0x3fa758000 0x3fa79e000]
06-08 10:56:43.525   713   735 D TelephonyRegistryManager: onSubscriptionsChangedListener callback received.
06-08 10:56:43.526   928   953 D TelephonyRegistryManager: onSubscriptionsChangedListener callback received.
06-08 10:56:43.526   713   735 D TelephonyRegistryManager: onSubscriptionsChangedListener callback received.
06-08 10:56:43.526   928  1232 D TelephonyRegistryManager: onSubscriptionsChangedListener callback received.
06-08 10:56:43.527   928  1126 D TelephonyRegistryManager: onSubscriptionsChangedListener callback received.
06-08 10:56:43.527   928   953 D TelephonyRegistryManager: onSubscriptionsChangedListener callback received.
06-08 10:56:43.528   928  1232 D TelephonyRegistryManager: onSubscriptionsChangedListener callback received.
06-08 10:56:43.529   695   712 D TelephonyRegistryManager: onSubscriptionsChangedListener callback received.
06-08 10:56:43.529   928   963 D TelephonyRegistryManager: onSubscriptionsChangedListener callback received.
06-08 10:56:43.529   928  1126 D TelephonyRegistryManager: onSubscriptionsChangedListener callback received.
06-08 10:56:43.530   695  1150 I HeadsetPhoneState: stopListenForPhoneState(), no listener indicates nothing is listening
06-08 10:56:43.530   695  1150 W HeadsetPhoneState: startListenForPhoneState, no event to listen
06-08 10:56:43.544  1187  1187 I GmsReceiverSupport: Registered Receiver for 16+1 IntentFilters
06-08 10:56:43.550   928   928 D IntentBroadcaster: Broadcasting and adding intent for rebroadcast: android.intent.action.SIM_STATE_CHANGED LOADED for phoneId 0
06-08 10:56:43.571   928   928 D TelephonyProvider: subIdString = 1 subId = 1
06-08 10:56:43.610  1187  1230 W ContextImpl: Failed to ensure /data/user/0/com.google.android.gms/files: mkdir failed: errno 126 (Required key not available)
06-08 10:56:43.620  1187  1230 W SnapshotHandler: Unable to retrieve flag snapshot for com.google.android.gms.test_process_stable, using defaults.
06-08 10:56:43.620  1187  1230 W SnapshotHandler: buhg: Cannot access credential-protected data from direct boot
06-08 10:56:43.620  1187  1230 W SnapshotHandler: 	at bugf.c(:com.google.android.gms@221514041@22.15.14 (150800-441847897):7)
06-08 10:56:43.620  1187  1230 W SnapshotHandler: 	at bugf.q(:com.google.android.gms@221514041@22.15.14 (150800-441847897):2)
06-08 10:56:43.620  1187  1230 W SnapshotHandler: 	at bugf.d(:com.google.android.gms@221514041@22.15.14 (150800-441847897):2)
06-08 10:56:43.620  1187  1230 W SnapshotHandler: 	at buja.c(:com.google.android.gms@221514041@22.15.14 (150800-441847897):1)
06-08 10:56:43.620  1187  1230 W SnapshotHandler: 	at buiz.a(:com.google.android.gms@221514041@22.15.14 (150800-441847897):2)
06-08 10:56:43.620  1187  1230 W SnapshotHandler: 	at buga.d(:com.google.android.gms@221514041@22.15.14 (150800-441847897):0)
06-08 10:56:43.620  1187  1230 W SnapshotHandler: 	at btan.a(:com.google.android.gms@221514041@22.15.14 (150800-441847897):3)
06-08 10:56:43.620  1187  1230 W SnapshotHandler: 	at btas.a(:com.google.android.gms@221514041@22.15.14 (150800-441847897):2)
06-08 10:56:43.620  1187  1230 W SnapshotHandler: 	at btbr.c(:com.google.android.gms@221514041@22.15.14 (150800-441847897):10)
06-08 10:56:43.620  1187  1230 W SnapshotHandler: 	at btbr.a(:com.google.android.gms@221514041@22.15.14 (150800-441847897):0)
06-08 10:56:43.620  1187  1230 W SnapshotHandler: 	at dcfe.a(:com.google.android.gms@221514041@22.15.14 (150800-441847897):0)
06-08 10:56:43.620  1187  1230 W SnapshotHandler: 	at vrm.a(:com.google.android.gms@221514041@22.15.14 (150800-441847897):3)
06-08 10:56:43.620  1187  1230 W SnapshotHandler: 	at vpv.b(:com.google.android.gms@221514041@22.15.14 (150800-441847897):1)
06-08 10:56:43.620  1187  1230 W SnapshotHandler: 	at vqa.a(:com.google.android.gms@221514041@22.15.14 (150800-441847897):36)
06-08 10:56:43.620  1187  1230 W SnapshotHandler: 	at vpy.call(:com.google.android.gms@221514041@22.15.14 (150800-441847897):0)
06-08 10:56:43.620  1187  1230 W SnapshotHandler: 	at java.util.concurrent.FutureTask.run(FutureTask.java:266)
06-08 10:56:43.620  1187  1230 W SnapshotHandler: 	at java.lang.Thread.run(Thread.java:923)
06-08 10:56:43.628   928   928 D CarrierIdProvider: updateCarrierIdForSubId: 1
06-08 10:56:43.632   452   925 D BufferPoolAccessor2.0: bufferpool2 0x76e2e6492788 : 0(0 size) total buffers - 0(0 size) used buffers - 4/7 (recycle/alloc) - 3/6 (fetch/transfer)
06-08 10:56:43.632   452   925 D BufferPoolAccessor2.0: evictor expired: 1, evicted: 1
06-08 10:56:43.632   531  1025 I chatty  : uid=1000(system) NDK MediaCodec_ expire 3 lines
06-08 10:56:43.641   928   928 D CarrierIdProvider: updateCarrierIdForSubId: 1
06-08 10:56:43.644   928   928 D TelephonyProvider: subIdString = 1 subId = 1
06-08 10:56:43.694   928  1126 D TelephonyRegistryManager: onSubscriptionsChangedListener callback received.
06-08 10:56:43.695   928   963 D TelephonyRegistryManager: onSubscriptionsChangedListener callback received.
06-08 10:56:43.695   928  1133 D TelephonyRegistryManager: onSubscriptionsChangedListener callback received.
06-08 10:56:43.695   713  1165 D TelephonyRegistryManager: onSubscriptionsChangedListener callback received.
06-08 10:56:43.695   695   712 D TelephonyRegistryManager: onSubscriptionsChangedListener callback received.
06-08 10:56:43.695   928  1229 D TelephonyRegistryManager: onSubscriptionsChangedListener callback received.
06-08 10:56:43.695   928  1217 D TelephonyRegistryManager: onSubscriptionsChangedListener callback received.
06-08 10:56:43.696   928  1221 D TelephonyRegistryManager: onSubscriptionsChangedListener callback received.
06-08 10:56:43.700   713   735 D TelephonyRegistryManager: onSubscriptionsChangedListener callback received.
06-08 10:56:43.700   928  1232 D TelephonyRegistryManager: onSubscriptionsChangedListener callback received.
06-08 10:56:43.710   695  1150 I HeadsetPhoneState: stopListenForPhoneState(), no listener indicates nothing is listening
06-08 10:56:43.710   695  1150 W HeadsetPhoneState: startListenForPhoneState, no event to listen
06-08 10:56:43.394  1187  1226 W ActivityThread: Failed to find provider info for com.google.android.gsf.gservices (user not unlocked)
06-08 10:56:43.712  1187  1230 W ActivityThread: Failed to find provider info for com.google.android.gsf.gservices (user not unlocked)
06-08 10:56:43.727   928   928 D TelephonyProvider: subIdString = 1 subId = 1
06-08 10:56:43.732   713  1186 I OpenGLRenderer: Davey! duration=2612ms; Flags=1, IntendedVsync=30716108128, Vsync=32399441394, OldestInputEvent=9223372036854775807, NewestInputEvent=0, HandleInputStart=32406126200, AnimationStart=32406176900, PerformTraversalsStart=32409989900, DrawStart=33105641100, SyncQueued=33125998700, SyncStart=33128929100, IssueDrawCommandsStart=33129500200, SwapBuffers=33315357300, FrameCompleted=33331354600, DequeueBufferDuration=2408900, QueueBufferDuration=9568100, GpuCompleted=0, 
06-08 10:56:43.740   928   928 D CarrierConfigLoader: Update config for phoneId: 0 simState: LOADED
06-08 10:56:43.740   928   928 D CarrierSvcBindHelper: update binding for phoneId: 0 simState: LOADED
06-08 10:56:43.740   928   928 D MultiSimSettingController: onDefaultDataSettingChanged
06-08 10:56:43.743   531   552 V WindowManager: Orientation start waiting for draw, mDrawState=DRAW_PENDING in Window{8999a8 u0 com.android.settings/com.android.settings.FallbackHome}, surfaceController Surface(name=com.android.settings/com.android.settings.FallbackHome)/@0x85fd929
06-08 10:56:43.743   531   552 V WindowManager: Orientation start waiting for draw, mDrawState=DRAW_PENDING in Window{f445e99 u0 com.android.systemui.ImageWallpaper}, surfaceController Surface(name=com.android.systemui.ImageWallpaper)/@0x77a6916
06-08 10:56:43.743   713   713 D QSTileHost: Recreating tiles
06-08 10:56:43.747   713   713 D QSTileHost: Creating tile: wifi
06-08 10:56:43.752   928   928 D MultiSimSettingController: onDefaultDataSettingChanged
06-08 10:56:43.753   713   713 D QSTileHost: Creating tile: bt
06-08 10:56:43.754   713   713 D QSTileHost: Creating tile: dnd
06-08 10:56:43.755   713   713 D QSTileHost: Creating tile: flashlight
06-08 10:56:43.758   928   928 D MultiSimSettingController: onAllSubscriptionsLoaded
06-08 10:56:43.758   928   928 D MultiSimSettingController: Carrier config subId 1 is not loaded.
06-08 10:56:43.760   713   713 D QSTileHost: Creating tile: rotation
06-08 10:56:43.761   713   713 D QSTileHost: Creating tile: battery
06-08 10:56:43.762   713   713 D QSTileHost: Creating tile: cell
06-08 10:56:43.767   531   549 W WindowManager: Keyguard drawn timeout. Setting mKeyguardDrawComplete
06-08 10:56:43.769   531   552 V WindowManager: Orientation start waiting for draw, mDrawState=DRAW_PENDING in Window{8999a8 u0 com.android.settings/com.android.settings.FallbackHome}, surfaceController Surface(name=com.android.settings/com.android.settings.FallbackHome)/@0x85fd929
06-08 10:56:43.770   713   713 D QSTileHost: Creating tile: airplane
06-08 10:56:43.771   713   713 D QSTileHost: Creating tile: cast
06-08 10:56:43.772   713   713 D QSTileHost: Creating tile: screenrecord
06-08 10:56:43.776   531   640 I chatty  : uid=1000(system) NetworkPolicy expire 2 lines
06-08 10:56:43.792  1187  1243 W ActivityThread: Failed to find provider info for com.google.android.gsf.gservices (user not unlocked)
06-08 10:56:43.811  1187  1243 I GMS_MM_Logger: Started.
06-08 10:56:43.825   928   928 D TelephonyProvider: subIdString = 1 subId = 1
06-08 10:56:43.810  1187  1243 W ActivityThread: Failed to find provider info for com.google.android.gsf.gservices (user not unlocked)
06-08 10:56:43.831  1187  1242 W ActivityThread: Failed to find provider info for com.google.android.gsf.gservices (user not unlocked)
06-08 10:56:43.833   713  1043 D BufferPoolAccessor2.0: bufferpool2 0x721f1acadbc8 : 0(0 size) total buffers - 0(0 size) used buffers - 3/9 (recycle/alloc) - 11/36 (fetch/transfer)
06-08 10:56:43.834   713  1043 D BufferPoolAccessor2.0: evictor expired: 1, evicted: 1
06-08 10:56:43.835   531  1164 D CompatibilityChangeReporter: Compat change id reported: 135634846; UID 10152; state: DISABLED
06-08 10:56:43.848   531   561 D CompatibilityChangeReporter: Compat change id reported: 143937733; UID 10152; state: ENABLED
06-08 10:56:43.880   531   602 I chatty  : uid=1000(system) Binder:531_4 expire 3 lines
06-08 10:56:43.882   928  1133 D TelephonyRegistryManager: onSubscriptionsChangedListener callback received.
06-08 10:56:43.882   713   735 D TelephonyRegistryManager: onSubscriptionsChangedListener callback received.
06-08 10:56:43.882   928  1133 D TelephonyRegistryManager: onSubscriptionsChangedListener callback received.
06-08 10:56:43.882   928  1133 D TelephonyRegistryManager: onSubscriptionsChangedListener callback received.
06-08 10:56:43.882   287   287 D Zygote  : Forked child process 1247
06-08 10:56:43.883   928  1133 D TelephonyRegistryManager: onSubscriptionsChangedListener callback received.
06-08 10:56:43.883   928  1133 I chatty  : uid=1001(radio) Binder:928_5 identical 2 lines
06-08 10:56:43.883   928  1133 D TelephonyRegistryManager: onSubscriptionsChangedListener callback received.
06-08 10:56:43.884   713   735 D TelephonyRegistryManager: onSubscriptionsChangedListener callback received.
06-08 10:56:43.884   695   712 D TelephonyRegistryManager: onSubscriptionsChangedListener callback received.
06-08 10:56:43.886   695  1150 I HeadsetPhoneState: stopListenForPhoneState(), no listener indicates nothing is listening
06-08 10:56:43.886   695  1150 W HeadsetPhoneState: startListenForPhoneState, no event to listen
06-08 10:56:43.896   531   561 W ActivityManager: Slow operation: 61ms so far, now at startProcess: returned from zygote!
06-08 10:56:43.896  1247  1247 W oadcastreceive: Unexpected CPU variant for X86 using defaults: x86_64
06-08 10:56:43.902   531   640 I chatty  : uid=1000(system) NetworkPolicy expire 4 lines
06-08 10:56:43.908  1247  1247 E oadcastreceive: Not starting debugger since process cannot load the jdwp agent.
06-08 10:56:43.909   531   561 W ActivityManager: Slow operation: 74ms so far, now at startProcess: done updating battery stats
06-08 10:56:43.909   531   561 W ActivityManager: Slow operation: 74ms so far, now at startProcess: building log message
06-08 10:56:43.909   531   561 I ActivityManager: Start proc 1247:com.google.android.cellbroadcastreceiver/u0a152 for broadcast {com.google.android.cellbroadcastreceiver/com.android.cellbroadcastreceiver.CellBroadcastReceiver}
06-08 10:56:43.911   531   561 W ActivityManager: Slow operation: 76ms so far, now at startProcess: starting to update pids map
06-08 10:56:43.911   531   561 W ActivityManager: Slow operation: 76ms so far, now at startProcess: done updating pids map
06-08 10:56:43.920  1187  1242 I Watchcat: Started
06-08 10:56:43.921  1187  1239 I DynamiteModule: Considering local module com.google.android.gms.googlecertificates:6 and remote module com.google.android.gms.googlecertificates:6
06-08 10:56:43.921  1187  1239 I DynamiteModule: Selected local version of com.google.android.gms.googlecertificates
06-08 10:56:43.931   928   928 D TelephonyProvider: subIdString = 1 subId = 1
06-08 10:56:43.966   531   546 I chatty  : uid=1000(system) Binder:531_1 expire 5 lines
06-08 10:56:43.967   928   953 D TelephonyRegistryManager: onSubscriptionsChangedListener callback received.
06-08 10:56:43.967   713   735 D TelephonyRegistryManager: onSubscriptionsChangedListener callback received.
06-08 10:56:43.972   695   712 D TelephonyRegistryManager: onSubscriptionsChangedListener callback received.
06-08 10:56:43.975   928  1133 D TelephonyRegistryManager: onSubscriptionsChangedListener callback received.
06-08 10:56:43.975   928  1134 D TelephonyRegistryManager: onSubscriptionsChangedListener callback received.
06-08 10:56:43.975   928  1229 D TelephonyRegistryManager: onSubscriptionsChangedListener callback received.
06-08 10:56:43.976   928  1232 D TelephonyRegistryManager: onSubscriptionsChangedListener callback received.
06-08 10:56:43.977   928  1217 D TelephonyRegistryManager: onSubscriptionsChangedListener callback received.
06-08 10:56:43.977   928   963 D TelephonyRegistryManager: onSubscriptionsChangedListener callback received.
06-08 10:56:43.979   695  1150 I HeadsetPhoneState: stopListenForPhoneState(), no listener indicates nothing is listening
06-08 10:56:43.979   695  1150 W HeadsetPhoneState: startListenForPhoneState, no event to listen
06-08 10:56:43.980   713   735 D TelephonyRegistryManager: onSubscriptionsChangedListener callback received.
06-08 10:56:44.025  1187  1239 W ActivityThread: Failed to find provider info for com.google.android.gsf.gservices (user not unlocked)
06-08 10:56:44.098   928   928 I Telephony: TelecomAccountRegistry: onSubscriptionsChanged - update accounts
06-08 10:56:44.101   928   928 I Telephony: PstnIncomingCallNotifier: Unregistering: Handler (com.android.internal.telephony.GsmCdmaPhone) {8b7b890}
06-08 10:56:44.101   928   928 D Telephony: Unregistering: Handler (com.android.internal.telephony.GsmCdmaPhone) {8b7b890}
06-08 10:56:44.101   928   928 I Telephony: TelecomAccountRegistry: setupAccounts: Found 1 phones.  Attempting to register.
06-08 10:56:44.102   928   928 I Telephony: TelecomAccountRegistry: setupAccounts: Phone with subscription id 1
06-08 10:56:44.114   928   928 D Telephony: isEmergencyPreferredAccount: subId=1, activeData=-1
06-08 10:56:44.115   928   928 D Telephony: isEmergencyPreferredAccount: Device does not require preference.
06-08 10:56:44.116  1247  1247 D NetworkSecurityConfig: No Network Security Config specified, using platform default
06-08 10:56:44.116  1247  1247 D NetworkSecurityConfig: No Network Security Config specified, using platform default
06-08 10:56:44.118   928   928 I Telephony: isRttCurrentlySupported -- regular acct, hasVoiceAvailability: false
06-08 10:56:44.118   928   928 I Telephony:  isRttSupported: false
06-08 10:56:44.118   928   928 I Telephony:  isRoaming: false
06-08 10:56:44.118   928   928 I Telephony:  isOnWfc: false
06-08 10:56:44.132   531   732 I Telecom : PhoneAccountRegistrar: New phone account registered: [[ ] PhoneAccount: ComponentInfo{com.android.phone/com.android.services.telephony.TelephonyConnectionService}, ***, UserHandle{0} Capabilities: CallProvider MultiUser PlaceEmerg SimSub  Audio Routes: BESW Schemes: tel voicemail  Extras: Bundle[{android.telecom.extra.SUPPORTS_VIDEO_CALLING_FALLBACK=true}] GroupId: ***]: TSI.rPA@ABk
06-08 10:56:44.145   531   732 I Telecom : CallsManager: Sending phone-account ComponentInfo{com.android.phone/com.android.services.telephony.TelephonyConnectionService}, ***, UserHandle{0} registered intent as user: TSI.rPA@ABk
06-08 10:56:44.146   531   732 I Telecom : CallsManager: Sending phone-account registered intent to default dialer: TSI.rPA@ABk
06-08 10:56:44.148   928   928 I Telephony: AccountEntry: Registered phoneAccount: [[ ] PhoneAccount: ComponentInfo{com.android.phone/com.android.services.telephony.TelephonyConnectionService}, ***, UserHandle{0} Capabilities: CallProvider MultiUser PlaceEmerg SimSub  Audio Routes: BESW Schemes: tel voicemail  Extras: Bundle[{android.telecom.extra.SUPPORTS_VIDEO_CALLING_FALLBACK=true}] GroupId: ***] with handle: ComponentInfo{com.android.phone/com.android.services.telephony.TelephonyConnectionService}, ***, UserHandle{0}
06-08 10:56:44.148   928   928 I Telephony: PstnIncomingCallNotifier: Registering: Handler (com.android.internal.telephony.GsmCdmaPhone) {8b7b890}
06-08 10:56:44.148   928   928 D Telephony: Registering: Handler (com.android.internal.telephony.GsmCdmaPhone) {8b7b890}
06-08 10:56:44.153   928   928 I Telephony: TelecomAccountRegistry: Unregistering phone account ComponentInfo{com.android.phone/com.android.services.telephony.TelephonyConnectionService}, ***, UserHandle{0}.
06-08 10:56:44.166   531   732 I Telecom : CallsManager: Sending phone-account ComponentInfo{com.android.phone/com.android.services.telephony.TelephonyConnectionService}, ***, UserHandle{0} unregistered intent as user: TSI.uPA@ABs
06-08 10:56:44.166   531   732 I Telecom : CallsManager: Sending phone-account unregistered intent to default dialer: TSI.uPA@ABs
06-08 10:56:44.168   928   928 D MultiSimSettingController: onSubscriptionsChanged
06-08 10:56:44.169   928   928 D MultiSimSettingController: Carrier config subId 1 is not loaded.
06-08 10:56:44.170   928   928 I Telephony: isRttCurrentlySupported -- regular acct, hasVoiceAvailability: false
06-08 10:56:44.170   928   928 I Telephony:  isRttSupported: false
06-08 10:56:44.170   928   928 I Telephony:  isRoaming: false
06-08 10:56:44.170   928   928 I Telephony:  isOnWfc: false
06-08 10:56:44.178   928   928 D CallNotifier: updatePhoneStateListeners: update CF notifications.
06-08 10:56:44.178   928   928 I Telephony: TelecomAccountRegistry: onSubscriptionsChanged - update accounts
06-08 10:56:44.178   928   928 I Telephony: PstnIncomingCallNotifier: Unregistering: Handler (com.android.internal.telephony.GsmCdmaPhone) {8b7b890}
06-08 10:56:44.179   928   928 D Telephony: Unregistering: Handler (com.android.internal.telephony.GsmCdmaPhone) {8b7b890}
06-08 10:56:44.183   928   928 I Telephony: TelecomAccountRegistry: setupAccounts: Found 1 phones.  Attempting to register.
06-08 10:56:44.183   928   928 I Telephony: TelecomAccountRegistry: setupAccounts: Phone with subscription id 1
06-08 10:56:44.199   928   928 D Telephony: isEmergencyPreferredAccount: subId=1, activeData=-1
06-08 10:56:44.199   928   928 D Telephony: isEmergencyPreferredAccount: Device does not require preference.
06-08 10:56:44.200   928   928 I Telephony: isRttCurrentlySupported -- regular acct, hasVoiceAvailability: false
06-08 10:56:44.200   928   928 I Telephony:  isRttSupported: false
06-08 10:56:44.200   928   928 I Telephony:  isRoaming: false
06-08 10:56:44.200   928   928 I Telephony:  isOnWfc: false
06-08 10:56:44.200  1247  1247 D CellBroadcastReceiver: onReceive Intent { act=android.intent.action.SERVICE_STATE flg=0x1000010 cmp=com.google.android.cellbroadcastreceiver/com.android.cellbroadcastreceiver.CellBroadcastReceiver (has extras) }
06-08 10:56:44.220   531   546 W ActivityManager: Unable to start service Intent { act=com.google.android.gms.phenotype.service.START cmp=com.google.android.gms/.chimera.PersistentApiService } U=0: not found
06-08 10:56:44.223   531   602 I Telecom : PhoneAccountRegistrar: Modify account: [ComponentInfo{com.android.phone/com.android.services.telephony.TelephonyConnectionService}, ***, UserHandle{0}]: TSI.rPA@ABw
06-08 10:56:44.224   531   602 I Telecom : CallsManager: handlePhoneAccountChanged: phoneAccount=[[X] PhoneAccount: ComponentInfo{com.android.phone/com.android.services.telephony.TelephonyConnectionService}, ***, UserHandle{0} Capabilities: CallProvider MultiUser PlaceEmerg SimSub  Audio Routes: BESW Schemes: tel voicemail  Extras: Bundle[{android.telecom.extra.SUPPORTS_VIDEO_CALLING_FALLBACK=true}] GroupId: ***]: TSI.rPA@ABw
06-08 10:56:44.226   928   928 I Telephony: AccountEntry: Registered phoneAccount: [[ ] PhoneAccount: ComponentInfo{com.android.phone/com.android.services.telephony.TelephonyConnectionService}, ***, UserHandle{0} Capabilities: CallProvider MultiUser PlaceEmerg SimSub  Audio Routes: BESW Schemes: tel voicemail  Extras: Bundle[{android.telecom.extra.SUPPORTS_VIDEO_CALLING_FALLBACK=true}] GroupId: ***] with handle: ComponentInfo{com.android.phone/com.android.services.telephony.TelephonyConnectionService}, ***, UserHandle{0}
06-08 10:56:44.226   928   928 I Telephony: PstnIncomingCallNotifier: Registering: Handler (com.android.internal.telephony.GsmCdmaPhone) {8b7b890}
06-08 10:56:44.226   928   928 D Telephony: Registering: Handler (com.android.internal.telephony.GsmCdmaPhone) {8b7b890}
06-08 10:56:44.228   928   928 D MultiSimSettingController: onSubscriptionsChanged
06-08 10:56:44.229   928   928 D MultiSimSettingController: Carrier config subId 1 is not loaded.
06-08 10:56:44.232   928   928 I Telephony: TelecomAccountRegistry: onSubscriptionsChanged - update accounts
06-08 10:56:44.232   928   928 I Telephony: PstnIncomingCallNotifier: Unregistering: Handler (com.android.internal.telephony.GsmCdmaPhone) {8b7b890}
06-08 10:56:44.232   928   928 D Telephony: Unregistering: Handler (com.android.internal.telephony.GsmCdmaPhone) {8b7b890}
06-08 10:56:44.232   928   928 I Telephony: TelecomAccountRegistry: setupAccounts: Found 1 phones.  Attempting to register.
06-08 10:56:44.234   928   928 I Telephony: TelecomAccountRegistry: setupAccounts: Phone with subscription id 1
06-08 10:56:44.250   531  1164 W ActivityManager: Unbind failed: could not find connection for android.os.BinderProxy@5479d5b
06-08 10:56:44.264  1187  1239 W GmsClient: unable to connect to service: com.google.android.gms.phenotype.service.START on com.google.android.gms
06-08 10:56:44.266   928   928 D Telephony: isEmergencyPreferredAccount: subId=1, activeData=-1
06-08 10:56:44.266   928   928 D Telephony: isEmergencyPreferredAccount: Device does not require preference.
06-08 10:56:44.266   928   928 I Telephony: isRttCurrentlySupported -- regular acct, hasVoiceAvailability: false
06-08 10:56:44.266   928   928 I Telephony:  isRttSupported: false
06-08 10:56:44.266   928   928 I Telephony:  isRoaming: false
06-08 10:56:44.266   928   928 I Telephony:  isOnWfc: false
06-08 10:56:44.270   531  1164 I Telecom : PhoneAccountRegistrar: Modify account: [ComponentInfo{com.android.phone/com.android.services.telephony.TelephonyConnectionService}, ***, UserHandle{0}]: TSI.rPA@AB4
06-08 10:56:44.282   531  1164 I Telecom : CallsManager: handlePhoneAccountChanged: phoneAccount=[[X] PhoneAccount: ComponentInfo{com.android.phone/com.android.services.telephony.TelephonyConnectionService}, ***, UserHandle{0} Capabilities: CallProvider MultiUser PlaceEmerg SimSub  Audio Routes: BESW Schemes: tel voicemail  Extras: Bundle[{android.telecom.extra.SUPPORTS_VIDEO_CALLING_FALLBACK=true}] GroupId: ***]: TSI.rPA@AB4
06-08 10:56:44.283   928   928 I Telephony: AccountEntry: Registered phoneAccount: [[ ] PhoneAccount: ComponentInfo{com.android.phone/com.android.services.telephony.TelephonyConnectionService}, ***, UserHandle{0} Capabilities: CallProvider MultiUser PlaceEmerg SimSub  Audio Routes: BESW Schemes: tel voicemail  Extras: Bundle[{android.telecom.extra.SUPPORTS_VIDEO_CALLING_FALLBACK=true}] GroupId: ***] with handle: ComponentInfo{com.android.phone/com.android.services.telephony.TelephonyConnectionService}, ***, UserHandle{0}
06-08 10:56:44.283   928   928 I Telephony: PstnIncomingCallNotifier: Registering: Handler (com.android.internal.telephony.GsmCdmaPhone) {8b7b890}
06-08 10:56:44.284   928   928 D Telephony: Registering: Handler (com.android.internal.telephony.GsmCdmaPhone) {8b7b890}
06-08 10:56:44.293   928   928 D CallNotifier: updatePhoneStateListeners: update CF notifications.
06-08 10:56:44.293   928   928 D MultiSimSettingController: onSubscriptionsChanged
06-08 10:56:44.294   928   928 D MultiSimSettingController: Carrier config subId 1 is not loaded.
06-08 10:56:44.294   928   928 I Telephony: TelecomAccountRegistry: onSubscriptionsChanged - update accounts
06-08 10:56:44.294   928   928 I Telephony: PstnIncomingCallNotifier: Unregistering: Handler (com.android.internal.telephony.GsmCdmaPhone) {8b7b890}
06-08 10:56:44.294   928   928 D Telephony: Unregistering: Handler (com.android.internal.telephony.GsmCdmaPhone) {8b7b890}
06-08 10:56:44.294   928   928 I Telephony: TelecomAccountRegistry: setupAccounts: Found 1 phones.  Attempting to register.
06-08 10:56:44.294   928   928 I Telephony: TelecomAccountRegistry: setupAccounts: Phone with subscription id 1
06-08 10:56:44.298  1187  1249 W MobStoreFlagStore: Unable to update local snapshot for com.google.android.gms.test_process_stable, may result in stale flags.
06-08 10:56:44.298  1187  1249 W MobStoreFlagStore: java.util.concurrent.ExecutionException: bszt: 17: 17: API: Phenotype.API is not available on this device. Connection failed with: ConnectionResult{statusCode=API_UNAVAILABLE, resolution=null, message=null}
06-08 10:56:44.298  1187  1249 W MobStoreFlagStore: 	at chuf.s(:com.google.android.gms@221514041@22.15.14 (150800-441847897):3)
06-08 10:56:44.298  1187  1249 W MobStoreFlagStore: 	at chuf.get(:com.google.android.gms@221514041@22.15.14 (150800-441847897):2)
06-08 10:56:44.298  1187  1249 W MobStoreFlagStore: 	at chyc.a(:com.google.android.gms@221514041@22.15.14 (150800-441847897):1)
06-08 10:56:44.298  1187  1249 W MobStoreFlagStore: 	at chwu.r(:com.google.android.gms@221514041@22.15.14 (150800-441847897):0)
06-08 10:56:44.298  1187  1249 W MobStoreFlagStore: 	at btas.d(:com.google.android.gms@221514041@22.15.14 (150800-441847897):1)
06-08 10:56:44.298  1187  1249 W MobStoreFlagStore: 	at btau.run(:com.google.android.gms@221514041@22.15.14 (150800-441847897):0)
06-08 10:56:44.298  1187  1249 W MobStoreFlagStore: 	at wln.c(:com.google.android.gms@221514041@22.15.14 (150800-441847897):6)
06-08 10:56:44.298  1187  1249 W MobStoreFlagStore: 	at wln.run(:com.google.android.gms@221514041@22.15.14 (150800-441847897):8)
06-08 10:56:44.298  1187  1249 W MobStoreFlagStore: 	at java.util.concurrent.ThreadPoolExecutor.runWorker(ThreadPoolExecutor.java:1167)
06-08 10:56:44.298  1187  1249 W MobStoreFlagStore: 	at java.util.concurrent.ThreadPoolExecutor$Worker.run(ThreadPoolExecutor.java:641)
06-08 10:56:44.298  1187  1249 W MobStoreFlagStore: 	at wqr.run(:com.google.android.gms@221514041@22.15.14 (150800-441847897):0)
06-08 10:56:44.298  1187  1249 W MobStoreFlagStore: 	at java.lang.Thread.run(Thread.java:923)
06-08 10:56:44.298  1187  1249 W MobStoreFlagStore: Caused by: bszt: 17: 17: API: Phenotype.API is not available on this device. Connection failed with: ConnectionResult{statusCode=API_UNAVAILABLE, resolution=null, message=null}
06-08 10:56:44.298  1187  1249 W MobStoreFlagStore: 	at bszu.a(:com.google.android.gms@221514041@22.15.14 (150800-441847897):0)
06-08 10:56:44.298  1187  1249 W MobStoreFlagStore: 	at chtn.c(:com.google.android.gms@221514041@22.15.14 (150800-441847897):2)
06-08 10:56:44.298  1187  1249 W MobStoreFlagStore: 	at chtp.run(:com.google.android.gms@221514041@22.15.14 (150800-441847897):10)
06-08 10:56:44.298  1187  1249 W MobStoreFlagStore: 	at chvt.execute(:com.google.android.gms@221514041@22.15.14 (150800-441847897):0)
06-08 10:56:44.298  1187  1249 W MobStoreFlagStore: 	at chuf.q(:com.google.android.gms@221514041@22.15.14 (150800-441847897):1)
06-08 10:56:44.298  1187  1249 W MobStoreFlagStore: 	at chuf.j(:com.google.android.gms@221514041@22.15.14 (150800-441847897):8)
06-08 10:56:44.298  1187  1249 W MobStoreFlagStore: 	at chuf.n(:com.google.android.gms@221514041@22.15.14 (150800-441847897):0)
06-08 10:56:44.298  1187  1249 W MobStoreFlagStore: 	at bnay.id(:com.google.android.gms@221514041@22.15.14 (150800-441847897):4)
06-08 10:56:44.298  1187  1249 W MobStoreFlagStore: 	at bhur.run(:com.google.android.gms@221514041@22.15.14 (150800-441847897):1)
06-08 10:56:44.298  1187  1249 W MobStoreFlagStore: 	at wkv.c(:com.google.android.gms@221514041@22.15.14 (150800-441847897):2)
06-08 10:56:44.298  1187  1249 W MobStoreFlagStore: 	at afvj.run(:com.google.android.gms@221514041@22.15.14 (150800-441847897):0)
06-08 10:56:44.298  1187  1249 W MobStoreFlagStore: 	at chvt.execute(:com.google.android.gms@221514041@22.15.14 (150800-441847897):0)
06-08 10:56:44.298  1187  1249 W MobStoreFlagStore: 	at afvk.execute(:com.google.android.gms@221514041@22.15.14 (150800-441847897):0)
06-08 10:56:44.298  1187  1249 W MobStoreFlagStore: 	at bhus.hO(:com.google.android.gms@221514041@22.15.14 (150800-441847897):2)
06-08 10:56:44.298  1187  1249 W MobStoreFlagStore: 	at bhvh.b(:com.google.android.gms@221514041@22.15.14 (150800-441847897):5)
06-08 10:56:44.298  1187  1249 W MobStoreFlagStore: 	at bhvo.A(:com.google.android.gms@221514041@22.15.14 (150800-441847897):4)
06-08 10:56:44.298  1187  1249 W MobStoreFlagStore: 	at bhuj.run(:com.google.android.gms@221514041@22.15.14 (150800-441847897):4)
06-08 10:56:44.298  1187  1249 W MobStoreFlagStore: 	at wkv.c(:com.google.android.gms@221514041@22.15.14 (150800-441847897):2)
06-08 10:56:44.298  1187  1249 W MobStoreFlagStore: 	at afvj.run(:com.google.android.gms@221514041@22.15.14 (150800-441847897):0)
06-08 10:56:44.298  1187  1249 W MobStoreFlagStore: 	at chvt.execute(:com.google.android.gms@221514041@22.15.14 (150800-441847897):0)
06-08 10:56:44.298  1187  1249 W MobStoreFlagStore: 	at afvk.execute(:com.google.android.gms@221514041@22.15.14 (150800-441847897):0)
06-08 10:56:44.298  1187  1249 W MobStoreFlagStore: 	at bhuk.hO(:com.google.android.gms@221514041@22.15.14 (150800-441847897):0)
06-08 10:56:44.298  1187  1249 W MobStoreFlagStore: 	at bhvh.b(:com.google.android.gms@221514041@22.15.14 (150800-441847897):5)
06-08 10:56:44.298  1187  1249 W MobStoreFlagStore: 	at bhvj.c(:com.google.android.gms@221514041@22.15.14 (150800-441847897):5)
06-08 10:56:44.298  1187  1249 W MobStoreFlagStore: 	at vch.c(:com.google.android.gms@221514041@22.15.14 (150800-441847897):0)
06-08 10:56:44.298  1187  1249 W MobStoreFlagStore: 	at vey.p(:com.google.android.gms@221514041@22.15.14 (150800-441847897):4)
06-08 10:56:44.298  1187  1249 W MobStoreFlagStore: 	at vey.d(:com.google.android.gms@221514041@22.15.14 (150800-441847897):0)
06-08 10:56:44.298  1187  1249 W MobStoreFlagStore: 	at vey.g(:com.google.android.gms@221514041@22.15.14 (150800-441847897):19)
06-08 10:56:44.298  1187  1249 W MobStoreFlagStore: 	at vey.onConnectionFailed(:com.google.android.gms@221514041@22.15.14 (150800-441847897):0)
06-08 10:56:44.298  1187  1249 W MobStoreFlagStore: 	at vfa.run(:com.google.android.gms@221514041@22.15.14 (150800-441847897):8)
06-08 10:56:44.298  1187  1249 W MobStoreFlagStore: 	at android.os.Handler.handleCallback(Handler.java:938)
06-08 10:56:44.298  1187  1249 W MobStoreFlagStore: 	at android.os.Handler.dispatchMessage(Handler.java:99)
06-08 10:56:44.298  1187  1249 W MobStoreFlagStore: 	at alxd.kj(:com.google.android.gms@221514041@22.15.14 (150800-441847897):0)
06-08 10:56:44.298  1187  1249 W MobStoreFlagStore: 	at alxd.dispatchMessage(:com.google.android.gms@221514041@22.15.14 (150800-441847897):11)
06-08 10:56:44.298  1187  1249 W MobStoreFlagStore: 	at android.os.Looper.loop(Looper.java:223)
06-08 10:56:44.298  1187  1249 W MobStoreFlagStore: 	at android.os.HandlerThread.run(HandlerThread.java:67)
06-08 10:56:44.298  1187  1249 W MobStoreFlagStore: Caused by: vbc: 17: API: Phenotype.API is not available on this device. Connection failed with: ConnectionResult{statusCode=API_UNAVAILABLE, resolution=null, message=null}
06-08 10:56:44.298  1187  1249 W MobStoreFlagStore: 	at vva.a(:com.google.android.gms@221514041@22.15.14 (150800-441847897):2)
06-08 10:56:44.298  1187  1249 W MobStoreFlagStore: 	at vck.a(:com.google.android.gms@221514041@22.15.14 (150800-441847897):0)
06-08 10:56:44.298  1187  1249 W MobStoreFlagStore: 	... 12 more
06-08 10:56:44.299   928   928 D Telephony: isEmergencyPreferredAccount: subId=1, activeData=-1
06-08 10:56:44.299   928   928 D Telephony: isEmergencyPreferredAccount: Device does not require preference.
06-08 10:56:44.300   928   928 I Telephony: isRttCurrentlySupported -- regular acct, hasVoiceAvailability: false
06-08 10:56:44.300   928   928 I Telephony:  isRttSupported: false
06-08 10:56:44.300   928   928 I Telephony:  isRoaming: false
06-08 10:56:44.300   928   928 I Telephony:  isOnWfc: false
06-08 10:56:44.309   531   602 I Telecom : PhoneAccountRegistrar: Modify account: [ComponentInfo{com.android.phone/com.android.services.telephony.TelephonyConnectionService}, ***, UserHandle{0}]: TSI.rPA@ACA
06-08 10:56:44.310   531   602 I Telecom : CallsManager: handlePhoneAccountChanged: phoneAccount=[[X] PhoneAccount: ComponentInfo{com.android.phone/com.android.services.telephony.TelephonyConnectionService}, ***, UserHandle{0} Capabilities: CallProvider MultiUser PlaceEmerg SimSub  Audio Routes: BESW Schemes: tel voicemail  Extras: Bundle[{android.telecom.extra.SUPPORTS_VIDEO_CALLING_FALLBACK=true}] GroupId: ***]: TSI.rPA@ACA
06-08 10:56:44.316   928   928 I Telephony: AccountEntry: Registered phoneAccount: [[ ] PhoneAccount: ComponentInfo{com.android.phone/com.android.services.telephony.TelephonyConnectionService}, ***, UserHandle{0} Capabilities: CallProvider MultiUser PlaceEmerg SimSub  Audio Routes: BESW Schemes: tel voicemail  Extras: Bundle[{android.telecom.extra.SUPPORTS_VIDEO_CALLING_FALLBACK=true}] GroupId: ***] with handle: ComponentInfo{com.android.phone/com.android.services.telephony.TelephonyConnectionService}, ***, UserHandle{0}
06-08 10:56:44.319   928   928 I Telephony: PstnIncomingCallNotifier: Registering: Handler (com.android.internal.telephony.GsmCdmaPhone) {8b7b890}
06-08 10:56:44.320   928   928 D Telephony: Registering: Handler (com.android.internal.telephony.GsmCdmaPhone) {8b7b890}
06-08 10:56:44.330   928   928 D CallNotifier: updatePhoneStateListeners: update CF notifications.
06-08 10:56:44.330   928   928 D MultiSimSettingController: onSubscriptionsChanged
06-08 10:56:44.330   928   928 D MultiSimSettingController: Carrier config subId 1 is not loaded.
06-08 10:56:44.331   928   928 D CallNotifier: updatePhoneStateListeners: update CF notifications.
06-08 10:56:44.331   928   928 I Telephony: TelecomAccountRegistry: onSubscriptionsChanged - update accounts
06-08 10:56:44.331   928   928 I Telephony: PstnIncomingCallNotifier: Unregistering: Handler (com.android.internal.telephony.GsmCdmaPhone) {8b7b890}
06-08 10:56:44.331   928   928 D Telephony: Unregistering: Handler (com.android.internal.telephony.GsmCdmaPhone) {8b7b890}
06-08 10:56:44.331   928   928 I Telephony: TelecomAccountRegistry: setupAccounts: Found 1 phones.  Attempting to register.
06-08 10:56:44.331   928   928 I Telephony: TelecomAccountRegistry: setupAccounts: Phone with subscription id 1
06-08 10:56:44.337   928   928 D Telephony: isEmergencyPreferredAccount: subId=1, activeData=-1
06-08 10:56:44.337   928   928 D Telephony: isEmergencyPreferredAccount: Device does not require preference.
06-08 10:56:44.337   928   928 I Telephony: isRttCurrentlySupported -- regular acct, hasVoiceAvailability: false
06-08 10:56:44.337   928   928 I Telephony:  isRttSupported: false
06-08 10:56:44.337   928   928 I Telephony:  isRoaming: false
06-08 10:56:44.337   928   928 I Telephony:  isOnWfc: false
06-08 10:56:44.344   531  1164 I Telecom : PhoneAccountRegistrar: Modify account: [ComponentInfo{com.android.phone/com.android.services.telephony.TelephonyConnectionService}, ***, UserHandle{0}]: TSI.rPA@ACI
06-08 10:56:44.345   531  1164 I Telecom : CallsManager: handlePhoneAccountChanged: phoneAccount=[[X] PhoneAccount: ComponentInfo{com.android.phone/com.android.services.telephony.TelephonyConnectionService}, ***, UserHandle{0} Capabilities: CallProvider MultiUser PlaceEmerg SimSub  Audio Routes: BESW Schemes: tel voicemail  Extras: Bundle[{android.telecom.extra.SUPPORTS_VIDEO_CALLING_FALLBACK=true}] GroupId: ***]: TSI.rPA@ACI
06-08 10:56:44.347   928   928 I Telephony: AccountEntry: Registered phoneAccount: [[ ] PhoneAccount: ComponentInfo{com.android.phone/com.android.services.telephony.TelephonyConnectionService}, ***, UserHandle{0} Capabilities: CallProvider MultiUser PlaceEmerg SimSub  Audio Routes: BESW Schemes: tel voicemail  Extras: Bundle[{android.telecom.extra.SUPPORTS_VIDEO_CALLING_FALLBACK=true}] GroupId: ***] with handle: ComponentInfo{com.android.phone/com.android.services.telephony.TelephonyConnectionService}, ***, UserHandle{0}
06-08 10:56:44.347   928   928 I Telephony: PstnIncomingCallNotifier: Registering: Handler (com.android.internal.telephony.GsmCdmaPhone) {8b7b890}
06-08 10:56:44.348   928   928 D Telephony: Registering: Handler (com.android.internal.telephony.GsmCdmaPhone) {8b7b890}
06-08 10:56:44.355   928   928 D MultiSimSettingController: onSubscriptionsChanged
06-08 10:56:44.355   928   928 D MultiSimSettingController: Carrier config subId 1 is not loaded.
06-08 10:56:44.361   928   928 D CompatibilityChangeReporter: Compat change id reported: 150939131; UID 1001; state: ENABLED
06-08 10:56:44.362   928   928 D CallNotifier: updatePhoneStateListeners: update CF notifications.
06-08 10:56:44.362   928   928 I Telephony: TelecomAccountRegistry: onSubscriptionsChanged - update accounts
06-08 10:56:44.362   928   928 I Telephony: PstnIncomingCallNotifier: Unregistering: Handler (com.android.internal.telephony.GsmCdmaPhone) {8b7b890}
06-08 10:56:44.362   928   928 D Telephony: Unregistering: Handler (com.android.internal.telephony.GsmCdmaPhone) {8b7b890}
06-08 10:56:44.362   928   928 I Telephony: TelecomAccountRegistry: setupAccounts: Found 1 phones.  Attempting to register.
06-08 10:56:44.362   928   928 I Telephony: TelecomAccountRegistry: setupAccounts: Phone with subscription id 1
06-08 10:56:44.365   928   928 D Telephony: isEmergencyPreferredAccount: subId=1, activeData=-1
06-08 10:56:44.365   928   928 D Telephony: isEmergencyPreferredAccount: Device does not require preference.
06-08 10:56:44.366   928   928 I Telephony: isRttCurrentlySupported -- regular acct, hasVoiceAvailability: false
06-08 10:56:44.366   928   928 I Telephony:  isRttSupported: false
06-08 10:56:44.366   928   928 I Telephony:  isRoaming: false
06-08 10:56:44.366   928   928 I Telephony:  isOnWfc: false
06-08 10:56:44.376   531  1164 I Telecom : PhoneAccountRegistrar: Modify account: [ComponentInfo{com.android.phone/com.android.services.telephony.TelephonyConnectionService}, ***, UserHandle{0}]: TSI.rPA@ACQ
06-08 10:56:44.377   531  1164 I Telecom : CallsManager: handlePhoneAccountChanged: phoneAccount=[[X] PhoneAccount: ComponentInfo{com.android.phone/com.android.services.telephony.TelephonyConnectionService}, ***, UserHandle{0} Capabilities: CallProvider MultiUser PlaceEmerg SimSub  Audio Routes: BESW Schemes: tel voicemail  Extras: Bundle[{android.telecom.extra.SUPPORTS_VIDEO_CALLING_FALLBACK=true}] GroupId: ***]: TSI.rPA@ACQ
06-08 10:56:44.378   928   928 I Telephony: AccountEntry: Registered phoneAccount: [[ ] PhoneAccount: ComponentInfo{com.android.phone/com.android.services.telephony.TelephonyConnectionService}, ***, UserHandle{0} Capabilities: CallProvider MultiUser PlaceEmerg SimSub  Audio Routes: BESW Schemes: tel voicemail  Extras: Bundle[{android.telecom.extra.SUPPORTS_VIDEO_CALLING_FALLBACK=true}] GroupId: ***] with handle: ComponentInfo{com.android.phone/com.android.services.telephony.TelephonyConnectionService}, ***, UserHandle{0}
06-08 10:56:44.378   928   928 I Telephony: PstnIncomingCallNotifier: Registering: Handler (com.android.internal.telephony.GsmCdmaPhone) {8b7b890}
06-08 10:56:44.378   928   928 D Telephony: Registering: Handler (com.android.internal.telephony.GsmCdmaPhone) {8b7b890}
06-08 10:56:44.381   695  1276 W ActivityThread: Failed to find provider info for com.android.contacts (user not unlocked)
06-08 10:56:44.381   695  1276 D BluetoothPbapUtils: Failed to fetch contacts data from database..
06-08 10:56:44.382   713   713 V KeyguardUpdateMonitor: action android.intent.action.SIM_STATE_CHANGED state: READY slotId: 0 subid: -1
06-08 10:56:44.382   713   713 V ShadeControllerImpl: NotificationShadeWindow: com.android.systemui.statusbar.phone.NotificationShadeWindowView{f990933 I.E...... ......ID 0,0-1080,2220} canPanelBeCollapsed(): false
06-08 10:56:44.388   928   928 D MultiSimSettingController: onSubscriptionsChanged
06-08 10:56:44.388   928   928 D MultiSimSettingController: Carrier config subId 1 is not loaded.
06-08 10:56:44.388   928   928 D CarrierConfigLoader: mHandler: 7 phoneId: 0
06-08 10:56:44.389   713   713 D KeyguardViewMediator: onSystemReady
06-08 10:56:44.393   928   928 D CarrierConfigLoader: File not found: /data/user_de/0/com.android.phone/files/carrierconfig-com.android.carrierconfig-override-89014103211118510720-1.xml
06-08 10:56:44.395   713   713 D KeyguardViewMediator: doKeyguard: not showing because lockscreen is off
06-08 10:56:44.396   713   713 D KeyguardViewMediator: adjustStatusBarLocked: mShowing=false mOccluded=false isSecure=false force=false --> flags=0x0
06-08 10:56:44.398   928   928 D CarrierConfigLoader: Loaded config from XML. package=com.android.carrierconfig phoneId=0
06-08 10:56:44.398   928   928 D CarrierSvcBindHelper: mHandler: 0
06-08 10:56:44.398   928   928 D CarrierSvcBindHelper: Rebinding if necessary for phoneId: 0
06-08 10:56:44.399   713   713 D KeyguardViewMediator: handleNotifyWakingUp
06-08 10:56:44.424   928   928 D CarrierSvcBindHelper: No carrier app for: 0
06-08 10:56:44.428   713   713 D KeyguardViewMediator: handleNotifyScreenTurningOn
06-08 10:56:44.438   928   928 E ConnectivityManager: NetworkCallback was already registered
06-08 10:56:44.440   531   546 D ConnectivityService: requestNetwork for uid/pid:1001/928 NetworkRequest [ TRACK_DEFAULT id=19, [ Capabilities: INTERNET&NOT_RESTRICTED&TRUSTED Uid: 1001 AdministratorUids: [] RequestorUid: 1001 RequestorPackageName: com.android.phone] ]
06-08 10:56:44.446   713   713 D KeyguardViewMediator: handleNotifyScreenTurnedOn
06-08 10:56:44.448   531   650 D ConnectivityService: NetReassign [no changes]
06-08 10:56:44.465   928   928 I Telephony: isRttCurrentlySupported -- regular acct, hasVoiceAvailability: false
06-08 10:56:44.465   928   928 I Telephony:  isRttSupported: false
06-08 10:56:44.465   928   928 I Telephony:  isRoaming: false
06-08 10:56:44.465   928   928 I Telephony:  isOnWfc: false
06-08 10:56:44.471   928   928 D CallNotifier: updatePhoneStateListeners: update CF notifications.
06-08 10:56:44.472   928   928 I Telephony: TelecomAccountRegistry: onSubscriptionsChanged - update accounts
06-08 10:56:44.472   928   928 I Telephony: PstnIncomingCallNotifier: Unregistering: Handler (com.android.internal.telephony.GsmCdmaPhone) {8b7b890}
06-08 10:56:44.472   928   928 D Telephony: Unregistering: Handler (com.android.internal.telephony.GsmCdmaPhone) {8b7b890}
06-08 10:56:44.472   928   928 I Telephony: TelecomAccountRegistry: setupAccounts: Found 1 phones.  Attempting to register.
06-08 10:56:44.472   928   928 I Telephony: TelecomAccountRegistry: setupAccounts: Phone with subscription id 1
06-08 10:56:44.476   928   928 D Telephony: isEmergencyPreferredAccount: subId=1, activeData=-1
06-08 10:56:44.476   928   928 D Telephony: isEmergencyPreferredAccount: Device does not require preference.
06-08 10:56:44.503   928   928 I Telephony: isRttCurrentlySupported -- regular acct, hasVoiceAvailability: false
06-08 10:56:44.503   928   928 I Telephony:  isRttSupported: false
06-08 10:56:44.503   928   928 I Telephony:  isRoaming: false
06-08 10:56:44.503   928   928 I Telephony:  isOnWfc: false
06-08 10:56:44.522   713  1009 D EglHelper: createEglContext start
06-08 10:56:44.540   713   713 V KeyguardUpdateMonitor: onSubscriptionInfoChanged()
06-08 10:56:44.543   713  1009 D EGL_emulation: eglCreateContext: 0x721ebad13a00: maj 2 min 0 rcv 2
06-08 10:56:44.544   713  1009 D EglHelper: createEglContext done
06-08 10:56:44.544   713  1009 D EglHelper: createEglSurface start
