--------- beginning of main
05-31 12:50:08.790  1383  1383 W auditd  : type=2000 audit(0.0:1): initialized
05-31 12:50:09.450  1383  1383 I auditd  : type=1403 audit(0.0:2): policy loaded auid=4294967295 ses=4294967295
05-31 12:50:09.450  1383  1383 W auditd  : type=1404 audit(0.0:3): enforcing=1 old_enforcing=0 auid=4294967295 ses=4294967295
05-31 12:50:10.111  1387  1387 I SELinux : SELinux: Loaded service_contexts from:
05-31 12:50:10.111  1387  1387 I SELinux :     /system/etc/selinux/plat_service_contexts
05-31 12:50:10.127  1391  1391 I SELinux : SELinux: Loaded service_contexts from:
05-31 12:50:10.127  1391  1391 I SELinux :     /vendor/etc/selinux/vndservice_contexts
05-31 12:50:10.146  1390  1390 E hwservicemanager: BINDER_SET_INHERIT_FIFO_PRIO failed with error -1
05-31 12:50:10.149  1392  1392 D vndksupport: Loading /vendor/lib/hw/android.hardware.keymaster@3.0-impl.so from current namespace instead of sphal namespace.
05-31 12:50:10.153  1392  1392 I android.hardware.keymaster@3.0-impl: Fetching keymaster device name default
05-31 12:50:10.153  1392  1392 D vndksupport: Loading /vendor/lib/hw/keystore.ranchu.so from current namespace instead of sphal namespace.
05-31 12:50:10.155  1392  1392 I android.hardware.keymaster@3.0-impl: Found keymaster2 module Trusty Keymaster HAL, version 200
05-31 12:50:10.155  1392  1392 E TrustyKeymaster: calling trusty_keymaster_connect
05-31 12:50:10.155  1392  1392 E TrustyKeymaster: failed to open KeymasterService3 pipe service
05-31 12:50:10.155  1392  1392 E TrustyKeymaster: calling trusty_keymaster_connect failed
05-31 12:50:10.155  1392  1392 I ServiceManagement: Removing namespace from process name android.hardware.keymaster@3.0-service to keymaster@3.0-s.
05-31 12:50:10.156  1392  1392 I android.hardware.keymaster@3.0-service: Registration complete for android.hardware.keymaster@3.0::IKeymasterDevice/default.
--------- beginning of system
05-31 12:50:10.156  1393  1393 I vold    : Vold 3.0 (the awakening) firing up
05-31 12:50:10.156  1393  1393 V vold    : Detected support for: ext4 vfat
05-31 12:50:10.159  1393  1397 D vold    : Recognized experimental block major ID 253 as virtio-blk (emulator's virtual SD card device)
05-31 12:50:10.159  1393  1397 V vold    : /system/bin/sgdisk
05-31 12:50:10.159  1393  1397 V vold    :     --android-dump
05-31 12:50:10.159  1393  1397 V vold    :     /dev/block/vold/disk:253,80
05-31 12:50:10.160  1393  1399 D vold    : e4crypt_init_user0
05-31 12:50:10.160  1393  1399 D vold    : e4crypt_prepare_user_storage for volume null, user 0, serial 0, flags 1
05-31 12:50:10.161  1393  1399 D vold    : Preparing: /data/system/users/0
05-31 12:50:10.161  1393  1399 E cutils  : Failed to mkdir(/data/system/users/0): No such file or directory
05-31 12:50:10.161  1393  1399 E vold    : Failed to prepare /data/system/users/0: No such file or directory
05-31 12:50:10.161  1393  1399 E vold    : Failed to prepare user 0 storage
05-31 12:50:10.173  1419  1419 I /system/bin/tzdatacheck: timezone distro dir /data/misc/zoneinfo/current does not exist. No action required.
05-31 12:50:10.181  1393  1397 V vold    : DISK mbr
05-31 12:50:10.181  1393  1397 V vold    : 
05-31 12:50:10.181  1393  1397 W vold    : disk:253,80 has unknown partition table; trying entire device
05-31 12:50:10.181  1393  1397 V vold    : /system/bin/blkid
05-31 12:50:10.181  1393  1397 V vold    :     -c
05-31 12:50:10.181  1393  1397 V vold    :     /dev/null
05-31 12:50:10.181  1393  1397 V vold    :     -s
05-31 12:50:10.181  1393  1397 V vold    :     TYPE
05-31 12:50:10.181  1393  1397 V vold    :     -s
05-31 12:50:10.181  1393  1397 V vold    :     UUID
05-31 12:50:10.181  1393  1397 V vold    :     -s
05-31 12:50:10.181  1393  1397 V vold    :     LABEL
05-31 12:50:10.181  1393  1397 V vold    :     /dev/block/vold/disk:253,80
05-31 12:50:10.193  1393  1397 V vold    : /dev/block/vold/disk:253,80: LABEL="SDCARD" UUID="0EFA-071F" TYPE="vfat" 
05-31 12:50:10.193  1393  1397 V vold    : 
05-31 12:50:10.220  1436  1436 I ServiceManagement: Removing namespace from process name android.hidl.allocator@1.0-service to allocator@1.0-s.
05-31 12:50:10.231  1453  1453 I boot-pipe: done populating /dev/random
05-31 12:50:10.236  1443  1443 D vndksupport: Loading /vendor/lib/hw/android.hardware.gatekeeper@1.0-impl.so from current namespace instead of sphal namespace.
05-31 12:50:10.239  1448  1448 D vndksupport: Loading /vendor/lib/hw/android.hardware.sensors@1.0-impl.so from current namespace instead of sphal namespace.
05-31 12:50:10.241  1443  1443 D vndksupport: Loading /vendor/lib/hw/gatekeeper.ranchu.so from current namespace instead of sphal namespace.
05-31 12:50:10.242  1440  1440 W /vendor/bin/hw/android.hardware.configstore@1.0-service: Could not find seccomp policy file at: /vendor/etc/seccomp_policy/configstore@1.0.policy
05-31 12:50:10.243  1440  1440 I ServiceManagement: Removing namespace from process name android.hardware.configstore@1.0-service to configstore@1.0.
05-31 12:50:10.247  1454  1454 I lowmemorykiller: Using in-kernel low memory killer interface
05-31 12:50:10.248  1448  1448 D vndksupport: Loading /vendor/lib/hw/sensors.ranchu.so from current namespace instead of sphal namespace.
05-31 12:50:10.254  1448  1448 I ServiceManagement: Removing namespace from process name android.hardware.sensors@1.0-service to sensors@1.0-ser.
05-31 12:50:10.256  1443  1443 E GoldfishGatekeeper: called goldfish_gatekeeper_open with gate keeper 0xe869c188 device 0xe84a6088
05-31 12:50:10.258  1443  1443 I ServiceManagement: Removing namespace from process name android.hardware.gatekeeper@1.0-service to gatekeeper@1.0-.
05-31 12:50:10.259  1448  1448 I android.hardware.sensors@1.0-service: Registration complete for android.hardware.sensors@1.0::ISensors/default.
05-31 12:50:10.262  1390  1390 W /system/bin/hwservicemanager: getTransport: Cannot find entry android.hardware.health@1.0::IHealth/default in either framework or device manifest.
05-31 12:50:10.262  1443  1443 I android.hardware.gatekeeper@1.0-service: Registration complete for android.hardware.gatekeeper@1.0::IGatekeeper/default.
05-31 12:50:10.263  1445  1445 D vndksupport: Loading /vendor/lib/hw/android.hardware.graphics.allocator@2.0-impl.so from current namespace instead of sphal namespace.
05-31 12:50:10.266  1441  1441 D android.hardware.drm@1.0-service: android.hardware.drm@1.0-service starting...
05-31 12:50:10.266  1441  1441 D vndksupport: Loading /vendor/lib/hw/android.hardware.drm@1.0-impl.so from current namespace instead of sphal namespace.
05-31 12:50:10.269  1445  1445 D vndksupport: Loading /vendor/lib/hw/gralloc.ranchu.so from current namespace instead of sphal namespace.
05-31 12:50:10.269  1452  1452 I qemu-props: connected to 'boot-properties' qemud service.
05-31 12:50:10.269  1452  1452 I qemu-props: receiving..
05-31 12:50:10.269  1452  1452 I qemu-props: received: qemu.cmdline=androidboot.logcat=*:V androidboot.consolepipe=qemu_pipe,pipe:logcat
05-31 12:50:10.274  1447  1447 D vndksupport: Loading /vendor/lib/hw/android.hardware.power@1.0-impl.so from current namespace instead of sphal namespace.
05-31 12:50:10.276  1447  1447 D vndksupport: Loading /vendor/lib/hw/power.ranchu.so from current namespace instead of sphal namespace.
05-31 12:50:10.282  1439  1439 D android.hardware.cas@1.0-service: android.hardware.cas@1.0-service starting...
05-31 12:50:10.282  1439  1439 I ServiceManagement: Removing namespace from process name android.hardware.cas@1.0-service to cas@1.0-service.
05-31 12:50:10.283  1447  1447 I ServiceManagement: Removing namespace from process name android.hardware.power@1.0-service to power@1.0-servi.
05-31 12:50:10.288  1447  1447 I android.hardware.power@1.0-service: Registration complete for android.hardware.power@1.0::IPower/default.
05-31 12:50:10.289  1452  1452 I qemu-props: receiving..
05-31 12:50:10.289  1452  1452 I qemu-props: received: qemu.logcat=start
05-31 12:50:10.290  1444  1444 D vndksupport: Loading /vendor/lib/hw/android.hardware.gnss@1.0-impl.so from current namespace instead of sphal namespace.
05-31 12:50:10.291  1445  1445 D         : HostConnection::get() New Host Connection established 0xeb523480, tid 1445
05-31 12:50:10.291  1445  1445 I ServiceManagement: Removing namespace from process name android.hardware.graphics.allocator@2.0-service to allocator@2.0-s.
05-31 12:50:10.292  1446  1446 D vndksupport: Loading /vendor/lib/hw/android.hardware.graphics.composer@2.1-impl.so from current namespace instead of sphal namespace.
05-31 12:50:10.294  1390  1390 W /system/bin/hwservicemanager: getTransport: Cannot find entry android.hardware.thermal@1.1::IThermal/default in either framework or device manifest.
05-31 12:50:10.294  1445  1445 I android.hardware.graphics.allocator@2.0-service: Registration complete for android.hardware.graphics.allocator@2.0::IAllocator/default.
05-31 12:50:10.294  1456  1456 W thermalserviced: Unable to get Thermal HAL V1.1, vendor thermal event notification not available
05-31 12:50:10.295  1441  1441 I ServiceManagement: Removing namespace from process name android.hardware.drm@1.0-service to drm@1.0-service.
05-31 12:50:10.297  1441  1441 I android.hardware.drm@1.0-service: Registration complete for android.hardware.drm@1.0::IDrmFactory/default.
05-31 12:50:10.301  1441  1441 D vndksupport: Loading /vendor/lib/hw/android.hardware.drm@1.0-impl.so from current namespace instead of sphal namespace.
05-31 12:50:10.302  1452  1452 I qemu-props: receiving..
05-31 12:50:10.302  1452  1452 I qemu-props: received: ro.opengles.version=131072
05-31 12:50:10.302  1441  1441 I ServiceManagement: Removing namespace from process name android.hardware.drm@1.0-service to drm@1.0-service.
05-31 12:50:10.302  1441  1441 I android.hardware.drm@1.0-service: Registration complete for android.hardware.drm@1.0::ICryptoFactory/default.
05-31 12:50:10.303  1444  1444 D vndksupport: Loading /vendor/lib/hw/gps.ranchu.so from current namespace instead of sphal namespace.
05-31 12:50:10.304  1442  1442 D android.hardware.drm@1.0-service.widevine: android.hardware.drm@1.0-service.widevine starting...
05-31 12:50:10.304  1442  1442 I ServiceManagement: Removing namespace from process name android.hardware.drm@1.0-service.widevine to drm@1.0-service.
05-31 12:50:10.305  1444  1444 I ServiceManagement: Removing namespace from process name android.hardware.gnss@1.0-service to gnss@1.0-servic.
05-31 12:50:10.305  1442  1442 I ServiceManagement: Removing namespace from process name android.hardware.drm@1.0-service.widevine to drm@1.0-service.
05-31 12:50:10.310  1444  1444 I android.hardware.gnss@1.0-service: Registration complete for android.hardware.gnss@1.0::IGnss/default.
05-31 12:50:10.312  1452  1452 W libc    : Unable to set property "ro.opengles.version" to "131072": error code: 0x18
05-31 12:50:10.312  1452  1452 I qemu-props: could not set property 'ro.opengles.version' to '131072'
05-31 12:50:10.312  1452  1452 I qemu-props: receiving..
05-31 12:50:10.312  1452  1452 I qemu-props: received: qemu.sf.fake_camera=front
05-31 12:50:10.315  1452  1452 I qemu-props: receiving..
05-31 12:50:10.316  1452  1452 I qemu-props: received: dalvik.vm.heapsize=384m
05-31 12:50:10.316  1446  1446 D vndksupport: Loading /vendor/lib/hw/hwcomposer.ranchu.so from current namespace instead of sphal namespace.
05-31 12:50:10.320  1452  1452 I qemu-props: receiving..
05-31 12:50:10.320  1452  1452 I qemu-props: received: qemu.hw.mainkeys=0
05-31 12:50:10.322  1446  1446 D vndksupport: Loading /vendor/lib/hw/gralloc.ranchu.so from current namespace instead of sphal namespace.
05-31 12:50:10.323  1446  1446 D         : HostConnection::get() New Host Connection established 0xe6ea3900, tid 1446
05-31 12:50:10.324  1452  1452 I qemu-props: receiving..
05-31 12:50:10.324  1452  1452 I qemu-props: received: qemu.sf.lcd_density=560
05-31 12:50:10.325  1452  1452 I qemu-props: receiving..
05-31 12:50:10.325  1452  1452 I qemu-props: received: qemu.timezone=Asia/Calcutta
05-31 12:50:10.326  1449  1449 I android.hardware.wifi@1.0-service: Wifi Hal is booting up...
05-31 12:50:10.328  1452  1452 I qemu-props: receiving..
05-31 12:50:10.330  1438  1438 I android.hardware.camera.provider@2.4-service: Camera provider Service is starting.
05-31 12:50:10.331  1393  1466 E Cryptfs : Bad magic for real block device /dev/block/vdd
05-31 12:50:10.332  1438  1438 D vndksupport: Loading /vendor/lib/hw/android.hardware.camera.provider@2.4-impl.so from current namespace instead of sphal namespace.
05-31 12:50:10.335  1393  1466 D Cryptfs : Just asked init to shut down class main
05-31 12:50:10.335  1393  1466 W vold    : emulated unmount requires state mounted
05-31 12:50:10.335  1393  1466 W vold    : public:253,80 unmount requires state mounted
05-31 12:50:10.337  1437  1437 D vndksupport: Loading /vendor/lib/hw/android.hardware.audio@2.0-impl.so from current namespace instead of sphal namespace.
05-31 12:50:10.337  1393  1466 D Cryptfs : Just triggered post_fs_data
05-31 12:50:10.344  1437  1437 I ServiceManagement: Removing namespace from process name android.hardware.audio@2.0-service to audio@2.0-servi.
05-31 12:50:10.344  1438  1438 D vndksupport: Loading /vendor/lib/hw/camera.ranchu.so from current namespace instead of sphal namespace.
05-31 12:50:10.344  1437  1437 I audiohalservice: Registration complete for android.hardware.audio@2.0::IDevicesFactory/default.
05-31 12:50:10.345  1437  1437 D vndksupport: Loading /vendor/lib/hw/android.hardware.audio.effect@2.0-impl.so from current namespace instead of sphal namespace.
05-31 12:50:10.348  1455  1455 I /system/bin/surfaceflinger: android::hardware::configstore::V1_0::ISurfaceFlingerConfigs::maxFrameBufferAcquiredBuffers retrieved: 3
05-31 12:50:10.351  1455  1455 I /system/bin/surfaceflinger: android::hardware::configstore::V1_0::ISurfaceFlingerConfigs::startGraphicsAllocatorService retrieved: 0
05-31 12:50:10.353  1455  1455 I SurfaceFlinger: SurfaceFlinger is starting
05-31 12:50:10.353  1455  1455 I /system/bin/surfaceflinger: android::hardware::configstore::V1_0::ISurfaceFlingerConfigs::vsyncEventPhaseOffsetNs retrieved: 1000000 (default)
05-31 12:50:10.353  1455  1455 I /system/bin/surfaceflinger: android::hardware::configstore::V1_0::ISurfaceFlingerConfigs::vsyncSfEventPhaseOffsetNs retrieved: 1000000 (default)
05-31 12:50:10.354  1455  1455 I /system/bin/surfaceflinger: android::hardware::configstore::V1_0::ISurfaceFlingerConfigs::hasSyncFramework retrieved: 1
05-31 12:50:10.354  1455  1455 I /system/bin/surfaceflinger: android::hardware::configstore::V1_0::ISurfaceFlingerConfigs::useContextPriority retrieved: 0 (default)
05-31 12:50:10.354  1455  1455 I /system/bin/surfaceflinger: android::hardware::configstore::V1_0::ISurfaceFlingerConfigs::presentTimeOffsetFromVSyncNs retrieved: 0
05-31 12:50:10.354  1455  1455 I /system/bin/surfaceflinger: android::hardware::configstore::V1_0::ISurfaceFlingerConfigs::useHwcForRGBtoYUV retrieved: 0
05-31 12:50:10.354  1455  1455 I /system/bin/surfaceflinger: android::hardware::configstore::V1_0::ISurfaceFlingerConfigs::maxVirtualDisplaySize retrieved: 0 (default)
05-31 12:50:10.354  1455  1455 I /system/bin/surfaceflinger: android::hardware::configstore::V1_0::ISurfaceFlingerConfigs::useVrFlinger retrieved: 0 (default)
05-31 12:50:10.354  1455  1455 I /system/bin/surfaceflinger: android::hardware::configstore::V1_0::ISurfaceFlingerConfigs::maxFrameBufferAcquiredBuffers retrieved: 3
05-31 12:50:10.354  1455  1455 I /system/bin/surfaceflinger: android::hardware::configstore::V1_0::ISurfaceFlingerConfigs::hasWideColorDisplay retrieved: 0
05-31 12:50:10.354  1455  1455 I SurfaceFlinger: Enabling HWC virtual displays
05-31 12:50:10.354  1455  1455 I SurfaceFlinger: Disabling Triple Buffering
05-31 12:50:10.354  1455  1455 I SurfaceFlinger: SurfaceFlinger's main thread ready to run. Initializing graphics H/W...
05-31 12:50:10.354  1455  1455 I SurfaceFlinger: Phase offest NS: 1000000
05-31 12:50:10.354  1455  1455 D libEGL  : Emulator has host GPU support, qemu.gles is set to 1.
05-31 12:50:10.355  1437  1437 I audiohalservice: Registration complete for android.hardware.audio.effect@2.0::IEffectsFactory/default.
05-31 12:50:10.355  1455  1455 E vndksupport: Could not load /vendor/lib/egl/libGLES_emulation.so from sphal namespace: dlopen failed: library "/vendor/lib/egl/libGLES_emulation.so" not found.
05-31 12:50:10.355  1455  1455 E libEGL  : load_driver(/vendor/lib/egl/libGLES_emulation.so): unknown
05-31 12:50:10.355  1437  1437 D vndksupport: Loading /vendor/lib/hw/android.hardware.soundtrigger@2.0-impl.so from current namespace instead of sphal namespace.
05-31 12:50:10.357  1393  1399 D vold    : e4crypt_init_user0
05-31 12:50:10.357  1393  1399 D vold    : e4crypt_prepare_user_storage for volume null, user 0, serial 0, flags 1
05-31 12:50:10.357  1393  1399 D vold    : Preparing: /data/system/users/0
05-31 12:50:10.357  1393  1399 D vold    : Preparing: /data/misc/profiles/cur/0
05-31 12:50:10.357  1393  1399 D vold    : Preparing: /data/system_de/0
05-31 12:50:10.357  1393  1399 D vold    : Preparing: /data/misc_de/0
05-31 12:50:10.357  1393  1399 D vold    : Preparing: /data/user_de/0
05-31 12:50:10.357  1393  1399 D vold    : e4crypt_unlock_user_key 0 serial=0 token_present=0
05-31 12:50:10.357  1393  1399 E vold    : Failed to chmod /data/system_ce/0: No such file or directory
05-31 12:50:10.357  1393  1399 E vold    : Failed to chmod /data/misc_ce/0: No such file or directory
05-31 12:50:10.357  1393  1399 E vold    : Failed to chmod /data/media/0: No such file or directory
05-31 12:50:10.359  1455  1455 D libEGL  : loaded /vendor/lib/egl/libEGL_emulation.so
05-31 12:50:10.360  1437  1437 E SoundTriggerHalImpl: couldn't load sound trigger module sound_trigger.primary (No such file or directory)
05-31 12:50:10.361  1437  1437 I audiohalservice: Registration complete for android.hardware.soundtrigger@2.0::ISoundTriggerHw/default.
05-31 12:50:10.363  1438  1438 D EmulatedCamera_QemuClient: Emulated camera list: name=virtualscene channel=0 pix=876758866 dir=back framedims=640x480,352x288,320x240,176x144,1280x720,1280x960
05-31 12:50:10.363  1438  1438 I EmulatedCamera_QemuCamera3: Constructing emulated qemu camera 3: ID 0
05-31 12:50:10.363  1438  1438 E EmulatedCamera_QemuCamera3: parseResolutions: 640x480
05-31 12:50:10.363  1438  1438 E EmulatedCamera_QemuCamera3: parseResolutions: 352x288
05-31 12:50:10.363  1438  1438 E EmulatedCamera_QemuCamera3: parseResolutions: 320x240
05-31 12:50:10.363  1438  1438 E EmulatedCamera_QemuCamera3: parseResolutions: 176x144
05-31 12:50:10.363  1438  1438 E EmulatedCamera_QemuCamera3: parseResolutions: 1280x720
05-31 12:50:10.363  1438  1438 E EmulatedCamera_QemuCamera3: parseResolutions: 1280x960
05-31 12:50:10.363  1438  1438 I EmulatedCamera_QemuCamera3: Camera 0 capabilities:
05-31 12:50:10.363  1438  1438 I EmulatedCamera_QemuCamera3:   BACKWARD_COMPATIBLE
05-31 12:50:10.363  1438  1438 I EmulatedCamera_FakeCamera3: Constructing emulated fake camera 3: ID 1, facing front
05-31 12:50:10.363  1438  1438 I EmulatedCamera_FakeCamera3: Camera 1 capabilities:
05-31 12:50:10.363  1438  1438 I EmulatedCamera_FakeCamera3:   BACKWARD_COMPATIBLE
05-31 12:50:10.363  1438  1438 I EmulatedCamera_FakeCamera3:   MANUAL_SENSOR
05-31 12:50:10.363  1438  1438 I EmulatedCamera_FakeCamera3:   MANUAL_POST_PROCESSING
05-31 12:50:10.363  1455  1455 D libEGL  : loaded /vendor/lib/egl/libGLESv1_CM_emulation.so
05-31 12:50:10.363  1438  1438 I EmulatedCamera_FakeCamera3:   READ_SENSOR_SETTINGS
05-31 12:50:10.363  1438  1438 I EmulatedCamera_FakeCamera3:   BURST_CAPTURE
05-31 12:50:10.363  1438  1438 I EmulatedCamera_FakeCamera3:   FULL_LEVEL
05-31 12:50:10.363  1438  1438 E EmulatedCamera_Factory: 2 cameras are being emulated. 1 of them are fake cameras.
05-31 12:50:10.363  1438  1438 E EmulatedCamera_HotplugThread: createFileIfNotExists: Could not create file '/data/misc/media/emulator.camera.hotplug.0', error: 'Permission denied' (13)
05-31 12:50:10.364  1438  1438 E EmulatedCamera_HotplugThread: createFileIfNotExists: Could not create file '/data/misc/media/emulator.camera.hotplug.1', error: 'Permission denied' (13)
05-31 12:50:10.364  1438  1438 I CamProvider@2.4-impl: Loaded "Emulated Camera Module" camera module
05-31 12:50:10.364  1438  1438 E CamProvider@2.4-impl: setUpVendorTags: Vendor tag operations not fully defined. Ignoring definitions.
05-31 12:50:10.364  1438  1438 E CamProvider@2.4-impl: initialize: Vendor tag setup failed, will not be available.
05-31 12:50:10.364  1438  1438 V EmulatedCamera_BaseCamera: getCameraInfo
05-31 12:50:10.364  1438  1438 V EmulatedCamera_BaseCamera: getCameraInfo
05-31 12:50:10.364  1438  1438 I ServiceManagement: Removing namespace from process name android.hardware.camera.provider@2.4-service to provider@2.4-se.
05-31 12:50:10.365  1476  1476 I /system/bin/tzdatacheck: timezone distro dir /data/misc/zoneinfo/current does not exist. No action required.
05-31 12:50:10.365  1438  1438 I android.hardware.camera.provider@2.4-service: Registration complete for android.hardware.camera.provider@2.4::ICameraProvider/legacy/0.
05-31 12:50:10.366  1393  1466 D Cryptfs : post_fs_data done
05-31 12:50:10.368  1455  1455 D libEGL  : loaded /vendor/lib/egl/libGLESv2_emulation.so
05-31 12:50:10.371  1455  1455 D         : HostConnection::get() New Host Connection established 0xe8046040, tid 1455
05-31 12:50:10.373  1455  1455 I /system/bin/surfaceflinger: android::hardware::configstore::V1_0::ISurfaceFlingerConfigs::hasWideColorDisplay retrieved: 0
05-31 12:50:10.374  1455  1455 I SurfaceFlinger: EGL information:
05-31 12:50:10.374  1455  1455 I SurfaceFlinger: vendor    : Android
05-31 12:50:10.374  1455  1455 I SurfaceFlinger: version   : 1.4 Android META-EGL
05-31 12:50:10.374  1455  1455 I SurfaceFlinger: extensions: EGL_KHR_get_all_proc_addresses EGL_ANDROID_presentation_time EGL_KHR_swap_buffers_with_damage EGL_ANDROID_get_native_client_buffer EGL_ANDROID_front_buffer_auto_refresh EGL_ANDROID_get_frame_timestamps EGL_KHR_image EGL_KHR_image_base EGL_KHR_gl_texture_2D_image EGL_KHR_fence_sync EGL_ANDROID_image_native_buffer EGL_ANDROID_recordable 
05-31 12:50:10.374  1455  1455 I SurfaceFlinger: Client API: OpenGL_ES
05-31 12:50:10.374  1455  1455 I SurfaceFlinger: EGLSurface: 8-8-8-8, config=0x2
05-31 12:50:10.390  1455  1455 D EGL_emulation: eglCreateContext: 0xe8020960: maj 2 min 0 rcv 2
05-31 12:50:10.390  1486  1486 W mdnsd   : type=1400 audit(0.0:4): avc: denied { search } for name="run" dev="tmpfs" ino=5588 scontext=u:r:mdnsd:s0 tcontext=u:object_r:varrun_file:s0 tclass=dir permissive=0
05-31 12:50:10.399  1446  1446 I HwcPassthrough: Found HWC implementation v1.1
05-31 12:50:10.399  1446  1446 E hwcomposer: unknown display attribute 6
05-31 12:50:10.400  1446  1446 I ServiceManagement: Removing namespace from process name android.hardware.graphics.composer@2.1-service to composer@2.1-se.
05-31 12:50:10.401  1455  1455 D EGL_emulation: eglMakeCurrent: 0xe8020960: ver 2 0 (tinfo 0xe801ba00)
05-31 12:50:10.402  1446  1446 I android.hardware.graphics.composer@2.1-service: Registration complete for android.hardware.graphics.composer@2.1::IComposer/default.
05-31 12:50:10.403  1455  1455 I SurfaceFlinger: OpenGL ES informations:
05-31 12:50:10.403  1455  1455 I SurfaceFlinger: vendor    : Google (Intel)
05-31 12:50:10.403  1455  1455 I SurfaceFlinger: renderer  : Android Emulator OpenGL ES Translator (Intel(R) UHD Graphics)
05-31 12:50:10.403  1455  1455 I SurfaceFlinger: version   : OpenGL ES 2.0 (4.5.0 - Build 27.20.100.9664)
05-31 12:50:10.403  1455  1455 I SurfaceFlinger: extensions: GL_EXT_debug_marker GL_OES_EGL_sync GL_OES_EGL_image GL_OES_EGL_image_external GL_OES_depth24 GL_OES_depth32 GL_OES_element_index_uint GL_OES_texture_float GL_OES_texture_float_linear GL_OES_compressed_ETC1_RGB8_texture GL_OES_depth_texture GL_OES_texture_half_float GL_OES_texture_half_float_linear GL_OES_packed_depth_stencil GL_OES_texture_npot GL_OES_rgb8_rgba8 GL_EXT_color_buffer_half_float GL_EXT_texture_format_BGRA8888 ANDROID_EMU_CHECKSUM_HELPER_v1 ANDROID_EMU_dma_v1 ANDROID_EMU_sync_buffer_data GL_OES_vertex_array_object GL_KHR_texture_compression_astc_ldr ANDROID_EMU_host_side_tracing ANDROID_EMU_gles_max_version_2 
05-31 12:50:10.403  1455  1455 I SurfaceFlinger: GL_MAX_TEXTURE_SIZE = 16384
05-31 12:50:10.403  1455  1455 I SurfaceFlinger: GL_MAX_VIEWPORT_DIMS = 16384
05-31 12:50:10.409  1446  1490 D vndksupport: Loading /vendor/lib/hw/android.hardware.graphics.mapper@2.0-impl.so from current namespace instead of sphal namespace.
05-31 12:50:10.409  1446  1490 D vndksupport: Loading /vendor/lib/hw/gralloc.ranchu.so from current namespace instead of sphal namespace.
05-31 12:50:10.417  1445  1493 D gralloc_ranchu: gralloc_alloc: Creating ashmem region of size 14749696
05-31 12:50:10.417  1445  1493 D         : HostConnection::get() New Host Connection established 0xeac0e000, tid 1493
05-31 12:50:10.437  1445  1493 D gralloc_ranchu: gralloc_alloc: Creating ashmem region of size 14749696
05-31 12:50:10.449  1445  1493 D gralloc_ranchu: gralloc_alloc: Creating ashmem region of size 14749696
05-31 12:50:10.486  1455  1455 D EGL_emulation: eglMakeCurrent: 0xe8020960: ver 2 0 (tinfo 0xe801ba00)
05-31 12:50:10.838  1455  1455 D SurfaceFlinger: shader cache generated - 24 shaders in 349.335724 ms
05-31 12:50:10.840  1455  1455 D SurfaceFlinger: Set power mode=2, type=0 flinger=0xe8047000
05-31 12:50:11.029  1455  1473 E SurfaceFlinger: ro.sf.lcd_density must be defined as a build property
05-31 12:50:11.032  1505  1508 D libEGL  : Emulator has host GPU support, qemu.gles is set to 1.
05-31 12:50:11.033  1505  1508 E vndksupport: Could not load /vendor/lib/egl/libGLES_emulation.so from sphal namespace: dlopen failed: library "/vendor/lib/egl/libGLES_emulation.so" not found.
05-31 12:50:11.033  1505  1508 E libEGL  : load_driver(/vendor/lib/egl/libGLES_emulation.so): unknown
05-31 12:50:11.036  1505  1508 D libEGL  : loaded /vendor/lib/egl/libEGL_emulation.so
05-31 12:50:11.036  1505  1508 D libEGL  : loaded /vendor/lib/egl/libGLESv1_CM_emulation.so
05-31 12:50:11.040  1505  1508 D libEGL  : loaded /vendor/lib/egl/libGLESv2_emulation.so
05-31 12:50:11.046  1505  1508 D         : HostConnection::get() New Host Connection established 0xe6c0c100, tid 1508
05-31 12:50:11.050  1505  1508 I /system/bin/bootanimation: android::hardware::configstore::V1_0::ISurfaceFlingerConfigs::hasWideColorDisplay retrieved: 0
05-31 12:50:11.052  1445  1493 D gralloc_ranchu: gralloc_alloc: Creating ashmem region of size 14749696
05-31 12:50:11.061  1455  1473 D         : HostConnection::get() New Host Connection established 0xe8046980, tid 1473
05-31 12:50:11.103  1505  1508 D EGL_emulation: eglCreateContext: 0xe6c13480: maj 1 min 0 rcv 1
05-31 12:50:11.371  1505  1508 D EGL_emulation: eglMakeCurrent: 0xe6c13480: ver 1 0 (tinfo 0xe6c0b0b0)
05-31 12:50:11.454  1505  1508 D BootAnimation: BootAnimationShownTiming start time: 3454ms
05-31 12:50:11.454  1505  1512 E BootAnimation: Could not add watch for /data/system
05-31 12:50:11.490  1445  1493 D gralloc_ranchu: gralloc_alloc: Creating ashmem region of size 14749696
05-31 12:50:11.498  1455  1513 D         : HostConnection::get() New Host Connection established 0xe8046a80, tid 1513
05-31 12:50:11.499  1446  1504 D         : HostConnection::get() New Host Connection established 0xe6ea3a40, tid 1504
05-31 12:50:12.374  1393  1466 I Cryptfs : Using scrypt for cryptfs KDF
05-31 12:50:12.653  1393  1466 I Cryptfs : Using scrypt for cryptfs KDF
05-31 12:50:12.766  1393  1466 I Cryptfs : Enabling support for allow_discards in dmcrypt.
05-31 12:50:12.769  1393  1397 D vold    : Disk at 252:0 changed
05-31 12:50:12.770  1393  1466 I EncryptInplace: Encrypting ext4 filesystem in place...
05-31 12:50:12.770  1393  1466 I EncryptInplace: Encrypting group 0
05-31 12:50:12.771  1393  1466 I EncryptInplace: Encrypting from sector 0
05-31 12:50:12.778  1393  1466 I EncryptInplace: Encrypting group 1
05-31 12:50:12.779  1393  1466 I EncryptInplace: Encrypted to sector 267776
05-31 12:50:12.779  1393  1466 I EncryptInplace: Encrypting from sector 16777216
05-31 12:50:13.009  1445  1493 D gralloc_ranchu: gralloc_alloc: Creating ashmem region of size 14749696
05-31 12:50:13.055  1393  1466 I EncryptInplace: Encrypting group 2
05-31 12:50:13.058  1393  1466 I EncryptInplace: Encrypted to sector 17041920
05-31 12:50:13.058  1393  1466 I EncryptInplace: Encrypting from sector 33554432
05-31 12:50:13.492  1393  1466 I EncryptInplace: Encrypting group 3
05-31 12:50:13.496  1393  1466 I EncryptInplace: Encrypted to sector 33789952
05-31 12:50:13.496  1393  1466 I EncryptInplace: Encrypting from sector 50331648
05-31 12:50:13.980  1393  1466 I EncryptInplace: Encrypting group 4
05-31 12:50:13.983  1393  1466 I EncryptInplace: Encrypted to sector 50596352
05-31 12:50:13.983  1393  1466 I EncryptInplace: Encrypting from sector 67108864
05-31 12:50:14.472  1393  1466 I EncryptInplace: Encrypting group 5
05-31 12:50:14.474  1393  1466 I EncryptInplace: Encrypted to sector 67344384
05-31 12:50:14.474  1393  1466 I EncryptInplace: Encrypting from sector 83886080
05-31 12:50:14.889  1393  1466 I EncryptInplace: Encrypting group 6
05-31 12:50:14.890  1393  1466 I EncryptInplace: Encrypted to sector 84150784
05-31 12:50:14.890  1393  1466 I EncryptInplace: Encrypting from sector 100663296
05-31 12:50:15.232  1453  1453 I boot-pipe: done populating /dev/random
05-31 12:50:15.289  1393  1466 I EncryptInplace: Encrypted to sector 104793088
05-31 12:50:15.726  1393  1466 I Cryptfs : cryptfs_check_passwd
05-31 12:50:15.727  1393  1466 D Cryptfs : crypt_ftr->fs_size = 1638400
05-31 12:50:15.727  1393  1466 I Cryptfs : Using scrypt for cryptfs KDF
05-31 12:50:15.946  1393  1466 I Cryptfs : Enabling support for allow_discards in dmcrypt.
05-31 12:50:15.973  1393  1397 D vold    : Disk at 252:0 changed
05-31 12:50:16.178  1393  1466 I Cryptfs : Password matches
05-31 12:50:16.179  1393  1466 D Cryptfs : test_mount_encrypted_fs(): Master key saved
05-31 12:50:16.189  1393  1466 D Cryptfs : Just asked init to shut down class main
05-31 12:50:18.211  1393  1466 D Cryptfs : unmounting /data succeeded
05-31 12:50:18.224  1393  1466 I vold    : [libfs_mgr]superblock s_max_mnt_count:65535,/dev/block/dm-0
05-31 12:50:18.248  1393  1466 I vold    : [libfs_mgr]check_fs(): mount(/dev/block/dm-0,/data,ext4)=0: Success
05-31 12:50:18.298  1393  1466 I vold    : [libfs_mgr]check_fs(): unmount(/data) succeeded
05-31 12:50:18.298  1393  1466 I vold    : [libfs_mgr]Running /system/bin/e2fsck on /dev/block/dm-0
05-31 12:50:18.352  1393  1466 I vold    : [libfs_mgr]__mount(source=/dev/block/dm-0,target=/data,type=ext4)=0: Success
05-31 12:50:18.364  1393  1466 D Cryptfs : Just triggered post_fs_data
05-31 12:50:18.451  1393  1399 D vold    : e4crypt_init_user0
05-31 12:50:18.451  1393  1399 D vold    : e4crypt_prepare_user_storage for volume null, user 0, serial 0, flags 1
05-31 12:50:18.452  1393  1399 D vold    : Preparing: /data/system/users/0
05-31 12:50:18.452  1393  1399 D vold    : Preparing: /data/misc/profiles/cur/0
05-31 12:50:18.453  1393  1399 D vold    : Preparing: /data/system_de/0
05-31 12:50:18.453  1393  1399 D vold    : Preparing: /data/misc_de/0
05-31 12:50:18.456  1393  1399 D vold    : Preparing: /data/user_de/0
05-31 12:50:18.457  1393  1399 D vold    : e4crypt_unlock_user_key 0 serial=0 token_present=0
05-31 12:50:18.457  1393  1399 E vold    : Failed to chmod /data/system_ce/0: No such file or directory
05-31 12:50:18.457  1393  1399 E vold    : Failed to chmod /data/misc_ce/0: No such file or directory
05-31 12:50:18.457  1393  1399 E vold    : Failed to chmod /data/media/0: No such file or directory
05-31 12:50:18.538  1574  1574 I /system/bin/tzdatacheck: timezone distro dir /data/misc/zoneinfo/current does not exist. No action required.
05-31 12:50:18.551  1393  1466 D Cryptfs : post_fs_data done
05-31 12:50:18.556  1393  1466 D Cryptfs : Just triggered restart_framework
05-31 12:50:18.576  1575  1575 I bootstat: Service started: /system/bin/bootstat -r post_decrypt_time_elapsed 
05-31 12:50:18.644  1594  1594 I /system/bin/tombstoned: tombstoned successfully initialized
05-31 12:50:18.646  1593  1593 I gatekeeperd: Starting gatekeeperd...
05-31 12:50:18.647  1595  1595 D android.hardware.biometrics.fingerprint@2.1-service: Opening fingerprint hal library...
05-31 12:50:18.658  1595  1595 D vndksupport: Loading /vendor/lib/hw/fingerprint.ranchu.so from current namespace instead of sphal namespace.
05-31 12:50:18.665  1595  1595 D FingerprintHal: ----------------> fingerprint_open ----------------->
05-31 12:50:18.665  1595  1595 D FingerprintHal: ----------------> set_notify_callback ----------------->
05-31 12:50:18.665  1595  1595 D FingerprintHal: fingerprint callback notification set
05-31 12:50:18.665  1595  1595 I ServiceManagement: Removing namespace from process name android.hardware.biometrics.fingerprint@2.1-service to fingerprint@2.1.
05-31 12:50:18.682  1595  1597 D FingerprintHal: ----------------> listenerFunction ----------------->
05-31 12:50:18.763  1587  1587 I Netd    : Netd 1.0 starting
05-31 12:50:18.764  1587  1587 D TetherController: Setting IP forward enable = 0
05-31 12:50:18.784  1581  1581 I installd: installd firing up
05-31 12:50:18.785  1581  1581 E cutils  : Failed to read /data/.layout_version: No such file or directory
05-31 12:50:18.785  1581  1581 D installd: Assuming that device has multi-user storage layout; upgrade no longer supported
05-31 12:50:18.785  1581  1581 D installd: Upgrading to /data/misc/user directories
05-31 12:50:18.847  1589  1589 I wificond: wificond is starting up...
05-31 12:50:18.850  1579  1579 I cameraserver: ServiceManager: 0xe8a30400
05-31 12:50:18.851  1577  1577 D AndroidRuntime: >>>>>> START com.android.internal.os.ZygoteInit uid 0 <<<<<<
05-31 12:50:18.852  1579  1579 I CameraService: CameraService started (pid=1579)
05-31 12:50:18.852  1579  1579 I CameraService: CameraService process starting
05-31 12:50:18.854  1579  1579 W BatteryNotifier: batterystats service unavailable!
05-31 12:50:18.855  1579  1579 W BatteryNotifier: batterystats service unavailable!
05-31 12:50:18.861  1579  1579 I CameraProviderManager: Connecting to new camera provider: legacy/0, isRemote? 1
05-31 12:50:18.863  1579  1579 I CameraProviderManager: Enumerating new camera device: device@3.3/legacy/0
05-31 12:50:18.873  1579  1579 I CameraProviderManager: Enumerating new camera device: device@3.3/legacy/1
05-31 12:50:18.880  1579  1579 I CameraProviderManager: Camera provider legacy/0 ready with 2 camera devices
05-31 12:50:18.881  1579  1610 W CameraProviderManager: addProviderLocked: Camera provider HAL with name 'legacy/0' already registered
05-31 12:50:18.883  1579  1579 I CameraHardwareInterface: Opening camera 0
05-31 12:50:18.884  1579  1579 E CameraHardwareInterface: initialize: openSession failed! No such file or directory (-2)
05-31 12:50:18.884  1579  1579 E CameraFlashlight: connectCameraDevice: initializing camera 0 failed
05-31 12:50:18.884  1579  1579 I CameraHardwareInterface: Destroying camera 0
05-31 12:50:18.884  1579  1579 E CameraFlashlight: findFlashUnits: failed to check if camera 0 has a flash unit. No such file or directory (-2)
05-31 12:50:18.886  1587  1587 I Netd    : Creating child chains: 120.4ms
05-31 12:50:18.886  1587  1587 I Netd    : Setting up OEM hooks: 0.2ms
05-31 12:50:18.887  1579  1579 I CameraHardwareInterface: Opening camera 1
05-31 12:50:18.887  1579  1579 E CameraHardwareInterface: initialize: openSession failed! No such file or directory (-2)
05-31 12:50:18.887  1579  1579 E CameraFlashlight: connectCameraDevice: initializing camera 1 failed
05-31 12:50:18.887  1579  1579 I CameraHardwareInterface: Destroying camera 1
05-31 12:50:18.887  1579  1579 E CameraFlashlight: findFlashUnits: failed to check if camera 1 has a flash unit. No such file or directory (-2)
05-31 12:50:18.887  1579  1579 I CameraService: onDeviceStatusChanged: Status changed for cameraId=0, newStatus=1
05-31 12:50:18.887  1579  1579 E CameraService: onDeviceStatusChanged: State transition to the same status 0x1 not allowed
05-31 12:50:18.887  1579  1579 I CameraService: onDeviceStatusChanged: Status changed for cameraId=1, newStatus=1
05-31 12:50:18.887  1579  1579 E CameraService: onDeviceStatusChanged: State transition to the same status 0x1 not allowed
05-31 12:50:18.892  1579  1610 I CameraService: onDeviceStatusChanged: Status changed for cameraId=0, newStatus=1
05-31 12:50:18.892  1579  1610 E CameraService: onDeviceStatusChanged: State transition to the same status 0x1 not allowed
05-31 12:50:18.892  1579  1610 I CameraService: onDeviceStatusChanged: Status changed for cameraId=1, newStatus=1
05-31 12:50:18.892  1579  1610 E CameraService: onDeviceStatusChanged: State transition to the same status 0x1 not allowed
05-31 12:50:18.902  1587  1587 I Netd    : Setting up FirewallController hooks: 15.7ms
05-31 12:50:18.914  1587  1587 I Netd    : Setting up NatController hooks: 11.9ms
05-31 12:50:18.914  1583  1583 I mediaserver: ServiceManager: 0xe9e30400
05-31 12:50:18.916  1577  1577 I zygote  : option[0]=-Xzygote
05-31 12:50:18.916  1577  1577 I zygote  : option[1]=-Xusetombstonedtraces
05-31 12:50:18.916  1577  1577 I zygote  : option[2]=exit
05-31 12:50:18.916  1577  1577 I zygote  : option[3]=vfprintf
05-31 12:50:18.916  1577  1577 I zygote  : option[4]=sensitiveThread
05-31 12:50:18.916  1577  1577 I zygote  : option[5]=-verbose:gc
05-31 12:50:18.917  1577  1577 I zygote  : option[6]=-Xms4m
05-31 12:50:18.917  1577  1577 I zygote  : option[7]=-Xmx384m
05-31 12:50:18.917  1577  1577 I zygote  : option[8]=-Xusejit:true
05-31 12:50:18.917  1577  1577 I zygote  : option[9]=-Xjitsaveprofilinginfo
05-31 12:50:18.918  1577  1577 I zygote  : option[10]=-agentlib:jdwp=transport=dt_android_adb,suspend=n,server=y
05-31 12:50:18.918  1577  1577 I zygote  : option[11]=-Xlockprofthreshold:500
05-31 12:50:18.918  1577  1577 I zygote  : option[12]=-Ximage-compiler-option
05-31 12:50:18.918  1577  1577 I zygote  : option[13]=--runtime-arg
05-31 12:50:18.918  1577  1577 I zygote  : option[14]=-Ximage-compiler-option
05-31 12:50:18.918  1577  1577 I zygote  : option[15]=-Xms64m
05-31 12:50:18.918  1577  1577 I zygote  : option[16]=-Ximage-compiler-option
05-31 12:50:18.918  1577  1577 I zygote  : option[17]=--runtime-arg
05-31 12:50:18.918  1577  1577 I zygote  : option[18]=-Ximage-compiler-option
05-31 12:50:18.918  1587  1587 I Netd    : Setting up BandwidthController hooks: 4.5ms
05-31 12:50:18.918  1577  1577 I zygote  : option[19]=-Xmx64m
05-31 12:50:18.918  1577  1577 I zygote  : option[20]=-Ximage-compiler-option
05-31 12:50:18.918  1587  1587 I Netd    : Setting up IdletimerController hooks: 0.1ms
05-31 12:50:18.918  1577  1577 I zygote  : option[21]=--image-classes=/system/etc/preloaded-classes
05-31 12:50:18.918  1577  1577 I zygote  : option[22]=-Ximage-compiler-option
05-31 12:50:18.918  1577  1577 I zygote  : option[23]=--compiled-classes=/system/etc/compiled-classes
05-31 12:50:18.918  1577  1577 I zygote  : option[24]=-Ximage-compiler-option
05-31 12:50:18.918  1577  1577 I zygote  : option[25]=--dirty-image-objects=/system/etc/dirty-image-objects
05-31 12:50:18.918  1577  1577 I zygote  : option[26]=-Xcompiler-option
05-31 12:50:18.918  1577  1577 I zygote  : option[27]=--runtime-arg
05-31 12:50:18.918  1577  1577 I zygote  : option[28]=-Xcompiler-option
05-31 12:50:18.918  1577  1577 I zygote  : option[29]=-Xms64m
05-31 12:50:18.918  1577  1577 I zygote  : option[30]=-Xcompiler-option
05-31 12:50:18.918  1577  1577 I zygote  : option[31]=--runtime-arg
05-31 12:50:18.918  1577  1577 I zygote  : option[32]=-Xcompiler-option
05-31 12:50:18.918  1577  1577 I zygote  : option[33]=-Xmx512m
05-31 12:50:18.919  1577  1577 I zygote  : option[34]=-Ximage-compiler-option
05-31 12:50:18.919  1577  1577 I zygote  : option[35]=--instruction-set-variant=x86
05-31 12:50:18.919  1577  1577 I zygote  : option[36]=-Xcompiler-option
05-31 12:50:18.919  1577  1577 I zygote  : option[37]=--instruction-set-variant=x86
05-31 12:50:18.919  1577  1577 I zygote  : option[38]=-Ximage-compiler-option
05-31 12:50:18.919  1577  1577 I zygote  : option[39]=--instruction-set-features=default
05-31 12:50:18.919  1577  1577 I zygote  : option[40]=-Xcompiler-option
05-31 12:50:18.919  1577  1577 I zygote  : option[41]=--instruction-set-features=default
05-31 12:50:18.919  1577  1577 I zygote  : option[42]=-Duser.locale=en-US
05-31 12:50:18.919  1577  1577 I zygote  : option[43]=--cpu-abilist=x86
05-31 12:50:18.919  1577  1577 I zygote  : option[44]=-Xfingerprint:google/sdk_gphone_x86/generic_x86:8.1.0/OSM1.180201.037/6739391:userdebug/dev-keys
05-31 12:50:18.927  1585  1585 I mediametrics: ServiceManager: 0xe91b0440
05-31 12:50:18.927  1585  1585 D MediaAnalyticsService: MediaAnalyticsService created
05-31 12:50:18.927  1585  1585 D MediaAnalyticsService: MediaAnalyticsService::newSummarizerSet
05-31 12:50:18.931  1587  1587 I Netd    : Disabling bandwidth control: 13.1ms
05-31 12:50:18.978  1590  1590 I /vendor/bin/hw/android.hardware.media.omx@1.0-service: mediacodecservice starting
05-31 12:50:18.978  1588  1616 I ServiceManager: Waiting for service package_native...
05-31 12:50:18.981  1590  1590 W /vendor/bin/hw/android.hardware.media.omx@1.0-service: Could not read additional policy file '/vendor/etc/seccomp_policy/mediacodec.policy'
05-31 12:50:18.982  1590  1590 W /vendor/bin/hw/android.hardware.media.omx@1.0-service: libminijail[1590]: allowing syscall: socketcall
05-31 12:50:18.982  1590  1590 W /vendor/bin/hw/android.hardware.media.omx@1.0-service: libminijail[1590]: allowing syscall: writev
05-31 12:50:18.982  1590  1590 W /vendor/bin/hw/android.hardware.media.omx@1.0-service: libminijail[1590]: allowing syscall: fcntl64
05-31 12:50:18.982  1590  1590 W /vendor/bin/hw/android.hardware.media.omx@1.0-service: libminijail[1590]: allowing syscall: clock_gettime
05-31 12:50:18.982  1590  1590 W /vendor/bin/hw/android.hardware.media.omx@1.0-service: libminijail[1590]: logging seccomp filter failures
05-31 12:50:18.985  1577  1577 I zygote  : Pruning dalvik-cache since we are relocating an image and will need to recompile
05-31 12:50:18.987  1577  1577 I zygote  : RelocateImage: /system/bin/patchoat --input-image-location=/system/framework/boot.art --output-image-file=/data/dalvik-cache/x86/system@framework@boot.art --instruction-set=x86 --base-offset-delta=15921152
05-31 12:50:18.996  1590  1590 W MediaCodecsXmlParser: unable to open media codecs configuration xml file: /data/misc/media/media_codecs_profiling_results.xml
05-31 12:50:18.996  1590  1590 W MediaCodecsXmlParser: parseTopLevelXMLFile(/data/misc/media/media_codecs_profiling_results.xml) failed
05-31 12:50:18.998  1590  1590 I ServiceManagement: Removing namespace from process name android.hardware.media.omx@1.0-service to omx@1.0-service.
05-31 12:50:19.004  1590  1590 W MediaCodecsXmlParser: unable to open media codecs configuration xml file: /data/misc/media/media_codecs_profiling_results.xml
05-31 12:50:19.004  1590  1590 W MediaCodecsXmlParser: parseTopLevelXMLFile(/data/misc/media/media_codecs_profiling_results.xml) failed
05-31 12:50:19.004  1590  1590 I ServiceManagement: Removing namespace from process name android.hardware.media.omx@1.0-service to omx@1.0-service.
05-31 12:50:19.008  1590  1590 I /vendor/bin/hw/android.hardware.media.omx@1.0-service: Treble OMX service created.
05-31 12:50:19.013  1586  1586 I mediaserver: ServiceManager: 0xec330840
05-31 12:50:19.025  1584  1584 V MediaUtils: physMem: 1567338496
05-31 12:50:19.026  1584  1584 V MediaUtils: requested limit: 313467680
05-31 12:50:19.026  1584  1584 V MediaUtils: cfi shadow size: 32768
05-31 12:50:19.028  1584  1584 V MediaUtils: actual limit: 313500448
05-31 12:50:19.028  1584  1584 V MediaUtils: original limits: 4294967295/4294967295
05-31 12:50:19.028  1584  1584 V MediaUtils: new limits: 313500448/4294967295
05-31 12:50:19.030  1586  1586 W BatteryNotifier: batterystats service unavailable!
05-31 12:50:19.038  1584  1584 W /system/bin/mediaextractor: Could not read additional policy file '/vendor/etc/seccomp_policy/mediaextractor.policy'
05-31 12:50:19.040  1584  1584 W /system/bin/mediaextractor: libminijail[1584]: allowing syscall: socketcall
05-31 12:50:19.040  1584  1584 W /system/bin/mediaextractor: libminijail[1584]: allowing syscall: writev
05-31 12:50:19.041  1584  1584 W /system/bin/mediaextractor: libminijail[1584]: allowing syscall: fcntl64
05-31 12:50:19.041  1584  1584 W /system/bin/mediaextractor: libminijail[1584]: allowing syscall: clock_gettime
05-31 12:50:19.042  1584  1584 W /system/bin/mediaextractor: libminijail[1584]: logging seccomp filter failures
05-31 12:50:19.074  1578  1578 I FastMixerState: sMaxFastTracks = 8
05-31 12:50:19.078  1578  1578 I audioserver: ServiceManager: 0xf3c1aec0
05-31 12:50:19.078  1578  1578 W BatteryNotifier: batterystats service unavailable!
05-31 12:50:19.084  1578  1578 I AudioFlinger: Using default 3000 mSec as standby time.
05-31 12:50:19.088  1578  1578 I APM::ConfigParsingUtils: loadAudioPolicyConfig() loaded /vendor/etc/audio_policy.conf
05-31 12:50:19.092  1437  1625 D vndksupport: Loading /vendor/lib/hw/audio.primary.goldfish.so from current namespace instead of sphal namespace.
05-31 12:50:19.096  1437  1625 D audio_hw_generic: Emulator host-side ALSA audio emulation detected.
05-31 12:50:19.096  1437  1625 D audio_hw_generic: mixer 0 name Master Playback Volume
05-31 12:50:19.096  1437  1625 D audio_hw_generic: set ctl 0 to 100
05-31 12:50:19.097  1437  1625 D audio_hw_generic: set ctl 1 to 100
05-31 12:50:19.098  1437  1625 D audio_hw_generic: mixer 1 name Master Playback Switch
05-31 12:50:19.098  1437  1625 D audio_hw_generic: set ctl 0 to 1
05-31 12:50:19.099  1437  1625 D audio_hw_generic: set ctl 1 to 1
05-31 12:50:19.099  1437  1625 D audio_hw_generic: mixer 2 name Capture Volume
05-31 12:50:19.099  1437  1625 D audio_hw_generic: set ctl 0 to 100
05-31 12:50:19.099  1437  1625 D audio_hw_generic: set ctl 1 to 100
05-31 12:50:19.099  1437  1625 D audio_hw_generic: mixer 3 name Capture Switch
05-31 12:50:19.099  1437  1625 D audio_hw_generic: set ctl 0 to 1
05-31 12:50:19.099  1437  1625 D audio_hw_generic: set ctl 1 to 1
05-31 12:50:19.100  1437  1625 D audio_hw_generic: mixer 4 name Line Phantom Jack
05-31 12:50:19.100  1437  1625 D audio_hw_generic: mixer 5 name Line Out Phantom Jack
05-31 12:50:19.100  1437  1625 D audio_hw_generic: mixer 6 name Playback Channel Map
05-31 12:50:19.100  1437  1625 D audio_hw_generic: mixer 7 name Capture Channel Map
05-31 12:50:19.103  1437  1625 W DeviceHAL: Device 0xf1f1a000 get_master_volume: Function not implemented
05-31 12:50:19.104  1437  1625 W DeviceHAL: Device 0xf1f1a000 get_master_mute: Function not implemented
05-31 12:50:19.104  1437  1625 W DeviceHAL: Device 0xf1f1a000 set_master_volume: Function not implemented
05-31 12:50:19.106  1437  1625 W DeviceHAL: Device 0xf1f1a000 set_master_mute: Function not implemented
05-31 12:50:19.106  1578  1578 I AudioFlinger: loadHwModule() Loaded primary audio interface, handle 10
05-31 12:50:19.106  1578  1578 I AudioFlinger: openOutput() this 0xf3c35000, module 10 Device 2, SamplingRate 48000, Format 0x000001, Channels 3, flags 2
05-31 12:50:19.110  1578  1578 I AudioFlinger: HAL output buffer size 720 frames, normal sink buffer size 1152 frames
05-31 12:50:19.113  1437  1625 E EffectsConfig: Failed to parse /vendor/etc/audio_effects.xml: Tinyxml2 error (3): /vendor/etc/audio_effects.xml (null)
05-31 12:50:19.113  1437  1625 E EffectsFactoryConfigLoader: Failed to parse XML configuration file
05-31 12:50:19.113  1437  1625 W EffectsFactory: Failed to load XML effect configuration, fallback to .conf
05-31 12:50:19.133  1578  1578 I BufferProvider: found effect "Multichannel Downmix To Stereo" from The Android Open Source Project
05-31 12:50:19.139  1578  1637 I AudioFlinger: AudioFlinger's thread 0xf33836c0 tid=1637 ready to run
05-31 12:50:19.140  1578  1637 W AudioFlinger: no wake lock to update, system not ready yet
05-31 12:50:19.141  1578  1578 I AudioFlinger: Using module 10 as the primary audio interface
05-31 12:50:19.143  1578  1578 W AudioFlinger: moveEffects() bad srcOutput 0
05-31 12:50:19.147  1578  1637 W AudioFlinger: no wake lock to update, system not ready yet
05-31 12:50:19.152  1587  1587 E Netd    : cannot find interface dummy0
05-31 12:50:19.152  1587  1587 I Netd    : Initializing RouteController: 220.9ms
05-31 12:50:19.153  1587  1587 E Netd    : Unable to create netlink socket: Protocol not supported
05-31 12:50:19.155  1587  1587 W Netd    : Unable to open qlog quota socket, check if xt_quota2 can send via UeventHandler
05-31 12:50:19.161  1587  1587 D MDnsDS  : MDnsSdListener::Hander starting up
05-31 12:50:19.164  1587  1649 D MDnsDS  : MDnsSdListener starting to monitor
05-31 12:50:19.165  1587  1649 D MDnsDS  : Going to poll with pollCount 1
05-31 12:50:19.169  1587  1587 I Netd    : Registering NetdNativeService: 2.9ms
05-31 12:50:19.169  1587  1587 I Netd    : Starting CommandListener: 1.1ms
05-31 12:50:19.171  1578  1655 I AudioFlinger: AudioFlinger's thread 0xf308a2c0 tid=1655 ready to run
05-31 12:50:19.174  1437  1437 D vndksupport: Loading /vendor/lib/hw/audio.r_submix.default.so from current namespace instead of sphal namespace.
05-31 12:50:19.178  1437  1437 I r_submix: adev_open(name=audio_hw_if)
05-31 12:50:19.181  1437  1437 I r_submix: adev_init_check()
05-31 12:50:19.181  1437  1437 W DeviceHAL: Device 0xf1883140 set_master_mute: Function not implemented
05-31 12:50:19.181  1587  1587 I Netd    : Registering NetdHwService: 11.9ms
05-31 12:50:19.181  1587  1587 I Netd    : Netd started in 418ms
