05-31 15:42:15.285   281   281 D LibBpfLoader: applying relo to instruction at byte offset: 1792, 	       insn offset 224 , insn 118
05-31 15:42:15.285   281   281 D LibBpfLoader: applying relo to instruction at byte offset: 1832, 	       insn offset 229 , insn 118
05-31 15:42:15.285   281   281 D LibBpfLoader: applying relo to instruction at byte offset: 2104, 	       insn offset 263 , insn 118
05-31 15:42:15.285   281   281 D LibBpfLoader: applying relo to instruction at byte offset: 2208, 	       insn offset 276 , insn 118
05-31 15:42:15.285   281   281 D LibBpfLoader: applying relo to instruction at byte offset: 2248, 	       insn offset 281 , insn 118
05-31 15:42:15.285   281   281 D LibBpfLoader: applying relo to instruction at byte offset: 2392, 	       insn offset 299 , insn 118
05-31 15:42:15.285   281   281 D LibBpfLoader: applying relo to instruction at byte offset: 2496, 	       insn offset 312 , insn 118
05-31 15:42:15.285   281   281 D LibBpfLoader: applying relo to instruction at byte offset: 2536, 	       insn offset 317 , insn 118
05-31 15:42:15.285   281   281 D LibBpfLoader: applying relo to instruction at byte offset: 2768, 	       insn offset 346 , insn 118
05-31 15:42:15.285   281   281 D LibBpfLoader: applying relo to instruction at byte offset: 2872, 	       insn offset 359 , insn 118
05-31 15:42:15.285   281   281 D LibBpfLoader: applying relo to instruction at byte offset: 2912, 	       insn offset 364 , insn 118
05-31 15:42:15.285   281   281 D LibBpfLoader: applying relo to instruction at byte offset: 88, 	       insn offset 11 , insn 118
05-31 15:42:15.285   281   281 D LibBpfLoader: applying relo to instruction at byte offset: 192, 	       insn offset 24 , insn 118
05-31 15:42:15.285   281   281 D LibBpfLoader: applying relo to instruction at byte offset: 232, 	       insn offset 29 , insn 118
05-31 15:42:15.285   281   281 D LibBpfLoader: applying relo to instruction at byte offset: 40, 	       insn offset 5 , insn 118
05-31 15:42:15.285   281   281 D LibBpfLoader: applying relo to instruction at byte offset: 144, 	       insn offset 18 , insn 118
05-31 15:42:15.285   281   281 D LibBpfLoader: applying relo to instruction at byte offset: 184, 	       insn offset 23 , insn 118
05-31 15:42:15.285   281   281 D LibBpfLoader: applying relo to instruction at byte offset: 136, 	       insn offset 17 , insn 118
05-31 15:42:15.285   281   281 D LibBpfLoader: applying relo to instruction at byte offset: 32, 	       insn offset 4 , insn 118
05-31 15:42:15.286     0     0 I init    : Sending signal 9 to service 'bpfloader' (pid 281) process group...
05-31 15:42:15.286   281   281 D LibBpfLoader: applying relo to instruction at byte offset: 80, 	       insn offset 10 , insn 118
05-31 15:42:15.287   281   281 D LibBpfLoader: bpf_prog_load lib call for /system/etc/bpf/netd.o (cgroupskb_ingress_stats) returned fd: 16 (no error)
05-31 15:42:15.288   281   281 D LibBpfLoader: bpf_prog_load lib call for /system/etc/bpf/netd.o (cgroupskb_egress_stats) returned fd: 17 (no error)
05-31 15:42:15.288   281   281 D LibBpfLoader: cs[2].name:skfilter_egress_xtbpf min_kver:0 .max_kver:ffffffff (kvers:5043d)
05-31 15:42:15.289     0     0 I libprocessgroup: Successfully killed process cgroup uid 0 pid 281 in 0ms
05-31 15:42:15.289   281   281 D LibBpfLoader: bpf_prog_load lib call for /system/etc/bpf/netd.o (skfilter_egress_xtbpf) returned fd: 18 (no error)
05-31 15:42:15.289   281   281 D LibBpfLoader: cs[3].name:skfilter_ingress_xtbpf min_kver:0 .max_kver:ffffffff (kvers:5043d)
05-31 15:42:15.290   281   281 D LibBpfLoader: bpf_prog_load lib call for /system/etc/bpf/netd.o (skfilter_ingress_xtbpf) returned fd: 19 (no error)
05-31 15:42:15.290   281   281 D LibBpfLoader: cs[4].name:skfilter_whitelist_xtbpf min_kver:0 .max_kver:ffffffff (kvers:5043d)
05-31 15:42:15.291   281   281 D LibBpfLoader: bpf_prog_load lib call for /system/etc/bpf/netd.o (skfilter_whitelist_xtbpf) returned fd: 20 (no error)
05-31 15:42:15.291   281   281 D LibBpfLoader: cs[5].name:skfilter_blacklist_xtbpf min_kver:0 .max_kver:ffffffff (kvers:5043d)
05-31 15:42:15.292   281   281 D LibBpfLoader: bpf_prog_load lib call for /system/etc/bpf/netd.o (skfilter_blacklist_xtbpf) returned fd: 21 (no error)
05-31 15:42:15.292   281   281 D LibBpfLoader: cs[6].name:cgroupsock_inet_create min_kver:40e00 .max_kver:ffffffff (kvers:5043d)
05-31 15:42:15.292   281   281 D LibBpfLoader: bpf_prog_load lib call for /system/etc/bpf/netd.o (cgroupsock_inet_create) returned fd: 22 (no error)
05-31 15:42:15.292     0     0 I init    : starting service 'zygote'...
05-31 15:42:15.292   281   281 I bpfloader: Loaded object: /system/etc/bpf/netd.o
05-31 15:42:15.294   281   281 D LibBpfLoader: Loading critical for netd ELF object /system/etc/bpf/clatd.o with license Apache 2.0
05-31 15:42:15.294     0     0 I init    : Created socket '/dev/socket/zygote', mode 660, user 0, group 1000
05-31 15:42:15.294   281   281 E LibBpfLoader: No progs section could be found in elf object
05-31 15:42:15.294   281   281 D LibBpfLoader: Loaded code section 3 (schedcls_ingress_clat_ether)
05-31 15:42:15.294   281   281 D LibBpfLoader: Loaded relo section 3 (.relschedcls/ingress/clat_ether)
05-31 15:42:15.294   281   281 D LibBpfLoader: Adding section 3 to cs list
05-31 15:42:15.294   281   281 D LibBpfLoader: Loaded code section 5 (schedcls_ingress_clat_rawip)
05-31 15:42:15.295   281   281 D LibBpfLoader: Loaded relo section 5 (.relschedcls/ingress/clat_rawip)
05-31 15:42:15.295   281   281 D LibBpfLoader: Adding section 5 to cs list
05-31 15:42:15.295   281   281 D LibBpfLoader: Loaded code section 7 (schedcls_egress_clat_ether)
05-31 15:42:15.295   281   281 D LibBpfLoader: Adding section 7 to cs list
05-31 15:42:15.295   281   281 D LibBpfLoader: Loaded code section 8 (schedcls_egress_clat_rawip)
05-31 15:42:15.295   281   281 D LibBpfLoader: Loaded relo section 8 (.relschedcls/egress/clat_rawip)
05-31 15:42:15.295   281   281 D LibBpfLoader: Adding section 8 to cs list
05-31 15:42:15.295     0     0 I init    : Created socket '/dev/socket/usap_pool_primary', mode 660, user 0, group 1000
05-31 15:42:15.296   281   281 D LibBpfLoader: bpf_create_map name clat_ingress_map, ret: 6
05-31 15:42:15.296   281   281 D LibBpfLoader: bpf_create_map name clat_egress_map, ret: 7
05-31 15:42:15.296   281   281 D LibBpfLoader: map_fd found at 0 is 6 in /system/etc/bpf/clatd.o
05-31 15:42:15.296   281   281 D LibBpfLoader: map_fd found at 1 is 7 in /system/etc/bpf/clatd.o
05-31 15:42:15.296   281   281 D LibBpfLoader: applying relo to instruction at byte offset: 392, 	       insn offset 49 , insn 118
05-31 15:42:15.296   281   281 D LibBpfLoader: applying relo to instruction at byte offset: 352, 	       insn offset 44 , insn 118
05-31 15:42:15.296   281   281 D LibBpfLoader: applying relo to instruction at byte offset: 520, 	       insn offset 65 , insn 118
05-31 15:42:15.297   281   281 D LibBpfLoader: bpf_prog_load lib call for /system/etc/bpf/clatd.o (schedcls_ingress_clat_ether) returned fd: 8 (no error)
05-31 15:42:15.298   281   281 D LibBpfLoader: bpf_prog_load lib call for /system/etc/bpf/clatd.o (schedcls_ingress_clat_rawip) returned fd: 9 (no error)
05-31 15:42:15.299   281   281 D LibBpfLoader: bpf_prog_load lib call for /system/etc/bpf/clatd.o (schedcls_egress_clat_ether) returned fd: 10 (no error)
05-31 15:42:15.300     0     0 I init    : Command 'start zygote_secondary' action=ro.crypto.state=encrypted && ro.crypto.type=file && zygote-start (/system/etc/init/hw/init.rc:846) took 0ms and failed: service zygote_secondary not found
05-31 15:42:15.300   281   281 D LibBpfLoader: bpf_prog_load lib call for /system/etc/bpf/clatd.o (schedcls_egress_clat_rawip) returned fd: 11 (no error)
05-31 15:42:15.300   281   281 I bpfloader: Loaded object: /system/etc/bpf/clatd.o
05-31 15:42:15.304     0     0 I init    : processing action (zygote-start) from (/vendor/etc/init/hw/init.ranchu.rc:59)
05-31 15:42:15.310     0     0 I init    : processing action (firmware_mounts_complete) from (/system/etc/init/hw/init.rc:423)
05-31 15:42:15.312     0     0 I init    : processing action (early-boot) from (/system/etc/init/installd.rc:5)
05-31 15:42:15.315     0     0 E ueventd : firmware: could not find firmware for regulatory.db
05-31 15:42:15.316     0     0 E ueventd : firmware: attempted /etc/firmware/regulatory.db, open failed: No such file or directory
05-31 15:42:15.318     0     0 E ueventd : firmware: attempted /odm/firmware/regulatory.db, open failed: No such file or directory
05-31 15:42:15.320     0     0 E ueventd : firmware: attempted /vendor/firmware/regulatory.db, open failed: No such file or directory
05-31 15:42:15.321     0     0 I init    : processing action (boot) from (/system/etc/init/hw/init.rc:848)
05-31 15:42:15.322     0     0 E ueventd : firmware: attempted /firmware/image/regulatory.db, open failed: No such file or directory
05-31 15:42:15.325     0     0 I init    : Command 'write /sys/devices/virtual/block/${dev.mnt.blk.data}/queue/discard_max_bytes 134217728' action=boot (/system/etc/init/hw/init.rc:884) took 0ms and failed: Unable to write to file '/sys/devices/virtual/block/dm-5/queue/discard_max_bytes': Unable to write file contents: Invalid argument
05-31 15:42:15.325     0     0 I ueventd : loading /devices/platform/regulatory.0/firmware/regulatory.db took 4871ms
05-31 15:42:15.330     0     0 I cfg80211: failed to load regulatory.db
05-31 15:42:15.331   283   283 I ServiceManager: Waiting for service 'statscompanion' on '/dev/binder'...
05-31 15:42:15.333     0     0 I init    : Untracked pid 153 exited with status 0
05-31 15:42:15.338     0     0 I init    : starting service 'hidl_memory'...
05-31 15:42:15.344     0     0 I init    : starting service 'vendor.audio-hal'...
05-31 15:42:15.349     0     0 I init    : starting service 'vendor.authsecret-1-0'...
05-31 15:42:15.365     0     0 I init    : starting service 'vendor.bluetooth-1-1'...
05-31 15:42:15.369   284   284 I netdClient: Skipping libnetd_client init since *we* are netd
05-31 15:42:15.372   290   290 I HidlServiceManagement: Registered android.hidl.allocator@1.0::IAllocator/ashmem (start delay of 18ms)
05-31 15:42:15.372     0     0 I init    : starting service 'vendor.camera-provider-2-4'...
05-31 15:42:15.372   290   290 I HidlServiceManagement: Removing namespace from process name android.hidl.allocator@1.0-service to allocator@1.0-service.
05-31 15:42:15.376     0     0 W libprocessgroup: Failed to open /dev/cpuset/camera-daemon/tasks: No such file or directory: No such file or directory
05-31 15:42:15.376     0     0 I init    : starting service 'vendor.camera-provider-2-6-google'...
05-31 15:42:15.380     0     0 W libprocessgroup: Failed to apply CameraServiceCapacity task profile: No such file or directory
05-31 15:42:15.383     0     0 I init    : starting service 'vendor.cas-hal-1-2'...
05-31 15:42:15.385     0     0 E init    : failed to write pid to files: couldn't write 295 to /dev/cpuset/camera-daemon/tasks: No such file or directory
05-31 15:42:15.386     0     0 I init    : starting service 'vendor.contexthub-hal-1-1-mock'...
05-31 15:42:15.391   284   284 I netd    : netd 1.0 starting
05-31 15:42:15.393     0     0 I init    : starting service 'vendor.drm-hal-1-0'...
05-31 15:42:15.398     0     0 I init    : starting service 'vendor.drm-clearkey-hal-1-3'...
05-31 15:42:15.402     0     0 I init    : starting service 'vendor.drm-widevine-hal-1-3'...
05-31 15:42:15.407     0     0 I init    : starting service 'vendor.gatekeeper-1-0'...
05-31 15:42:15.411     0     0 I init    : starting service 'vendor.gralloc-3-0'...
05-31 15:42:15.415     0     0 I init    : starting service 'vendor.hwcomposer-2-3'...
05-31 15:42:15.418   284   284 D TetherController: Setting IP forward enable = 0
05-31 15:42:15.419   284   284 D FirewallController: Could not read /proc/self/uid_map, max uid defaulting to 4294967294
05-31 15:42:15.420     0     0 I init    : starting service 'health-hal-2-1'...
05-31 15:42:15.421     0     0 I init    : Opened file '/dev/kmsg', flags 1
05-31 15:42:15.426     0     0 I init    : starting service 'neuralnetworks_hal_service_sample_all'...
05-31 15:42:15.431   292   292 I HidlServiceManagement: Registered android.hardware.authsecret@1.0::IAuthSecret/default (start delay of 57ms)
05-31 15:42:15.432   283   283 I ServiceManager: Waiting for service 'statscompanion' on '/dev/binder'...
05-31 15:42:15.432   292   292 I HidlServiceManagement: Removing namespace from process name android.hardware.authsecret@1.0-service to authsecret@1.0-service.
05-31 15:42:15.436     0     0 I init    : starting service 'neuralnetworks_hal_service_sample_float_fast'...
05-31 15:42:15.444     0     0 I init    : starting service 'neuralnetworks_hal_service_sample_float_slow'...
05-31 15:42:15.449   293   293 I bt      : system/bt/vendor_libs/test_vendor_lib/model/setup/device_boutique.cc:33 Register: Registering beacon_swarm
05-31 15:42:15.452   293   293 I bt      : system/bt/vendor_libs/test_vendor_lib/model/setup/device_boutique.cc:33 Register: Registering beacon
05-31 15:42:15.452     0     0 I init    : starting service 'neuralnetworks_hal_service_sample_minimal'...
05-31 15:42:15.452   293   293 I bt      : system/bt/vendor_libs/test_vendor_lib/model/setup/device_boutique.cc:33 Register: Registering scripted_beacon
05-31 15:42:15.452   293   293 I bt      : system/bt/vendor_libs/test_vendor_lib/model/setup/device_boutique.cc:33 Register: Registering remote_loopback
05-31 15:42:15.452   293   293 I bt      : system/bt/vendor_libs/test_vendor_lib/model/setup/device_boutique.cc:33 Register: Registering car_kit
05-31 15:42:15.452   293   293 I bt      : system/bt/vendor_libs/test_vendor_lib/model/setup/device_boutique.cc:33 Register: Registering classic
05-31 15:42:15.452   293   293 I bt      : system/bt/vendor_libs/test_vendor_lib/model/setup/device_boutique.cc:33 Register: Registering sniffer
05-31 15:42:15.452   293   293 I bt      : system/bt/vendor_libs/test_vendor_lib/model/setup/device_boutique.cc:33 Register: Registering keyboard
05-31 15:42:15.459     0     0 I init    : starting service 'neuralnetworks_hal_service_sample_quant'...
05-31 15:42:15.465   297   297 I HidlServiceManagement: Registered android.hardware.contexthub@1.1::IContexthub/default (start delay of 56ms)
05-31 15:42:15.465     0     0 I init    : starting service 'vendor.power.stats-hal-1-0-mock'...
05-31 15:42:15.467   297   297 I HidlServiceManagement: Removing namespace from process name android.hardware.contexthub@1.1-service.mock to contexthub@1.1-service.mock.
05-31 15:42:15.471     0     0 I init    : starting service 'vendor.sensors-hal-2-1-multihal'...
05-31 15:42:15.475   293   293 I bt      : system/bt/vendor_libs/test_vendor_lib/model/devices/device_properties.cc:81 DeviceProperties: Reading controller properties from /etc/bluetooth/car_kit_controller_properties.json.
05-31 15:42:15.476     0     0 I init    : starting service 'vendor.thermal-hal-2-0-mock'...
05-31 15:42:15.479   296   296 I HidlServiceManagement: Registered android.hardware.cas@1.2::IMediaCasService/default (start delay of 85ms)
05-31 15:42:15.479   296   296 I HidlServiceManagement: Removing namespace from process name android.hardware.cas@1.2-service to cas@1.2-service.
05-31 15:42:15.489   293   293 E bt      : system/bt/vendor_libs/test_vendor_lib/model/devices/device_properties.cc:83 DeviceProperties: Error reading controller properties from file.
05-31 15:42:15.499   284   284 I netd    : Creating child chains: 58874us
05-31 15:42:15.499   284   284 I netd    : Setting up OEM hooks: 233us
05-31 15:42:15.499   284   284 I netd    : Setting up FirewallController hooks: 49us
05-31 15:42:15.499   293   293 I bt      : system/bt/vendor_libs/test_vendor_lib/model/devices/scripted_beacon.cc:71 ScriptedBeacon: Scripted_beacon registered true
05-31 15:42:15.502     0     0 I init    : starting service 'vendor.usb-hal-1-0'...
05-31 15:42:15.504   293   293 I HidlServiceManagement: Registered android.hardware.bluetooth@1.1::IBluetoothHci/default (start delay of 119ms)
05-31 15:42:15.504   293   293 I HidlServiceManagement: Removing namespace from process name android.hardware.bluetooth@1.1-service.sim to bluetooth@1.1-service.sim.
05-31 15:42:15.504   294   294 I android.hardware.camera.provider@2.4-service: CameraProvider@2.4 legacy service is starting.
05-31 15:42:15.506   295   295 I android.hardware.pixel.camera.provider@2.6-service: Google camera provider service is starting.
05-31 15:42:15.509     0     0 W healthd : batteryCapacityLevelPath not found
05-31 15:42:15.509   284   284 I netd    : Setting up TetherController hooks: 9991us
05-31 15:42:15.512     0     0 W healthd : batteryChargeTimeToFullNowPath. not found
05-31 15:42:15.513     0     0 I init    : starting service 'vendor.wifi_hal_legacy'...
05-31 15:42:15.514   284   284 I netd    : Setting up BandwidthController hooks: 4437us
05-31 15:42:15.514   284   284 I netd    : Setting up IdletimerController hooks: 271us
05-31 15:42:15.515     0     0 W healthd : batteryFullChargeDesignCapacityUahPath. not found
05-31 15:42:15.520   284   284 I netd    : Setting up StrictController hooks: 5669us
05-31 15:42:15.520   284   284 I ClatdController: 4.9+ kernel and device shipped with Q+ - clat ebpf should work.
05-31 15:42:15.520   284   284 I netd    : Initializing ClatdController: 374us
05-31 15:42:15.524   284   284 I netd    : Initializing traffic control: 4102us
05-31 15:42:15.527     0     0 I init    : starting service 'vendor.identity-default'...
05-31 15:42:15.533   283   283 I ServiceManager: Waiting for service 'statscompanion' on '/dev/binder'...
05-31 15:42:15.535     0     0 I init    : starting service 'vendor.light-default'...
05-31 15:42:15.536   284   284 I netd    : Enabling bandwidth control: 12096us
05-31 15:42:15.539   314   314 I android.hardware.power.stats@1.0-service-mock: power.stats service 1.0 mock is starting.
05-31 15:42:15.545   314   314 I HidlServiceManagement: Registered android.hardware.power.stats@1.0::IPowerStats/default (start delay of 60ms)
05-31 15:42:15.545   314   314 I HidlServiceManagement: Removing namespace from process name android.hardware.power.stats@1.0-service.mock to stats@1.0-service.mock.
05-31 15:42:15.545   314   314 I android.hardware.power.stats@1.0-service-mock: power.stats service is ready
05-31 15:42:15.545     0     0 W healthd : battery l=100 v=5000 t=25.0 h=2 st=4 c=900000 fc=300000 cc=10 chg=
05-31 15:42:15.545   303   303 I HidlServiceManagement: Registered android.hardware.gatekeeper@1.0::IGatekeeper/default (start delay of 121ms)
05-31 15:42:15.545   303   303 I HidlServiceManagement: Removing namespace from process name android.hardware.gatekeeper@1.0-service.software to gatekeeper@1.0-service.software.
05-31 15:42:15.550   298   298 I HidlServiceManagement: Registered android.hardware.drm@1.0::IDrmFactory/default (start delay of 136ms)
05-31 15:42:15.550   299   299 I HidlServiceManagement: Registered android.hardware.drm@1.3::IDrmFactory/clearkey (start delay of 136ms)
05-31 15:42:15.550   298   298 I HidlServiceManagement: Removing namespace from process name android.hardware.drm@1.0-service to drm@1.0-service.
05-31 15:42:15.550   299   299 I HidlServiceManagement: Removing namespace from process name android.hardware.drm@1.3-service.clearkey to drm@1.3-service.clearkey.
05-31 15:42:15.550   298   298 I LegacySupport: Registration complete for android.hardware.drm@1.0::IDrmFactory/default.
05-31 15:42:15.554     0     0 I init    : starting service 'vendor.power-default'...
05-31 15:42:15.559   298   298 I HidlServiceManagement: Registered android.hardware.drm@1.0::ICryptoFactory/default (start delay of 145ms)
05-31 15:42:15.559   298   298 I HidlServiceManagement: Removing namespace from process name android.hardware.drm@1.0-service to drm@1.0-service.
05-31 15:42:15.559   298   298 I LegacySupport: Registration complete for android.hardware.drm@1.0::ICryptoFactory/default.
05-31 15:42:15.559   307   307 I android.hardware.health@2.1-service: default instance initializing with healthd_config...
05-31 15:42:15.560   299   299 I HidlServiceManagement: Registered android.hardware.drm@1.3::ICryptoFactory/clearkey (start delay of 146ms)
05-31 15:42:15.560   299   299 I HidlServiceManagement: Removing namespace from process name android.hardware.drm@1.3-service.clearkey to drm@1.3-service.clearkey.
05-31 15:42:15.562   307   307 I HidlServiceManagement: Registered android.hardware.health@2.1::IHealth/default (start delay of 128ms)
05-31 15:42:15.562   307   307 I HidlServiceManagement: Removing namespace from process name android.hardware.health@2.1-service to health@2.1-service.
05-31 15:42:15.563   307   307 I android.hardware.health@2.1-service: default: Hal init done
05-31 15:42:15.565     0     0 I init    : starting service 'vendor.rebootescrow-default'...
05-31 15:42:15.571   316   316 I android.hardware.thermal@2.0-service-mock: Thermal HAL Service Mock 2.0 starting...
05-31 15:42:15.573     0     0 I init    : starting service 'vendor.vibrator-default'...
05-31 15:42:15.573   284   284 I netd    : Initializing RouteController: 36280us
05-31 15:42:15.573   284   284 D XfrmController: XfrmController::ipSecAddXfrmInterface, line=1377
05-31 15:42:15.574   284   284 D XfrmController: XfrmController::ipSecRemoveTunnelInterface, line=1590
05-31 15:42:15.574   284   284 D XfrmController: deviceName=ipsec_test
05-31 15:42:15.577   295   295 I GCH_CameraProvider: CreateCameraProviderHwl:Loading /vendor/lib/libgooglecamerahwl_impl.so library
05-31 15:42:15.578   316   316 I HidlServiceManagement: Registered android.hardware.thermal@2.0::IThermal/default (start delay of 64ms)
05-31 15:42:15.578   316   316 I HidlServiceManagement: Removing namespace from process name android.hardware.thermal@2.0-service.mock to thermal@2.0-service.mock.
05-31 15:42:15.578   316   316 I android.hardware.thermal@2.0-service-mock: Thermal Service started successfully.
05-31 15:42:15.578     0     0 I init    : Command 'class_start hal' action=boot (/system/etc/init/hw/init.rc:946) took 239ms and succeeded
05-31 15:42:15.579   315   315 I android.hardware.sensors@2.1-impl.ranchu: MultihalSensors:70: host sensors mask=7ff, available sensors mask=7ff
05-31 15:42:15.582   291   291 I HidlServiceManagement: Registered android.hardware.audio@6.0::IDevicesFactory/default (start delay of 218ms)
05-31 15:42:15.582   291   291 I HidlServiceManagement: Removing namespace from process name android.hardware.audio.service.ranchu to audio.service.ranchu.
05-31 15:42:15.583     0     0 I init    : starting service 'ranchu-setup'...
05-31 15:42:15.583   315   315 I HidlServiceManagement: Registered android.hardware.sensors@2.1::ISensors/default (start delay of 98ms)
05-31 15:42:15.583   315   315 I HidlServiceManagement: Removing namespace from process name android.hardware.sensors@2.1-service.multihal to sensors@2.1-service.multihal.
05-31 15:42:15.588   302   302 I HidlServiceManagement: Registered android.hardware.drm@1.3::IDrmFactory/widevine (start delay of 174ms)
05-31 15:42:15.588   302   302 I HidlServiceManagement: Removing namespace from process name android.hardware.drm@1.3-service.widevine to drm@1.3-service.widevine.
05-31 15:42:15.588     0     0 I init    : starting service 'audioserver'...
05-31 15:42:15.590   302   302 I HidlServiceManagement: Registered android.hardware.drm@1.3::ICryptoFactory/widevine (start delay of 176ms)
05-31 15:42:15.590   302   302 I HidlServiceManagement: Removing namespace from process name android.hardware.drm@1.3-service.widevine to drm@1.3-service.widevine.
05-31 15:42:15.592     0     0 I init    : starting service 'credstore'...
05-31 15:42:15.595     0     0 I init    : starting service 'gpu'...
05-31 15:42:15.600     0     0 I init    : starting service 'surfaceflinger'...
05-31 15:42:15.603     0     0 I init    : Could not create socket 'pdx/system/vr/display/client': Failed to bind socket 'pdx/system/vr/display/client': No such file or directory
05-31 15:42:15.608     0     0 I init    : Could not create socket 'pdx/system/vr/display/manager': Failed to bind socket 'pdx/system/vr/display/manager': No such file or directory
05-31 15:42:15.610   291   291 I HidlServiceManagement: Registered android.hardware.audio.effect@6.0::IEffectsFactory/default (start delay of 246ms)
05-31 15:42:15.610   291   291 I LegacySupport: Registration complete for android.hardware.audio.effect@6.0::IEffectsFactory/default.
05-31 15:42:15.639   317   317 I HidlServiceManagement: Registered android.hardware.usb@1.0::IUsb/default (start delay of 125ms)
05-31 15:42:15.639   283   283 I ServiceManager: Waiting for service 'statscompanion' on '/dev/binder'...
05-31 15:42:15.639   317   317 I HidlServiceManagement: Removing namespace from process name android.hardware.usb@1.0-service to usb@1.0-service.
05-31 15:42:15.639   317   317 I android.hardware.usb@1.0-service: USB HAL Ready.
05-31 15:42:15.639   172   172 I servicemanager: getDeviceHalManifest: Reading VINTF information.
05-31 15:42:15.641   305   305 D HostConnection: createUnique: call
05-31 15:42:15.663     0     0 I init    : Could not create socket 'pdx/system/vr/display/vsync': Failed to bind socket 'pdx/system/vr/display/vsync': No such file or directory
05-31 15:42:15.680   305   305 D HostConnection: HostConnection::get() New Host Connection established 0xeca80fd0, tid 305
05-31 15:42:15.681   284   284 D XfrmController: Sending Netlink XFRM Message: XFRM_MSG_FLUSHSA
05-31 15:42:15.681   284   284 D XfrmController: Sending Netlink XFRM Message: XFRM_MSG_FLUSHPOLICY
05-31 15:42:15.681   284   284 I netd    : Initializing XfrmController: 108055us
05-31 15:42:15.685   172   172 I servicemanager: getDeviceHalManifest: Successfully processed VINTF information
05-31 15:42:15.685   172   172 I servicemanager: getFrameworkHalManifest: Reading VINTF information.
05-31 15:42:15.687   172   172 I servicemanager: getFrameworkHalManifest: Successfully processed VINTF information
05-31 15:42:15.687   172   172 I servicemanager: Found android.hardware.identity.IIdentityCredentialStore/default in device VINTF manifest.
05-31 15:42:15.688     0     0 I init    : Command 'class_start core' action=boot (/system/etc/init/hw/init.rc:948) took 105ms and succeeded
05-31 15:42:15.688   172   172 I servicemanager: Found android.hardware.power.IPower/default in device VINTF manifest.
05-31 15:42:15.690   305   305 I HidlServiceManagement: Registered android.hardware.graphics.allocator@3.0::IAllocator/default (start delay of 266ms)
05-31 15:42:15.690   305   305 I HidlServiceManagement: Removing namespace from process name android.hardware.graphics.allocator@3.0-service to allocator@3.0-service.
05-31 15:42:15.691   305   305 I android.hardware.graphics.allocator@3.0-service: graphics IAllocator@3.0 service is initialized
05-31 15:42:15.698     0     0 I init    : starting service 'exec 13 (/system/bin/fsverity_init)'...
05-31 15:42:15.698   172   172 I servicemanager: Found android.hardware.light.ILights/default in device VINTF manifest.
05-31 15:42:15.701   295   295 I EmulatedCameraProviderHwlImpl: Create: Created EmulatedCameraProviderHwlImpl
05-31 15:42:15.701   295   295 E GCH_CameraProvider: Initialize: HWL doesn't support vendor buffer allocation Function not implemented(-38)
05-31 15:42:15.702   295   295 I HidlServiceManagement: Registered android.hardware.camera.provider@2.6::ICameraProvider/internal/0 (start delay of 308ms)
05-31 15:42:15.702   295   295 I HidlServiceManagement: Removing namespace from process name android.hardware.camera.provider@2.6-service-google to provider@2.6-service-google.
05-31 15:42:15.702   295   295 I LegacySupport: Registration complete for android.hardware.camera.provider@2.6::ICameraProvider/internal/0.
05-31 15:42:15.703   306   306 D HostConnection: createUnique: call
05-31 15:42:15.703   306   306 D HostConnection: HostConnection::get() New Host Connection established 0xe8700c50, tid 306
05-31 15:42:15.707     0     0 I init    : SVC_EXEC service 'exec 13 (/system/bin/fsverity_init)' pid 355 (uid 0 gid 0+0 context default) started; waiting...
05-31 15:42:15.708   306   306 D HostConnection: HostComposition ext ANDROID_EMU_CHECKSUM_HELPER_v1 ANDROID_EMU_native_sync_v2 ANDROID_EMU_native_sync_v3 ANDROID_EMU_native_sync_v4 ANDROID_EMU_dma_v1 ANDROID_EMU_direct_mem ANDROID_EMU_host_composition_v1 ANDROID_EMU_host_composition_v2 ANDROID_EMU_vulkan ANDROID_EMU_deferred_vulkan_commands ANDROID_EMU_vulkan_null_optional_strings ANDROID_EMU_vulkan_create_resources_with_requirements ANDROID_EMU_YUV_Cache ANDROID_EMU_vulkan_ignored_handles ANDROID_EMU_has_shared_slots_host_memory_allocator ANDROID_EMU_vulkan_free_memory_sync ANDROID_EMU_vulkan_shader_float16_int8 ANDROID_EMU_vulkan_async_queue_submit ANDROID_EMU_sync_buffer_data ANDROID_EMU_read_color_buffer_dma GL_OES_vertex_array_object GL_KHR_texture_compression_astc_ldr ANDROID_EMU_host_side_tracing ANDROID_EMU_gles_max_version_2 
05-31 15:42:15.710   173   173 I hwservicemanager: getTransport: Cannot find entry android.hardware.graphics.mapper@4.0::IMapper/default in either framework or device manifest.
05-31 15:42:15.710   306   306 I Gralloc4: mapper 4.x is not supported
05-31 15:42:15.715   306   306 D HostConnection: createUnique: call
05-31 15:42:15.716   306   306 D HostConnection: HostConnection::get() New Host Connection established 0xe8700550, tid 306
05-31 15:42:15.717   306   306 D goldfish-address-space: allocate: Ask for block of size 0x100
05-31 15:42:15.717   306   306 D goldfish-address-space: allocate: ioctl allocate returned offset 0x3dfffe000 size 0x2000
05-31 15:42:15.719   284   284 I libnetd_resolv: resolv_init: Initializing resolver
05-31 15:42:15.720   173   173 I hwservicemanager: getTransport: Cannot find entry android.hardware.graphics.allocator@4.0::IAllocator/default in either framework or device manifest.
05-31 15:42:15.721   306   306 W Gralloc4: allocator 3.x is not supported
05-31 15:42:15.722   291   291 I HidlServiceManagement: Registered android.hardware.soundtrigger@2.2::ISoundTriggerHw/default (start delay of 358ms)
05-31 15:42:15.722   291   291 I LegacySupport: Registration complete for android.hardware.soundtrigger@2.2::ISoundTriggerHw/default.
05-31 15:42:15.722   313   313 I HidlServiceManagement: Registered android.hardware.neuralnetworks@1.3::IDevice/nnapi-sample_quant (start delay of 248ms)
05-31 15:42:15.723   313   313 I HidlServiceManagement: Removing namespace from process name android.hardware.neuralnetworks@1.3-service-sample-quant to neuralnetworks@1.3-service-sample-quant.
05-31 15:42:15.723   173   173 I hwservicemanager: getTransport: Cannot find entry android.hardware.graphics.mapper@4.0::IMapper/default in either framework or device manifest.
05-31 15:42:15.723   294   294 I Gralloc4: mapper 4.x is not supported
05-31 15:42:15.725   294   294 D HostConnection: createUnique: call
05-31 15:42:15.726   294   294 D HostConnection: HostConnection::get() New Host Connection established 0xf3880320, tid 294
05-31 15:42:15.726   294   294 D goldfish-address-space: allocate: Ask for block of size 0x100
05-31 15:42:15.726   294   294 D goldfish-address-space: allocate: ioctl allocate returned offset 0x3dfffe000 size 0x2000
05-31 15:42:15.728   294   294 D EmulatedCamera_QemuClient: Emulated camera list: name=virtualscene channel=0 pix=876758866 dir=back framedims=640x480,352x288,320x240,176x144,1280x720,1280x960
05-31 15:42:15.729   305   346 D HostConnection: HostComposition ext ANDROID_EMU_CHECKSUM_HELPER_v1 ANDROID_EMU_native_sync_v2 ANDROID_EMU_native_sync_v3 ANDROID_EMU_native_sync_v4 ANDROID_EMU_dma_v1 ANDROID_EMU_direct_mem ANDROID_EMU_host_composition_v1 ANDROID_EMU_host_composition_v2 ANDROID_EMU_vulkan ANDROID_EMU_deferred_vulkan_commands ANDROID_EMU_vulkan_null_optional_strings ANDROID_EMU_vulkan_create_resources_with_requirements ANDROID_EMU_YUV_Cache ANDROID_EMU_vulkan_ignored_handles ANDROID_EMU_has_shared_slots_host_memory_allocator ANDROID_EMU_vulkan_free_memory_sync ANDROID_EMU_vulkan_shader_float16_int8 ANDROID_EMU_vulkan_async_queue_submit ANDROID_EMU_sync_buffer_data ANDROID_EMU_read_color_buffer_dma GL_OES_vertex_array_object GL_KHR_texture_compression_astc_ldr ANDROID_EMU_host_side_tracing ANDROID_EMU_gles_max_version_2 
05-31 15:42:15.729   305   346 D goldfish-address-space: claimShared: Ask to claim region [0x3d9ffe000 0x3db0b1000]
05-31 15:42:15.730   294   294 I EmulatedCamera_QemuCamera3: Constructing emulated qemu camera 3: ID 0
05-31 15:42:15.730   294   294 I EmulatedCamera_QemuCamera3: parseResolutions: 640x480
05-31 15:42:15.730   294   294 I EmulatedCamera_QemuCamera3: parseResolutions: 352x288
05-31 15:42:15.730   294   294 I EmulatedCamera_QemuCamera3: parseResolutions: 320x240
05-31 15:42:15.730   294   294 I EmulatedCamera_QemuCamera3: parseResolutions: 176x144
05-31 15:42:15.730   294   294 I EmulatedCamera_QemuCamera3: parseResolutions: 1280x720
05-31 15:42:15.730   294   294 I EmulatedCamera_QemuCamera3: parseResolutions: 1280x960
05-31 15:42:15.730   294   294 I EmulatedCamera_QemuCamera3: Camera 0 capabilities:
05-31 15:42:15.730   294   294 I EmulatedCamera_QemuCamera3:   BACKWARD_COMPATIBLE
05-31 15:42:15.731   294   294 E EmulatedCamera_Factory: 1 cameras are being emulated. 0 of them are fake cameras.
05-31 15:42:15.731   294   294 I CamPrvdr@2.4-legacy: Loaded "Emulated Camera Module" camera module
05-31 15:42:15.731   294   294 E CamPrvdr@2.4-legacy: setUpVendorTags: Vendor tag operations not fully defined. Ignoring definitions.
05-31 15:42:15.731   294   294 E CamPrvdr@2.4-legacy: initialize: Vendor tag setup failed, will not be available.
05-31 15:42:15.731   294   294 V EmulatedCamera_BaseCamera: getCameraInfo
05-31 15:42:15.732   294   294 I HidlServiceManagement: Registered android.hardware.camera.provider@2.4::ICameraProvider/legacy/0 (start delay of 348ms)
05-31 15:42:15.732   294   294 I HidlServiceManagement: Removing namespace from process name android.hardware.camera.provider@2.4-service to provider@2.4-service.
05-31 15:42:15.732   294   294 I LegacySupport: Registration complete for android.hardware.camera.provider@2.4::ICameraProvider/legacy/0.
05-31 15:42:15.733   294   361 E EmulatedCamera_HotplugThread: addWatch: Could not add watch for '/data/misc/media/emulator.camera.hotplug.0', error: 'Permission denied' (13)
05-31 15:42:15.740   308   308 I HidlServiceManagement: Registered android.hardware.neuralnetworks@1.3::IDevice/nnapi-sample_all (start delay of 296ms)
05-31 15:42:15.741   308   308 I HidlServiceManagement: Removing namespace from process name android.hardware.neuralnetworks@1.3-service-sample-all to neuralnetworks@1.3-service-sample-all.
05-31 15:42:15.744   310   310 I HidlServiceManagement: Registered android.hardware.neuralnetworks@1.3::IDevice/nnapi-sample_float_slow (start delay of 279ms)
05-31 15:42:15.744   310   310 I HidlServiceManagement: Removing namespace from process name android.hardware.neuralnetworks@1.3-service-sample-float-slow to neuralnetworks@1.3-service-sample-float-slow.
05-31 15:42:15.746   172   172 I servicemanager: Found android.hardware.rebootescrow.IRebootEscrow/default in device VINTF manifest.
05-31 15:42:15.746   172   172 I servicemanager: Found android.hardware.vibrator.IVibrator/default in device VINTF manifest.
05-31 15:42:15.747   283   283 I ServiceManager: Waiting for service 'statscompanion' on '/dev/binder'...
05-31 15:42:15.748     0     0 I init    : Service 'exec 13 (/system/bin/fsverity_init)' (pid 355) exited with status 0 waiting took 0.041000 seconds
05-31 15:42:15.750   306   306 D HostConnection: HostComposition ext ANDROID_EMU_CHECKSUM_HELPER_v1 ANDROID_EMU_native_sync_v2 ANDROID_EMU_native_sync_v3 ANDROID_EMU_native_sync_v4 ANDROID_EMU_dma_v1 ANDROID_EMU_direct_mem ANDROID_EMU_host_composition_v1 ANDROID_EMU_host_composition_v2 ANDROID_EMU_vulkan ANDROID_EMU_deferred_vulkan_commands ANDROID_EMU_vulkan_null_optional_strings ANDROID_EMU_vulkan_create_resources_with_requirements ANDROID_EMU_YUV_Cache ANDROID_EMU_vulkan_ignored_handles ANDROID_EMU_has_shared_slots_host_memory_allocator ANDROID_EMU_vulkan_free_memory_sync ANDROID_EMU_vulkan_shader_float16_int8 ANDROID_EMU_vulkan_async_queue_submit ANDROID_EMU_sync_buffer_data ANDROID_EMU_read_color_buffer_dma GL_OES_vertex_array_object GL_KHR_texture_compression_astc_ldr ANDROID_EMU_host_side_tracing ANDROID_EMU_gles_max_version_2 
05-31 15:42:15.750   306   306 E EmuHWC2 : doGetFunction: Unknown function descriptor: 44 (SetLayerFloatColor)
05-31 15:42:15.750   306   306 E EmuHWC2 : doGetFunction: Unknown function descriptor: 45 (SetLayerPerFrameMetadata)
05-31 15:42:15.750   306   306 E EmuHWC2 : doGetFunction: Unknown function descriptor: 46 (GetPerFrameMetadataKeys)
05-31 15:42:15.750   306   306 E EmuHWC2 : doGetFunction: Unknown function descriptor: 47 (SetReadbackBuffer)
05-31 15:42:15.750   306   306 E EmuHWC2 : doGetFunction: Unknown function descriptor: 48 (GetReadbackBufferAttributes)
05-31 15:42:15.750   306   306 E EmuHWC2 : doGetFunction: Unknown function descriptor: 49 (GetReadbackBufferFence)
05-31 15:42:15.750   306   306 E EmuHWC2 : doGetFunction: Unknown function descriptor: 50 (GetRenderIntents)
05-31 15:42:15.750   306   306 E EmuHWC2 : doGetFunction: Unknown function descriptor: 51 (SetColorModeWithRenderIntent)
05-31 15:42:15.750   306   306 E EmuHWC2 : doGetFunction: Unknown function descriptor: 52 (GetDataspaceSaturationMatrix)
05-31 15:42:15.750   306   306 E EmuHWC2 : doGetFunction: Unknown function descriptor: 55 (SetLayerColorTransform)
05-31 15:42:15.750   306   306 E EmuHWC2 : doGetFunction: Unknown function descriptor: 56 (GetDisplayedContentSamplingAttributes)
05-31 15:42:15.750   306   306 E EmuHWC2 : doGetFunction: Unknown function descriptor: 57 (SetDisplayedContentSamplingEnabled)
05-31 15:42:15.750   306   306 E EmuHWC2 : doGetFunction: Unknown function descriptor: 58 (GetDisplayedContentSample)
05-31 15:42:15.751   306   306 E EmuHWC2 : doGetFunction: Unknown function descriptor: 59 (SetLayerPerFrameMetadataBlobs)
05-31 15:42:15.751     0     0 I init    : Sending signal 9 to service 'exec 13 (/system/bin/fsverity_init)' (pid 355) process group...
05-31 15:42:15.752   306   306 I HidlServiceManagement: Registered android.hardware.graphics.composer@2.3::IComposer/default (start delay of 318ms)
05-31 15:42:15.752   306   306 I HidlServiceManagement: Removing namespace from process name android.hardware.graphics.composer@2.3-service to composer@2.3-service.
05-31 15:42:15.753   311   311 I HidlServiceManagement: Registered android.hardware.neuralnetworks@1.3::IDevice/nnapi-sample_minimal (start delay of 279ms)
05-31 15:42:15.753   311   311 I HidlServiceManagement: Removing namespace from process name android.hardware.neuralnetworks@1.3-service-sample-minimal to neuralnetworks@1.3-service-sample-minimal.
05-31 15:42:15.754     0     0 I libprocessgroup: Successfully killed process cgroup uid 0 pid 355 in 0ms
05-31 15:42:15.758     0     0 I init    : Service 'ranchu-setup' (pid 338) exited with status 1 oneshot service took 0.172000 seconds in background
05-31 15:42:15.761     0     0 I init    : Sending signal 9 to service 'ranchu-setup' (pid 338) process group...
05-31 15:42:15.764     0     0 I libprocessgroup: Successfully killed process cgroup uid 0 pid 338 in 0ms
05-31 15:42:15.768     0     0 I init    : processing action (persist.sys.usb.config=* && boot) from (/system/etc/init/hw/init.usb.rc:105)
05-31 15:42:15.772   309   309 I HidlServiceManagement: Registered android.hardware.neuralnetworks@1.3::IDevice/nnapi-sample_float_fast (start delay of 318ms)
05-31 15:42:15.772     0     0 I init    : processing action (boot) from (/vendor/etc/init/hw/init.ranchu.rc:65)
05-31 15:42:15.772   309   309 I HidlServiceManagement: Removing namespace from process name android.hardware.neuralnetworks@1.3-service-sample-float-fast to neuralnetworks@1.3-service-sample-float-fast.
05-31 15:42:15.775     0     0 E init    : Unable to set property 'ro.hardware.egl' from uid:0 gid:0 pid:144: Read-only property was already set
05-31 15:42:15.782     0     0 I init    : Command 'setprop debug.hwui.renderer ${ro.kernel.qemu.uirenderer}' action=boot (/vendor/etc/init/hw/init.ranchu.rc:69) took 0ms and failed: property 'ro.kernel.qemu.uirenderer' doesn't exist while expanding '${ro.kernel.qemu.uirenderer}'
05-31 15:42:15.790     0     0 I init    : Command 'setprop debug.stagefright.ccodec ${ro.kernel.qemu.media.ccodec}' action=boot (/vendor/etc/init/hw/init.ranchu.rc:77) took 0ms and failed: property 'ro.kernel.qemu.media.ccodec' doesn't exist while expanding '${ro.kernel.qemu.media.ccodec}'
05-31 15:42:15.797   144   144 W libc    : Unable to set property "ro.hardware.egl" to "emulation": error code: 0xb
05-31 15:42:15.804     0     0 I init    : starting service 'goldfish-logcat'...
05-31 15:42:15.818   319   319 I android.hardware.wifi@1.0-service: Wifi Hal is booting up...
05-31 15:42:15.819   319   319 I HidlServiceManagement: Registered android.hardware.wifi@1.4::IWifi/default (start delay of 286ms)
05-31 15:42:15.820   319   319 I HidlServiceManagement: Removing namespace from process name android.hardware.wifi@1.0-service to wifi@1.0-service.
05-31 15:42:15.814     0     0 I init    : processing action (boot) from (/system/etc/init/dumpstate.rc:1)
05-31 15:42:15.814     0     0 D logd    : logdr: UID=1036 GID=1007 PID=376 b tail=0 logMask=99 pid=0 start=0ns timeout=0ns
05-31 15:42:15.815     0     0 I init    : processing action (boot) from (/system/etc/init/gsid.rc:20)
05-31 15:42:15.818     0     0 I init    : starting service 'exec 14 (/system/bin/gsid run-startup-tasks)'...
05-31 15:42:15.820     0     0 I init    : processing action (enable_property_trigger) from (<Builtin Action>:0)
05-31 15:42:15.823     0     0 I init    : processing action (apexd.status=ready && ro.product.cpu.abilist32=*) from (/system/etc/init/hw/init.rc:89)
05-31 15:42:15.848   283   283 I ServiceManager: Waiting for service 'statscompanion' on '/dev/binder'...
05-31 15:42:15.827     0     0 I init    : starting service 'boringssl_self_test_apex32'...
05-31 15:42:15.832     0     0 I init    : SVC_EXEC service 'boringssl_self_test_apex32' pid 379 (uid 0 gid 0+0 context default) started; waiting...
05-31 15:42:15.861   378   378 I gsid    : no DSU: No such file or directory
05-31 15:42:15.844     0     0 I init    : Service 'exec 14 (/system/bin/gsid run-startup-tasks)' (pid 378) exited with status 0 oneshot service took 0.024000 seconds in background
05-31 15:42:15.848     0     0 I init    : Sending signal 9 to service 'exec 14 (/system/bin/gsid run-startup-tasks)' (pid 378) process group...
05-31 15:42:15.870   173   173 I hwservicemanager: getTransport: Cannot find entry android.hardware.configstore@1.0::ISurfaceFlingerConfigs/default in either framework or device manifest.
05-31 15:42:15.851     0     0 I libprocessgroup: Successfully killed process cgroup uid 0 pid 378 in 0ms
05-31 15:42:15.877   345   345 I SurfaceFlinger: Using HWComposer service: 'default'
05-31 15:42:15.877   345   345 E SurfaceFlinger: ro.sf.lcd_density must be defined as a build property
05-31 15:42:15.879   345   345 I SurfaceFlinger: SurfaceFlinger is starting
05-31 15:42:15.879   173   173 I hwservicemanager: getTransport: Cannot find entry android.hardware.configstore@1.1::ISurfaceFlingerConfigs/default in either framework or device manifest.
05-31 15:42:15.879   345   345 I SurfaceFlinger: Disabling blur effects, they are not supported.
05-31 15:42:15.879   345   345 I SurfaceFlinger: Treble testing override: 'false'
05-31 15:42:15.886   339   339 I FastMixerState: sMaxFastTracks = 8
05-31 15:42:15.890   345   345 I SurfaceFlinger: SurfaceFlinger's main thread ready to run. Initializing graphics H/W...
05-31 15:42:15.890   345   345 D RenderEngine: RenderEngine GLES Backend
05-31 15:42:15.895   345   345 D libEGL  : loaded /vendor/lib/egl/libEGL_emulation.so
05-31 15:42:15.896   339   339 V MediaUtils: physMem: 2076872704
05-31 15:42:15.896   339   339 V MediaUtils: requested limit: 415374540
05-31 15:42:15.896   339   339 I libc    : malloc_limit: Allocation limit enabled, max size 415374540 bytes
05-31 15:42:15.897   345   345 D libEGL  : loaded /vendor/lib/egl/libGLESv1_CM_emulation.so
05-31 15:42:15.875     0     0 I init    : Service 'boringssl_self_test_apex32' (pid 379) exited with status 0 waiting took 0.045000 seconds
05-31 15:42:15.877     0     0 I init    : Sending signal 9 to service 'boringssl_self_test_apex32' (pid 379) process group...
05-31 15:42:15.880     0     0 I libprocessgroup: Successfully killed process cgroup uid 0 pid 379 in 0ms
05-31 15:42:15.900   383   383 I audioserver: ServiceManager: 0xe87c0390
05-31 15:42:15.900   345   345 D libEGL  : loaded /vendor/lib/egl/libGLESv2_emulation.so
05-31 15:42:15.883     0     0 I init    : processing action (sys.init.perf_lsm_hooks=1) from (/system/etc/init/hw/init.rc:1017)
05-31 15:42:15.904   383   383 W BatteryNotifier: batterystats service unavailable!
05-31 15:42:15.886     0     0 I init    : processing action (security.perf_harden=1) from (/system/etc/init/hw/init.rc:1031)
05-31 15:42:15.889     0     0 I init    : processing action (ro.debuggable=1) from (/system/etc/init/hw/init.rc:1058)
05-31 15:42:15.913   345   345 D HostConnection: HostConnection::get() New Host Connection established 0xf0d00940, tid 345
05-31 15:42:15.917   345   345 D HostConnection: HostComposition ext ANDROID_EMU_CHECKSUM_HELPER_v1 ANDROID_EMU_native_sync_v2 ANDROID_EMU_native_sync_v3 ANDROID_EMU_native_sync_v4 ANDROID_EMU_dma_v1 ANDROID_EMU_direct_mem ANDROID_EMU_host_composition_v1 ANDROID_EMU_host_composition_v2 ANDROID_EMU_vulkan ANDROID_EMU_deferred_vulkan_commands ANDROID_EMU_vulkan_null_optional_strings ANDROID_EMU_vulkan_create_resources_with_requirements ANDROID_EMU_YUV_Cache ANDROID_EMU_vulkan_ignored_handles ANDROID_EMU_has_shared_slots_host_memory_allocator ANDROID_EMU_vulkan_free_memory_sync ANDROID_EMU_vulkan_shader_float16_int8 ANDROID_EMU_vulkan_async_queue_submit ANDROID_EMU_sync_buffer_data ANDROID_EMU_read_color_buffer_dma GL_OES_vertex_array_object GL_KHR_texture_compression_astc_ldr ANDROID_EMU_host_side_tracing ANDROID_EMU_gles_max_version_2 
05-31 15:42:15.891     0     0 I init    : processing action (sys.usb.config=adb && sys.usb.configfs=0) from (/system/etc/init/hw/init.usb.rc:37)
05-31 15:42:15.894     0     0 I init    : Command 'write /sys/class/android_usb/android0/enable 0' action=sys.usb.config=adb && sys.usb.configfs=0 (/system/etc/init/hw/init.usb.rc:38) took 0ms and failed: Unable to write to file '/sys/class/android_usb/android0/enable': open() failed: Permission denied
05-31 15:42:15.921   345   345 I RenderEngine: EGL information:
05-31 15:42:15.921   345   345 I RenderEngine: vendor    : Android
05-31 15:42:15.921   345   345 I RenderEngine: version   : 1.4 Android META-EGL
05-31 15:42:15.921   345   345 I RenderEngine: extensions: EGL_KHR_get_all_proc_addresses EGL_ANDROID_presentation_time EGL_KHR_swap_buffers_with_damage EGL_ANDROID_get_native_client_buffer EGL_ANDROID_front_buffer_auto_refresh EGL_ANDROID_get_frame_timestamps EGL_EXT_surface_SMPTE2086_metadata EGL_EXT_surface_CTA861_3_metadata EGL_KHR_image EGL_KHR_image_base EGL_KHR_gl_texture_2D_image EGL_KHR_fence_sync EGL_ANDROID_image_native_buffer EGL_KHR_wait_sync EGL_ANDROID_recordable 
05-31 15:42:15.921   345   345 I RenderEngine: Client API: OpenGL_ES
05-31 15:42:15.921   345   345 I RenderEngine: EGLSurface: 8-8-8-8, config=0x3
05-31 15:42:15.934   345   345 D EGL_emulation: eglCreateContext: 0xf0d01200: maj 2 min 0 rcv 2
05-31 15:42:15.901     0     0 I init    : Command 'write /sys/class/android_usb/android0/idVendor 18d1' action=sys.usb.config=adb && sys.usb.configfs=0 (/system/etc/init/hw/init.usb.rc:39) took 0ms and failed: Unable to write to file '/sys/class/android_usb/android0/idVendor': open() failed: Permission denied
05-31 15:42:15.909     0     0 I init    : Command 'write /sys/class/android_usb/android0/idProduct 4EE7' action=sys.usb.config=adb && sys.usb.configfs=0 (/system/etc/init/hw/init.usb.rc:40) took 0ms and failed: Unable to write to file '/sys/class/android_usb/android0/idProduct': open() failed: Permission denied
05-31 15:42:15.917     0     0 I init    : Command 'write /sys/class/android_usb/android0/functions ${sys.usb.config}' action=sys.usb.config=adb && sys.usb.configfs=0 (/system/etc/init/hw/init.usb.rc:41) took 0ms and failed: Unable to write to file '/sys/class/android_usb/android0/functions': open() failed: Permission denied
05-31 15:42:15.936   345   345 D EGL_emulation: eglMakeCurrent: 0xf0d01200: ver 2 0 (tinfo 0xf0ec0a50) (first time)
05-31 15:42:15.940   345   345 I RenderEngine: OpenGL ES informations:
05-31 15:42:15.940   345   345 I RenderEngine: vendor    : Google (Intel)
05-31 15:42:15.940   345   345 I RenderEngine: renderer  : Android Emulator OpenGL ES Translator (Intel(R) UHD Graphics)
05-31 15:42:15.940   345   345 I RenderEngine: version   : OpenGL ES 2.0 (4.5.0 - Build 27.20.100.9664)
