05-31 11:22:17.648   519   519 E IorapForwardingService: 	at com.android.internal.os.RuntimeInit$MethodAndArgsCaller.run(RuntimeInit.java:592)
05-31 11:22:17.648   519   519 E IorapForwardingService: 	at com.android.internal.os.ZygoteInit.main(ZygoteInit.java:925)
05-31 11:22:17.648   519   519 E IorapForwardingService: connectToRemoteAndConfigure - null iorap remote. check for Log.wtf?
05-31 11:22:17.648   519   519 W IorapForwardingService: Failed to connect to iorapd, is it down? Delay for 1000
05-31 11:22:17.648   519   519 D SystemServerTiming: IorapForwardingService took to complete: 7ms
05-31 11:22:17.648   519   519 I SystemServerTiming: SignedConfigService
05-31 11:22:17.648   519   519 D SystemServerTiming: SignedConfigService took to complete: 1ms
05-31 11:22:17.648   519   519 I SystemServerTiming: AppIntegrityService
05-31 11:22:17.648   519   519 I SystemServiceManager: Starting com.android.server.integrity.AppIntegrityManagerService
05-31 11:22:17.650   519   546 I DropBoxManagerService: add tag=system_server_wtf isTagEnabled=true flags=0x2
05-31 11:22:17.657   519   519 E IntegrityFileManager: Error creating staging and rules directory
05-31 11:22:17.659   519   519 D SystemServerTiming: AppIntegrityService took to complete: 11ms
05-31 11:22:17.660   519   519 I WindowManager: SAFE MODE not enabled
05-31 11:22:17.660   519   519 I SystemServerTiming: StartInputMethodManagerLifecycle
05-31 11:22:17.660   519   519 I SystemServiceManager: Starting com.android.server.inputmethod.InputMethodManagerService$Lifecycle
05-31 11:22:17.661   519   598 I WatchlistLoggingHandler: No need to aggregate record yet.
05-31 11:22:17.661   519   598 I WatchlistLoggingHandler: Milliseconds spent on tryAggregateRecords(): 23
05-31 11:22:17.661   519   519 D SystemServerTiming: StartInputMethodManagerLifecycle took to complete: 1ms
05-31 11:22:17.661   519   519 I SystemServerTiming: StartAccessibilityManagerService
05-31 11:22:17.661   519   519 I SystemServiceManager: Starting com.android.server.accessibility.AccessibilityManagerService$Lifecycle
05-31 11:22:17.663   519   519 D SystemServerTiming: StartAccessibilityManagerService took to complete: 2ms
05-31 11:22:17.663   519   519 I SystemServerTiming: MakeDisplayReady
05-31 11:22:17.665   519   538 I DropBoxManagerService: add tag=system_server_strictmode isTagEnabled=true flags=0x2
05-31 11:22:17.667   519   519 W InputReader: Device virtio_input_multi_touch_9 is associated with display ADISPLAY_ID_NONE.
05-31 11:22:17.667   519   519 W InputReader: Device virtio_input_multi_touch_7 is associated with display ADISPLAY_ID_NONE.
05-31 11:22:17.667   519   519 W InputReader: Device virtio_input_multi_touch_10 is associated with display ADISPLAY_ID_NONE.
05-31 11:22:17.667   519   519 W InputReader: Device virtio_input_multi_touch_4 is associated with display ADISPLAY_ID_NONE.
05-31 11:22:17.667   519   519 W InputReader: Device virtio_input_multi_touch_1 is associated with display ADISPLAY_ID_NONE.
05-31 11:22:17.667   519   519 W InputReader: Device virtio_input_multi_touch_6 is associated with display ADISPLAY_ID_NONE.
05-31 11:22:17.667   519   519 W InputReader: Device virtio_input_multi_touch_11 is associated with display ADISPLAY_ID_NONE.
05-31 11:22:17.667   519   519 W InputReader: Device virtio_input_multi_touch_3 is associated with display ADISPLAY_ID_NONE.
05-31 11:22:17.667   519   519 W InputReader: Device virtio_input_multi_touch_5 is associated with display ADISPLAY_ID_NONE.
05-31 11:22:17.667   519   519 W InputReader: Device virtio_input_multi_touch_2 is associated with display ADISPLAY_ID_NONE.
05-31 11:22:17.667   519   519 W InputReader: Device virtio_input_multi_touch_8 is associated with display ADISPLAY_ID_NONE.
05-31 11:22:17.667   519   519 W InputReader: Device virtio_input_multi_touch_9 is associated with display ADISPLAY_ID_NONE.
05-31 11:22:17.667   519   519 W InputReader: Device virtio_input_multi_touch_7 is associated with display ADISPLAY_ID_NONE.
05-31 11:22:17.667   519   519 W InputReader: Device virtio_input_multi_touch_10 is associated with display ADISPLAY_ID_NONE.
05-31 11:22:17.667   519   519 W InputReader: Device virtio_input_multi_touch_4 is associated with display ADISPLAY_ID_NONE.
05-31 11:22:17.667   519   519 W InputReader: Device virtio_input_multi_touch_1 is associated with display ADISPLAY_ID_NONE.
05-31 11:22:17.667   519   519 W InputReader: Device virtio_input_multi_touch_6 is associated with display ADISPLAY_ID_NONE.
05-31 11:22:17.668   519   519 W InputReader: Device virtio_input_multi_touch_11 is associated with display ADISPLAY_ID_NONE.
05-31 11:22:17.668   519   519 W InputReader: Device virtio_input_multi_touch_3 is associated with display ADISPLAY_ID_NONE.
05-31 11:22:17.668   519   519 W InputReader: Device virtio_input_multi_touch_5 is associated with display ADISPLAY_ID_NONE.
05-31 11:22:17.668   519   519 W InputReader: Device virtio_input_multi_touch_2 is associated with display ADISPLAY_ID_NONE.
05-31 11:22:17.668   519   519 W InputReader: Device virtio_input_multi_touch_8 is associated with display ADISPLAY_ID_NONE.
05-31 11:22:17.667   519   538 I DropBoxManagerService: add tag=system_server_strictmode isTagEnabled=true flags=0x2
05-31 11:22:17.669   519   519 I ActivityTaskManager: Config changes=20005df8 {1.0 ?mcc?mnc [en_US] ldltr sw411dp w411dp h796dp 560dpi nrml long port ?uimode ?night -touch qwerty/v/v dpad/v winConfig={ mBounds=Rect(0, 0 - 1440, 3040) mAppBounds=Rect(0, 0 - 1440, 2872) mWindowingMode=fullscreen mDisplayWindowingMode=fullscreen mActivityType=undefined mAlwaysOnTop=undefined mRotation=ROTATION_0} s.2}
05-31 11:22:17.670   519   538 I DropBoxManagerService: add tag=system_server_strictmode isTagEnabled=true flags=0x2
05-31 11:22:17.671   519   519 I WindowManager: Override config changes=60007dfc {1.0 ?mcc?mnc [en_US] ldltr sw411dp w411dp h796dp 560dpi nrml long port ?uimode ?night -touch qwerty/v/v dpad/v winConfig={ mBounds=Rect(0, 0 - 1440, 3040) mAppBounds=Rect(0, 0 - 1440, 2872) mWindowingMode=fullscreen mDisplayWindowingMode=fullscreen mActivityType=undefined mAlwaysOnTop=undefined mRotation=ROTATION_0} s.2} for displayId=0
05-31 11:22:17.673   519   538 I DropBoxManagerService: add tag=system_server_strictmode isTagEnabled=true flags=0x2
05-31 11:22:17.673   519   519 W InputReader: Device virtio_input_multi_touch_9 is associated with display ADISPLAY_ID_NONE.
05-31 11:22:17.673   519   519 W InputReader: Device virtio_input_multi_touch_7 is associated with display ADISPLAY_ID_NONE.
05-31 11:22:17.673   519   519 W InputReader: Device virtio_input_multi_touch_10 is associated with display ADISPLAY_ID_NONE.
05-31 11:22:17.673   519   519 W InputReader: Device virtio_input_multi_touch_4 is associated with display ADISPLAY_ID_NONE.
05-31 11:22:17.673   519   519 W InputReader: Device virtio_input_multi_touch_1 is associated with display ADISPLAY_ID_NONE.
05-31 11:22:17.673   519   519 W InputReader: Device virtio_input_multi_touch_6 is associated with display ADISPLAY_ID_NONE.
05-31 11:22:17.673   519   519 W InputReader: Device virtio_input_multi_touch_11 is associated with display ADISPLAY_ID_NONE.
05-31 11:22:17.673   519   519 W InputReader: Device virtio_input_multi_touch_3 is associated with display ADISPLAY_ID_NONE.
05-31 11:22:17.673   519   519 W InputReader: Device virtio_input_multi_touch_5 is associated with display ADISPLAY_ID_NONE.
05-31 11:22:17.673   519   519 W InputReader: Device virtio_input_multi_touch_2 is associated with display ADISPLAY_ID_NONE.
05-31 11:22:17.673   519   519 W InputReader: Device virtio_input_multi_touch_8 is associated with display ADISPLAY_ID_NONE.
05-31 11:22:17.674   519   519 I ActivityTaskManager: Config changes=8 {1.0 ?mcc?mnc [en_US] ldltr sw411dp w411dp h796dp 560dpi nrml long port ?uimode ?night finger qwerty/v/v dpad/v winConfig={ mBounds=Rect(0, 0 - 1440, 3040) mAppBounds=Rect(0, 0 - 1440, 2872) mWindowingMode=fullscreen mDisplayWindowingMode=fullscreen mActivityType=undefined mAlwaysOnTop=undefined mRotation=ROTATION_0} s.4}
05-31 11:22:17.675   519   519 I WindowManager: Override config changes=8 {1.0 ?mcc?mnc [en_US] ldltr sw411dp w411dp h796dp 560dpi nrml long port ?uimode ?night finger qwerty/v/v dpad/v winConfig={ mBounds=Rect(0, 0 - 1440, 3040) mAppBounds=Rect(0, 0 - 1440, 2872) mWindowingMode=fullscreen mDisplayWindowingMode=fullscreen mActivityType=undefined mAlwaysOnTop=undefined mRotation=ROTATION_0} s.4} for displayId=0
05-31 11:22:17.675   519   538 I DropBoxManagerService: add tag=system_server_strictmode isTagEnabled=true flags=0x2
05-31 11:22:17.678   519   538 I DropBoxManagerService: add tag=system_server_strictmode isTagEnabled=true flags=0x2
05-31 11:22:17.680   519   519 D SystemServerTiming: MakeDisplayReady took to complete: 17ms
05-31 11:22:17.680   519   519 I SystemServerTiming: StartStorageManagerService
05-31 11:22:17.680   519   519 I SystemServiceManager: Starting com.android.server.StorageManagerService$Lifecycle
05-31 11:22:17.681   519   539 I InputManager-JNI: Viewport [0] to add: local:8141603649153536, isActive: true
05-31 11:22:17.681   519   592 I InputReader: Reconfiguring input devices, changes=DISPLAY_INFO | 
05-31 11:22:17.681   519   592 I InputReader: Touch device 'virtio_input_multi_touch_9' could not query the properties of its associated display.  The device will be inoperable until the display size becomes available.
05-31 11:22:17.682   519   592 I InputReader: Touch device 'virtio_input_multi_touch_7' could not query the properties of its associated display.  The device will be inoperable until the display size becomes available.
05-31 11:22:17.682   519   592 I InputReader: Touch device 'virtio_input_multi_touch_10' could not query the properties of its associated display.  The device will be inoperable until the display size becomes available.
05-31 11:22:17.682   519   592 I InputReader: Touch device 'virtio_input_multi_touch_4' could not query the properties of its associated display.  The device will be inoperable until the display size becomes available.
05-31 11:22:17.604     0     0 I init    : Control message: Processed ctl.interface_start for 'android.hardware.input.classifier@1.0::IInputClassifier/default' from pid: 173 (/system/bin/hwservicemanager)
05-31 11:22:17.674     0     0 I init    : processing action (sys.sysctl.extra_free_kbytes=*) from (/system/etc/init/hw/init.rc:1002)
05-31 11:22:17.682   519   592 I InputReader: Device reconfigured: id=9, name='virtio_input_multi_touch_1', size 1440x3040, orientation 0, mode 1, display id 0
05-31 11:22:17.682   519   592 I InputReader: Touch device 'virtio_input_multi_touch_6' could not query the properties of its associated display.  The device will be inoperable until the display size becomes available.
05-31 11:22:17.682   519   592 I InputReader: Touch device 'virtio_input_multi_touch_11' could not query the properties of its associated display.  The device will be inoperable until the display size becomes available.
05-31 11:22:17.682   519   592 I InputReader: Touch device 'virtio_input_multi_touch_3' could not query the properties of its associated display.  The device will be inoperable until the display size becomes available.
05-31 11:22:17.682   519   592 I InputReader: Touch device 'virtio_input_multi_touch_5' could not query the properties of its associated display.  The device will be inoperable until the display size becomes available.
05-31 11:22:17.682   519   592 I InputReader: Touch device 'virtio_input_multi_touch_2' could not query the properties of its associated display.  The device will be inoperable until the display size becomes available.
05-31 11:22:17.682   519   592 I InputReader: Touch device 'virtio_input_multi_touch_8' could not query the properties of its associated display.  The device will be inoperable until the display size becomes available.
05-31 11:22:17.683   519   538 I DropBoxManagerService: add tag=system_server_strictmode isTagEnabled=true flags=0x2
05-31 11:22:17.693   425   434 D installd: Found quota mount /dev/block/dm-5 at /data
05-31 11:22:17.693   425   434 D installd: Found quota mount /dev/block/dm-5 at /data/user/0
05-31 11:22:17.693   519   538 I DropBoxManagerService: add tag=system_server_strictmode isTagEnabled=true flags=0x2
05-31 11:22:17.696   519   601 D StorageManagerService: Thinking about init, mBootCompleted=false, mDaemonConnected=true
05-31 11:22:17.696   519   601 D StorageManagerService: Thinking about reset, mBootCompleted=false, mDaemonConnected=true
05-31 11:22:17.696   519   538 I DropBoxManagerService: add tag=system_server_strictmode isTagEnabled=true flags=0x2
05-31 11:22:17.696   519   601 D StorageManagerService: Thinking about init, mBootCompleted=false, mDaemonConnected=true
05-31 11:22:17.696   519   601 D StorageManagerService: Thinking about reset, mBootCompleted=false, mDaemonConnected=true
05-31 11:22:17.696   519   519 D SystemServerTiming: StartStorageManagerService took to complete: 17ms
05-31 11:22:17.696   519   519 I SystemServerTiming: StartStorageStatsService
05-31 11:22:17.697   519   519 I SystemServiceManager: Starting com.android.server.usage.StorageStatsService$Lifecycle
05-31 11:22:17.698   425   434 D installd: Found quota mount /dev/block/dm-5 at /data
05-31 11:22:17.698   425   434 D installd: Found quota mount /dev/block/dm-5 at /data/user/0
05-31 11:22:17.699   425   434 D installd: Found quota mount /dev/block/dm-5 at /data
05-31 11:22:17.699   425   434 D installd: Found quota mount /dev/block/dm-5 at /data/user/0
05-31 11:22:17.699   519   538 I DropBoxManagerService: add tag=system_server_strictmode isTagEnabled=true flags=0x2
05-31 11:22:17.700   519   519 D SystemServerTiming: StartStorageStatsService took to complete: 3ms
05-31 11:22:17.700   519   519 I SystemServerTiming: StartUiModeManager
05-31 11:22:17.700   519   519 I SystemServiceManager: Starting com.android.server.UiModeManagerService
05-31 11:22:17.700   519   587 I SystemServerTimingAsync: InitThreadPoolExec:UiModeManager.onStart
05-31 11:22:17.700   519   587 D SystemServerInitThreadPool: Started executing UiModeManager.onStart
05-31 11:22:17.700   519   519 D SystemServerTiming: StartUiModeManager took to complete: 1ms
05-31 11:22:17.701   519   519 I SystemServerTiming: UpdatePackagesIfNeeded
05-31 11:22:17.701   519   519 I Watchdog: Pausing HandlerChecker: main thread for reason: dexopt. Pause count: 1
05-31 11:22:17.701   519   519 I Watchdog: Resuming HandlerChecker: main thread for reason: dexopt. Pause count: 0
05-31 11:22:17.701   519   519 D SystemServerTiming: UpdatePackagesIfNeeded took to complete: 0ms
05-31 11:22:17.701   519   519 I SystemServerTiming: PerformFstrimIfNeeded
05-31 11:22:17.702   519   519 D SystemServerTiming: PerformFstrimIfNeeded took to complete: 1ms
05-31 11:22:17.702   519   519 I SystemServerTiming: StartLockSettingsService
05-31 11:22:17.702   519   519 I SystemServiceManager: Starting com.android.server.locksettings.LockSettingsService$Lifecycle
05-31 11:22:17.710   519   587 D SystemServerInitThreadPool: Finished executing UiModeManager.onStart
05-31 11:22:17.710   519   587 D SystemServerTimingAsync: InitThreadPoolExec:UiModeManager.onStart took to complete: 9ms
05-31 11:22:17.721   519   519 D SystemServerTiming: StartLockSettingsService took to complete: 20ms
05-31 11:22:17.722   519   519 I SystemServerTiming: StartTestHarnessMode
05-31 11:22:17.723   519   519 I SystemServiceManager: Starting com.android.server.testharness.TestHarnessModeService
05-31 11:22:17.724   519   519 D SystemServerTiming: StartTestHarnessMode took to complete: 2ms
05-31 11:22:17.726   173   173 I hwservicemanager: getTransport: Cannot find entry android.hardware.oemlock@1.0::IOemLock/default in either framework or device manifest.
05-31 11:22:17.726   519   519 I OemLock : OemLock HAL not present on device
05-31 11:22:17.726   519   519 I SystemServerTiming: StartDeviceIdleController
05-31 11:22:17.727   519   519 I SystemServiceManager: Starting com.android.server.DeviceIdleController
05-31 11:22:17.732   519   519 D SystemServerTiming: StartDeviceIdleController took to complete: 5ms
05-31 11:22:17.732   519   519 I SystemServerTiming: StartDevicePolicyManager
05-31 11:22:17.732   519   519 I SystemServiceManager: Starting com.android.server.devicepolicy.DevicePolicyManagerService$Lifecycle
05-31 11:22:17.775   519   519 I DevicePolicyManager: Set ro.organization_owned property to false
05-31 11:22:17.779   519   519 D SystemServerTiming: StartDevicePolicyManager took to complete: 47ms
05-31 11:22:17.779   519   519 I SystemServerTiming: StartStatusBarManagerService
05-31 11:22:17.780   519   519 D SystemServerTiming: StartStatusBarManagerService took to complete: 1ms
05-31 11:22:17.780   519   519 D SystemServer: ContentCaptureService disabled because resource is not overlaid
05-31 11:22:17.780   519   519 D SystemServer: AttentionService is not configured on this device
05-31 11:22:17.780   519   519 D SystemServer: SystemCaptionsManagerService disabled because resource is not overlaid
05-31 11:22:17.780   519   519 D SystemServer: AppPredictionService not defined by OEM
05-31 11:22:17.780   519   519 D SystemServer: ContentSuggestionsService not defined by OEM
05-31 11:22:17.780   519   519 I SystemServerTiming: InitConnectivityModuleConnector
05-31 11:22:17.780   519   519 D ConnectivityModuleConnector: Network stack init
05-31 11:22:17.781   519   519 D SystemServerTiming: InitConnectivityModuleConnector took to complete: 1ms
05-31 11:22:17.781   519   519 I SystemServerTiming: InitNetworkStackClient
05-31 11:22:17.784   519   519 D SystemServerTiming: InitNetworkStackClient took to complete: 3ms
05-31 11:22:17.784   519   519 I SystemServerTiming: StartNetworkManagementService
05-31 11:22:17.799   519   519 D SystemServerTiming: StartNetworkManagementService took to complete: 16ms
05-31 11:22:17.799   519   519 I SystemServerTiming: StartIpSecService
05-31 11:22:17.800   519   519 D SystemServerTiming: StartIpSecService took to complete: 1ms
05-31 11:22:17.800   519   519 I SystemServerTiming: StartTextServicesManager
05-31 11:22:17.800   519   519 I SystemServiceManager: Starting com.android.server.textservices.TextServicesManagerService$Lifecycle
05-31 11:22:17.801   519   519 D SystemServerTiming: StartTextServicesManager took to complete: 0ms
05-31 11:22:17.801   519   519 I SystemServerTiming: StartTextClassificationManagerService
05-31 11:22:17.801   519   519 I SystemServiceManager: Starting com.android.server.textclassifier.TextClassificationManagerService$Lifecycle
05-31 11:22:17.802   519   519 D SystemServerTiming: StartTextClassificationManagerService took to complete: 0ms
05-31 11:22:17.802   519   519 I SystemServerTiming: StartNetworkScoreService
05-31 11:22:17.802   519   519 I SystemServiceManager: Starting com.android.server.NetworkScoreService$Lifecycle
05-31 11:22:17.802   519   519 I NetworkScoreService: Registering network_score
05-31 11:22:17.803   519   519 D SystemServerTiming: StartNetworkScoreService took to complete: 1ms
05-31 11:22:17.803   519   519 I SystemServerTiming: StartNetworkStatsService
05-31 11:22:17.804   519   519 D SystemServerTiming: StartNetworkStatsService took to complete: 1ms
05-31 11:22:17.804   519   519 I SystemServerTiming: StartNetworkPolicyManagerService
05-31 11:22:17.808   519   519 D SystemServerTiming: StartNetworkPolicyManagerService took to complete: 4ms
05-31 11:22:17.808   519   519 I SystemServerTiming: StartWifi
05-31 11:22:17.828   519   519 I SystemServiceManager: Starting com.android.server.wifi.WifiService
05-31 11:22:17.835   519   519 V NetworkScoreManager: registerNetworkScoreCallback: callback=com.android.server.wifi.WifiNetworkScoreCache@5ecd5ba, executor=com.android.wifi.x.android.os.HandlerExecutor@6d1dc6b
05-31 11:22:17.914   519   519 D WifiCountryCode: mDefaultCountryCode null
05-31 11:22:17.916   519   519 I WifiContext: Found Wifi Resources APK at: com.android.wifi.resources
05-31 11:22:17.959   519   519 D WifiOpenNetworkNotifier: Settings toggle enabled=true
05-31 11:22:17.980   519   519 W HalDevMgr: isWifiStarted called but mWifi is null!?
05-31 11:22:17.980   519   519 W HalDevMgr: isWifiStarted called but mWifi is null!?
05-31 11:22:17.982   519   519 D WakeupController: WifiWake enabled
05-31 11:22:17.982   519   519 E HistoricalRegistry: Interaction before persistence initialized
05-31 11:22:17.984   519   519 E WifiClientModeImpl: getWifiLinkLayerStats called without an interface
05-31 11:22:18.000   519   519 I WifiService: Registering wifi
05-31 11:22:18.001   519   519 D SystemServerTiming: StartWifi took to complete: 193ms
05-31 11:22:18.001   519   519 I SystemServerTiming: StartWifiScanning
05-31 11:22:18.001   519   519 I SystemServiceManager: Starting com.android.server.wifi.scanner.WifiScanningService
05-31 11:22:18.001   519   519 I WifiScanningService: Creating wifiscanner
05-31 11:22:18.006   519   519 I WifiScanningService: Publishing wifiscanner
05-31 11:22:18.008   519   519 D SystemServerTiming: StartWifiScanning took to complete: 7ms
05-31 11:22:18.008   519   519 I SystemServerTiming: StartWifiP2P
05-31 11:22:18.010   519   519 I SystemServiceManager: Starting com.android.server.wifi.p2p.WifiP2pService
05-31 11:22:18.021   519   519 W HalDevMgr: isWifiStarted called but mWifi is null!?
05-31 11:22:18.021   519   519 I WifiP2pService: Registering wifip2p
05-31 11:22:18.022   519   519 D SystemServerTiming: StartWifiP2P took to complete: 13ms
05-31 11:22:18.022   519   519 I SystemServerTiming: StartConnectivityService
05-31 11:22:18.048   519   519 D ConnectivityService: ConnectivityService starting up
05-31 11:22:18.050   519   519 D ConnectivityService: wifiOnly=false
05-31 11:22:18.052   519   519 D CompatibilityChangeReporter: Compat change id reported: 147600208; UID 1000; state: ENABLED
05-31 11:22:18.055   519   519 D SystemServerTiming: StartConnectivityService took to complete: 32ms
05-31 11:22:18.055   519   519 I SystemServerTiming: StartNsdService
05-31 11:22:18.056   519   519 D NsdService: Network service discovery is enabled
05-31 11:22:18.057   519   519 D SystemServerTiming: StartNsdService took to complete: 1ms
05-31 11:22:18.057   519   519 I SystemServerTiming: StartSystemUpdateManagerService
05-31 11:22:18.057   519   519 I SystemUpdateManagerService: No existing info file /data/system/system-update-info.xml
05-31 11:22:18.059   519   519 D SystemServerTiming: StartSystemUpdateManagerService took to complete: 2ms
05-31 11:22:18.059   519   519 I SystemServerTiming: StartUpdateLockService
05-31 11:22:18.060   519   519 D SystemServerTiming: StartUpdateLockService took to complete: 1ms
05-31 11:22:18.060   519   519 I SystemServerTiming: StartNotificationManager
05-31 11:22:18.060   519   519 I SystemServiceManager: Starting com.android.server.notification.NotificationManagerService
05-31 11:22:18.084   519   519 D ConditionProviders.SCP: new ScheduleConditionProvider()
05-31 11:22:18.091   519   519 I NotificationAssistants: Read notification assistant permissions from xml
05-31 11:22:18.091   519   519 I ConditionProviders: Read condition provider permissions from xml
05-31 11:22:18.091   519   519 I ConditionProviders: Read condition provider permissions from xml
05-31 11:22:18.091   519   519 D NotificationAssistants: Approving default notification assistant for user 0
05-31 11:22:18.091   519   519 I ConditionProviders:  Allowing condition provider android.ext.services/android.ext.services.notification.Assistant
05-31 11:22:18.109   519   519 D SystemServerTiming: StartNotificationManager took to complete: 49ms
05-31 11:22:18.109   519   519 I SystemServerTiming: StartDeviceMonitor
05-31 11:22:18.109   519   519 I SystemServiceManager: Starting com.android.server.storage.DeviceStorageMonitorService
05-31 11:22:18.111   519   519 D SystemServerTiming: StartDeviceMonitor took to complete: 2ms
05-31 11:22:18.111   519   519 I SystemServerTiming: StartLocationManagerService
05-31 11:22:18.111   519   519 I SystemServiceManager: Starting com.android.server.location.LocationManagerService$Lifecycle
05-31 11:22:18.115   519   519 D SystemServerTiming: StartLocationManagerService took to complete: 4ms
05-31 11:22:18.115   519   519 I SystemServerTiming: StartCountryDetectorService
05-31 11:22:18.115   519   519 D SystemServerTiming: StartCountryDetectorService took to complete: 1ms
05-31 11:22:18.115   519   519 I SystemServerTiming: StartTimeDetectorService
05-31 11:22:18.115   519   519 I SystemServiceManager: Starting com.android.server.timedetector.TimeDetectorService$Lifecycle
05-31 11:22:18.116   519   519 D SystemServerTiming: StartTimeDetectorService took to complete: 1ms
05-31 11:22:18.116   519   519 I SystemServerTiming: StartTimeZoneDetectorService
05-31 11:22:18.117   519   519 I SystemServiceManager: Starting com.android.server.timezonedetector.TimeZoneDetectorService$Lifecycle
05-31 11:22:18.117   519   519 D SystemServerTiming: StartTimeZoneDetectorService took to complete: 1ms
05-31 11:22:18.117   519   519 I SystemServerTiming: StartSearchManagerService
05-31 11:22:18.118   519   519 I SystemServiceManager: Starting com.android.server.search.SearchManagerService$Lifecycle
05-31 11:22:18.118   519   519 D SystemServerTiming: StartSearchManagerService took to complete: 1ms
05-31 11:22:18.118   519   519 I SystemServerTiming: StartWallpaperManagerService
05-31 11:22:18.119   519   519 I SystemServiceManager: Starting com.android.server.wallpaper.WallpaperManagerService$Lifecycle
05-31 11:22:18.119   519   519 D SystemServerTiming: StartWallpaperManagerService took to complete: 1ms
05-31 11:22:18.119   519   519 I SystemServerTiming: StartAudioService
05-31 11:22:18.119   519   519 I SystemServiceManager: Starting com.android.server.audio.AudioService$Lifecycle
05-31 11:22:18.144   338   338 I android.hardware.vibrator-service.example: Vibrator reporting capabilities
05-31 11:22:18.150   519   519 I android_os_HwBinder: HwBinder: Starting thread pool for getting: android.hidl.manager@1.0::IServiceManager/default
05-31 11:22:18.152   384   466 W AudioFlinger: no wake lock to update, system not ready yet
05-31 11:22:18.152   384   458 W AudioFlinger: no wake lock to update, system not ready yet
05-31 11:22:18.154   519   519 W TelecomManager: Telecom Service not found.
05-31 11:22:18.154   384   384 D PermissionCache: checking android.permission.MODIFY_AUDIO_ROUTING for uid=1000 => granted (376 us)
05-31 11:22:18.160   384   455 W APM::AudioPolicyEngine: getDevicesForStrategy() unknown strategy: -1
05-31 11:22:18.160   384   455 W APM::AudioPolicyEngine: getDevicesForStrategy() unknown strategy: -1
05-31 11:22:18.161   384   455 D PermissionCache: checking android.permission.MODIFY_AUDIO_SETTINGS for uid=1000 => granted (84 us)
05-31 11:22:18.193   384   455 D AudioFlinger: isLowRamDevice:false totalMemory:2076872704 mClientSharedHeapSize:4194304
05-31 11:22:18.194   519   519 D SystemServerTiming: StartAudioService took to complete: 74ms
05-31 11:22:18.194   519   519 I SystemServerTiming: StartSoundTriggerMiddlewareService
05-31 11:22:18.194   519   519 I SystemServiceManager: Starting com.android.server.soundtrigger_middleware.SoundTriggerMiddlewareService$Lifecycle
05-31 11:22:18.196   519   519 D SoundTriggerMiddlewareService: Connecting to default ISoundTriggerHw
05-31 11:22:18.199   519   519 I android_os_HwBinder: HwBinder: Starting thread pool for getting: android.hardware.soundtrigger@2.0::ISoundTriggerHw/default
05-31 11:22:18.203   519   519 D SystemServerTiming: StartSoundTriggerMiddlewareService took to complete: 9ms
05-31 11:22:18.203   519   519 I SystemServerTiming: StartDockObserver
05-31 11:22:18.203   519   519 I SystemServiceManager: Starting com.android.server.DockObserver
05-31 11:22:18.203   384   455 I CaptureStateNotifier: Registering a listener
05-31 11:22:18.203   519   519 W DockObserver: This kernel does not have dock station support
05-31 11:22:18.203   519   627 I SoundTriggerMiddlewareLogging: setCaptureState[this=com.android.server.soundtrigger_middleware.SoundTriggerMiddlewareImpl@d80bc7c, caller=1000/519](false)
05-31 11:22:18.204   519   519 D SystemServerTiming: StartDockObserver took to complete: 2ms
05-31 11:22:18.204   519   519 I SystemServerTiming: StartWiredAccessoryManager
05-31 11:22:18.206   519   519 W WiredAccessoryManager: This kernel does not have usb audio support
05-31 11:22:18.206   519   519 W WiredAccessoryManager: This kernel does not have HDMI audio support
05-31 11:22:18.206   519   519 D SystemServerTiming: StartWiredAccessoryManager took to complete: 2ms
05-31 11:22:18.207   519   519 I SystemServerTiming: StartMidiManager
05-31 11:22:18.207   519   519 I SystemServiceManager: Starting com.android.server.midi.MidiService$Lifecycle
05-31 11:22:18.208   519   519 D SystemServerTiming: StartMidiManager took to complete: 2ms
05-31 11:22:18.208   519   519 I SystemServerTiming: StartAdbService
05-31 11:22:18.208   519   519 I SystemServiceManager: Starting com.android.server.adb.AdbService$Lifecycle
05-31 11:22:18.209   519   519 D SystemServerTiming: StartAdbService took to complete: 1ms
05-31 11:22:18.209   519   519 I SystemServerTiming: StartUsbService
05-31 11:22:18.209   519   519 I SystemServiceManager: Starting com.android.server.usb.UsbService$Lifecycle
05-31 11:22:18.210   519   519 D SystemServerTiming: StartUsbService took to complete: 0ms
05-31 11:22:18.210   519   519 I SystemServerTiming: StartSerialService
05-31 11:22:18.210   519   543 I SystemServerTimingAsync: InitThreadPoolExec:UsbService$Lifecycle#onStart
05-31 11:22:18.210   519   543 D SystemServerInitThreadPool: Started executing UsbService$Lifecycle#onStart
05-31 11:22:18.210   519   519 D SystemServerTiming: StartSerialService took to complete: 1ms
05-31 11:22:18.210   519   519 I SystemServerTiming: StartHardwarePropertiesManagerService
05-31 11:22:18.211   519   519 D HardwarePropertiesManagerService-JNI: Link to death notification successful
05-31 11:22:18.212   519   519 D SystemServerTiming: StartHardwarePropertiesManagerService took to complete: 1ms
05-31 11:22:18.212   519   519 I SystemServerTiming: StartTwilightService
05-31 11:22:18.212   519   519 I SystemServiceManager: Starting com.android.server.twilight.TwilightService
05-31 11:22:18.212   519   519 D SystemServerTiming: StartTwilightService took to complete: 0ms
05-31 11:22:18.212   519   519 I SystemServerTiming: StartColorDisplay
05-31 11:22:18.212   519   519 I SystemServiceManager: Starting com.android.server.display.color.ColorDisplayService
05-31 11:22:18.212   519   543 E UsbDeviceManager: failed to write to /sys/class/android_usb/android0/f_rndis/ethaddr
05-31 11:22:18.213   173   173 I hwservicemanager: getTransport: Cannot find entry android.hardware.usb.gadget@1.0::IUsbGadget/default in either framework or device manifest.
05-31 11:22:18.216   519   519 D SystemServerTiming: StartColorDisplay took to complete: 4ms
05-31 11:22:18.216   519   519 I SystemServerTiming: StartJobScheduler
05-31 11:22:18.218   519   519 I SystemServiceManager: Starting com.android.server.job.JobSchedulerService
05-31 11:22:18.231   519   543 I UsbDeviceManager: USB GADGET HAL not present in the device
05-31 11:22:18.231   519   543 I UsbDeviceManager: java.util.NoSuchElementException
05-31 11:22:18.231   519   543 I UsbDeviceManager: 	at android.os.HwBinder.getService(Native Method)
05-31 11:22:18.231   519   543 I UsbDeviceManager: 	at android.hardware.usb.gadget.V1_0.IUsbGadget.getService(IUsbGadget.java:55)
05-31 11:22:18.231   519   543 I UsbDeviceManager: 	at android.hardware.usb.gadget.V1_0.IUsbGadget.getService(IUsbGadget.java:62)
05-31 11:22:18.231   519   543 I UsbDeviceManager: 	at com.android.server.usb.UsbDeviceManager.<init>(UsbDeviceManager.java:265)
05-31 11:22:18.231   519   543 I UsbDeviceManager: 	at com.android.server.usb.UsbService.<init>(UsbService.java:178)
05-31 11:22:18.231   519   543 I UsbDeviceManager: 	at com.android.server.usb.UsbService$Lifecycle.lambda$onStart$0$UsbService$Lifecycle(UsbService.java:92)
05-31 11:22:18.231   519   543 I UsbDeviceManager: 	at com.android.server.usb.-$$Lambda$UsbService$Lifecycle$KjOG0MXO3C0J-L5Ymrj6FnSwXwQ.run(Unknown Source:2)
05-31 11:22:18.231   519   543 I UsbDeviceManager: 	at com.android.server.SystemServerInitThreadPool.lambda$submitTask$0$SystemServerInitThreadPool(SystemServerInitThreadPool.java:103)
05-31 11:22:18.231   519   543 I UsbDeviceManager: 	at com.android.server.-$$Lambda$SystemServerInitThreadPool$o2_GLo0lnkotYmRdTfg66UETEwQ.run(Unknown Source:6)
05-31 11:22:18.231   519   543 I UsbDeviceManager: 	at java.util.concurrent.Executors$RunnableAdapter.call(Executors.java:462)
05-31 11:22:18.231   519   543 I UsbDeviceManager: 	at java.util.concurrent.FutureTask.run(FutureTask.java:266)
05-31 11:22:18.231   519   543 I UsbDeviceManager: 	at java.util.concurrent.ThreadPoolExecutor.runWorker(ThreadPoolExecutor.java:1167)
05-31 11:22:18.231   519   543 I UsbDeviceManager: 	at java.util.concurrent.ThreadPoolExecutor$Worker.run(ThreadPoolExecutor.java:641)
05-31 11:22:18.231   519   543 I UsbDeviceManager: 	at com.android.internal.util.ConcurrentUtils$1$1.run(ConcurrentUtils.java:65)
05-31 11:22:18.231   519   543 E UsbDeviceManagerJNI: could not open control for mtp No such file or directory
05-31 11:22:18.231   519   543 E UsbDeviceManager: Failed to open control for mtp
05-31 11:22:18.231   519   543 E UsbDeviceManagerJNI: could not open control for ptp No such file or directory
05-31 11:22:18.231   519   543 E UsbDeviceManager: Failed to open control for ptp
05-31 11:22:18.233   519   519 D JobStore: Start tag: job-info
05-31 11:22:18.239   519   519 I JobStore: Read 6 jobs
05-31 11:22:18.245   519   543 W StorageManagerService: No primary storage defined yet; hacking together a stub
05-31 11:22:18.247   519   543 E UsbDeviceManagerJNI: could not open /dev/usb_accessory
05-31 11:22:18.248   519   519 I TetheringManager: registerTetheringEventCallback:android
05-31 11:22:18.250   519   543 I android_os_HwBinder: HwBinder: Starting thread pool for getting: android.hidl.manager@1.0::IServiceManager/default
05-31 11:22:18.251   519   597 I UsbPortManager: Usb hal service started android.hardware.usb@1.0::IUsb default
05-31 11:22:18.252   519   597 I android_os_HwBinder: HwBinder: Starting thread pool for getting: android.hardware.usb@1.0::IUsb/default
05-31 11:22:18.252   323   323 I android.hardware.usb@1.0-service: registering callback
05-31 11:22:18.252   323   323 E android.hardware.usb@1.0-service: Failed to open /sys/class/dual_role_usb
05-31 11:22:18.253   323   633 E android.hardware.usb@1.0-service: creating thread
05-31 11:22:18.254   519   543 D SystemServerInitThreadPool: Finished executing UsbService$Lifecycle#onStart
05-31 11:22:18.254   519   543 D SystemServerTimingAsync: InitThreadPoolExec:UsbService$Lifecycle#onStart took to complete: 44ms
05-31 11:22:18.255   519   612 D ConnectivityService: NetReassign [no changes]
05-31 11:22:18.261   519   519 E HistoricalRegistry: Interaction before persistence initialized
05-31 11:22:18.262   519   519 D SystemServerTiming: StartJobScheduler took to complete: 46ms
05-31 11:22:18.262   519   519 I SystemServerTiming: StartSoundTrigger
05-31 11:22:18.262   519   519 I SystemServiceManager: Starting com.android.server.soundtrigger.SoundTriggerService
05-31 11:22:18.263   519   519 D SystemServerTiming: StartSoundTrigger took to complete: 2ms
05-31 11:22:18.263   519   519 I SystemServerTiming: StartTrustManager
05-31 11:22:18.263   519   519 I SystemServiceManager: Starting com.android.server.trust.TrustManagerService
05-31 11:22:18.265   426   426 D iorapd  : iorapd.perfetto.enable = true
05-31 11:22:18.265   426   426 D iorapd  : iorapd.readahead.enable = true
05-31 11:22:18.265   426   426 D iorapd  : iorapd.maintenance.min_traces = 1
05-31 11:22:18.267   519   519 D SystemServerTiming: StartTrustManager took to complete: 3ms
05-31 11:22:18.267   426   426 W iorapd  : Reconnect to package manager service: 1 times
05-31 11:22:18.267   519   519 I SystemServerTiming: StartBackupManager
05-31 11:22:18.267   519   519 I SystemServiceManager: Starting com.android.server.backup.BackupManagerService$Lifecycle
05-31 11:22:18.277   519   519 D SystemServerTiming: StartBackupManager took to complete: 11ms
05-31 11:22:18.278   519   519 I SystemServerTiming: StartAppWidgetService
05-31 11:22:18.278   519   519 I SystemServiceManager: Starting com.android.server.appwidget.AppWidgetService
05-31 11:22:18.284   519   519 D SystemServerTiming: StartAppWidgetService took to complete: 6ms
05-31 11:22:18.284   519   519 I SystemServerTiming: StartRoleManagerService
05-31 11:22:18.285   519   519 D SystemServerTiming: StartRoleManagerService took to complete: 1ms
05-31 11:22:18.285   519   519 I SystemServerTiming: StartVoiceRecognitionManager
05-31 11:22:18.285   519   519 I SystemServiceManager: Starting com.android.server.voiceinteraction.VoiceInteractionManagerService
05-31 11:22:18.285   634   634 D iorap.prefetcherd: Installing minijail
05-31 11:22:18.286   634   634 W iorap.prefetcherd: No seccomp filter defined for this architecture.
05-31 11:22:18.289   519   519 W VoiceInteractionManager: Unable to resolve default voice recognition service.
05-31 11:22:18.291   519   519 D SystemServerTiming: StartVoiceRecognitionManager took to complete: 5ms
05-31 11:22:18.291   519   519 I SystemServerTiming: StartGestureLauncher
05-31 11:22:18.291   519   519 I SystemServiceManager: Starting com.android.server.GestureLauncherService
05-31 11:22:18.291   519   519 D SystemServerTiming: StartGestureLauncher took to complete: 0ms
05-31 11:22:18.291   519   519 I SystemServerTiming: StartSensorNotification
05-31 11:22:18.291   519   519 I SystemServiceManager: Starting com.android.server.SensorNotificationService
05-31 11:22:18.291   519   519 D SystemServerTiming: StartSensorNotification took to complete: 0ms
05-31 11:22:18.292   519   519 I SystemServerTiming: StartDiskStatsService
05-31 11:22:18.294   519   519 D SystemServerTiming: StartDiskStatsService took to complete: 2ms
05-31 11:22:18.294   519   519 I SystemServerTiming: RuntimeService
05-31 11:22:18.294   519   519 D SystemServerTiming: RuntimeService took to complete: 0ms
05-31 11:22:18.294   519   519 I SystemServerTiming: StartNetworkTimeUpdateService
05-31 11:22:18.296   519   519 D SystemServerTiming: StartNetworkTimeUpdateService took to complete: 1ms
05-31 11:22:18.296   519   519 I SystemServerTiming: CertBlacklister
05-31 11:22:18.296   519   519 D SystemServerTiming: CertBlacklister took to complete: 0ms
05-31 11:22:18.296   519   519 I SystemServerTiming: StartEmergencyAffordanceService
05-31 11:22:18.296   519   519 I SystemServiceManager: Starting com.android.server.emergency.EmergencyAffordanceService
05-31 11:22:18.297   519   519 D SystemServerTiming: StartEmergencyAffordanceService took to complete: 0ms
05-31 11:22:18.297   519   572 I SystemServerTimingAsync: InitThreadPoolExec:startBlobStoreManagerService
05-31 11:22:18.297   519   572 D SystemServerInitThreadPool: Started executing startBlobStoreManagerService
05-31 11:22:18.297   519   572 I SystemServerTimingAsync: startBlobStoreManagerService
05-31 11:22:18.303   519   519 I SystemServerTiming: StartDreamManager
05-31 11:22:18.303   519   519 I SystemServiceManager: Starting com.android.server.dreams.DreamManagerService
05-31 11:22:18.304   519   519 D SystemServerTiming: StartDreamManager took to complete: 1ms
05-31 11:22:18.304   519   519 I SystemServerTiming: AddGraphicsStatsService
05-31 11:22:18.304   519   572 I SystemServiceManager: Starting com.android.server.blob.BlobStoreManagerService
05-31 11:22:18.306   519   519 D SystemServerTiming: AddGraphicsStatsService took to complete: 2ms
05-31 11:22:18.306   519   519 I SystemServerTiming: StartPrintManager
05-31 11:22:18.307   519   519 I SystemServiceManager: Starting com.android.server.print.PrintManagerService
05-31 11:22:18.309   283   289 I ServiceManager: Waiting for service 'statscompanion' on '/dev/binder'...
05-31 11:22:18.309   519   519 D SystemServerTiming: StartPrintManager took to complete: 3ms
05-31 11:22:18.309   519   519 I SystemServerTiming: StartCompanionDeviceManager
05-31 11:22:18.310   519   519 I SystemServiceManager: Starting com.android.server.companion.CompanionDeviceManagerService
05-31 11:22:18.311   519   519 D SystemServerTiming: StartCompanionDeviceManager took to complete: 1ms
05-31 11:22:18.311   519   519 I SystemServerTiming: StartRestrictionManager
05-31 11:22:18.311   519   572 D SystemServerTimingAsync: startBlobStoreManagerService took to complete: 14ms
05-31 11:22:18.311   519   572 D SystemServerInitThreadPool: Finished executing startBlobStoreManagerService
05-31 11:22:18.311   519   572 D SystemServerTimingAsync: InitThreadPoolExec:startBlobStoreManagerService took to complete: 15ms
05-31 11:22:18.311   519   519 I SystemServiceManager: Starting com.android.server.restrictions.RestrictionsManagerService
05-31 11:22:18.312   519   519 D SystemServerTiming: StartRestrictionManager took to complete: 1ms
05-31 11:22:18.312   519   519 I SystemServerTiming: StartMediaSessionService
05-31 11:22:18.312   519   519 I SystemServiceManager: Starting com.android.server.media.MediaSessionService
05-31 11:22:18.316   519   519 D SystemServerTiming: StartMediaSessionService took to complete: 4ms
05-31 11:22:18.316   519   519 I SystemServerTiming: StartMediaResourceMonitor
05-31 11:22:18.316   519   519 I SystemServiceManager: Starting com.android.server.media.MediaResourceMonitorService
05-31 11:22:18.316   519   519 D SystemServerTiming: StartMediaResourceMonitor took to complete: 1ms
05-31 11:22:18.316   519   519 I SystemServerTiming: StartMediaRouterService
05-31 11:22:18.317   519   519 D SystemServerTiming: StartMediaRouterService took to complete: 0ms
05-31 11:22:18.317   519   519 I SystemServerTiming: StartFingerprintSensor
05-31 11:22:18.317   519   519 I SystemServiceManager: Starting com.android.server.biometrics.fingerprint.FingerprintService
05-31 11:22:18.317   519   519 D SystemServerTiming: StartFingerprintSensor took to complete: 1ms
05-31 11:22:18.317   519   519 I SystemServerTiming: StartBiometricService
05-31 11:22:18.318   519   519 I SystemServiceManager: Starting com.android.server.biometrics.BiometricService
05-31 11:22:18.318   519   576 I SystemServerTimingAsync: InitThreadPoolExec:FingerprintService.onStart
05-31 11:22:18.318   519   576 D SystemServerInitThreadPool: Started executing FingerprintService.onStart
05-31 11:22:18.318   519   576 V FingerprintService: mDaemon was null, reconnect to fingerprint
05-31 11:22:18.318   519   576 I android_os_HwBinder: HwBinder: Starting thread pool for getting: android.hardware.biometrics.fingerprint@2.1::IBiometricsFingerprint/default
05-31 11:22:18.318   519   519 D SystemServerTiming: StartBiometricService took to complete: 1ms
05-31 11:22:18.319   519   519 I SystemServerTiming: StartAuthService
05-31 11:22:18.319   519   519 I SystemServiceManager: Starting com.android.server.biometrics.AuthService
05-31 11:22:18.319   519   519 D AuthService: Registering ID: 0 Modality: 2 Strength: 15
05-31 11:22:18.319   519   576 V FingerprintService: Fingerprint HAL id: 4077397152
05-31 11:22:18.319   519   519 D FingerprintService: initConfiguredStrengthInternal(15)
05-31 11:22:18.319   519   519 D BiometricService: Registering ID: 0 Modality: 2 Strength: 15
05-31 11:22:18.320   519   519 D BiometricStrengthController: Flags are null or empty
05-31 11:22:18.320   519   519 D SystemServerTiming: StartAuthService took to complete: 1ms
05-31 11:22:18.320   519   519 I SystemServerTiming: StartBackgroundDexOptService
05-31 11:22:18.320   519   519 W BackgroundDexOptService: SysProp pm.dexopt.downgrade_after_inactive_days not set
05-31 11:22:18.320   454   454 D FingerprintHal: ----------------> fingerprint_set_active_group -----------------> path /data/vendor_de/0/fpdata
05-31 11:22:18.320   454   454 D FingerprintHal: ----------------> loadFingerprints ----------------->
05-31 11:22:18.321   454   454 E FingerprintHal: Could not load fingerprints from storage at /data/vendor_de/0/fpdata/emufp.bin; it has not yet been created.
05-31 11:22:18.321   454   454 D FingerprintHal: ----------------> loadAuthenticatorId ----------------->
05-31 11:22:18.321   519   519 D SystemServerTiming: StartBackgroundDexOptService took to complete: 1ms
05-31 11:22:18.321   519   519 I SystemServerTiming: StartDynamicCodeLoggingService
05-31 11:22:18.322   519   519 D SystemServerTiming: StartDynamicCodeLoggingService took to complete: 1ms
05-31 11:22:18.322   519   519 I SystemServerTiming: StartPruneInstantAppsJobService
05-31 11:22:18.323   454   454 D FingerprintHal: Read authenticator id (0x6b8b4567327b23c6)
05-31 11:22:18.323   519   519 D SystemServerTiming: StartPruneInstantAppsJobService took to complete: 0ms
05-31 11:22:18.323   519   519 I SystemServerTiming: StartShortcutServiceLifecycle
05-31 11:22:18.323   519   519 I SystemServiceManager: Starting com.android.server.pm.ShortcutService$Lifecycle
05-31 11:22:18.323   519   576 V FingerprintService: Enumerating user(0)
05-31 11:22:18.324   519   576 D SystemServerInitThreadPool: Finished executing FingerprintService.onStart
05-31 11:22:18.324   519   576 D SystemServerTimingAsync: InitThreadPoolExec:FingerprintService.onStart took to complete: 6ms
05-31 11:22:18.326   519   519 E HistoricalRegistry: Interaction before persistence initialized
05-31 11:22:18.327   519   519 D SystemServerTiming: StartShortcutServiceLifecycle took to complete: 4ms
05-31 11:22:18.327   519   519 I SystemServerTiming: StartLauncherAppsService
05-31 11:22:18.327   519   519 I SystemServiceManager: Starting com.android.server.pm.LauncherAppsService
05-31 11:22:18.328   519   519 D SystemServerTiming: StartLauncherAppsService took to complete: 2ms
05-31 11:22:18.328   519   519 I SystemServerTiming: StartCrossProfileAppsService
05-31 11:22:18.329   519   519 I SystemServiceManager: Starting com.android.server.pm.CrossProfileAppsService
05-31 11:22:18.329   519   519 D SystemServerTiming: StartCrossProfileAppsService took to complete: 1ms
05-31 11:22:18.329   519   519 I SystemServerTiming: StartPeopleService
05-31 11:22:18.329   519   519 I SystemServiceManager: Starting com.android.server.people.PeopleService
05-31 11:22:18.330   519   519 D SystemServerTiming: StartPeopleService took to complete: 0ms
05-31 11:22:18.330   519   519 I SystemServerTiming: StartMediaProjectionManager
05-31 11:22:18.330   519   519 I SystemServiceManager: Starting com.android.server.media.projection.MediaProjectionManagerService
05-31 11:22:18.332   519   519 V MediaRouter: Selecting route: RouteInfo{ name=Phone, description=null, status=null, category=RouteCategory{ name=System types=ROUTE_TYPE_LIVE_AUDIO ROUTE_TYPE_LIVE_VIDEO  groupable=false }, supportedTypes=ROUTE_TYPE_LIVE_AUDIO ROUTE_TYPE_LIVE_VIDEO , presentationDisplay=null }
05-31 11:22:18.333   519   519 D SystemServerTiming: StartMediaProjectionManager took to complete: 3ms
05-31 11:22:18.333   519   519 I SystemServerTiming: StartSliceManagerService
05-31 11:22:18.333   519   519 I SystemServiceManager: Starting com.android.server.slice.SliceManagerService$Lifecycle
05-31 11:22:18.337   519   519 D SystemServerTiming: StartSliceManagerService took to complete: 3ms
05-31 11:22:18.337   519   519 I SystemServerTiming: StartCameraServiceProxy
05-31 11:22:18.337   519   519 I SystemServiceManager: Starting com.android.server.camera.CameraServiceProxy
05-31 11:22:18.339   519   519 D SystemServerTiming: StartCameraServiceProxy took to complete: 1ms
05-31 11:22:18.339   519   519 I SystemServerTiming: StartStatsCompanion
05-31 11:22:18.345   519   519 I SystemServiceManager: Starting com.android.server.stats.StatsCompanion$Lifecycle
05-31 11:22:18.349   519   519 D SystemServerTiming: StartStatsCompanion took to complete: 9ms
05-31 11:22:18.349   519   519 I SystemServerTiming: StartStatsPullAtomService
05-31 11:22:18.359   519   519 I SystemServiceManager: Starting com.android.server.stats.pull.StatsPullAtomService
05-31 11:22:18.359   519   519 D SystemServerTiming: StartStatsPullAtomService took to complete: 10ms
05-31 11:22:18.359   519   519 I SystemServerTiming: StartIncidentCompanionService
05-31 11:22:18.360   519   519 I SystemServiceManager: Starting com.android.server.incident.IncidentCompanionService
05-31 11:22:18.360   519   519 D SystemServerTiming: StartIncidentCompanionService took to complete: 0ms
05-31 11:22:18.360   519   519 I SystemServerTiming: StartMmsService
05-31 11:22:18.360   519   519 I SystemServiceManager: Starting com.android.server.MmsServiceBroker
05-31 11:22:18.361   519   519 D SystemServerTiming: StartMmsService took to complete: 1ms
05-31 11:22:18.361   519   519 I SystemServerTiming: StartAutoFillService
05-31 11:22:18.367   519   519 I SystemServiceManager: Starting com.android.server.autofill.AutofillManagerService
05-31 11:22:18.368   519   519 D AutofillManagerService: setLogLevelFromSettings(): level=2, debug=true, verbose=false
05-31 11:22:18.368   519   519 D AutofillManagerService: setMaxPartitionsFromSettings(): 10
05-31 11:22:18.368   519   519 D AutofillManagerService: setMaxVisibleDatasetsFromSettings(): 0
05-31 11:22:18.370   519   519 E AutofillManagerServiceImpl: Bad service name: com.google.android.gms/.autofill.service.AutofillService
05-31 11:22:18.370   519   519 D AutofillManagerServiceImpl: Reset component for user 0:com.google.android.gms/.autofill.service.AutofillService
05-31 11:22:18.370   519   537 D AutofillUI: destroySaveUiUiThread(): already destroyed
05-31 11:22:18.371   519   519 D SystemServerTiming: StartAutoFillService took to complete: 11ms
