05-31 12:50:30.607  1581  1581 D installd: Applied hard quotas for 10071
05-31 12:50:30.628  1581  1581 D installd: Applied hard quotas for 10033
05-31 12:50:30.633  1710  1710 I SettingsState: No settings state /data/system/users/0/settings_system.xml
05-31 12:50:30.641  1581  1581 D installd: Applied hard quotas for 10035
05-31 12:50:30.649  1710  1710 I SettingsState: No settings state /data/system/users/0/settings_secure.xml
05-31 12:50:30.654  1710  1710 D SettingsProvider: Generated and saved new ANDROID_ID [e55538790bc3fb0d] for user 0
05-31 12:50:30.656  1581  1786 D installd: Applied hard quotas for 10051
05-31 12:50:30.669  1710  1710 I SettingsState: No settings state /data/system/users/0/settings_global.xml
05-31 12:50:30.681  1581  1786 D installd: Applied hard quotas for 10062
05-31 12:50:30.688  1710  1710 D SettingsProvider: Setting [com.google.android.gms/.autofill.service.AutofillService] as Autofill Service for user 0
05-31 12:50:30.694  1581  1786 D installd: Applied hard quotas for 10006
05-31 12:50:30.698  1581  1786 W installd: Requested default storage /data/user_de/0/com.android.cellbroadcastreceiver is not active; migrating from /data/data/com.android.cellbroadcastreceiver
05-31 12:50:30.715  1581  1581 D installd: Applied hard quotas for 10077
05-31 12:50:30.725  1581  1786 D installd: Applied hard quotas for 10052
05-31 12:50:30.729  1710  1710 I SettingsState: No settings state /data/system/users/0/settings_ssaid.xml
05-31 12:50:30.740  1710  1710 D SystemServerTiming: InstallSystemProviders took to complete: 356ms
05-31 12:50:30.740  1710  1710 I SystemServer: StartVibratorService
05-31 12:50:30.743  1390  1390 W /system/bin/hwservicemanager: getTransport: Cannot find entry android.hardware.vibrator@1.0::IVibrator/default in either framework or device manifest.
05-31 12:50:30.743  1581  1786 D installd: Applied hard quotas for 10049
05-31 12:50:30.745  1390  1390 W /system/bin/hwservicemanager: getTransport: Cannot find entry android.hardware.vibrator@1.0::IVibrator/default in either framework or device manifest.
05-31 12:50:30.745  1710  1710 E VibratorService: vibratorOff command failed (1).
05-31 12:50:30.746  1390  1390 W /system/bin/hwservicemanager: getTransport: Cannot find entry android.hardware.vibrator@1.0::IVibrator/default in either framework or device manifest.
05-31 12:50:30.748  1710  1710 D SystemServerTiming: StartVibratorService took to complete: 8ms
05-31 12:50:30.748  1710  1710 I SystemServer: StartConsumerIrService
05-31 12:50:30.750  1390  1390 W /system/bin/hwservicemanager: getTransport: Cannot find entry android.hardware.ir@1.0::IConsumerIr/default in either framework or device manifest.
05-31 12:50:30.751  1710  1710 D SystemServerTiming: StartConsumerIrService took to complete: 3ms
05-31 12:50:30.751  1710  1710 I SystemServer: StartAlarmManagerService
05-31 12:50:30.752  1710  1710 I SystemServiceManager: Starting com.android.server.AlarmManagerService
05-31 12:50:30.759  1710  1710 W AlarmManagerService: no wall clock RTC found
05-31 12:50:30.760  1710  1710 D AlarmManagerService: Kernel timezone updated to 0 minutes west of GMT
05-31 12:50:30.760  1581  1786 D installd: Applied hard quotas for 10047
05-31 12:50:30.772  1710  1710 D SystemServerTiming: StartAlarmManagerService took to complete: 21ms
05-31 12:50:30.773  1710  1710 I SystemServer: InitWatchdog
05-31 12:50:30.774  1710  1710 D SystemServerTiming: InitWatchdog took to complete: 1ms
05-31 12:50:30.775  1710  1710 I SystemServer: StartInputManagerService
05-31 12:50:30.781  1581  1581 D installd: Applied hard quotas for 10014
05-31 12:50:30.782  1710  1710 I InputManager: Initializing input manager, mUseDevInputEventForAudioJack=true
05-31 12:50:30.782  1710  1710 D SystemServerTiming: StartInputManagerService took to complete: 7ms
05-31 12:50:30.783  1710  1710 I SystemServer: StartWindowManagerService
05-31 12:50:30.811  1581  1786 D installd: Applied hard quotas for 10056
05-31 12:50:30.827  1581  1581 D installd: Applied hard quotas for 10076
05-31 12:50:30.840  1581  1786 D installd: Applied hard quotas for 10001
05-31 12:50:30.852  1581  1786 D installd: Applied hard quotas for 10019
05-31 12:50:30.857  1581  1581 D installd: Applied hard quotas for 10064
05-31 12:50:30.862  1581  1581 D installd: Applied hard quotas for 10074
05-31 12:50:30.890  1581  1786 D installd: Applied hard quotas for 10024
05-31 12:50:30.902  1581  1581 D installd: Applied hard quotas for 10075
05-31 12:50:30.903  1710  1740 I WindowManager: No existing display settings /data/system/display_settings.xml; starting empty
05-31 12:50:30.913  1581  1581 D installd: Applied hard quotas for 10036
05-31 12:50:30.933  1581  1581 D installd: Applied hard quotas for 10017
05-31 12:50:30.946  1581  1581 D installd: Applied hard quotas for 10054
05-31 12:50:30.953  1581  1786 D installd: Applied hard quotas for 10069
05-31 12:50:30.961  1581  1786 D installd: Applied hard quotas for 10045
05-31 12:50:30.996  1581  1786 D installd: Applied hard quotas for 10022
05-31 12:50:31.001  1710  1734 W ShortcutManager: Unable to add bookmark: com.google.android.talk/com.google.android.talk.SigningInActivity
05-31 12:50:31.001  1710  1734 W ShortcutManager: android.content.pm.PackageManager$NameNotFoundException: ComponentInfo{com.google.android.talk/com.google.android.talk.SigningInActivity}
05-31 12:50:31.001  1710  1734 W ShortcutManager: 	at android.app.ApplicationPackageManager.getActivityInfo(ApplicationPackageManager.java:418)
05-31 12:50:31.001  1710  1734 W ShortcutManager: 	at com.android.server.policy.ShortcutManager.loadShortcuts(ShortcutManager.java:142)
05-31 12:50:31.001  1710  1734 W ShortcutManager: 	at com.android.server.policy.ShortcutManager.<init>(ShortcutManager.java:62)
05-31 12:50:31.001  1710  1734 W ShortcutManager: 	at com.android.server.policy.PhoneWindowManager.init(PhoneWindowManager.java:1917)
05-31 12:50:31.001  1710  1734 W ShortcutManager: 	at com.android.server.wm.WindowManagerService$3.run(WindowManagerService.java:1020)
05-31 12:50:31.001  1710  1734 W ShortcutManager: 	at android.os.Handler$BlockingRunnable.run(Handler.java:810)
05-31 12:50:31.001  1710  1734 W ShortcutManager: 	at android.os.Handler.handleCallback(Handler.java:790)
05-31 12:50:31.001  1710  1734 W ShortcutManager: 	at android.os.Handler.dispatchMessage(Handler.java:99)
05-31 12:50:31.001  1710  1734 W ShortcutManager: 	at android.os.Looper.loop(Looper.java:164)
05-31 12:50:31.001  1710  1734 W ShortcutManager: 	at android.os.HandlerThread.run(HandlerThread.java:65)
05-31 12:50:31.001  1710  1734 W ShortcutManager: 	at com.android.server.ServiceThread.run(ServiceThread.java:46)
05-31 12:50:31.001  1710  1734 W ShortcutManager: 	at com.android.server.UiThread.run(UiThread.java:42)
05-31 12:50:31.009  1581  1601 D installd: Applied hard quotas for 10067
05-31 12:50:31.017  1581  1601 D installd: Applied hard quotas for 10060
05-31 12:50:31.029  1710  1710 D SystemServerTiming: StartWindowManagerService took to complete: 246ms
05-31 12:50:31.029  1710  1710 I SystemServer: StartVrManagerService
05-31 12:50:31.029  1710  1710 I SystemServiceManager: Starting com.android.server.vr.VrManagerService
05-31 12:50:31.029  1710  1789 D SystemServerInitThreadPool: Started executing StartHidlServices
05-31 12:50:31.033  1581  1786 D installd: Applied hard quotas for 10063
05-31 12:50:31.049  1581  1786 D installd: Applied hard quotas for 10021
05-31 12:50:31.049  1390  1390 W /system/bin/hwservicemanager: getTransport: Cannot find entry android.hardware.vr@1.0::IVr/default in either framework or device manifest.
05-31 12:50:31.049  1710  1710 W VrManagerService: init_native: Could not open IVr interface
05-31 12:50:31.051  1710  1710 D SystemServerTiming: StartVrManagerService took to complete: 22ms
05-31 12:50:31.052  1710  1710 I SystemServer: SetWindowManagerService
05-31 12:50:31.061  1710  1789 D SystemServerTimingAsync: StartHidlServices took to complete: 32ms
05-31 12:50:31.061  1710  1789 D SystemServerInitThreadPool: Finished executing StartHidlServices
05-31 12:50:31.067  1710  1710 D SystemServerTiming: SetWindowManagerService took to complete: 15ms
05-31 12:50:31.067  1710  1710 I SystemServer: StartInputManager
05-31 12:50:31.067  1710  1710 I InputManager: Starting input manager
05-31 12:50:31.082  1710  1710 D SystemServerTiming: StartInputManager took to complete: 15ms
05-31 12:50:31.083  1710  1806 I EventHub: wakeMechanism=EPOLLWAKEUP, usingClockIoctl=true
05-31 12:50:31.083  1710  1710 I SystemServer: DisplayManagerWindowManagerAndInputReady
05-31 12:50:31.084  1710  1806 I EventHub: New device: id=1, fd=96, path='/dev/input/event2', name='goldfish_rotary', classes=0x1000, configuration='/system/usr/idc/goldfish_rotary.idc', keyLayout='', keyCharacterMap='', builtinKeyboard=false, 
05-31 12:50:31.084  1710  1806 E EventHub: could not get driver version for /dev/input/mice, Not a typewriter
05-31 12:50:31.085  1710  1710 D SystemServerTiming: DisplayManagerWindowManagerAndInputReady took to complete: 0ms
05-31 12:50:31.085  1710  1710 I SystemServer: No Bluetooth Service (emulator)
05-31 12:50:31.085  1710  1710 I SystemServer: IpConnectivityMetrics
05-31 12:50:31.086  1581  1601 D installd: Applied hard quotas for 10028
05-31 12:50:31.086  1710  1710 I SystemServiceManager: Starting com.android.server.connectivity.IpConnectivityMetrics
05-31 12:50:31.091  1710  1710 D SystemServerTiming: IpConnectivityMetrics took to complete: 5ms
05-31 12:50:31.091  1710  1710 I SystemServer: PinnerService
05-31 12:50:31.092  1710  1710 I SystemServiceManager: Starting com.android.server.PinnerService
05-31 12:50:31.097  1581  1601 D installd: Applied hard quotas for 10065
05-31 12:50:31.097  1710  1710 D SystemServerTiming: PinnerService took to complete: 6ms
05-31 12:50:31.097  1710  1710 I SystemServer: StartInputMethodManagerLifecycle
05-31 12:50:31.099  1710  1710 I SystemServiceManager: Starting com.android.server.InputMethodManagerService$Lifecycle
05-31 12:50:31.114  1581  1601 D installd: Applied hard quotas for 10034
05-31 12:50:31.128  1710  1710 D SystemServerTiming: StartInputMethodManagerLifecycle took to complete: 29ms
05-31 12:50:31.128  1710  1710 I SystemServer: StartAccessibilityManagerService
05-31 12:50:31.129  1581  1601 D installd: Applied hard quotas for 10057
05-31 12:50:31.142  1710  1710 D SystemServerTiming: StartAccessibilityManagerService took to complete: 13ms
05-31 12:50:31.142  1710  1710 I SystemServer: MakeDisplayReady
05-31 12:50:31.146  1710  1710 I ActivityManager: Config changes=5df8 {1.0 ?mcc?mnc [en_US] ldltr sw411dp w411dp h731dp 560dpi nrml long port ?uimode ?night -touch -keyb/h/h -nav/h appBounds=Rect(0, 0 - 1440, 2560) s.2}
05-31 12:50:31.146  1581  1601 D installd: Applied hard quotas for 10048
05-31 12:50:31.149  1710  1710 I ActivityManager: Override config changes=40007dfc {1.0 ?mcc?mnc [en_US] ldltr sw411dp w411dp h731dp 560dpi nrml long port ?uimode ?night -touch -keyb/h/h -nav/h appBounds=Rect(0, 0 - 1440, 2560) s.2} for displayId=0
05-31 12:50:31.163  1710  1732 I UsageStatsDatabase: Upgrading from version 0 to 3
05-31 12:50:31.163  1710  1732 I UsageStatsDatabase: Deleting all usage stats files
05-31 12:50:31.164  1710  1710 W LocalDisplayAdapter: Unable to find color mode 0, ignoring request.
05-31 12:50:31.167  1581  1786 D installd: Applied hard quotas for 10042
05-31 12:50:31.168  1710  1732 I UsageStatsService: User[0] Rollover scheduled @ 2022-06-01 07:20:31(1654068031149)
05-31 12:50:31.169  1710  1732 D UsageStatsService: Initializing defaults for system apps on user 0
05-31 12:50:31.172  1710  1732 E AppIdleHistory: Unable to read app idle file for user 0
05-31 12:50:31.174  1710  1710 I ActivityManager: Config changes=500 {1.0 ?mcc?mnc [en_US] ldltr sw411dp w411dp h659dp 560dpi nrml port ?uimode ?night -touch -keyb/h/h -nav/h appBounds=Rect(0, 0 - 1440, 2392) s.3}
05-31 12:50:31.179  1710  1710 I ActivityManager: Override config changes=500 {1.0 ?mcc?mnc [en_US] ldltr sw411dp w411dp h659dp 560dpi nrml port ?uimode ?night -touch -keyb/h/h -nav/h appBounds=Rect(0, 0 - 1440, 2392) s.3} for displayId=0
05-31 12:50:31.185  1581  1786 D installd: Applied hard quotas for 10030
05-31 12:50:31.188  1710  1710 W LocalDisplayAdapter: Unable to find color mode 0, ignoring request.
05-31 12:50:31.190  1710  1710 D SystemServerTiming: MakeDisplayReady took to complete: 47ms
05-31 12:50:31.192  1710  1710 I SystemServer: StartStorageManagerService
05-31 12:50:31.193  1710  1806 D EventHub: No input device configuration file found for device 'Power Button'.
05-31 12:50:31.193  1710  1710 I SystemServiceManager: Starting com.android.server.StorageManagerService$Lifecycle
05-31 12:50:31.210  1581  1601 D installd: Applied hard quotas for 10031
05-31 12:50:31.213  1710  1806 W EventHub: Unable to disable kernel key repeat for /dev/input/event0: Function not implemented
05-31 12:50:31.213  1710  1806 I EventHub: wakeMechanism=EPOLLWAKEUP, usingClockIoctl=true
05-31 12:50:31.213  1710  1806 I EventHub: New device: id=2, fd=99, path='/dev/input/event0', name='Power Button', classes=0x1, configuration='', keyLayout='/system/usr/keylayout/Generic.kl', keyCharacterMap='/system/usr/keychars/Generic.kcm', builtinKeyboard=false, 
05-31 12:50:31.226  1710  1806 W EventHub: Unable to disable kernel key repeat for /dev/input/event1: Function not implemented
05-31 12:50:31.226  1710  1806 I EventHub: wakeMechanism=EPOLLWAKEUP, usingClockIoctl=true
05-31 12:50:31.226  1710  1806 I EventHub: New device: id=3, fd=100, path='/dev/input/event1', name='qwerty2', classes=0x97, configuration='/system/usr/idc/qwerty2.idc', keyLayout='/system/usr/keylayout/qwerty.kl', keyCharacterMap='/system/usr/keychars/qwerty2.kcm', builtinKeyboard=true, 
05-31 12:50:31.226  1710  1806 E EventHub: could not get driver version for /dev/input/mouse0, Not a typewriter
05-31 12:50:31.231  1710  1710 D SystemServerTiming: StartStorageManagerService took to complete: 39ms
05-31 12:50:31.232  1710  1710 I SystemServer: StartStorageStatsService
05-31 12:50:31.234  1710  1710 I SystemServiceManager: Starting com.android.server.usage.StorageStatsService$Lifecycle
05-31 12:50:31.243  1581  1786 W installd: Requested default storage /data/user_de/0/com.android.providers.blockednumber is not active; migrating from /data/data/com.android.providers.blockednumber
05-31 12:50:31.243  1710  1807 D StorageManagerService: Thinking about init, mSystemReady=false, mDaemonConnected=true
05-31 12:50:31.244  1710  1807 D StorageManagerService: Thinking about reset, mSystemReady=false, mDaemonConnected=true
05-31 12:50:31.246  1710  1807 D StorageManagerService: Thinking about init, mSystemReady=false, mDaemonConnected=true
05-31 12:50:31.246  1710  1807 D StorageManagerService: Thinking about reset, mSystemReady=false, mDaemonConnected=true
05-31 12:50:31.251  1581  1786 D installd: Found quota mount /dev/block/dm-0 at /data
05-31 12:50:31.252  1710  1807 W StorageManagerService: No primary storage mounted!
05-31 12:50:31.252  1581  1786 D installd: Found quota mount /dev/block/dm-0 at /data/var/run/netns
05-31 12:50:31.253  1710  1807 D VoldConnector: SND -> {1 asec list}
05-31 12:50:31.254  1581  1581 D installd: Found quota mount /dev/block/dm-0 at /data
05-31 12:50:31.255  1581  1581 D installd: Found quota mount /dev/block/dm-0 at /data/var/run/netns
05-31 12:50:31.266  1710  1710 D SystemServerTiming: StartStorageStatsService took to complete: 34ms
05-31 12:50:31.266  1710  1710 I SystemServer: StartUiModeManager
05-31 12:50:31.267  1710  1710 I SystemServiceManager: Starting com.android.server.UiModeManagerService
05-31 12:50:31.270  1710  1808 D VoldConnector: RCV <- {200 1 asec operation succeeded}
05-31 12:50:31.276  1710  1807 I PackageManager: No secure containers found
05-31 12:50:31.276  1581  1581 D installd: Applied hard quotas for 10013
05-31 12:50:31.282  1710  1731 D SystemServerInitThreadPool: Started executing UiModeManager.onStart
05-31 12:50:31.283  1710  1731 I ActivityManager: Config changes=200 {1.0 ?mcc?mnc [en_US] ldltr sw411dp w411dp h659dp 560dpi nrml port -touch -keyb/h/h -nav/h appBounds=Rect(0, 0 - 1440, 2392) s.4}
05-31 12:50:31.288  1710  1710 D SystemServerTiming: StartUiModeManager took to complete: 21ms
05-31 12:50:31.288  1710  1710 I SystemServer: UpdatePackagesIfNeeded
05-31 12:50:31.290  1710  1731 I ActivityManager: Override config changes=200 {1.0 ?mcc?mnc [en_US] ldltr sw411dp w411dp h659dp 560dpi nrml port -touch -keyb/h/h -nav/h appBounds=Rect(0, 0 - 1440, 2392) s.4} for displayId=0
05-31 12:50:31.296  1710  1731 D SystemServerInitThreadPool: Finished executing UiModeManager.onStart
05-31 12:50:31.337  1710  1806 I InputReader: Device added: id=-1, name='Virtual', sources=0x00000301
05-31 12:50:31.340  1710  1806 I InputReader:   Touch device 'qwerty2' could not query the properties of its associated display.  The device will be inoperable until the display size becomes available.
05-31 12:50:31.342  1710  1806 I InputReader: Device added: id=0, name='qwerty2', sources=0x80005103
05-31 12:50:31.342  1710  1806 I InputReader: Device added: id=2, name='Power Button', sources=0x00000101
05-31 12:50:31.342  1710  1806 I InputReader: Device added: id=1, name='goldfish_rotary', sources=0x00400000
05-31 12:50:31.343  1710  1805 I ActivityManager: Config changes=38 {1.0 ?mcc?mnc [en_US] ldltr sw411dp w411dp h659dp 560dpi nrml port finger qwerty/v/v -nav/h appBounds=Rect(0, 0 - 1440, 2392) s.5}
05-31 12:50:31.345  1710  1805 I ActivityManager: Override config changes=38 {1.0 ?mcc?mnc [en_US] ldltr sw411dp w411dp h659dp 560dpi nrml port finger qwerty/v/v -nav/h appBounds=Rect(0, 0 - 1440, 2392) s.5} for displayId=0
05-31 12:50:31.353  1710  1806 I InputReader: Reconfiguring input devices.  changes=0x00000004
05-31 12:50:31.353  1710  1806 I InputReader: Device reconfigured: id=0, name='qwerty2', size 1440x2560, orientation 0, mode 1, display id 0
05-31 12:50:31.379  1581  1581 W installd: Requested default storage /data/user_de/0/com.android.emergency is not active; migrating from /data/data/com.android.emergency
05-31 12:50:31.386  1710  1807 W StorageManagerService: No primary storage defined yet; hacking together a stub
05-31 12:50:31.390  1710  1807 W StorageManagerService: No primary storage mounted!
05-31 12:50:31.393  1710  1807 D VoldConnector: SND -> {2 asec list}
05-31 12:50:31.387  1710  1807 W StorageManagerService: No primary storage defined yet; hacking together a stub
05-31 12:50:31.393  1581  1601 D installd: Applied hard quotas for 10043
05-31 12:50:31.394  1710  1808 D VoldConnector: RCV <- {200 2 asec operation succeeded}
05-31 12:50:31.404  1581  1601 D installd: Applied hard quotas for 10044
05-31 12:50:31.422  1581  1601 D installd: Applied hard quotas for 10038
05-31 12:50:31.428  1710  1782 D SystemServerTimingAsync: AppDataPrepare took to complete: 1537ms
05-31 12:50:31.428  1710  1782 I PackageManager: Deferred reconcileAppsData finished 81 packages
05-31 12:50:31.429  1710  1782 D SystemServerInitThreadPool: Finished executing prepareAppData
05-31 12:50:31.800  1710  1710 D SystemServerTiming: UpdatePackagesIfNeeded took to complete: 511ms
05-31 12:50:31.800  1710  1710 I SystemServer: PerformFstrimIfNeeded
05-31 12:50:31.801  1710  1710 W PackageManager: No disk maintenance in 1653981631801; running immediately
05-31 12:50:31.802  1710  1807 I StorageManagerService: Running fstrim idle maintenance
05-31 12:50:31.803  1710  1807 D VoldConnector: SND -> {3 fstrim dotrim}
05-31 12:50:31.804  1710  1710 D SystemServerTiming: PerformFstrimIfNeeded took to complete: 2ms
05-31 12:50:31.804  1710  1710 I SystemServer: StartLockSettingsService
05-31 12:50:31.804  1393  1811 D vold    : Starting trim of /cache
05-31 12:50:31.805  1393  1811 W vold    : Trim failed on /cache: Operation not supported on transport endpoint
05-31 12:50:31.805  1393  1811 D vold    : Starting trim of /data
05-31 12:50:31.805  1393  1811 W vold    : Trim failed on /data: Operation not supported on transport endpoint
05-31 12:50:31.810  1710  1710 I SystemServiceManager: Starting com.android.server.locksettings.LockSettingsService$Lifecycle
05-31 12:50:31.810  1710  1808 D VoldConnector: RCV <- {200 3 Command succeeded}
05-31 12:50:31.812  1710  1808 D VoldConnector: RCV <- {662 /cache -1 -1}
05-31 12:50:31.812  1710  1808 D VoldConnector: RCV <- {662 /data -1 -1}
05-31 12:50:31.830  1710  1710 D SystemServerTiming: StartLockSettingsService took to complete: 26ms
05-31 12:50:31.836  1710  1710 I zygote  : Looking for service android.hardware.oemlock@1.0::IOemLock/default
05-31 12:50:31.837  1390  1390 W /system/bin/hwservicemanager: getTransport: Cannot find entry android.hardware.oemlock@1.0::IOemLock/default in either framework or device manifest.
05-31 12:50:31.841  1710  1710 E zygote  : service android.hardware.oemlock@1.0::IOemLock declares transport method EMPTY but framework expects hwbinder.
05-31 12:50:31.841  1710  1710 I OemLock : OemLock HAL not present on device
05-31 12:50:31.842  1710  1710 I SystemServer: StartDeviceIdleController
05-31 12:50:31.844  1710  1710 I SystemServiceManager: Starting com.android.server.DeviceIdleController
05-31 12:50:31.848  1710  1710 D SystemServerTiming: StartDeviceIdleController took to complete: 6ms
05-31 12:50:31.848  1710  1710 I SystemServer: StartDevicePolicyManager
05-31 12:50:31.849  1710  1710 I SystemServiceManager: Starting com.android.server.devicepolicy.DevicePolicyManagerService$Lifecycle
05-31 12:50:31.874  1710  1710 D SystemServerTiming: StartDevicePolicyManager took to complete: 26ms
05-31 12:50:31.875  1710  1710 I SystemServer: StartStatusBarManagerService
05-31 12:50:31.886  1710  1710 D SystemServerTiming: StartStatusBarManagerService took to complete: 10ms
05-31 12:50:31.886  1710  1710 I SystemServer: StartClipboardService
05-31 12:50:31.886  1710  1710 I SystemServiceManager: Starting com.android.server.clipboard.ClipboardService
05-31 12:50:31.895  1710  1710 D SystemServerTiming: StartClipboardService took to complete: 9ms
05-31 12:50:31.895  1710  1710 I SystemServer: StartNetworkManagementService
05-31 12:50:31.903  1710  1813 I NetworkManagement: onDaemonConnected()
05-31 12:50:31.906  1710  1710 D SystemServerTiming: StartNetworkManagementService took to complete: 11ms
05-31 12:50:31.907  1710  1710 I SystemServer: StartTextServicesManager
05-31 12:50:31.907  1710  1710 I SystemServiceManager: Starting com.android.server.TextServicesManagerService$Lifecycle
05-31 12:50:31.918  1710  1710 W TextServicesManagerService: no available spell checker services found
05-31 12:50:31.919  1710  1710 D SystemServerTiming: StartTextServicesManager took to complete: 12ms
05-31 12:50:31.919  1710  1710 I SystemServer: StartNetworkScoreService
05-31 12:50:31.924  1710  1710 D SystemServerTiming: StartNetworkScoreService took to complete: 3ms
05-31 12:50:31.924  1710  1710 I SystemServer: StartNetworkStatsService
05-31 12:50:31.939  1710  1710 D SystemServerTiming: StartNetworkStatsService took to complete: 14ms
05-31 12:50:31.939  1710  1710 I SystemServer: StartNetworkPolicyManagerService
05-31 12:50:31.948  1710  1816 I ServiceThread: Enabled StrictMode logging for NetworkPolicy.uid looper.
05-31 12:50:31.952  1710  1710 D SystemServerTiming: StartNetworkPolicyManagerService took to complete: 13ms
05-31 12:50:31.952  1710  1710 I SystemServer: StartWifi
05-31 12:50:31.976  1710  1710 I SystemServiceManager: Starting com.android.server.wifi.WifiService
05-31 12:50:32.048  1710  1710 D WifiApConfigStore: 2G band allowed channels are:1,6,11
05-31 12:50:32.052  1710  1710 E WifiApConfigStore: Error reading hotspot configuration java.io.FileNotFoundException: /data/misc/wifi/softap.conf (No such file or directory)
05-31 12:50:32.052  1710  1710 D WifiApConfigStore: Fallback to use default AP configuration
05-31 12:50:32.128  1587  1654 D CommandListener: Clearing all IP addresses on wlan0
05-31 12:50:32.132  1710  1818 E HalDeviceManager: isSupported: called but mServiceManager is null!?
05-31 12:50:32.133  1710  1818 I WifiNative-wlan0: Vendor HAL not supported, Ignore stop...
05-31 12:50:32.133  1710  1818 D WificondControl: tearing down interfaces in wificond
05-31 12:50:32.144  1710  1710 D WifiController: isAirplaneModeOn = false, isWifiEnabled = true, isScanningAvailable = false
05-31 12:50:32.147  1710  1710 I WifiService: getVerboseLoggingLevel uid=1000
05-31 12:50:32.149  1710  1710 E SupplicantStaIfaceHal: Can't call setDebugParams, ISupplicant is null
05-31 12:50:32.149  1710  1710 W WifiDiags: no ring buffers found
05-31 12:50:32.150  1710  1710 W WifiDiags: Failed to start packet fate monitoring
05-31 12:50:32.150  1710  1710 I WifiService: Registering wifi
05-31 12:50:32.151  1710  1710 D SystemServerTiming: StartWifi took to complete: 199ms
05-31 12:50:32.152  1710  1710 I SystemServer: StartWifiScanning
05-31 12:50:32.159  1710  1710 I SystemServiceManager: Starting com.android.server.wifi.scanner.WifiScanningService
05-31 12:50:32.161  1710  1710 I WifiScanningService: Creating wifiscanner
05-31 12:50:32.166  1710  1710 I WifiScanningService: Publishing wifiscanner
05-31 12:50:32.171  1710  1710 D SystemServerTiming: StartWifiScanning took to complete: 18ms
05-31 12:50:32.171  1710  1710 I SystemServer: StartWifiRtt
05-31 12:50:32.174  1710  1710 I SystemServiceManager: Starting com.android.server.wifi.RttService
05-31 12:50:32.176  1710  1710 I RttService: Creating rttmanager
05-31 12:50:32.179  1710  1710 I RttService: Starting rttmanager
05-31 12:50:32.180  1710  1710 D SystemServerTiming: StartWifiRtt took to complete: 9ms
05-31 12:50:32.180  1710  1710 I SystemServer: No Wi-Fi Aware Service (Aware support Not Present)
05-31 12:50:32.181  1710  1710 I SystemServer: StartConnectivityService
05-31 12:50:32.194  1710  1710 D ConnectivityService: ConnectivityService starting up
05-31 12:50:32.198  1710  1710 D ConnectivityService: wifiOnly=false
05-31 12:50:32.220  1710  1710 D SystemServerTiming: StartConnectivityService took to complete: 39ms
05-31 12:50:32.221  1710  1710 I SystemServer: StartNsdService
05-31 12:50:32.229  1710  1710 D NsdService: Network service discovery is enabled
05-31 12:50:32.237  1710  1710 D SystemServerTiming: StartNsdService took to complete: 16ms
05-31 12:50:32.237  1710  1710 I SystemServer: StartUpdateLockService
05-31 12:50:32.239  1710  1710 D SystemServerTiming: StartUpdateLockService took to complete: 2ms
05-31 12:50:32.240  1710  1710 I SystemServer: WaitForAsecScan
05-31 12:50:32.240  1710  1710 D SystemServerTiming: WaitForAsecScan took to complete: 0ms
05-31 12:50:32.240  1710  1710 I SystemServer: StartNotificationManager
05-31 12:50:32.241  1710  1710 I SystemServiceManager: Starting com.android.server.notification.NotificationManagerService
05-31 12:50:32.286  1710  1710 D ConditionProviders.SCP: new ScheduleConditionProvider()
05-31 12:50:32.294  1710  1710 I ConditionProviders:  Allowing condition provider com.google.android.apps.nexuslauncher/com.android.launcher3.notification.NotificationListener
05-31 12:50:32.295  1710  1710 I NotificationListeners:  Allowing notification listener com.google.android.apps.nexuslauncher/com.android.launcher3.notification.NotificationListener
05-31 12:50:32.297  1710  1710 I ConditionProviders:  Allowing condition provider com.android.camera2
05-31 12:50:32.300  1710  1710 D ZenLog  : set_zen_mode: off,init
05-31 12:50:32.305  1710  1710 W SystemServiceManager: Service com.android.server.notification.NotificationManagerService took 52 ms in onStart
05-31 12:50:32.315  1710  1710 D SystemServerTiming: StartNotificationManager took to complete: 75ms
05-31 12:50:32.316  1710  1710 I SystemServer: StartDeviceMonitor
05-31 12:50:32.317  1710  1710 I SystemServiceManager: Starting com.android.server.storage.DeviceStorageMonitorService
05-31 12:50:32.325  1710  1710 D SystemServerTiming: StartDeviceMonitor took to complete: 8ms
05-31 12:50:32.325  1710  1710 I SystemServer: StartLocationManagerService
05-31 12:50:32.335  1710  1710 D SystemServerTiming: StartLocationManagerService took to complete: 9ms
05-31 12:50:32.335  1710  1710 I SystemServer: StartCountryDetectorService
05-31 12:50:32.338  1710  1710 D SystemServerTiming: StartCountryDetectorService took to complete: 3ms
05-31 12:50:32.339  1710  1710 I SystemServer: StartSearchManagerService
05-31 12:50:32.339  1710  1710 I SystemServiceManager: Starting com.android.server.search.SearchManagerService$Lifecycle
05-31 12:50:32.343  1710  1710 D SystemServerTiming: StartSearchManagerService took to complete: 4ms
05-31 12:50:32.343  1710  1710 I SystemServer: StartWallpaperManagerService
05-31 12:50:32.343  1710  1710 I SystemServiceManager: Starting com.android.server.wallpaper.WallpaperManagerService$Lifecycle
05-31 12:50:32.351  1710  1710 I WallpaperManagerService: No static wallpaper imagery; defaults will be shown
05-31 12:50:32.352  1710  1710 W WallpaperManagerService: no current wallpaper -- first boot?
05-31 12:50:32.353  1710  1710 D SystemServerTiming: StartWallpaperManagerService took to complete: 10ms
05-31 12:50:32.353  1710  1710 I SystemServer: StartAudioService
05-31 12:50:32.356  1710  1710 I SystemServiceManager: Starting com.android.server.audio.AudioService$Lifecycle
05-31 12:50:32.372  1578  1578 D PermissionCache: checking android.permission.MODIFY_AUDIO_SETTINGS for uid=1000 => granted (1243 us)
05-31 12:50:32.372  1710  1710 W TelecomManager: Telecom Service not found.
05-31 12:50:32.380  1578  1637 W AudioFlinger: no wake lock to update, system not ready yet
05-31 12:50:32.384  1437  1625 W DeviceHAL: Device 0xf1883140 set_mic_mute: Function not implemented
05-31 12:50:32.429  1710  1710 D SystemServerTiming: StartAudioService took to complete: 75ms
05-31 12:50:32.430  1710  1710 I SystemServer: StartDockObserver
05-31 12:50:32.430  1710  1710 I SystemServiceManager: Starting com.android.server.DockObserver
05-31 12:50:32.435  1710  1710 W DockObserver: This kernel does not have dock station support
05-31 12:50:32.440  1710  1710 D SystemServerTiming: StartDockObserver took to complete: 10ms
05-31 12:50:32.440  1710  1710 I SystemServer: StartWiredAccessoryManager
05-31 12:50:32.442  1710  1710 W WiredAccessoryManager: This kernel does not have usb audio support
05-31 12:50:32.442  1710  1710 W WiredAccessoryManager: This kernel does not have HDMI audio support
05-31 12:50:32.443  1710  1710 D SystemServerTiming: StartWiredAccessoryManager took to complete: 3ms
05-31 12:50:32.443  1710  1710 I SystemServer: StartMidiManager
05-31 12:50:32.443  1710  1710 I SystemServiceManager: Starting com.android.server.midi.MidiService$Lifecycle
05-31 12:50:32.445  1710  1710 D SystemServerTiming: StartMidiManager took to complete: 2ms
05-31 12:50:32.446  1710  1710 I SystemServer: StartUsbService
05-31 12:50:32.449  1710  1710 I SystemServiceManager: Starting com.android.server.usb.UsbService$Lifecycle
05-31 12:50:32.459  1710  1710 E UsbDeviceManager: failed to write to /sys/class/android_usb/android0/f_rndis/ethaddr
05-31 12:50:32.460  1710  1710 E UsbDeviceManagerJNI: could not open /dev/usb_accessory
05-31 12:50:32.468  1710  1710 I zygote  : Looking for service android.hidl.manager@1.0::IServiceManager/default
05-31 12:50:32.471  1710  1710 I zygote  : Starting thread pool.
05-31 12:50:32.478  1710  1710 I zygote  : Looking for service android.hardware.usb@1.0::IUsb/default
05-31 12:50:32.479  1390  1390 W /system/bin/hwservicemanager: getTransport: Cannot find entry android.hardware.usb@1.0::IUsb/default in either framework or device manifest.
05-31 12:50:32.480  1710  1710 E zygote  : service android.hardware.usb@1.0::IUsb declares transport method EMPTY but framework expects hwbinder.
05-31 12:50:32.485  1710  1710 E UsbPortManager: connectToProxy: usb hal service not found. Did the service fail to start?
05-31 12:50:32.485  1710  1710 E UsbPortManager: java.util.NoSuchElementException
05-31 12:50:32.485  1710  1710 E UsbPortManager: 	at android.os.HwBinder.getService(Native Method)
05-31 12:50:32.485  1710  1710 E UsbPortManager: 	at android.hardware.usb.V1_0.IUsb.getService(IUsb.java:44)
05-31 12:50:32.485  1710  1710 E UsbPortManager: 	at com.android.server.usb.UsbPortManager.connectToProxy(UsbPortManager.java:524)
05-31 12:50:32.485  1710  1710 E UsbPortManager: 	at com.android.server.usb.UsbPortManager.<init>(UsbPortManager.java:130)
05-31 12:50:32.485  1710  1710 E UsbPortManager: 	at com.android.server.usb.UsbService.<init>(UsbService.java:134)
05-31 12:50:32.485  1710  1710 E UsbPortManager: 	at com.android.server.usb.UsbService$Lifecycle.onStart(UsbService.java:69)
05-31 12:50:32.485  1710  1710 E UsbPortManager: 	at com.android.server.SystemServiceManager.startService(SystemServiceManager.java:124)
05-31 12:50:32.485  1710  1710 E UsbPortManager: 	at com.android.server.SystemServiceManager.startService(SystemServiceManager.java:111)
05-31 12:50:32.485  1710  1710 E UsbPortManager: 	at com.android.server.SystemServiceManager.startService(SystemServiceManager.java:70)
05-31 12:50:32.485  1710  1710 E UsbPortManager: 	at com.android.server.SystemServer.startOtherServices(SystemServer.java:1258)
05-31 12:50:32.485  1710  1710 E UsbPortManager: 	at com.android.server.SystemServer.run(SystemServer.java:391)
05-31 12:50:32.485  1710  1710 E UsbPortManager: 	at com.android.server.SystemServer.main(SystemServer.java:267)
05-31 12:50:32.485  1710  1710 E UsbPortManager: 	at java.lang.reflect.Method.invoke(Native Method)
05-31 12:50:32.485  1710  1710 E UsbPortManager: 	at com.android.internal.os.RuntimeInit$MethodAndArgsCaller.run(RuntimeInit.java:438)
05-31 12:50:32.485  1710  1710 E UsbPortManager: 	at com.android.internal.os.ZygoteInit.main(ZygoteInit.java:787)
05-31 12:50:32.495  1710  1710 D SystemServerTiming: StartUsbService took to complete: 49ms
05-31 12:50:32.495  1710  1710 I SystemServer: StartSerialService
05-31 12:50:32.497  1710  1710 D SystemServerTiming: StartSerialService took to complete: 2ms
05-31 12:50:32.497  1710  1710 I SystemServer: StartHardwarePropertiesManagerService
05-31 12:50:32.498  1390  1390 W /system/bin/hwservicemanager: getTransport: Cannot find entry android.hardware.thermal@1.0::IThermal/default in either framework or device manifest.
05-31 12:50:32.499  1710  1710 E HardwarePropertiesManagerService-JNI: Unable to get Thermal service.
05-31 12:50:32.505  1710  1710 D SystemServerTiming: StartHardwarePropertiesManagerService took to complete: 8ms
05-31 12:50:32.505  1710  1710 I SystemServer: StartTwilightService
05-31 12:50:32.506  1710  1710 I SystemServiceManager: Starting com.android.server.twilight.TwilightService
05-31 12:50:32.508  1710  1710 D SystemServerTiming: StartTwilightService took to complete: 3ms
05-31 12:50:32.509  1710  1710 I SystemServer: StartJobScheduler
05-31 12:50:32.512  1710  1710 I SystemServiceManager: Starting com.android.server.job.JobSchedulerService
05-31 12:50:32.522  1710  1710 I JobStore: Read 0 jobs
05-31 12:50:32.533  1710  1710 D ConnectivityService: requestNetwork for uid/pid:1000/1710 NetworkRequest [ TRACK_DEFAULT id=3, [ Capabilities: INTERNET&NOT_RESTRICTED&TRUSTED&NOT_VPN] ]
05-31 12:50:32.544  1710  1710 D SystemServerTiming: StartJobScheduler took to complete: 33ms
05-31 12:50:32.545  1710  1710 I SystemServer: StartSoundTrigger
05-31 12:50:32.546  1710  1710 I SystemServiceManager: Starting com.android.server.soundtrigger.SoundTriggerService
05-31 12:50:32.548  1710  1710 D SystemServerTiming: StartSoundTrigger took to complete: 3ms
05-31 12:50:32.548  1710  1710 I SystemServer: StartTrustManager
05-31 12:50:32.550  1710  1710 I SystemServiceManager: Starting com.android.server.trust.TrustManagerService
05-31 12:50:32.558  1710  1710 D SystemServerTiming: StartTrustManager took to complete: 10ms
05-31 12:50:32.558  1710  1710 I SystemServer: StartBackupManager
05-31 12:50:32.558  1710  1710 I SystemServiceManager: Starting com.android.server.backup.BackupManagerService$Lifecycle
05-31 12:50:32.568  1710  1710 D SystemServerTiming: StartBackupManager took to complete: 10ms
05-31 12:50:32.568  1710  1710 I SystemServer: StartAppWidgerService
05-31 12:50:32.569  1710  1710 I SystemServiceManager: Starting com.android.server.appwidget.AppWidgetService
05-31 12:50:32.591  1710  1710 D SystemServerTiming: StartAppWidgerService took to complete: 22ms
05-31 12:50:32.592  1710  1710 I SystemServer: StartVoiceRecognitionManager
05-31 12:50:32.593  1710  1710 I SystemServiceManager: Starting com.android.server.voiceinteraction.VoiceInteractionManagerService
05-31 12:50:32.604  1710  1710 D SystemServerTiming: StartVoiceRecognitionManager took to complete: 12ms
05-31 12:50:32.605  1710  1710 I SystemServer: StartGestureLauncher
05-31 12:50:32.605  1710  1710 I SystemServiceManager: Starting com.android.server.GestureLauncherService
05-31 12:50:32.607  1710  1710 D SystemServerTiming: StartGestureLauncher took to complete: 2ms
05-31 12:50:32.607  1710  1710 I SystemServer: StartSensorNotification
05-31 12:50:32.608  1710  1710 I SystemServiceManager: Starting com.android.server.SensorNotificationService
05-31 12:50:32.611  1710  1710 D SystemServerTiming: StartSensorNotification took to complete: 3ms
05-31 12:50:32.612  1710  1710 I SystemServer: StartContextHubSystemService
05-31 12:50:32.613  1710  1710 I SystemServiceManager: Starting com.android.server.ContextHubSystemService
05-31 12:50:32.618  1710  1788 D SystemServerInitThreadPool: Started executing Init ContextHubSystemService
05-31 12:50:32.618  1710  1710 D SystemServerTiming: StartContextHubSystemService took to complete: 5ms
05-31 12:50:32.618  1710  1710 I SystemServer: StartDiskStatsService
05-31 12:50:32.620  1390  1390 W /system/bin/hwservicemanager: getTransport: Cannot find entry android.hardware.contexthub@1.0::IContexthub/default in either framework or device manifest.
05-31 12:50:32.622  1710  1788 E ContextHubService: Could not load context hub hal
05-31 12:50:32.622  1710  1788 W ContextHubService: No Context Hub Module present
05-31 12:50:32.622  1710  1788 D SystemServerInitThreadPool: Finished executing Init ContextHubSystemService
05-31 12:50:32.624  1710  1710 D SystemServerTiming: StartDiskStatsService took to complete: 6ms
05-31 12:50:32.624  1710  1710 I SystemServer: StartNetworkTimeUpdateService
05-31 12:50:32.626  1710  1710 D SystemServerTiming: StartNetworkTimeUpdateService took to complete: 2ms
05-31 12:50:32.626  1710  1710 I SystemServer: StartCommonTimeManagementService
05-31 12:50:32.635  1710  1710 D SystemServerTiming: StartCommonTimeManagementService took to complete: 9ms
05-31 12:50:32.636  1710  1710 I SystemServer: CertBlacklister
05-31 12:50:32.638  1710  1710 D SystemServerTiming: CertBlacklister took to complete: 2ms
05-31 12:50:32.639  1710  1710 I SystemServer: StartEmergencyAffordanceService
05-31 12:50:32.641  1710  1710 I SystemServiceManager: Starting com.android.server.emergency.EmergencyAffordanceService
05-31 12:50:32.645  1710  1710 D SystemServerTiming: StartEmergencyAffordanceService took to complete: 6ms
05-31 12:50:32.645  1710  1710 I SystemServer: StartDreamManager
05-31 12:50:32.646  1710  1710 I SystemServiceManager: Starting com.android.server.dreams.DreamManagerService
05-31 12:50:32.654  1710  1710 D SystemServerTiming: StartDreamManager took to complete: 8ms
05-31 12:50:32.655  1710  1710 I SystemServer: AddGraphicsStatsService
05-31 12:50:32.661  1710  1710 D SystemServerTiming: AddGraphicsStatsService took to complete: 6ms
05-31 12:50:32.662  1710  1710 I SystemServer: StartPrintManager
05-31 12:50:32.663  1710  1710 I SystemServiceManager: Starting com.android.server.print.PrintManagerService
05-31 12:50:32.669  1710  1710 D SystemServerTiming: StartPrintManager took to complete: 7ms
05-31 12:50:32.669  1710  1710 I SystemServer: StartRestrictionManager
05-31 12:50:32.670  1710  1710 I SystemServiceManager: Starting com.android.server.restrictions.RestrictionsManagerService
05-31 12:50:32.679  1710  1710 D SystemServerTiming: StartRestrictionManager took to complete: 10ms
05-31 12:50:32.679  1710  1710 I SystemServer: StartMediaSessionService
05-31 12:50:32.680  1710  1710 I SystemServiceManager: Starting com.android.server.media.MediaSessionService
05-31 12:50:32.686  1710  1710 D SystemServerTiming: StartMediaSessionService took to complete: 6ms
05-31 12:50:32.686  1710  1710 I SystemServer: StartMediaResourceMonitor
05-31 12:50:32.687  1710  1710 I SystemServiceManager: Starting com.android.server.media.MediaResourceMonitorService
05-31 12:50:32.692  1710  1710 D SystemServerTiming: StartMediaResourceMonitor took to complete: 5ms
05-31 12:50:32.692  1710  1710 I SystemServer: StartMediaRouterService
05-31 12:50:32.699  1710  1710 D SystemServerTiming: StartMediaRouterService took to complete: 7ms
05-31 12:50:32.699  1710  1710 I SystemServer: StartFingerprintSensor
05-31 12:50:32.700  1710  1710 I SystemServiceManager: Starting com.android.server.fingerprint.FingerprintService
05-31 12:50:32.707  1710  1789 D SystemServerInitThreadPool: Started executing FingerprintService.onStart
05-31 12:50:32.707  1710  1789 V FingerprintService: mDeamon was null, reconnect to fingerprint
05-31 12:50:32.708  1710  1789 I zygote  : Looking for service android.hardware.biometrics.fingerprint@2.1::IBiometricsFingerprint/default
05-31 12:50:32.711  1710  1710 D SystemServerTiming: StartFingerprintSensor took to complete: 12ms
05-31 12:50:32.711  1710  1710 I SystemServer: StartBackgroundDexOptService
05-31 12:50:32.712  1710  1710 W BackgroundDexOptService: SysProp pm.dexopt.downgrade_after_inactive_days not set
05-31 12:50:32.713  1710  1789 I zygote  : Starting thread pool.
05-31 12:50:32.717  1710  1710 D SystemServerTiming: StartBackgroundDexOptService took to complete: 6ms
05-31 12:50:32.717  1710  1710 I SystemServer: StartPruneInstantAppsJobService
05-31 12:50:32.719  1710  1710 D SystemServerTiming: StartPruneInstantAppsJobService took to complete: 2ms
05-31 12:50:32.720  1710  1789 V FingerprintService: Fingerprint HAL id: 4031418368
05-31 12:50:32.720  1710  1710 I SystemServer: StartShortcutServiceLifecycle
05-31 12:50:32.721  1710  1710 I SystemServiceManager: Starting com.android.server.pm.ShortcutService$Lifecycle
05-31 12:50:32.722  1710  1789 I SELinux : SELinux: Loaded file_contexts
05-31 12:50:32.726  1595  1595 D FingerprintHal: ----------------> fingerprint_set_active_group -----------------> path /data/system/users/0/fpdata
05-31 12:50:32.726  1595  1595 D FingerprintHal: ----------------> loadFingerprints ----------------->
05-31 12:50:32.727  1595  1595 E FingerprintHal: Could not load fingerprints from storage at /data/system/users/0/fpdata/emufp.bin; it has not yet been created.
05-31 12:50:32.727  1595  1595 D FingerprintHal: ----------------> loadAuthenticatorId ----------------->
05-31 12:50:32.728  1595  1595 E FingerprintHal: Could not load authenticator id from storage at /data/system/users/0/fpdata/emuauthid.bin; it has not yet been created.
05-31 12:50:32.728  1595  1595 D FingerprintHal: ----------------> get_64bit_rand ----------------->
05-31 12:50:32.728  1595  1595 D FingerprintHal: ----------------> saveAuthenticatorId ----------------->
05-31 12:50:32.728  1595  1595 D FingerprintHal: Save authenticator id (0x6b8b4567327b23c6)
05-31 12:50:32.735  1710  1789 D SystemServerInitThreadPool: Finished executing FingerprintService.onStart
05-31 12:50:32.741  1710  1710 D SystemServerTiming: StartShortcutServiceLifecycle took to complete: 20ms
05-31 12:50:32.741  1710  1710 I SystemServer: StartLauncherAppsService
05-31 12:50:32.741  1710  1710 I SystemServiceManager: Starting com.android.server.pm.LauncherAppsService
05-31 12:50:32.747  1710  1710 D SystemServerTiming: StartLauncherAppsService took to complete: 6ms
05-31 12:50:32.748  1710  1710 I SystemServer: StartMediaProjectionManager
05-31 12:50:32.749  1710  1710 I SystemServiceManager: Starting com.android.server.media.projection.MediaProjectionManagerService
05-31 12:50:32.760  1710  1710 V MediaRouter: Adding route: RouteInfo{ name=Phone, description=null, status=null, category=RouteCategory{ name=System types=ROUTE_TYPE_LIVE_AUDIO ROUTE_TYPE_LIVE_VIDEO  groupable=false }, supportedTypes=ROUTE_TYPE_LIVE_AUDIO ROUTE_TYPE_LIVE_VIDEO , presentationDisplay=null }
05-31 12:50:32.765  1710  1710 V MediaRouter: Selecting route: RouteInfo{ name=Phone, description=null, status=null, category=RouteCategory{ name=System types=ROUTE_TYPE_LIVE_AUDIO ROUTE_TYPE_LIVE_VIDEO  groupable=false }, supportedTypes=ROUTE_TYPE_LIVE_AUDIO ROUTE_TYPE_LIVE_VIDEO , presentationDisplay=null }
05-31 12:50:32.773  1710  1710 D SystemServerTiming: StartMediaProjectionManager took to complete: 25ms
05-31 12:50:32.774  1710  1710 I SystemServer: StartCameraServiceProxy
05-31 12:50:32.775  1710  1710 I SystemServiceManager: Starting com.android.server.camera.CameraServiceProxy
05-31 12:50:32.777  1710  1837 I ServiceThread: Enabled StrictMode logging for CameraService_proxy looper.
05-31 12:50:32.780  1710  1710 D SystemServerTiming: StartCameraServiceProxy took to complete: 6ms
05-31 12:50:32.783  1710  1710 I WindowManager: SAFE MODE not enabled
05-31 12:50:32.786  1710  1710 I SystemServer: StartJitCompilation
05-31 12:50:32.787  1710  1710 D SystemServerTiming: StartJitCompilation took to complete: 1ms
05-31 12:50:32.787  1710  1710 I SystemServer: StartMmsService
05-31 12:50:32.787  1710  1710 I SystemServiceManager: Starting com.android.server.MmsServiceBroker
05-31 12:50:32.797  1710  1710 D SystemServerTiming: StartMmsService took to complete: 9ms
05-31 12:50:32.797  1710  1710 I SystemServer: StartAutoFillService
05-31 12:50:32.799  1710  1710 I SystemServiceManager: Starting com.android.server.autofill.AutofillManagerService
05-31 12:50:32.802  1710  1710 I AutofillManagerService: Setting debug to true
05-31 12:50:32.812  1710  1710 D SystemServerTiming: StartAutoFillService took to complete: 14ms
05-31 12:50:32.812  1710  1710 I SystemServer: MakeVibratorServiceReady
05-31 12:50:32.814  1710  1710 D SystemServerTiming: MakeVibratorServiceReady took to complete: 2ms
05-31 12:50:32.814  1710  1710 I SystemServer: MakeLockSettingsServiceReady
05-31 12:50:32.872  1710  1710 E SQLiteLog: (1) no such table: locksettings
05-31 12:50:32.893  1710  1710 I LockSettingsService: Migrated lock settings to new location
05-31 12:50:32.906  1710  1710 I LockSettingsService: Migrated per-user lock settings to new location
05-31 12:50:32.931  1710  1710 I LockSettingsService: Migrated biometric weak to use the fallback instead
05-31 12:50:32.939  1710  1710 I LockSettingsService: Migrated lockscreen disabled flag
05-31 12:50:32.952  1710  1710 I zygote  : Looking for service android.hardware.weaver@1.0::IWeaver/default
05-31 12:50:32.953  1390  1390 W /system/bin/hwservicemanager: getTransport: Cannot find entry android.hardware.weaver@1.0::IWeaver/default in either framework or device manifest.
05-31 12:50:32.954  1710  1710 E zygote  : service android.hardware.weaver@1.0::IWeaver declares transport method EMPTY but framework expects hwbinder.
05-31 12:50:32.954  1710  1710 I SyntheticPasswordManager: Device does not support weaver
05-31 12:50:32.957  1710  1710 E LockSettingsStorage: Cannot read file java.io.FileNotFoundException: /data/system/gatekeeper.password.key: open failed: ENOENT (No such file or directory)
05-31 12:50:32.957  1710  1710 E LockSettingsStorage: Cannot read file java.io.FileNotFoundException: /data/system/password.key: open failed: ENOENT (No such file or directory)
05-31 12:50:32.958  1710  1710 E LockSettingsStorage: Cannot read file java.io.FileNotFoundException: /data/system/gatekeeper.pattern.key: open failed: ENOENT (No such file or directory)
05-31 12:50:32.961  1710  1710 E LockSettingsStorage: Cannot read file java.io.FileNotFoundException: /data/system/gatekeeper.gesture.key: open failed: ENOENT (No such file or directory)
05-31 12:50:32.962  1710  1710 E LockSettingsStorage: Cannot read file java.io.FileNotFoundException: /data/system/gesture.key: open failed: ENOENT (No such file or directory)
05-31 12:50:32.962  1710  1710 D SystemServerTiming: MakeLockSettingsServiceReady took to complete: 148ms
05-31 12:50:32.962  1710  1710 I SystemServer: StartBootPhaseLockSettingsReady
05-31 12:50:32.962  1710  1710 I SystemServiceManager: Starting phase 480
05-31 12:50:32.974  1710  1710 D SystemServerTiming: StartBootPhaseLockSettingsReady took to complete: 12ms
05-31 12:50:32.974  1710  1710 I SystemServer: StartBootPhaseSystemServicesReady
05-31 12:50:32.974  1710  1710 I SystemServiceManager: Starting phase 500
05-31 12:50:32.989  1710  1710 I VrManagerService: No default vr listener service found.
05-31 12:50:32.997  1710  1710 I WifiService: WifiService starting up with Wi-Fi enabled
05-31 12:50:33.009  1710  1818 I zygote  : Looking for service android.hidl.manager@1.0::IServiceManager/default
05-31 12:50:33.012  1710  1818 I zygote  : Starting thread pool.
05-31 12:50:33.017  1710  1804 D HalDeviceManager: IWifi registration notification: fqName=android.hardware.wifi@1.0::IWifi, name=default, preexisting=true
05-31 12:50:33.020  1710  1818 I zygote  : Looking for service android.hardware.wifi@1.0::IWifi/default
05-31 12:50:33.022  1710  1818 I zygote  : Starting thread pool.
05-31 12:50:33.026  1710  1710 D WifiService: setWifiEnabled: true pid=1710, uid=1000, package=android
05-31 12:50:33.027  1710  1710 I WifiService: setWifiEnabled package=android uid=1000 enable=true
05-31 12:50:33.027  1710  1817 D WifiController: WifiController msg { when=0 what=155656 target=com.android.internal.util.StateMachine$SmHandler } deferred for 499ms
05-31 12:50:33.027  1710  1710 I WifiScanningService: Starting wifiscanner
05-31 12:50:33.033  1710  1710 I RttService: Registering rttmanager
