05-31 11:22:17.184   519   519 I SystemServerTiming: InitWatchdog
05-31 11:22:17.184   519   519 D SystemServerTiming: InitWatchdog took to complete: 1ms
05-31 11:22:17.189   519   534 E HistoricalRegistry: Interaction before persistence initialized
05-31 11:22:17.189   425   434 W installd: Ignoring /data/data/GAeAAgEAAJgmuUTijznGOIdAGaOh6rOZzT7AAzjCNWCMaIh2DCaSFB/AAAAAAAAAAw5p8w+YX9af1MH5LU9yill with unexpected GID 0 instead of 10114
05-31 11:22:17.192   420   420 I cameraserver: Waiting for sensor privacy service
05-31 11:22:17.196   425   434 W installd: Ignoring /data/data/TAeAAgCAgIgDNXcnQtOACoPssplZDWY,ePGbMKSt+M,1XuW0DYzzrC/iKfSBPVSvSpPRDZDEEWUqXiL4wOZH3+l with unexpected GID 0 instead of 1000
05-31 11:22:17.200   519   534 E HistoricalRegistry: Interaction before persistence initialized
05-31 11:22:17.200   519   519 I SystemServerTiming: StartOverlayManagerService
05-31 11:22:17.200   384   384 I audioserver: Waiting for sensor privacy service
05-31 11:22:17.199     0     0 I init    : Control message: Processed ctl.start for 'idmap2d' from pid: 519 (system_server)
05-31 11:22:17.219   425   434 W installd: Ignoring /data/data/iBeAAgCAgIweCLuncqS0o1t8OSGaEz49+ppQ7IIuAmsWA5Q3AWYC8B/QHZOQJyELNm1,FA+X9Hq855HVulivM7l with unexpected GID 0 instead of 10080
05-31 11:22:17.221   425   434 W installd: Ignoring /data/data/pBeAAgEAAJAb,Hq2VCQi2TRkr9hMMSuqk1BgxvO4de,gb6mcfD6InD/QtgvS3tJX0yScpw2+o5uUfD6FaZqCS1h with unexpected GID 0 instead of 1073
05-31 11:22:17.224   172   172 I servicemanager: Notifying apexservice they have clients: 1
05-31 11:22:17.225   172   172 I servicemanager: Notifying apexservice they have clients: 0
05-31 11:22:17.218     0     0 I AidlLazyServiceRegistrar: Process has 1 (of 1 available) client(s) in use after notification android.apex.IApexService has clients: 1
05-31 11:22:17.222     0     0 I AidlLazyServiceRegistrar: Process has 0 (of 1 available) client(s) in use after notification android.apex.IApexService has clients: 0
05-31 11:22:17.232   425   434 W installd: Ignoring /data/data/LCeAAgCAgIQ4CRdEJtWxVhP94EGerrRv/QqsEiLF1MpGn6lqOgi3aHegv1OJeAQYK with unexpected GID 0 instead of 1000
05-31 11:22:17.233   425   434 W installd: Ignoring /data/data/SCeAAgDAwIw0jqrLqaOKv,wGtUlX8,aOq4FrOofCn0gnZRWiTcQ4bB/gAgAAA6DQIQur2AwH4ooJ6BQ9NzgTE+V with unexpected GID 0 instead of 10091
05-31 11:22:17.234   423   436 E idmap2d : failed to parse idmap header
05-31 11:22:17.225     0     0 I AidlLazyServiceRegistrar: Shutdown prevented by forcePersist override flag.
05-31 11:22:17.235   425   434 W installd: Ignoring /data/data/fCeAAgBAQIggSWG7Qg6hVqiiKTKBIikP/8tmW9A9jO+TBQ8a+fVaZFMSR0UecsoDt with unexpected GID 0 instead of 1027
05-31 11:22:17.236   423   436 E idmap2d : no resources were overlaid
05-31 11:22:17.239   425   434 W installd: Ignoring /data/data/EDeAAgCAgIAv9F+tZ9vkLq1S,2l6vbFMieeQJWMjLJQ1xjMvFWoygD/ImUTI+Ira4ik0EgKAwRFmj3LilUclU6X with unexpected GID 0 instead of 1000
05-31 11:22:17.240   425   434 W installd: Ignoring /data/data/LDeAAgDAwIQg,MAOhdautGyQ8qg4+pvyeWIN7my,+mYVVH0n0FijbB/DIeAAgBAQIQm,IcqOeQwUh,NdU0k9gxZ with unexpected GID 0 instead of 10075
05-31 11:22:17.247   425   434 W installd: Ignoring /data/data/bDeAAgBAQIgKrwuROd7ZL7u9+6vOnZi8lO4zxFFiT2MXkawjbEF81B/BB96cN25ex9AQtNEqB+YWC9D1GciaK4H with unexpected GID 0 instead of 1000
05-31 11:22:17.248   425   434 W installd: Ignoring /data/data/fDeAAgDAwIQDHRxx,LirHRAtrQrzYosl/CR0L4QLZ+mHLWqXNBrVCWUgUL8qGpZpT with unexpected GID 0 instead of 10057
05-31 11:22:17.250   425   434 W installd: Ignoring /data/data/pDeAAgEAAJQr1BgcM5oJwM7S3fpTsuFHPOXqshj9Fiq1DiUFnb2IiB/4BgAAgBAQIAeGVXACip7M5wB5Wd+KTw6 with unexpected GID 0 instead of 10101
05-31 11:22:17.254   425   434 W installd: Ignoring /data/data/zDeAAgCAgIgZti7pX1hFB6QsEsIUIu8PPOXqshj9Fiq1DiUFnb2IiB/MEgAAgBAQIwhY4GXXFnJK31LatKhZ5ve with unexpected GID 0 instead of 10100
05-31 11:22:17.258   425   434 W installd: Ignoring /data/data/AEeAAgCAgIgr0H9SyEW4gPEdpayBcUTzASBF3XoJf8ziuTjhsbfrxD/KQklrX4U5KgOccte+w3uzxFQvyMuSLhj with unexpected GID 0 instead of 1000
05-31 11:22:17.258   425   434 W installd: Ignoring /data/data/EEeAAgDAwIAV+nUfkKL79Zqp0QnU5FfaMET+5iEaIzNBr6eA8LC3HB/,tq3H0WsawSkUNfV8VQPSVsG8qeDfe4Y with unexpected GID 0 instead of 1073
05-31 11:22:17.259   425   434 W installd: Ignoring /data/data/LEeAAgCAgIQ,bG,vIGmahEj8DTdK1lsjpBptv3+9mnsqc3ztYPJSFB/90vRvwtBN1WTN4wwTW2wjv9qZiDDZdwb with unexpected GID 0 instead of 1000
05-31 11:22:17.262   425   434 W installd: Ignoring /data/data/YEeAAgDAwIwfaOOV1UyZuiCgnDTU7SIbiMWtLfPxI5be477iPIVS+C/iCgAAA6DQIgiQQbASc427sRHVS9hspr6 with unexpected GID 0 instead of 10097
05-31 11:22:17.263   425   434 W installd: Ignoring /data/data/fEeAAADAgIQ0MG9NZEubcvpS3750z3uIPOXqshj9Fiq1DiUFnb2IiB/CIeAAgBAQIw7QLuVCnEtN0d7vBtAeS5E with unexpected GID 0 instead of 10087
05-31 11:22:17.264   425   434 W installd: Ignoring /data/data/AAAAAAAAAAAHfQVluN4wl7bleXtvPs,QPOXqshj9Fiq1DiUFnb2IiB/yHeAAgBAQIwxN71KHFAdrGCWRsLxlZoO with unexpected GID 0 instead of 10087
05-31 11:22:17.264   425   434 W installd: Ignoring /data/data/nEeAAgCAgIwEjRbV7l,t4EtSJ5MC4E,2CNVoHqhaRnJLNdtpiusuUC/nXU2gOxkX7u5XS1YYvnCIBp9edQcVcIq with unexpected GID 0 instead of 10118
05-31 11:22:17.266   425   434 W installd: Ignoring /data/data/0EeAAgCAgIgM23MFiIp6IRb9QEytifjm32FnEIlC,67aTVgWQov3bC/pIeAAA6DQIQQeUGzXP56Cnl37lcKYCMp with unexpected GID 0 instead of 1000
05-31 11:22:17.269   425   434 W installd: Ignoring /data/data/EFeAAgCAgIwjzlKb4Yfhoa9gIVx5mNiYQCqV+MUSwb86bmT,slnfJ0bvpBAJ9n6PM5gn8+Y0GJG/OMBGx3AZKcbzX42dWnD9epPA9WKeF45G with unexpected GID 0 instead of 10093
05-31 11:22:17.272   425   434 W installd: Ignoring /data/data/RFeAAgCAgIQW,6IIkHT+P3aE4MpFnbEFlO4zxFFiT2MXkawjbEF81B/MVgSVAkjVGejIay,kRqffEZmQAHwpgdB with unexpected GID 0 instead of 10102
05-31 11:22:17.273   425   434 W installd: Ignoring /data/data/bFeAAgCAgIAZdAY8rDen3P4muJ33gOy5vV8FycAWgvDx4p3RO7vgU,V6yykbSS6WMdV9CPE2v9E/a6UirPlEvWWtZd1j5xIEMSzbfx3tqDhK with unexpected GID 0 instead of 1073
05-31 11:22:17.276   425   434 W installd: Ignoring /data/data/oFeAAgDAwIAEcKHBfZTrDIXiFuAg6OAF89dDESMD0OW5ZzaFo+BIDpUXHd8fSmvBItF5HlESUpO/,BUYmf7HUxOGHEYd7hcV3Vz8ICApTNUf with unexpected GID 0 instead of 1000
05-31 11:22:17.280   425   434 W installd: Ignoring /data/data/KGeAAgDAwIg9ii4FnokTK9NWLCe5BjNxV,bcJgWuRtjkS3E,WUJMTD/Gv3iRTuBabOJyRJWBS8DtDugf4KHZGM5 with unexpected GID 0 instead of 1000
05-31 11:22:17.281   425   434 W installd: Ignoring /data/data/RGeAAgCAgIAZdAY8rDen3P4muJ33gOy5b6mZwLFsd6NuxayXCRtNIdsDnohe74z+2KyE7YLzMUM/DJR58SoNbpg6mL15gESdfnxk3OLh1Lac with unexpected GID 0 instead of 1073
05-31 11:22:17.284   425   434 W installd: Ignoring /data/data/qGeAAgDAwIQrEycB98spvLGuY,y1mD35sHgcIdieiN9KmG0d8sC7ZD/acuhPZQvMIIC94KWa4CD8tbhdZ1ALXlX with unexpected GID 0 instead of 1000
05-31 11:22:17.286   425   434 W installd: Ignoring /data/data/0GeAAgCAgIgonHUiFz4SCUd8IzbhFqM4zLN5wTr+WAZV5oJH417EdpBfPLdYWIn3hnGimQH7mCG/5HeAAgBAQIgMjCNQf4P04Ey6EX5qFTsu with unexpected GID 0 instead of 10119
05-31 11:22:17.289   425   434 W installd: Ignoring /data/data/BHeAAgCAgIwRQyb2BcLQ,Z0Zo6wiyLdT32FnEIlC,67aTVgWQov3bC/dGoLniPm6q766TMLIpomPkxefHO2gzEA with unexpected GID 0 instead of 1000
05-31 11:22:17.296   425   434 W installd: Ignoring /data/data/dHeAAgCAgIgRgpPREbCfzhAB,to4sWbt+pTQR3vUh39T01YyCTJKKA/9Rf5bJEpde6kK4z3VuSkho+f2ANMupLr with unexpected GID 0 instead of 1002
05-31 11:22:17.322   519   519 D SystemServerTiming: StartOverlayManagerService took to complete: 122ms
05-31 11:22:17.322   519   519 I SystemServerTiming: StartSensorPrivacyService
05-31 11:22:17.324   519   519 D SystemServerTiming: StartSensorPrivacyService took to complete: 1ms
05-31 11:22:17.327   519   519 D SystemServerTiming: startBootstrapServices took to complete: 4479ms
05-31 11:22:17.327   519   519 I SystemServerTiming: startCoreServices
05-31 11:22:17.327   519   519 I SystemServerTiming: StartSystemConfigService
05-31 11:22:17.327   519   519 I SystemServiceManager: Starting com.android.server.SystemConfigService
05-31 11:22:17.328   519   519 D SystemServerTiming: StartSystemConfigService took to complete: 1ms
05-31 11:22:17.329   519   519 I SystemServerTiming: StartBatteryService
05-31 11:22:17.329   519   519 I SystemServiceManager: Starting com.android.server.BatteryService
05-31 11:22:17.329   519   576 I SystemServerTimingAsync: InitThreadPoolExec:StartSensorService
05-31 11:22:17.330   519   576 D SystemServerInitThreadPool: Started executing StartSensorService
05-31 11:22:17.330   519   576 I SystemServerTimingAsync: StartSensorService
05-31 11:22:17.330   519   576 D SensorService: nuSensorService starting...
05-31 11:22:17.332   519   519 I android_os_HwBinder: HwBinder: Starting thread pool for getting: android.hardware.health@2.0::IHealth/default
05-31 11:22:17.336   519   576 W SensorService: Goldfish 3-axis Accelerometer's max range 39.299999 is not a multiple of the resolution 0.000248
05-31 11:22:17.336   519   576 W SensorService: Goldfish 3-axis Gyroscope's max range 16.459999 is not a multiple of the resolution 0.001000
05-31 11:22:17.336   519   576 I SensorService: Reported power 0.000000 not deemed sane, clamping to 0.001000
05-31 11:22:17.336   519   576 W SensorService: Goldfish 3-axis Gyroscope (uncalibrated)'s max range 16.459999 is not a multiple of the resolution 0.001000
05-31 11:22:17.339   519   552 E BluetoothAdapter: Bluetooth binder is null
05-31 11:22:17.339   519   580 D SensorService: nuSensorService thread starting...
05-31 11:22:17.339   519   576 E HistoricalRegistry: Interaction before persistence initialized
05-31 11:22:17.339   519   579 D SensorService: new thread SensorEventAckReceiver
05-31 11:22:17.341   519   576 D SystemServerTimingAsync: StartSensorService took to complete: 11ms
05-31 11:22:17.341   519   576 D SystemServerInitThreadPool: Finished executing StartSensorService
05-31 11:22:17.341   519   576 D SystemServerTimingAsync: InitThreadPoolExec:StartSensorService took to complete: 11ms
05-31 11:22:17.351   519   572 D SystemServerTimingAsync: AppDataFixup took to complete: 262ms
05-31 11:22:17.342     0     0 W healthd : battery l=100 v=5000 t=25.0 h=2 st=4 c=900000 fc=300000 cc=10 chg=
05-31 11:22:17.355   207   210 E android.system.suspend@1.0-service: Error opening kernel wakelock stats for: wakeup34: Permission denied
05-31 11:22:17.356   519   519 I android_os_HwBinder: HwBinder: Starting thread pool for getting: android.hidl.manager@1.0::IServiceManager/default
05-31 11:22:17.358   519   519 I HealthServiceWrapper: health: HealthServiceWrapper listening to instance default
05-31 11:22:17.358   519   519 I BatteryService: health: Waited 0ms and received the update.
05-31 11:22:17.359   207   210 E android.system.suspend@1.0-service: Error opening kernel wakelock stats for: wakeup35: Permission denied
05-31 11:22:17.362   420   420 I HidlServiceManagement: Registered android.frameworks.cameraservice.service@2.1::ICameraService/default (start delay of 7190ms)
05-31 11:22:17.362   519   583 I android_os_HwBinder: HwBinder: Starting thread pool for getting: android.hardware.health@2.0::IHealth/default
05-31 11:22:17.352   207   207 W Binder:207_2: type=1400 audit(0.0:8): avc: denied { read } for name="wakeup34" dev="sysfs" ino=18950 scontext=u:r:system_suspend:s0 tcontext=u:object_r:sysfs:s0 tclass=dir permissive=0
05-31 11:22:17.363   519   519 D SystemServerTiming: StartBatteryService took to complete: 34ms
05-31 11:22:17.363   519   519 I SystemServerTiming: StartUsageService
05-31 11:22:17.363   519   519 I SystemServiceManager: Starting com.android.server.usage.UsageStatsService
05-31 11:22:17.367   420   420 I CameraService: CameraService pinged cameraservice proxy
05-31 11:22:17.356   207   207 W Binder:207_2: type=1400 audit(0.0:9): avc: denied { read } for name="wakeup35" dev="sysfs" ino=19013 scontext=u:r:system_suspend:s0 tcontext=u:object_r:sysfs:s0 tclass=dir permissive=0
05-31 11:22:17.368   420   420 I cameraserver: ServiceManager: 0xee640db0 done instantiate
05-31 11:22:17.369   519   552 I BatteryStatsImpl: Resetting battery stats: level=100 status=4 dischargeLevel=100 lowAmount=0 highAmount=0
05-31 11:22:17.372   207   210 E android.system.suspend@1.0-service: Error opening kernel wakelock stats for: wakeup34: Permission denied
05-31 11:22:17.373   207   210 E android.system.suspend@1.0-service: Error opening kernel wakelock stats for: wakeup35: Permission denied
05-31 11:22:17.368   207   207 W Binder:207_2: type=1400 audit(0.0:10): avc: denied { read } for name="wakeup34" dev="sysfs" ino=18950 scontext=u:r:system_suspend:s0 tcontext=u:object_r:sysfs:s0 tclass=dir permissive=0
05-31 11:22:17.368   207   207 W Binder:207_2: type=1400 audit(0.0:11): avc: denied { read } for name="wakeup35" dev="sysfs" ino=19013 scontext=u:r:system_suspend:s0 tcontext=u:object_r:sysfs:s0 tclass=dir permissive=0
05-31 11:22:17.383   519   519 D SystemServerTiming: StartUsageService took to complete: 21ms
05-31 11:22:17.383   519   519 I SystemServerTiming: StartWebViewUpdateService
05-31 11:22:17.383   519   519 I SystemServiceManager: Starting com.android.server.webkit.WebViewUpdateService
05-31 11:22:17.388   207   210 E android.system.suspend@1.0-service: Error opening kernel wakelock stats for: wakeup34: Permission denied
05-31 11:22:17.390   207   210 E android.system.suspend@1.0-service: Error opening kernel wakelock stats for: wakeup35: Permission denied
05-31 11:22:17.384   207   207 W Binder:207_2: type=1400 audit(0.0:12): avc: denied { read } for name="wakeup34" dev="sysfs" ino=18950 scontext=u:r:system_suspend:s0 tcontext=u:object_r:sysfs:s0 tclass=dir permissive=0
05-31 11:22:17.393   519   519 D SystemServerTiming: StartWebViewUpdateService took to complete: 9ms
05-31 11:22:17.393   519   519 I SystemServerTiming: StartCachedDeviceStateService
05-31 11:22:17.393   519   519 I SystemServiceManager: Starting com.android.server.CachedDeviceStateService
05-31 11:22:17.393   519   519 D SystemServerTiming: StartCachedDeviceStateService took to complete: 0ms
05-31 11:22:17.393   519   519 I SystemServerTiming: StartBinderCallsStatsService
05-31 11:22:17.393   519   519 I SystemServiceManager: Starting com.android.server.BinderCallsStatsService$LifeCycle
05-31 11:22:17.393   207   210 E android.system.suspend@1.0-service: Error opening kernel wakelock stats for: wakeup34: Permission denied
05-31 11:22:17.395   207   210 E android.system.suspend@1.0-service: Error opening kernel wakelock stats for: wakeup35: Permission denied
05-31 11:22:17.388   207   207 W Binder:207_2: type=1400 audit(0.0:13): avc: denied { read } for name="wakeup35" dev="sysfs" ino=19013 scontext=u:r:system_suspend:s0 tcontext=u:object_r:sysfs:s0 tclass=dir permissive=0
05-31 11:22:17.398   519   519 D SystemServerTiming: StartBinderCallsStatsService took to complete: 5ms
05-31 11:22:17.398   519   519 I SystemServerTiming: StartLooperStatsService
05-31 11:22:17.398   519   519 I SystemServiceManager: Starting com.android.server.LooperStatsService$Lifecycle
05-31 11:22:17.388   207   207 W Binder:207_2: type=1400 audit(0.0:14): avc: denied { read } for name="wakeup34" dev="sysfs" ino=18950 scontext=u:r:system_suspend:s0 tcontext=u:object_r:sysfs:s0 tclass=dir permissive=0
05-31 11:22:17.402   519   519 D SystemServerTiming: StartLooperStatsService took to complete: 4ms
05-31 11:22:17.402   519   519 I SystemServerTiming: StartRollbackManagerService
05-31 11:22:17.402   519   519 I SystemServiceManager: Starting com.android.server.rollback.RollbackManagerService
05-31 11:22:17.404   425   425 D installd: Found quota mount /dev/block/dm-5 at /data
05-31 11:22:17.404   425   425 D installd: Found quota mount /dev/block/dm-5 at /data/user/0
05-31 11:22:17.405   519   519 I PackageWatchdog: Syncing state, reason: added new observer
05-31 11:22:17.405   519   519 I PackageWatchdog: Not pruning observers, elapsed time: 0ms
05-31 11:22:17.406   519   519 I PackageWatchdog: Cancelling state sync, nothing to sync
05-31 11:22:17.392   207   207 W Binder:207_2: type=1400 audit(0.0:15): avc: denied { read } for name="wakeup35" dev="sysfs" ino=19013 scontext=u:r:system_suspend:s0 tcontext=u:object_r:sysfs:s0 tclass=dir permissive=0
05-31 11:22:17.408   519   519 D SystemServerTiming: StartRollbackManagerService took to complete: 6ms
05-31 11:22:17.409   519   519 I SystemServerTiming: StartBugreportManagerService
05-31 11:22:17.409   519   519 I SystemServiceManager: Starting com.android.server.os.BugreportManagerService
05-31 11:22:17.411   519   519 D SystemServerTiming: StartBugreportManagerService took to complete: 2ms
05-31 11:22:17.411   519   519 I SystemServerTiming: GpuService
05-31 11:22:17.411   519   519 I SystemServiceManager: Starting com.android.server.gpu.GpuService
05-31 11:22:17.412   519   519 D SystemServerTiming: GpuService took to complete: 0ms
05-31 11:22:17.412   519   519 D SystemServerTiming: startCoreServices took to complete: 84ms
05-31 11:22:17.412   519   519 I SystemServerTiming: startOtherServices
05-31 11:22:17.412   519   519 I SystemServerTiming: StartKeyAttestationApplicationIdProviderService
05-31 11:22:17.413   519   519 D SystemServerTiming: StartKeyAttestationApplicationIdProviderService took to complete: 0ms
05-31 11:22:17.413   519   519 I SystemServerTiming: StartKeyChainSystemService
05-31 11:22:17.413   519   519 I SystemServiceManager: Starting com.android.server.security.KeyChainSystemService
05-31 11:22:17.413   519   587 I SystemServerTimingAsync: InitThreadPoolExec:SecondaryZygotePreload
05-31 11:22:17.413   519   587 D SystemServerInitThreadPool: Started executing SecondaryZygotePreload
05-31 11:22:17.414   519   587 I SystemServer: SecondaryZygotePreload
05-31 11:22:17.414   519   587 I SystemServerTimingAsync: SecondaryZygotePreload
05-31 11:22:17.414   519   519 D SystemServerTiming: StartKeyChainSystemService took to complete: 0ms
05-31 11:22:17.414   519   519 I SystemServerTiming: StartSchedulingPolicyService
05-31 11:22:17.414   519   543 I SystemServerTimingAsync: InitThreadPoolExec:SchedulingPolicyService.<init>
05-31 11:22:17.414   519   543 D SystemServerInitThreadPool: Started executing SchedulingPolicyService.<init>
05-31 11:22:17.414   519   545 I PackageWatchdog: Saving observer state to file
05-31 11:22:17.415   519   519 D SystemServerTiming: StartSchedulingPolicyService took to complete: 1ms
05-31 11:22:17.415   519   519 I SystemServerTiming: StartTelecomLoaderService
05-31 11:22:17.415   519   519 I SystemServiceManager: Starting com.android.server.telecom.TelecomLoaderService
05-31 11:22:17.415   519   587 E SystemServer: Unable to preload default resources
05-31 11:22:17.415   519   587 D SystemServerTimingAsync: SecondaryZygotePreload took to complete: 1ms
05-31 11:22:17.415   519   587 D SystemServerInitThreadPool: Finished executing SecondaryZygotePreload
05-31 11:22:17.415   519   519 D SystemServerTiming: StartTelecomLoaderService took to complete: 0ms
05-31 11:22:17.415   519   519 I SystemServerTiming: StartTelephonyRegistry
05-31 11:22:17.415   519   587 D SystemServerTimingAsync: InitThreadPoolExec:SecondaryZygotePreload took to complete: 1ms
05-31 11:22:17.416   519   543 I SchedulingPolicyService: Moving 445 back to group default
05-31 11:22:17.416   519   543 D SystemServerInitThreadPool: Finished executing SchedulingPolicyService.<init>
05-31 11:22:17.416   519   543 D SystemServerTimingAsync: InitThreadPoolExec:SchedulingPolicyService.<init> took to complete: 2ms
05-31 11:22:17.417   519   519 D SystemServerTiming: StartTelephonyRegistry took to complete: 3ms
05-31 11:22:17.417   519   519 I SystemServerTiming: StartEntropyMixer
05-31 11:22:17.429   519   519 I EntropyMixer: Added HW RNG output to entropy pool
05-31 11:22:17.429   519   519 I EntropyMixer: Writing entropy...
05-31 11:22:17.436   519   519 D SystemServerTiming: StartEntropyMixer took to complete: 18ms
05-31 11:22:17.436   519   519 I SystemServerTiming: StartAccountManagerService
05-31 11:22:17.436   519   519 I SystemServiceManager: Starting com.android.server.accounts.AccountManagerService$Lifecycle
05-31 11:22:17.441   519   519 D CompatibilityChangeReporter: Compat change id reported: 148180766; UID 1000; state: ENABLED
05-31 11:22:17.442   519   519 D SystemServerTiming: StartAccountManagerService took to complete: 6ms
05-31 11:22:17.442   519   519 I SystemServerTiming: StartContentService
05-31 11:22:17.442   519   519 I SystemServiceManager: Starting com.android.server.content.ContentService$Lifecycle
05-31 11:22:17.446   519   519 D SystemServerTiming: StartContentService took to complete: 4ms
05-31 11:22:17.446   519   519 I SystemServerTiming: InstallSystemProviders
05-31 11:22:17.453   519   519 I system_server: The ClassLoaderContext is a special shared library.
05-31 11:22:17.459   425   582 W cutils  : Expected path /data/user_de/0/com.google.android.gms with mode 700 but found 711
05-31 11:22:17.483   519   519 W SettingsState: No settings state /data/system/users/0/settings_config.xml
05-31 11:22:17.485   519   519 I SettingsState: directory info for directory/file /data/system/users/0/settings_config.xml with stacktrace 
05-31 11:22:17.485   519   519 I SettingsState: java.lang.Exception
05-31 11:22:17.485   519   519 I SettingsState: 	at com.android.providers.settings.SettingsState.logSettingsDirectoryInformation(SettingsState.java:892)
05-31 11:22:17.485   519   519 I SettingsState: 	at com.android.providers.settings.SettingsState.readStateSyncLocked(SettingsState.java:1011)
05-31 11:22:17.485   519   519 I SettingsState: 	at com.android.providers.settings.SettingsState.<init>(SettingsState.java:292)
05-31 11:22:17.485   519   519 I SettingsState: 	at com.android.providers.settings.SettingsProvider$SettingsRegistry.ensureSettingsStateLocked(SettingsProvider.java:2783)
05-31 11:22:17.485   519   519 I SettingsState: 	at com.android.providers.settings.SettingsProvider$SettingsRegistry.ensureSettingsForUserLocked(SettingsProvider.java:2748)
05-31 11:22:17.485   519   519 I SettingsState: 	at com.android.providers.settings.SettingsProvider$SettingsRegistry.peekSettingsStateLocked(SettingsProvider.java:3091)
05-31 11:22:17.485   519   519 I SettingsState: 	at com.android.providers.settings.SettingsProvider$SettingsRegistry.getSettingsNamesLocked(SettingsProvider.java:2713)
05-31 11:22:17.485   519   519 I SettingsState: 	at com.android.providers.settings.SettingsProvider$SettingsRegistry.syncSsaidTableOnStart(SettingsProvider.java:2695)
05-31 11:22:17.485   519   519 I SettingsState: 	at com.android.providers.settings.SettingsProvider$SettingsRegistry.<init>(SettingsProvider.java:2588)
05-31 11:22:17.485   519   519 I SettingsState: 	at com.android.providers.settings.SettingsProvider.onCreate(SettingsProvider.java:347)
05-31 11:22:17.485   519   519 I SettingsState: 	at android.content.ContentProvider.attachInfo(ContentProvider.java:2388)
05-31 11:22:17.485   519   519 I SettingsState: 	at android.content.ContentProvider.attachInfo(ContentProvider.java:2358)
05-31 11:22:17.485   519   519 I SettingsState: 	at android.app.ActivityThread.installProvider(ActivityThread.java:7239)
05-31 11:22:17.485   519   519 I SettingsState: 	at android.app.ActivityThread.installContentProviders(ActivityThread.java:6780)
05-31 11:22:17.485   519   519 I SettingsState: 	at android.app.ActivityThread.installSystemProviders(ActivityThread.java:7431)
05-31 11:22:17.485   519   519 I SettingsState: 	at com.android.server.am.ActivityManagerService.installSystemProviders(ActivityManagerService.java:7917)
05-31 11:22:17.485   519   519 I SettingsState: 	at com.android.server.SystemServer.startOtherServices(SystemServer.java:1116)
05-31 11:22:17.485   519   519 I SettingsState: 	at com.android.server.SystemServer.run(SystemServer.java:592)
05-31 11:22:17.485   519   519 I SettingsState: 	at com.android.server.SystemServer.main(SystemServer.java:408)
05-31 11:22:17.485   519   519 I SettingsState: 	at java.lang.reflect.Method.invoke(Native Method)
05-31 11:22:17.485   519   519 I SettingsState: 	at com.android.internal.os.RuntimeInit$MethodAndArgsCaller.run(RuntimeInit.java:592)
05-31 11:22:17.485   519   519 I SettingsState: 	at com.android.internal.os.ZygoteInit.main(ZygoteInit.java:925)
05-31 11:22:17.485   519   519 I SettingsState: ancestor directory /data/system/users/0 exists
05-31 11:22:17.485   519   519 I SettingsState: ancestor directory /data/system/users/0 permissions: r: true w: true x: true
05-31 11:22:17.485   519   519 I SettingsState: ancestor's parent directory /data/system/users permissions: r: true w: true x: true
05-31 11:22:17.490   519   519 W SettingsState: No settings state /data/system/users/0/settings_ssaid.xml
05-31 11:22:17.490   519   519 I SettingsState: directory info for directory/file /data/system/users/0/settings_ssaid.xml with stacktrace 
05-31 11:22:17.490   519   519 I SettingsState: java.lang.Exception
05-31 11:22:17.490   519   519 I SettingsState: 	at com.android.providers.settings.SettingsState.logSettingsDirectoryInformation(SettingsState.java:892)
05-31 11:22:17.490   519   519 I SettingsState: 	at com.android.providers.settings.SettingsState.readStateSyncLocked(SettingsState.java:1011)
05-31 11:22:17.490   519   519 I SettingsState: 	at com.android.providers.settings.SettingsState.<init>(SettingsState.java:292)
05-31 11:22:17.490   519   519 I SettingsState: 	at com.android.providers.settings.SettingsProvider$SettingsRegistry.ensureSettingsStateLocked(SettingsProvider.java:2783)
05-31 11:22:17.490   519   519 I SettingsState: 	at com.android.providers.settings.SettingsProvider$SettingsRegistry.ensureSettingsForUserLocked(SettingsProvider.java:2771)
05-31 11:22:17.490   519   519 I SettingsState: 	at com.android.providers.settings.SettingsProvider$SettingsRegistry.peekSettingsStateLocked(SettingsProvider.java:3091)
05-31 11:22:17.490   519   519 I SettingsState: 	at com.android.providers.settings.SettingsProvider$SettingsRegistry.getSettingsNamesLocked(SettingsProvider.java:2713)
05-31 11:22:17.490   519   519 I SettingsState: 	at com.android.providers.settings.SettingsProvider$SettingsRegistry.syncSsaidTableOnStart(SettingsProvider.java:2695)
05-31 11:22:17.490   519   519 I SettingsState: 	at com.android.providers.settings.SettingsProvider$SettingsRegistry.<init>(SettingsProvider.java:2588)
05-31 11:22:17.490   519   519 I SettingsState: 	at com.android.providers.settings.SettingsProvider.onCreate(SettingsProvider.java:347)
05-31 11:22:17.490   519   519 I SettingsState: 	at android.content.ContentProvider.attachInfo(ContentProvider.java:2388)
05-31 11:22:17.490   519   519 I SettingsState: 	at android.content.ContentProvider.attachInfo(ContentProvider.java:2358)
05-31 11:22:17.490   519   519 I SettingsState: 	at android.app.ActivityThread.installProvider(ActivityThread.java:7239)
05-31 11:22:17.490   519   519 I SettingsState: 	at android.app.ActivityThread.installContentProviders(ActivityThread.java:6780)
05-31 11:22:17.490   519   519 I SettingsState: 	at android.app.ActivityThread.installSystemProviders(ActivityThread.java:7431)
05-31 11:22:17.490   519   519 I SettingsState: 	at com.android.server.am.ActivityManagerService.installSystemProviders(ActivityManagerService.java:7917)
05-31 11:22:17.490   519   519 I SettingsState: 	at com.android.server.SystemServer.startOtherServices(SystemServer.java:1116)
05-31 11:22:17.490   519   519 I SettingsState: 	at com.android.server.SystemServer.run(SystemServer.java:592)
05-31 11:22:17.490   519   519 I SettingsState: 	at com.android.server.SystemServer.main(SystemServer.java:408)
05-31 11:22:17.490   519   519 I SettingsState: 	at java.lang.reflect.Method.invoke(Native Method)
05-31 11:22:17.490   519   519 I SettingsState: 	at com.android.internal.os.RuntimeInit$MethodAndArgsCaller.run(RuntimeInit.java:592)
05-31 11:22:17.490   519   519 I SettingsState: 	at com.android.internal.os.ZygoteInit.main(ZygoteInit.java:925)
05-31 11:22:17.490   519   519 I SettingsState: ancestor directory /data/system/users/0 exists
05-31 11:22:17.490   519   519 I SettingsState: ancestor directory /data/system/users/0 permissions: r: true w: true x: true
05-31 11:22:17.490   519   519 I SettingsState: ancestor's parent directory /data/system/users permissions: r: true w: true x: true
05-31 11:22:17.513   519   572 D SystemServerTimingAsync: AppDataPrepare took to complete: 161ms
05-31 11:22:17.513   519   572 I PackageManager: Deferred reconcileAppsData finished 134 packages
05-31 11:22:17.513   519   572 D SystemServerInitThreadPool: Finished executing prepareAppData
05-31 11:22:17.513   519   572 D SystemServerTimingAsync: InitThreadPoolExec:prepareAppData took to complete: 424ms
05-31 11:22:17.515   519   519 D SystemServerTiming: InstallSystemProviders took to complete: 69ms
05-31 11:22:17.515   519   519 I SystemServerTiming: StartDropBoxManager
05-31 11:22:17.515   519   519 I SystemServiceManager: Starting com.android.server.DropBoxManagerService
05-31 11:22:17.516   519   519 D SystemServerTiming: StartDropBoxManager took to complete: 1ms
05-31 11:22:17.516   519   519 I SystemServerTiming: StartVibratorService
05-31 11:22:17.517   172   172 I servicemanager: Found android.hardware.vibrator.IVibrator/default in device VINTF manifest.
05-31 11:22:17.518   338   338 I android.hardware.vibrator-service.example: Vibrator reporting capabilities
05-31 11:22:17.518   338   338 I android.hardware.vibrator-service.example: Vibrator off
05-31 11:22:17.518   338   338 I android.hardware.vibrator-service.example: Vibrator reporting capabilities
05-31 11:22:17.520   519   519 D SystemServerTiming: StartVibratorService took to complete: 3ms
05-31 11:22:17.520   519   519 I SystemServerTiming: StartDynamicSystemService
05-31 11:22:17.520   519   519 D SystemServerTiming: StartDynamicSystemService took to complete: 0ms
05-31 11:22:17.521   519   519 I SystemServerTiming: StartConsumerIrService
05-31 11:22:17.518   338   338 I chatty  : uid=1000(system) android.hardwar identical 1 line
05-31 11:22:17.519   338   338 I android.hardware.vibrator-service.example: Vibrator reporting capabilities
05-31 11:22:17.521   173   173 I hwservicemanager: getTransport: Cannot find entry android.hardware.ir@1.0::IConsumerIr/default in either framework or device manifest.
05-31 11:22:17.521   519   519 D SystemServerTiming: StartConsumerIrService took to complete: 1ms
05-31 11:22:17.521   519   519 I SystemServerTiming: StartAlarmManagerService
05-31 11:22:17.526   519   519 D AlarmManagerService: Kernel timezone updated to -330 minutes west of GMT
05-31 11:22:17.527   519   519 E HistoricalRegistry: Interaction before persistence initialized
05-31 11:22:17.528   519   519 D SystemServerTiming: StartAlarmManagerService took to complete: 6ms
05-31 11:22:17.528   519   519 I SystemServerTiming: StartInputManagerService
05-31 11:22:17.530   519   519 I InputManager: Initializing input manager, mUseDevInputEventForAudioJack=true
05-31 11:22:17.537   519   519 D SystemServerTiming: StartInputManagerService took to complete: 9ms
05-31 11:22:17.537   519   519 I SystemServerTiming: StartWindowManagerService
05-31 11:22:17.543   519   539 I WindowManager: No existing display settings, starting empty
05-31 11:22:17.548   519   539 I WindowTracing: Setting window tracing log level to 1
05-31 11:22:17.548   519   539 I WindowTracing: Setting window tracing buffer capacity to 2097152bytes
05-31 11:22:17.551   519   519 D SystemServerTiming: StartWindowManagerService took to complete: 15ms
05-31 11:22:17.551   519   519 I SystemServerTiming: SetWindowManagerService
05-31 11:22:17.553   519   538 I DropBoxManagerService: add tag=system_server_strictmode isTagEnabled=true flags=0x2
05-31 11:22:17.563   519   538 I chatty  : uid=1000(system) android.io identical 3 lines
05-31 11:22:17.565   519   538 I DropBoxManagerService: add tag=system_server_strictmode isTagEnabled=true flags=0x2
05-31 11:22:17.586   519   519 I ActivityTaskManager: Loaded persisted task ids for user 0
05-31 11:22:17.589   519   519 D SystemServerTiming: SetWindowManagerService took to complete: 38ms
05-31 11:22:17.589   519   519 I SystemServerTiming: WindowManagerServiceOnInitReady
05-31 11:22:17.594   519   519 D SystemServerTiming: WindowManagerServiceOnInitReady took to complete: 5ms
05-31 11:22:17.595   519   519 I SystemServerTiming: StartInputManager
05-31 11:22:17.595   519   519 I InputManager: Starting input manager
05-31 11:22:17.597   519   576 I SystemServerTimingAsync: InitThreadPoolExec:StartHidlServices
05-31 11:22:17.597   519   576 D SystemServerInitThreadPool: Started executing StartHidlServices
05-31 11:22:17.597   519   576 I SystemServerTimingAsync: StartHidlServices
05-31 11:22:17.597   519   519 I InputManager: Enabling motion classifier because just booted: feature enabled, long press timeout = 400
05-31 11:22:17.597   519   519 I InputClassifier: Enabling motion classifier
05-31 11:22:17.597   519   576 I HidlServiceManagement: Registered android.frameworks.sensorservice@1.0::ISensorManager/default (start delay of 5076ms)
05-31 11:22:17.598   519   519 D SystemServerTiming: StartInputManager took to complete: 3ms
05-31 11:22:17.598   519   519 I SystemServerTiming: DisplayManagerWindowManagerAndInputReady
05-31 11:22:17.598   519   519 D SystemServerTiming: DisplayManagerWindowManagerAndInputReady took to complete: 0ms
05-31 11:22:17.598   519   519 I SystemServerTiming: StartBluetoothService
05-31 11:22:17.598   519   519 I SystemServiceManager: Starting com.android.server.BluetoothService
05-31 11:22:17.599   173   173 I hwservicemanager: Since android.hardware.input.classifier@1.0::IInputClassifier/default is not registered, trying to start it as a lazy HAL.
05-31 11:22:17.599   519   576 I HidlServiceManagement: Registered android.frameworks.schedulerservice@1.0::ISchedulingPolicyService/default (start delay of 5077ms)
05-31 11:22:17.600   173   173 I hwservicemanager: Since android.hardware.input.classifier@1.0::IInputClassifier/default is not registered, trying to start it as a lazy HAL.
05-31 11:22:17.600   519   593 I HidlServiceManagement: getService: Trying again for android.hardware.input.classifier@1.0::IInputClassifier/default...
05-31 11:22:17.601   519   576 I HidlServiceManagement: Registered android.frameworks.stats@1.0::IStats/default (start delay of 5080ms)
05-31 11:22:17.602   519   576 D SystemServerTimingAsync: StartHidlServices took to complete: 5ms
05-31 11:22:17.602   519   576 D SystemServerInitThreadPool: Finished executing StartHidlServices
05-31 11:22:17.602   519   576 D SystemServerTimingAsync: InitThreadPoolExec:StartHidlServices took to complete: 5ms
05-31 11:22:17.378     0     0 W healthd : battery l=100 v=5000 t=25.0 h=2 st=4 c=900000 fc=300000 cc=10 chg=
05-31 11:22:17.593     0     0 I init    : starting service 'vendor.input.classifier-1-0'...
05-31 11:22:17.605   519   592 D EventHub: No input device configuration file found for device 'Power Button'.
05-31 11:22:17.599     0     0 I init    : Control message: Processed ctl.interface_start for 'android.hardware.input.classifier@1.0::IInputClassifier/default' from pid: 173 (/system/bin/hwservicemanager)
05-31 11:22:17.614   519   519 D BluetoothManagerService: Loading stored name and address
05-31 11:22:17.615   519   519 D BluetoothManagerService: Stored bluetooth Name=Android SDK built for x86,Address=3C:5A:B4:01:02:03
05-31 11:22:17.615   519   519 D BluetoothManagerService: Bluetooth persisted state: 1
05-31 11:22:17.615   519   519 D BluetoothManagerService: Startup: Bluetooth persisted state is ON.
05-31 11:22:17.615   519   592 W EventHub: Unable to disable kernel key repeat for /dev/input/event0: Function not implemented
05-31 11:22:17.615   519   592 I EventHub: usingClockIoctl=true
05-31 11:22:17.615   519   592 I EventHub: New device: id=1, fd=147, path='/dev/input/event0', name='Power Button', classes=0x1, configuration='', keyLayout='/system/usr/keylayout/Generic.kl', keyCharacterMap='/system/usr/keychars/Generic.kcm', builtinKeyboard=false, 
05-31 11:22:17.616   519   519 D BluetoothManagerService: Detected SystemUiUid: 10112
05-31 11:22:17.616   519   519 D SystemServerTiming: StartBluetoothService took to complete: 18ms
05-31 11:22:17.616   519   519 I SystemServerTiming: IpConnectivityMetrics
05-31 11:22:17.616   519   519 I SystemServiceManager: Starting com.android.server.connectivity.IpConnectivityMetrics
05-31 11:22:17.616   519   592 I EventHub: usingClockIoctl=true
05-31 11:22:17.616   519   592 I EventHub: New device: id=2, fd=148, path='/dev/input/event10', name='virtio_input_multi_touch_9', classes=0x94, configuration='/vendor/usr/idc/virtio_input_multi_touch_9.idc', keyLayout='', keyCharacterMap='', builtinKeyboard=false, 
05-31 11:22:17.618   519   592 I EventHub: usingClockIoctl=true
05-31 11:22:17.618   519   592 I EventHub: New device: id=3, fd=149, path='/dev/input/event8', name='virtio_input_multi_touch_7', classes=0x94, configuration='/vendor/usr/idc/virtio_input_multi_touch_7.idc', keyLayout='', keyCharacterMap='', builtinKeyboard=false, 
05-31 11:22:17.619   519   592 I EventHub: usingClockIoctl=true
05-31 11:22:17.619   519   592 I EventHub: New device: id=4, fd=150, path='/dev/input/event11', name='virtio_input_multi_touch_10', classes=0x94, configuration='/vendor/usr/idc/virtio_input_multi_touch_10.idc', keyLayout='', keyCharacterMap='', builtinKeyboard=false, 
05-31 11:22:17.619   519   592 I EventHub: usingClockIoctl=true
05-31 11:22:17.619   519   592 I EventHub: New device: id=5, fd=151, path='/dev/input/event5', name='virtio_input_multi_touch_4', classes=0x94, configuration='/vendor/usr/idc/virtio_input_multi_touch_4.idc', keyLayout='', keyCharacterMap='', builtinKeyboard=false, 
05-31 11:22:17.620   519   592 I EventHub: usingClockIoctl=true
05-31 11:22:17.620   519   592 I EventHub: New device: id=6, fd=152, path='/dev/input/event2', name='virtio_input_multi_touch_1', classes=0x94, configuration='/vendor/usr/idc/virtio_input_multi_touch_1.idc', keyLayout='', keyCharacterMap='', builtinKeyboard=false, 
05-31 11:22:17.620   519   592 I EventHub: usingClockIoctl=true
05-31 11:22:17.620   519   592 I EventHub: New device: id=7, fd=153, path='/dev/input/event7', name='virtio_input_multi_touch_6', classes=0x94, configuration='/vendor/usr/idc/virtio_input_multi_touch_6.idc', keyLayout='', keyCharacterMap='', builtinKeyboard=false, 
05-31 11:22:17.621   519   592 I EventHub: usingClockIoctl=true
05-31 11:22:17.621   519   592 I EventHub: New device: id=8, fd=154, path='/dev/input/event12', name='virtio_input_multi_touch_11', classes=0x94, configuration='/vendor/usr/idc/virtio_input_multi_touch_11.idc', keyLayout='', keyCharacterMap='', builtinKeyboard=false, 
05-31 11:22:17.621   519   592 I EventHub: usingClockIoctl=true
05-31 11:22:17.621   519   592 I EventHub: New device: id=9, fd=155, path='/dev/input/event4', name='virtio_input_multi_touch_3', classes=0x94, configuration='/vendor/usr/idc/virtio_input_multi_touch_3.idc', keyLayout='', keyCharacterMap='', builtinKeyboard=false, 
05-31 11:22:17.622   519   592 I EventHub: usingClockIoctl=true
05-31 11:22:17.622   519   592 I EventHub: New device: id=10, fd=156, path='/dev/input/event6', name='virtio_input_multi_touch_5', classes=0x94, configuration='/vendor/usr/idc/virtio_input_multi_touch_5.idc', keyLayout='', keyCharacterMap='', builtinKeyboard=false, 
05-31 11:22:17.623   519   592 I EventHub: usingClockIoctl=true
05-31 11:22:17.623   519   592 I EventHub: New device: id=11, fd=157, path='/dev/input/event3', name='virtio_input_multi_touch_2', classes=0x94, configuration='/vendor/usr/idc/virtio_input_multi_touch_2.idc', keyLayout='', keyCharacterMap='', builtinKeyboard=false, 
05-31 11:22:17.624   519   592 I EventHub: usingClockIoctl=true
05-31 11:22:17.624   519   592 I EventHub: New device: id=12, fd=158, path='/dev/input/event9', name='virtio_input_multi_touch_8', classes=0x94, configuration='/vendor/usr/idc/virtio_input_multi_touch_8.idc', keyLayout='', keyCharacterMap='', builtinKeyboard=false, 
05-31 11:22:17.627   519   592 I EventHub: usingClockIoctl=true
05-31 11:22:17.627   519   592 I EventHub: New device: id=13, fd=159, path='/dev/input/event13', name='qwerty2', classes=0xa3, configuration='/vendor/usr/idc/qwerty2.idc', keyLayout='/vendor/usr/keylayout/qwerty.kl', keyCharacterMap='/system/usr/keychars/qwerty2.kcm', builtinKeyboard=true, 
05-31 11:22:17.627   519   592 D EventHub: No input device configuration file found for device 'AT Translated Set 2 keyboard'.
05-31 11:22:17.627   596   596 I HidlServiceManagement: Registered android.hardware.input.classifier@1.0::IInputClassifier/default (start delay of 26ms)
05-31 11:22:17.628   596   596 I HidlServiceManagement: Removing namespace from process name android.hardware.input.classifier@1.0-service.default to classifier@1.0-service.default.
05-31 11:22:17.628   519   519 D SystemServerTiming: IpConnectivityMetrics took to complete: 12ms
05-31 11:22:17.628   519   519 I SystemServerTiming: NetworkWatchlistService
05-31 11:22:17.628   519   519 I SystemServiceManager: Starting com.android.server.net.watchlist.NetworkWatchlistService$Lifecycle
05-31 11:22:17.629   519   592 I EventHub: usingClockIoctl=true
05-31 11:22:17.630   519   592 I EventHub: New device: id=14, fd=160, path='/dev/input/event1', name='AT Translated Set 2 keyboard', classes=0x83, configuration='', keyLayout='/system/usr/keylayout/Generic.kl', keyCharacterMap='/system/usr/keychars/Generic.kcm', builtinKeyboard=false, 
05-31 11:22:17.633   173   173 I hw-BpHwBinder: onLastStrongRef automatically unlinking death recipients
05-31 11:22:17.634   519   592 I InputReader: Device added: id=-1, eventHubId=-1, name='Virtual', descriptor='a718a782d34bc767f4689c232d64d527998ea7fd',sources=0x00000301
05-31 11:22:17.634   519   592 I InputReader: Device added: id=2, eventHubId=14, name='AT Translated Set 2 keyboard', descriptor='485d69228e24f5e46da1598745890b214130dbc4',sources=0x80000101
05-31 11:22:17.634   519   592 I InputReader: Device added: id=0, eventHubId=0, name='qwerty2', descriptor='e9ac6dde47cf0ffa91b87f7b85e6f8de0933fc98',sources=0x80000301
05-31 11:22:17.635   519   592 I InputReader: Touch device 'virtio_input_multi_touch_8' could not query the properties of its associated display.  The device will be inoperable until the display size becomes available.
05-31 11:22:17.635   519   592 I InputReader: Device added: id=3, eventHubId=12, name='virtio_input_multi_touch_8', descriptor='df0ec362af5f2fec5a1bbb512f6e9556bd6b3fcf',sources=0x80005002
05-31 11:22:17.635   519   592 I InputReader: Touch device 'virtio_input_multi_touch_2' could not query the properties of its associated display.  The device will be inoperable until the display size becomes available.
05-31 11:22:17.635   519   592 I InputReader: Device added: id=4, eventHubId=11, name='virtio_input_multi_touch_2', descriptor='929d4636b8e04f50240a26561429a6e91c9eff9e',sources=0x80005002
05-31 11:22:17.635   519   592 I InputReader: Touch device 'virtio_input_multi_touch_5' could not query the properties of its associated display.  The device will be inoperable until the display size becomes available.
05-31 11:22:17.635   519   592 I InputReader: Device added: id=5, eventHubId=10, name='virtio_input_multi_touch_5', descriptor='a009ac16f7539a9e4072c1f537120c35a8163d3b',sources=0x80005002
05-31 11:22:17.635   519   592 I InputReader: Touch device 'virtio_input_multi_touch_3' could not query the properties of its associated display.  The device will be inoperable until the display size becomes available.
05-31 11:22:17.635   519   592 I InputReader: Device added: id=6, eventHubId=9, name='virtio_input_multi_touch_3', descriptor='d02b0eff93435c71d7fcb0c5db2c4e01c700002e',sources=0x80005002
05-31 11:22:17.635   519   592 I InputReader: Touch device 'virtio_input_multi_touch_11' could not query the properties of its associated display.  The device will be inoperable until the display size becomes available.
05-31 11:22:17.636   519   592 I InputReader: Device added: id=7, eventHubId=8, name='virtio_input_multi_touch_11', descriptor='e760666b71e579617395a5018f318365e9f44147',sources=0x80005002
05-31 11:22:17.636   519   592 I InputReader: Touch device 'virtio_input_multi_touch_6' could not query the properties of its associated display.  The device will be inoperable until the display size becomes available.
05-31 11:22:17.636   519   592 I InputReader: Device added: id=8, eventHubId=7, name='virtio_input_multi_touch_6', descriptor='0b49b597447c4c7be1d009f9a86bbed08b2e6b6d',sources=0x80005002
05-31 11:22:17.636   519   519 I WatchlistSettings: Reload watchlist settings done
05-31 11:22:17.636   519   592 I InputReader: Touch device 'virtio_input_multi_touch_1' could not query the properties of its associated display.  The device will be inoperable until the display size becomes available.
05-31 11:22:17.636   519   592 I InputReader: Device added: id=9, eventHubId=6, name='virtio_input_multi_touch_1', descriptor='43db9dd6fa61939c1b516cd9522f0fe93926a00b',sources=0x80005002
05-31 11:22:17.636   519   592 I InputReader: Touch device 'virtio_input_multi_touch_4' could not query the properties of its associated display.  The device will be inoperable until the display size becomes available.
05-31 11:22:17.636   519   592 I InputReader: Device added: id=10, eventHubId=5, name='virtio_input_multi_touch_4', descriptor='3e50b6575df319e017bd447766007caeb20ef93b',sources=0x80005002
05-31 11:22:17.636   519   592 I InputReader: Touch device 'virtio_input_multi_touch_10' could not query the properties of its associated display.  The device will be inoperable until the display size becomes available.
05-31 11:22:17.636   519   592 I InputReader: Device added: id=11, eventHubId=4, name='virtio_input_multi_touch_10', descriptor='03d5168c37d991df1726df002537cd6ccc5b68cb',sources=0x80005002
05-31 11:22:17.636   519   592 I InputReader: Touch device 'virtio_input_multi_touch_7' could not query the properties of its associated display.  The device will be inoperable until the display size becomes available.
05-31 11:22:17.636   519   592 I InputReader: Device added: id=12, eventHubId=3, name='virtio_input_multi_touch_7', descriptor='e1c836c7be888adb29ca6646292e486f96461e97',sources=0x80005002
05-31 11:22:17.636   519   592 I InputReader: Touch device 'virtio_input_multi_touch_9' could not query the properties of its associated display.  The device will be inoperable until the display size becomes available.
05-31 11:22:17.636   519   592 I InputReader: Device added: id=13, eventHubId=2, name='virtio_input_multi_touch_9', descriptor='ac8abc2b3d95a68148a903fffc0a312b4dd19302',sources=0x80005002
05-31 11:22:17.636   519   592 I InputReader: Device added: id=14, eventHubId=1, name='Power Button', descriptor='26d13db3fa0f6bd5d05831266fb01ea6c500b88c',sources=0x00000101
05-31 11:22:17.636   519   519 D SystemServerTiming: NetworkWatchlistService took to complete: 8ms
05-31 11:22:17.636   519   519 I SystemServerTiming: PinnerService
05-31 11:22:17.636   519   519 I SystemServiceManager: Starting com.android.server.PinnerService
05-31 11:22:17.637   519   592 E InputClassifier: Could not add the event to the queue. Resetting
05-31 11:22:17.638   519   598 I WatchlistLoggingHandler: Last report time is larger than current time, reset report
05-31 11:22:17.639   519   519 E HistoricalRegistry: Interaction before persistence initialized
05-31 11:22:17.640   519   519 D SystemServerTiming: PinnerService took to complete: 3ms
05-31 11:22:17.640   519   519 I SystemServerTiming: IorapForwardingService
05-31 11:22:17.640   519   519 I SystemServiceManager: Starting com.google.android.startop.iorap.IorapForwardingService
05-31 11:22:17.637   519   592 E InputClassifier: Could not add the event to the queue. Resetting
05-31 11:22:17.648   519   519 E IorapForwardingService: No service published for: iorapd
05-31 11:22:17.648   519   519 E IorapForwardingService: android.os.ServiceManager$ServiceNotFoundException: No service published for: iorapd
05-31 11:22:17.648   519   519 E IorapForwardingService: 	at android.os.ServiceManager.getServiceOrThrow(ServiceManager.java:153)
05-31 11:22:17.648   519   519 E IorapForwardingService: 	at com.google.android.startop.iorap.IorapForwardingService.provideIorapRemote(IorapForwardingService.java:124)
05-31 11:22:17.648   519   519 E IorapForwardingService: 	at com.google.android.startop.iorap.IorapForwardingService.connectToRemoteAndConfigureLocked(IorapForwardingService.java:276)
05-31 11:22:17.648   519   519 E IorapForwardingService: 	at com.google.android.startop.iorap.IorapForwardingService.connectToRemoteAndConfigure(IorapForwardingService.java:258)
05-31 11:22:17.648   519   519 E IorapForwardingService: 	at com.google.android.startop.iorap.IorapForwardingService.retryConnectToRemoteAndConfigure(IorapForwardingService.java:232)
05-31 11:22:17.648   519   519 E IorapForwardingService: 	at com.google.android.startop.iorap.IorapForwardingService.onStart(IorapForwardingService.java:170)
05-31 11:22:17.648   519   519 E IorapForwardingService: 	at com.android.server.SystemServiceManager.startService(SystemServiceManager.java:178)
05-31 11:22:17.648   519   519 E IorapForwardingService: 	at com.android.server.SystemServiceManager.startService(SystemServiceManager.java:165)
05-31 11:22:17.648   519   519 E IorapForwardingService: 	at com.android.server.SystemServer.startOtherServices(SystemServer.java:1223)
05-31 11:22:17.648   519   519 E IorapForwardingService: 	at com.android.server.SystemServer.run(SystemServer.java:592)
05-31 11:22:17.648   519   519 E IorapForwardingService: 	at com.android.server.SystemServer.main(SystemServer.java:408)
05-31 11:22:17.648   519   519 E IorapForwardingService: 	at java.lang.reflect.Method.invoke(Native Method)
