05-31 11:22:07.245     0     0 I init    : processing action (queue_property_triggers) from (<Builtin Action>:0)
05-31 11:22:07.246     0     0 I init    : processing action (early-fs) from (/system/etc/init/hw/init.rc:463)
05-31 11:22:07.247     0     0 I init    : starting service 'vold'...
05-31 11:22:07.277     0     0 I init    : processing action (early-fs) from (/vendor/etc/init/hw/init.ranchu.rc:1)
05-31 11:22:07.278     0     0 I init    : processing action (fs) from (/vendor/etc/init/hw/init.ranchu.rc:4)
05-31 11:22:07.280     0     0 I init    : starting service 'wait_for_keymaster'...
05-31 11:22:07.283     0     0 I init    : SVC_EXEC service 'wait_for_keymaster' pid 184 (uid 0 gid 0+1 context default) started; waiting...
05-31 11:22:07.302     0     0 I wait_for_keymaster: Waiting for Keymaster device
05-31 11:22:07.310   173   173 E cutils-trace: Error opening trace file: Permission denied (13)
05-31 11:22:07.310   173   173 I hwservicemanager: getFrameworkHalManifest: Reading VINTF information.
05-31 11:22:07.317   173   173 I hwservicemanager: getFrameworkHalManifest: Successfully processed VINTF information
05-31 11:22:07.318   173   173 I hwservicemanager: getDeviceHalManifest: Reading VINTF information.
--------- beginning of system
05-31 11:22:07.320   183   183 I vold    : Vold 3.0 (the awakening) firing up
05-31 11:22:07.321   183   183 D vold    : Detected support for: ext4 f2fs vfat
05-31 11:22:07.321   183   183 D vold    : Found unmanaged dm device named product
05-31 11:22:07.321   183   183 D vold    : Found unmanaged dm device named vendor
05-31 11:22:07.321   183   183 D vold    : Found unmanaged dm device named system
05-31 11:22:07.321   183   183 D vold    : Found unmanaged dm device named system_ext
05-31 11:22:07.321   183   183 D vold    : Found unmanaged dm device named system-verity
05-31 11:22:07.321   183   183 W vold    : Failed to LOOP_GET_STATUS64 /dev/block/loop26: No such device or address
05-31 11:22:07.321   183   183 W vold    : Failed to LOOP_GET_STATUS64 /dev/block/loop25: No such device or address
05-31 11:22:07.321   183   183 W vold    : Failed to LOOP_GET_STATUS64 /dev/block/loop24: No such device or address
05-31 11:22:07.321   183   183 W vold    : Failed to LOOP_GET_STATUS64 /dev/block/loop23: No such device or address
05-31 11:22:07.322   183   183 W vold    : Failed to LOOP_GET_STATUS64 /dev/block/loop22: No such device or address
05-31 11:22:07.322   183   183 W vold    : Failed to LOOP_GET_STATUS64 /dev/block/loop21: No such device or address
05-31 11:22:07.322   183   183 W vold    : Failed to LOOP_GET_STATUS64 /dev/block/loop20: No such device or address
05-31 11:22:07.322   183   183 W vold    : Failed to LOOP_GET_STATUS64 /dev/block/loop19: No such device or address
05-31 11:22:07.322   183   183 W vold    : Failed to LOOP_GET_STATUS64 /dev/block/loop18: No such device or address
05-31 11:22:07.322   183   183 W vold    : Failed to LOOP_GET_STATUS64 /dev/block/loop17: No such device or address
05-31 11:22:07.322   183   183 W vold    : Failed to LOOP_GET_STATUS64 /dev/block/loop16: No such device or address
05-31 11:22:07.322   183   183 W vold    : Failed to LOOP_GET_STATUS64 /dev/block/loop12: No such device or address
05-31 11:22:07.322   183   183 W vold    : Failed to LOOP_GET_STATUS64 /dev/block/loop7: No such device or address
05-31 11:22:07.322   183   183 D vold    : Found unmanaged loop device at /dev/block/loop0 named apex:
05-31 11:22:07.322   183   183 D vold    : Found unmanaged loop device at /dev/block/loop2 named apex:
05-31 11:22:07.322   183   183 W vold    : Failed to LOOP_GET_STATUS64 /dev/block/loop8: No such device or address
05-31 11:22:07.322   183   183 D vold    : Found unmanaged loop device at /dev/block/loop1 named apex:
05-31 11:22:07.322   183   183 W vold    : Failed to LOOP_GET_STATUS64 /dev/block/loop10: No such device or address
05-31 11:22:07.322   183   183 D vold    : Found unmanaged loop device at /dev/block/loop3 named apex:
05-31 11:22:07.322   183   183 D vold    : Found unmanaged loop device at /dev/block/loop5 named apex:
05-31 11:22:07.322   183   183 W vold    : Failed to LOOP_GET_STATUS64 /dev/block/loop14: No such device or address
05-31 11:22:07.322   183   183 W vold    : Failed to LOOP_GET_STATUS64 /dev/block/loop9: No such device or address
05-31 11:22:07.322   183   183 W vold    : Failed to LOOP_GET_STATUS64 /dev/block/loop13: No such device or address
05-31 11:22:07.322   183   183 W vold    : Failed to LOOP_GET_STATUS64 /dev/block/loop15: No such device or address
05-31 11:22:07.322   183   183 W vold    : Failed to LOOP_GET_STATUS64 /dev/block/loop11: No such device or address
05-31 11:22:07.322   183   183 D vold    : Found unmanaged loop device at /dev/block/loop4 named apex:
05-31 11:22:07.322   183   183 W vold    : Failed to LOOP_GET_STATUS64 /dev/block/loop6: No such device or address
05-31 11:22:07.323   183   183 D vold    : VoldNativeService::start() completed OK
05-31 11:22:07.327   183   186 I vold    : Found disk at /devices/pci0000:00/0000:00:08.0/virtio5/block/vdf but delaying scan due to secure keyguard
05-31 11:22:07.327     0     0 I HidlServiceManagement: getService: Trying again for android.hardware.keymaster@4.0::IKeymasterDevice/default...
05-31 11:22:07.328     0     0 I init    : starting service 'vendor.keymaster-4-1'...
05-31 11:22:07.332     0     0 I init    : Control message: Processed ctl.interface_start for 'android.hardware.keymaster@4.0::IKeymasterDevice/default' from pid: 173 (/system/bin/hwservicemanager)
05-31 11:22:07.333   173   173 I hwservicemanager: getDeviceHalManifest: Successfully processed VINTF information
05-31 11:22:07.333   173   173 I hwservicemanager: Since android.hardware.keymaster@4.0::IKeymasterDevice/default is not registered, trying to start it as a lazy HAL.
05-31 11:22:07.334   173   173 I hwservicemanager: Since android.hardware.keymaster@4.0::IKeymasterDevice/default is not registered, trying to start it as a lazy HAL.
05-31 11:22:07.334     0     0 I init    : Control message: Processed ctl.interface_start for 'android.hardware.keymaster@4.0::IKeymasterDevice/default' from pid: 173 (/system/bin/hwservicemanager)
05-31 11:22:07.366     0     0 I wait_for_keymaster: List of Keymaster HALs found:
05-31 11:22:07.367     0     0 I wait_for_keymaster: Keymaster HAL #1: SoftwareKeymasterDevice from Google SecurityLevel: SOFTWARE HAL: android.hardware.keymaster@4.1::IKeymasterDevice/default
05-31 11:22:07.370     0     0 D wait_for_keymaster: Computing HMAC with params { (seed: , nonce: fcb2358dac8684d1819316199c51d990d8a0953c6b3b5c52c362c2d53e53747c) }
05-31 11:22:07.370     0     0 D wait_for_keymaster: Computing HMAC for SoftwareKeymasterDevice from Google SecurityLevel: SOFTWARE HAL: android.hardware.keymaster@4.1::IKeymasterDevice/default
05-31 11:22:07.370     0     0 I wait_for_keymaster: Using SoftwareKeymasterDevice from Google for encryption.  Security level: SOFTWARE, HAL: android.hardware.keymaster@4.1::IKeymasterDevice/default
05-31 11:22:07.371   191   191 E cutils-trace: Error opening trace file: Permission denied (13)
05-31 11:22:07.372   191   191 I HidlServiceManagement: Registered android.hardware.keymaster@4.1::IKeymasterDevice/default (start delay of 40ms)
05-31 11:22:07.372   191   191 I HidlServiceManagement: Removing namespace from process name android.hardware.keymaster@4.1-service to keymaster@4.1-service.
05-31 11:22:07.372     0     0 I wait_for_keymaster: Keymaster device ready
05-31 11:22:07.372   173   173 I hw-BpHwBinder: onLastStrongRef automatically unlinking death recipients
05-31 11:22:07.373   173   173 I hwservicemanager: getTransport: Cannot find entry android.hardware.keymaster@3.0::IKeymasterDevice/default in either framework or device manifest.
05-31 11:22:07.374     0     0 I init    : Service 'wait_for_keymaster' (pid 184) exited with status 0 waiting took 0.092000 seconds
05-31 11:22:07.375     0     0 I init    : Sending signal 9 to service 'wait_for_keymaster' (pid 184) process group...
05-31 11:22:07.376     0     0 I libprocessgroup: Successfully killed process cgroup uid 0 pid 184 in 0ms
05-31 11:22:07.379     0     0 I init    : [libfs_mgr]Invalid ext4 superblock on '/dev/block/vdc'
05-31 11:22:07.380     0     0 E init    : [libfs_mgr]mount_with_alternatives(): skipping mount due to invalid magic, mountpoint=/data blk_dev=/dev/block/vdc rec[4].fs_type=ext4
05-31 11:22:07.382     0     0 I init    : Calling: /system/bin/vdc cryptfs mountFstab /dev/block/vdc /data
05-31 11:22:07.390     0     0 D vdc     : Waited 0ms for vold
05-31 11:22:07.396   183   183 D vold    : fscrypt_mount_metadata_encrypted: /data 0
05-31 11:22:07.396   183   183 D vold    : metadata_key_dir/key: /metadata/vold/metadata_encryption/key
05-31 11:22:07.400   173   173 I hwservicemanager: getTransport: Cannot find entry android.hardware.keymaster@3.0::IKeymasterDevice/default in either framework or device manifest.
05-31 11:22:07.400   183   183 I vold    : List of Keymaster HALs found:
05-31 11:22:07.400   183   183 I vold    : Keymaster HAL #1: SoftwareKeymasterDevice from Google SecurityLevel: SOFTWARE HAL: android.hardware.keymaster@4.1::IKeymasterDevice/default
05-31 11:22:07.400   183   183 D vold    : Computing HMAC with params { (seed: , nonce: fcb2358dac8684d1819316199c51d990d8a0953c6b3b5c52c362c2d53e53747c) }
05-31 11:22:07.400   183   183 D vold    : Computing HMAC for SoftwareKeymasterDevice from Google SecurityLevel: SOFTWARE HAL: android.hardware.keymaster@4.1::IKeymasterDevice/default
05-31 11:22:07.400   183   183 I vold    : Using SoftwareKeymasterDevice from Google for encryption.  Security level: SOFTWARE, HAL: android.hardware.keymaster@4.1::IKeymasterDevice/default
05-31 11:22:07.401   173   173 I hwservicemanager: getTransport: Cannot find entry android.hardware.boot@1.0::IBootControl/default in either framework or device manifest.
05-31 11:22:07.402   183   183 D vold    : Key exists, using: /metadata/vold/metadata_encryption/key
05-31 11:22:07.405   173   173 I hwservicemanager: getTransport: Cannot find entry android.hardware.keymaster@3.0::IKeymasterDevice/default in either framework or device manifest.
05-31 11:22:07.405   183   183 I vold    : List of Keymaster HALs found:
05-31 11:22:07.405   183   183 I vold    : Keymaster HAL #1: SoftwareKeymasterDevice from Google SecurityLevel: SOFTWARE HAL: android.hardware.keymaster@4.1::IKeymasterDevice/default
05-31 11:22:07.405   183   183 I vold    : Using SoftwareKeymasterDevice from Google for encryption.  Security level: SOFTWARE, HAL: android.hardware.keymaster@4.1::IKeymasterDevice/default
05-31 11:22:07.405     0     0 W EXT4-fs (dm-5): Ignoring removed nomblk_io_submit option
05-31 11:22:07.406     0     0 I EXT4-fs (dm-5): Using encoding defined by superblock: utf8-12.1.0 with flags 0x0
05-31 11:22:07.408   183   183 D vold    : Mounting metadata-encrypted filesystem:/data
05-31 11:22:07.410   173   173 I hwservicemanager: getTransport: Cannot find entry android.hardware.keymaster@3.0::IKeymasterDevice/default in either framework or device manifest.
05-31 11:22:07.410   183   183 I vold    : List of Keymaster HALs found:
05-31 11:22:07.410   183   183 I vold    : Keymaster HAL #1: SoftwareKeymasterDevice from Google SecurityLevel: SOFTWARE HAL: android.hardware.keymaster@4.1::IKeymasterDevice/default
05-31 11:22:07.412   183   183 I vold    : [libfs_mgr]superblock s_max_mnt_count:65535,/dev/block/dm-5
05-31 11:22:07.412   183   183 I vold    : [libfs_mgr]Filesystem on /dev/block/dm-5 was not cleanly shutdown; state flags: 0x1, incompat feature flags: 0x30046
05-31 11:22:07.552     0     0 I EXT4-fs (dm-5): recovery complete
05-31 11:22:07.553     0     0 I EXT4-fs (dm-5): mounted filesystem with ordered data mode. Opts: errors=remount-ro,nomblk_io_submit
05-31 11:22:07.561   183   183 I vold    : [libfs_mgr]check_fs(): mount(/dev/block/dm-5,/data,ext4)=0: Success
05-31 11:22:07.581   183   183 I vold    : [libfs_mgr]check_fs(): unmount(/data) succeeded
05-31 11:22:07.581   183   183 I vold    : [libfs_mgr]Running /system/bin/e2fsck on /dev/block/dm-5
05-31 11:22:07.584     0     0 I e2fsck  : e2fsck 1.45.4 (23-Sep-2019)
05-31 11:22:07.594     0     0 I e2fsck  : Pass 1: Checking inodes, blocks, and sizes
05-31 11:22:07.711     0     0 I e2fsck  : Pass 2: Checking directory structure
05-31 11:22:07.762     0     0 I e2fsck  : Pass 3: Checking directory connectivity
05-31 11:22:07.766     0     0 I e2fsck  : Pass 4: Checking reference counts
05-31 11:22:07.773     0     0 I e2fsck  : Pass 5: Checking group summary information
05-31 11:22:07.797     0     0 I e2fsck  : /dev/block/dm-5: 3766/393216 files (3.5% non-contiguous), 96305/1572864 blocks
05-31 11:22:07.800     0     0 I         : e2fsck (201) used greatest stack depth: 11800 bytes left
05-31 11:22:07.802     0     0 W EXT4-fs (dm-5): Ignoring removed nomblk_io_submit option
05-31 11:22:07.802     0     0 I EXT4-fs (dm-5): Using encoding defined by superblock: utf8-12.1.0 with flags 0x0
05-31 11:22:07.807     0     0 I EXT4-fs (dm-5): mounted filesystem with ordered data mode. Opts: nomblk_io_submit,errors=panic
05-31 11:22:07.808   183   183 I vold    : [libfs_mgr]superblock s_max_mnt_count:65535,/dev/block/dm-5
05-31 11:22:07.808   183   183 W vold    : [libfs_mgr]Reserved blocks 32768 is too large; capping to 31457
05-31 11:22:07.814     0     0 I init    : Keyring created with id 954185517 in process 1
05-31 11:22:07.815   183   183 I vold    : [libfs_mgr]__mount(source=/dev/block/dm-5,target=/data,type=ext4)=0: Success
05-31 11:22:07.815   183   183 D vold    : Mounted /data
05-31 11:22:07.815     0     0 I init    : Command 'mount_all /vendor/etc/fstab.ranchu' action=fs (/vendor/etc/init/hw/init.ranchu.rc:6) took 437ms and succeeded
05-31 11:22:07.816   183   186 D vold    : Disk at 253:5 changed
05-31 11:22:07.818     0     0 I init    : processing action (fs) from (/system/etc/init/logd.rc:28)
05-31 11:22:07.819     0     0 I init    : processing action (fs) from (/system/etc/init/wifi.rc:25)
05-31 11:22:07.820     0     0 I init    : processing action (post-fs) from (/system/etc/init/hw/init.rc:467)
05-31 11:22:07.821     0     0 I init    : starting service 'exec 2 (/system/bin/vdc checkpoint markBootAttempt)'...
05-31 11:22:07.823     0     0 I init    : SVC_EXEC service 'exec 2 (/system/bin/vdc checkpoint markBootAttempt)' pid 205 (uid 1000 gid 1000+0 context default) started; waiting...
05-31 11:22:07.828     0     0 I init    : Service 'exec 2 (/system/bin/vdc checkpoint markBootAttempt)' (pid 205) exited with status 0 waiting took 0.004000 seconds
05-31 11:22:07.830     0     0 I init    : Sending signal 9 to service 'exec 2 (/system/bin/vdc checkpoint markBootAttempt)' (pid 205) process group...
05-31 11:22:07.831     0     0 I libprocessgroup: Successfully killed process cgroup uid 1000 pid 205 in 0ms
05-31 11:22:07.833     0     0 E selinux : SELinux:  Could not stat /sys/kernel/debug: No such file or directory.
05-31 11:22:07.834     0     0 E selinux :  
05-31 11:22:07.834     0     0 I init    : Command 'chown system cache /cache' action=post-fs (/system/etc/init/hw/init.rc:479) took 0ms and failed: lchown() failed: Read-only file system
05-31 11:22:07.837     0     0 I init    : Command 'chmod 0770 /cache' action=post-fs (/system/etc/init/hw/init.rc:480) took 0ms and failed: fchmodat() failed: Read-only file system
05-31 11:22:07.841     0     0 I init    : Command 'mkdir /cache/recovery 0770 system cache' action=post-fs (/system/etc/init/hw/init.rc:486) took 2ms and failed: mkdir() failed on /cache/recovery: Required key not available
05-31 11:22:07.844     0     0 I init    : Command 'mkdir /cache/backup_stage 0700 system system' action=post-fs (/system/etc/init/hw/init.rc:489) took 0ms and failed: mkdir() failed on /cache/backup_stage: Required key not available
05-31 11:22:07.846     0     0 I init    : Command 'mkdir /cache/backup 0700 system system' action=post-fs (/system/etc/init/hw/init.rc:490) took 0ms and failed: mkdir() failed on /cache/backup: Required key not available
05-31 11:22:07.849     0     0 I init    : Command 'mkdir /cache/lost+found 0770 root root' action=post-fs (/system/etc/init/hw/init.rc:511) took 0ms and failed: mkdir() failed on /cache/lost+found: Required key not available
05-31 11:22:07.853     0     0 I selinux : SELinux: Skipping restorecon on directory(/metadata)
05-31 11:22:07.854     0     0 I selinux :  
05-31 11:22:07.856     0     0 I selinux : SELinux: Skipping restorecon on directory(/metadata/apex)
05-31 11:22:07.857     0     0 I selinux :  
05-31 11:22:07.857     0     0 I init    : processing action (post-fs) from (/system/etc/init/atrace_userdebug.rc:7)
05-31 11:22:07.858     0     0 I init    : processing action (post-fs) from (/system/etc/init/gsid.rc:8)
05-31 11:22:07.859     0     0 I init    : processing action (post-fs) from (/system/etc/init/recovery-refresh.rc:1)
05-31 11:22:07.861     0     0 I init    : starting service 'exec 3 (/system/bin/recovery-refresh)'...
05-31 11:22:07.862     0     0 I init    : processing action (late-fs) from (/system/etc/init/hw/init.rc:531)
05-31 11:22:07.883     0     0 I init    : starting service 'system_suspend'...
05-31 11:22:07.885     0     0 I init    : starting service 'vendor.atrace-hal-1-0'...
05-31 11:22:07.888     0     0 I init    : Service 'exec 3 (/system/bin/recovery-refresh)' (pid 206) exited with status 254 oneshot service took 0.025000 seconds in background
05-31 11:22:07.890     0     0 I init    : Sending signal 9 to service 'exec 3 (/system/bin/recovery-refresh)' (pid 206) process group...
05-31 11:22:07.892     0     0 I libprocessgroup: Successfully killed process cgroup uid 1000 pid 206 in 0ms
05-31 11:22:07.893     0     0 I init    : processing action (late-fs) from (/vendor/etc/init/hw/init.ranchu.rc:8)
05-31 11:22:07.897     0     0 E init    : Unable to set property 'ro.crypto.state' from uid:0 gid:0 pid:1: Read-only property was already set
05-31 11:22:07.898     0     0 I init    : processing action (post-fs-data) from (/system/etc/init/hw/init.rc:540)
05-31 11:22:07.899     0     0 I init    : starting service 'exec 4 (/system/bin/vdc checkpoint prepareCheckpoint)'...
05-31 11:22:07.901   208   208 I HidlServiceManagement: Registered android.hardware.atrace@1.0::IAtraceDevice/default (start delay of 9ms)
05-31 11:22:07.901     0     0 I init    : SVC_EXEC service 'exec 4 (/system/bin/vdc checkpoint prepareCheckpoint)' pid 211 (uid 1000 gid 1000+0 context default) started; waiting...
05-31 11:22:07.901   208   208 I HidlServiceManagement: Removing namespace from process name android.hardware.atrace@1.0-service to atrace@1.0-service.
05-31 11:22:07.902   207   207 I HidlServiceManagement: Registered android.system.suspend@1.0::ISystemSuspend/default (start delay of 20ms)
05-31 11:22:07.902   207   207 I HidlServiceManagement: Removing namespace from process name android.system.suspend@1.0-service to suspend@1.0-service.
05-31 11:22:07.905     1     1 W libc    : Unable to set property "ro.crypto.state" to "unsupported": error code: 0xb
05-31 11:22:07.905     0     0 I init    : Service 'exec 4 (/system/bin/vdc checkpoint prepareCheckpoint)' (pid 211) exited with status 0 waiting took 0.004000 seconds
05-31 11:22:07.907     0     0 I init    : Sending signal 9 to service 'exec 4 (/system/bin/vdc checkpoint prepareCheckpoint)' (pid 211) process group...
05-31 11:22:07.909     0     0 I libprocessgroup: Successfully killed process cgroup uid 1000 pid 211 in 0ms
05-31 11:22:07.911     0     0 I init    : starting service 'exec 5 (/system/bin/vdc --wait cryptfs enablefilecrypto)'...
05-31 11:22:07.911   183   183 I Checkpoint: cp_prepareCheckpoint called
05-31 11:22:07.913     0     0 I init    : SVC_EXEC service 'exec 5 (/system/bin/vdc --wait cryptfs enablefilecrypto)' pid 212 (uid 0 gid 0+0 context default) started; waiting...
05-31 11:22:07.917     0     0 D vdc     : Waited 0ms for vold
05-31 11:22:07.923   183   183 I vold    : fscrypt_initialize_systemwide_keys
05-31 11:22:07.924   183   183 D vold    : Key exists, using: /data/unencrypted/key
05-31 11:22:07.929   173   173 I hwservicemanager: getTransport: Cannot find entry android.hardware.keymaster@3.0::IKeymasterDevice/default in either framework or device manifest.
05-31 11:22:07.929   183   183 I vold    : List of Keymaster HALs found:
05-31 11:22:07.929   183   183 I vold    : Keymaster HAL #1: SoftwareKeymasterDevice from Google SecurityLevel: SOFTWARE HAL: android.hardware.keymaster@4.1::IKeymasterDevice/default
05-31 11:22:07.929   183   183 I vold    : Using SoftwareKeymasterDevice from Google for encryption.  Security level: SOFTWARE, HAL: android.hardware.keymaster@4.1::IKeymasterDevice/default
05-31 11:22:07.930   183   183 D vold    : Installed fscrypt key with ref 978363acb36eae36c608e293174e2c1e to /data
05-31 11:22:07.930   183   183 D vold    : Added fscrypt-provisioning key for 978363acb36eae36c608e293174e2c1e to session keyring
05-31 11:22:07.930     0     0 I init    : Service 'exec 5 (/system/bin/vdc --wait cryptfs enablefilecrypto)' (pid 212) exited with status 0 waiting took 0.017000 seconds
05-31 11:22:07.932     0     0 I init    : Sending signal 9 to service 'exec 5 (/system/bin/vdc --wait cryptfs enablefilecrypto)' (pid 212) process group...
05-31 11:22:07.934     0     0 I libprocessgroup: Successfully killed process cgroup uid 0 pid 212 in 0ms
05-31 11:22:07.935   183   183 I vold    : Wrote system DE key reference to:/data/unencrypted/ref
05-31 11:22:07.935   183   183 D vold    : Installed fscrypt key with ref 2706bbab4a6e6087d02f3502a98d530c to /data
05-31 11:22:07.935   183   183 D vold    : Added fscrypt-provisioning key for 2706bbab4a6e6087d02f3502a98d530c to session keyring
05-31 11:22:07.936   183   183 I vold    : Wrote per boot key reference to:/data/unencrypted/per_boot_ref
05-31 11:22:07.938     0     0 I fscrypt : AES-256-CTS-CBC using implementation "cts(cbc-aes-aesni)"
05-31 11:22:07.939     0     0 I init    : Verified that /data/bootchart has the encryption policy 978363acb36eae36c608e293174e2c1e v2 modes 1/4 flags 0x2
05-31 11:22:07.942     0     0 I init    : Switched to default mount namespace
05-31 11:22:07.942     0     0 I init    : Not setting encryption policy on: /data/apex
05-31 11:22:07.946     0     0 I init    : Not setting encryption policy on: /data/app-staging
05-31 11:22:07.947     0     0 I init    : starting service 'apexd'...
05-31 11:22:07.953     0     0 E init    : Failed to set encryption policy of /data/misc to 978363acb36eae36c608e293174e2c1e v2 modes 1/4 flags 0x2: Directory not empty
05-31 11:22:07.956     0     0 I apexd   : Scanning /system/apex for preinstalled data
05-31 11:22:07.957     0     0 E logwrapper: executing ls failed: Permission denied
05-31 11:22:07.957     0     0 I ls      : executing ls failed: Permission denied
05-31 11:22:07.958     0     0 E logwrapper:  
05-31 11:22:07.959     0     0 I apexd   : Scanning /system_ext/apex for preinstalled data
05-31 11:22:07.959     0     0 I apexd   : ... does not exist. Skipping
05-31 11:22:07.959     0     0 I apexd   : Scanning /product/apex for preinstalled data
05-31 11:22:07.959     0     0 I apexd   : ... does not exist. Skipping
05-31 11:22:07.959     0     0 I apexd   : Scanning /vendor/apex for preinstalled data
05-31 11:22:07.959     0     0 I apexd   : ... does not exist. Skipping
05-31 11:22:07.959     0     0 I apexd   : Populating APEX database from mounts...
05-31 11:22:07.959     0     0 I apexd   : 0 packages restored.
05-31 11:22:07.959     0     0 I apexd   : Marking APEXd as starting
05-31 11:22:07.959     0     0 I apexd   : Scanning /metadata/apex/sessions looking for sessions to be activated.
05-31 11:22:07.960   220   220 W init    : type=1400 audit(0.0:4): avc: denied { execute_no_trans } for path="/vendor/bin/toybox_vendor" dev="dm-3" ino=227 scontext=u:r:init:s0 tcontext=u:object_r:vendor_toolbox_exec:s0 tclass=file permissive=0 b/132695863
05-31 11:22:07.960     0     0 I ls      : ls terminated by exit(255)
05-31 11:22:07.964     0     0 I apexd   : Scanning /data/apex/active looking for APEX packages.
05-31 11:22:07.964     0     0 I ls      :  
05-31 11:22:07.965     0     0 I apexd   : Activated 0 packages. Skipped: 0
05-31 11:22:07.966     0     0 E init    : ls -laZ /data/misc returned failure: 255
05-31 11:22:07.967     0     0 I apexd   : Scanning /system/apex looking for APEX packages.
05-31 11:22:07.967     0     0 E init    : Setting 978363acb36eae36c608e293174e2c1e policy on /data/misc failed!
05-31 11:22:07.968     0     0 I apexd   : Found /system/apex/com.android.mediaprovider.apex
05-31 11:22:07.969     0     0 E init    : Rebooting into recovery
05-31 11:22:07.969     0     0 I apexd   : Found /system/apex/com.android.tethering.apex
05-31 11:22:07.971     0     0 I init    : Command 'mkdir /data/misc 01771 system misc encryption=Require' action=post-fs-data (/system/etc/init/hw/init.rc:576) took 19ms and failed: Failed to set bootloader message: failed to find /misc partition
05-31 11:22:07.971     0     0 I apexd   : Found /system/apex/com.android.wifi.apex
05-31 11:22:07.981     0     0 I init    : Verified that /data/local has the encryption policy 978363acb36eae36c608e293174e2c1e v2 modes 1/4 flags 0x2
05-31 11:22:07.983     0     0 I apexd   : Found /system/apex/com.android.cellbroadcast.apex
05-31 11:22:07.986     0     0 I init    : Not setting encryption policy on: /data/preloads
05-31 11:22:07.986     0     0 I apexd   : Found /system/apex/com.android.neuralnetworks.apex
05-31 11:22:07.988     0     0 I apexd   : Found /system/apex/com.android.resolv.apex
05-31 11:22:07.989     0     0 I init    : Verified that /data/vendor has the encryption policy 978363acb36eae36c608e293174e2c1e v2 modes 1/4 flags 0x2
05-31 11:22:07.989     0     0 I apexd   : Found /system/apex/com.android.media.swcodec.apex
05-31 11:22:07.991     0     0 I init    : Not setting encryption policy on: /data/vendor_ce
05-31 11:22:07.992     0     0 I apexd   : Found /system/apex/com.android.conscrypt.apex
05-31 11:22:07.993     0     0 I init    : Not setting encryption policy on: /data/vendor_de
05-31 11:22:07.994     0     0 I apexd   : Found /system/apex/com.android.adbd.apex
05-31 11:22:07.996     0     0 I apexd   : Found /system/apex/com.android.art.debug.apex
05-31 11:22:07.997     0     0 I apexd   : Found /system/apex/com.android.permission.apex
05-31 11:22:07.997     0     0 I init    : Not setting encryption policy on: /data/data
05-31 11:22:07.998     0     0 I apexd   : Found /system/apex/com.android.runtime.apex
05-31 11:22:08.000     0     0 I apexd   : Found /system/apex/com.android.sdkext.apex
05-31 11:22:08.000     0     0 I apexd   : Found /system/apex/com.android.tzdata.apex
05-31 11:22:08.002     0     0 I init    : Verified that /data/app-private has the encryption policy 978363acb36eae36c608e293174e2c1e v2 modes 1/4 flags 0x2
05-31 11:22:08.002     0     0 I apexd   : Found /system/apex/com.android.media.apex
05-31 11:22:08.004     0     0 I init    : Verified that /data/app-ephemeral has the encryption policy 978363acb36eae36c608e293174e2c1e v2 modes 1/4 flags 0x2
05-31 11:22:08.004     0     0 I apexd   : Found /system/apex/com.android.extservices.apex
05-31 11:22:08.007     0     0 I init    : Verified that /data/app-asec has the encryption policy 978363acb36eae36c608e293174e2c1e v2 modes 1/4 flags 0x2
05-31 11:22:08.007     0     0 I apexd   : Found /system/apex/com.android.vndk.current.apex
05-31 11:22:08.009     0     0 I init    : Verified that /data/app-lib has the encryption policy 978363acb36eae36c608e293174e2c1e v2 modes 1/4 flags 0x2
05-31 11:22:08.010     0     0 I apexd   : Found /system/apex/com.android.os.statsd.apex
05-31 11:22:08.012     0     0 I init    : Verified that /data/app has the encryption policy 978363acb36eae36c608e293174e2c1e v2 modes 1/4 flags 0x2
05-31 11:22:08.013     0     0 I apexd   : Found /system/apex/com.android.apex.cts.shim.apex
05-31 11:22:08.015     0     0 I init    : Verified that /data/property has the encryption policy 978363acb36eae36c608e293174e2c1e v2 modes 1/4 flags 0x2
05-31 11:22:08.015     0     0 I apexd   : Found /system/apex/com.android.i18n.apex
05-31 11:22:08.018     0     0 I apexd   : Found /system/apex/com.android.ipsec.apex
05-31 11:22:08.018     0     0 I init    : Verified that /data/tombstones has the encryption policy 978363acb36eae36c608e293174e2c1e v2 modes 1/4 flags 0x2
05-31 11:22:08.019     0     0 D apexd   : Creating mount point: /apex/com.android.mediaprovider@300000000
05-31 11:22:08.023     0     0 I init    : Verified that /data/dalvik-cache has the encryption policy 978363acb36eae36c608e293174e2c1e v2 modes 1/4 flags 0x2
05-31 11:22:08.025     0     0 I init    : Verified that /data/ota has the encryption policy 978363acb36eae36c608e293174e2c1e v2 modes 1/4 flags 0x2
05-31 11:22:08.027   183   186 D vold    : Disk at 7:48 changed
05-31 11:22:08.028     0     0 I init    : Verified that /data/ota_package has the encryption policy 978363acb36eae36c608e293174e2c1e v2 modes 1/4 flags 0x2
05-31 11:22:08.030     0     0 I init    : Verified that /data/resource-cache has the encryption policy 978363acb36eae36c608e293174e2c1e v2 modes 1/4 flags 0x2
05-31 11:22:08.032     0     0 I init    : Not setting encryption policy on: /data/lost+found
05-31 11:22:08.034     0     0 I init    : Verified that /data/drm has the encryption policy 978363acb36eae36c608e293174e2c1e v2 modes 1/4 flags 0x2
05-31 11:22:08.037     0     0 I init    : Verified that /data/mediadrm has the encryption policy 978363acb36eae36c608e293174e2c1e v2 modes 1/4 flags 0x2
05-31 11:22:08.039     0     0 I init    : Verified that /data/anr has the encryption policy 978363acb36eae36c608e293174e2c1e v2 modes 1/4 flags 0x2
05-31 11:22:08.042     0     0 I init    : Verified that /data/nfc has the encryption policy 978363acb36eae36c608e293174e2c1e v2 modes 1/4 flags 0x2
05-31 11:22:08.045     0     0 I init    : Verified that /data/backup has the encryption policy 978363acb36eae36c608e293174e2c1e v2 modes 1/4 flags 0x2
05-31 11:22:08.047     0     0 I init    : Verified that /data/ss has the encryption policy 978363acb36eae36c608e293174e2c1e v2 modes 1/4 flags 0x2
05-31 11:22:08.049     0     0 E init    : Failed to set encryption policy of /data/system to 978363acb36eae36c608e293174e2c1e v2 modes 1/4 flags 0x2: Directory not empty
05-31 11:22:08.052     0     0 E logwrapper: executing ls failed: Permission denied
05-31 11:22:08.052     0     0 I ls      : executing ls failed: Permission denied
05-31 11:22:08.053     0     0 E logwrapper:  
05-31 11:22:08.053     0     0 I ls      : ls terminated by exit(255)
05-31 11:22:08.053     0     0 I ls      :  
05-31 11:22:08.056   222   222 W init    : type=1400 audit(0.0:5): avc: denied { execute_no_trans } for path="/vendor/bin/toybox_vendor" dev="dm-3" ino=227 scontext=u:r:init:s0 tcontext=u:object_r:vendor_toolbox_exec:s0 tclass=file permissive=0 b/132695863
05-31 11:22:08.058     0     0 E init    : ls -laZ /data/system returned failure: 255
05-31 11:22:08.059     0     0 E init    : Setting 978363acb36eae36c608e293174e2c1e policy on /data/system failed!
05-31 11:22:08.060     0     0 E init    : Rebooting into recovery
05-31 11:22:08.061     0     0 I init    : Command 'mkdir /data/system 0775 system system encryption=Require' action=post-fs-data (/system/etc/init/hw/init.rc:703) took 11ms and failed: Failed to set bootloader message: failed to find /misc partition
05-31 11:22:08.064     0     0 I init    : Not setting encryption policy on: /data/system_de
05-31 11:22:08.065     0     0 I init    : Not setting encryption policy on: /data/system_ce
05-31 11:22:08.067     0     0 I init    : Not setting encryption policy on: /data/misc_de
05-31 11:22:08.068     0     0 I init    : Not setting encryption policy on: /data/misc_ce
05-31 11:22:08.070     0     0 I init    : Not setting encryption policy on: /data/user
05-31 11:22:08.071     0     0 I init    : Not setting encryption policy on: /data/user_de
05-31 11:22:08.075     0     0 I init    : Command 'rm /data/user/0' action=post-fs-data (/system/etc/init/hw/init.rc:718) took 1ms and failed: unlink() failed: Is a directory
05-31 11:22:08.075     0     0 D apexd   : Loopback device created: /dev/block/loop6
05-31 11:22:08.081     0     0 I init    : Verified that /data/cache has the encryption policy 978363acb36eae36c608e293174e2c1e v2 modes 1/4 flags 0x2
05-31 11:22:08.082   183   186 D vold    : Disk at 7:48 changed
05-31 11:22:08.083     0     0 D apexd   : AVB footer verification successful.
05-31 11:22:08.085     0     0 I init    : Verified that /data/rollback has the encryption policy 978363acb36eae36c608e293174e2c1e v2 modes 1/4 flags 0x2
05-31 11:22:08.088     0     0 I init    : Verified that /data/rollback-observer has the encryption policy 978363acb36eae36c608e293174e2c1e v2 modes 1/4 flags 0x2
05-31 11:22:08.088     0     0 D apexd   : /system/apex/com.android.mediaprovider.apex: public key matches.
05-31 11:22:08.090     0     0 I init    : Verified that /data/incremental has the encryption policy 978363acb36eae36c608e293174e2c1e v2 modes 1/4 flags 0x2
05-31 11:22:08.093     0     0 I EXT4-fs (loop6): mounted filesystem without journal. Opts: (null)
05-31 11:22:08.094     0     0 I apexd   : Successfully mounted package /system/apex/com.android.mediaprovider.apex on /apex/com.android.mediaprovider@300000000
05-31 11:22:08.097     0     0 D apexd   : Creating bind-mount for /apex/com.android.mediaprovider for /apex/com.android.mediaprovider@300000000
05-31 11:22:08.097     0     0 D apexd   : Creating mountpoint /apex/com.android.mediaprovider
05-31 11:22:08.097     0     0 D apexd   : Bind-mounting /apex/com.android.mediaprovider@300000000 to /apex/com.android.mediaprovider
05-31 11:22:08.097     0     0 D apexd   : Successfully activated /system/apex/com.android.mediaprovider.apex package_name: com.android.mediaprovider version: 300000000
05-31 11:22:08.097     0     0 D apexd   : Creating mount point: /apex/com.android.tethering@300000000
05-31 11:22:08.104   183   186 D vold    : Disk at 7:56 changed
05-31 11:22:08.140     0     0 D apexd   : Loopback device created: /dev/block/loop7
05-31 11:22:08.140     0     0 D apexd   : AVB footer verification successful.
05-31 11:22:08.143     0     0 D apexd   : /system/apex/com.android.tethering.apex: public key matches.
05-31 11:22:08.147   183   186 D vold    : Disk at 7:56 changed
05-31 11:22:08.152     0     0 I EXT4-fs (loop7): mounted filesystem without journal. Opts: (null)
05-31 11:22:08.156     0     0 I apexd   : Successfully mounted package /system/apex/com.android.tethering.apex on /apex/com.android.tethering@300000000
05-31 11:22:08.166     0     0 D apexd   : Creating bind-mount for /apex/com.android.tethering for /apex/com.android.tethering@300000000
05-31 11:22:08.166     0     0 D apexd   : Creating mountpoint /apex/com.android.tethering
05-31 11:22:08.166     0     0 D apexd   : Bind-mounting /apex/com.android.tethering@300000000 to /apex/com.android.tethering
05-31 11:22:08.166     0     0 D apexd   : Successfully activated /system/apex/com.android.tethering.apex package_name: com.android.tethering version: 300000000
05-31 11:22:08.166     0     0 D apexd   : Creating mount point: /apex/com.android.wifi@300000000
05-31 11:22:08.174   183   186 D vold    : Disk at 7:64 changed
05-31 11:22:08.203     0     0 D apexd   : Loopback device created: /dev/block/loop8
05-31 11:22:08.203     0     0 D apexd   : AVB footer verification successful.
05-31 11:22:08.204     0     0 D apexd   : /system/apex/com.android.wifi.apex: public key matches.
05-31 11:22:08.207     0     0 I EXT4-fs (loop8): mounted filesystem without journal. Opts: (null)
05-31 11:22:08.208     0     0 I apexd   : Successfully mounted package /system/apex/com.android.wifi.apex on /apex/com.android.wifi@300000000
05-31 11:22:08.210   183   186 D vold    : Disk at 7:64 changed
05-31 11:22:08.211     0     0 D apexd   : Creating bind-mount for /apex/com.android.wifi for /apex/com.android.wifi@300000000
05-31 11:22:08.211     0     0 D apexd   : Creating mountpoint /apex/com.android.wifi
05-31 11:22:08.211     0     0 D apexd   : Bind-mounting /apex/com.android.wifi@300000000 to /apex/com.android.wifi
05-31 11:22:08.211     0     0 D apexd   : Successfully activated /system/apex/com.android.wifi.apex package_name: com.android.wifi version: 300000000
05-31 11:22:08.211     0     0 D apexd   : Creating mount point: /apex/com.android.cellbroadcast@300000000
05-31 11:22:08.218   183   186 D vold    : Disk at 7:72 changed
05-31 11:22:08.253     0     0 D apexd   : Loopback device created: /dev/block/loop9
05-31 11:22:08.253     0     0 D apexd   : AVB footer verification successful.
05-31 11:22:08.256     0     0 D apexd   : /system/apex/com.android.cellbroadcast.apex: public key matches.
05-31 11:22:08.259   183   186 D vold    : Disk at 7:72 changed
05-31 11:22:08.266     0     0 I EXT4-fs (loop9): mounted filesystem without journal. Opts: (null)
05-31 11:22:08.271     0     0 I apexd   : Successfully mounted package /system/apex/com.android.cellbroadcast.apex on /apex/com.android.cellbroadcast@300000000
05-31 11:22:08.282     0     0 D apexd   : Creating bind-mount for /apex/com.android.cellbroadcast for /apex/com.android.cellbroadcast@300000000
05-31 11:22:08.282     0     0 D apexd   : Creating mountpoint /apex/com.android.cellbroadcast
05-31 11:22:08.282     0     0 D apexd   : Bind-mounting /apex/com.android.cellbroadcast@300000000 to /apex/com.android.cellbroadcast
05-31 11:22:08.282     0     0 D apexd   : Successfully activated /system/apex/com.android.cellbroadcast.apex package_name: com.android.cellbroadcast version: 300000000
05-31 11:22:08.282     0     0 D apexd   : Creating mount point: /apex/com.android.neuralnetworks@300000000
05-31 11:22:08.289   183   186 D vold    : Disk at 7:80 changed
05-31 11:22:08.315     0     0 D apexd   : Loopback device created: /dev/block/loop10
05-31 11:22:08.316     0     0 D apexd   : AVB footer verification successful.
05-31 11:22:08.318     0     0 D apexd   : /system/apex/com.android.neuralnetworks.apex: public key matches.
05-31 11:22:08.320     0     0 I EXT4-fs (loop10): mounted filesystem without journal. Opts: (null)
05-31 11:22:08.321   183   186 D vold    : Disk at 7:80 changed
05-31 11:22:08.322     0     0 I apexd   : Successfully mounted package /system/apex/com.android.neuralnetworks.apex on /apex/com.android.neuralnetworks@300000000
05-31 11:22:08.325     0     0 D apexd   : Creating bind-mount for /apex/com.android.neuralnetworks for /apex/com.android.neuralnetworks@300000000
05-31 11:22:08.325     0     0 D apexd   : Creating mountpoint /apex/com.android.neuralnetworks
05-31 11:22:08.325     0     0 D apexd   : Bind-mounting /apex/com.android.neuralnetworks@300000000 to /apex/com.android.neuralnetworks
05-31 11:22:08.325     0     0 D apexd   : Successfully activated /system/apex/com.android.neuralnetworks.apex package_name: com.android.neuralnetworks version: 300000000
05-31 11:22:08.325     0     0 D apexd   : Creating mount point: /apex/com.android.resolv@300000000
05-31 11:22:08.332   183   186 D vold    : Disk at 7:88 changed
05-31 11:22:08.364     0     0 D apexd   : Loopback device created: /dev/block/loop11
05-31 11:22:08.365     0     0 D apexd   : AVB footer verification successful.
05-31 11:22:08.367     0     0 D apexd   : /system/apex/com.android.resolv.apex: public key matches.
05-31 11:22:08.370     0     0 I EXT4-fs (loop11): mounted filesystem without journal. Opts: (null)
05-31 11:22:08.370   183   186 D vold    : Disk at 7:88 changed
05-31 11:22:08.371     0     0 I apexd   : Successfully mounted package /system/apex/com.android.resolv.apex on /apex/com.android.resolv@300000000
05-31 11:22:08.373     0     0 D apexd   : Creating bind-mount for /apex/com.android.resolv for /apex/com.android.resolv@300000000
05-31 11:22:08.373     0     0 D apexd   : Creating mountpoint /apex/com.android.resolv
05-31 11:22:08.373     0     0 D apexd   : Bind-mounting /apex/com.android.resolv@300000000 to /apex/com.android.resolv
05-31 11:22:08.373     0     0 D apexd   : Successfully activated /system/apex/com.android.resolv.apex package_name: com.android.resolv version: 300000000
05-31 11:22:08.373     0     0 D apexd   : Creating mount point: /apex/com.android.media.swcodec@300000000
05-31 11:22:08.380   183   186 D vold    : Disk at 7:96 changed
05-31 11:22:08.412     0     0 D apexd   : Loopback device created: /dev/block/loop12
05-31 11:22:08.413     0     0 D apexd   : AVB footer verification successful.
05-31 11:22:08.415     0     0 D apexd   : /system/apex/com.android.media.swcodec.apex: public key matches.
05-31 11:22:08.418   183   186 D vold    : Disk at 7:96 changed
05-31 11:22:08.419     0     0 I EXT4-fs (loop12): mounted filesystem without journal. Opts: (null)
05-31 11:22:08.420     0     0 I apexd   : Successfully mounted package /system/apex/com.android.media.swcodec.apex on /apex/com.android.media.swcodec@300000000
05-31 11:22:08.423     0     0 D apexd   : Creating bind-mount for /apex/com.android.media.swcodec for /apex/com.android.media.swcodec@300000000
05-31 11:22:08.423     0     0 D apexd   : Creating mountpoint /apex/com.android.media.swcodec
05-31 11:22:08.423     0     0 D apexd   : Bind-mounting /apex/com.android.media.swcodec@300000000 to /apex/com.android.media.swcodec
05-31 11:22:08.423     0     0 D apexd   : Successfully activated /system/apex/com.android.media.swcodec.apex package_name: com.android.media.swcodec version: 300000000
05-31 11:22:08.423     0     0 D apexd   : Creating mount point: /apex/com.android.conscrypt@300000000
05-31 11:22:08.430   183   186 D vold    : Disk at 7:104 changed
05-31 11:22:08.462     0     0 D apexd   : Loopback device created: /dev/block/loop13
05-31 11:22:08.462     0     0 D apexd   : AVB footer verification successful.
05-31 11:22:08.467   183   186 D vold    : Disk at 7:104 changed
05-31 11:22:08.468     0     0 D apexd   : /system/apex/com.android.conscrypt.apex: public key matches.
05-31 11:22:08.477     0     0 I EXT4-fs (loop13): mounted filesystem without journal. Opts: (null)
05-31 11:22:08.482     0     0 I apexd   : Successfully mounted package /system/apex/com.android.conscrypt.apex on /apex/com.android.conscrypt@300000000
05-31 11:22:08.491     0     0 D apexd   : Creating bind-mount for /apex/com.android.conscrypt for /apex/com.android.conscrypt@300000000
05-31 11:22:08.491     0     0 D apexd   : Creating mountpoint /apex/com.android.conscrypt
05-31 11:22:08.491     0     0 D apexd   : Bind-mounting /apex/com.android.conscrypt@300000000 to /apex/com.android.conscrypt
05-31 11:22:08.491     0     0 D apexd   : Successfully activated /system/apex/com.android.conscrypt.apex package_name: com.android.conscrypt version: 300000000
05-31 11:22:08.491     0     0 D apexd   : Creating mount point: /apex/com.android.adbd@300000000
05-31 11:22:08.499   183   186 D vold    : Disk at 7:112 changed
05-31 11:22:08.518     0     0 D apexd   : Loopback device created: /dev/block/loop14
05-31 11:22:08.520     0     0 D apexd   : AVB footer verification successful.
05-31 11:22:08.522     0     0 D apexd   : /system/apex/com.android.adbd.apex: public key matches.
05-31 11:22:08.524     0     0 I EXT4-fs (loop14): mounted filesystem without journal. Opts: (null)
05-31 11:22:08.524   183   186 D vold    : Disk at 7:112 changed
05-31 11:22:08.525     0     0 I apexd   : Successfully mounted package /system/apex/com.android.adbd.apex on /apex/com.android.adbd@300000000
05-31 11:22:08.528     0     0 D apexd   : Creating bind-mount for /apex/com.android.adbd for /apex/com.android.adbd@300000000
05-31 11:22:08.528     0     0 D apexd   : Creating mountpoint /apex/com.android.adbd
05-31 11:22:08.528     0     0 D apexd   : Bind-mounting /apex/com.android.adbd@300000000 to /apex/com.android.adbd
05-31 11:22:08.528     0     0 D apexd   : Successfully activated /system/apex/com.android.adbd.apex package_name: com.android.adbd version: 300000000
05-31 11:22:08.528     0     0 D apexd   : Creating mount point: /apex/com.android.art@1
05-31 11:22:08.535   183   186 D vold    : Disk at 7:120 changed
05-31 11:22:08.573     0     0 D apexd   : Loopback device created: /dev/block/loop15
05-31 11:22:08.573     0     0 D apexd   : AVB footer verification successful.
05-31 11:22:08.574     0     0 D apexd   : /system/apex/com.android.art.debug.apex: public key matches.
05-31 11:22:08.577     0     0 I EXT4-fs (loop15): mounted filesystem without journal. Opts: (null)
05-31 11:22:08.578     0     0 I apexd   : Successfully mounted package /system/apex/com.android.art.debug.apex on /apex/com.android.art@1
05-31 11:22:08.579   183   186 D vold    : Disk at 7:120 changed
05-31 11:22:08.581     0     0 D apexd   : Creating bind-mount for /apex/com.android.art for /apex/com.android.art@1
05-31 11:22:08.581     0     0 D apexd   : Bind-mounting /apex/com.android.art@1 to /apex/com.android.art
05-31 11:22:08.581     0     0 D apexd   : Successfully activated /system/apex/com.android.art.debug.apex package_name: com.android.art version: 1
05-31 11:22:08.581     0     0 D apexd   : Creating mount point: /apex/com.android.permission@300000000
05-31 11:22:08.588   183   186 D vold    : Disk at 7:128 changed
05-31 11:22:08.620     0     0 D apexd   : Loopback device created: /dev/block/loop16
05-31 11:22:08.626   183   186 D vold    : Disk at 7:128 changed
05-31 11:22:08.626     0     0 D apexd   : AVB footer verification successful.
05-31 11:22:08.629     0     0 D apexd   : /system/apex/com.android.permission.apex: public key matches.
05-31 11:22:08.634     0     0 I EXT4-fs (loop16): mounted filesystem without journal. Opts: (null)
05-31 11:22:08.635     0     0 I apexd   : Successfully mounted package /system/apex/com.android.permission.apex on /apex/com.android.permission@300000000
05-31 11:22:08.638     0     0 D apexd   : Creating bind-mount for /apex/com.android.permission for /apex/com.android.permission@300000000
05-31 11:22:08.638     0     0 D apexd   : Creating mountpoint /apex/com.android.permission
05-31 11:22:08.638     0     0 D apexd   : Bind-mounting /apex/com.android.permission@300000000 to /apex/com.android.permission
05-31 11:22:08.639     0     0 D apexd   : Successfully activated /system/apex/com.android.permission.apex package_name: com.android.permission version: 300000000
05-31 11:22:08.639     0     0 D apexd   : Creating mount point: /apex/com.android.runtime@1
05-31 11:22:08.645   183   186 D vold    : Disk at 7:136 changed
05-31 11:22:08.684     0     0 D apexd   : Loopback device created: /dev/block/loop17
05-31 11:22:08.684     0     0 D apexd   : AVB footer verification successful.
05-31 11:22:08.685     0     0 D apexd   : /system/apex/com.android.runtime.apex: public key matches.
05-31 11:22:08.688     0     0 I EXT4-fs (loop17): mounted filesystem without journal. Opts: (null)
05-31 11:22:08.690     0     0 I apexd   : Successfully mounted package /system/apex/com.android.runtime.apex on /apex/com.android.runtime@1
05-31 11:22:08.691   183   186 D vold    : Disk at 7:136 changed
05-31 11:22:08.694     0     0 D apexd   : Creating bind-mount for /apex/com.android.runtime for /apex/com.android.runtime@1
05-31 11:22:08.694     0     0 D apexd   : Bind-mounting /apex/com.android.runtime@1 to /apex/com.android.runtime
05-31 11:22:08.694     0     0 D apexd   : Successfully activated /system/apex/com.android.runtime.apex package_name: com.android.runtime version: 1
05-31 11:22:08.694     0     0 D apexd   : Creating mount point: /apex/com.android.sdkext@300000000
05-31 11:22:08.701   183   186 D vold    : Disk at 7:144 changed
05-31 11:22:08.750     0     0 D apexd   : Loopback device created: /dev/block/loop18
05-31 11:22:08.750     0     0 D apexd   : AVB footer verification successful.
05-31 11:22:08.754     0     0 D apexd   : /system/apex/com.android.sdkext.apex: public key matches.
05-31 11:22:08.755   183   186 D vold    : Disk at 7:144 changed
05-31 11:22:08.765     0     0 I EXT4-fs (loop18): mounted filesystem without journal. Opts: (null)
05-31 11:22:08.769     0     0 I apexd   : Successfully mounted package /system/apex/com.android.sdkext.apex on /apex/com.android.sdkext@300000000
05-31 11:22:08.778     0     0 D apexd   : Creating bind-mount for /apex/com.android.sdkext for /apex/com.android.sdkext@300000000
05-31 11:22:08.778     0     0 D apexd   : Creating mountpoint /apex/com.android.sdkext
05-31 11:22:08.778     0     0 D apexd   : Bind-mounting /apex/com.android.sdkext@300000000 to /apex/com.android.sdkext
05-31 11:22:08.778     0     0 D apexd   : Successfully activated /system/apex/com.android.sdkext.apex package_name: com.android.sdkext version: 300000000
05-31 11:22:08.778     0     0 D apexd   : Creating mount point: /apex/com.android.tzdata@300000000
05-31 11:22:08.785   183   186 D vold    : Disk at 7:152 changed
05-31 11:22:08.814     0     0 D apexd   : Loopback device created: /dev/block/loop19
05-31 11:22:08.814     0     0 D apexd   : AVB footer verification successful.
05-31 11:22:08.816     0     0 D apexd   : /system/apex/com.android.tzdata.apex: public key matches.
05-31 11:22:08.819   183   186 D vold    : Disk at 7:152 changed
05-31 11:22:08.825     0     0 I EXT4-fs (loop19): mounted filesystem without journal. Opts: (null)
05-31 11:22:08.831     0     0 I apexd   : Successfully mounted package /system/apex/com.android.tzdata.apex on /apex/com.android.tzdata@300000000
05-31 11:22:08.840     0     0 D apexd   : Creating bind-mount for /apex/com.android.tzdata for /apex/com.android.tzdata@300000000
