05-31 11:22:10.960   502   513 D HostConnection: HostComposition ext ANDROID_EMU_CHECKSUM_HELPER_v1 ANDROID_EMU_native_sync_v2 ANDROID_EMU_native_sync_v3 ANDROID_EMU_native_sync_v4 ANDROID_EMU_dma_v1 ANDROID_EMU_direct_mem ANDROID_EMU_host_composition_v1 ANDROID_EMU_host_composition_v2 ANDROID_EMU_vulkan ANDROID_EMU_deferred_vulkan_commands ANDROID_EMU_vulkan_null_optional_strings ANDROID_EMU_vulkan_create_resources_with_requirements ANDROID_EMU_YUV_Cache ANDROID_EMU_vulkan_ignored_handles ANDROID_EMU_has_shared_slots_host_memory_allocator ANDROID_EMU_vulkan_free_memory_sync ANDROID_EMU_vulkan_shader_float16_int8 ANDROID_EMU_vulkan_async_queue_submit ANDROID_EMU_sync_buffer_data ANDROID_EMU_read_color_buffer_dma GL_OES_vertex_array_object GL_KHR_texture_compression_astc_ldr ANDROID_EMU_host_side_tracing ANDROID_EMU_gles_max_version_2 
05-31 11:22:10.963   173   173 I hwservicemanager: getTransport: Cannot find entry android.hardware.configstore@1.0::ISurfaceFlingerConfigs/default in either framework or device manifest.
05-31 11:22:10.964   291   291 I r_submix: adev_open(name=audio_hw_if)
05-31 11:22:10.964   291   291 I r_submix: adev_init_check()
05-31 11:22:10.966   384   384 I AudioFlinger: loadHwModule() Loaded r_submix audio interface, handle 18
05-31 11:22:10.966   291   291 D r_submix: adev_open_input_stream(addr=0)
05-31 11:22:10.966   291   291 D r_submix: submix_audio_device_create_pipe_l(addr=0, idx=9)
05-31 11:22:10.966   291   291 D r_submix:   now using address 0 for route 9
05-31 11:22:10.966   173   173 I hwservicemanager: getTransport: Cannot find entry android.hardware.graphics.allocator@4.0::IAllocator/default in either framework or device manifest.
05-31 11:22:10.967   354   382 W Gralloc4: allocator 3.x is not supported
05-31 11:22:10.969   305   352 D goldfish-address-space: claimShared: Ask to claim region [0x3db0b1000 0x3dc164000]
05-31 11:22:10.974   384   514 I AudioFlinger: AudioFlinger's thread 0xf4e4c030 tid=514 ready to run
05-31 11:22:10.974   291   291 I r_submix: in_standby()
05-31 11:22:10.975   384   514 W AudioFlinger: no wake lock to update, system not ready yet
05-31 11:22:10.979   291   291 I r_submix: in_standby()
05-31 11:22:10.979   291   291 D r_submix: adev_close_input_stream()
05-31 11:22:10.979   291   291 D r_submix: submix_audio_device_release_pipe_l(idx=9) addr=0
05-31 11:22:10.979   291   291 D r_submix: submix_audio_device_destroy_pipe_l(): pipe destroyed
05-31 11:22:10.979   354   382 D HostConnection: HostComposition ext ANDROID_EMU_CHECKSUM_HELPER_v1 ANDROID_EMU_native_sync_v2 ANDROID_EMU_native_sync_v3 ANDROID_EMU_native_sync_v4 ANDROID_EMU_dma_v1 ANDROID_EMU_direct_mem ANDROID_EMU_host_composition_v1 ANDROID_EMU_host_composition_v2 ANDROID_EMU_vulkan ANDROID_EMU_deferred_vulkan_commands ANDROID_EMU_vulkan_null_optional_strings ANDROID_EMU_vulkan_create_resources_with_requirements ANDROID_EMU_YUV_Cache ANDROID_EMU_vulkan_ignored_handles ANDROID_EMU_has_shared_slots_host_memory_allocator ANDROID_EMU_vulkan_free_memory_sync ANDROID_EMU_vulkan_shader_float16_int8 ANDROID_EMU_vulkan_async_queue_submit ANDROID_EMU_sync_buffer_data ANDROID_EMU_read_color_buffer_dma GL_OES_vertex_array_object GL_KHR_texture_compression_astc_ldr ANDROID_EMU_host_side_tracing ANDROID_EMU_gles_max_version_2 
05-31 11:22:10.980   384   384 W APM::AudioPolicyEngine: getDevicesForStrategy() unknown strategy: -1
05-31 11:22:10.980   384   384 W APM::AudioPolicyEngine: getDevicesForStrategy() unknown strategy: -1
05-31 11:22:10.981   173   173 I hwservicemanager: getTransport: Cannot find entry android.hardware.graphics.mapper@4.0::IMapper/default in either framework or device manifest.
05-31 11:22:10.981   384   384 I audioserver: Waiting for activity service
05-31 11:22:10.981   502   513 I Gralloc4: mapper 4.x is not supported
05-31 11:22:10.983   502   513 D HostConnection: createUnique: call
05-31 11:22:10.984   502   513 D HostConnection: HostConnection::get() New Host Connection established 0xf76012e0, tid 513
05-31 11:22:10.984   502   513 D goldfish-address-space: allocate: Ask for block of size 0x100
05-31 11:22:10.984   502   513 D goldfish-address-space: allocate: ioctl allocate returned offset 0x3dfffe000 size 0x2000
05-31 11:22:10.988   502   513 D HostConnection: HostComposition ext ANDROID_EMU_CHECKSUM_HELPER_v1 ANDROID_EMU_native_sync_v2 ANDROID_EMU_native_sync_v3 ANDROID_EMU_native_sync_v4 ANDROID_EMU_dma_v1 ANDROID_EMU_direct_mem ANDROID_EMU_host_composition_v1 ANDROID_EMU_host_composition_v2 ANDROID_EMU_vulkan ANDROID_EMU_deferred_vulkan_commands ANDROID_EMU_vulkan_null_optional_strings ANDROID_EMU_vulkan_create_resources_with_requirements ANDROID_EMU_YUV_Cache ANDROID_EMU_vulkan_ignored_handles ANDROID_EMU_has_shared_slots_host_memory_allocator ANDROID_EMU_vulkan_free_memory_sync ANDROID_EMU_vulkan_shader_float16_int8 ANDROID_EMU_vulkan_async_queue_submit ANDROID_EMU_sync_buffer_data ANDROID_EMU_read_color_buffer_dma GL_OES_vertex_array_object GL_KHR_texture_compression_astc_ldr ANDROID_EMU_host_side_tracing ANDROID_EMU_gles_max_version_2 
05-31 11:22:10.996   502   513 D EGL_emulation: eglCreateContext: 0xf7600390: maj 1 min 0 rcv 1
05-31 11:22:11.015   283   283 I ServiceManager: Waiting for service 'statscompanion' on '/dev/binder'...
05-31 11:22:11.019   433   433 I ServiceManager: Waiting for service 'package_native' on '/dev/binder'...
05-31 11:22:11.033   431   444 I ServiceManager: Waiting for service 'package_native' on '/dev/binder'...
05-31 11:22:11.035   426   426 I ServiceManager: Waiting for service 'package_native' on '/dev/binder'...
05-31 11:22:11.070   286   286 W zygote  : JNI RegisterNativeMethods: attempt to register 0 native methods for android.media.AudioAttributes
05-31 11:22:11.100   286   286 D Zygote  : begin preload
05-31 11:22:11.100   286   286 I Zygote  : Calling ZygoteHooks.beginPreload()
05-31 11:22:11.116   283   283 I ServiceManager: Waiting for service 'statscompanion' on '/dev/binder'...
05-31 11:22:11.122   433   433 I ServiceManager: Waiting for service 'package_native' on '/dev/binder'...
05-31 11:22:11.134   431   444 I ServiceManager: Waiting for service 'package_native' on '/dev/binder'...
05-31 11:22:11.136   426   426 I ServiceManager: Waiting for service 'package_native' on '/dev/binder'...
05-31 11:22:11.149   286   286 D Zygote32Timing: BeginPreload took to complete: 50ms
05-31 11:22:11.149   286   286 I Zygote  : Preloading classes...
05-31 11:22:11.152   286   286 W Zygote  : Class not found for preloading: android.app.-$$Lambda$ResourcesManager$QJ7UiVk_XS90KuXAsIjIEym1DnM
05-31 11:22:11.171   388   408 I adbd    : adbd mDNS service _adb._tcp registered: 1
05-31 11:22:11.217   283   283 I ServiceManager: Waiting for service 'statscompanion' on '/dev/binder'...
05-31 11:22:11.224   433   433 I ServiceManager: Waiting for service 'package_native' on '/dev/binder'...
05-31 11:22:11.235   431   444 I ServiceManager: Waiting for service 'package_native' on '/dev/binder'...
05-31 11:22:11.229     0     0 I br0     : port 3(wlan1) entered disabled state
05-31 11:22:11.238   426   426 I ServiceManager: Waiting for service 'package_native' on '/dev/binder'...
05-31 11:22:11.252   502   513 D EGL_emulation: eglMakeCurrent: 0xf7600390: ver 1 0 (tinfo 0xf7693870) (first time)
05-31 11:22:11.280   502   513 D BootAnimation: BootAnimationShownTiming start time: 13679ms
05-31 11:22:11.281   502   517 E BootAnimation: Could not add watch for /data/system: Permission denied
05-31 11:22:11.253   502   513 D EGL_emulation: eglMakeCurrent: 0xf7600390: ver 1 0 (tinfo 0xf7693870) (first time)
05-31 11:22:11.302   354   396 D HostConnection: HostConnection::get() New Host Connection established 0xef1410b0, tid 396
05-31 11:22:11.306   354   396 D HostConnection: HostComposition ext ANDROID_EMU_CHECKSUM_HELPER_v1 ANDROID_EMU_native_sync_v2 ANDROID_EMU_native_sync_v3 ANDROID_EMU_native_sync_v4 ANDROID_EMU_dma_v1 ANDROID_EMU_direct_mem ANDROID_EMU_host_composition_v1 ANDROID_EMU_host_composition_v2 ANDROID_EMU_vulkan ANDROID_EMU_deferred_vulkan_commands ANDROID_EMU_vulkan_null_optional_strings ANDROID_EMU_vulkan_create_resources_with_requirements ANDROID_EMU_YUV_Cache ANDROID_EMU_vulkan_ignored_handles ANDROID_EMU_has_shared_slots_host_memory_allocator ANDROID_EMU_vulkan_free_memory_sync ANDROID_EMU_vulkan_shader_float16_int8 ANDROID_EMU_vulkan_async_queue_submit ANDROID_EMU_sync_buffer_data ANDROID_EMU_read_color_buffer_dma GL_OES_vertex_array_object GL_KHR_texture_compression_astc_ldr ANDROID_EMU_host_side_tracing ANDROID_EMU_gles_max_version_2 
05-31 11:22:11.308   305   352 D goldfish-address-space: claimShared: Ask to claim region [0x3dc164000 0x3dd217000]
05-31 11:22:11.308   354   354 I SurfaceFlinger: Enter boot animation
05-31 11:22:11.310   354   354 E FMQ     : grantorIdx must be less than 3
05-31 11:22:11.310   306   358 E FMQ     : grantorIdx must be less than 3
05-31 11:22:11.313   286   508 I zygote  : Verified 1359 classes from mainline modules in 367.710ms
05-31 11:22:11.315   306   358 D HostConnection: HostComposition ext ANDROID_EMU_CHECKSUM_HELPER_v1 ANDROID_EMU_native_sync_v2 ANDROID_EMU_native_sync_v3 ANDROID_EMU_native_sync_v4 ANDROID_EMU_dma_v1 ANDROID_EMU_direct_mem ANDROID_EMU_host_composition_v1 ANDROID_EMU_host_composition_v2 ANDROID_EMU_vulkan ANDROID_EMU_deferred_vulkan_commands ANDROID_EMU_vulkan_null_optional_strings ANDROID_EMU_vulkan_create_resources_with_requirements ANDROID_EMU_YUV_Cache ANDROID_EMU_vulkan_ignored_handles ANDROID_EMU_has_shared_slots_host_memory_allocator ANDROID_EMU_vulkan_free_memory_sync ANDROID_EMU_vulkan_shader_float16_int8 ANDROID_EMU_vulkan_async_queue_submit ANDROID_EMU_sync_buffer_data ANDROID_EMU_read_color_buffer_dma GL_OES_vertex_array_object GL_KHR_texture_compression_astc_ldr ANDROID_EMU_host_side_tracing ANDROID_EMU_gles_max_version_2 
05-31 11:22:11.318   283   283 I ServiceManager: Waiting for service 'statscompanion' on '/dev/binder'...
05-31 11:22:11.318   306   358 E FMQ     : grantorIdx must be less than 3
05-31 11:22:11.319   354   354 E FMQ     : grantorIdx must be less than 3
05-31 11:22:11.325   433   433 I ServiceManager: Waiting for service 'package_native' on '/dev/binder'...
05-31 11:22:11.336   431   444 I ServiceManager: Waiting for service 'package_native' on '/dev/binder'...
05-31 11:22:11.339   426   426 I ServiceManager: Waiting for service 'package_native' on '/dev/binder'...
05-31 11:22:11.418   283   283 I ServiceManager: Waiting for service 'statscompanion' on '/dev/binder'...
05-31 11:22:11.425   433   433 I ServiceManager: Waiting for service 'package_native' on '/dev/binder'...
05-31 11:22:11.437   431   444 I ServiceManager: Waiting for service 'package_native' on '/dev/binder'...
05-31 11:22:11.440   426   426 I ServiceManager: Waiting for service 'package_native' on '/dev/binder'...
05-31 11:22:11.519   283   283 I ServiceManager: Waiting for service 'statscompanion' on '/dev/binder'...
05-31 11:22:11.525   433   433 I ServiceManager: Waiting for service 'package_native' on '/dev/binder'...
05-31 11:22:11.538   431   444 I ServiceManager: Waiting for service 'package_native' on '/dev/binder'...
05-31 11:22:11.540   426   426 I ServiceManager: Waiting for service 'package_native' on '/dev/binder'...
05-31 11:22:11.619   283   283 I ServiceManager: Waiting for service 'statscompanion' on '/dev/binder'...
05-31 11:22:11.629   433   433 I ServiceManager: Waiting for service 'package_native' on '/dev/binder'...
05-31 11:22:11.635   286   286 E ActivityRecognitionHardware: activity_recognition HAL is deprecated. class_init is effectively a no-op
05-31 11:22:11.639   431   444 I ServiceManager: Waiting for service 'package_native' on '/dev/binder'...
05-31 11:22:11.641   426   426 I ServiceManager: Waiting for service 'package_native' on '/dev/binder'...
05-31 11:22:11.725   283   283 I ServiceManager: Waiting for service 'statscompanion' on '/dev/binder'...
05-31 11:22:11.734   433   433 I ServiceManager: Waiting for service 'package_native' on '/dev/binder'...
05-31 11:22:11.740   431   444 I ServiceManager: Waiting for service 'package_native' on '/dev/binder'...
05-31 11:22:11.747   426   426 I ServiceManager: Waiting for service 'package_native' on '/dev/binder'...
05-31 11:22:11.826   283   283 I ServiceManager: Waiting for service 'statscompanion' on '/dev/binder'...
05-31 11:22:11.835   433   433 I ServiceManager: Waiting for service 'package_native' on '/dev/binder'...
05-31 11:22:11.840   431   444 I ServiceManager: Waiting for service 'package_native' on '/dev/binder'...
05-31 11:22:11.847   426   426 I ServiceManager: Waiting for service 'package_native' on '/dev/binder'...
05-31 11:22:11.853   286   286 I zygote  : Thread[1,tid=286,Native,Thread*=0xda5c0010,peer=0x13200000,"main"] recursive attempt to load library "libmedia_jni.so"
05-31 11:22:11.854   286   286 I zygote  : Thread[1,tid=286,Native,Thread*=0xda5c0010,peer=0x13200000,"main"] recursive attempt to load library "libmedia_jni.so"
05-31 11:22:11.854   286   286 D MtpDeviceJNI: register_android_mtp_MtpDevice
05-31 11:22:11.854   286   286 I zygote  : Thread[1,tid=286,Native,Thread*=0xda5c0010,peer=0x13200000,"main"] recursive attempt to load library "libmedia_jni.so"
05-31 11:22:11.854   286   286 I zygote  : Thread[1,tid=286,Native,Thread*=0xda5c0010,peer=0x13200000,"main"] recursive attempt to load library "libmedia_jni.so"
05-31 11:22:11.860   286   286 W Zygote  : Class not found for preloading: android.media.MediaRouter$Static$Client$1
05-31 11:22:11.860   286   286 W Zygote  : Class not found for preloading: android.media.MediaRouter$Static$Client$2
05-31 11:22:11.877   286   286 W Zygote  : Class not found for preloading: android.net.shared.Inet4AddressUtils
05-31 11:22:11.877   286   286 W Zygote  : Class not found for preloading: android.net.shared.InetAddressUtils
05-31 11:22:11.918   286   286 W Zygote  : Class not found for preloading: android.view.-$$Lambda$cZhmLzK8aetUdx4VlP9w5jR7En0
05-31 11:22:11.927   283   283 I ServiceManager: Waiting for service 'statscompanion' on '/dev/binder'...
05-31 11:22:11.928   286   286 W Zygote  : Class not found for preloading: android.view.autofill.-$$Lambda$AutofillManager$AutofillManagerClient$vxNm6RuuD-r5pkiSxNSBBd1w_Qc
05-31 11:22:11.929   286   286 W Zygote  : Class not found for preloading: android.view.contentcapture.-$$Lambda$MainContentCaptureSession$1$JPRO-nNGZpgXrKr4QC_iQiTbQx0
05-31 11:22:11.929   286   286 W Zygote  : Class not found for preloading: android.view.contentcapture.-$$Lambda$MainContentCaptureSession$1$Xhq3WJibbalS1G_W3PRC2m7muhM
05-31 11:22:11.930   286   286 W Zygote  : Class not found for preloading: android.view.contentcapture.MainContentCaptureSession$1
05-31 11:22:11.936   433   433 I ServiceManager: Waiting for service 'package_native' on '/dev/binder'...
05-31 11:22:11.941   431   444 I ServiceManager: Waiting for service 'package_native' on '/dev/binder'...
05-31 11:22:11.948   426   426 I ServiceManager: Waiting for service 'package_native' on '/dev/binder'...
05-31 11:22:12.027   283   283 I ServiceManager: Waiting for service 'statscompanion' on '/dev/binder'...
05-31 11:22:12.038   433   433 I ServiceManager: Waiting for service 'package_native' on '/dev/binder'...
05-31 11:22:12.043   431   444 I ServiceManager: Waiting for service 'package_native' on '/dev/binder'...
05-31 11:22:12.048   426   426 I ServiceManager: Waiting for service 'package_native' on '/dev/binder'...
05-31 11:22:12.128   283   283 I ServiceManager: Waiting for service 'statscompanion' on '/dev/binder'...
05-31 11:22:12.139   433   433 I ServiceManager: Waiting for service 'package_native' on '/dev/binder'...
05-31 11:22:12.143   431   444 I ServiceManager: Waiting for service 'package_native' on '/dev/binder'...
05-31 11:22:12.149   426   426 I ServiceManager: Waiting for service 'package_native' on '/dev/binder'...
05-31 11:22:12.230   283   283 I ServiceManager: Waiting for service 'statscompanion' on '/dev/binder'...
05-31 11:22:12.239   433   433 I ServiceManager: Waiting for service 'package_native' on '/dev/binder'...
05-31 11:22:12.244   431   444 I ServiceManager: Waiting for service 'package_native' on '/dev/binder'...
05-31 11:22:12.249   426   426 I ServiceManager: Waiting for service 'package_native' on '/dev/binder'...
05-31 11:22:12.330   283   283 I ServiceManager: Waiting for service 'statscompanion' on '/dev/binder'...
05-31 11:22:12.340   433   433 I ServiceManager: Waiting for service 'package_native' on '/dev/binder'...
05-31 11:22:12.344   431   444 I ServiceManager: Waiting for service 'package_native' on '/dev/binder'...
05-31 11:22:12.350   426   426 I ServiceManager: Waiting for service 'package_native' on '/dev/binder'...
05-31 11:22:12.377   286   286 W Zygote  : Class not found for preloading: com.android.internal.telephony.IccSmsInterfaceManager$2
05-31 11:22:12.390   286   286 W Zygote  : Class not found for preloading: com.android.internal.widget.-$$Lambda$gPQuiuEDuOmrh2MixBcV6a5gu5s
05-31 11:22:12.390   286   286 W Zygote  : Class not found for preloading: com.android.internal.widget.LockPatternUtils$2
05-31 11:22:12.415   286   286 I Zygote  : ...preloaded 12112 classes in 1265ms.
05-31 11:22:12.415   286   286 I zygote  : VMRuntime.preloadDexCaches starting
05-31 11:22:12.426   286   286 I zygote  : VMRuntime.preloadDexCaches strings total=417993 before=11371 after=11371
05-31 11:22:12.426   286   286 I zygote  : VMRuntime.preloadDexCaches types total=40945 before=11206 after=11380
05-31 11:22:12.426   286   286 I zygote  : VMRuntime.preloadDexCaches fields total=173612 before=14202 after=15086
05-31 11:22:12.426   286   286 I zygote  : VMRuntime.preloadDexCaches methods total=315774 before=18080 after=18080
05-31 11:22:12.426   286   286 I zygote  : VMRuntime.preloadDexCaches finished
05-31 11:22:12.427   286   286 D Zygote32Timing: PreloadClasses took to complete: 1277ms
05-31 11:22:12.430   286   286 I zygote  : The ClassLoaderContext is a special shared library.
05-31 11:22:12.431   286   286 D ApplicationLoaders: Created zygote-cached class loader: /system/framework/android.hidl.base-V1.0-java.jar
05-31 11:22:12.431   283   283 I ServiceManager: Waiting for service 'statscompanion' on '/dev/binder'...
05-31 11:22:12.434   286   286 I zygote  : The ClassLoaderContext is a special shared library.
05-31 11:22:12.434   286   286 D ApplicationLoaders: Created zygote-cached class loader: /system/framework/android.hidl.manager-V1.0-java.jar
05-31 11:22:12.439   286   286 I zygote  : The ClassLoaderContext is a special shared library.
05-31 11:22:12.439   286   286 D ApplicationLoaders: Created zygote-cached class loader: /system/framework/android.test.base.jar
05-31 11:22:12.439   286   286 D Zygote32Timing: CacheNonBootClasspathClassLoaders took to complete: 13ms
05-31 11:22:12.439   286   286 I Zygote  : Preloading resources...
05-31 11:22:12.440   433   433 I ServiceManager: Waiting for service 'package_native' on '/dev/binder'...
05-31 11:22:12.445   431   444 I ServiceManager: Waiting for service 'package_native' on '/dev/binder'...
05-31 11:22:12.449   286   286 W Resources: Preloaded drawable resource #0x108028b (android:drawable/dialog_background_material) that varies with configuration!!
05-31 11:22:12.451   426   426 I ServiceManager: Waiting for service 'package_native' on '/dev/binder'...
05-31 11:22:12.456   286   286 I Zygote  : ...preloaded 64 resources in 16ms.
05-31 11:22:12.457   286   286 I Zygote  : ...preloaded 41 resources in 2ms.
05-31 11:22:12.457   286   286 D Zygote32Timing: PreloadResources took to complete: 18ms
05-31 11:22:12.462   286   286 I Zygote  : Preloading shared libraries...
05-31 11:22:12.470   286   286 I Zygote  : Called ZygoteHooks.endPreload()
05-31 11:22:12.470   286   286 I Zygote  : Installed AndroidKeyStoreProvider in 0ms.
05-31 11:22:12.472   286   286 I Zygote  : Warmed up JCA providers in 2ms.
05-31 11:22:12.472   286   286 D Zygote  : end preload
05-31 11:22:12.472   286   286 D Zygote32Timing: ZygotePreload took to complete: 1372ms
05-31 11:22:12.483   286   286 I zygote  : Explicit concurrent copying GC freed 23056(1050KB) AllocSpace objects, 0(0B) LOS objects, 49% free, 4741KB/9482KB, paused 415us total 10.653ms
05-31 11:22:12.492   286   286 I zygote  : Explicit concurrent copying GC freed 1642(96KB) AllocSpace objects, 0(0B) LOS objects, 49% free, 4676KB/9352KB, paused 372us total 9.343ms
05-31 11:22:12.493   286   286 D Zygote32Timing: PostZygoteInitGC took to complete: 21ms
05-31 11:22:12.493   286   286 D Zygote32Timing: ZygoteInit took to complete: 1404ms
05-31 11:22:12.525   286   286 D Zygote  : Forked child process 519
05-31 11:22:12.525   286   286 I Zygote  : System server process 519 has been created
05-31 11:22:12.529   519   519 W system_server: Unexpected CPU variant for X86 using defaults: x86
05-31 11:22:12.530   286   286 I Zygote  : Accepting command socket connections
05-31 11:22:12.532   283   283 I ServiceManager: Waiting for service 'statscompanion' on '/dev/binder'...
05-31 11:22:12.535   388   413 I adbd    : jdwp connection from 519
05-31 11:22:12.541   433   433 I ServiceManager: Waiting for service 'package_native' on '/dev/binder'...
05-31 11:22:12.545   431   444 I ServiceManager: Waiting for service 'package_native' on '/dev/binder'...
05-31 11:22:12.551   426   426 I ServiceManager: Waiting for service 'package_native' on '/dev/binder'...
05-31 11:22:12.633   283   283 I ServiceManager: Waiting for service 'statscompanion' on '/dev/binder'...
05-31 11:22:12.641   433   433 I ServiceManager: Waiting for service 'package_native' on '/dev/binder'...
05-31 11:22:12.646   431   444 I ServiceManager: Waiting for service 'package_native' on '/dev/binder'...
05-31 11:22:12.647   519   519 I SystemServerTiming: InitBeforeStartServices
05-31 11:22:12.649   519   519 I SystemServer: Entered the Android system server!
05-31 11:22:12.652   426   426 I ServiceManager: Waiting for service 'package_native' on '/dev/binder'...
05-31 11:22:12.734   283   283 I ServiceManager: Waiting for service 'statscompanion' on '/dev/binder'...
05-31 11:22:12.742   433   433 I ServiceManager: Waiting for service 'package_native' on '/dev/binder'...
05-31 11:22:12.746   431   444 I ServiceManager: Waiting for service 'package_native' on '/dev/binder'...
05-31 11:22:12.752   426   426 I ServiceManager: Waiting for service 'package_native' on '/dev/binder'...
05-31 11:22:12.811   519   519 E UsbAlsaJackDetectorJNI: Can't register UsbAlsaJackDetector native methods
05-31 11:22:12.821   305   352 D goldfish-address-space: claimShared: Ask to claim region [0x3e0000000 0x3e10b3000]
05-31 11:22:12.835   283   283 I ServiceManager: Waiting for service 'statscompanion' on '/dev/binder'...
05-31 11:22:12.844   433   433 I ServiceManager: Waiting for service 'package_native' on '/dev/binder'...
05-31 11:22:12.846   519   519 I SystemServerInitThreadPool: Creating instance with 4 threads
05-31 11:22:12.846   519   519 D SystemServerTiming: InitBeforeStartServices took to complete: 199ms
05-31 11:22:12.847   431   444 I ServiceManager: Waiting for service 'package_native' on '/dev/binder'...
05-31 11:22:12.848   519   519 I SystemServerTiming: StartServices
05-31 11:22:12.848   519   519 I SystemServerTiming: startBootstrapServices
05-31 11:22:12.848   519   519 I SystemServerTiming: StartWatchdog
05-31 11:22:12.853   426   426 I ServiceManager: Waiting for service 'package_native' on '/dev/binder'...
05-31 11:22:12.872   519   519 D SystemServerTiming: StartWatchdog took to complete: 25ms
05-31 11:22:12.872   519   519 I SystemServer: Reading configuration...
05-31 11:22:12.872   519   519 I SystemServerTiming: ReadingSystemConfig
05-31 11:22:12.873   519   519 D SystemServerTiming: ReadingSystemConfig took to complete: 0ms
05-31 11:22:12.873   519   519 I SystemServerTiming: PlatformCompat
05-31 11:22:12.875   519   543 I SystemServerTimingAsync: InitThreadPoolExec:ReadingSystemConfig
05-31 11:22:12.875   519   543 D SystemServerInitThreadPool: Started executing ReadingSystemConfig
05-31 11:22:12.879   519   543 I SystemConfig: Reading permissions from /system/etc/sysconfig/framework-sysconfig.xml
05-31 11:22:12.880   519   543 I SystemConfig: Reading permissions from /system/etc/sysconfig/hiddenapi-package-whitelist.xml
05-31 11:22:12.881   519   543 I SystemConfig: Reading permissions from /system/etc/sysconfig/preinstalled-packages-platform.xml
05-31 11:22:12.883   519   519 D CompatConfig: Found a config file: /system/etc/compatconfig/framework-platform-compat-config.xml
05-31 11:22:12.883   519   543 I SystemConfig: Reading permissions from /system/etc/permissions/android.test.runner.xml
05-31 11:22:12.884   519   543 I SystemConfig: Reading permissions from /system/etc/permissions/com.android.location.provider.xml
05-31 11:22:12.885   519   543 I SystemConfig: Reading permissions from /system/etc/permissions/privapp-permissions-platform.xml
05-31 11:22:12.886   519   519 D CompatConfig: Adding: com.android.server.compat.config.Change@2ff1061
05-31 11:22:12.887   519   543 I SystemConfig: Reading permissions from /system/etc/permissions/com.android.documentsui.xml
05-31 11:22:12.888   519   519 D CompatConfig: Adding: com.android.server.compat.config.Change@db62847
05-31 11:22:12.889   519   519 D CompatConfig: Adding: com.android.server.compat.config.Change@4bef874
05-31 11:22:12.890   519   543 I SystemConfig: Reading permissions from /system/etc/permissions/com.android.media.remotedisplay.xml
05-31 11:22:12.890   519   519 D CompatConfig: Adding: com.android.server.compat.config.Change@90dc612
05-31 11:22:12.891   519   519 D CompatConfig: Adding: com.android.server.compat.config.Change@12301e3
05-31 11:22:12.891   519   543 I SystemConfig: Reading permissions from /system/etc/permissions/com.android.timezone.updater.xml
05-31 11:22:12.891   519   519 D CompatConfig: Adding: com.android.server.compat.config.Change@2006a99
05-31 11:22:12.892   519   543 I SystemConfig: Reading permissions from /system/etc/permissions/javax.obex.xml
05-31 11:22:12.893   519   543 I SystemConfig: Reading permissions from /system/etc/permissions/android.software.live_wallpaper.xml
05-31 11:22:12.894   519   543 I SystemConfig: Reading permissions from /system/etc/permissions/android.test.base.xml
05-31 11:22:12.896   519   519 D CompatConfig: Adding: com.android.server.compat.config.Change@ae41755
05-31 11:22:12.896   519   543 I SystemConfig: Reading permissions from /system/etc/permissions/com.android.future.usb.accessory.xml
05-31 11:22:12.897   519   519 D CompatConfig: Adding: com.android.server.compat.config.Change@f3cca5b
05-31 11:22:12.898   519   519 D CompatConfig: Adding: com.android.server.compat.config.Change@fec12f8
05-31 11:22:12.899   519   543 I SystemConfig: Reading permissions from /system/etc/permissions/com.android.mediadrm.signer.xml
05-31 11:22:12.900   519   519 D CompatConfig: Adding: com.android.server.compat.config.Change@90e36
05-31 11:22:12.901   519   519 D CompatConfig: Adding: com.android.server.compat.config.Change@9f3b137
05-31 11:22:12.902   519   519 D CompatConfig: Adding: com.android.server.compat.config.Change@44b66a4
05-31 11:22:12.906   519   543 I SystemConfig: Reading permissions from /system/etc/permissions/android.test.mock.xml
05-31 11:22:12.906   519   519 D CompatConfig: Adding: com.android.server.compat.config.Change@e4fd7c2
05-31 11:22:12.908   519   519 D CompatConfig: Adding: com.android.server.compat.config.Change@dc829d3
05-31 11:22:12.908   519   543 I SystemConfig: Reading permissions from /system/etc/permissions/org.apache.http.legacy.xml
05-31 11:22:12.909   519   519 D CompatConfig: Adding: com.android.server.compat.config.Change@1a42c09
05-31 11:22:12.910   519   543 I SystemConfig: Reading permissions from /system/etc/permissions/com.android.nfc_extras.xml
05-31 11:22:12.910   519   519 D CompatConfig: Adding: com.android.server.compat.config.Change@261902f
05-31 11:22:12.911   519   543 I SystemConfig: Reading permissions from /system/etc/permissions/android.software.webview.xml
05-31 11:22:12.911   519   519 D CompatConfig: Adding: com.android.server.compat.config.Change@a5a7fc5
05-31 11:22:12.911   519   543 I SystemConfig: Reading permissions from /system/etc/permissions/platform.xml
05-31 11:22:12.911   519   519 D CompatConfig: Adding: com.android.server.compat.config.Change@881004b
05-31 11:22:12.912   519   519 D CompatConfig: Adding: com.android.server.compat.config.Change@2062a28
05-31 11:22:12.913   519   519 D CompatConfig: Adding: com.android.server.compat.config.Change@685341
05-31 11:22:12.914   519   543 I SystemConfig: Reading permissions from /vendor/etc/permissions/android.hardware.wifi.direct.xml
05-31 11:22:12.914   519   519 D CompatConfig: Adding: com.android.server.compat.config.Change@1dd5627
05-31 11:22:12.915   519   519 D CompatConfig: Adding: com.android.server.compat.config.Change@25e27d
05-31 11:22:12.915   519   543 I SystemConfig: Reading permissions from /vendor/etc/permissions/android.hardware.vulkan.version.xml
05-31 11:22:12.916   519   543 I SystemConfig: Reading permissions from /vendor/etc/permissions/android.hardware.bluetooth_le.xml
05-31 11:22:12.916   519   519 D CompatConfig: Adding: com.android.server.compat.config.Change@abf2dc3
05-31 11:22:12.916   519   543 I SystemConfig: Reading permissions from /vendor/etc/permissions/android.hardware.camera.concurrent.xml
05-31 11:22:12.916   519   519 D CompatConfig: Found a config file: /system/etc/compatconfig/documents-ui-compat-config.xml
05-31 11:22:12.917   519   543 I SystemConfig: Reading permissions from /vendor/etc/permissions/android.software.vulkan.deqp.level.xml
05-31 11:22:12.917   519   519 D CompatConfig: Adding: com.android.server.compat.config.Change@15ce31f
05-31 11:22:12.918   519   543 I SystemConfig: Reading permissions from /vendor/etc/permissions/android.hardware.vulkan.compute.xml
05-31 11:22:12.918   519   543 I SystemConfig: Reading permissions from /vendor/etc/permissions/android.hardware.camera.raw.xml
05-31 11:22:12.919   519   519 D CompatConfig: Found a config file: /system/etc/compatconfig/libcore-platform-compat-config.xml
05-31 11:22:12.919   519   543 I SystemConfig: Reading permissions from /vendor/etc/permissions/android.hardware.fingerprint.xml
05-31 11:22:12.919   519   519 D CompatConfig: Adding: com.android.server.compat.config.Change@c2c6d58
05-31 11:22:12.920   519   543 I SystemConfig: Reading permissions from /vendor/etc/permissions/android.hardware.camera.flash-autofocus.xml
05-31 11:22:12.920   519   519 D CompatConfig: Adding: com.android.server.compat.config.Change@d8bdf96
05-31 11:22:12.921   519   543 I SystemConfig: Reading permissions from /vendor/etc/permissions/android.hardware.touchscreen.multitouch.jazzhand.xml
05-31 11:22:12.921   519   519 D CompatConfig: Adding: com.android.server.compat.config.Change@f5964ed
05-31 11:22:12.922   519   543 I SystemConfig: Reading permissions from /vendor/etc/permissions/android.hardware.camera.full.xml
05-31 11:22:12.922   519   543 I SystemConfig: Reading permissions from /vendor/etc/permissions/android.hardware.wifi.passpoint.xml
05-31 11:22:12.922   519   519 D CompatConfig: Adding: com.android.server.compat.config.Change@e370db3
05-31 11:22:12.923   519   543 I SystemConfig: Reading permissions from /vendor/etc/permissions/android.hardware.camera.ar.xml
05-31 11:22:12.923   519   519 D CompatConfig: Found a config file: /system/etc/compatconfig/services-platform-compat-config.xml
05-31 11:22:12.924   519   543 I SystemConfig: Reading permissions from /vendor/etc/permissions/android.hardware.bluetooth.xml
05-31 11:22:12.924   519   519 D CompatConfig: Adding: com.android.server.compat.config.Change@40ad20f
05-31 11:22:12.925   519   543 I SystemConfig: Reading permissions from /vendor/etc/permissions/android.hardware.wifi.xml
05-31 11:22:12.926   519   519 D CompatConfig: Adding: com.android.server.compat.config.Change@a2744a5
05-31 11:22:12.926   519   543 I SystemConfig: Reading permissions from /vendor/etc/permissions/android.hardware.camera.front.xml
05-31 11:22:12.926   519   519 D CompatConfig: Adding: com.android.server.compat.config.Change@7ac802b
05-31 11:22:12.927   519   543 I SystemConfig: Reading permissions from /vendor/etc/permissions/android.software.autofill.xml
05-31 11:22:12.927   519   519 D CompatConfig: Adding: com.android.server.compat.config.Change@fec8621
05-31 11:22:12.928   519   543 I SystemConfig: Reading permissions from /vendor/etc/permissions/android.hardware.vulkan.level.xml
05-31 11:22:12.929   519   519 D CompatConfig: Adding: com.android.server.compat.config.Change@770f407
05-31 11:22:12.929   519   543 I SystemConfig: Reading permissions from /vendor/etc/permissions/handheld_core_hardware.xml
05-31 11:22:12.930   519   519 D CompatConfig: Adding: com.android.server.compat.config.Change@e6a635d
05-31 11:22:12.930   519   519 D CompatConfig: Adding: com.android.server.compat.config.Change@81ec9a3
05-31 11:22:12.930   519   543 I SystemConfig: Reading permissions from /product/etc/sysconfig/google-hiddenapi-package-whitelist.xml
05-31 11:22:12.931   519   519 D CompatConfig: Adding: com.android.server.compat.config.Change@d9db4a0
05-31 11:22:12.931   519   543 I SystemConfig: Reading permissions from /product/etc/sysconfig/preinstalled-packages-platform-handheld-product.xml
05-31 11:22:12.932   519   519 D CompatConfig: Adding: com.android.server.compat.config.Change@5736c1e
05-31 11:22:12.932   519   543 I SystemConfig: Reading permissions from /product/etc/sysconfig/google.xml
05-31 11:22:12.933   519   543 I SystemConfig: Adding association: com.google.android.as <- com.android.bluetooth
05-31 11:22:12.933   519   543 I SystemConfig: Adding association: com.google.android.as <- com.android.providers.contacts
05-31 11:22:12.933   519   543 I SystemConfig: Adding association: com.google.android.as <- com.android.providers.media
05-31 11:22:12.933   519   543 I SystemConfig: Adding association: com.google.android.as <- com.android.providers.telephony
05-31 11:22:12.933   519   543 I SystemConfig: Adding association: com.google.android.as <- com.android.systemui
05-31 11:22:12.933   519   543 I SystemConfig: Adding association: com.google.android.as <- com.google.android.providers.media.module
05-31 11:22:12.933   519   543 I SystemConfig: Reading permissions from /product/etc/sysconfig/preinstalled-packages-platform-aosp-product.xml
05-31 11:22:12.934   519   519 D CompatConfig: Adding: com.android.server.compat.config.Change@faba115
05-31 11:22:12.934   519   543 I SystemConfig: Reading permissions from /product/etc/sysconfig/preinstalled-packages-platform-overlays.xml
05-31 11:22:12.935   519   519 D CompatConfig: Adding: com.android.server.compat.config.Change@971ca1b
05-31 11:22:12.936   283   283 I ServiceManager: Waiting for service 'statscompanion' on '/dev/binder'...
05-31 11:22:12.936   519   543 I SystemConfig: Reading permissions from /product/etc/permissions/com.android.settings.intelligence.xml
05-31 11:22:12.936   519   519 D CompatConfig: Adding: com.android.server.compat.config.Change@2323991
05-31 11:22:12.937   519   543 I SystemConfig: Reading permissions from /product/etc/permissions/privapp-permissions-google-p.xml
05-31 11:22:12.937   519   519 D CompatConfig: Adding: com.android.server.compat.config.Change@d8ecf7
05-31 11:22:12.941   519   519 D CompatConfig: Found a config file: /system/system_ext/etc/compatconfig/settings-platform-compat-config.xml
05-31 11:22:12.942   519   543 I SystemConfig: Reading permissions from /product/etc/permissions/privapp-permissions-goldfish.xml
05-31 11:22:12.943   519   519 D CompatConfig: Adding: com.android.server.compat.config.Change@3041682
05-31 11:22:12.944   519   543 I SystemConfig: Reading permissions from /product/etc/permissions/privapp-permissions-sdk-google.xml
05-31 11:22:12.945   519   543 I SystemConfig: Reading permissions from /product/etc/permissions/split-permissions-google.xml
05-31 11:22:12.945   433   433 I ServiceManager: Waiting for service 'package_native' on '/dev/binder'...
05-31 11:22:12.946   519   543 I SystemConfig: Reading permissions from /product/etc/permissions/com.android.dialer.xml
05-31 11:22:12.946   519   543 I SystemConfig: Reading permissions from /product/etc/permissions/android.software.verified_boot.xml
05-31 11:22:12.947   519   543 I SystemConfig: Reading permissions from /product/etc/permissions/com.android.contacts.xml
05-31 11:22:12.948   431   444 I ServiceManager: Waiting for service 'package_native' on '/dev/binder'...
05-31 11:22:12.948   519   543 W SystemConfig: No directory /system_ext/etc/sysconfig, skipping
05-31 11:22:12.949   519   543 I SystemConfig: Reading permissions from /system_ext/etc/permissions/androidx.window.sidecar.xml
05-31 11:22:12.950   519   543 I SystemConfig: Reading permissions from /system_ext/etc/permissions/com.android.settings.xml
05-31 11:22:12.951   519   543 I SystemConfig: Reading permissions from /system_ext/etc/permissions/com.android.systemui.xml
05-31 11:22:12.952   519   543 I SystemConfig: Reading permissions from /system_ext/etc/permissions/com.android.carrierconfig.xml
05-31 11:22:12.952   519   519 I ApexManagerTiming: getActiveApexInfos_noCache
05-31 11:22:12.953   519   543 I SystemConfig: Reading permissions from /system_ext/etc/permissions/com.android.emulator.radio.config.xml
05-31 11:22:12.953   426   426 I ServiceManager: Waiting for service 'package_native' on '/dev/binder'...
05-31 11:22:12.954   519   543 I SystemConfig: Reading permissions from /system_ext/etc/permissions/com.google.android.sdksetup.xml
05-31 11:22:12.954   519   543 I SystemConfig: Reading permissions from /system_ext/etc/permissions/com.android.launcher3.xml
05-31 11:22:12.955   519   543 I SystemConfig: Reading permissions from /system_ext/etc/permissions/privapp-permissions-google-se.xml
05-31 11:22:12.955   519   519 D ApexManagerTiming: getActiveApexInfos_noCache took to complete: 2ms
05-31 11:22:12.955   519   519 D CompatConfig: No directory /apex/com.android.tethering/etc/compatconfig, skipping
05-31 11:22:12.955   519   519 D CompatConfig: No directory /apex/com.android.apex.cts.shim/etc/compatconfig, skipping
05-31 11:22:12.956   519   519 D CompatConfig: Found a config file: /apex/com.android.mediaprovider/etc/compatconfig/media-provider-platform-compat-config.xml
05-31 11:22:12.956   519   543 I SystemConfig: Reading permissions from /system_ext/etc/permissions/com.android.provision.xml
05-31 11:22:12.957   519   543 I SystemConfig: Reading permissions from /system_ext/etc/permissions/com.android.storagemanager.xml
05-31 11:22:12.959   519   519 D CompatConfig: No directory /apex/com.android.sdkext/etc/compatconfig, skipping
05-31 11:22:12.959   519   519 D CompatConfig: No directory /apex/com.android.adbd/etc/compatconfig, skipping
05-31 11:22:12.959   519   519 D CompatConfig: No directory /apex/com.android.neuralnetworks/etc/compatconfig, skipping
05-31 11:22:12.959   519   519 D CompatConfig: No directory /apex/com.android.extservices/etc/compatconfig, skipping
05-31 11:22:12.959   519   519 D CompatConfig: No directory /apex/com.android.runtime/etc/compatconfig, skipping
05-31 11:22:12.960   519   519 D CompatConfig: No directory /apex/com.android.conscrypt/etc/compatconfig, skipping
05-31 11:22:12.960   519   519 D CompatConfig: No directory /apex/com.android.media/etc/compatconfig, skipping
05-31 11:22:12.961   519   519 D CompatConfig: No directory /apex/com.android.resolv/etc/compatconfig, skipping
05-31 11:22:12.961   519   519 D CompatConfig: No directory /apex/com.android.wifi/etc/compatconfig, skipping
05-31 11:22:12.961   519   519 D CompatConfig: No directory /apex/com.android.media.swcodec/etc/compatconfig, skipping
05-31 11:22:12.961   519   519 D CompatConfig: No directory /apex/com.android.tzdata/etc/compatconfig, skipping
05-31 11:22:12.961   519   519 D CompatConfig: No directory /apex/com.android.art/etc/compatconfig, skipping
05-31 11:22:12.961   519   519 D CompatConfig: No directory /apex/com.android.ipsec/etc/compatconfig, skipping
05-31 11:22:12.961   519   543 I SystemConfig: Reading permissions from /system_ext/etc/permissions/com.android.emergency.xml
05-31 11:22:12.961   519   519 D CompatConfig: No directory /apex/com.android.vndk.v30/etc/compatconfig, skipping
05-31 11:22:12.962   519   519 D CompatConfig: No directory /apex/com.android.os.statsd/etc/compatconfig, skipping
05-31 11:22:12.962   519   519 D CompatConfig: No directory /apex/com.android.permission/etc/compatconfig, skipping
05-31 11:22:12.962   519   519 D CompatConfig: No directory /apex/com.android.i18n/etc/compatconfig, skipping
05-31 11:22:12.962   519   519 D CompatConfig: No directory /apex/com.android.cellbroadcast/etc/compatconfig, skipping
05-31 11:22:12.963   519   519 D SystemServerTiming: PlatformCompat took to complete: 91ms
05-31 11:22:12.963   519   519 I SystemServerTiming: StartFileIntegrityService
05-31 11:22:12.964   519   519 I SystemServiceManager: Starting com.android.server.security.FileIntegrityService
05-31 11:22:12.967   519   543 I SystemConfig: Reading permissions from /apex/com.android.ipsec/etc/permissions/android.net.ipsec.ike.xml
05-31 11:22:12.969   519   543 D SystemConfig: readAllPermissions took to complete: 93ms
05-31 11:22:12.969   519   543 D SystemServerInitThreadPool: Finished executing ReadingSystemConfig
05-31 11:22:12.969   519   543 D SystemServerTimingAsync: InitThreadPoolExec:ReadingSystemConfig took to complete: 94ms
05-31 11:22:12.974   519   519 D SystemServerTiming: StartFileIntegrityService took to complete: 10ms
05-31 11:22:12.974   519   519 I SystemServerTiming: StartInstaller
05-31 11:22:12.974   519   519 I SystemServiceManager: Starting com.android.server.pm.Installer
05-31 11:22:12.976   425   434 D installd: Found quota mount /dev/block/dm-5 at /data
05-31 11:22:12.976   425   434 D installd: Found quota mount /dev/block/dm-5 at /data/user/0
05-31 11:22:12.977   519   519 D SystemServerTiming: StartInstaller took to complete: 3ms
05-31 11:22:12.977   519   519 I SystemServerTiming: DeviceIdentifiersPolicyService
05-31 11:22:12.977   519   519 I SystemServiceManager: Starting com.android.server.os.DeviceIdentifiersPolicyService
05-31 11:22:12.977   519   519 D SystemServerTiming: DeviceIdentifiersPolicyService took to complete: 1ms
05-31 11:22:12.977   519   519 I SystemServerTiming: UriGrantsManagerService
05-31 11:22:12.977   519   519 I SystemServiceManager: Starting com.android.server.uri.UriGrantsManagerService$Lifecycle
05-31 11:22:12.984   519   519 D SystemServerTiming: UriGrantsManagerService took to complete: 6ms
05-31 11:22:12.984   519   519 I SystemServerTiming: StartActivityManager
05-31 11:22:12.984   519   519 I SystemServiceManager: Starting com.android.server.wm.ActivityTaskManagerService$Lifecycle
05-31 11:22:13.011   519   519 I SystemServiceManager: Starting com.android.server.am.ActivityManagerService$Lifecycle
05-31 11:22:13.029   519   519 I ActivityManager: Memory class: 192
05-31 11:22:13.037   283   283 I ServiceManager: Waiting for service 'statscompanion' on '/dev/binder'...
05-31 11:22:13.046   433   433 I ServiceManager: Waiting for service 'package_native' on '/dev/binder'...
05-31 11:22:13.048   431   444 I ServiceManager: Waiting for service 'package_native' on '/dev/binder'...
05-31 11:22:13.054   426   426 I ServiceManager: Waiting for service 'package_native' on '/dev/binder'...
05-31 11:22:13.067   519   519 D BatteryStatsImpl: Reading daily items from /data/system/batterystats-daily.xml
05-31 11:22:13.077   519   552 I BatteryStatsService: Using power.stats HAL
05-31 11:22:13.081   519   552 W BatteryStatsService: Rail information is not available
05-31 11:22:13.082   519   552 W BatteryStatsService: Rail energy data is not available
05-31 11:22:13.082   519   552 E BluetoothAdapter: Bluetooth binder is null
05-31 11:22:13.084   519   552 I KernelCpuUidFreqTimeReader: mPerClusterTimesAvailable=false
05-31 11:22:13.088   207   207 W Binder:207_2: type=1400 audit(0.0:6): avc: denied { read } for name="wakeup34" dev="sysfs" ino=18950 scontext=u:r:system_suspend:s0 tcontext=u:object_r:sysfs:s0 tclass=dir permissive=0
05-31 11:22:13.100   173   173 I hwservicemanager: getTransport: Cannot find entry android.hardware.memtrack@1.0::IMemtrack/default in either framework or device manifest.
05-31 11:22:13.100   519   519 E memtrack: Couldn't load memtrack module
05-31 11:22:13.100   207   210 E android.system.suspend@1.0-service: Error opening kernel wakelock stats for: wakeup34: Permission denied
05-31 11:22:13.105   207   210 E android.system.suspend@1.0-service: Error opening kernel wakelock stats for: wakeup35: Permission denied
05-31 11:22:13.108   519   552 W KernelMemoryBandwidthStats: No kernel memory bandwidth stats available
05-31 11:22:13.100   207   207 W Binder:207_2: type=1400 audit(0.0:7): avc: denied { read } for name="wakeup35" dev="sysfs" ino=19013 scontext=u:r:system_suspend:s0 tcontext=u:object_r:sysfs:s0 tclass=dir permissive=0
05-31 11:22:13.140   283   283 I ServiceManager: Waiting for service 'statscompanion' on '/dev/binder'...
05-31 11:22:13.148   433   433 I ServiceManager: Waiting for service 'package_native' on '/dev/binder'...
05-31 11:22:13.149   431   444 I ServiceManager: Waiting for service 'package_native' on '/dev/binder'...
05-31 11:22:13.156   426   426 I ServiceManager: Waiting for service 'package_native' on '/dev/binder'...
05-31 11:22:13.180   519   519 I IntentFirewall: Read new rules (A:0 B:0 S:0)
05-31 11:22:13.223   519   519 D AppOps  : AppOpsService published
05-31 11:22:13.227   519   519 D SystemServerTiming: StartActivityManager took to complete: 243ms
05-31 11:22:13.227   519   519 I SystemServerTiming: StartDataLoaderManagerService
05-31 11:22:13.227   519   519 I SystemServiceManager: Starting com.android.server.pm.DataLoaderManagerService
05-31 11:22:13.228   519   519 D SystemServerTiming: StartDataLoaderManagerService took to complete: 1ms
05-31 11:22:13.228   519   519 I SystemServerTiming: StartIncrementalService
05-31 11:22:13.233   519   519 I incfs-mounts: [incfs] Loaded incremental-fs mount info: 0 instances, 0 mount points
05-31 11:22:13.235   519   519 D SystemServerTiming: StartIncrementalService took to complete: 7ms
05-31 11:22:13.235   519   519 I SystemServerTiming: StartPowerManager
05-31 11:22:13.236   519   519 I SystemServiceManager: Starting com.android.server.power.PowerManagerService
05-31 11:22:13.242   283   283 I ServiceManager: Waiting for service 'statscompanion' on '/dev/binder'...
05-31 11:22:13.249   433   433 I ServiceManager: Waiting for service 'package_native' on '/dev/binder'...
05-31 11:22:13.250   431   444 I ServiceManager: Waiting for service 'package_native' on '/dev/binder'...
05-31 11:22:13.251   172   172 I servicemanager: Found android.hardware.power.IPower/default in device VINTF manifest.
05-31 11:22:13.252   173   173 I hw-BpHwBinder: onLastStrongRef automatically unlinking death recipients
05-31 11:22:13.253   336   336 I android.hardware.power-service.example: Power isModeSupported: 7
05-31 11:22:13.254   336   336 I android.hardware.power-service.example: Power isModeSupported: 0
05-31 11:22:13.255   519   519 D SystemServerTiming: StartPowerManager took to complete: 21ms
05-31 11:22:13.255   519   519 I SystemServerTiming: StartThermalManager
05-31 11:22:13.255   519   519 I SystemServiceManager: Starting com.android.server.power.ThermalManagerService
05-31 11:22:13.256   426   426 I ServiceManager: Waiting for service 'package_native' on '/dev/binder'...
05-31 11:22:13.257   519   519 D SystemServerTiming: StartThermalManager took to complete: 1ms
05-31 11:22:13.257   519   519 I SystemServerTiming: InitPowerManagement
05-31 11:22:13.258   519   519 D SystemServerTiming: InitPowerManagement took to complete: 1ms
05-31 11:22:13.258   519   519 I SystemServerTiming: StartRecoverySystemService
05-31 11:22:13.258   519   519 I SystemServiceManager: Starting com.android.server.recoverysystem.RecoverySystemService$Lifecycle
05-31 11:22:13.263   519   519 D SystemServerTiming: StartRecoverySystemService took to complete: 4ms
05-31 11:22:13.265   519   519 I PackageWatchdog: Syncing state, reason: added new observer
05-31 11:22:13.265   519   519 I PackageWatchdog: Not pruning observers, elapsed time: 0ms
05-31 11:22:13.266   519   519 I PackageWatchdog: Cancelling state sync, nothing to sync
05-31 11:22:13.266   519   545 I PackageWatchdog: Saving observer state to file
05-31 11:22:13.268   519   519 I SystemServerTiming: StartLightsService
05-31 11:22:13.268   519   519 I SystemServiceManager: Starting com.android.server.lights.LightsService
05-31 11:22:13.278   172   172 I servicemanager: Found android.hardware.light.ILights/default in device VINTF manifest.
05-31 11:22:13.282   335   335 I android.hardware.lights-service.example: Lights reporting supported lights
05-31 11:22:13.284   519   519 D SystemServerTiming: StartLightsService took to complete: 16ms
05-31 11:22:13.284   519   519 I SystemServerTiming: StartSidekickService
05-31 11:22:13.284   519   519 D SystemServerTiming: StartSidekickService took to complete: 0ms
05-31 11:22:13.284   519   519 I SystemServerTiming: StartDisplayManager
05-31 11:22:13.284   519   519 I SystemServiceManager: Starting com.android.server.display.DisplayManagerService
05-31 11:22:13.301   519   519 D SystemServerTiming: StartDisplayManager took to complete: 16ms
05-31 11:22:13.301   354   544 E HWComposer: getSupportedContentTypes: getSupportedContentTypes failed for display 8141603649153536: Unsupported (8)
05-31 11:22:13.301   519   519 I SystemServerTiming: WaitForDisplay
05-31 11:22:13.301   519   519 I SystemServiceManager: Starting phase 100
05-31 11:22:13.301   519   519 I SystemServerTiming: OnBootPhase_100
