05-31 15:42:15.940   345   345 I RenderEngine: extensions: GL_EXT_debug_marker GL_EXT_robustness GL_OES_EGL_sync GL_OES_EGL_image GL_OES_EGL_image_external GL_OES_depth24 GL_OES_depth32 GL_OES_element_index_uint GL_OES_texture_float GL_OES_texture_float_linear GL_OES_compressed_ETC1_RGB8_texture GL_OES_depth_texture GL_OES_texture_half_float GL_OES_texture_half_float_linear GL_OES_packed_depth_stencil GL_OES_texture_npot GL_OES_rgb8_rgba8 GL_EXT_color_buffer_half_float GL_EXT_texture_format_BGRA8888 ANDROID_EMU_CHECKSUM_HELPER_v1 ANDROID_EMU_native_sync_v2 ANDROID_EMU_native_sync_v3 ANDROID_EMU_native_sync_v4 ANDROID_EMU_dma_v1 ANDROID_EMU_direct_mem ANDROID_EMU_host_composition_v1 ANDROID_EMU_host_composition_v2 ANDROID_EMU_vulkan ANDROID_EMU_deferred_vulkan_commands ANDROID_EMU_vulkan_null_optional_strings ANDROID_EMU_vulkan_create_resources_with_requirements ANDROID_EMU_YUV_Cache ANDROID_EMU_vulkan_ignored_handles ANDROID_EMU_has_shared_slots_host_memory_allocator ANDROID_EMU_vulkan_free_memory_sync ANDROID_EMU_vulkan_shader_float16_int8 ANDROID_EMU_v
05-31 15:42:15.940   345   345 I RenderEngine: GL_MAX_TEXTURE_SIZE = 16384
05-31 15:42:15.940   345   345 I RenderEngine: GL_MAX_VIEWPORT_DIMS = 16384
05-31 15:42:15.943   173   173 I hwservicemanager: getTransport: Cannot find entry android.hardware.graphics.mapper@4.0::IMapper/default in either framework or device manifest.
05-31 15:42:15.943   306   306 I ComposerResources: failed to get mapper 4.0 service, falling back to mapper 3.0
05-31 15:42:15.944   306   306 D HostConnection: createUnique: call
05-31 15:42:15.944   306   306 D HostConnection: HostConnection::get() New Host Connection established 0xe8701580, tid 306
05-31 15:42:15.945   306   306 D goldfish-address-space: allocate: Ask for block of size 0x100
05-31 15:42:15.945   306   306 D goldfish-address-space: allocate: ioctl allocate returned offset 0x3dfffe000 size 0x2000
05-31 15:42:15.946   345   345 E HWComposer: loadLayerMetadataSupport: getLayerGenericMetadataKeys failed: UNSUPPORTED (8)
05-31 15:42:15.947   345   345 I HWComposer: Switching to generalized multi-display mode
05-31 15:42:15.947   345   345 E HWComposer: isConnected failed for display 8141603649153536: Invalid display
05-31 15:42:15.924     0     0 I init    : Command 'write /sys/class/android_usb/android0/enable 1' action=sys.usb.config=adb && sys.usb.configfs=0 (/system/etc/init/hw/init.usb.rc:42) took 0ms and failed: Unable to write to file '/sys/class/android_usb/android0/enable': open() failed: Permission denied
05-31 15:42:15.949   283   283 I ServiceManager: Waiting for service 'statscompanion' on '/dev/binder'...
05-31 15:42:15.951   345   392 W SurfaceFlinger: Ignoring VSYNC request while display is disconnected
05-31 15:42:15.951   345   393 W SurfaceFlinger: Ignoring VSYNC request while display is disconnected
05-31 15:42:15.951   345   393 W SurfaceFlinger: Ignoring VSYNC request while display is disconnected
05-31 15:42:15.951   345   345 E HWComposer: getDisplayConnectionType: getDisplayConnectionType failed for display 8141603649153536: Unsupported (8)
05-31 15:42:15.951   345   392 W SurfaceFlinger: Ignoring VSYNC request while display is disconnected
05-31 15:42:15.932     0     0 I init    : starting service 'adbd'...
05-31 15:42:15.933     0     0 I init    : Created socket '/dev/socket/adbd', mode 660, user 1000, group 1000
05-31 15:42:15.951   345   392 W SurfaceFlinger: Ignoring VSYNC request while display is disconnected
05-31 15:42:15.956   345   345 I FramebufferSurface: framebuffer size has been limited to [1440x3040] from [1440x3040]
05-31 15:42:15.957   345   345 W HwcComposer: getPerFrameMetadataKeys failed with 8
05-31 15:42:15.964   383   383 I ServiceManager: Waiting for service 'media.metrics' on '/dev/binder'...
05-31 15:42:15.946     0     0 I init    : processing action (qemu.networknamespace=ready) from (/vendor/etc/init/hw/init.ranchu.rc:109)
05-31 15:42:15.949     0     0 I init    : starting service 'ranchu-net'...
05-31 15:42:15.956     0     0 I init    : processing action (init.svc.audioserver=running) from (/system/etc/init/audioserver.rc:32)
05-31 15:42:15.959     0     0 I init    : Command 'start vendor.audio-hal-4-0-msd' action=init.svc.audioserver=running (/system/etc/init/audioserver.rc:34) took 0ms and failed: service vendor.audio-hal-4-0-msd not found
05-31 15:42:15.963     0     0 I init    : Command 'start vendor.audio-hal-2-0' action=init.svc.audioserver=running (/system/etc/init/audioserver.rc:36) took 0ms and failed: service vendor.audio-hal-2-0 not found
05-31 15:42:15.969     0     0 I init    : Command 'start audio-hal-2-0' action=init.svc.audioserver=running (/system/etc/init/audioserver.rc:37) took 0ms and failed: service audio-hal-2-0 not found
05-31 15:42:15.973     0     0 I init    : processing action (ro.persistent_properties.ready=true) from (/system/etc/init/bootstat.rc:67)
05-31 15:42:15.984     0     0 I init    : processing action (ro.persistent_properties.ready=true) from (/system/etc/init/bootstat.rc:71)
05-31 15:42:15.986     0     0 I init    : starting service 'exec 15 (/system/bin/bootstat --set_system_boot_reason)'...
05-31 15:42:15.990     0     0 I init    : processing action (persist.heapprofd.enable= && traced.lazy.heapprofd=) from (/system/etc/init/heapprofd.rc:34)
05-31 15:42:15.995     0     0 I init    : processing action (ro.debuggable=1) from (/system/etc/init/llkd-debuggable.rc:1)
05-31 15:42:15.999     0     0 I init    : processing action (ro.debuggable=*) from (/system/etc/init/llkd.rc:2)
05-31 15:42:16.003     0     0 I init    : processing action (ro.enable.native.bridge.exec=1) from (/system/etc/init/ndk_translation.rc:5)
05-31 15:42:16.011     0     0 I init    : processing action (debug.atrace.user_initiated= && persist.traced.enable=1) from (/system/etc/init/perfetto.rc:47)
05-31 15:42:16.015     0     0 I init    : starting service 'traced_probes'...
05-31 15:42:16.016     0     0 I init    : Opened file '/dev/kmsg', flags 1
05-31 15:42:16.021     0     0 I init    : processing action (persist.traced.enable=1) from (/system/etc/init/perfetto.rc:50)
05-31 15:42:16.023     0     0 I init    : starting service 'traced'...
05-31 15:42:16.026     0     0 I init    : Created socket '/dev/socket/traced_consumer', mode 666, user 0, group 0
05-31 15:42:16.029     0     0 I init    : Created socket '/dev/socket/traced_producer', mode 666, user 0, group 0
05-31 15:42:16.050   283   283 I ServiceManager: Waiting for service 'statscompanion' on '/dev/binder'...
05-31 15:42:16.059   396   396 I adbd    : Setup mdns on port= 5555
05-31 15:42:16.059   396   409 I adbd    : Waiting for persist.adb.tls_server.enable=1
05-31 15:42:16.059   396   396 I adbd    : adbd listening on tcp:5555
05-31 15:42:16.060   396   396 I adbd    : adbd listening on vsock:5555
05-31 15:42:16.063   405   405 I bootstat: Service started: /system/bin/bootstat --set_system_boot_reason 
05-31 15:42:16.064   405   405 I bootstat: Canonical boot reason: reboot,shell
05-31 15:42:16.064   405   405 I bootstat: Canonical boot reason: reboot,shell
05-31 15:42:16.065   383   383 I ServiceManager: Waiting for service 'media.metrics' on '/dev/binder'...
05-31 15:42:16.080   407   407 I perfetto: probes.cc:77            Starting /system/bin/traced_probes service
05-31 15:42:16.060     0     0 D ieee80211 phy0: Selected rate control algorithm 'minstrel_ht'
05-31 15:42:16.061     0     0 D ieee80211 phy1: Selected rate control algorithm 'minstrel_ht'
05-31 15:42:16.083   408   408 W perfetto: service.cc:97           Started traced, listening on /dev/socket/traced_producer /dev/socket/traced_consumer
05-31 15:42:16.086   407   407 I perfetto: probes_producer.cc:100  Connected to the service
05-31 15:42:16.090   405   405 I bootstat: Last reboot reason read from /metadata/bootstat/persist.sys.boot.reason : reboot,shell. Last reboot reason read from persist.sys.boot.reason : reboot,shell
05-31 15:42:16.090   405   405 I bootstat: Normalized last reboot reason : reboot,shell
05-31 15:42:16.073     0     0 I init    : starting service 'mdnsd'...
05-31 15:42:16.074     0     0 I init    : Created socket '/dev/socket/mdnsd', mode 660, user 1020, group 3003
05-31 15:42:16.087     0     0 I init    : Control message: Processed ctl.start for 'mdnsd' from pid: 396 (/apex/com.android.adbd/bin/adbd --root_seclabel=u:r:su:s0)
05-31 15:42:16.092     0     0 I init    : Service 'exec 15 (/system/bin/bootstat --set_system_boot_reason)' (pid 405) exited with status 0 oneshot service took 0.102000 seconds in background
05-31 15:42:16.096     0     0 I init    : Sending signal 9 to service 'exec 15 (/system/bin/bootstat --set_system_boot_reason)' (pid 405) process group...
05-31 15:42:16.100     0     0 I libprocessgroup: Successfully killed process cgroup uid 1000 pid 405 in 0ms
05-31 15:42:16.103     0     0 I init    : processing action (persist.traced_perf.enable= && sys.init.perf_lsm_hooks=1 && traced.lazy.traced_perf=) from (/system/etc/init/traced_perf.rc:43)
05-31 15:42:16.129   286   286 D AndroidRuntime: >>>>>> START com.android.internal.os.ZygoteInit uid 0 <<<<<<
05-31 15:42:16.108     0     0 I init    : processing action (nonencrypted) from (/system/etc/init/hw/init.rc:953)
05-31 15:42:16.111     0     0 I init    : starting service 'cameraserver'...
05-31 15:42:16.115     0     0 W libprocessgroup: Failed to open /dev/cpuset/camera-daemon/tasks: No such file or directory: No such file or directory
05-31 15:42:16.116     0     0 I init    : starting service 'drm'...
05-31 15:42:16.118     0     0 W libprocessgroup: Failed to apply CameraServiceCapacity task profile: No such file or directory
05-31 15:42:16.122     0     0 I init    : starting service 'idmap2d'...
05-31 15:42:16.151   283   283 I ServiceManager: Waiting for service 'statscompanion' on '/dev/binder'...
05-31 15:42:16.140     0     0 I         : ip (416) used greatest stack depth: 11520 bytes left
05-31 15:42:16.143     0     0 I init    : starting service 'incidentd'...
05-31 15:42:16.168   383   383 I ServiceManager: Waiting for service 'media.metrics' on '/dev/binder'...
05-31 15:42:16.148     0     0 I init    : starting service 'installd'...
05-31 15:42:16.153     0     0 I init    : starting service 'iorapd'...
05-31 15:42:16.159     0     0 I init    : starting service 'keystore'...
05-31 15:42:16.159     0     0 I         : ip (422) used greatest stack depth: 11160 bytes left
05-31 15:42:16.164     0     0 I init    : starting service 'mediaextractor'...
05-31 15:42:16.171     0     0 I init    : starting service 'mediametrics'...
05-31 15:42:16.177     0     0 I init    : starting service 'media'...
05-31 15:42:16.186     0     0 I init    : starting service 'storaged'...
05-31 15:42:16.187     0     0 I init    : Could not open file '/d/mmc0/mmc0:0001/ext_csd': Failed to open file '/d/mmc0/mmc0:0001/ext_csd': No such file or directory
05-31 15:42:16.210   286   286 I AndroidRuntime: Using default boot image
05-31 15:42:16.211   286   286 I AndroidRuntime: Leaving lock profiling enabled
05-31 15:42:16.199     0     0 I init    : starting service 'wificond'...
05-31 15:42:16.230   286   286 I zygote  : option[0]=-Xzygote
05-31 15:42:16.230   286   286 I zygote  : option[1]=exit
05-31 15:42:16.230   286   286 I zygote  : option[2]=vfprintf
05-31 15:42:16.230   286   286 I zygote  : option[3]=sensitiveThread
05-31 15:42:16.230   286   286 I zygote  : option[4]=-verbose:gc
05-31 15:42:16.230   286   286 I zygote  : option[5]=-XX:PerfettoHprof=true
05-31 15:42:16.230   286   286 I zygote  : option[6]=-Xprimaryzygote
05-31 15:42:16.230   286   286 I zygote  : option[7]=-Xms8m
05-31 15:42:16.230   286   286 I zygote  : option[8]=-Xmx576m
05-31 15:42:16.230   286   286 I zygote  : option[9]=-XX:HeapGrowthLimit=192m
05-31 15:42:16.231   286   286 I zygote  : option[10]=-XX:HeapMinFree=512k
05-31 15:42:16.231   286   286 I zygote  : option[11]=-XX:HeapMaxFree=8m
05-31 15:42:16.231   286   286 I zygote  : option[12]=-XX:HeapTargetUtilization=0.75
05-31 15:42:16.231   286   286 I zygote  : option[13]=-Xusejit:true
05-31 15:42:16.231   286   286 I zygote  : option[14]=-Xjitsaveprofilinginfo
05-31 15:42:16.231   286   286 I zygote  : option[15]=-XjdwpOptions:suspend=n,server=y
05-31 15:42:16.231   286   286 I zygote  : option[16]=-XjdwpProvider:default
05-31 15:42:16.231   286   286 I zygote  : option[17]=-Xopaque-jni-ids:swapable
05-31 15:42:16.231   286   286 I zygote  : option[18]=-Xlockprofthreshold:500
05-31 15:42:16.231   286   286 I zygote  : option[19]=-Xcompiler-option
05-31 15:42:16.231   286   286 I zygote  : option[20]=--instruction-set-variant=x86
05-31 15:42:16.203     0     0 I init    : starting service 'vendor.media.omx'...
05-31 15:42:16.231   286   286 I zygote  : option[21]=-Xcompiler-option
05-31 15:42:16.231   286   286 I zygote  : option[22]=--instruction-set-features=default
05-31 15:42:16.231   286   286 I zygote  : option[23]=-Xcompiler-option
05-31 15:42:16.231   286   286 I zygote  : option[24]=--generate-mini-debug-info
05-31 15:42:16.231   286   286 I zygote  : option[25]=-Ximage-compiler-option
05-31 15:42:16.231   286   286 I zygote  : option[26]=--runtime-arg
05-31 15:42:16.231   286   286 I zygote  : option[27]=-Ximage-compiler-option
05-31 15:42:16.231   286   286 I zygote  : option[28]=-Xms64m
05-31 15:42:16.231   286   286 I zygote  : option[29]=-Ximage-compiler-option
05-31 15:42:16.231   286   286 I zygote  : option[30]=--runtime-arg
05-31 15:42:16.231   286   286 I zygote  : option[31]=-Ximage-compiler-option
05-31 15:42:16.231   286   286 I zygote  : option[32]=-Xmx64m
05-31 15:42:16.231   286   286 I zygote  : option[33]=-Ximage-compiler-option
05-31 15:42:16.231   286   286 I zygote  : option[34]=--dirty-image-objects=/system/etc/dirty-image-objects
05-31 15:42:16.231   286   286 I zygote  : option[35]=-Ximage-compiler-option
05-31 15:42:16.231   286   286 I zygote  : option[36]=--instruction-set-variant=x86
05-31 15:42:16.231   286   286 I zygote  : option[37]=-Ximage-compiler-option
05-31 15:42:16.231   286   286 I zygote  : option[38]=--instruction-set-features=default
05-31 15:42:16.232   286   286 I zygote  : option[39]=-Ximage-compiler-option
05-31 15:42:16.232   286   286 I zygote  : option[40]=--generate-mini-debug-info
05-31 15:42:16.232   286   286 I zygote  : option[41]=-Duser.locale=en-US
05-31 15:42:16.232   286   286 I zygote  : option[42]=-XX:NativeBridge=libndk_translation.so
05-31 15:42:16.232   286   286 I zygote  : option[43]=--cpu-abilist=x86,armeabi-v7a,armeabi
05-31 15:42:16.232   286   286 I zygote  : option[44]=-Xcore-platform-api-policy:just-warn
05-31 15:42:16.232   286   286 I zygote  : option[45]=-Xfingerprint:Android/sdk_phone_x86/generic_x86:11/RSR1.210210.001.A1/7193139:userdebug/dev-keys
05-31 15:42:16.246   430   430 V MediaUtils: physMem: 2076872704
05-31 15:42:16.246   430   430 V MediaUtils: requested limit: 134217728
05-31 15:42:16.246   430   430 I libc    : malloc_limit: Allocation limit enabled, max size 134217728 bytes
05-31 15:42:16.247   430   430 D AudioPowerUsage: AudioPowerUsage
05-31 15:42:16.247   430   430 D AudioAnalytics: AudioAnalytics
05-31 15:42:16.247   430   430 D MediaMetricsService: MediaMetricsService
05-31 15:42:16.253   283   283 I ServiceManager: Waiting for service 'statscompanion' on '/dev/binder'...
05-31 15:42:16.264   286   286 I zygote  : Core platform API reporting enabled, enforcing=false
05-31 15:42:16.223     0     0 I init    : starting service 'vendor.ril-daemon'...
05-31 15:42:16.239     0     0 E init    : Could not start service 'vendor_flash_recovery' as part of class 'main': Cannot find '/vendor/bin/install-recovery.sh': No such file or directory
05-31 15:42:16.247     0     0 I init    : starting service 'media.swcodec'...
05-31 15:42:16.256     0     0 I init    : Command 'class_start main' action=nonencrypted (/system/etc/init/hw/init.rc:954) took 144ms and succeeded
05-31 15:42:16.259     0     0 I init    : starting service 'gatekeeperd'...
05-31 15:42:16.269   383   383 I AudioFlinger: Using default 3000 mSec as standby time.
05-31 15:42:16.273   430   440 I ServiceManager: Waiting for service 'package_native' on '/dev/binder'...
05-31 15:42:16.282   424   424 I installd: installd firing up
05-31 15:42:16.304   383   383 E APM::Serializer: deserialize: Could not parse /odm/etc/audio_policy_configuration.xml document.
05-31 15:42:16.313   383   383 D APM_EngineLoader: Loaded engine from libaudiopolicyenginedefault.so
05-31 15:42:16.313   383   383 E APM::AudioPolicyEngine/Config: parse: Could not parse document /vendor/etc/audio_policy_engine_configuration.xml
05-31 15:42:16.313   383   383 E libxml2 : I/O warning : failed to load external entity "/vendor/etc/audio_policy_engine_configuration.xml"
05-31 15:42:16.313   383   383 W APM::AudioPolicyEngine/Base: loadAudioPolicyEngineConfig: No configuration found, using default matching phone experience.
05-31 15:42:16.314   383   383 E APM::AudioPolicyEngine/Config: parseLegacyVolumeFile: Could not parse document /odm/etc/audio_policy_configuration.xml
05-31 15:42:16.314   383   383 E libxml2 : I/O warning : failed to load external entity "/odm/etc/audio_policy_configuration.xml"
05-31 15:42:16.284     0     0 I init    : starting service 'usbd'...
05-31 15:42:16.318   383   383 W APM::AudioPolicyEngine/Base: loadAudioPolicyEngineConfig: No configuration of AUDIO_STREAM_CALL_ASSISTANT found, using default volume configuration
05-31 15:42:16.322   436   436 I wificond: wificond is starting up...
05-31 15:42:16.333   436   436 I HidlServiceManagement: Registered android.system.wifi.keystore@1.0::IKeystore/default (start delay of 119ms)
05-31 15:42:16.309     0     0 I init    : starting service 'vendor.face-hal-1-0-default'...
05-31 15:42:16.337   425   425 I iorapd  : iorapd (the prefetchening) firing up
05-31 15:42:16.340   427   427 I keystore: found android.hardware.keymaster@4.0::IKeymasterDevice with interface name default and seclevel SOFTWARE
05-31 15:42:16.326     0     0 I init    : starting service 'vendor.fps_hal'...
05-31 15:42:16.335     0     0 I init    : Command 'class_start late_start' action=nonencrypted (/system/etc/init/hw/init.rc:955) took 75ms and succeeded
05-31 15:42:16.338     0     0 I init    : processing action (nonencrypted) from (/system/etc/init/hw/init.rc:953)
05-31 15:42:16.340     0     0 I init    : processing action (llk.enable=1) from (/system/etc/init/llkd.rc:9)
05-31 15:42:16.342   173   173 I hwservicemanager: getTransport: Cannot find entry android.hardware.keymaster@3.0::IKeymasterDevice/default in either framework or device manifest.
05-31 15:42:16.343   383   383 I AudioFlinger: loadHwModule() Loaded primary audio interface, handle 10
05-31 15:42:16.343   383   383 I AudioFlinger: openOutput() this 0xe5ac1660, module 10 Device type:0x2,@:, SamplingRate 44100, Format 0x000001, Channels 0x3, flags 0x2
05-31 15:42:16.347   427   427 W keystore: No secure Keymaster implementation found, but device offers insecure Keymaster HAL. Using as default.
05-31 15:42:16.355   283   283 I ServiceManager: Waiting for service 'statscompanion' on '/dev/binder'...
05-31 15:42:16.376   430   440 I ServiceManager: Waiting for service 'package_native' on '/dev/binder'...
05-31 15:42:16.378   173   173 I hwservicemanager: getTransport: Cannot find entry android.hardware.usb.gadget@1.0::IUsbGadget/default in either framework or device manifest.
05-31 15:42:16.346     0     0 I init    : processing action (khungtask.enable=1) from (/system/etc/init/llkd.rc:18)
05-31 15:42:16.366     0     0 I init    : Service 'usbd' (pid 448) exited with status 0 oneshot service took 0.065000 seconds in background
05-31 15:42:16.373     0     0 I init    : Sending signal 9 to service 'usbd' (pid 448) process group...
05-31 15:42:16.379   448   448 I usbd    : Usb HAL not found
05-31 15:42:16.383   425   425 I iorapd  : Opened existing database at '/data/misc/iorapd/sqlite.db'
05-31 15:42:16.384   383   383 I AudioFlinger: HAL output buffer size 976 frames, normal sink buffer size 976 frames
05-31 15:42:16.399   425   425 W iorapd  : Reconnect to package manager service: 1 times
05-31 15:42:16.401   425   425 I ServiceManager: Waiting for service 'package_native' on '/dev/binder'...
05-31 15:42:16.385     0     0 I libprocessgroup: Successfully killed process cgroup uid 0 pid 448 in 0ms
05-31 15:42:16.404   450   450 I android.hardware.biometrics.face@1.0-service: BiometricsFace HAL is being started.
05-31 15:42:16.405   438   438 I android.hardware.media.omx@1.0-service: mediacodecservice starting
05-31 15:42:16.410   445   445 I gatekeeperd: Starting gatekeeperd...
05-31 15:42:16.411   438   438 W android.hardware.media.omx@1.0-service: Could not read additional policy file '/vendor/etc/seccomp_policy/mediacodec.policy'
05-31 15:42:16.411   438   438 W android.hardware.media.omx@1.0-service: libminijail[438]: failed to get path of fd 4: No such file or directory
05-31 15:42:16.411   438   438 W android.hardware.media.omx@1.0-service: libminijail[438]: allowing syscall: socketcall
05-31 15:42:16.411   438   438 W android.hardware.media.omx@1.0-service: libminijail[438]: allowing syscall: writev
05-31 15:42:16.412   438   438 W android.hardware.media.omx@1.0-service: libminijail[438]: allowing syscall: fcntl64
05-31 15:42:16.412   438   438 W android.hardware.media.omx@1.0-service: libminijail[438]: allowing syscall: clock_gettime
05-31 15:42:16.413   438   438 W android.hardware.media.omx@1.0-service: libminijail[438]: compile_file: <fd>(34): nonexistent syscall 'newfstatat'
05-31 15:42:16.414   383   383 I BufferProvider: found effect "Multichannel Downmix To Stereo" from The Android Open Source Project
05-31 15:42:16.415   291   291 E android.hardware.audio.service.ranchu: device/generic/goldfish/audio/stream_out.cpp:setEventCallback:457 failure: Result::NOT_SUPPORTED
05-31 15:42:16.415   383   383 E AudioFlinger: Failed to add event callback
05-31 15:42:16.415   291   291 E android.hardware.audio.service.ranchu: device/generic/goldfish/audio/primary_device.cpp:getParameters:234 failure: Result::NOT_SUPPORTED
05-31 15:42:16.416   450   450 I HidlServiceManagement: Registered android.hardware.biometrics.face@1.0::IBiometricsFace/default (start delay of 82ms)
05-31 15:42:16.416   450   450 I HidlServiceManagement: Removing namespace from process name android.hardware.biometrics.face@1.0-service.example to face@1.0-service.example.
05-31 15:42:16.416   450   450 I android.hardware.biometrics.face@1.0-service: BiometricsFace HAL has started successfully.
05-31 15:42:16.417   438   438 W android.hardware.media.omx@1.0-service: libminijail[438]: logging seccomp filter failures
05-31 15:42:16.418   453   453 D android.hardware.biometrics.fingerprint@2.1-service: Opening fingerprint hal library...
05-31 15:42:16.419   383   383 V APM_AudioPolicyManager: checkAndSetVolume cannot set volume group 4 volume with force use = 0 for comm
05-31 15:42:16.422   438   438 D GoldfishOMXPlugin: called createOMXPlugin for Goldfish
05-31 15:42:16.422   438   438 D GoldfishOMXPlugin: useAndroidGoldfishComponentInstance 73 found prop ro.kernel.qemu.hwcodec.vpxdec val 2
05-31 15:42:16.423   438   438 D GoldfishOMXPlugin: found and use kComponents[i].name OMX.android.goldfish.vp8.decoder
05-31 15:42:16.423   438   438 D GoldfishOMXPlugin: useAndroidGoldfishComponentInstance 73 found prop ro.kernel.qemu.hwcodec.vpxdec val 2
05-31 15:42:16.423   438   438 D GoldfishOMXPlugin: found and use kComponents[i].name OMX.android.goldfish.vp9.decoder
05-31 15:42:16.423   438   438 D GoldfishOMXPlugin: useAndroidGoldfishComponentInstance 73 found prop ro.kernel.qemu.hwcodec.avcdec val 2
05-31 15:42:16.423   438   438 D GoldfishOMXPlugin: found and use kComponents[i].name OMX.android.goldfish.h264.decoder
05-31 15:42:16.423   438   438 D GoldfishOMXPlugin: enumerate OMX.android.goldfish.vp8.decoder component
05-31 15:42:16.423   438   438 D GoldfishOMXPlugin: enumerate OMX.android.goldfish.vp9.decoder component
05-31 15:42:16.423   383   383 W AudioFlinger: moveEffects() bad srcOutput 0
05-31 15:42:16.423   383   383 V APM_AudioPolicyManager: selectOutputForMusicEffects selected output 13
05-31 15:42:16.423   383   383 V APM_AudioPolicyManager: setOutputDevices device {type:0x2,@:} delayMs 0
05-31 15:42:16.423   383   383 V APM_AudioPolicyManager: setOutputDevices() prevDevice {type:0x2,@:}
05-31 15:42:16.423   438   438 D GoldfishOMXPlugin: enumerate OMX.android.goldfish.h264.decoder component
05-31 15:42:16.423   383   383 V APM_AudioPolicyManager: setOutputDevices changing device to {type:0x2,@:}
05-31 15:42:16.424   383   455 I AudioFlinger: AudioFlinger's thread 0xe814e030 tid=455 ready to run
05-31 15:42:16.425   383   455 W AudioFlinger: no wake lock to update, system not ready yet
05-31 15:42:16.425   383   455 D AudioFlinger: ro.audio.silent is ignored since no output device is set
05-31 15:42:16.426   291   291 E android.hardware.audio.service.ranchu: device/generic/goldfish/audio/stream_out.cpp:getPresentationPosition:487 failure: Result::NOT_SUPPORTED
05-31 15:42:16.428   438   438 I SoftOMXPlugin: createOMXPlugin
05-31 15:42:16.429   438   438 D MediaCodecsXmlParser: parsing /vendor/etc/media_codecs.xml...
05-31 15:42:16.430   453   453 D FingerprintHal: ----------------> fingerprint_open ----------------->
05-31 15:42:16.430   453   453 D FingerprintHal: ----------------> set_notify_callback ----------------->
05-31 15:42:16.430   453   453 D FingerprintHal: fingerprint callback notification set
05-31 15:42:16.434   438   438 D MediaCodecsXmlParser: Ignoring unrecognized tag <MediaCodec> at line 85 of /vendor/etc/media_codecs.xml
05-31 15:42:16.434   438   438 D MediaCodecsXmlParser: Ignoring unrecognized tag <MediaCodec> at line 88 of /vendor/etc/media_codecs.xml
05-31 15:42:16.434   438   438 D MediaCodecsXmlParser: Ignoring unrecognized tag <MediaCodec> at line 91 of /vendor/etc/media_codecs.xml
05-31 15:42:16.435   438   438 D MediaCodecsXmlParser: parsing /vendor/etc/media_codecs_google_audio.xml...
05-31 15:42:16.436   453   453 I HidlServiceManagement: Registered android.hardware.biometrics.fingerprint@2.1::IBiometricsFingerprint/default (start delay of 93ms)
05-31 15:42:16.436   453   453 I HidlServiceManagement: Removing namespace from process name android.hardware.biometrics.fingerprint@2.1-service to fingerprint@2.1-service.
05-31 15:42:16.437   383   455 W AudioFlinger: no wake lock to update, system not ready yet
05-31 15:42:16.437   383   455 D AudioFlinger: ro.audio.silent is ignored since no output device is set
05-31 15:42:16.438   438   438 D MediaCodecsXmlParser: parsing /vendor/etc/media_codecs_google_telephony.xml...
05-31 15:42:16.437   429   429 V MediaUtils: physMem: 2076872704
05-31 15:42:16.439   429   429 V MediaUtils: requested limit: 415374540
05-31 15:42:16.439   429   429 I libc    : malloc_limit: Allocation limit enabled, max size 415374540 bytes
05-31 15:42:16.441   453   457 D FingerprintHal: ----------------> listenerFunction ----------------->
05-31 15:42:16.442   383   383 V APM_AudioPolicyManager: setOutputDevices() AF::createAudioPatch returned 0 patchHandle 12 num_sources 1 num_sinks 1
05-31 15:42:16.442   438   438 D MediaCodecsXmlParser: parsing /vendor/etc/media_codecs_google_video.xml...
05-31 15:42:16.443   383   383 V APM_AudioPolicyManager: checkAndSetVolume cannot set volume group 4 volume with force use = 0 for comm
05-31 15:42:16.444   438   438 D MediaCodecsXmlParser: parsing /vendor/etc/media_codecs_performance.xml...
05-31 15:42:16.444   438   438 D MediaCodecsXmlParser: Cannot find /data/misc/media/media_codecs_profiling_results.xml
05-31 15:42:16.446   383   383 I AudioFlinger: openOutput() this 0xe5ac1660, module 10 Device type:0x10000,@:, SamplingRate 44100, Format 0x000001, Channels 0x3, flags 0
05-31 15:42:16.418     0     0 I init    : processing action (llk.enable=0) from (/system/etc/init/llkd.rc:12)
05-31 15:42:16.448   438   438 I HidlServiceManagement: Registered android.hardware.media.omx@1.0::IOmx/default (start delay of 214ms)
05-31 15:42:16.448   438   438 I HidlServiceManagement: Removing namespace from process name android.hardware.media.omx@1.0-service to omx@1.0-service.
05-31 15:42:16.448   438   438 I android.hardware.media.omx@1.0-service: IOmx HAL service created.
05-31 15:42:16.448   438   438 D MediaCodecsXmlParser: parsing /vendor/etc/media_codecs.xml...
05-31 15:42:16.449   438   438 D MediaCodecsXmlParser: Ignoring unrecognized tag <MediaCodec> at line 85 of /vendor/etc/media_codecs.xml
05-31 15:42:16.449   438   438 D MediaCodecsXmlParser: Ignoring unrecognized tag <MediaCodec> at line 88 of /vendor/etc/media_codecs.xml
05-31 15:42:16.450   438   438 D MediaCodecsXmlParser: Ignoring unrecognized tag <MediaCodec> at line 91 of /vendor/etc/media_codecs.xml
05-31 15:42:16.450   438   438 D MediaCodecsXmlParser: parsing /vendor/etc/media_codecs_google_audio.xml...
05-31 15:42:16.450   438   438 D MediaCodecsXmlParser: parsing /vendor/etc/media_codecs_google_telephony.xml...
05-31 15:42:16.451   438   438 D MediaCodecsXmlParser: parsing /vendor/etc/media_codecs_google_video.xml...
05-31 15:42:16.451   383   383 I AudioFlinger: HAL output buffer size 976 frames, normal sink buffer size 976 frames
05-31 15:42:16.451   291   291 E android.hardware.audio.service.ranchu: device/generic/goldfish/audio/stream_out.cpp:setEventCallback:457 failure: Result::NOT_SUPPORTED
05-31 15:42:16.451   383   383 E AudioFlinger: Failed to add event callback
05-31 15:42:16.451   291   291 E android.hardware.audio.service.ranchu: device/generic/goldfish/audio/primary_device.cpp:getParameters:234 failure: Result::NOT_SUPPORTED
05-31 15:42:16.451   438   438 D MediaCodecsXmlParser: parsing /vendor/etc/media_codecs_performance.xml...
05-31 15:42:16.453   383   383 V APM_AudioPolicyManager: checkAndSetVolume cannot set volume group 4 volume with force use = 0 for comm
05-31 15:42:16.453   438   438 D MediaCodecsXmlParser: Cannot find /data/misc/media/media_codecs_profiling_results.xml
05-31 15:42:16.454   396   459 I adbd    : host-11: read thread spawning
05-31 15:42:16.454   396   396 I adbd    : host-11: already offline
05-31 15:42:16.455   396   396 I adbd    : authentication not required
05-31 15:42:16.456   283   283 I ServiceManager: Waiting for service 'statscompanion' on '/dev/binder'...
05-31 15:42:16.456   429   429 W mediaextractor: Could not read additional policy file '/vendor/etc/seccomp_policy/mediaextractor.policy'
05-31 15:42:16.457   429   429 W mediaextractor: libminijail[429]: failed to get path of fd 4: No such file or directory
05-31 15:42:16.457   429   429 W mediaextractor: libminijail[429]: allowing syscall: socketcall
05-31 15:42:16.457   429   429 W mediaextractor: libminijail[429]: allowing syscall: writev
05-31 15:42:16.457   429   429 W mediaextractor: libminijail[429]: allowing syscall: fcntl64
05-31 15:42:16.457   429   429 W mediaextractor: libminijail[429]: allowing syscall: clock_gettime
05-31 15:42:16.458   383   383 V APM_AudioPolicyManager: selectOutputForMusicEffects selected output 13
05-31 15:42:16.458   383   383 V APM_AudioPolicyManager: setOutputDevices device {type:0x10000,@:} delayMs 0
05-31 15:42:16.458   383   383 V APM_AudioPolicyManager: setOutputDevices() prevDevice {type:0x10000,@:}
05-31 15:42:16.458   383   383 V APM_AudioPolicyManager: setOutputDevices changing device to {type:0x10000,@:}
05-31 15:42:16.462   396   460 I adbd    : host-11: write thread spawning
05-31 15:42:16.463   438   438 I HidlServiceManagement: Registered android.hardware.media.omx@1.0::IOmxStore/default (start delay of 229ms)
05-31 15:42:16.463   438   438 I HidlServiceManagement: Removing namespace from process name android.hardware.media.omx@1.0-service to omx@1.0-service.
05-31 15:42:16.440     0     0 I init    : processing action (khungtask.enable=0) from (/system/etc/init/llkd.rc:21)
05-31 15:42:16.465   383   462 I AudioFlinger: AudioFlinger's thread 0xe80b9030 tid=462 ready to run
05-31 15:42:16.466   383   462 W AudioFlinger: no wake lock to update, system not ready yet
05-31 15:42:16.466   383   462 D AudioFlinger: ro.audio.silent is ignored since no output device is set
05-31 15:42:16.466   291   291 E android.hardware.audio.service.ranchu: device/generic/goldfish/audio/stream_out.cpp:getPresentationPosition:487 failure: Result::NOT_SUPPORTED
05-31 15:42:16.470   429   429 W mediaextractor: libminijail[429]: logging seccomp filter failures
05-31 15:42:16.471   383   462 W AudioFlinger: no wake lock to update, system not ready yet
05-31 15:42:16.471   383   462 D AudioFlinger: ro.audio.silent is ignored since no output device is set
05-31 15:42:16.449     0     0 I init    : processing action (init.svc.media=*) from (/system/etc/init/mediaserver.rc:1)
05-31 15:42:16.474   383   383 V APM_AudioPolicyManager: setOutputDevices() AF::createAudioPatch returned 0 patchHandle 20 num_sources 1 num_sinks 1
05-31 15:42:16.475   383   383 V APM_AudioPolicyManager: checkAndSetVolume cannot set volume group 4 volume with force use = 0 for comm
05-31 15:42:16.475   432   432 I mediaserver: ServiceManager: 0xf1a80ab0
05-31 15:42:16.478   430   440 I ServiceManager: Waiting for service 'package_native' on '/dev/binder'...
05-31 15:42:16.484   432   432 D mediaserver: Time zone APEX ICU file found: /apex/com.android.tzdata/etc/icu/icu_tzdata.dat
05-31 15:42:16.462     0     0 I init    : processing action (llk.enable=true) from (/system/etc/init/llkd.rc:34)
05-31 15:42:16.467     0     0 I init    : starting service 'llkd-1'...
05-31 15:42:16.468     0     0 I         : ip (454) used greatest stack depth: 10952 bytes left
05-31 15:42:16.471     0     0 I init    : Opened file '/dev/kmsg', flags 1
05-31 15:42:16.491   383   466 I AudioFlinger: AudioFlinger's thread 0xe805e030 tid=466 ready to run
05-31 15:42:16.473     0     0 I init    : Opened file '/proc/sysrq-trigger', flags 1
05-31 15:42:16.494   383   466 W AudioFlinger: no wake lock to update, system not ready yet
05-31 15:42:16.481     0     0 I init    : processing action (khungtask.enable=true) from (/system/etc/init/llkd.rc:25)
05-31 15:42:16.496   383   466 W AudioFlinger: no wake lock to update, system not ready yet
05-31 15:42:16.503   425   425 I ServiceManager: Waiting for service 'package_native' on '/dev/binder'...
05-31 15:42:16.486     0     0 I init    : processing action (khungtask.enable=false) from (/system/etc/init/llkd.rc:31)
05-31 15:42:16.490     0     0 I init    : processing action (init.svc.mediadrm=running) from (/vendor/etc/init/android.hardware.drm@1.3-service.widevine.rc:1)
05-31 15:42:16.493     0     0 I IPv6    : ADDRCONF(NETDEV_CHANGE): radio0: link becomes ready
05-31 15:42:16.494     0     0 I IPv6    : ADDRCONF(NETDEV_CHANGE): radio0-peer: link becomes ready
05-31 15:42:16.518   432   432 D mediaserver: I18n APEX ICU file found: /apex/com.android.i18n/etc/icu/icudt66l.dat
05-31 15:42:16.518   383   471 I AudioFlinger: AudioFlinger's thread 0xe805e030 tid=471 ready to run
05-31 15:42:16.521   383   471 W AudioFlinger: no wake lock to update, system not ready yet
05-31 15:42:16.503     0     0 D logd    : logdr: UID=2000 GID=2000 PID=465 n tail=0 logMask=99 pid=0 start=0ns timeout=0ns
05-31 15:42:16.528   434   434 I ServiceManager: Waiting for service 'package_native' on '/dev/binder'...
05-31 15:42:16.530   383   471 W AudioFlinger: no wake lock to update, system not ready yet
05-31 15:42:16.531   470   470 I livelock: started
05-31 15:42:16.531   470   470 W livelock: [khungtaskd] not configurable
05-31 15:42:16.532   470   470 I livelock: ro.config.low_ram=false
05-31 15:42:16.532   470   470 I livelock: ro.llk.sysrq_t=true
05-31 15:42:16.532   470   470 I livelock: ro.llk.enable=true
05-31 15:42:16.532   470   470 I livelock: ro.khungtask.enable=true
05-31 15:42:16.532   470   470 I livelock: ro.llk.mlockall=true
05-31 15:42:16.532   470   470 I livelock: ro.llk.killtest=true
05-31 15:42:16.532   470   470 I livelock: ro.khungtask.timeout=720s
05-31 15:42:16.532   470   470 I livelock: ro.llk.timeout_ms=600.000s
05-31 15:42:16.532   470   470 I livelock: ro.llk.D.timeout_ms=600.000s
05-31 15:42:16.532   470   470 I livelock: ro.llk.Z.timeout_ms=600.000s
05-31 15:42:16.532   470   470 I livelock: ro.llk.stack.timeout_ms=600.000s
05-31 15:42:16.532   470   470 I livelock: ro.llk.check_ms=120.000s
05-31 15:42:16.532   470   470 I livelock: ro.llk.stack=wait_on_page_bit_killable,bit_wait_io,__get_user_pages,cma_alloc
05-31 15:42:16.532   470   470 I livelock: ro.llk.ignorelist.process.stack=apexd,ueventd,init,keystore,lmkd.llkd,llkd
05-31 15:42:16.532   470   470 I livelock: ro.llk.ignorelist.process=[watchdog/3],[watchdogd/0],[watchdog/1],470,watchdogd,[khungtaskd],lmkd,[watchdogd],[kthreadd],[watchdog/2],2,0,1,init,llkd
05-31 15:42:16.532   470   470 I livelock: ro.llk.ignorelist.parent=[kthreadd],2,0,adbd&[setsid]
05-31 15:42:16.532   470   470 I livelock: ro.llk.ignorelist.uid=
05-31 15:42:16.535   383   476 I AudioFlinger: AudioFlinger's thread 0xe805e030 tid=476 ready to run
05-31 15:42:16.536   383   476 W AudioFlinger: no wake lock to update, system not ready yet
05-31 15:42:16.544   383   476 W AudioFlinger: no wake lock to update, system not ready yet
05-31 15:42:16.555   291   331 I r_submix: adev_open(name=audio_hw_if)
05-31 15:42:16.559   291   331 I r_submix: adev_init_check()
05-31 15:42:16.561   283   283 I ServiceManager: Waiting for service 'statscompanion' on '/dev/binder'...
05-31 15:42:16.562   383   383 I AudioFlinger: loadHwModule() Loaded r_submix audio interface, handle 18
05-31 15:42:16.564   291   331 D r_submix: adev_open_input_stream(addr=0)
05-31 15:42:16.565   291   331 D r_submix: submix_audio_device_create_pipe_l(addr=0, idx=9)
05-31 15:42:16.565   291   331 D r_submix:   now using address 0 for route 9
05-31 15:42:16.568   432   432 W BatteryNotifier: batterystats service unavailable!
05-31 15:42:16.573   383   481 I AudioFlinger: AudioFlinger's thread 0xe805e030 tid=481 ready to run
05-31 15:42:16.574   291   331 I r_submix: in_standby()
05-31 15:42:16.574   432   432 W BatteryNotifier: batterystats service unavailable!
05-31 15:42:16.575   383   481 W AudioFlinger: no wake lock to update, system not ready yet
05-31 15:42:16.575   291   334 I r_submix: in_standby()
05-31 15:42:16.580   430   440 I ServiceManager: Waiting for service 'package_native' on '/dev/binder'...
05-31 15:42:16.580   383   481 W AudioFlinger: no wake lock to update, system not ready yet
05-31 15:42:16.581   291   334 D r_submix: adev_close_input_stream()
05-31 15:42:16.581   291   334 D r_submix: submix_audio_device_release_pipe_l(idx=9) addr=0
05-31 15:42:16.581   291   334 D r_submix: submix_audio_device_destroy_pipe_l(): pipe destroyed
05-31 15:42:16.583   383   383 W APM::AudioPolicyEngine: getDevicesForStrategy() unknown strategy: -1
05-31 15:42:16.583   383   383 W APM::AudioPolicyEngine: getDevicesForStrategy() unknown strategy: -1
05-31 15:42:16.584   383   383 I audioserver: Waiting for activity service
05-31 15:42:16.604   425   425 I ServiceManager: Waiting for service 'package_native' on '/dev/binder'...
05-31 15:42:16.604   419   419 I cameraserver: ServiceManager: 0xf56008f0
05-31 15:42:16.607   419   419 I CameraService: CameraService started (pid=419)
05-31 15:42:16.607   419   419 I CameraService: CameraService process starting
05-31 15:42:16.609   419   419 W BatteryNotifier: batterystats service unavailable!
05-31 15:42:16.611   419   419 W BatteryNotifier: batterystats service unavailable!
05-31 15:42:16.618   419   419 I CameraProviderManager: Connecting to new camera provider: internal/0, isRemote? 1
05-31 15:42:16.602     0     0 D logd    : logdr: UID=2000 GID=2000 PID=485 b tail=0 logMask=99 pid=0 start=0ns timeout=0ns
05-31 15:42:16.625   419   419 I CameraProviderManager: Enumerating new camera device: device@3.5/internal/1
05-31 15:42:16.625   295   350 I EmulatedCameraDeviceHwlImpl: Create: Created EmulatedCameraDeviceHwlImpl for camera 1
05-31 15:42:16.626   295   350 I GCH_CameraDevice: Create: Created a camera device for public(1)
05-31 15:42:16.631   434   434 I ServiceManager: Waiting for service 'package_native' on '/dev/binder'...
05-31 15:42:16.631   295   295 W GCH_HalVendorTags: ModifyCharacteristicsKeys: failed to get ANDROID_REQUEST_AVAILABLE_SESSION_KEYS
05-31 15:42:16.632   419   419 E CameraProviderManager: addDynamicDepthTags: Advertised depth exclusive tag but value is not present!
05-31 15:42:16.632   419   419 E CameraProviderManager: DeviceInfo3: Failed appending dynamic depth tags: Invalid argument (-22)
05-31 15:42:16.634   295   295 W GCH_HalVendorTags: ModifyCharacteristicsKeys: failed to get ANDROID_REQUEST_AVAILABLE_SESSION_KEYS
05-31 15:42:16.610     0     0 I init    : starting service 'netmgr'...
05-31 15:42:16.635   295   295 I chatty  : uid=1000(system) provider@2.6-se identical 1 line
05-31 15:42:16.637   295   295 W GCH_HalVendorTags: ModifyCharacteristicsKeys: failed to get ANDROID_REQUEST_AVAILABLE_SESSION_KEYS
05-31 15:42:16.639   419   419 I CameraProviderManager: Camera provider internal/0 ready with 1 camera devices
05-31 15:42:16.640   419   490 I CameraProviderManager: Camera device device@3.5/internal/1 physical device 14 status is now NOT_PRESENT, was NOT_PRESENT
05-31 15:42:16.641   419   490 I CameraService: onDeviceStatusChanged: Status changed for cameraId=1, physicalCameraId=14, newStatus=0
05-31 15:42:16.641   419   490 E CameraService: onDeviceStatusChanged: Physical camera id 1 status change on a non-present ID 14
05-31 15:42:16.641   419   419 I CameraProviderManager: Connecting to new camera provider: legacy/0, isRemote? 1
05-31 15:42:16.647   441   441 I HidlServiceManagement: Registered android.hardware.radio@1.1::IRadio/slot1 (start delay of 403ms)
05-31 15:42:16.648   419   419 I CameraProviderManager: Enumerating new camera device: device@3.3/legacy/0
05-31 15:42:16.652   419   419 E CameraProviderManager: DeviceInfo3: Converted ICameraDevice instance to nullptr
05-31 15:42:16.626     0     0 I init    : Control message: Processed ctl.start for 'netmgr' from pid: 489 (setprop ctl.start netmgr)
05-31 15:42:16.653   419   419 I CameraProviderManager: Camera provider legacy/0 ready with 1 camera devices
05-31 15:42:16.654   419   487 W CameraProviderManager: addProviderLocked: Camera provider HAL with name 'internal/0' already registered
05-31 15:42:16.654   419   487 I CameraService: onDeviceStatusChanged: Status changed for cameraId=1, newStatus=1
05-31 15:42:16.654   419   487 I CameraService: onDeviceStatusChanged: Unknown camera ID 1, a new camera is added
05-31 15:42:16.654   419   419 I CameraService: onDeviceStatusChanged: Status changed for cameraId=1, newStatus=1
05-31 15:42:16.654   419   419 E CameraService: onDeviceStatusChanged: State transition to the same status 0x1 not allowed
05-31 15:42:16.654   419   419 I CameraService: onDeviceStatusChanged: Status changed for cameraId=0, newStatus=1
05-31 15:42:16.654   419   419 I CameraService: onDeviceStatusChanged: Unknown camera ID 0, a new camera is added
05-31 15:42:16.654   419   487 I CameraService: onDeviceStatusChanged: Status changed for cameraId=0, newStatus=1
05-31 15:42:16.655   419   487 E CameraService: onDeviceStatusChanged: State transition to the same status 0x1 not allowed
05-31 15:42:16.655   419   487 W CameraProviderManager: addProviderLocked: Camera provider HAL with name 'legacy/0' already registered
05-31 15:42:16.655   419   419 I cameraserver: Waiting for activity service
05-31 15:42:16.664   283   283 I ServiceManager: Waiting for service 'statscompanion' on '/dev/binder'...
05-31 15:42:16.647     0     0 I br0     : port 1(eth0) entered blocking state
05-31 15:42:16.647     0     0 I init    : starting service 'wifi_forwarder'...
05-31 15:42:16.652     0     0 I init    : Control message: Processed ctl.start for 'wifi_forwarder' from pid: 497 (setprop ctl.start wifi_forwarder)
05-31 15:42:16.655     0     0 I br0     : port 1(eth0) entered disabled state
05-31 15:42:16.668     0     0 I         : device eth0 entered promiscuous mode
05-31 15:42:16.670     0     0 I br0     : port 1(eth0) entered blocking state
05-31 15:42:16.671     0     0 I init    : starting service 'emu_hostapd'...
05-31 15:42:16.673     0     0 I br0     : port 1(eth0) entered forwarding state
05-31 15:42:16.674     0     0 I init    : Control message: Processed ctl.start for 'emu_hostapd' from pid: 502 (setprop ctl.start emu_hostapd)
05-31 15:42:16.682   430   440 I ServiceManager: Waiting for service 'package_native' on '/dev/binder'...
05-31 15:42:16.682   429   429 E MediaExtractorFactory: couldn't opendir(/system/lib/extractors)
05-31 15:42:16.682   429   429 E MediaExtractorFactory: couldn't opendir(/system_ext/lib/extractors)
05-31 15:42:16.700   345   345 D RenderEngine: shader cache generated - 48 shaders in 740.603394 ms
05-31 15:42:16.704   345   345 I HidlServiceManagement: Registered android.frameworks.displayservice@1.0::IDisplayService/default (start delay of 1020ms)
05-31 15:42:16.704   345   345 D SurfaceFlinger: Setting power mode 2 on display 8141603649153536
05-31 15:42:16.708   425   425 I ServiceManager: Waiting for service 'package_native' on '/dev/binder'...
05-31 15:42:16.686     0     0 I init    : starting service 'bootanim'...
05-31 15:42:16.687     0     0 I br0     : port 2(radio0-peer) entered blocking state
05-31 15:42:16.691     0     0 I br0     : port 2(radio0-peer) entered disabled state
05-31 15:42:16.710   345   345 D SurfaceFlinger: Finished setting power mode 2 on display 8141603649153536
05-31 15:42:16.694     0     0 I init    : Control message: Processed ctl.start for 'bootanim' from pid: 345 (/system/bin/surfaceflinger)
05-31 15:42:16.695     0     0 I         : device radio0-peer entered promiscuous mode
05-31 15:42:16.700     0     0 I br0     : port 2(radio0-peer) entered blocking state
05-31 15:42:16.702     0     0 I br0     : port 2(radio0-peer) entered forwarding state
05-31 15:42:16.730   498   498 E wifi_forwarder: qemu_pipe_open_ns:62: Could not connect to the 'pipe:qemud:wififorward' service: Invalid argument
05-31 15:42:16.730   498   498 E wifi_forwarder: RemoteConnection failed to initialize: RemoteConnection failed to open pipe
05-31 15:42:16.733   492   492 E netmgr  : qemu_pipe_open_ns:62: Could not connect to the 'pipe:qemud:network' service: Invalid argument
05-31 15:42:16.733   492   492 E netmgr  : Failed to open QEMU pipe 'qemud:network': Invalid argument
05-31 15:42:16.735   434   434 I ServiceManager: Waiting for service 'package_native' on '/dev/binder'...
05-31 15:42:16.714     0     0 I init    : processing action (vendor.network.bridged=1) from (/vendor/etc/init/hw/init.ranchu.rc:150)
05-31 15:42:16.718     0     0 I init    : starting service 'dhcpclient_rtr'...
05-31 15:42:16.725     0     0 I capability: warning: `hostapd_nohidl' uses 32-bit capabilities (legacy support in use)
05-31 15:42:16.733     0     0 I init    : Service 'ranchu-net' (pid 400) exited with status 0 oneshot service took 0.781000 seconds in background
05-31 15:42:16.736     0     0 I init    : Sending signal 9 to service 'ranchu-net' (pid 400) process group...
05-31 15:42:16.739     0     0 I libprocessgroup: Successfully killed process cgroup uid 0 pid 400 in 0ms
05-31 15:42:16.766   283   283 I ServiceManager: Waiting for service 'statscompanion' on '/dev/binder'...
05-31 15:42:16.770   504   504 I hostapd : rfkill: Cannot get wiphy information
05-31 15:42:16.771   504   504 I hostapd : wlan1: interface state UNINITIALIZED->COUNTRY_UPDATE
05-31 15:42:16.752     0     0 I br0     : port 3(wlan1) entered blocking state
05-31 15:42:16.759     0     0 I br0     : port 3(wlan1) entered disabled state
05-31 15:42:16.761     0     0 I         : device wlan1 entered promiscuous mode
05-31 15:42:16.783   430   440 I ServiceManager: Waiting for service 'package_native' on '/dev/binder'...
05-31 15:42:16.763     0     0 I br0     : port 3(wlan1) entered blocking state
05-31 15:42:16.765     0     0 I br0     : port 3(wlan1) entered forwarding state
05-31 15:42:16.785   444   444 I mediaswcodec: media swcodec service starting
05-31 15:42:16.791   444   444 W mediaswcodec: Could not read additional policy file '/vendor/etc/seccomp_policy/mediaswcodec.policy'
05-31 15:42:16.791   444   444 W mediaswcodec: libminijail[444]: failed to get path of fd 4: No such file or directory
05-31 15:42:16.792   444   444 W mediaswcodec: libminijail[444]: allowing syscall: socketcall
05-31 15:42:16.792   444   444 W mediaswcodec: libminijail[444]: allowing syscall: writev
05-31 15:42:16.792   444   444 W mediaswcodec: libminijail[444]: allowing syscall: fcntl64
05-31 15:42:16.792   444   444 W mediaswcodec: libminijail[444]: allowing syscall: clock_gettime
05-31 15:42:16.793   444   444 W mediaswcodec: libminijail[444]: compile_file: <fd>(34): nonexistent syscall 'newfstatat'
05-31 15:42:16.795   444   444 W mediaswcodec: libminijail[444]: logging seccomp filter failures
05-31 15:42:16.796   444   444 I CodecServiceRegistrant: Creating software Codec2 service...
05-31 15:42:16.801   444   444 D C2Store : Default ION heapmask = -1
05-31 15:42:16.801   444   444 D C2Store : Default ION flags = 0
05-31 15:42:16.801   444   444 D C2Store : Default ION align = 0
05-31 15:42:16.805   444   444 I HidlServiceManagement: Registered android.hardware.media.c2@1.1::IComponentStore/software (start delay of 542ms)
05-31 15:42:16.806   173   173 I hwservicemanager: getTransport: Cannot find entry android.hardware.media.c2@1.0::IComponentStore/default in either framework or device manifest.
05-31 15:42:16.806   444   444 I CodecServiceRegistrant: Preferred Codec2 store is defaulted to "software".
