05-31 15:42:16.806   444   444 I CodecServiceRegistrant: Software Codec2 service created and registered.
05-31 15:42:16.809   425   425 I ServiceManager: Waiting for service 'package_native' on '/dev/binder'...
05-31 15:42:16.838   434   434 I ServiceManager: Waiting for service 'package_native' on '/dev/binder'...
05-31 15:42:16.839   507   507 D BootAnimation: BootAnimationStartTiming start time: 15345ms
05-31 15:42:16.839   507   507 D BootAnimation: BootAnimationPreloadTiming start time: 15345ms
05-31 15:42:16.868   283   283 I ServiceManager: Waiting for service 'statscompanion' on '/dev/binder'...
05-31 15:42:16.884   430   440 I ServiceManager: Waiting for service 'package_native' on '/dev/binder'...
05-31 15:42:16.910   425   425 I ServiceManager: Waiting for service 'package_native' on '/dev/binder'...
05-31 15:42:16.939   434   434 I ServiceManager: Waiting for service 'package_native' on '/dev/binder'...
05-31 15:42:16.944   286   286 D zygote  : Time zone APEX ICU file found: /apex/com.android.tzdata/etc/icu/icu_tzdata.dat
05-31 15:42:16.944   286   286 D zygote  : I18n APEX ICU file found: /apex/com.android.i18n/etc/icu/icudt66l.dat
05-31 15:42:16.968   283   283 I ServiceManager: Waiting for service 'statscompanion' on '/dev/binder'...
05-31 15:42:16.985   430   440 I ServiceManager: Waiting for service 'package_native' on '/dev/binder'...
05-31 15:42:17.005   507   507 D BootAnimation: BootAnimationPreloadStopTiming start time: 15511ms
05-31 15:42:17.010   173   173 I hwservicemanager: getTransport: Cannot find entry android.hardware.graphics.mapper@4.0::IMapper/default in either framework or device manifest.
05-31 15:42:17.010   345   381 I Gralloc4: mapper 4.x is not supported
05-31 15:42:17.013   345   381 D HostConnection: createUnique: call
05-31 15:42:17.014   425   425 I ServiceManager: Waiting for service 'package_native' on '/dev/binder'...
05-31 15:42:17.014   345   381 D HostConnection: HostConnection::get() New Host Connection established 0xf0d00010, tid 381
05-31 15:42:17.014   345   381 D goldfish-address-space: allocate: Ask for block of size 0x100
05-31 15:42:17.014   345   381 D goldfish-address-space: allocate: ioctl allocate returned offset 0x3dfffe000 size 0x2000
05-31 15:42:17.018   507   514 D libEGL  : loaded /vendor/lib/egl/libEGL_emulation.so
05-31 15:42:17.019   507   514 D libEGL  : loaded /vendor/lib/egl/libGLESv1_CM_emulation.so
05-31 15:42:17.021   507   514 D libEGL  : loaded /vendor/lib/egl/libGLESv2_emulation.so
05-31 15:42:17.028   286   286 I zygote  : Using memfd for future sealing
05-31 15:42:17.033   286   286 W zygote  : Unexpected CPU variant for X86 using defaults: x86
05-31 15:42:17.040   434   434 I ServiceManager: Waiting for service 'package_native' on '/dev/binder'...
05-31 15:42:17.041   507   514 D HostConnection: HostConnection::get() New Host Connection established 0xf59001d0, tid 514
05-31 15:42:17.045   507   514 D HostConnection: HostComposition ext ANDROID_EMU_CHECKSUM_HELPER_v1 ANDROID_EMU_native_sync_v2 ANDROID_EMU_native_sync_v3 ANDROID_EMU_native_sync_v4 ANDROID_EMU_dma_v1 ANDROID_EMU_direct_mem ANDROID_EMU_host_composition_v1 ANDROID_EMU_host_composition_v2 ANDROID_EMU_vulkan ANDROID_EMU_deferred_vulkan_commands ANDROID_EMU_vulkan_null_optional_strings ANDROID_EMU_vulkan_create_resources_with_requirements ANDROID_EMU_YUV_Cache ANDROID_EMU_vulkan_ignored_handles ANDROID_EMU_has_shared_slots_host_memory_allocator ANDROID_EMU_vulkan_free_memory_sync ANDROID_EMU_vulkan_shader_float16_int8 ANDROID_EMU_vulkan_async_queue_submit ANDROID_EMU_sync_buffer_data ANDROID_EMU_read_color_buffer_dma GL_OES_vertex_array_object GL_KHR_texture_compression_astc_ldr ANDROID_EMU_host_side_tracing ANDROID_EMU_gles_max_version_2 
05-31 15:42:17.047   173   173 I hwservicemanager: getTransport: Cannot find entry android.hardware.configstore@1.0::ISurfaceFlingerConfigs/default in either framework or device manifest.
05-31 15:42:17.049   173   173 I hwservicemanager: getTransport: Cannot find entry android.hardware.graphics.allocator@4.0::IAllocator/default in either framework or device manifest.
05-31 15:42:17.049   345   381 W Gralloc4: allocator 3.x is not supported
05-31 15:42:17.049   305   346 D goldfish-address-space: claimShared: Ask to claim region [0x3db0b1000 0x3dc164000]
05-31 15:42:17.061   345   381 D HostConnection: HostComposition ext ANDROID_EMU_CHECKSUM_HELPER_v1 ANDROID_EMU_native_sync_v2 ANDROID_EMU_native_sync_v3 ANDROID_EMU_native_sync_v4 ANDROID_EMU_dma_v1 ANDROID_EMU_direct_mem ANDROID_EMU_host_composition_v1 ANDROID_EMU_host_composition_v2 ANDROID_EMU_vulkan ANDROID_EMU_deferred_vulkan_commands ANDROID_EMU_vulkan_null_optional_strings ANDROID_EMU_vulkan_create_resources_with_requirements ANDROID_EMU_YUV_Cache ANDROID_EMU_vulkan_ignored_handles ANDROID_EMU_has_shared_slots_host_memory_allocator ANDROID_EMU_vulkan_free_memory_sync ANDROID_EMU_vulkan_shader_float16_int8 ANDROID_EMU_vulkan_async_queue_submit ANDROID_EMU_sync_buffer_data ANDROID_EMU_read_color_buffer_dma GL_OES_vertex_array_object GL_KHR_texture_compression_astc_ldr ANDROID_EMU_host_side_tracing ANDROID_EMU_gles_max_version_2 
05-31 15:42:17.062   173   173 I hwservicemanager: getTransport: Cannot find entry android.hardware.graphics.mapper@4.0::IMapper/default in either framework or device manifest.
05-31 15:42:17.063   507   514 I Gralloc4: mapper 4.x is not supported
05-31 15:42:17.064   507   514 D HostConnection: createUnique: call
05-31 15:42:17.065   507   514 D HostConnection: HostConnection::get() New Host Connection established 0xf59004e0, tid 514
05-31 15:42:17.066   507   514 D goldfish-address-space: allocate: Ask for block of size 0x100
05-31 15:42:17.066   507   514 D goldfish-address-space: allocate: ioctl allocate returned offset 0x3dfffe000 size 0x2000
05-31 15:42:17.071   283   283 I ServiceManager: Waiting for service 'statscompanion' on '/dev/binder'...
05-31 15:42:17.071   507   514 D HostConnection: HostComposition ext ANDROID_EMU_CHECKSUM_HELPER_v1 ANDROID_EMU_native_sync_v2 ANDROID_EMU_native_sync_v3 ANDROID_EMU_native_sync_v4 ANDROID_EMU_dma_v1 ANDROID_EMU_direct_mem ANDROID_EMU_host_composition_v1 ANDROID_EMU_host_composition_v2 ANDROID_EMU_vulkan ANDROID_EMU_deferred_vulkan_commands ANDROID_EMU_vulkan_null_optional_strings ANDROID_EMU_vulkan_create_resources_with_requirements ANDROID_EMU_YUV_Cache ANDROID_EMU_vulkan_ignored_handles ANDROID_EMU_has_shared_slots_host_memory_allocator ANDROID_EMU_vulkan_free_memory_sync ANDROID_EMU_vulkan_shader_float16_int8 ANDROID_EMU_vulkan_async_queue_submit ANDROID_EMU_sync_buffer_data ANDROID_EMU_read_color_buffer_dma GL_OES_vertex_array_object GL_KHR_texture_compression_astc_ldr ANDROID_EMU_host_side_tracing ANDROID_EMU_gles_max_version_2 
05-31 15:42:17.080   507   514 D EGL_emulation: eglCreateContext: 0xf5900be0: maj 1 min 0 rcv 1
05-31 15:42:17.086   430   440 I ServiceManager: Waiting for service 'package_native' on '/dev/binder'...
05-31 15:42:17.110   396   411 I adbd    : adbd mDNS service _adb._tcp registered: 1
05-31 15:42:17.114   425   425 I ServiceManager: Waiting for service 'package_native' on '/dev/binder'...
05-31 15:42:17.141   434   434 I ServiceManager: Waiting for service 'package_native' on '/dev/binder'...
05-31 15:42:17.172   283   283 I ServiceManager: Waiting for service 'statscompanion' on '/dev/binder'...
05-31 15:42:17.187   430   440 I ServiceManager: Waiting for service 'package_native' on '/dev/binder'...
05-31 15:42:17.188     0     0 I br0     : port 3(wlan1) entered disabled state
05-31 15:42:17.215   425   425 I ServiceManager: Waiting for service 'package_native' on '/dev/binder'...
05-31 15:42:17.242   434   434 I ServiceManager: Waiting for service 'package_native' on '/dev/binder'...
05-31 15:42:17.252   286   286 W zygote  : JNI RegisterNativeMethods: attempt to register 0 native methods for android.media.AudioAttributes
05-31 15:42:17.273   283   283 I ServiceManager: Waiting for service 'statscompanion' on '/dev/binder'...
05-31 15:42:17.288   286   286 D Zygote  : begin preload
05-31 15:42:17.288   286   286 I Zygote  : Calling ZygoteHooks.beginPreload()
05-31 15:42:17.288   430   440 I ServiceManager: Waiting for service 'package_native' on '/dev/binder'...
05-31 15:42:17.316   425   425 I ServiceManager: Waiting for service 'package_native' on '/dev/binder'...
05-31 15:42:17.343   434   434 I ServiceManager: Waiting for service 'package_native' on '/dev/binder'...
05-31 15:42:17.358   286   286 D Zygote32Timing: BeginPreload took to complete: 70ms
05-31 15:42:17.358   286   286 I Zygote  : Preloading classes...
05-31 15:42:17.358   507   514 D EGL_emulation: eglMakeCurrent: 0xf5900be0: ver 1 0 (tinfo 0xf5993970) (first time)
05-31 15:42:17.358   507   514 D EGL_emulation: eglMakeCurrent: 0xf5900be0: ver 1 0 (tinfo 0xf5993970) (first time)
05-31 15:42:17.361   286   286 W Zygote  : Class not found for preloading: android.app.-$$Lambda$ResourcesManager$QJ7UiVk_XS90KuXAsIjIEym1DnM
05-31 15:42:17.374   283   283 I ServiceManager: Waiting for service 'statscompanion' on '/dev/binder'...
05-31 15:42:17.389   430   440 I ServiceManager: Waiting for service 'package_native' on '/dev/binder'...
05-31 15:42:17.396   507   514 D BootAnimation: BootAnimationShownTiming start time: 15902ms
05-31 15:42:17.397   507   520 E BootAnimation: Could not add watch for /data/system: Permission denied
05-31 15:42:17.418   425   425 I ServiceManager: Waiting for service 'package_native' on '/dev/binder'...
05-31 15:42:17.419   345   388 D HostConnection: HostConnection::get() New Host Connection established 0xf0d01660, tid 388
05-31 15:42:17.419   305   346 D goldfish-address-space: claimShared: Ask to claim region [0x3dc164000 0x3dd217000]
05-31 15:42:17.425   345   388 D HostConnection: HostComposition ext ANDROID_EMU_CHECKSUM_HELPER_v1 ANDROID_EMU_native_sync_v2 ANDROID_EMU_native_sync_v3 ANDROID_EMU_native_sync_v4 ANDROID_EMU_dma_v1 ANDROID_EMU_direct_mem ANDROID_EMU_host_composition_v1 ANDROID_EMU_host_composition_v2 ANDROID_EMU_vulkan ANDROID_EMU_deferred_vulkan_commands ANDROID_EMU_vulkan_null_optional_strings ANDROID_EMU_vulkan_create_resources_with_requirements ANDROID_EMU_YUV_Cache ANDROID_EMU_vulkan_ignored_handles ANDROID_EMU_has_shared_slots_host_memory_allocator ANDROID_EMU_vulkan_free_memory_sync ANDROID_EMU_vulkan_shader_float16_int8 ANDROID_EMU_vulkan_async_queue_submit ANDROID_EMU_sync_buffer_data ANDROID_EMU_read_color_buffer_dma GL_OES_vertex_array_object GL_KHR_texture_compression_astc_ldr ANDROID_EMU_host_side_tracing ANDROID_EMU_gles_max_version_2 
05-31 15:42:17.430   345   345 I SurfaceFlinger: Enter boot animation
05-31 15:42:17.431   345   345 E FMQ     : grantorIdx must be less than 3
05-31 15:42:17.431   306   306 E FMQ     : grantorIdx must be less than 3
05-31 15:42:17.436   306   306 D HostConnection: HostComposition ext ANDROID_EMU_CHECKSUM_HELPER_v1 ANDROID_EMU_native_sync_v2 ANDROID_EMU_native_sync_v3 ANDROID_EMU_native_sync_v4 ANDROID_EMU_dma_v1 ANDROID_EMU_direct_mem ANDROID_EMU_host_composition_v1 ANDROID_EMU_host_composition_v2 ANDROID_EMU_vulkan ANDROID_EMU_deferred_vulkan_commands ANDROID_EMU_vulkan_null_optional_strings ANDROID_EMU_vulkan_create_resources_with_requirements ANDROID_EMU_YUV_Cache ANDROID_EMU_vulkan_ignored_handles ANDROID_EMU_has_shared_slots_host_memory_allocator ANDROID_EMU_vulkan_free_memory_sync ANDROID_EMU_vulkan_shader_float16_int8 ANDROID_EMU_vulkan_async_queue_submit ANDROID_EMU_sync_buffer_data ANDROID_EMU_read_color_buffer_dma GL_OES_vertex_array_object GL_KHR_texture_compression_astc_ldr ANDROID_EMU_host_side_tracing ANDROID_EMU_gles_max_version_2 
05-31 15:42:17.436   306   306 E FMQ     : grantorIdx must be less than 3
05-31 15:42:17.437   345   345 E FMQ     : grantorIdx must be less than 3
05-31 15:42:17.454   434   434 I ServiceManager: Waiting for service 'package_native' on '/dev/binder'...
05-31 15:42:17.475   283   283 I ServiceManager: Waiting for service 'statscompanion' on '/dev/binder'...
05-31 15:42:17.490   430   440 I ServiceManager: Waiting for service 'package_native' on '/dev/binder'...
05-31 15:42:17.519   425   425 I ServiceManager: Waiting for service 'package_native' on '/dev/binder'...
05-31 15:42:17.556   434   434 I ServiceManager: Waiting for service 'package_native' on '/dev/binder'...
05-31 15:42:17.577   283   283 I ServiceManager: Waiting for service 'statscompanion' on '/dev/binder'...
05-31 15:42:17.577   286   515 I zygote  : Verified 1359 classes from mainline modules in 459.837ms
05-31 15:42:17.591   430   440 I ServiceManager: Waiting for service 'package_native' on '/dev/binder'...
05-31 15:42:17.621   425   425 I ServiceManager: Waiting for service 'package_native' on '/dev/binder'...
05-31 15:42:17.656   434   434 I ServiceManager: Waiting for service 'package_native' on '/dev/binder'...
05-31 15:42:17.687   283   283 I ServiceManager: Waiting for service 'statscompanion' on '/dev/binder'...
05-31 15:42:17.693   430   440 I ServiceManager: Waiting for service 'package_native' on '/dev/binder'...
05-31 15:42:17.723   425   425 I ServiceManager: Waiting for service 'package_native' on '/dev/binder'...
05-31 15:42:17.757   434   434 I ServiceManager: Waiting for service 'package_native' on '/dev/binder'...
05-31 15:42:17.790   283   283 I ServiceManager: Waiting for service 'statscompanion' on '/dev/binder'...
05-31 15:42:17.795   430   440 I ServiceManager: Waiting for service 'package_native' on '/dev/binder'...
05-31 15:42:17.824   425   425 I ServiceManager: Waiting for service 'package_native' on '/dev/binder'...
05-31 15:42:17.857   434   434 I ServiceManager: Waiting for service 'package_native' on '/dev/binder'...
05-31 15:42:17.891   283   283 I ServiceManager: Waiting for service 'statscompanion' on '/dev/binder'...
05-31 15:42:17.896   430   440 I ServiceManager: Waiting for service 'package_native' on '/dev/binder'...
05-31 15:42:17.925   425   425 I ServiceManager: Waiting for service 'package_native' on '/dev/binder'...
05-31 15:42:17.958   434   434 I ServiceManager: Waiting for service 'package_native' on '/dev/binder'...
05-31 15:42:17.992   283   283 I ServiceManager: Waiting for service 'statscompanion' on '/dev/binder'...
05-31 15:42:17.997   430   440 I ServiceManager: Waiting for service 'package_native' on '/dev/binder'...
05-31 15:42:18.026   425   425 I ServiceManager: Waiting for service 'package_native' on '/dev/binder'...
05-31 15:42:18.059   434   434 I ServiceManager: Waiting for service 'package_native' on '/dev/binder'...
05-31 15:42:18.064   286   286 E ActivityRecognitionHardware: activity_recognition HAL is deprecated. class_init is effectively a no-op
05-31 15:42:18.094   283   283 I ServiceManager: Waiting for service 'statscompanion' on '/dev/binder'...
05-31 15:42:18.097   430   440 I ServiceManager: Waiting for service 'package_native' on '/dev/binder'...
05-31 15:42:18.127   425   425 I ServiceManager: Waiting for service 'package_native' on '/dev/binder'...
05-31 15:42:18.160   434   434 I ServiceManager: Waiting for service 'package_native' on '/dev/binder'...
05-31 15:42:18.197   283   283 I ServiceManager: Waiting for service 'statscompanion' on '/dev/binder'...
05-31 15:42:18.200   430   440 I ServiceManager: Waiting for service 'package_native' on '/dev/binder'...
05-31 15:42:18.230   425   425 I ServiceManager: Waiting for service 'package_native' on '/dev/binder'...
05-31 15:42:18.261   434   434 I ServiceManager: Waiting for service 'package_native' on '/dev/binder'...
05-31 15:42:18.292   286   286 I zygote  : Thread[1,tid=286,Native,Thread*=0xe2102a10,peer=0x13200260,"main"] recursive attempt to load library "libmedia_jni.so"
05-31 15:42:18.293   286   286 I zygote  : Thread[1,tid=286,Native,Thread*=0xe2102a10,peer=0x13200260,"main"] recursive attempt to load library "libmedia_jni.so"
05-31 15:42:18.293   286   286 D MtpDeviceJNI: register_android_mtp_MtpDevice
05-31 15:42:18.293   286   286 I zygote  : Thread[1,tid=286,Native,Thread*=0xe2102a10,peer=0x13200260,"main"] recursive attempt to load library "libmedia_jni.so"
05-31 15:42:18.294   286   286 I zygote  : Thread[1,tid=286,Native,Thread*=0xe2102a10,peer=0x13200260,"main"] recursive attempt to load library "libmedia_jni.so"
05-31 15:42:18.298   283   283 I ServiceManager: Waiting for service 'statscompanion' on '/dev/binder'...
05-31 15:42:18.301   286   286 W Zygote  : Class not found for preloading: android.media.MediaRouter$Static$Client$1
05-31 15:42:18.301   286   286 W Zygote  : Class not found for preloading: android.media.MediaRouter$Static$Client$2
05-31 15:42:18.303   430   440 I ServiceManager: Waiting for service 'package_native' on '/dev/binder'...
05-31 15:42:18.324   286   286 W Zygote  : Class not found for preloading: android.net.shared.Inet4AddressUtils
05-31 15:42:18.324   286   286 W Zygote  : Class not found for preloading: android.net.shared.InetAddressUtils
05-31 15:42:18.330   425   425 I ServiceManager: Waiting for service 'package_native' on '/dev/binder'...
05-31 15:42:18.361   434   434 I ServiceManager: Waiting for service 'package_native' on '/dev/binder'...
05-31 15:42:18.385   286   286 W Zygote  : Class not found for preloading: android.view.-$$Lambda$cZhmLzK8aetUdx4VlP9w5jR7En0
05-31 15:42:18.399   283   283 I ServiceManager: Waiting for service 'statscompanion' on '/dev/binder'...
05-31 15:42:18.402   286   286 W Zygote  : Class not found for preloading: android.view.autofill.-$$Lambda$AutofillManager$AutofillManagerClient$vxNm6RuuD-r5pkiSxNSBBd1w_Qc
05-31 15:42:18.403   286   286 W Zygote  : Class not found for preloading: android.view.contentcapture.-$$Lambda$MainContentCaptureSession$1$JPRO-nNGZpgXrKr4QC_iQiTbQx0
05-31 15:42:18.403   286   286 W Zygote  : Class not found for preloading: android.view.contentcapture.-$$Lambda$MainContentCaptureSession$1$Xhq3WJibbalS1G_W3PRC2m7muhM
05-31 15:42:18.404   286   286 W Zygote  : Class not found for preloading: android.view.contentcapture.MainContentCaptureSession$1
05-31 15:42:18.405   430   440 I ServiceManager: Waiting for service 'package_native' on '/dev/binder'...
05-31 15:42:18.431   425   425 I ServiceManager: Waiting for service 'package_native' on '/dev/binder'...
05-31 15:42:18.462   434   434 I ServiceManager: Waiting for service 'package_native' on '/dev/binder'...
05-31 15:42:18.500   283   283 I ServiceManager: Waiting for service 'statscompanion' on '/dev/binder'...
05-31 15:42:18.506   430   440 I ServiceManager: Waiting for service 'package_native' on '/dev/binder'...
05-31 15:42:18.532   425   425 I ServiceManager: Waiting for service 'package_native' on '/dev/binder'...
05-31 15:42:18.563   434   434 I ServiceManager: Waiting for service 'package_native' on '/dev/binder'...
05-31 15:42:18.603   283   283 I ServiceManager: Waiting for service 'statscompanion' on '/dev/binder'...
05-31 15:42:18.607   430   440 I ServiceManager: Waiting for service 'package_native' on '/dev/binder'...
05-31 15:42:18.634   425   425 I ServiceManager: Waiting for service 'package_native' on '/dev/binder'...
05-31 15:42:18.665   434   434 I ServiceManager: Waiting for service 'package_native' on '/dev/binder'...
05-31 15:42:18.704   283   283 I ServiceManager: Waiting for service 'statscompanion' on '/dev/binder'...
05-31 15:42:18.709   430   440 I ServiceManager: Waiting for service 'package_native' on '/dev/binder'...
05-31 15:42:18.734   425   425 I ServiceManager: Waiting for service 'package_native' on '/dev/binder'...
05-31 15:42:18.766   434   434 I ServiceManager: Waiting for service 'package_native' on '/dev/binder'...
05-31 15:42:18.806   283   283 I ServiceManager: Waiting for service 'statscompanion' on '/dev/binder'...
05-31 15:42:18.810   430   440 I ServiceManager: Waiting for service 'package_native' on '/dev/binder'...
05-31 15:42:18.835   425   425 I ServiceManager: Waiting for service 'package_native' on '/dev/binder'...
05-31 15:42:18.866   434   434 I ServiceManager: Waiting for service 'package_native' on '/dev/binder'...
05-31 15:42:18.906   283   283 I ServiceManager: Waiting for service 'statscompanion' on '/dev/binder'...
05-31 15:42:18.911   430   440 I ServiceManager: Waiting for service 'package_native' on '/dev/binder'...
05-31 15:42:18.937   425   425 I ServiceManager: Waiting for service 'package_native' on '/dev/binder'...
05-31 15:42:18.939   305   346 D goldfish-address-space: claimShared: Ask to claim region [0x3e0000000 0x3e10b3000]
05-31 15:42:18.967   434   434 I ServiceManager: Waiting for service 'package_native' on '/dev/binder'...
05-31 15:42:19.007   283   283 I ServiceManager: Waiting for service 'statscompanion' on '/dev/binder'...
05-31 15:42:19.014   430   440 I ServiceManager: Waiting for service 'package_native' on '/dev/binder'...
05-31 15:42:19.037   425   425 I ServiceManager: Waiting for service 'package_native' on '/dev/binder'...
05-31 15:42:19.074   434   434 I ServiceManager: Waiting for service 'package_native' on '/dev/binder'...
05-31 15:42:19.110   283   283 I ServiceManager: Waiting for service 'statscompanion' on '/dev/binder'...
05-31 15:42:19.117   430   440 I ServiceManager: Waiting for service 'package_native' on '/dev/binder'...
05-31 15:42:19.128   286   286 W Zygote  : Class not found for preloading: com.android.internal.telephony.IccSmsInterfaceManager$2
05-31 15:42:19.141   425   425 I ServiceManager: Waiting for service 'package_native' on '/dev/binder'...
05-31 15:42:19.162   286   286 W Zygote  : Class not found for preloading: com.android.internal.widget.-$$Lambda$gPQuiuEDuOmrh2MixBcV6a5gu5s
05-31 15:42:19.163   286   286 W Zygote  : Class not found for preloading: com.android.internal.widget.LockPatternUtils$2
05-31 15:42:19.177   434   434 I ServiceManager: Waiting for service 'package_native' on '/dev/binder'...
05-31 15:42:19.211   283   283 I ServiceManager: Waiting for service 'statscompanion' on '/dev/binder'...
05-31 15:42:19.218   430   440 I ServiceManager: Waiting for service 'package_native' on '/dev/binder'...
05-31 15:42:19.218   286   286 I Zygote  : ...preloaded 12112 classes in 1860ms.
05-31 15:42:19.218   286   286 I zygote  : VMRuntime.preloadDexCaches starting
05-31 15:42:19.242   286   286 I zygote  : VMRuntime.preloadDexCaches strings total=417993 before=11371 after=11371
05-31 15:42:19.243   286   286 I zygote  : VMRuntime.preloadDexCaches types total=40945 before=11206 after=11380
05-31 15:42:19.243   286   286 I zygote  : VMRuntime.preloadDexCaches fields total=173612 before=14202 after=15086
05-31 15:42:19.243   286   286 I zygote  : VMRuntime.preloadDexCaches methods total=315774 before=18080 after=18080
05-31 15:42:19.243   286   286 I zygote  : VMRuntime.preloadDexCaches finished
05-31 15:42:19.243   286   286 D Zygote32Timing: PreloadClasses took to complete: 1885ms
05-31 15:42:19.244   425   425 I ServiceManager: Waiting for service 'package_native' on '/dev/binder'...
05-31 15:42:19.256   286   286 I zygote  : The ClassLoaderContext is a special shared library.
05-31 15:42:19.257   286   286 D ApplicationLoaders: Created zygote-cached class loader: /system/framework/android.hidl.base-V1.0-java.jar
05-31 15:42:19.268   286   286 I zygote  : The ClassLoaderContext is a special shared library.
05-31 15:42:19.269   286   286 D ApplicationLoaders: Created zygote-cached class loader: /system/framework/android.hidl.manager-V1.0-java.jar
05-31 15:42:19.278   286   286 I zygote  : The ClassLoaderContext is a special shared library.
05-31 15:42:19.279   286   286 D ApplicationLoaders: Created zygote-cached class loader: /system/framework/android.test.base.jar
05-31 15:42:19.279   286   286 D Zygote32Timing: CacheNonBootClasspathClassLoaders took to complete: 36ms
05-31 15:42:19.279   286   286 I Zygote  : Preloading resources...
05-31 15:42:19.283   434   434 I ServiceManager: Waiting for service 'package_native' on '/dev/binder'...
05-31 15:42:19.305   286   286 W Resources: Preloaded drawable resource #0x108028b (android:drawable/dialog_background_material) that varies with configuration!!
05-31 15:42:19.314   283   283 I ServiceManager: Waiting for service 'statscompanion' on '/dev/binder'...
05-31 15:42:19.319   430   440 I ServiceManager: Waiting for service 'package_native' on '/dev/binder'...
05-31 15:42:19.324   286   286 I Zygote  : ...preloaded 64 resources in 45ms.
05-31 15:42:19.327   286   286 I Zygote  : ...preloaded 41 resources in 3ms.
05-31 15:42:19.327   286   286 D Zygote32Timing: PreloadResources took to complete: 48ms
05-31 15:42:19.338   286   286 I Zygote  : Preloading shared libraries...
05-31 15:42:19.345   425   425 I ServiceManager: Waiting for service 'package_native' on '/dev/binder'...
05-31 15:42:19.357   286   286 I Zygote  : Called ZygoteHooks.endPreload()
05-31 15:42:19.357   286   286 I Zygote  : Installed AndroidKeyStoreProvider in 0ms.
05-31 15:42:19.360   286   286 I Zygote  : Warmed up JCA providers in 3ms.
05-31 15:42:19.360   286   286 D Zygote  : end preload
05-31 15:42:19.360   286   286 D Zygote32Timing: ZygotePreload took to complete: 2072ms
05-31 15:42:19.383   434   434 I ServiceManager: Waiting for service 'package_native' on '/dev/binder'...
05-31 15:42:19.386   286   286 I zygote  : Explicit concurrent copying GC freed 123410(5271KB) AllocSpace objects, 5(128KB) LOS objects, 49% free, 4844KB/9688KB, paused 535us total 25.599ms
05-31 15:42:19.408   286   286 I zygote  : Explicit concurrent copying GC freed 4722(199KB) AllocSpace objects, 0(0B) LOS objects, 49% free, 4676KB/9352KB, paused 964us total 18.617ms
05-31 15:42:19.408   286   286 D Zygote32Timing: PostZygoteInitGC took to complete: 49ms
05-31 15:42:19.408   286   286 D Zygote32Timing: ZygoteInit took to complete: 2134ms
05-31 15:42:19.415   283   283 I ServiceManager: Waiting for service 'statscompanion' on '/dev/binder'...
05-31 15:42:19.421   430   440 I ServiceManager: Waiting for service 'package_native' on '/dev/binder'...
05-31 15:42:19.447   425   425 I ServiceManager: Waiting for service 'package_native' on '/dev/binder'...
05-31 15:42:19.475   286   286 D Zygote  : Forked child process 522
05-31 15:42:19.475   286   286 I Zygote  : System server process 522 has been created
05-31 15:42:19.481   286   286 I Zygote  : Accepting command socket connections
05-31 15:42:19.488   522   522 W system_server: Unexpected CPU variant for X86 using defaults: x86
05-31 15:42:19.491   434   434 I ServiceManager: Waiting for service 'package_native' on '/dev/binder'...
05-31 15:42:19.504   396   414 I adbd    : jdwp connection from 522
05-31 15:42:19.524   283   283 I ServiceManager: Waiting for service 'statscompanion' on '/dev/binder'...
05-31 15:42:19.526   430   440 I ServiceManager: Waiting for service 'package_native' on '/dev/binder'...
05-31 15:42:19.558   425   425 I ServiceManager: Waiting for service 'package_native' on '/dev/binder'...
05-31 15:42:19.592   434   434 I ServiceManager: Waiting for service 'package_native' on '/dev/binder'...
05-31 15:42:19.625   283   283 I ServiceManager: Waiting for service 'statscompanion' on '/dev/binder'...
05-31 15:42:19.628   430   440 I ServiceManager: Waiting for service 'package_native' on '/dev/binder'...
05-31 15:42:19.660   425   425 I ServiceManager: Waiting for service 'package_native' on '/dev/binder'...
05-31 15:42:19.694   434   434 I ServiceManager: Waiting for service 'package_native' on '/dev/binder'...
05-31 15:42:19.727   283   283 I ServiceManager: Waiting for service 'statscompanion' on '/dev/binder'...
05-31 15:42:19.730   430   440 I ServiceManager: Waiting for service 'package_native' on '/dev/binder'...
05-31 15:42:19.761   425   425 I ServiceManager: Waiting for service 'package_native' on '/dev/binder'...
05-31 15:42:19.796   434   434 I ServiceManager: Waiting for service 'package_native' on '/dev/binder'...
05-31 15:42:19.829   283   283 I ServiceManager: Waiting for service 'statscompanion' on '/dev/binder'...
05-31 15:42:19.834   430   440 I ServiceManager: Waiting for service 'package_native' on '/dev/binder'...
05-31 15:42:19.860   522   522 I SystemServerTiming: InitBeforeStartServices
05-31 15:42:19.865   425   425 I ServiceManager: Waiting for service 'package_native' on '/dev/binder'...
05-31 15:42:19.867   522   522 I SystemServer: Entered the Android system server!
05-31 15:42:19.898   434   434 I ServiceManager: Waiting for service 'package_native' on '/dev/binder'...
05-31 15:42:19.931   283   283 I ServiceManager: Waiting for service 'statscompanion' on '/dev/binder'...
05-31 15:42:19.936   430   440 I ServiceManager: Waiting for service 'package_native' on '/dev/binder'...
05-31 15:42:19.970   425   425 I ServiceManager: Waiting for service 'package_native' on '/dev/binder'...
05-31 15:42:20.001   434   434 I ServiceManager: Waiting for service 'package_native' on '/dev/binder'...
05-31 15:42:20.033   283   283 I ServiceManager: Waiting for service 'statscompanion' on '/dev/binder'...
05-31 15:42:20.036   430   440 I ServiceManager: Waiting for service 'package_native' on '/dev/binder'...
05-31 15:42:20.074   425   425 I ServiceManager: Waiting for service 'package_native' on '/dev/binder'...
05-31 15:42:20.102   434   434 I ServiceManager: Waiting for service 'package_native' on '/dev/binder'...
05-31 15:42:20.135   283   283 I ServiceManager: Waiting for service 'statscompanion' on '/dev/binder'...
05-31 15:42:20.138   430   440 I ServiceManager: Waiting for service 'package_native' on '/dev/binder'...
05-31 15:42:20.175   425   425 I ServiceManager: Waiting for service 'package_native' on '/dev/binder'...
05-31 15:42:20.206   434   434 I ServiceManager: Waiting for service 'package_native' on '/dev/binder'...
05-31 15:42:20.237   283   283 I ServiceManager: Waiting for service 'statscompanion' on '/dev/binder'...
05-31 15:42:20.241   430   440 I ServiceManager: Waiting for service 'package_native' on '/dev/binder'...
05-31 15:42:20.276   425   425 I ServiceManager: Waiting for service 'package_native' on '/dev/binder'...
05-31 15:42:20.288   522   522 E UsbAlsaJackDetectorJNI: Can't register UsbAlsaJackDetector native methods
05-31 15:42:20.307   434   434 I ServiceManager: Waiting for service 'package_native' on '/dev/binder'...
05-31 15:42:20.340   283   283 W ServiceManager: Service statscompanion didn't start. Returning NULL
05-31 15:42:20.344   430   440 I ServiceManager: Waiting for service 'package_native' on '/dev/binder'...
05-31 15:42:20.346   283   283 I statsd  : Statsd starts to listen to socket.
05-31 15:42:20.353   522   522 I SystemServerInitThreadPool: Creating instance with 4 threads
05-31 15:42:20.353   522   522 D SystemServerTiming: InitBeforeStartServices took to complete: 493ms
05-31 15:42:20.359   522   522 I SystemServerTiming: StartServices
05-31 15:42:20.359   522   522 I SystemServerTiming: startBootstrapServices
05-31 15:42:20.359   522   522 I SystemServerTiming: StartWatchdog
05-31 15:42:20.379   425   425 I ServiceManager: Waiting for service 'package_native' on '/dev/binder'...
05-31 15:42:20.408   522   522 D SystemServerTiming: StartWatchdog took to complete: 49ms
05-31 15:42:20.409   522   522 I SystemServer: Reading configuration...
05-31 15:42:20.409   522   522 I SystemServerTiming: ReadingSystemConfig
05-31 15:42:20.410   434   434 I ServiceManager: Waiting for service 'package_native' on '/dev/binder'...
05-31 15:42:20.411   522   522 D SystemServerTiming: ReadingSystemConfig took to complete: 2ms
05-31 15:42:20.412   522   522 I SystemServerTiming: PlatformCompat
05-31 15:42:20.412   522   547 I SystemServerTimingAsync: InitThreadPoolExec:ReadingSystemConfig
05-31 15:42:20.414   522   547 D SystemServerInitThreadPool: Started executing ReadingSystemConfig
05-31 15:42:20.423   522   547 I SystemConfig: Reading permissions from /system/etc/sysconfig/framework-sysconfig.xml
05-31 15:42:20.429   522   547 I SystemConfig: Reading permissions from /system/etc/sysconfig/hiddenapi-package-whitelist.xml
05-31 15:42:20.430   522   547 I SystemConfig: Reading permissions from /system/etc/sysconfig/preinstalled-packages-platform.xml
05-31 15:42:20.431   522   522 D CompatConfig: Found a config file: /system/etc/compatconfig/framework-platform-compat-config.xml
05-31 15:42:20.434   522   547 I SystemConfig: Reading permissions from /system/etc/permissions/android.test.runner.xml
05-31 15:42:20.435   522   547 I SystemConfig: Reading permissions from /system/etc/permissions/com.android.location.provider.xml
05-31 15:42:20.442   522   522 D CompatConfig: Adding: com.android.server.compat.config.Change@f415206
05-31 15:42:20.443   522   547 I SystemConfig: Reading permissions from /system/etc/permissions/privapp-permissions-platform.xml
05-31 15:42:20.448   430   440 I ServiceManager: Waiting for service 'package_native' on '/dev/binder'...
05-31 15:42:20.450   522   547 I SystemConfig: Reading permissions from /system/etc/permissions/com.android.documentsui.xml
05-31 15:42:20.450   522   522 D CompatConfig: Adding: com.android.server.compat.config.Change@55d8e1d
05-31 15:42:20.451   522   522 D CompatConfig: Adding: com.android.server.compat.config.Change@1908892
05-31 15:42:20.452   522   547 I SystemConfig: Reading permissions from /system/etc/permissions/com.android.media.remotedisplay.xml
05-31 15:42:20.452   522   522 D CompatConfig: Adding: com.android.server.compat.config.Change@aafee60
05-31 15:42:20.453   522   547 I SystemConfig: Reading permissions from /system/etc/permissions/com.android.timezone.updater.xml
05-31 15:42:20.454   522   522 D CompatConfig: Adding: com.android.server.compat.config.Change@42a9bde
05-31 15:42:20.456   522   522 D CompatConfig: Adding: com.android.server.compat.config.Change@d5631bf
05-31 15:42:20.459   522   522 D CompatConfig: Adding: com.android.server.compat.config.Change@995908c
05-31 15:42:20.460   522   547 I SystemConfig: Reading permissions from /system/etc/permissions/javax.obex.xml
05-31 15:42:20.463   522   522 D CompatConfig: Adding: com.android.server.compat.config.Change@bc097ea
05-31 15:42:20.463   522   547 I SystemConfig: Reading permissions from /system/etc/permissions/android.software.live_wallpaper.xml
05-31 15:42:20.465   522   522 D CompatConfig: Adding: com.android.server.compat.config.Change@7512978
05-31 15:42:20.465   522   547 I SystemConfig: Reading permissions from /system/etc/permissions/android.test.base.xml
05-31 15:42:20.466   522   522 D CompatConfig: Adding: com.android.server.compat.config.Change@50848b6
05-31 15:42:20.467   522   547 I SystemConfig: Reading permissions from /system/etc/permissions/com.android.future.usb.accessory.xml
05-31 15:42:20.468   522   522 D CompatConfig: Adding: com.android.server.compat.config.Change@f2b6524
05-31 15:42:20.469   522   522 D CompatConfig: Adding: com.android.server.compat.config.Change@c23388d
05-31 15:42:20.469   522   547 I SystemConfig: Reading permissions from /system/etc/permissions/com.android.mediadrm.signer.xml
05-31 15:42:20.470   522   522 D CompatConfig: Adding: com.android.server.compat.config.Change@18d1a53
05-31 15:42:20.470   522   547 I SystemConfig: Reading permissions from /system/etc/permissions/android.test.mock.xml
05-31 15:42:20.473   522   522 D CompatConfig: Adding: com.android.server.compat.config.Change@717d089
05-31 15:42:20.474   522   547 I SystemConfig: Reading permissions from /system/etc/permissions/org.apache.http.legacy.xml
05-31 15:42:20.475   522   522 D CompatConfig: Adding: com.android.server.compat.config.Change@8c508af
05-31 15:42:20.480   522   547 I SystemConfig: Reading permissions from /system/etc/permissions/com.android.nfc_extras.xml
05-31 15:42:20.481   425   425 I ServiceManager: Waiting for service 'package_native' on '/dev/binder'...
05-31 15:42:20.481   522   547 I SystemConfig: Reading permissions from /system/etc/permissions/android.software.webview.xml
05-31 15:42:20.483   522   522 D CompatConfig: Adding: com.android.server.compat.config.Change@a26cf9a
05-31 15:42:20.484   522   547 I SystemConfig: Reading permissions from /system/etc/permissions/platform.xml
05-31 15:42:20.485   522   522 D CompatConfig: Adding: com.android.server.compat.config.Change@a1de0a8
05-31 15:42:20.486   522   522 D CompatConfig: Adding: com.android.server.compat.config.Change@31c07c1
05-31 15:42:20.487   522   522 D CompatConfig: Adding: com.android.server.compat.config.Change@d924b66
05-31 15:42:20.488   522   522 D CompatConfig: Adding: com.android.server.compat.config.Change@8c45f54
05-31 15:42:20.488   522   547 I SystemConfig: Reading permissions from /vendor/etc/permissions/android.hardware.wifi.direct.xml
05-31 15:42:20.490   522   522 D CompatConfig: Adding: com.android.server.compat.config.Change@fa05efd
05-31 15:42:20.491   522   547 I SystemConfig: Reading permissions from /vendor/etc/permissions/android.hardware.vulkan.version.xml
05-31 15:42:20.494   522   522 D CompatConfig: Adding: com.android.server.compat.config.Change@be13e43
05-31 15:42:20.494   522   547 I SystemConfig: Reading permissions from /vendor/etc/permissions/android.hardware.bluetooth_le.xml
05-31 15:42:20.497   522   547 I SystemConfig: Reading permissions from /vendor/etc/permissions/android.hardware.camera.concurrent.xml
05-31 15:42:20.498   522   522 D CompatConfig: Adding: com.android.server.compat.config.Change@db5613e
05-31 15:42:20.499   522   547 I SystemConfig: Reading permissions from /vendor/etc/permissions/android.software.vulkan.deqp.level.xml
05-31 15:42:20.500   522   522 D CompatConfig: Found a config file: /system/etc/compatconfig/documents-ui-compat-config.xml
05-31 15:42:20.500   522   547 I SystemConfig: Reading permissions from /vendor/etc/permissions/android.hardware.vulkan.compute.xml
05-31 15:42:20.501   522   547 I SystemConfig: Reading permissions from /vendor/etc/permissions/android.hardware.camera.raw.xml
05-31 15:42:20.502   522   522 D CompatConfig: Adding: com.android.server.compat.config.Change@73a32bb
05-31 15:42:20.503   522   547 I SystemConfig: Reading permissions from /vendor/etc/permissions/android.hardware.fingerprint.xml
05-31 15:42:20.503   522   522 D CompatConfig: Found a config file: /system/etc/compatconfig/libcore-platform-compat-config.xml
05-31 15:42:20.504   522   547 I SystemConfig: Reading permissions from /vendor/etc/permissions/android.hardware.camera.flash-autofocus.xml
05-31 15:42:20.505   522   522 D CompatConfig: Adding: com.android.server.compat.config.Change@acf3f97
05-31 15:42:20.505   522   547 I SystemConfig: Reading permissions from /vendor/etc/permissions/android.hardware.touchscreen.multitouch.jazzhand.xml
05-31 15:42:20.507   522   522 D CompatConfig: Adding: com.android.server.compat.config.Change@aac016d
05-31 15:42:20.508   522   547 I SystemConfig: Reading permissions from /vendor/etc/permissions/android.hardware.camera.full.xml
05-31 15:42:20.509   522   522 D CompatConfig: Adding: com.android.server.compat.config.Change@e3e3e33
05-31 15:42:20.512   434   434 I ServiceManager: Waiting for service 'package_native' on '/dev/binder'...
05-31 15:42:20.514   522   547 I SystemConfig: Reading permissions from /vendor/etc/permissions/android.hardware.wifi.passpoint.xml
05-31 15:42:20.514   522   522 D CompatConfig: Adding: com.android.server.compat.config.Change@f144769
05-31 15:42:20.515   522   547 I SystemConfig: Reading permissions from /vendor/etc/permissions/android.hardware.camera.ar.xml
05-31 15:42:20.516   522   522 D CompatConfig: Found a config file: /system/etc/compatconfig/services-platform-compat-config.xml
05-31 15:42:20.517   522   547 I SystemConfig: Reading permissions from /vendor/etc/permissions/android.hardware.bluetooth.xml
05-31 15:42:20.518   522   522 D CompatConfig: Adding: com.android.server.compat.config.Change@a0f125
05-31 15:42:20.519   522   547 I SystemConfig: Reading permissions from /vendor/etc/permissions/android.hardware.wifi.xml
05-31 15:42:20.520   522   522 D CompatConfig: Adding: com.android.server.compat.config.Change@a5940ab
05-31 15:42:20.520   522   547 I SystemConfig: Reading permissions from /vendor/etc/permissions/android.hardware.camera.front.xml
05-31 15:42:20.521   522   547 I SystemConfig: Reading permissions from /vendor/etc/permissions/android.software.autofill.xml
05-31 15:42:20.521   522   522 D CompatConfig: Adding: com.android.server.compat.config.Change@71b74c6
05-31 15:42:20.522   522   547 I SystemConfig: Reading permissions from /vendor/etc/permissions/android.hardware.vulkan.level.xml
05-31 15:42:20.523   522   522 D CompatConfig: Adding: com.android.server.compat.config.Change@3aa17b4
05-31 15:42:20.524   522   522 D CompatConfig: Adding: com.android.server.compat.config.Change@bdd1fdd
05-31 15:42:20.525   522   547 I SystemConfig: Reading permissions from /vendor/etc/permissions/handheld_core_hardware.xml
05-31 15:42:20.531   522   522 D CompatConfig: Adding: com.android.server.compat.config.Change@a931a23
05-31 15:42:20.532   522   547 I SystemConfig: Reading permissions from /product/etc/sysconfig/google-hiddenapi-package-whitelist.xml
05-31 15:42:20.532   522   522 D CompatConfig: Adding: com.android.server.compat.config.Change@810dcd9
05-31 15:42:20.533   522   547 I SystemConfig: Reading permissions from /product/etc/sysconfig/preinstalled-packages-platform-handheld-product.xml
05-31 15:42:20.535   522   547 I SystemConfig: Reading permissions from /product/etc/sysconfig/google.xml
05-31 15:42:20.535   522   522 D CompatConfig: Adding: com.android.server.compat.config.Change@314a94c
05-31 15:42:20.536   522   547 I SystemConfig: Adding association: com.google.android.as <- com.android.bluetooth
05-31 15:42:20.536   522   547 I SystemConfig: Adding association: com.google.android.as <- com.android.providers.contacts
05-31 15:42:20.536   522   547 I SystemConfig: Adding association: com.google.android.as <- com.android.providers.media
05-31 15:42:20.536   522   547 I SystemConfig: Adding association: com.google.android.as <- com.android.providers.telephony
05-31 15:42:20.536   522   547 I SystemConfig: Adding association: com.google.android.as <- com.android.systemui
05-31 15:42:20.536   522   547 I SystemConfig: Adding association: com.google.android.as <- com.google.android.providers.media.module
05-31 15:42:20.536   522   547 I SystemConfig: Reading permissions from /product/etc/sysconfig/preinstalled-packages-platform-aosp-product.xml
05-31 15:42:20.537   522   522 D CompatConfig: Adding: com.android.server.compat.config.Change@f453eaa
05-31 15:42:20.538   522   547 I SystemConfig: Reading permissions from /product/etc/sysconfig/preinstalled-packages-platform-overlays.xml
05-31 15:42:20.540   522   522 D CompatConfig: Adding: com.android.server.compat.config.Change@a890e38
05-31 15:42:20.540   522   547 I SystemConfig: Reading permissions from /product/etc/permissions/com.android.settings.intelligence.xml
05-31 15:42:20.541   522   522 D CompatConfig: Adding: com.android.server.compat.config.Change@8109b76
05-31 15:42:20.541   522   522 D CompatConfig: Adding: com.android.server.compat.config.Change@1b45577
05-31 15:42:20.542   522   522 D CompatConfig: Adding: com.android.server.compat.config.Change@cdcd5e4
05-31 15:42:20.544   522   547 I SystemConfig: Reading permissions from /product/etc/permissions/privapp-permissions-google-p.xml
05-31 15:42:20.544   522   522 D CompatConfig: Found a config file: /system/system_ext/etc/compatconfig/settings-platform-compat-config.xml
05-31 15:42:20.549   522   522 D CompatConfig: Adding: com.android.server.compat.config.Change@c8ed213
05-31 15:42:20.550   430   440 I ServiceManager: Waiting for service 'package_native' on '/dev/binder'...
05-31 15:42:20.551   522   547 I SystemConfig: Reading permissions from /product/etc/permissions/privapp-permissions-goldfish.xml
05-31 15:42:20.554   522   547 I SystemConfig: Reading permissions from /product/etc/permissions/privapp-permissions-sdk-google.xml
05-31 15:42:20.557   522   547 I SystemConfig: Reading permissions from /product/etc/permissions/split-permissions-google.xml
05-31 15:42:20.560   522   547 I SystemConfig: Reading permissions from /product/etc/permissions/com.android.dialer.xml
05-31 15:42:20.566   522   547 I SystemConfig: Reading permissions from /product/etc/permissions/android.software.verified_boot.xml
05-31 15:42:20.568   522   547 I SystemConfig: Reading permissions from /product/etc/permissions/com.android.contacts.xml
05-31 15:42:20.569   522   547 W SystemConfig: No directory /system_ext/etc/sysconfig, skipping
05-31 15:42:20.571   522   522 I ApexManagerTiming: getActiveApexInfos_noCache
05-31 15:42:20.571   522   547 I SystemConfig: Reading permissions from /system_ext/etc/permissions/androidx.window.sidecar.xml
05-31 15:42:20.578   522   547 I SystemConfig: Reading permissions from /system_ext/etc/permissions/com.android.settings.xml
05-31 15:42:20.585   522   547 I SystemConfig: Reading permissions from /system_ext/etc/permissions/com.android.systemui.xml
05-31 15:42:20.585   425   425 I ServiceManager: Waiting for service 'package_native' on '/dev/binder'...
05-31 15:42:20.586   522   522 D ApexManagerTiming: getActiveApexInfos_noCache took to complete: 15ms
05-31 15:42:20.586   522   522 D CompatConfig: No directory /apex/com.android.resolv/etc/compatconfig, skipping
05-31 15:42:20.586   522   522 D CompatConfig: No directory /apex/com.android.adbd/etc/compatconfig, skipping
05-31 15:42:20.587   522   522 D CompatConfig: No directory /apex/com.android.ipsec/etc/compatconfig, skipping
05-31 15:42:20.587   522   522 D CompatConfig: No directory /apex/com.android.tethering/etc/compatconfig, skipping
05-31 15:42:20.587   522   522 D CompatConfig: No directory /apex/com.android.sdkext/etc/compatconfig, skipping
05-31 15:42:20.587   522   522 D CompatConfig: No directory /apex/com.android.cellbroadcast/etc/compatconfig, skipping
05-31 15:42:20.587   522   522 D CompatConfig: No directory /apex/com.android.os.statsd/etc/compatconfig, skipping
05-31 15:42:20.587   522   522 D CompatConfig: No directory /apex/com.android.media/etc/compatconfig, skipping
05-31 15:42:20.587   522   522 D CompatConfig: No directory /apex/com.android.extservices/etc/compatconfig, skipping
05-31 15:42:20.587   522   522 D CompatConfig: No directory /apex/com.android.i18n/etc/compatconfig, skipping
05-31 15:42:20.587   522   522 D CompatConfig: No directory /apex/com.android.art/etc/compatconfig, skipping
05-31 15:42:20.588   522   547 I SystemConfig: Reading permissions from /system_ext/etc/permissions/com.android.carrierconfig.xml
05-31 15:42:20.589   522   522 D CompatConfig: Found a config file: /apex/com.android.mediaprovider/etc/compatconfig/media-provider-platform-compat-config.xml
05-31 15:42:20.595   522   522 D CompatConfig: No directory /apex/com.android.vndk.v30/etc/compatconfig, skipping
05-31 15:42:20.596   522   522 D CompatConfig: No directory /apex/com.android.apex.cts.shim/etc/compatconfig, skipping
05-31 15:42:20.596   522   522 D CompatConfig: No directory /apex/com.android.conscrypt/etc/compatconfig, skipping
05-31 15:42:20.596   522   522 D CompatConfig: No directory /apex/com.android.runtime/etc/compatconfig, skipping
05-31 15:42:20.596   522   522 D CompatConfig: No directory /apex/com.android.neuralnetworks/etc/compatconfig, skipping
05-31 15:42:20.596   522   522 D CompatConfig: No directory /apex/com.android.wifi/etc/compatconfig, skipping
05-31 15:42:20.596   522   522 D CompatConfig: No directory /apex/com.android.tzdata/etc/compatconfig, skipping
05-31 15:42:20.596   522   522 D CompatConfig: No directory /apex/com.android.permission/etc/compatconfig, skipping
05-31 15:42:20.596   522   522 D CompatConfig: No directory /apex/com.android.media.swcodec/etc/compatconfig, skipping
05-31 15:42:20.597   522   547 I SystemConfig: Reading permissions from /system_ext/etc/permissions/com.android.emulator.radio.config.xml
05-31 15:42:20.602   522   547 I SystemConfig: Reading permissions from /system_ext/etc/permissions/com.google.android.sdksetup.xml
05-31 15:42:20.605   522   547 I SystemConfig: Reading permissions from /system_ext/etc/permissions/com.android.launcher3.xml
05-31 15:42:20.607   522   547 I SystemConfig: Reading permissions from /system_ext/etc/permissions/privapp-permissions-google-se.xml
05-31 15:42:20.613   522   522 D SystemServerTiming: PlatformCompat took to complete: 201ms
05-31 15:42:20.613   522   522 I SystemServerTiming: StartFileIntegrityService
05-31 15:42:20.613   522   522 I SystemServiceManager: Starting com.android.server.security.FileIntegrityService
05-31 15:42:20.614   522   547 I SystemConfig: Reading permissions from /system_ext/etc/permissions/com.android.provision.xml
05-31 15:42:20.614   434   434 I ServiceManager: Waiting for service 'package_native' on '/dev/binder'...
05-31 15:42:20.617   522   547 I SystemConfig: Reading permissions from /system_ext/etc/permissions/com.android.storagemanager.xml
05-31 15:42:20.621   522   547 I SystemConfig: Reading permissions from /system_ext/etc/permissions/com.android.emergency.xml
05-31 15:42:20.630   522   547 I SystemConfig: Reading permissions from /apex/com.android.ipsec/etc/permissions/android.net.ipsec.ike.xml
05-31 15:42:20.635   522   547 D SystemConfig: readAllPermissions took to complete: 218ms
05-31 15:42:20.635   522   547 D SystemServerInitThreadPool: Finished executing ReadingSystemConfig
05-31 15:42:20.635   522   547 D SystemServerTimingAsync: InitThreadPoolExec:ReadingSystemConfig took to complete: 221ms
05-31 15:42:20.650   430   440 I ServiceManager: Waiting for service 'package_native' on '/dev/binder'...
05-31 15:42:20.653   522   522 D SystemServerTiming: StartFileIntegrityService took to complete: 40ms
05-31 15:42:20.653   522   522 I SystemServerTiming: StartInstaller
05-31 15:42:20.653   522   522 I SystemServiceManager: Starting com.android.server.pm.Installer
05-31 15:42:20.656   424   446 D installd: Found quota mount /dev/block/dm-5 at /data
