05-31 12:50:22.486  1710  1758 W PackageParser: Unknown element under <manifest>: attribution at /system/priv-app/PrebuiltGmsCore/PrebuiltGmsCore.apk Binary XML file line #96
05-31 12:50:22.486  1710  1758 W PackageParser: Unknown element under <manifest>: attribution at /system/priv-app/PrebuiltGmsCore/PrebuiltGmsCore.apk Binary XML file line #97
05-31 12:50:22.486  1710  1758 W PackageParser: Unknown element under <manifest>: attribution at /system/priv-app/PrebuiltGmsCore/PrebuiltGmsCore.apk Binary XML file line #98
05-31 12:50:22.486  1710  1758 W PackageParser: Unknown element under <manifest>: attribution at /system/priv-app/PrebuiltGmsCore/PrebuiltGmsCore.apk Binary XML file line #99
05-31 12:50:22.487  1710  1758 W PackageParser: Unknown element under <manifest>: attribution at /system/priv-app/PrebuiltGmsCore/PrebuiltGmsCore.apk Binary XML file line #100
05-31 12:50:22.488  1710  1758 W PackageParser: Unknown element under <manifest>: attribution at /system/priv-app/PrebuiltGmsCore/PrebuiltGmsCore.apk Binary XML file line #101
05-31 12:50:22.488  1710  1758 W PackageParser: Unknown element under <manifest>: attribution at /system/priv-app/PrebuiltGmsCore/PrebuiltGmsCore.apk Binary XML file line #102
05-31 12:50:22.493  1710  1758 W PackageParser: Unknown element under <manifest>: attribution at /system/priv-app/PrebuiltGmsCore/PrebuiltGmsCore.apk Binary XML file line #103
05-31 12:50:22.494  1710  1758 W PackageParser: Unknown element under <manifest>: attribution at /system/priv-app/PrebuiltGmsCore/PrebuiltGmsCore.apk Binary XML file line #104
05-31 12:50:22.497  1710  1758 W PackageParser: Unknown element under <manifest>: attribution at /system/priv-app/PrebuiltGmsCore/PrebuiltGmsCore.apk Binary XML file line #105
05-31 12:50:22.498  1710  1758 W PackageParser: Unknown element under <manifest>: attribution at /system/priv-app/PrebuiltGmsCore/PrebuiltGmsCore.apk Binary XML file line #106
05-31 12:50:22.500  1710  1758 W PackageParser: Unknown element under <manifest>: attribution at /system/priv-app/PrebuiltGmsCore/PrebuiltGmsCore.apk Binary XML file line #107
05-31 12:50:22.505  1710  1758 W PackageParser: Unknown element under <manifest>: attribution at /system/priv-app/PrebuiltGmsCore/PrebuiltGmsCore.apk Binary XML file line #108
05-31 12:50:22.505  1710  1758 W PackageParser: Unknown element under <manifest>: attribution at /system/priv-app/PrebuiltGmsCore/PrebuiltGmsCore.apk Binary XML file line #109
05-31 12:50:22.505  1710  1758 W PackageParser: Unknown element under <manifest>: attribution at /system/priv-app/PrebuiltGmsCore/PrebuiltGmsCore.apk Binary XML file line #110
05-31 12:50:22.505  1710  1758 W PackageParser: Unknown element under <manifest>: attribution at /system/priv-app/PrebuiltGmsCore/PrebuiltGmsCore.apk Binary XML file line #111
05-31 12:50:22.506  1710  1758 W PackageParser: Unknown element under <manifest>: attribution at /system/priv-app/PrebuiltGmsCore/PrebuiltGmsCore.apk Binary XML file line #112
05-31 12:50:22.507  1710  1758 W PackageParser: Unknown element under <manifest>: attribution at /system/priv-app/PrebuiltGmsCore/PrebuiltGmsCore.apk Binary XML file line #113
05-31 12:50:22.507  1710  1758 W PackageParser: Unknown element under <manifest>: attribution at /system/priv-app/PrebuiltGmsCore/PrebuiltGmsCore.apk Binary XML file line #114
05-31 12:50:22.507  1710  1758 W PackageParser: Unknown element under <manifest>: attribution at /system/priv-app/PrebuiltGmsCore/PrebuiltGmsCore.apk Binary XML file line #115
05-31 12:50:22.507  1710  1758 W PackageParser: Unknown element under <manifest>: attribution at /system/priv-app/PrebuiltGmsCore/PrebuiltGmsCore.apk Binary XML file line #116
05-31 12:50:22.507  1710  1758 W PackageParser: Unknown element under <manifest>: attribution at /system/priv-app/PrebuiltGmsCore/PrebuiltGmsCore.apk Binary XML file line #117
05-31 12:50:22.508  1710  1758 W PackageParser: Unknown element under <manifest>: attribution at /system/priv-app/PrebuiltGmsCore/PrebuiltGmsCore.apk Binary XML file line #118
05-31 12:50:22.508  1710  1758 W PackageParser: Unknown element under <manifest>: attribution at /system/priv-app/PrebuiltGmsCore/PrebuiltGmsCore.apk Binary XML file line #119
05-31 12:50:22.508  1710  1758 W PackageParser: Unknown element under <manifest>: attribution at /system/priv-app/PrebuiltGmsCore/PrebuiltGmsCore.apk Binary XML file line #120
05-31 12:50:22.509  1710  1758 W PackageParser: Unknown element under <manifest>: attribution at /system/priv-app/PrebuiltGmsCore/PrebuiltGmsCore.apk Binary XML file line #121
05-31 12:50:22.511  1710  1758 W PackageParser: Unknown element under <manifest>: attribution at /system/priv-app/PrebuiltGmsCore/PrebuiltGmsCore.apk Binary XML file line #122
05-31 12:50:22.511  1710  1758 W PackageParser: Unknown element under <manifest>: attribution at /system/priv-app/PrebuiltGmsCore/PrebuiltGmsCore.apk Binary XML file line #123
05-31 12:50:22.511  1710  1758 W PackageParser: Unknown element under <manifest>: attribution at /system/priv-app/PrebuiltGmsCore/PrebuiltGmsCore.apk Binary XML file line #124
05-31 12:50:22.512  1710  1758 W PackageParser: Unknown element under <manifest>: attribution at /system/priv-app/PrebuiltGmsCore/PrebuiltGmsCore.apk Binary XML file line #125
05-31 12:50:22.512  1710  1758 W PackageParser: Unknown element under <manifest>: attribution at /system/priv-app/PrebuiltGmsCore/PrebuiltGmsCore.apk Binary XML file line #126
05-31 12:50:22.512  1710  1758 W PackageParser: Unknown element under <manifest>: attribution at /system/priv-app/PrebuiltGmsCore/PrebuiltGmsCore.apk Binary XML file line #127
05-31 12:50:22.512  1710  1758 W PackageParser: Unknown element under <manifest>: attribution at /system/priv-app/PrebuiltGmsCore/PrebuiltGmsCore.apk Binary XML file line #128
05-31 12:50:22.512  1710  1758 W PackageParser: Unknown element under <manifest>: attribution at /system/priv-app/PrebuiltGmsCore/PrebuiltGmsCore.apk Binary XML file line #129
05-31 12:50:22.512  1710  1758 W PackageParser: Unknown element under <manifest>: attribution at /system/priv-app/PrebuiltGmsCore/PrebuiltGmsCore.apk Binary XML file line #130
05-31 12:50:22.512  1710  1758 W PackageParser: Unknown element under <manifest>: attribution at /system/priv-app/PrebuiltGmsCore/PrebuiltGmsCore.apk Binary XML file line #131
05-31 12:50:22.512  1710  1758 W PackageParser: Unknown element under <manifest>: attribution at /system/priv-app/PrebuiltGmsCore/PrebuiltGmsCore.apk Binary XML file line #132
05-31 12:50:22.512  1710  1758 W PackageParser: Unknown element under <manifest>: attribution at /system/priv-app/PrebuiltGmsCore/PrebuiltGmsCore.apk Binary XML file line #133
05-31 12:50:22.512  1710  1758 W PackageParser: Unknown element under <manifest>: attribution at /system/priv-app/PrebuiltGmsCore/PrebuiltGmsCore.apk Binary XML file line #134
05-31 12:50:22.512  1710  1758 W PackageParser: Unknown element under <manifest>: attribution at /system/priv-app/PrebuiltGmsCore/PrebuiltGmsCore.apk Binary XML file line #135
05-31 12:50:22.512  1710  1758 W PackageParser: Unknown element under <manifest>: attribution at /system/priv-app/PrebuiltGmsCore/PrebuiltGmsCore.apk Binary XML file line #136
05-31 12:50:22.512  1710  1758 W PackageParser: Unknown element under <manifest>: attribution at /system/priv-app/PrebuiltGmsCore/PrebuiltGmsCore.apk Binary XML file line #137
05-31 12:50:22.512  1710  1758 W PackageParser: Unknown element under <manifest>: attribution at /system/priv-app/PrebuiltGmsCore/PrebuiltGmsCore.apk Binary XML file line #138
05-31 12:50:22.512  1710  1758 W PackageParser: Unknown element under <manifest>: attribution at /system/priv-app/PrebuiltGmsCore/PrebuiltGmsCore.apk Binary XML file line #139
05-31 12:50:22.512  1710  1758 W PackageParser: Unknown element under <manifest>: attribution at /system/priv-app/PrebuiltGmsCore/PrebuiltGmsCore.apk Binary XML file line #140
05-31 12:50:22.527  1710  1758 W PackageParser: Unknown element under <manifest>: queries at /system/priv-app/PrebuiltGmsCore/PrebuiltGmsCore.apk Binary XML file line #544
05-31 12:50:22.572  1710  1756 I PackageParser: Parse times for '/system/priv-app/SetupWizard': parse=98ms, update_cache=30 ms
05-31 12:50:22.613  1710  1710 I PackageManager: /system/priv-app/GoogleSdkSetup changed; collecting certs
05-31 12:50:22.628  1710  1759 W PackageParser: Ignoring duplicate uses-permissions/uses-permissions-sdk-m: android.permission.INSTALL_GRANT_RUNTIME_PERMISSIONS in package: com.android.shell at: Binary XML file line #106
05-31 12:50:22.630  1710  1757 I PackageParser: Parse times for '/system/priv-app/Settings': parse=221ms, update_cache=29 ms
05-31 12:50:22.637  1710  1710 I PackageManager: /system/priv-app/GoogleServicesFramework changed; collecting certs
05-31 12:50:22.692  1710  1710 E PackageManager: Adding duplicate user id: 10014 name=com.google.android.gsf
05-31 12:50:22.695  1710  1710 I PackageManager: /system/priv-app/InputDevices changed; collecting certs
05-31 12:50:22.705  1710  1710 E PackageManager: Adding duplicate shared id: 1000 name=com.android.inputdevices
05-31 12:50:22.709  1710  1710 I PackageManager: /system/priv-app/MediaProvider changed; collecting certs
05-31 12:50:22.716  1710  1710 E PackageManager: Adding duplicate user id: 10012 name=com.android.providers.media
05-31 12:50:22.721  1710  1710 I PackageManager: /system/priv-app/ManagedProvisioning changed; collecting certs
05-31 12:50:22.743  1710  1710 I PackageManager: /system/priv-app/MmsService changed; collecting certs
05-31 12:50:22.753  1710  1710 E PackageManager: Adding duplicate shared id: 1001 name=com.android.mms.service
05-31 12:50:22.769  1710  1710 I PackageManager: /system/priv-app/MtpDocumentsProvider changed; collecting certs
05-31 12:50:22.786  1710  1758 I PackageParser: Parse times for '/system/priv-app/PrebuiltGmsCore': parse=284ms, update_cache=170 ms
05-31 12:50:22.791  1710  1710 E PackageManager: Adding duplicate user id: 10012 name=com.android.mtp
05-31 12:50:22.803  1710  1759 W PackageParser: Ignoring duplicate uses-permissions/uses-permissions-sdk-m: android.permission.CONFIGURE_WIFI_DISPLAY in package: com.android.systemui at: Binary XML file line #124
05-31 12:50:22.805  1710  1710 I PackageManager: /system/priv-app/ProxyHandler changed; collecting certs
05-31 12:50:22.822  1710  1710 I PackageManager: /system/priv-app/NexusLauncherPrebuilt changed; collecting certs
05-31 12:50:22.833  1710  1756 I PackageParser: Parse times for '/system/priv-app/TeleService': parse=93ms, update_cache=18 ms
05-31 12:50:22.845  1710  1759 I PackageParser: Parse times for '/system/priv-app/SystemUIGoogle': parse=115ms, update_cache=20 ms
05-31 12:50:22.855  1710  1710 I PackageManager: /system/priv-app/SettingsProvider changed; collecting certs
05-31 12:50:22.872  1710  1710 E PackageManager: Adding duplicate shared id: 1000 name=com.android.providers.settings
05-31 12:50:22.885  1710  1710 I PackageManager: /system/priv-app/SharedStorageBackup changed; collecting certs
05-31 12:50:22.897  1710  1710 I PackageManager: /system/priv-app/SetupWizard changed; collecting certs
05-31 12:50:22.935  1710  1710 I PackageManager: /system/priv-app/Settings changed; collecting certs
05-31 12:50:22.990  1588  1616 E /system/bin/storaged: getService package_native failed
05-31 12:50:22.996  1588  1616 I /system/bin/storaged: storaged: Start
05-31 12:50:23.007  1710  1757 I PackageParser: Parse times for '/system/priv-app/Velvet': parse=171ms, update_cache=29 ms
05-31 12:50:23.120  1710  1710 E PackageManager: Adding duplicate shared id: 1000 name=com.android.settings
05-31 12:50:23.124  1710  1710 I PackageManager: /system/priv-app/Shell changed; collecting certs
05-31 12:50:23.131  1710  1710 E PackageManager: Adding duplicate shared id: 2000 name=com.android.shell
05-31 12:50:23.132  1710  1710 I PackageManager: /system/priv-app/StatementService changed; collecting certs
05-31 12:50:23.135  1710  1710 I PackageManager: /system/priv-app/StorageManager changed; collecting certs
05-31 12:50:23.161  1710  1710 I PackageManager: /system/priv-app/PrebuiltGmsCore changed; collecting certs
05-31 12:50:23.561  1710  1710 E PackageManager: Adding duplicate user id: 10014 name=com.google.android.gms
05-31 12:50:23.570  1710  1710 I PackageManager: /system/priv-app/Telecom changed; collecting certs
05-31 12:50:23.592  1710  1710 E PackageManager: Adding duplicate shared id: 1000 name=com.android.server.telecom
05-31 12:50:23.601  1710  1710 I PackageManager: /system/priv-app/TeleService changed; collecting certs
05-31 12:50:23.645  1710  1710 E PackageManager: Adding duplicate shared id: 1001 name=com.android.phone
05-31 12:50:23.648  1710  1710 I PackageManager: /system/priv-app/TelephonyProvider changed; collecting certs
05-31 12:50:23.651  1710  1710 E PackageManager: Adding duplicate shared id: 1001 name=com.android.providers.telephony
05-31 12:50:23.656  1710  1710 I PackageManager: /system/priv-app/SystemUIGoogle changed; collecting certs
05-31 12:50:23.723  1710  1710 I PackageManager: New shared user android.uid.systemui: id=10029
05-31 12:50:23.724  1710  1710 E PackageManager: Adding duplicate user id: 10029 name=com.android.systemui
05-31 12:50:23.733  1710  1710 I PackageManager: /system/priv-app/VpnDialogs changed; collecting certs
05-31 12:50:23.737  1710  1710 I PackageManager: /system/priv-app/WallpaperPickerGooglePrebuilt changed; collecting certs
05-31 12:50:23.757  1710  1710 I PackageManager: /system/priv-app/Velvet changed; collecting certs
05-31 12:50:24.277  1710  1710 I PackageManager: /system/app/BasicDreams changed; collecting certs
05-31 12:50:24.293  1710  1710 I PackageManager: /system/app/BookmarkProvider changed; collecting certs
05-31 12:50:24.311  1710  1710 I PackageManager: /system/app/BuiltInPrintService changed; collecting certs
05-31 12:50:24.323  1710  1710 I PackageManager: /system/app/Browser2 changed; collecting certs
05-31 12:50:24.353  1710  1710 I PackageManager: /system/app/ARCoreEmulatorPrebuilt changed; collecting certs
05-31 12:50:24.474  1710  1766 I PackageParser: Parse times for '/system/app/CalendarGooglePrebuilt': parse=157ms, update_cache=22 ms
05-31 12:50:24.541  1710  1767 I PackageParser: Parse times for '/system/app/Chrome': parse=122ms, update_cache=66 ms
05-31 12:50:24.555  1710  1764 W PackageParser: Unknown element under <manifest>: meta-data at /system/app/Drive/Drive.apk Binary XML file line #114
05-31 12:50:24.573  1710  1764 W PackageParser: No actions in intent filter at /system/app/Drive/Drive.apk Binary XML file line #1638
05-31 12:50:24.576  1710  1710 I PackageManager: New shared user com.google.ar.core: id=10037
05-31 12:50:24.576  1710  1710 E PackageManager: Adding duplicate user id: 10037 name=com.google.ar.core
05-31 12:50:24.581  1710  1710 I PackageManager: /system/app/CaptivePortalLogin changed; collecting certs
05-31 12:50:24.587  1710  1710 I PackageManager: /system/app/CertInstaller changed; collecting certs
05-31 12:50:24.598  1710  1764 I PackageParser: Parse times for '/system/app/Drive': parse=126ms, update_cache=23 ms
05-31 12:50:24.602  1710  1710 I PackageManager: /system/app/Camera2 changed; collecting certs
05-31 12:50:24.666  1697  1697 E ipv6proxy: Failed to forward Router Advertisement from eth0 to wlan1: Network is unreachable
05-31 12:50:24.712  1710  1710 I PackageManager: /system/app/CompanionDeviceManager changed; collecting certs
05-31 12:50:24.718  1710  1710 I PackageManager: /system/app/CtsShimPrebuilt changed; collecting certs
05-31 12:50:24.721  1700  1700 I hostapd : wlan1: interface state COUNTRY_UPDATE->HT_SCAN
05-31 12:50:24.738  1710  1710 I PackageManager: /system/app/CustomLocale changed; collecting certs
05-31 12:50:24.748  1710  1710 I PackageManager: /system/app/DownloadProviderUi changed; collecting certs
05-31 12:50:24.758  1710  1765 W ResourceType: Failure getting entry for 0x7f120399 (t=17 e=921) (error -75)
05-31 12:50:24.763  1710  1710 E PackageManager: Adding duplicate user id: 10012 name=com.android.providers.downloads.ui
05-31 12:50:24.765  1710  1710 I PackageManager: /system/app/Development changed; collecting certs
05-31 12:50:24.783  1710  1710 I PackageManager: /system/app/CalendarGooglePrebuilt changed; collecting certs
05-31 12:50:24.957  1710  1710 I PackageManager: New shared user com.google.android.calendar.uid.shared: id=10045
05-31 12:50:24.957  1710  1710 E PackageManager: Adding duplicate user id: 10045 name=com.google.android.calendar
05-31 12:50:24.959  1710  1710 I PackageManager: /system/app/EasterEgg changed; collecting certs
05-31 12:50:24.970  1710  1710 I PackageManager: /system/app/EmulatorSmokeTests changed; collecting certs
05-31 12:50:24.975  1710  1710 I PackageManager: /system/app/ExactCalculator changed; collecting certs
05-31 12:50:24.991  1710  1710 I PackageManager: /system/app/Chrome changed; collecting certs
05-31 12:50:25.033  1710  1767 W PackageParser: Ignoring duplicate uses-permissions/uses-permissions-sdk-m: android.permission.ACCESS_FINE_LOCATION in package: com.google.android.music at: Binary XML file line #99
05-31 12:50:25.049  1710  1764 W PackageParser: Ignoring duplicate uses-permissions/uses-permissions-sdk-m: android.permission.WAKE_LOCK in package: com.google.android.apps.maps at: Binary XML file line #157
05-31 12:50:25.105  1710  1764 I PackageParser: Parse times for '/system/app/Maps': parse=93ms, update_cache=36 ms
05-31 12:50:25.236  1453  1453 I boot-pipe: done populating /dev/random
05-31 12:50:25.792  1710  1710 I PackageManager: /system/app/GoogleExtShared changed; collecting certs
05-31 12:50:25.796  1710  1710 I PackageManager: /system/app/Drive changed; collecting certs
05-31 12:50:26.041  1700  1700 E hostapd : Using interface wlan1 with hwaddr 02:00:00:00:01:00 and ssid "AndroidWifi"
05-31 12:50:26.042  1700  1700 I hostapd : wlan1: interface state HT_SCAN->ENABLED
05-31 12:50:26.042  1700  1700 I hostapd : wlan1: AP-ENABLED 
05-31 12:50:26.077  1710  1710 I PackageManager: /system/app/GoogleContactsSyncAdapter changed; collecting certs
05-31 12:50:26.089  1710  1710 I PackageManager: /system/app/GoogleHindiIME changed; collecting certs
05-31 12:50:26.196  1710  1710 I PackageManager: /system/app/GooglePrintRecommendationService changed; collecting certs
05-31 12:50:26.205  1710  1710 I PackageManager: /system/app/HTMLViewer changed; collecting certs
05-31 12:50:26.211  1710  1710 I PackageManager: /system/app/GoogleTTS changed; collecting certs
05-31 12:50:26.320  1710  1765 I PackageParser: Parse times for '/system/app/Photos': parse=102ms, update_cache=15 ms
05-31 12:50:26.427  1710  1710 I PackageManager: /system/app/GooglePinyinIME changed; collecting certs
05-31 12:50:26.513  1710  1710 I PackageManager: /system/app/KeyChain changed; collecting certs
05-31 12:50:26.524  1710  1710 E PackageManager: Adding duplicate shared id: 1000 name=com.android.keychain
05-31 12:50:26.534  1710  1710 I PackageManager: /system/app/LatinIMEGooglePrebuilt changed; collecting certs
05-31 12:50:26.611  1710  1766 W PackageParser: No actions in intent filter at /system/app/PrebuiltGmail/PrebuiltGmail.apk Binary XML file line #698
05-31 12:50:26.612  1710  1766 W PackageParser: No actions in intent filter at /system/app/PrebuiltGmail/PrebuiltGmail.apk Binary XML file line #1417
05-31 12:50:26.637  1710  1766 I PackageParser: Parse times for '/system/app/PrebuiltGmail': parse=104ms, update_cache=20 ms
05-31 12:50:26.947  1710  1710 I PackageManager: /system/app/LicenseChecker changed; collecting certs
05-31 12:50:26.955  1710  1710 I PackageManager: /system/app/LiveWallpapersPicker changed; collecting certs
05-31 12:50:26.966  1710  1710 I PackageManager: /system/app/Music2 changed; collecting certs
05-31 12:50:27.055  1710  1710 I PackageManager: /system/app/Maps changed; collecting certs
05-31 12:50:27.258  1710  1710 I PackageManager: New shared user com.google.android.apps.maps: id=10062
05-31 12:50:27.258  1710  1710 E PackageManager: Adding duplicate user id: 10062 name=com.google.android.apps.maps
05-31 12:50:27.261  1710  1710 I PackageManager: /system/app/NetSpeed changed; collecting certs
05-31 12:50:27.269  1710  1710 I PackageManager: /system/app/NexusWallpapersStubPrebuilt changed; collecting certs
05-31 12:50:27.466  1710  1710 I PackageManager: /system/app/OpenWnn changed; collecting certs
05-31 12:50:27.484  1710  1710 I PackageManager: /system/app/PacProcessor changed; collecting certs
05-31 12:50:27.494  1710  1710 I PackageManager: /system/app/PartnerBookmarksProvider changed; collecting certs
05-31 12:50:27.502  1710  1710 I PackageManager: /system/app/PrebuiltBugle changed; collecting certs
05-31 12:50:27.595  1710  1710 I PackageManager: /system/app/Photos changed; collecting certs
05-31 12:50:28.066  1710  1710 I PackageManager: /system/app/PrebuiltDeskClockGoogle changed; collecting certs
05-31 12:50:28.097  1710  1710 I PackageManager: /system/app/PrintSpooler changed; collecting certs
05-31 12:50:28.104  1710  1710 I PackageManager: /system/app/PrebuiltGmail changed; collecting certs
05-31 12:50:28.240  1710  1710 I PackageManager: /system/app/Protips changed; collecting certs
05-31 12:50:28.243  1710  1710 I PackageManager: /system/app/UserDictionaryProvider changed; collecting certs
05-31 12:50:28.248  1710  1710 E PackageManager: Adding duplicate user id: 10001 name=com.android.providers.userdictionary
05-31 12:50:28.251  1710  1710 I PackageManager: /system/app/Videos changed; collecting certs
05-31 12:50:28.363  1710  1710 I PackageManager: /system/app/WallpaperBackup changed; collecting certs
05-31 12:50:28.365  1710  1710 E PackageManager: Adding duplicate shared id: 1000 name=com.android.wallpaperbackup
05-31 12:50:28.366  1710  1710 I PackageManager: /system/app/WallpapersBReel changed; collecting certs
05-31 12:50:29.059  1710  1710 I PackageManager: /system/app/WallpapersUsTwo changed; collecting certs
05-31 12:50:29.107  1710  1710 I PackageManager: /system/app/WebViewStub changed; collecting certs
05-31 12:50:29.116  1710  1710 I PackageManager: /system/app/YouTube changed; collecting certs
05-31 12:50:29.646  1710  1710 D PackageManager: No files in app dir /vendor/app
05-31 12:50:29.647  1710  1710 D PackageManager: No files in app dir /oem/app
05-31 12:50:29.647  1710  1710 I PackageManager: Finished scanning system apps. Time: 8169 ms, packageCount: 99 , timePerPackage: 82 , cached: 0
05-31 12:50:29.655  1710  1710 I PackageManager: /data/app/WidgetPreview changed; collecting certs
05-31 12:50:29.665  1710  1710 W PackageManager: Failed to scan /data/app/WidgetPreview: Application package com.android.widgetpreview not found; ignoring.
05-31 12:50:29.665  1710  1710 I PackageManager: /data/app/SoftKeyboard changed; collecting certs
05-31 12:50:29.668  1710  1710 W PackageManager: Failed to scan /data/app/SoftKeyboard: Application package com.example.android.softkeyboard not found; ignoring.
05-31 12:50:29.668  1710  1710 I PackageManager: /data/app/CubeLiveWallpapers changed; collecting certs
05-31 12:50:29.669  1710  1710 W PackageManager: Failed to scan /data/app/CubeLiveWallpapers: Application package com.example.android.livecubes not found; ignoring.
05-31 12:50:29.670  1710  1710 D PackageManager: No files in app dir /data/app-private
05-31 12:50:29.671  1710  1710 I PackageManager: Finished scanning non-system apps. Time: 24 ms, packageCount: 0 , timePerPackage: 0 , cached: 0
05-31 12:50:29.681  1710  1710 I PackageManager: Time to scan packages: 8.203 seconds
05-31 12:50:29.688  1710  1710 W PackageSettings: No potential matches found for Intent { act=android.intent.action.EDIT typ=image/bmp } while setting preferred com.google.android.apps.plus/.editor.PlusEditorActivity
05-31 12:50:29.688  1710  1710 W PackageSettings: No potential matches found for Intent { act=android.intent.action.EDIT typ=image/jpeg } while setting preferred com.google.android.apps.plus/.editor.PlusEditorActivity
05-31 12:50:29.688  1710  1710 W PackageSettings: No potential matches found for Intent { act=android.intent.action.EDIT typ=image/gif } while setting preferred com.google.android.apps.plus/.editor.PlusEditorActivity
05-31 12:50:29.689  1710  1710 W PackageSettings: No potential matches found for Intent { act=android.intent.action.EDIT typ=image/png } while setting preferred com.google.android.apps.plus/.editor.PlusEditorActivity
05-31 12:50:29.689  1710  1710 W PackageSettings: No potential matches found for Intent { act=android.intent.action.EDIT typ=image/webp } while setting preferred com.google.android.apps.plus/.editor.PlusEditorActivity
05-31 12:50:29.689  1710  1710 W PackageSettings: No potential matches found for Intent { act=android.intent.action.EDIT typ=image/x-ms-bmp } while setting preferred com.google.android.apps.plus/.editor.PlusEditorActivity
05-31 12:50:29.689  1710  1710 W PackageSettings: No potential matches found for Intent { act=android.intent.action.EDIT typ=image/vnd.wap.wbmp } while setting preferred com.google.android.apps.plus/.editor.PlusEditorActivity
05-31 12:50:29.689  1710  1710 W PackageSettings: No potential matches found for Intent { act=com.android.camera.action.CROP typ=image/bmp } while setting preferred com.google.android.apps.plus/.editor.PlusCropActivity
05-31 12:50:29.689  1710  1710 W PackageSettings: No potential matches found for Intent { act=com.android.camera.action.CROP typ=image/jpeg } while setting preferred com.google.android.apps.plus/.editor.PlusCropActivity
05-31 12:50:29.689  1710  1710 W PackageSettings: No potential matches found for Intent { act=com.android.camera.action.CROP typ=image/gif } while setting preferred com.google.android.apps.plus/.editor.PlusCropActivity
05-31 12:50:29.689  1710  1710 W PackageSettings: No potential matches found for Intent { act=com.android.camera.action.CROP typ=image/png } while setting preferred com.google.android.apps.plus/.editor.PlusCropActivity
05-31 12:50:29.689  1710  1710 W PackageSettings: No potential matches found for Intent { act=com.android.camera.action.CROP typ=image/webp } while setting preferred com.google.android.apps.plus/.editor.PlusCropActivity
05-31 12:50:29.689  1710  1710 W PackageSettings: No potential matches found for Intent { act=com.android.camera.action.CROP typ=image/x-ms-bmp } while setting preferred com.google.android.apps.plus/.editor.PlusCropActivity
05-31 12:50:29.689  1710  1710 W PackageSettings: No potential matches found for Intent { act=com.android.camera.action.CROP typ=image/vnd.wap.wbmp } while setting preferred com.google.android.apps.plus/.editor.PlusCropActivity
05-31 12:50:29.690  1710  1710 W PackageSettings: No potential matches found for Intent { act=android.intent.action.MAIN cat=[android.intent.category.APP_GALLERY] } while setting preferred com.google.android.apps.photos/.home.HomeActivity
05-31 12:50:29.690  1710  1710 W PackageSettings: No potential matches found for Intent { act=android.intent.action.EDIT typ=application/vnd.openxmlformats-officedocument.spreadsheetml.sheet } while setting preferred com.google.android.apps.docs.editors.sheets/com.google.android.apps.docs.editors.trix.quicksheet.QuickSheetDocumentOpenerActivityAlias
05-31 12:50:29.690  1710  1710 W PackageSettings: No potential matches found for Intent { act=android.intent.action.EDIT typ=application/vnd.ms-excel.sheet.macroenabled.12 } while setting preferred com.google.android.apps.docs.editors.sheets/com.google.android.apps.docs.editors.trix.quicksheet.QuickSheetDocumentOpenerActivityAlias
05-31 12:50:29.690  1710  1710 W PackageSettings: No potential matches found for Intent { act=android.intent.action.EDIT typ=application/vnd.ms-excel } while setting preferred com.google.android.apps.docs.editors.sheets/com.google.android.apps.docs.editors.trix.quicksheet.QuickSheetDocumentOpenerActivityAlias
05-31 12:50:29.690  1710  1710 W PackageSettings: No potential matches found for Intent { act=android.intent.action.EDIT typ=application/vnd.ms-excel.addin.macroenabled.12 } while setting preferred com.google.android.apps.docs.editors.sheets/com.google.android.apps.docs.editors.trix.quicksheet.QuickSheetDocumentOpenerActivityAlias
05-31 12:50:29.690  1710  1710 W PackageSettings: No potential matches found for Intent { act=android.intent.action.EDIT typ=application/vnd.ms-excel.template.macroenabled.12 } while setting preferred com.google.android.apps.docs.editors.sheets/com.google.android.apps.docs.editors.trix.quicksheet.QuickSheetDocumentOpenerActivityAlias
05-31 12:50:29.690  1710  1710 W PackageSettings: No potential matches found for Intent { act=android.intent.action.EDIT typ=application/vnd.openxmlformats-officedocument.spreadsheetml.template } while setting preferred com.google.android.apps.docs.editors.sheets/com.google.android.apps.docs.editors.trix.quicksheet.QuickSheetDocumentOpenerActivityAlias
05-31 12:50:29.690  1710  1710 W PackageSettings: No potential matches found for Intent { act=android.intent.action.EDIT typ=application/x-msexcel } while setting preferred com.google.android.apps.docs.editors.sheets/com.google.android.apps.docs.editors.trix.quicksheet.QuickSheetDocumentOpenerActivityAlias
05-31 12:50:29.690  1710  1710 W PackageSettings: No potential matches found for Intent { act=android.intent.action.EDIT typ=application/vnd.ms-word } while setting preferred com.google.android.apps.docs.editors.docs/com.google.android.apps.docs.editors.kix.quickword.QuickWordDocumentOpenerActivityAlias
05-31 12:50:29.690  1710  1710 W PackageSettings: No potential matches found for Intent { act=android.intent.action.EDIT typ=application/vnd.openxmlformats-officedocument.wordprocessingml.document } while setting preferred com.google.android.apps.docs.editors.docs/com.google.android.apps.docs.editors.kix.quickword.QuickWordDocumentOpenerActivityAlias
05-31 12:50:29.691  1710  1710 W PackageSettings: No potential matches found for Intent { act=android.intent.action.EDIT typ=application/vnd.ms-word.document.macroenabled.12 } while setting preferred com.google.android.apps.docs.editors.docs/com.google.android.apps.docs.editors.kix.quickword.QuickWordDocumentOpenerActivityAlias
05-31 12:50:29.691  1710  1710 W PackageSettings: No potential matches found for Intent { act=android.intent.action.EDIT typ=application/msword } while setting preferred com.google.android.apps.docs.editors.docs/com.google.android.apps.docs.editors.kix.quickword.QuickWordDocumentOpenerActivityAlias
05-31 12:50:29.691  1710  1710 W PackageSettings: No potential matches found for Intent { act=android.intent.action.EDIT typ=application/vnd.ms-word.template.macroenabled.12 } while setting preferred com.google.android.apps.docs.editors.docs/com.google.android.apps.docs.editors.kix.quickword.QuickWordDocumentOpenerActivityAlias
05-31 12:50:29.691  1710  1710 W PackageSettings: No potential matches found for Intent { act=android.intent.action.EDIT typ=application/vnd.openxmlformats-officedocument.wordprocessingml.template } while setting preferred com.google.android.apps.docs.editors.docs/com.google.android.apps.docs.editors.kix.quickword.QuickWordDocumentOpenerActivityAlias
05-31 12:50:29.691  1710  1710 W PackageSettings: No potential matches found for Intent { act=android.intent.action.EDIT typ=application/x-msword } while setting preferred com.google.android.apps.docs.editors.docs/com.google.android.apps.docs.editors.kix.quickword.QuickWordDocumentOpenerActivityAlias
05-31 12:50:29.691  1710  1710 W PackageSettings: No potential matches found for Intent { act=android.intent.action.EDIT typ=application/vnd.openxmlformats-officedocument.presentationml.presentation } while setting preferred com.google.android.apps.docs.editors.slides/com.google.android.apps.docs.editors.kix.quickword.QuickWordDocumentOpenerActivityAlias
05-31 12:50:29.691  1710  1710 W PackageSettings: No potential matches found for Intent { act=android.intent.action.EDIT typ=application/vnd.ms-powerpoint } while setting preferred com.google.android.apps.docs.editors.slides/com.google.android.apps.docs.editors.kix.quickword.QuickWordDocumentOpenerActivityAlias
05-31 12:50:29.691  1710  1710 W PackageSettings: No potential matches found for Intent { act=android.intent.action.EDIT typ=application/vnd.openxmlformats-officedocument.presentationml.template } while setting preferred com.google.android.apps.docs.editors.slides/com.google.android.apps.docs.editors.kix.quickword.QuickWordDocumentOpenerActivityAlias
05-31 12:50:29.692  1710  1710 W PackageSettings: No potential matches found for Intent { act=android.intent.action.EDIT typ=application/vnd.ms-powerpoint.presentation.macroenabled.12 } while setting preferred com.google.android.apps.docs.editors.slides/com.google.android.apps.docs.editors.kix.quickword.QuickWordDocumentOpenerActivityAlias
05-31 12:50:29.692  1710  1710 W PackageSettings: No potential matches found for Intent { act=android.intent.action.EDIT typ=application/vnd.openxmlformats-officedocument.presentationml.slideshow } while setting preferred com.google.android.apps.docs.editors.slides/com.google.android.apps.docs.editors.kix.quickword.QuickWordDocumentOpenerActivityAlias
05-31 12:50:29.692  1710  1710 W PackageSettings: No potential matches found for Intent { act=android.intent.action.EDIT typ=application/vnd.ms-powerpoint.slideshow.macroenabled.12 } while setting preferred com.google.android.apps.docs.editors.slides/com.google.android.apps.docs.editors.kix.quickword.QuickWordDocumentOpenerActivityAlias
05-31 12:50:29.692  1710  1710 W PackageSettings: No potential matches found for Intent { act=android.intent.action.EDIT typ=application/x-mspowerpoint } while setting preferred com.google.android.apps.docs.editors.slides/com.google.android.apps.docs.editors.kix.quickword.QuickWordDocumentOpenerActivityAlias
05-31 12:50:29.693  1710  1710 W PackageManager: Unknown package com.google.android.apps.docs.editors.docs in sysconfig <app-link>
05-31 12:50:29.693  1710  1710 W PackageManager: Unknown package com.google.android.apps.docs.editors.sheets in sysconfig <app-link>
05-31 12:50:29.693  1710  1710 W PackageManager: Unknown package com.google.android.apps.docs.editors.slides in sysconfig <app-link>
05-31 12:50:29.693  1710  1710 W PackageManager: Sysconfig <app-link> package 'com.android.vending' does not handle web links
05-31 12:50:29.693  1710  1710 W PackageManager: Unknown package com.google.android.apps.plus in sysconfig <app-link>
05-31 12:50:29.693  1710  1710 W PackageManager: Unknown package com.android.carrierdefaultapp in sysconfig <app-link>
05-31 12:50:29.693  1710  1710 W PackageManager: Unknown package com.google.android.apps.tycho in sysconfig <app-link>
05-31 12:50:29.693  1710  1710 W PackageManager: Unknown package com.google.android.talk in sysconfig <app-link>
05-31 12:50:29.694  1710  1710 V PackageManager: reconcileAppsData for null u0 0x3 migrateAppData=true
05-31 12:50:29.696  1581  1601 I SELinux : SELinux: Loaded file_contexts
05-31 12:50:29.704  1581  1601 D installd: Applied hard quotas for 10015
05-31 12:50:29.706  1581  1601 W installd: Requested default storage /data/user_de/0/com.google.android.ext.services is not active; migrating from /data/data/com.google.android.ext.services
05-31 12:50:29.714  1581  1601 D installd: Applied hard quotas for 1001
05-31 12:50:29.715  1581  1581 W installd: Requested default storage /data/user_de/0/com.android.providers.telephony is not active; migrating from /data/data/com.android.providers.telephony
05-31 12:50:29.730  1581  1581 D installd: Applied hard quotas for 10050
05-31 12:50:29.731  1581  1581 W installd: Requested default storage /data/user_de/0/com.google.android.ext.shared is not active; migrating from /data/data/com.google.android.ext.shared
05-31 12:50:29.749  1581  1581 D installd: Applied hard quotas for 10007
05-31 12:50:29.751  1581  1781 W installd: Requested default storage /data/user_de/0/com.android.defcontainer is not active; migrating from /data/data/com.android.defcontainer
05-31 12:50:29.757  1581  1581 D installd: Applied hard quotas for 1000
05-31 12:50:29.759  1581  1581 W installd: Requested default storage /data/user_de/0/android is not active; migrating from /data/data/android
05-31 12:50:29.772  1581  1581 W installd: Requested default storage /data/user_de/0/com.android.providers.settings is not active; migrating from /data/data/com.android.providers.settings
05-31 12:50:29.785  1581  1581 W installd: Requested default storage /data/user_de/0/com.android.inputdevices is not active; migrating from /data/data/com.android.inputdevices
05-31 12:50:29.792  1581  1581 D installd: Applied hard quotas for 10020
05-31 12:50:29.807  1581  1581 W installd: Requested default storage /data/user_de/0/com.android.server.telecom is not active; migrating from /data/data/com.android.server.telecom
05-31 12:50:29.811  1581  1781 D installd: Applied hard quotas for 10018
05-31 12:50:29.813  1581  1781 W installd: Requested default storage /data/user_de/0/com.google.android.packageinstaller is not active; migrating from /data/data/com.google.android.packageinstaller
05-31 12:50:29.817  1581  1781 D installd: Applied hard quotas for 10023
05-31 12:50:29.819  1581  1581 W installd: Requested default storage /data/user_de/0/com.android.proxyhandler is not active; migrating from /data/data/com.android.proxyhandler
05-31 12:50:29.830  1581  1581 W installd: Requested default storage /data/user_de/0/com.android.settings is not active; migrating from /data/data/com.android.settings
05-31 12:50:29.837  1581  1781 W installd: Requested default storage /data/user_de/0/com.android.phone is not active; migrating from /data/data/com.android.phone
05-31 12:50:29.848  1581  1581 D installd: Applied hard quotas for 2000
05-31 12:50:29.851  1581  1581 W installd: Requested default storage /data/user_de/0/com.android.shell is not active; migrating from /data/data/com.android.shell
05-31 12:50:29.857  1581  1781 W installd: Requested default storage /data/user_de/0/com.android.location.fused is not active; migrating from /data/data/com.android.location.fused
05-31 12:50:29.862  1581  1781 D installd: Applied hard quotas for 10029
05-31 12:50:29.863  1581  1781 W installd: Requested default storage /data/user_de/0/com.android.systemui is not active; migrating from /data/data/com.android.systemui
05-31 12:50:29.876  1581  1781 D installd: Applied hard quotas for 10058
05-31 12:50:29.880  1710  1710 V PackageManager: reconcileAppsData finished 18 packages
05-31 12:50:29.886  1710  1782 D SystemServerInitThreadPool: Started executing prepareAppData
05-31 12:50:29.889  1581  1581 W installd: Ignoring /data/data/com.android.defcontainer/lib with unexpected GID 0 instead of 10007
05-31 12:50:29.889  1581  1581 W installd: Ignoring /data/data/com.google.android.inputmethod.latin/lib with unexpected GID 0 instead of 10058
05-31 12:50:29.890  1581  1581 W installd: Ignoring /data/user_de/0/com.android.defcontainer/lib with unexpected GID 0 instead of 10007
05-31 12:50:29.891  1710  1782 D SystemServerTimingAsync: AppDataFixup took to complete: 3ms
05-31 12:50:29.967  1710  1710 E PackageManager: There should probably be a verifier, but, none were found
05-31 12:50:29.979  1710  1710 V PackageManager: Ephemeral resolver found; pkg: com.google.android.gms, info:ResolveInfo{95bbdbf com.google.android.gms/.chimera.PersistentBoundBrokerService m=0x108000}
05-31 12:50:29.979  1710  1710 D PackageManager: Set ephemeral resolver: Pair{ComponentInfo{com.google.android.gms/com.google.android.gms.chimera.PersistentBoundBrokerService} android.intent.action.RESOLVE_INSTANT_APP_PACKAGE}
05-31 12:50:29.988  1710  1710 D PackageManager: Ephemeral installer not found with new action; try old one
05-31 12:50:29.988  1710  1710 D PackageManager: Clear ephemeral installer activity
05-31 12:50:30.010  1581  1581 D installd: Applied hard quotas for 10008
05-31 12:50:30.019  1581  1781 D installd: Applied hard quotas for 10078
05-31 12:50:30.027  1581  1781 D installd: Applied hard quotas for 10032
05-31 12:50:30.038  1581  1781 D installd: Applied hard quotas for 10004
05-31 12:50:30.044  1581  1581 D installd: Applied hard quotas for 10012
05-31 12:50:30.050  1710  1710 I zygote  : Explicit concurrent copying GC freed 49801(2MB) AllocSpace objects, 15(592KB) LOS objects, 42% free, 4MB/7MB, paused 3.954ms total 45.034ms
05-31 12:50:30.051  1581  1781 D installd: Applied hard quotas for 10016
05-31 12:50:30.052  1710  1710 D FallbackCategoryProvider: Found 387 fallback categories
05-31 12:50:30.058  1710  1710 D SystemServerTiming: StartPackageManagerService took to complete: 8657ms
05-31 12:50:30.058  1710  1710 I SystemServer: StartOtaDexOptService
05-31 12:50:30.061  1710  1710 D OTADexopt: No upgrade, skipping A/B artifacts check.
05-31 12:50:30.061  1710  1710 D SystemServerTiming: StartOtaDexOptService took to complete: 2ms
05-31 12:50:30.061  1710  1710 I SystemServer: StartUserManagerService
05-31 12:50:30.061  1710  1710 I SystemServiceManager: Starting com.android.server.pm.UserManagerService$LifeCycle
05-31 12:50:30.061  1581  1601 D installd: Applied hard quotas for 10073
05-31 12:50:30.064  1710  1710 D SystemServerTiming: StartUserManagerService took to complete: 3ms
05-31 12:50:30.065  1710  1710 I SystemServer: InitAttributerCache
05-31 12:50:30.067  1710  1710 D SystemServerTiming: InitAttributerCache took to complete: 2ms
05-31 12:50:30.068  1710  1710 I SystemServer: SetSystemProcess
05-31 12:50:30.074  1581  1786 D installd: Applied hard quotas for 10010
05-31 12:50:30.088  1581  1601 D installd: Applied hard quotas for 10011
05-31 12:50:30.094  1454  1454 I lowmemorykiller: ActivityManager connected
05-31 12:50:30.094  1710  1710 D SystemServerTiming: SetSystemProcess took to complete: 26ms
05-31 12:50:30.101  1581  1786 D installd: Applied hard quotas for 10055
05-31 12:50:30.105  1710  1787 I ServiceThread: Enabled StrictMode logging for android.anim looper.
05-31 12:50:30.108  1581  1601 D installd: Applied hard quotas for 10041
05-31 12:50:30.111  1710  1710 I SystemServer: StartOverlayManagerService
05-31 12:50:30.117  1710  1710 D SystemServerTiming: StartOverlayManagerService took to complete: 6ms
05-31 12:50:30.117  1710  1710 I SystemServer: StartDropBoxManager
05-31 12:50:30.118  1710  1710 I SystemServiceManager: Starting com.android.server.DropBoxManagerService
05-31 12:50:30.121  1710  1788 D SystemServerInitThreadPool: Started executing Init OverlayManagerService
05-31 12:50:30.122  1710  1789 D SystemServerInitThreadPool: Started executing StartSensorService
05-31 12:50:30.122  1710  1789 D SensorService: nuSensorService starting...
05-31 12:50:30.123  1710  1710 D SystemServerTiming: StartDropBoxManager took to complete: 6ms
05-31 12:50:30.124  1710  1710 I SystemServer: StartBatteryService
05-31 12:50:30.124  1710  1710 I SystemServiceManager: Starting com.android.server.BatteryService
05-31 12:50:30.130  1710  1789 E SensorService: Reported power 0.000000 not deemed sane, clamping to 0.001000
05-31 12:50:30.139  1581  1581 D installd: Applied hard quotas for 10068
05-31 12:50:30.149  1710  1710 D SystemServerTiming: StartBatteryService took to complete: 23ms
05-31 12:50:30.149  1710  1710 I SystemServer: StartUsageService
05-31 12:50:30.152  1581  1786 D installd: Applied hard quotas for 10005
05-31 12:50:30.153  1710  1789 I SensorService: Generated new HMAC key.
05-31 12:50:30.154  1710  1789 E         : Reporting Mode incorrect: sensor Goldfish Temperature sensor handle=0x00000004 type=13 actual=0 expected=1
05-31 12:50:30.154  1710  1789 E         : Reporting Mode incorrect: sensor Goldfish Humidity sensor handle=0x00000008 type=12 actual=0 expected=1
05-31 12:50:30.157  1710  1710 I SystemServiceManager: Starting com.android.server.usage.UsageStatsService
05-31 12:50:30.158  1710  1736 E BluetoothAdapter: Bluetooth binder is null
05-31 12:50:30.161  1710  1736 E BatteryExternalStatsWorker: no controller energy info supplied for telephony
05-31 12:50:30.170  1710  1736 E KernelUidCpuFreqTimeReader: Failed to read /proc/uid_time_in_state: java.io.FileNotFoundException: /proc/uid_time_in_state (No such file or directory)
05-31 12:50:30.171  1710  1736 E KernelCpuSpeedReader: Failed to read cpu-freq: /sys/devices/system/cpu/cpu0/cpufreq/stats/time_in_state (No such file or directory)
05-31 12:50:30.171  1581  1581 D installd: Applied hard quotas for 10037
05-31 12:50:30.173  1710  1789 D SystemServerTimingAsync: StartSensorService took to complete: 51ms
05-31 12:50:30.174  1710  1789 D SystemServerInitThreadPool: Finished executing StartSensorService
05-31 12:50:30.180  1710  1791 D SensorService: new thread SensorEventAckReceiver
05-31 12:50:30.183  1710  1792 D SensorService: nuSensorService thread starting...
05-31 12:50:30.195  1710  1736 I BatteryStatsImpl: Resetting battery stats: level=100 status=4 dischargeLevel=100 lowAmount=0 highAmount=0
05-31 12:50:30.224  1710  1710 D SystemServerTiming: StartUsageService took to complete: 75ms
05-31 12:50:30.224  1710  1710 I SystemServer: StartWebViewUpdateService
05-31 12:50:30.225  1710  1710 I SystemServiceManager: Starting com.android.server.webkit.WebViewUpdateService
05-31 12:50:30.238  1453  1453 I boot-pipe: done populating /dev/random
05-31 12:50:30.238  1710  1710 D SystemServerTiming: StartWebViewUpdateService took to complete: 14ms
05-31 12:50:30.239  1710  1731 D SystemServerInitThreadPool: Started executing SecondaryZygotePreload
05-31 12:50:30.239  1710  1731 I SystemServer: SecondaryZygotePreload
05-31 12:50:30.241  1710  1736 E KernelUidCpuFreqTimeReader: Failed to read /proc/uid_time_in_state: java.io.FileNotFoundException: /proc/uid_time_in_state (No such file or directory)
05-31 12:50:30.242  1710  1710 I SystemServer: StartKeyAttestationApplicationIdProviderService
05-31 12:50:30.242  1710  1736 E KernelCpuSpeedReader: Failed to read cpu-freq: /sys/devices/system/cpu/cpu0/cpufreq/stats/time_in_state (No such file or directory)
05-31 12:50:30.249  1710  1710 D SystemServerTiming: StartKeyAttestationApplicationIdProviderService took to complete: 7ms
05-31 12:50:30.249  1710  1710 I SystemServer: StartKeyChainSystemService
05-31 12:50:30.250  1710  1710 I SystemServiceManager: Starting com.android.server.security.KeyChainSystemService
05-31 12:50:30.251  1710  1710 D SystemServerTiming: StartKeyChainSystemService took to complete: 2ms
05-31 12:50:30.251  1710  1710 I SystemServer: StartSchedulingPolicyService
05-31 12:50:30.252  1710  1731 I Zygote  : Process: zygote socket zygote opened, supported ABIS: x86
05-31 12:50:30.255  1710  1710 D SystemServerTiming: StartSchedulingPolicyService took to complete: 4ms
05-31 12:50:30.255  1710  1710 I SystemServer: StartTelecomLoaderService
05-31 12:50:30.262  1710  1710 I SystemServiceManager: Starting com.android.server.telecom.TelecomLoaderService
05-31 12:50:30.265  1710  1731 E SystemServer: Unable to preload default resources
05-31 12:50:30.266  1710  1731 D SystemServerTimingAsync: SecondaryZygotePreload took to complete: 27ms
05-31 12:50:30.266  1710  1731 D SystemServerInitThreadPool: Finished executing SecondaryZygotePreload
05-31 12:50:30.269  1710  1710 D SystemServerTiming: StartTelecomLoaderService took to complete: 14ms
05-31 12:50:30.270  1710  1710 I SystemServer: StartTelephonyRegistry
05-31 12:50:30.294  1710  1710 D SystemServerTiming: StartTelephonyRegistry took to complete: 24ms
05-31 12:50:30.295  1710  1710 I SystemServer: StartEntropyMixer
05-31 12:50:30.297  1710  1710 W EntropyMixer: No existing entropy file -- first boot?
05-31 12:50:30.313  1793  1793 W ResourceType: CREATING STRING CACHE OF 23516 bytes
05-31 12:50:30.321  1710  1710 I EntropyMixer: Added HW RNG output to entropy pool
05-31 12:50:30.322  1710  1710 I EntropyMixer: Writing entropy...
05-31 12:50:30.343  1710  1710 D SystemServerTiming: StartEntropyMixer took to complete: 48ms
05-31 12:50:30.344  1710  1710 I SystemServer: StartAccountManagerService
05-31 12:50:30.348  1710  1710 I SystemServiceManager: Starting com.android.server.accounts.AccountManagerService$Lifecycle
05-31 12:50:30.359  1710  1788 D SystemServerInitThreadPool: Finished executing Init OverlayManagerService
05-31 12:50:30.365  1581  1786 D installd: Applied hard quotas for 10059
05-31 12:50:30.374  1710  1710 D SystemServerTiming: StartAccountManagerService took to complete: 30ms
05-31 12:50:30.374  1710  1710 I SystemServer: StartContentService
05-31 12:50:30.376  1710  1710 I SystemServiceManager: Starting com.android.server.content.ContentService$Lifecycle
05-31 12:50:30.382  1710  1710 D SystemServerTiming: StartContentService took to complete: 8ms
05-31 12:50:30.382  1710  1710 I SystemServer: InstallSystemProviders
05-31 12:50:30.393  1581  1786 D installd: Applied hard quotas for 10066
05-31 12:50:30.400  1710  1710 I zygote  : The ClassLoaderContext is a special shared library.
05-31 12:50:30.408  1581  1786 D installd: Applied hard quotas for 10039
05-31 12:50:30.420  1581  1786 D installd: Applied hard quotas for 10003
05-31 12:50:30.429  1581  1581 D installd: Applied hard quotas for 10009
05-31 12:50:30.442  1581  1581 D installd: Applied hard quotas for 10040
05-31 12:50:30.461  1581  1581 D installd: Applied hard quotas for 10053
05-31 12:50:30.482  1581  1581 D installd: Applied hard quotas for 10046
05-31 12:50:30.517  1581  1581 D installd: Applied hard quotas for 10002
05-31 12:50:30.534  1581  1581 D installd: Applied hard quotas for 10070
05-31 12:50:30.540  1581  1581 D installd: Applied hard quotas for 10027
05-31 12:50:30.552  1581  1581 D installd: Applied hard quotas for 10072
05-31 12:50:30.561  1581  1581 D installd: Applied hard quotas for 10000
05-31 12:50:30.568  1581  1786 D installd: Applied hard quotas for 10026
05-31 12:50:30.579  1581  1786 D installd: Applied hard quotas for 10025
05-31 12:50:30.586  1581  1581 D installd: Applied hard quotas for 10061
