05-31 12:50:24.914  1710  2489 W ResourceType: No known package when getting value for resource number 0x7f110428
05-31 12:50:24.914  1710  2489 W ResourceType: No known package when getting value for resource number 0x7f110429
05-31 12:50:24.914  1710  1733 V ActivityManager: Installing ContentProviderInfo{name=com.google.android.gms.fileprovider className=com.google.android.gms.common.app.GmsFileProvider}
05-31 12:50:24.915  1710  1733 V ActivityManager: Installing ContentProviderInfo{name=com.google.android.gms.appstate className=com.google.android.gms.appstate.provider.AppStateContentProvider}
05-31 12:50:24.916  1900  1900 W KeyguardUpdateMonitor: invalid subId in handleServiceStateChange()
05-31 12:50:24.916  1710  1733 V ActivityManager: Skipping ContentProviderInfo{name=com.google.android.gms.auth.accountstate className=com.google.android.gms.auth.account.be.accountstate.AccountStateContentProvider}
05-31 12:50:24.916  1710  1733 V ActivityManager: Skipping ContentProviderInfo{name=com.google.android.gms.auth.confirm className=com.google.android.gms.auth.account.be.accountstate.CredentialStateContentProvider}
05-31 12:50:24.916  1710  1733 V ActivityManager: Skipping ContentProviderInfo{name=com.google.android.gms.auth.accounts className=com.google.android.gms.auth.account.be.legacy.AccountContentProvider}
05-31 12:50:24.916  1900  1900 W KeyguardUpdateMonitor: invalid subId in handleSimStateChange()
05-31 12:50:24.916  1710  1733 V ActivityManager: Installing ContentProviderInfo{name=com.google.android.gms.chromesync className=com.google.android.gms.chromesync.sync.SyncContentProvider}
05-31 12:50:24.916  1900  1900 W KeyguardUpdateMonitor: invalid subId in handleSimStateChange()
05-31 12:50:24.917  1710  1733 V ActivityManager: Installing ContentProviderInfo{name=com.google.android.gms.download className=com.google.android.gms.common.download.provider.DownloadsProvider}
05-31 12:50:24.917  1710  1733 V ActivityManager: Installing ContentProviderInfo{name=com.google.android.gms.common.stats.net.contentprovider className=com.google.android.gms.common.stats.net.contentprovider.NetworkUsageContentProvider}
05-31 12:50:24.918  1710  1733 V ActivityManager: Skipping ContentProviderInfo{name=com.google.android.gms className=com.google.android.gms.app.search.GmsSearchIndexablesProvider}
05-31 12:50:24.918  1710  1733 V ActivityManager: Installing ContentProviderInfo{name=com.google.android.gms.drive.sync className=com.google.android.gms.drive.metadata.sync.syncadapter.StubContentProvider}
05-31 12:50:24.922  1710  1733 V ActivityManager: Skipping ContentProviderInfo{name=com.google.android.gms.fitness className=com.google.android.gms.fitness.sync.FitnessContentProvider}
05-31 12:50:24.922  1710  1733 V ActivityManager: Installing ContentProviderInfo{name=com.google.android.gms.fonts className=com.google.android.gms.fonts.provider.FontsProvider}
05-31 12:50:24.925  1710  1733 V ActivityManager: Installing ContentProviderInfo{name=com.google.android.gms.games.background className=com.google.android.gms.games.chimera.GamesContentProviderProxy}
05-31 12:50:24.927  1710  1733 V ActivityManager: Skipping ContentProviderInfo{name=com.google.android.gms.games className=com.google.android.gms.games.provider.NotificationStubContentProvider}
05-31 12:50:24.927  1710  1733 V ActivityManager: Installing ContentProviderInfo{name=com.google.android.gms.icing.indexapi className=com.google.android.gms.icing.indexapi.IndexApiContentProvider}
05-31 12:50:24.931  1710  1733 V ActivityManager: Installing ContentProviderInfo{name=com.google.android.gms.icing.proxy.sms className=com.google.android.gms.icing.proxy.SmsContentProvider}
05-31 12:50:24.931  1710  2489 W ResourceType: No known package when getting value for resource number 0x7f0200ea
05-31 12:50:24.931  1710  2489 W ResourceType: No known package when getting value for resource number 0x7f0c02b0
05-31 12:50:24.932  1710  2489 W ResourceType: No known package when getting value for resource number 0x7f0c02ad
05-31 12:50:24.932  1710  2489 W ResourceType: No known package when getting value for resource number 0x7f0200eb
05-31 12:50:24.932  1710  2489 W ResourceType: No known package when getting value for resource number 0x7f0c02b1
05-31 12:50:24.932  1710  2489 W ResourceType: No known package when getting value for resource number 0x7f0c02ae
05-31 12:50:24.932  1710  2489 W ResourceType: No known package when getting value for resource number 0x7f0200ec
05-31 12:50:24.932  1710  2489 W ResourceType: No known package when getting value for resource number 0x7f0c02b2
05-31 12:50:24.932  1710  2489 W ResourceType: No known package when getting value for resource number 0x7f0c02af
05-31 12:50:24.932  1710  1733 V ActivityManager: Installing ContentProviderInfo{name=com.google.android.gms.icing.proxy.apps className=com.google.android.gms.icing.proxy.AppsContentProvider}
05-31 12:50:24.933  1710  1733 V ActivityManager: Installing ContentProviderInfo{name=com.google.android.gms.icing.proxy className=com.google.android.gms.icing.proxy.InternalIcingCorporaProvider}
05-31 12:50:24.934  1710  1733 V ActivityManager: Skipping ContentProviderInfo{name=com.google.android.gms.instantapps.provider.api className=com.google.android.gms.instantapps.routing.InstantAppsContentProvider}
05-31 12:50:24.934  1710  1733 V ActivityManager: Skipping ContentProviderInfo{name=com.google.android.gms.location.preferences className=com.google.android.gms.location.preferences.LocationPreferencesContentProvider}
05-31 12:50:24.934  1710  1733 V ActivityManager: Skipping ContentProviderInfo{name=com.google.android.location.internal className=com.google.android.location.internal.LocationContentProvider}
05-31 12:50:24.934  1710  1733 V ActivityManager: Skipping ContentProviderInfo{name=com.google.android.location.reporting className=com.google.android.location.reporting.service.utils.ReportingContentProvider}
05-31 12:50:24.935  1710  1733 V ActivityManager: Installing ContentProviderInfo{name=com.google.android.gms.matchstick.dataprovider className=com.google.android.gms.matchstick.data.DatabaseProvider}
05-31 12:50:24.937  1710  1733 V ActivityManager: Installing ContentProviderInfo{name=com.google.android.gms.matchstick.appdataprovider className=com.google.android.gms.matchstick.data.AppDataProvider}
05-31 12:50:24.937  1710  1733 V ActivityManager: Installing ContentProviderInfo{name=com.google.android.gms.lighter.data className=com.google.android.gms.matchstick.data.LighterContentProvider}
05-31 12:50:24.938  1710  1733 V ActivityManager: Installing ContentProviderInfo{name=com.google.android.gms.nearby.fastpair className=com.google.android.gms.nearby.discovery.fastpair.slice.FastPairSliceProvider}
05-31 12:50:24.938  1710  1720 I zygote  : Background concurrent copying GC freed 42982(3MB) AllocSpace objects, 56(2MB) LOS objects, 41% free, 8MB/14MB, paused 3.550ms total 392.295ms
05-31 12:50:24.939  1710  1733 V ActivityManager: Installing ContentProviderInfo{name=com.google.android.gms.nearby.sharing className=com.google.android.gms.nearby.sharing.SharingSliceProvider}
05-31 12:50:24.941  1710  1733 V ActivityManager: Installing ContentProviderInfo{name=com.google.android.gms.people className=com.google.android.gms.people.service.PeopleContentProvider}
05-31 12:50:24.942  1710  1733 V ActivityManager: Installing ContentProviderInfo{name=com.google.android.gms.people.gal.provider className=com.google.android.gms.people.service.galprovider.PeopleGalProvider}
05-31 12:50:24.944  1710  1733 V ActivityManager: Installing ContentProviderInfo{name=com.google.android.gms.plus;com.google.android.gms.plus.action className=com.google.android.gms.plus.provider.PlusProvider}
05-31 12:50:24.948  1710  1733 V ActivityManager: Installing ContentProviderInfo{name=com.google.android.gms.reminders className=com.google.android.gms.reminders.provider.RemindersProvider}
05-31 12:50:24.949  1710  1733 V ActivityManager: Skipping ContentProviderInfo{name=com.google.android.gms.security.provider className=com.google.android.gms.security.provider.SecurityProvider}
05-31 12:50:24.950  1710  1733 V ActivityManager: Installing ContentProviderInfo{name=com.google.android.gms.subscribedfeeds className=com.google.android.gms.subscribedfeeds.GmsSubscribedFeedsProvider}
05-31 12:50:24.951  1710  1733 V ActivityManager: Installing ContentProviderInfo{name=com.google.android.gms.thunderbird.config className=com.google.android.gms.thunderbird.config.EmergencyConfigContentProvider}
05-31 12:50:24.952  1710  1733 V ActivityManager: Installing ContentProviderInfo{name=com.google.android.gms.thunderbird.settings className=com.google.android.gms.thunderbird.settings.ThunderbirdSettingsContentProvider}
05-31 12:50:24.955  1710  1733 V ActivityManager: Skipping ContentProviderInfo{name=com.google.android.gms.trustagent.framework.model.be.provider className=com.google.android.gms.trustagent.framework.model.be.ModelContentProvider}
05-31 12:50:24.955  1710  1733 V ActivityManager: Installing ContentProviderInfo{name=com.google.android.gms.wallet className=com.google.android.gms.wallet.setupwizard.PaymentsSetupWizardSuggestionStateProvider}
05-31 12:50:24.958  1710  2489 W ResourceType: No known package when getting value for resource number 0x7f080295
05-31 12:50:24.958  1710  2489 W ResourceType: No known package when getting value for resource number 0x7f120387
05-31 12:50:24.959  1710  2489 W ResourceType: No known package when getting value for resource number 0x7f080294
05-31 12:50:24.959  1710  2489 W ResourceType: No known package when getting value for resource number 0x7f1200ec
05-31 12:50:24.959  1710  2489 W ResourceType: No known package when getting value for resource number 0x7f120386
05-31 12:50:24.959  1710  2489 W ResourceType: No known package when getting value for resource number 0x7f120266
05-31 12:50:24.960  1710  1733 V ActivityManager: Installing ContentProviderInfo{name=com.google.android.gms.chimera.container.sharedmoduleprovider className=com.google.android.gms.chimera.container.SharedModuleProvider}
05-31 12:50:24.959  1710  2489 E ShortcutService: Ignoring excessive intent tag.
05-31 12:50:24.963  1710  1733 V ActivityManager: Installing ContentProviderInfo{name=com.google.android.gms.lifecycle-process className=androidx.lifecycle.ProcessLifecycleOwnerInitializer}
05-31 12:50:24.965  1710  1733 V ActivityManager: Installing ContentProviderInfo{name=com.google.android.inputmethod.latin.inputcontent className=com.google.android.apps.inputmethod.libs.search.gif.InputContentProvider}
05-31 12:50:24.969  1710  1733 V ActivityManager: Skipping ContentProviderInfo{name=com.google.android.apps.inputmethod.libs.dvrnn.trainingservice.provider className=com.google.android.apps.inputmethod.libs.dvrnn.trainingservice.ProcessNameInitializerContentProvider}
05-31 12:50:24.970  1710  1733 I ActivityManager: User 0 state changed from RUNNING_UNLOCKING to RUNNING_UNLOCKED
05-31 12:50:24.978  1710  2489 W ResourceType: No known package when getting value for resource number 0x7f02034e
05-31 12:50:24.978  1710  2489 W ResourceType: No known package when getting value for resource number 0x7f1104dc
05-31 12:50:24.978  1710  2489 W ResourceType: No known package when getting value for resource number 0x7f0203e7
05-31 12:50:24.978  1710  2489 W ResourceType: No known package when getting value for resource number 0x7f110d3d
05-31 12:50:24.981  1710  1733 I PreBootBroadcaster: Pre-boot of {com.android.managedprovisioning/com.android.managedprovisioning.ota.PreBootListener} for user 0
05-31 12:50:24.985  2003  2003 D CarrierSvcBindHelper: mHandler: 0
05-31 12:50:24.985  2003  2003 D CarrierSvcBindHelper: Rebinding if necessary for phoneId: 0
05-31 12:50:24.986  1710  2489 W ResourceType: No known package when getting value for resource number 0x7f02019b
05-31 12:50:24.986  1710  2489 W ResourceType: No known package when getting value for resource number 0x7f1303bf
05-31 12:50:24.986  1710  2489 W ResourceType: No known package when getting value for resource number 0x7f1303bf
05-31 12:50:24.988  1710  2489 W ResourceType: No known package when getting value for resource number 0x7f020197
05-31 12:50:24.988  1710  2489 W ResourceType: No known package when getting value for resource number 0x7f1303bd
05-31 12:50:24.989  1710  2452 W zygote  : Long monitor contention with owner ActivityManager (1733) at void com.android.server.am.ActivityManagerService.installEncryptionUnawareProviders(int)(ActivityManagerService.java:12188) waiters=2 in boolean com.android.server.am.ActivityManagerService.isAppStartModeDisabled(int, java.lang.String) for 150ms
05-31 12:50:24.989  1710  2489 W ResourceType: No known package when getting value for resource number 0x7f1303bd
05-31 12:50:24.992  1710  2489 W ResourceType: No known package when getting value for resource number 0x7f020199
05-31 12:50:24.992  1710  2489 W ResourceType: No known package when getting value for resource number 0x7f1303be
05-31 12:50:24.993  2003  2003 D CarrierSvcBindHelper: No carrier app for: 0
05-31 12:50:24.997  1710  2130 W zygote  : Long monitor contention with owner ActivityManager (1733) at void com.android.server.am.ActivityManagerService.installEncryptionUnawareProviders(int)(ActivityManagerService.java:12188) waiters=4 in void com.android.server.am.ActivityManagerService.publishContentProviders(android.app.IApplicationThread, java.util.List) for 126ms
05-31 12:50:24.997  1710  2489 W ResourceType: No known package when getting value for resource number 0x7f1303be
05-31 12:50:25.005  2146  2146 D FallbackHome: User unlocked and real home found; let's go!
05-31 12:50:25.011  1710  1733 I ActivityManager: Start proc 2533:com.google.android.dialer/u0a20 for broadcast com.google.android.dialer/com.android.dialer.app.voicemail.LegacyVoicemailNotificationReceiver
05-31 12:50:25.019  2533  2533 W zygote  : Unexpected CPU variant for X86 using defaults: x86
05-31 12:50:25.031  2484  2484 I zygote  : The ClassLoaderContext is a special shared library.
05-31 12:50:25.097  1710  1729 I ActivityManager: START u0 {act=android.intent.action.MAIN cat=[android.intent.category.HOME] flg=0x10000100 cmp=com.google.android.sdksetup/.DefaultActivity} from uid 0
05-31 12:50:25.097  1710  2489 W ResourceType: No known package when getting value for resource number 0x7f0200d4
05-31 12:50:25.097  1710  2489 W ResourceType: No known package when getting value for resource number 0x7f10017e
05-31 12:50:25.098  1710  2489 W ResourceType: No known package when getting value for resource number 0x7f10017d
05-31 12:50:25.109  1710  2489 W ResourceType: No known package when getting value for resource number 0x7f0201eb
05-31 12:50:25.110  1710  2489 W ResourceType: No known package when getting value for resource number 0x7f0c0174
05-31 12:50:25.110  1710  2489 W ResourceType: No known package when getting value for resource number 0x7f0c0171
05-31 12:50:25.110  1710  2489 W ResourceType: No known package when getting value for resource number 0x7f0c0171
05-31 12:50:25.110  1710  2489 W ResourceType: No known package when getting value for resource number 0x7f0201ec
05-31 12:50:25.116  1710  2489 W ResourceType: No known package when getting value for resource number 0x7f0c0172
05-31 12:50:25.116  1710  2489 W ResourceType: No known package when getting value for resource number 0x7f0c016f
05-31 12:50:25.116  1710  2489 W ResourceType: No known package when getting value for resource number 0x7f0c016f
05-31 12:50:25.116  1710  2489 W ResourceType: No known package when getting value for resource number 0x7f0201ed
05-31 12:50:25.116  1710  2489 W ResourceType: No known package when getting value for resource number 0x7f0c0173
05-31 12:50:25.117  1710  1787 W System  : ClassLoader referenced unknown path: 
05-31 12:50:25.116  1710  2489 W ResourceType: No known package when getting value for resource number 0x7f0c0170
05-31 12:50:25.123  1710  2489 W ResourceType: No known package when getting value for resource number 0x7f0c0170
05-31 12:50:25.126  2433  2433 W app_process: Unexpected CPU variant for X86 using defaults: x86
05-31 12:50:25.137  1710  2489 W ResourceType: No known package when getting value for resource number 0x7f020078
05-31 12:50:25.137  1710  2489 W ResourceType: No known package when getting value for resource number 0x7f10025f
05-31 12:50:25.140  1710  1729 I ActivityManager: Start proc 2558:com.google.android.sdksetup/u0a21 for activity com.google.android.sdksetup/.DefaultActivity
05-31 12:50:25.143  1710  1710 W zygote  : Long monitor contention with owner Binder:1710_8 (2127) at int com.android.server.am.ActivityManagerService.getLockTaskModeState()(ActivityManagerService.java:11080) waiters=3 in int com.android.server.am.ActivityManagerService.getMemoryTrimLevel() for 111ms
05-31 12:50:25.152  1710  2066 W zygote  : Long monitor contention with owner Binder:1710_2 (1729) at boolean com.android.server.am.ActivityManagerService.finishActivity(android.os.IBinder, int, android.content.Intent, int)(ActivityManagerService.java:5034) waiters=4 in com.android.server.am.ProcessRecord com.android.server.am.ActivityManagerService.findAppProcess(android.os.IBinder, java.lang.String) for 112ms
05-31 12:50:25.154  1710  2130 W zygote  : Long monitor contention with owner Binder:1710_2 (1729) at boolean com.android.server.am.ActivityManagerService.finishActivity(android.os.IBinder, int, android.content.Intent, int)(ActivityManagerService.java:5034) waiters=5 in com.android.server.am.ProcessRecord com.android.server.am.ActivityManagerService.findAppProcess(android.os.IBinder, java.lang.String) for 115ms
05-31 12:50:25.156  1710  2489 W ResourceType: No known package when getting value for resource number 0x7f020066
05-31 12:50:25.156  1710  2489 W ResourceType: No known package when getting value for resource number 0x7f0e0065
05-31 12:50:25.161  1710  1734 W zygote  : Long monitor contention with owner main (1710) at boolean com.android.server.am.ActivityManagerService.isAppStartModeDisabled(int, java.lang.String)(ActivityManagerService.java:8541) waiters=0 in void com.android.server.job.JobSchedulerService.updateUidState(int, int) for 346ms
05-31 12:50:25.166  2433  2433 I app_process: The ClassLoaderContext is a special shared library.
05-31 12:50:25.166  2081  2081 I SetupWizard: [FrpHelper] FrpTask is going to execute.
05-31 12:50:25.169  1710  2452 W zygote  : Long monitor contention with owner main (1710) at boolean com.android.server.am.ActivityManagerService.isAppStartModeDisabled(int, java.lang.String)(ActivityManagerService.java:8541) waiters=1 in int com.android.server.job.JobSchedulerService.scheduleAsPackage(android.app.job.JobInfo, android.app.job.JobWorkItem, int, java.lang.String, int, java.lang.String) for 144ms
05-31 12:50:25.186  2558  2558 W zygote  : Unexpected CPU variant for X86 using defaults: x86
05-31 12:50:25.195  1710  1734 W Looper  : Dispatch took 383ms on android.ui, h=Handler (com.android.server.am.ActivityManagerService$UiHandler) {376fca0} cb=null msg=53
05-31 12:50:25.197  2470  2470 D DefaultCarrierConfigService: Service created
05-31 12:50:25.203  2301  2301 E ConfigFileUtils: Failed to read config file: /data/user_de/0/com.google.android.gms/app_chimera/current_modules_init.pb (No such file or directory)
05-31 12:50:25.212  2533  2533 W System  : ClassLoader referenced unknown path: /system/framework/com.google.android.dialer.support.jar
05-31 12:50:25.217  2533  2533 I zygote  : The ClassLoaderContext is a special shared library.
05-31 12:50:25.218  1445  1493 D gralloc_ranchu: gralloc_alloc: Creating ashmem region of size 14749696
05-31 12:50:25.232  1455  1472 D         : HostConnection::get() New Host Connection established 0xe7b2d2c0, tid 1472
05-31 12:50:25.256  1710  1787 D         : HostConnection::get() New Host Connection established 0xd8a65a80, tid 1787
05-31 12:50:25.281  1900  1900 I Choreographer: Skipped 38 frames!  The application may be doing too much work on its main thread.
05-31 12:50:25.291  1710  2489 W ResourceType: No known package when getting value for resource number 0x7f020137
05-31 12:50:25.291  1710  2489 W ResourceType: No known package when getting value for resource number 0x7f12037f
05-31 12:50:25.291  1710  2489 W ResourceType: No known package when getting value for resource number 0x7f12037f
05-31 12:50:25.291  1710  2489 W ResourceType: No known package when getting value for resource number 0x7f12037e
05-31 12:50:25.306  2484  2484 I InteractorInitializer: Initialized process com.google.android.googlequicksearchbox:interactor
05-31 12:50:25.320  1710  2489 W ResourceType: No known package when getting value for resource number 0x7f07008c
05-31 12:50:25.320  1710  2489 W ResourceType: No known package when getting value for resource number 0x7f0f0061
05-31 12:50:25.326  2433  2433 D AndroidRuntime: Calling main entry com.android.commands.wm.Wm
05-31 12:50:25.327  2558  2558 I zygote  : The ClassLoaderContext is a special shared library.
05-31 12:50:25.332  2003  2003 I TelecomFramework: PstnIncomingCallNotifier: Unregistering: Handler (com.android.internal.telephony.GsmCdmaPhone) {b4eed9c}
05-31 12:50:25.335  1710  2130 W WindowManager: Permission Denial: dismissKeyguard from pid=2433, uid=2000 requires android.permission.CONTROL_KEYGUARD
05-31 12:50:25.336  2433  2433 D AndroidRuntime: Shutting down VM
05-31 12:50:25.340  2301  2301 I ChimeraCfgMgr: Sending com.google.android.chimera.IntentOperation.NEW_MODULE Intents: 1,true,true
05-31 12:50:25.357  1710  2489 W ResourceType: No known package when getting value for resource number 0x7f0203f6
05-31 12:50:25.358  1710  2489 W ResourceType: No known package when getting value for resource number 0x7f13080c
05-31 12:50:25.358  1900  2231 D EGL_emulation: eglMakeCurrent: 0xd73f0a40: ver 2 0 (tinfo 0xd747f800)
05-31 12:50:25.361  1710  2489 W ResourceType: No known package when getting value for resource number 0x7f0203f8
05-31 12:50:25.361  1710  2489 W ResourceType: No known package when getting value for resource number 0x7f13086b
05-31 12:50:25.362  1710  2489 W ResourceType: No known package when getting value for resource number 0x7f0203fa
05-31 12:50:25.362  1710  2489 W ResourceType: No known package when getting value for resource number 0x7f1308b0
05-31 12:50:25.372  2146  2177 D EGL_emulation: eglMakeCurrent: 0xe89051e0: ver 2 0 (tinfo 0xe8903200)
05-31 12:50:25.380  1900  2231 D EGL_emulation: eglMakeCurrent: 0xd73f0a40: ver 2 0 (tinfo 0xd747f800)
05-31 12:50:25.408  2433  2593 W app_process: Thread attaching while runtime is shutting down: Binder:2433_1
05-31 12:50:25.408  2433  2593 I AndroidRuntime: NOTE: attach of thread 'Binder:2433_1' failed
05-31 12:50:25.420  1710  1889 I Telecom : PhoneAccountRegistrar: Modify account: [ComponentInfo{com.android.phone/com.android.services.telephony.TelephonyConnectionService}, [e2f7d48dd2b5ca523e7313cf4ba0f6ea830b6281], UserHandle{0}]: TSI.rPA@ACE
05-31 12:50:25.435  1710  1710 V NotificationListeners: enabling notification listener for 0: ComponentInfo{com.google.android.apps.nexuslauncher/com.android.launcher3.notification.NotificationListener}
05-31 12:50:25.438  2003  2003 I TelecomFramework: AccountEntry: Registered phoneAccount: [[ ] PhoneAccount: ComponentInfo{com.android.phone/com.android.services.telephony.TelephonyConnectionService}, [e2f7d48dd2b5ca523e7313cf4ba0f6ea830b6281], UserHandle{0} Capabilities: CallProvider MultiUser PlaceEmerg SimSub  Audio Routes: BESW Schemes: tel voicemail  Extras: Bundle[{android.telecom.extra.SUPPORTS_VIDEO_CALLING_FALLBACK=true}] GroupId: [da39a3ee5e6b4b0d3255bfef95601890afd80709]] with handle: ComponentInfo{com.android.phone/com.android.services.telephony.TelephonyConnectionService}, [e2f7d48dd2b5ca523e7313cf4ba0f6ea830b6281], UserHandle{0}
05-31 12:50:25.438  2003  2003 I TelecomFramework: PstnIncomingCallNotifier: Registering: Handler (com.android.internal.telephony.GsmCdmaPhone) {b4eed9c}
05-31 12:50:25.444  1710  1710 V NotificationListeners: binding: Intent { act=android.service.notification.NotificationListenerService cmp=com.google.android.apps.nexuslauncher/com.android.launcher3.notification.NotificationListener (has extras) }
05-31 12:50:25.505  1710  1710 W ActivityManager: Slow operation: 58ms so far, now at startProcess: returned from zygote!
05-31 12:50:25.505  1710  1710 W ActivityManager: Slow operation: 58ms so far, now at startProcess: done updating battery stats
05-31 12:50:25.505  1710  1710 W ActivityManager: Slow operation: 58ms so far, now at startProcess: building log message
05-31 12:50:25.506  1710  1710 I ActivityManager: Start proc 2600:com.google.android.apps.nexuslauncher/u0a24 for service com.google.android.apps.nexuslauncher/com.android.launcher3.notification.NotificationListener
05-31 12:50:25.506  1710  1710 W ActivityManager: Slow operation: 58ms so far, now at startProcess: starting to update pids map
05-31 12:50:25.506  1710  1710 W ActivityManager: Slow operation: 58ms so far, now at startProcess: done updating pids map
05-31 12:50:25.506  1710  1710 W ActivityManager: Slow operation: 61ms so far, now at startProcess: done starting proc!
05-31 12:50:25.506  1710  1710 I AccountManagerService: User 0 is unlocked - opening CE database
05-31 12:50:25.521  2600  2600 W zygote  : Unexpected CPU variant for X86 using defaults: x86
05-31 12:50:25.556  2619  2619 W zygote  : Unexpected CPU variant for X86 using defaults: x86
05-31 12:50:25.571  1710  2024 W ActivityManager: Slow operation: 55ms so far, now at startProcess: returned from zygote!
05-31 12:50:25.571  1710  2024 W ActivityManager: Slow operation: 55ms so far, now at startProcess: done updating battery stats
05-31 12:50:25.571  1710  2024 W ActivityManager: Slow operation: 55ms so far, now at startProcess: building log message
05-31 12:50:25.571  1710  2024 I ActivityManager: Start proc 2619:com.google.process.gapps/u0a14 for content provider com.google.android.gsf/.settings.GoogleSettingsProvider
05-31 12:50:25.571  1710  2024 W ActivityManager: Slow operation: 55ms so far, now at startProcess: starting to update pids map
05-31 12:50:25.571  1710  2024 W ActivityManager: Slow operation: 55ms so far, now at startProcess: done updating pids map
05-31 12:50:25.571  1710  2024 W ActivityManager: Slow operation: 56ms so far, now at startProcess: done starting proc!
05-31 12:50:25.571  1710  2024 W ActivityManager: Slow operation: 61ms so far, now at getContentProviderImpl: after start process
05-31 12:50:25.571  1710  2024 W ActivityManager: Slow operation: 61ms so far, now at getContentProviderImpl: updating data structures
05-31 12:50:25.571  1710  2024 W ActivityManager: Slow operation: 61ms so far, now at getContentProviderImpl: done!
05-31 12:50:25.584  1900  2231 D EGL_emulation: eglMakeCurrent: 0xd73f0a40: ver 2 0 (tinfo 0xd747f800)
05-31 12:50:25.610  1852  1852 E SQLiteLog: (1) no such table: Packages
05-31 12:50:25.615  1710  1732 I ActivityManager: Start proc 2638:com.android.printspooler/u0a71 for service com.android.printspooler/.model.PrintSpoolerService
05-31 12:50:25.622  2638  2638 W zygote  : Unexpected CPU variant for X86 using defaults: x86
05-31 12:50:25.655  2003  2003 I TelecomFramework: PstnIncomingCallNotifier: Unregistering: Handler (com.android.internal.telephony.GsmCdmaPhone) {b4eed9c}
05-31 12:50:25.667  1710  1710 I AccountsDb: Creating CE database /data/system_ce/0/accounts_ce.db
05-31 12:50:25.672  2600  2600 I zygote  : The ClassLoaderContext is a special shared library.
05-31 12:50:25.698  2619  2619 I zygote  : The ClassLoaderContext is a special shared library.
05-31 12:50:25.727  1710  2066 I Telecom : PhoneAccountRegistrar: Modify account: [ComponentInfo{com.android.phone/com.android.services.telephony.TelephonyConnectionService}, [e2f7d48dd2b5ca523e7313cf4ba0f6ea830b6281], UserHandle{0}]: TSI.rPA@ACU
05-31 12:50:25.729  2003  2003 I TelecomFramework: AccountEntry: Registered phoneAccount: [[ ] PhoneAccount: ComponentInfo{com.android.phone/com.android.services.telephony.TelephonyConnectionService}, [e2f7d48dd2b5ca523e7313cf4ba0f6ea830b6281], UserHandle{0} Capabilities: CallProvider MultiUser PlaceEmerg SimSub  Audio Routes: BESW Schemes: tel voicemail  Extras: Bundle[{android.telecom.extra.SUPPORTS_VIDEO_CALLING_FALLBACK=true}] GroupId: [da39a3ee5e6b4b0d3255bfef95601890afd80709]] with handle: ComponentInfo{com.android.phone/com.android.services.telephony.TelephonyConnectionService}, [e2f7d48dd2b5ca523e7313cf4ba0f6ea830b6281], UserHandle{0}
05-31 12:50:25.729  2003  2003 I TelecomFramework: PstnIncomingCallNotifier: Registering: Handler (com.android.internal.telephony.GsmCdmaPhone) {b4eed9c}
05-31 12:50:25.740  2533  2533 I Dialer  : GoogleDialerApplication.onCreate - enter
05-31 12:50:25.751  2003  2003 I NotificationMgr: updateMwi(): subId 1 update to false
05-31 12:50:25.768  1710  1710 D BackupTransportManager: Bound to transport: android/com.android.internal.backup.LocalTransportService
05-31 12:50:25.788  2533  2533 I Dialer  : DialerExecutors.newThread - creating low priority thread
05-31 12:50:25.800  2638  2638 I zygote  : The ClassLoaderContext is a special shared library.
05-31 12:50:25.809  2533  2533 I Dialer  : CallLogFramework.registerContentObservers - enter
05-31 12:50:25.819  2003  2003 D TelephonyProvider: subIdString = 1 subId = 1
05-31 12:50:25.820  2003  2003 D TelephonyProvider: getPreferredApnIdFromApn: for subId 1
05-31 12:50:25.829  1446  1446 D gralloc_ranchu: gralloc_unregister_buffer: exiting HostConnection (is buffer-handling thread)
05-31 12:50:25.829  1446  1446 D         : HostConnection::get() New Host Connection established 0xe6ea3900, tid 1446
05-31 12:50:25.830  1446  1446 D gralloc_ranchu: gralloc_unregister_buffer: exiting HostConnection (is buffer-handling thread)
05-31 12:50:25.831  1446  1446 D         : HostConnection::get() New Host Connection established 0xe6ea3900, tid 1446
05-31 12:50:25.831  1446  1446 D gralloc_ranchu: gralloc_unregister_buffer: exiting HostConnection (is buffer-handling thread)
05-31 12:50:25.832  1446  1446 D         : HostConnection::get() New Host Connection established 0xe6ea3900, tid 1446
05-31 12:50:25.832  1446  1446 D gralloc_ranchu: gralloc_unregister_buffer: exiting HostConnection (is buffer-handling thread)
05-31 12:50:25.833  1446  1446 D         : HostConnection::get() New Host Connection established 0xe6ea3900, tid 1446
05-31 12:50:25.834  1446  1446 D gralloc_ranchu: gralloc_unregister_buffer: exiting HostConnection (is buffer-handling thread)
05-31 12:50:25.835  1446  1446 D         : HostConnection::get() New Host Connection established 0xe6ea3900, tid 1446
05-31 12:50:25.836  1446  1446 D gralloc_ranchu: gralloc_unregister_buffer: exiting HostConnection (is buffer-handling thread)
05-31 12:50:25.847  1446  1446 D         : HostConnection::get() New Host Connection established 0xe6ea3900, tid 1446
05-31 12:50:25.851  2533  2533 I Dialer  : CallLogFramework.registerContentObservers - new call log not enabled
05-31 12:50:25.867  2600  2600 V Launcher: LauncherAppState initiated
05-31 12:50:25.896  2533  2533 I Dialer  : NotificationChannelManager.initChannels - doing an expensive initialization of all notification channels
05-31 12:50:25.906  2533  2533 I Dialer  : NotificationChannelManager.initChannels - desired channel IDs: {phone_ongoing_call, phone_incoming_call, phone_voicemail, phone_missed_call, phone_default}
05-31 12:50:25.906  2533  2533 I Dialer  : NotificationChannelManager.initChannels - existing channel IDs: {}
05-31 12:50:25.978  1710  1729 I ActivityManager: Start proc 2716:android.process.acore/u0a1 for content provider com.android.providers.blockednumber/.BlockedNumberProvider
05-31 12:50:25.978  1710  1729 W ActivityManager: Slow operation: 52ms so far, now at getContentProviderImpl: after start process
05-31 12:50:25.978  1710  1729 W ActivityManager: Slow operation: 52ms so far, now at getContentProviderImpl: updating data structures
05-31 12:50:25.978  1710  1729 W ActivityManager: Slow operation: 52ms so far, now at getContentProviderImpl: done!
05-31 12:50:26.000  2716  2716 W zygote  : Unexpected CPU variant for X86 using defaults: x86
05-31 12:50:26.010  1710  1710 W DevicePolicyManager: Trying to set ro.device_owner, but it has already been set?
05-31 12:50:26.013  1446  1504 D gralloc_ranchu: gralloc_unregister_buffer: exiting HostConnection (is buffer-handling thread)
05-31 12:50:26.014  1446  1504 D         : HostConnection::get() New Host Connection established 0xe6ea3a40, tid 1504
05-31 12:50:26.014  1446  1504 D gralloc_ranchu: gralloc_unregister_buffer: exiting HostConnection (is buffer-handling thread)
05-31 12:50:26.021  1710  2031 I ActivityManager: Start proc 2735:com.google.android.googlequicksearchbox:search/u0a32 for service com.google.android.googlequicksearchbox/com.google.android.hotword.service.HotwordService
05-31 12:50:26.027  1446  1504 D         : HostConnection::get() New Host Connection established 0xe6ea3a40, tid 1504
05-31 12:50:26.033  2533  2533 I Dialer  : NonUiTaskBuilder.newThread - creating serial thread
05-31 12:50:26.035  2533  2533 I Dialer  : DialerExecutors.newThread - creating low priority thread
05-31 12:50:26.035  2533  2533 I Dialer  : ShortcutsJobScheduler.scheduleAllJobs - enter
05-31 12:50:26.043  2735  2735 W zygote  : Unexpected CPU variant for X86 using defaults: x86
05-31 12:50:26.055  2600  2600 W zygote  : Class android.support.v4.a.b failed lock verification and will run slower.
05-31 12:50:26.055  2600  2600 W zygote  : Common causes for lock verification issues are non-optimized dex code
05-31 12:50:26.055  2600  2600 W zygote  : and incorrect proguard optimizations.
05-31 12:50:26.065  2533  2533 I Dialer  : ShortcutsJobScheduler.scheduleAllJobs - enabling shortcuts
05-31 12:50:26.066  2533  2533 I Dialer  : PeriodicJobService.schedulePeriodicJob - enter
05-31 12:50:26.076  2533  2533 I Dialer  : GoogleDialerApplication.onCreate - register new client
05-31 12:50:26.124  2716  2716 I zygote  : The ClassLoaderContext is a special shared library.
05-31 12:50:26.128  1710  1728 D ConnectivityService: registerNetworkAgent NetworkAgentInfo{ ni{[type: MOBILE[LTE], state: CONNECTED/CONNECTED, reason: connected, extra: epc.tmobile.com, failover: false, available: true, roaming: false]}  network{100}  nethandle{429513165534}  lp{{InterfaceName: radio0 LinkAddresses: [192.168.200.2/24,]  Routes: [0.0.0.0/0 -> 192.168.200.1 radio0,192.168.200.0/24 -> 0.0.0.0 radio0,] DnsAddresses: [10.0.2.3,] Domains: null MTU: 1500 TcpBufferSizes: 524288,1048576,2097152,262144,524288,1048576}}  nc{[ Transports: CELLULAR Capabilities: MMS&SUPL&DUN&FOTA&IMS&CBS&IA&INTERNET&NOT_RESTRICTED&TRUSTED&NOT_VPN LinkUpBandwidth>=51200Kbps LinkDnBandwidth>=102400Kbps Specifier: <1>]}  Score{10}  everValidated{false}  lastValidated{false}  created{false} lingering{false} explicitlySelected{false} acceptUnvalidated{false} everCaptivePortalDetected{false} lastCaptivePortalDetected{false} clat{null} }
05-31 12:50:26.129  1710  1824 D ConnectivityService: NetworkAgentInfo [MOBILE (LTE) - 100] EVENT_NETWORK_INFO_CHANGED, going from null to CONNECTED
05-31 12:50:26.130  1710  1824 D ConnectivityService: Adding iface radio0 to network 100
05-31 12:50:26.139  1710  1824 D ConnectivityService: Setting DNS servers for network 100 to [/10.0.2.3]
05-31 12:50:26.154  2600  2764 W zygote  : Class com.google.android.gms.common.k failed lock verification and will run slower.
05-31 12:50:26.160  2081  2699 I SetupWizard: [DeferredSetupNotificationSchedulerService] Deferred notification scheduled at Tue May 31 13:05:35 GMT+05:30 2022
05-31 12:50:26.161  2081  2364 I SetupWizard: [DeferredSetupNotificationSchedulerService] Deferred notification scheduled at Tue May 31 13:05:35 GMT+05:30 2022
05-31 12:50:26.179  1900  1910 I zygote  : Do full code cache collection, code=116KB, data=94KB
05-31 12:50:26.187  2716  2716 I zygote  : The ClassLoaderContext is a special shared library.
05-31 12:50:26.188  1900  1910 I zygote  : After code cache collection, code=76KB, data=53KB
05-31 12:50:26.193  2735  2735 I zygote  : The ClassLoaderContext is a special shared library.
05-31 12:50:26.198  2533  2533 I Dialer  : GoogleDialerApplication.onCreate - registered new client
05-31 12:50:26.203  1710  2771 D PackageManager: Ephemeral installer not found with new action; try old one
05-31 12:50:26.203  1710  2771 D PackageManager: Clear ephemeral installer activity
05-31 12:50:26.208  1710  2771 D CryptdConnector: SND -> {3 cryptfs getpwtype}
05-31 12:50:26.209  1393  1399 D VoldCryptCmdListener: cryptfs getpwtype
05-31 12:50:26.210  1710  1732 I ActivityManager: Start proc 2780:com.android.keychain/1000 for service com.android.keychain/.KeyChainService
05-31 12:50:26.210  1900  2231 D EGL_emulation: eglMakeCurrent: 0xd73f0a40: ver 2 0 (tinfo 0xd747f800)
05-31 12:50:26.211  1710  1809 D CryptdConnector: RCV <- {213 3 default}
05-31 12:50:26.211  2558  2558 W Settings: Setting install_non_market_apps has moved from android.provider.Settings.Global to android.provider.Settings.Secure, value is unchanged.
05-31 12:50:26.214  2780  2780 W zygote  : Unexpected CPU variant for X86 using defaults: x86
05-31 12:50:26.217  1710  1886 D PackageManager: Ephemeral installer not found with new action; try old one
05-31 12:50:26.217  1710  1886 D PackageManager: Clear ephemeral installer activity
05-31 12:50:26.218  1710  1733 W BroadcastQueue: Permission Denial: broadcasting Intent { act=com.google.android.gsf.settings.GoogleLocationSettings.UPDATE_LOCATION_SETTINGS flg=0x10 } from com.google.android.sdksetup (pid=2558, uid=10021) requires com.google.android.gms.permission.INTERNAL_BROADCAST due to registered receiver BroadcastFilter{f577f9e u0 ReceiverList{922333 1852 com.google.android.gms.persistent/10014/u0 remote:64a5aa2}}
05-31 12:50:26.227  2533  2533 I Dialer  : LegacyVoicemailNotificationReceiver.onReceive - received legacy voicemail notification
05-31 12:50:26.228  2533  2533 I Dialer  : LegacyVoicemailNotificationReceiver.onReceive - isRefresh: false
05-31 12:50:26.233  1900  2231 D EGL_emulation: eglMakeCurrent: 0xd73f0a40: ver 2 0 (tinfo 0xd747f800)
05-31 12:50:26.242  1710  1749 I ActivityManager: Killing 2558:com.google.android.sdksetup/u0a21 (adj 0): change com.google.android.sdksetup
05-31 12:50:26.239  1900  2231 D EGL_emulation: eglMakeCurrent: 0xd73f0a40: ver 2 0 (tinfo 0xd747f800)
05-31 12:50:26.243  2533  2533 I Dialer  : LegacyVoicemailNotificationReceiver.onReceive - clearing notification
05-31 12:50:26.243  2533  2533 I Dialer  : LegacyVoicemailNotifier.cancelNotification - enter
05-31 12:50:26.246  1710  1735 W zygote  : kill(-2558, 9) failed: No such process
05-31 12:50:26.247  1710  1787 D gralloc_ranchu: gralloc_unregister_buffer: exiting HostConnection (is buffer-handling thread)
05-31 12:50:26.249  1710  1787 D         : HostConnection::get() New Host Connection established 0xd8a65a80, tid 1787
05-31 12:50:26.252  1710  1787 D gralloc_ranchu: gralloc_unregister_buffer: exiting HostConnection (is buffer-handling thread)
05-31 12:50:26.255  1446  1504 D gralloc_ranchu: gralloc_unregister_buffer: exiting HostConnection (is buffer-handling thread)
05-31 12:50:26.256  1446  1504 D         : HostConnection::get() New Host Connection established 0xe6ea3a40, tid 1504
05-31 12:50:26.256  1446  1504 D gralloc_ranchu: gralloc_unregister_buffer: exiting HostConnection (is buffer-handling thread)
05-31 12:50:26.263  1710  1787 W WindowManager: Failed looking up window callers=com.android.server.wm.WindowManagerService.windowForClientLocked:5797 com.android.server.wm.WindowManagerService.removeWindow:1715 com.android.server.wm.Session.remove:222 
05-31 12:50:26.265  1710  1749 I ActivityManager: START u0 {act=android.intent.action.MAIN cat=[android.intent.category.HOME] flg=0x10000100 cmp=com.google.android.apps.nexuslauncher/.NexusLauncherActivity} from uid 0
05-31 12:50:26.268  2780  2780 I zygote  : The ClassLoaderContext is a special shared library.
05-31 12:50:26.271  1446  1504 D         : HostConnection::get() New Host Connection established 0xe6ea3a40, tid 1504
05-31 12:50:26.284  1710  1735 W zygote  : kill(-2558, 9) failed: No such process
05-31 12:50:26.305  1710  1720 I zygote  : Background concurrent copying GC freed 73520(5MB) AllocSpace objects, 42(1456KB) LOS objects, 38% free, 9MB/15MB, paused 9.863ms total 224.217ms
05-31 12:50:26.307  1445  1493 D gralloc_ranchu: gralloc_alloc: Creating ashmem region of size 14749696
05-31 12:50:26.314  2081  2364 W zygote  : Class com.google.android.gms.internal.zzbtf failed lock verification and will run slower.
05-31 12:50:26.314  2081  2364 W zygote  : Common causes for lock verification issues are non-optimized dex code
05-31 12:50:26.314  2081  2364 W zygote  : and incorrect proguard optimizations.
05-31 12:50:26.324  1710  1735 W zygote  : kill(-2558, 9) failed: No such process
05-31 12:50:26.324  1710  1735 I zygote  : Successfully killed process cgroup uid 10021 pid 2558 in 79ms
05-31 12:50:26.327  2716  2716 I ContactsPerf: VoicemailContentProvider.onCreate start
05-31 12:50:26.330  1900  2231 D EGL_emulation: eglMakeCurrent: 0xd73f0a40: ver 2 0 (tinfo 0xd747f800)
05-31 12:50:26.331  2716  2716 I ContactsPerf: VoicemailContentProvider.onCreate finish
05-31 12:50:26.334  1710  1787 D         : HostConnection::get() New Host Connection established 0xd0057c40, tid 1787
05-31 12:50:26.337  1900  2231 D EGL_emulation: eglMakeCurrent: 0xd73f0a40: ver 2 0 (tinfo 0xd747f800)
05-31 12:50:26.348  2716  2802 I ContactsDatabaseHelper: Bootstrapping database contacts2.db version: 1202
05-31 12:50:26.354  1710  1824 D ConnectivityService: Switching to new default network: NetworkAgentInfo{ ni{[type: MOBILE[LTE], state: CONNECTED/CONNECTED, reason: connected, extra: epc.tmobile.com, failover: false, available: true, roaming: false]}  network{100}  nethandle{429513165534}  lp{{InterfaceName: radio0 LinkAddresses: [192.168.200.2/24,]  Routes: [0.0.0.0/0 -> 192.168.200.1 radio0,192.168.200.0/24 -> 0.0.0.0 radio0,] DnsAddresses: [10.0.2.3,] Domains: null MTU: 1500 TcpBufferSizes: 524288,1048576,2097152,262144,524288,1048576}}  nc{[ Transports: CELLULAR Capabilities: MMS&SUPL&DUN&FOTA&IMS&CBS&IA&INTERNET&NOT_RESTRICTED&TRUSTED&NOT_VPN&FOREGROUND LinkUpBandwidth>=51200Kbps LinkDnBandwidth>=102400Kbps Specifier: <1>]}  Score{10}  everValidated{false}  lastValidated{false}  created{true} lingering{false} explicitlySelected{false} acceptUnvalidated{false} everCaptivePortalDetected{false} lastCaptivePortalDetected{false} clat{null} }
05-31 12:50:26.385  2081  2808 W zygote  : Class com.google.android.gms.common.GoogleSignatureVerifier failed lock verification and will run slower.
05-31 12:50:26.387  2716  2716 I zygote  : The ClassLoaderContext is a special shared library.
05-31 12:50:26.405  1710  1835 I GnssLocationProvider: WakeLock acquired by sendMessage(INJECT_NTP_TIME, 0, null)
05-31 12:50:26.405  1710  1835 I GnssLocationProvider: WakeLock acquired by sendMessage(DOWNLOAD_XTRA_DATA, 0, null)
05-31 12:50:26.405  1710  1835 I GnssLocationProvider: WakeLock acquired by sendMessage(UPDATE_NETWORK_STATE, 0, 100)
05-31 12:50:26.406  1710  1824 D ConnectivityService: Sending CONNECTED broadcast for type 0 NetworkAgentInfo [MOBILE (LTE) - 100] isDefaultNetwork=true
05-31 12:50:26.408  1710  1988 D NetworkTimeUpdateService: New default network 100; checking time.
05-31 12:50:26.423  1710  1806 I InputReader: Reconfiguring input devices.  changes=0x00000010
05-31 12:50:26.430  2533  2688 I Dialer  : BlockedNumbersAutoMigrator - updating state as already checked for auto-migrate.
05-31 12:50:26.431  2003  2003 I TelecomFramework: PstnPhoneCapabilitiesNotifier: handleVideoCapabilitesChanged. Video capability - false
05-31 12:50:26.431  1900  2231 D EGL_emulation: eglMakeCurrent: 0xd73f0a40: ver 2 0 (tinfo 0xd747f800)
05-31 12:50:26.436  2533  2533 I Dialer  : LegacyVoicemailNotificationReceiver.onReceive - received legacy voicemail notification
05-31 12:50:26.436  2533  2533 I Dialer  : LegacyVoicemailNotificationReceiver.onReceive - isRefresh: false
05-31 12:50:26.436  2533  2533 I Dialer  : LegacyVoicemailNotificationReceiver.onReceive - clearing notification
05-31 12:50:26.436  2533  2533 I Dialer  : LegacyVoicemailNotifier.cancelNotification - enter
05-31 12:50:26.446  2003  2003 D CarrierSvcBindHelper: Received android.intent.action.USER_UNLOCKED
05-31 12:50:26.450  2533  2533 I Dialer  : BlockedNumbersAutoMigrator - attempting to auto-migrate.
05-31 12:50:26.457  2003  2003 D CarrierSvcBindHelper: No carrier app for: 0
05-31 12:50:26.458  2003  2003 D IntentBroadcaster: Rebroadcasting intent android.intent.action.SIM_STATE_CHANGED LOADED for slotId 0
05-31 12:50:26.465  1710  2517 W WallpaperManagerService: Cannot extract colors because wallpaper could not be read.
05-31 12:50:26.467  1710  1710 I Telecom : DefaultDialerCache: Refreshing default dialer for user 0: now com.google.android.dialer: DDC.oR@AC4
05-31 12:50:26.482  1900  2231 D EGL_emulation: eglMakeCurrent: 0xd73f0a40: ver 2 0 (tinfo 0xd747f800)
05-31 12:50:26.490  2003  2003 D CarrierConfigLoader: Connected to config app: com.android.carrierconfig/com.android.carrierconfig.DefaultCarrierConfigService
05-31 12:50:26.490  2003  2003 I TelecomFramework: PstnPhoneCapabilitiesNotifier: handleVideoCapabilitesChanged. Video capability - false
05-31 12:50:26.491  2716  2716 D StrictMode: StrictMode policy violation; ~duration=190 ms: android.os.StrictMode$StrictModeDiskWriteViolation: policy=65597 violation=1
05-31 12:50:26.491  2716  2716 D StrictMode: 	at android.os.StrictMode$AndroidBlockGuardPolicy.onWriteToDisk(StrictMode.java:1386)
05-31 12:50:26.491  2716  2716 D StrictMode: 	at libcore.io.BlockGuardOs.mkdir(BlockGuardOs.java:193)
05-31 12:50:26.491  2716  2716 D StrictMode: 	at android.system.Os.mkdir(Os.java:321)
05-31 12:50:26.491  2716  2716 D StrictMode: 	at android.app.ContextImpl.ensurePrivateDirExists(ContextImpl.java:575)
05-31 12:50:26.491  2716  2716 D StrictMode: 	at android.app.ContextImpl.ensurePrivateDirExists(ContextImpl.java:563)
05-31 12:50:26.491  2716  2716 D StrictMode: 	at android.app.ContextImpl.getPreferencesDir(ContextImpl.java:519)
05-31 12:50:26.491  2716  2716 D StrictMode: 	at android.app.ContextImpl.getSharedPreferencesPath(ContextImpl.java:714)
05-31 12:50:26.491  2716  2716 D StrictMode: 	at android.app.ContextImpl.getSharedPreferences(ContextImpl.java:368)
05-31 12:50:26.491  2716  2716 D StrictMode: 	at android.preference.PreferenceManager.getDefaultSharedPreferences(PreferenceManager.java:526)
05-31 12:50:26.491  2716  2716 D StrictMode: 	at com.android.providers.contacts.FastScrollingIndexCache.getInstance(FastScrollingIndexCache.java:95)
05-31 12:50:26.491  2716  2716 D StrictMode: 	at com.android.providers.contacts.ContactsProvider2.initialize(ContactsProvider2.java:1586)
05-31 12:50:26.491  2716  2716 D StrictMode: 	at com.android.providers.contacts.ContactsProvider2.onCreate(ContactsProvider2.java:1561)
05-31 12:50:26.491  2716  2716 D StrictMode: 	at android.content.ContentProvider.attachInfo(ContentProvider.java:1917)
05-31 12:50:26.491  2716  2716 D StrictMode: 	at android.content.ContentProvider.attachInfo(ContentProvider.java:1892)
05-31 12:50:26.491  2716  2716 D StrictMode: 	at android.app.ActivityThread.installProvider(ActivityThread.java:6239)
05-31 12:50:26.491  2716  2716 D StrictMode: 	at android.app.ActivityThread.installContentProviders(ActivityThread.java:5805)
05-31 12:50:26.491  2716  2716 D StrictMode: 	at android.app.ActivityThread.handleBindApplication(ActivityThread.java:5722)
05-31 12:50:26.491  2716  2716 D StrictMode: 	at android.app.ActivityThread.-wrap1(Unknown Source:0)
05-31 12:50:26.491  2716  2716 D StrictMode: 	at android.app.ActivityThread$H.handleMessage(ActivityThread.java:1656)
05-31 12:50:26.491  2716  2716 D StrictMode: 	at android.os.Handler.dispatchMessage(Handler.java:106)
05-31 12:50:26.491  2716  2716 D StrictMode: 	at android.os.Looper.loop(Looper.java:164)
05-31 12:50:26.491  2716  2716 D StrictMode: 	at android.app.ActivityThread.main(ActivityThread.java:6494)
05-31 12:50:26.491  2716  2716 D StrictMode: 	at java.lang.reflect.Method.invoke(Native Method)
05-31 12:50:26.491  2716  2716 D StrictMode: 	at com.android.internal.os.RuntimeInit$MethodAndArgsCaller.run(RuntimeInit.java:438)
05-31 12:50:26.491  2716  2716 D StrictMode: 	at com.android.internal.os.ZygoteInit.main(ZygoteInit.java:807)
05-31 12:50:26.491  2716  2716 D StrictMode: StrictMode policy violation; ~duration=189 ms: android.os.StrictMode$StrictModeDiskWriteViolation: policy=65597 violation=1
05-31 12:50:26.491  2716  2716 D StrictMode: 	at android.os.StrictMode$AndroidBlockGuardPolicy.onWriteToDisk(StrictMode.java:1386)
05-31 12:50:26.491  2716  2716 D StrictMode: 	at libcore.io.BlockGuardOs.chmod(BlockGuardOs.java:77)
05-31 12:50:26.491  2716  2716 D StrictMode: 	at android.system.Os.chmod(Os.java:87)
05-31 12:50:26.491  2716  2716 D StrictMode: 	at android.app.ContextImpl.ensurePrivateDirExists(ContextImpl.java:576)
05-31 12:50:26.491  2716  2716 D StrictMode: 	at android.app.ContextImpl.ensurePrivateDirExists(ContextImpl.java:563)
05-31 12:50:26.491  2716  2716 D StrictMode: 	at android.app.ContextImpl.getPreferencesDir(ContextImpl.java:519)
05-31 12:50:26.491  2716  2716 D StrictMode: 	at android.app.ContextImpl.getSharedPreferencesPath(ContextImpl.java:714)
05-31 12:50:26.491  2716  2716 D StrictMode: 	at android.app.ContextImpl.getSharedPreferences(ContextImpl.java:368)
05-31 12:50:26.491  2716  2716 D StrictMode: 	at android.preference.PreferenceManager.getDefaultSharedPreferences(PreferenceManager.java:526)
05-31 12:50:26.491  2716  2716 D StrictMode: 	at com.android.providers.contacts.FastScrollingIndexCache.getInstance(FastScrollingIndexCache.java:95)
