05-31 15:42:12.510     0     0 I logd.auditd: start
05-31 15:42:12.512     0     0 I init    : processing action (late-init) from (/vendor/etc/init/android.hardware.atrace@1.0-service.rc:1)
05-31 15:42:12.516     0     0 I init    : processing action (queue_property_triggers) from (<Builtin Action>:0)
05-31 15:42:12.518     0     0 I init    : processing action (early-fs) from (/system/etc/init/hw/init.rc:463)
05-31 15:42:12.520     0     0 I init    : starting service 'vold'...
05-31 15:42:12.525     0     0 I init    : processing action (early-fs) from (/vendor/etc/init/hw/init.ranchu.rc:1)
05-31 15:42:12.526     0     0 I init    : processing action (fs) from (/vendor/etc/init/hw/init.ranchu.rc:4)
05-31 15:42:12.528     0     0 I init    : starting service 'wait_for_keymaster'...
05-31 15:42:12.549     0     0 I init    : SVC_EXEC service 'wait_for_keymaster' pid 182 (uid 0 gid 0+1 context default) started; waiting...
05-31 15:42:12.579     0     0 I wait_for_keymaster: Waiting for Keymaster device
05-31 15:42:12.600   173   173 E cutils-trace: Error opening trace file: Permission denied (13)
05-31 15:42:12.601   173   173 I hwservicemanager: getFrameworkHalManifest: Reading VINTF information.
--------- beginning of system
05-31 15:42:12.607   181   181 I vold    : Vold 3.0 (the awakening) firing up
05-31 15:42:12.608   181   181 D vold    : Detected support for: ext4 f2fs vfat
05-31 15:42:12.609   181   181 D vold    : Found unmanaged dm device named product
05-31 15:42:12.609   181   181 D vold    : Found unmanaged dm device named vendor
05-31 15:42:12.609   181   181 D vold    : Found unmanaged dm device named system
05-31 15:42:12.609   181   181 D vold    : Found unmanaged dm device named system_ext
05-31 15:42:12.609   181   181 D vold    : Found unmanaged dm device named system-verity
05-31 15:42:12.609   181   181 W vold    : Failed to LOOP_GET_STATUS64 /dev/block/loop26: No such device or address
05-31 15:42:12.609   181   181 W vold    : Failed to LOOP_GET_STATUS64 /dev/block/loop25: No such device or address
05-31 15:42:12.609   181   181 W vold    : Failed to LOOP_GET_STATUS64 /dev/block/loop24: No such device or address
05-31 15:42:12.609   181   181 W vold    : Failed to LOOP_GET_STATUS64 /dev/block/loop23: No such device or address
05-31 15:42:12.609   181   181 W vold    : Failed to LOOP_GET_STATUS64 /dev/block/loop22: No such device or address
05-31 15:42:12.609   181   181 W vold    : Failed to LOOP_GET_STATUS64 /dev/block/loop21: No such device or address
05-31 15:42:12.609   181   181 W vold    : Failed to LOOP_GET_STATUS64 /dev/block/loop20: No such device or address
05-31 15:42:12.609   181   181 W vold    : Failed to LOOP_GET_STATUS64 /dev/block/loop19: No such device or address
05-31 15:42:12.609   181   181 W vold    : Failed to LOOP_GET_STATUS64 /dev/block/loop18: No such device or address
05-31 15:42:12.609   181   181 W vold    : Failed to LOOP_GET_STATUS64 /dev/block/loop17: No such device or address
05-31 15:42:12.609   181   181 W vold    : Failed to LOOP_GET_STATUS64 /dev/block/loop16: No such device or address
05-31 15:42:12.609   181   181 W vold    : Failed to LOOP_GET_STATUS64 /dev/block/loop12: No such device or address
05-31 15:42:12.609   181   181 W vold    : Failed to LOOP_GET_STATUS64 /dev/block/loop10: No such device or address
05-31 15:42:12.609   181   181 W vold    : Failed to LOOP_GET_STATUS64 /dev/block/loop7: No such device or address
05-31 15:42:12.609   181   181 D vold    : Found unmanaged loop device at /dev/block/loop3 named apex:
05-31 15:42:12.609   181   181 D vold    : Found unmanaged loop device at /dev/block/loop0 named apex:
05-31 15:42:12.609   181   181 D vold    : Found unmanaged loop device at /dev/block/loop5 named apex:
05-31 15:42:12.609   181   181 D vold    : Found unmanaged loop device at /dev/block/loop2 named apex:
05-31 15:42:12.609   181   181 W vold    : Failed to LOOP_GET_STATUS64 /dev/block/loop8: No such device or address
05-31 15:42:12.609   181   181 D vold    : Found unmanaged loop device at /dev/block/loop1 named apex:
05-31 15:42:12.609   181   181 W vold    : Failed to LOOP_GET_STATUS64 /dev/block/loop13: No such device or address
05-31 15:42:12.609   181   181 W vold    : Failed to LOOP_GET_STATUS64 /dev/block/loop15: No such device or address
05-31 15:42:12.609   181   181 W vold    : Failed to LOOP_GET_STATUS64 /dev/block/loop14: No such device or address
05-31 15:42:12.609   181   181 W vold    : Failed to LOOP_GET_STATUS64 /dev/block/loop9: No such device or address
05-31 15:42:12.610   181   181 W vold    : Failed to LOOP_GET_STATUS64 /dev/block/loop11: No such device or address
05-31 15:42:12.610   181   181 D vold    : Found unmanaged loop device at /dev/block/loop4 named apex:
05-31 15:42:12.610   181   181 W vold    : Failed to LOOP_GET_STATUS64 /dev/block/loop6: No such device or address
05-31 15:42:12.610   173   173 I hwservicemanager: getFrameworkHalManifest: Successfully processed VINTF information
05-31 15:42:12.612   173   173 I hwservicemanager: getDeviceHalManifest: Reading VINTF information.
05-31 15:42:12.612   181   181 D vold    : VoldNativeService::start() completed OK
05-31 15:42:12.616     0     0 I HidlServiceManagement: getService: Trying again for android.hardware.keymaster@4.0::IKeymasterDevice/default...
05-31 15:42:12.616   181   187 I vold    : Found disk at /devices/pci0000:00/0000:00:08.0/virtio5/block/vdf but delaying scan due to secure keyguard
05-31 15:42:12.619     0     0 I init    : starting service 'vendor.keymaster-4-1'...
05-31 15:42:12.622     0     0 I init    : Control message: Processed ctl.interface_start for 'android.hardware.keymaster@4.0::IKeymasterDevice/default' from pid: 173 (/system/bin/hwservicemanager)
05-31 15:42:12.625     0     0 I init    : Control message: Processed ctl.interface_start for 'android.hardware.keymaster@4.0::IKeymasterDevice/default' from pid: 173 (/system/bin/hwservicemanager)
05-31 15:42:12.631   173   173 I hwservicemanager: getDeviceHalManifest: Successfully processed VINTF information
05-31 15:42:12.633   173   173 I hwservicemanager: Since android.hardware.keymaster@4.0::IKeymasterDevice/default is not registered, trying to start it as a lazy HAL.
05-31 15:42:12.634   173   173 I hwservicemanager: Since android.hardware.keymaster@4.0::IKeymasterDevice/default is not registered, trying to start it as a lazy HAL.
05-31 15:42:12.667     0     0 I wait_for_keymaster: List of Keymaster HALs found:
05-31 15:42:12.669     0     0 I wait_for_keymaster: Keymaster HAL #1: SoftwareKeymasterDevice from Google SecurityLevel: SOFTWARE HAL: android.hardware.keymaster@4.1::IKeymasterDevice/default
05-31 15:42:12.672     0     0 D wait_for_keymaster: Computing HMAC with params { (seed: , nonce: e4a53e5fd98cf59f58529585934bcb79cf16c3e65ef4b275624c2298368e) }
05-31 15:42:12.672     0     0 D wait_for_keymaster: Computing HMAC for SoftwareKeymasterDevice from Google SecurityLevel: SOFTWARE HAL: android.hardware.keymaster@4.1::IKeymasterDevice/default
05-31 15:42:12.672     0     0 I wait_for_keymaster: Using SoftwareKeymasterDevice from Google for encryption.  Security level: SOFTWARE, HAL: android.hardware.keymaster@4.1::IKeymasterDevice/default
05-31 15:42:12.675     0     0 I wait_for_keymaster: Keymaster device ready
05-31 15:42:12.677     0     0 I init    : Service 'wait_for_keymaster' (pid 182) exited with status 0 waiting took 0.129000 seconds
05-31 15:42:12.679     0     0 I init    : Sending signal 9 to service 'wait_for_keymaster' (pid 182) process group...
05-31 15:42:12.680     0     0 I libprocessgroup: Successfully killed process cgroup uid 0 pid 182 in 0ms
05-31 15:42:12.683   191   191 E cutils-trace: Error opening trace file: Permission denied (13)
05-31 15:42:12.684   191   191 I HidlServiceManagement: Registered android.hardware.keymaster@4.1::IKeymasterDevice/default (start delay of 50ms)
05-31 15:42:12.684   191   191 I HidlServiceManagement: Removing namespace from process name android.hardware.keymaster@4.1-service to keymaster@4.1-service.
05-31 15:42:12.685   173   173 I hw-BpHwBinder: onLastStrongRef automatically unlinking death recipients
05-31 15:42:12.685     0     0 I init    : [libfs_mgr]Invalid ext4 superblock on '/dev/block/vdc'
05-31 15:42:12.686   173   173 I hwservicemanager: getTransport: Cannot find entry android.hardware.keymaster@3.0::IKeymasterDevice/default in either framework or device manifest.
05-31 15:42:12.686     0     0 E init    : [libfs_mgr]mount_with_alternatives(): skipping mount due to invalid magic, mountpoint=/data blk_dev=/dev/block/vdc rec[4].fs_type=ext4
05-31 15:42:12.690     0     0 I init    : Calling: /system/bin/vdc cryptfs mountFstab /dev/block/vdc /data
05-31 15:42:12.699     0     0 D vdc     : Waited 0ms for vold
05-31 15:42:12.717   181   181 D vold    : fscrypt_mount_metadata_encrypted: /data 0
05-31 15:42:12.717   181   181 D vold    : metadata_key_dir/key: /metadata/vold/metadata_encryption/key
05-31 15:42:12.722     0     0 W EXT4-fs (dm-5): Ignoring removed nomblk_io_submit option
05-31 15:42:12.722   173   173 I hwservicemanager: getTransport: Cannot find entry android.hardware.keymaster@3.0::IKeymasterDevice/default in either framework or device manifest.
05-31 15:42:12.722   181   181 I vold    : List of Keymaster HALs found:
05-31 15:42:12.723   181   181 I vold    : Keymaster HAL #1: SoftwareKeymasterDevice from Google SecurityLevel: SOFTWARE HAL: android.hardware.keymaster@4.1::IKeymasterDevice/default
05-31 15:42:12.723   181   181 D vold    : Computing HMAC with params { (seed: , nonce: e4a53e5fd98cf59f58529585934bcb79cf16c3e65ef4b275624c2298368e) }
05-31 15:42:12.723   181   181 D vold    : Computing HMAC for SoftwareKeymasterDevice from Google SecurityLevel: SOFTWARE HAL: android.hardware.keymaster@4.1::IKeymasterDevice/default
05-31 15:42:12.723     0     0 I EXT4-fs (dm-5): Using encoding defined by superblock: utf8-12.1.0 with flags 0x0
05-31 15:42:12.723   181   181 I vold    : Using SoftwareKeymasterDevice from Google for encryption.  Security level: SOFTWARE, HAL: android.hardware.keymaster@4.1::IKeymasterDevice/default
05-31 15:42:12.725   173   173 I hwservicemanager: getTransport: Cannot find entry android.hardware.boot@1.0::IBootControl/default in either framework or device manifest.
05-31 15:42:12.725   181   181 D vold    : Key exists, using: /metadata/vold/metadata_encryption/key
05-31 15:42:12.730   173   173 I hwservicemanager: getTransport: Cannot find entry android.hardware.keymaster@3.0::IKeymasterDevice/default in either framework or device manifest.
05-31 15:42:12.730   181   181 I vold    : List of Keymaster HALs found:
05-31 15:42:12.730   181   181 I vold    : Keymaster HAL #1: SoftwareKeymasterDevice from Google SecurityLevel: SOFTWARE HAL: android.hardware.keymaster@4.1::IKeymasterDevice/default
05-31 15:42:12.730   181   181 I vold    : Using SoftwareKeymasterDevice from Google for encryption.  Security level: SOFTWARE, HAL: android.hardware.keymaster@4.1::IKeymasterDevice/default
05-31 15:42:12.734   181   181 D vold    : Mounting metadata-encrypted filesystem:/data
05-31 15:42:12.737   173   173 I hwservicemanager: getTransport: Cannot find entry android.hardware.keymaster@3.0::IKeymasterDevice/default in either framework or device manifest.
05-31 15:42:12.738   181   181 I vold    : List of Keymaster HALs found:
05-31 15:42:12.738   181   181 I vold    : Keymaster HAL #1: SoftwareKeymasterDevice from Google SecurityLevel: SOFTWARE HAL: android.hardware.keymaster@4.1::IKeymasterDevice/default
05-31 15:42:12.739   181   181 I vold    : [libfs_mgr]superblock s_max_mnt_count:65535,/dev/block/dm-5
05-31 15:42:12.739   181   181 I vold    : [libfs_mgr]Filesystem on /dev/block/dm-5 was not cleanly shutdown; state flags: 0x1, incompat feature flags: 0x30046
05-31 15:42:12.745     0     0 I EXT4-fs (dm-5): recovery complete
05-31 15:42:12.747     0     0 I EXT4-fs (dm-5): mounted filesystem with ordered data mode. Opts: errors=remount-ro,nomblk_io_submit
05-31 15:42:12.767   181   181 I vold    : [libfs_mgr]check_fs(): mount(/dev/block/dm-5,/data,ext4)=0: Success
05-31 15:42:12.785     0     0 I e2fsck  : e2fsck 1.45.4 (23-Sep-2019)
05-31 15:42:12.786   181   181 I vold    : [libfs_mgr]check_fs(): unmount(/data) succeeded
05-31 15:42:12.786   181   181 I vold    : [libfs_mgr]Running /system/bin/e2fsck on /dev/block/dm-5
05-31 15:42:12.803     0     0 I e2fsck  : Pass 1: Checking inodes, blocks, and sizes
05-31 15:42:13.035     0     0 I e2fsck  : Pass 2: Checking directory structure
05-31 15:42:13.136     0     0 I e2fsck  : Pass 3: Checking directory connectivity
05-31 15:42:13.144     0     0 I e2fsck  : Pass 4: Checking reference counts
05-31 15:42:13.151     0     0 I e2fsck  : Pass 5: Checking group summary information
05-31 15:42:13.187     0     0 I e2fsck  : /dev/block/dm-5: 5103/393216 files (3.3% non-contiguous), 159677/1572864 blocks
05-31 15:42:13.192     0     0 W EXT4-fs (dm-5): Ignoring removed nomblk_io_submit option
05-31 15:42:13.194     0     0 I EXT4-fs (dm-5): Using encoding defined by superblock: utf8-12.1.0 with flags 0x0
05-31 15:42:13.202     0     0 I EXT4-fs (dm-5): mounted filesystem with ordered data mode. Opts: nomblk_io_submit,errors=panic
05-31 15:42:13.210   181   181 I vold    : [libfs_mgr]superblock s_max_mnt_count:65535,/dev/block/dm-5
05-31 15:42:13.210   181   181 W vold    : [libfs_mgr]Reserved blocks 32768 is too large; capping to 31457
05-31 15:42:13.212     0     0 I init    : Keyring created with id 728690678 in process 1
05-31 15:42:13.215     0     0 I init    : Command 'mount_all /vendor/etc/fstab.ranchu' action=fs (/vendor/etc/init/hw/init.ranchu.rc:6) took 531ms and succeeded
05-31 15:42:13.218     0     0 I init    : processing action (fs) from (/system/etc/init/logd.rc:28)
05-31 15:42:13.219     0     0 I init    : processing action (fs) from (/system/etc/init/wifi.rc:25)
05-31 15:42:13.222     0     0 I init    : processing action (post-fs) from (/system/etc/init/hw/init.rc:467)
05-31 15:42:13.223   181   181 I vold    : [libfs_mgr]__mount(source=/dev/block/dm-5,target=/data,type=ext4)=0: Success
05-31 15:42:13.223     0     0 I init    : starting service 'exec 2 (/system/bin/vdc checkpoint markBootAttempt)'...
05-31 15:42:13.223   181   181 D vold    : Mounted /data
05-31 15:42:13.225   181   187 D vold    : Disk at 253:5 changed
05-31 15:42:13.225     0     0 I init    : SVC_EXEC service 'exec 2 (/system/bin/vdc checkpoint markBootAttempt)' pid 204 (uid 1000 gid 1000+0 context default) started; waiting...
05-31 15:42:13.231     0     0 I init    : Service 'exec 2 (/system/bin/vdc checkpoint markBootAttempt)' (pid 204) exited with status 0 waiting took 0.005000 seconds
05-31 15:42:13.233     0     0 I init    : Sending signal 9 to service 'exec 2 (/system/bin/vdc checkpoint markBootAttempt)' (pid 204) process group...
05-31 15:42:13.236     0     0 I libprocessgroup: Successfully killed process cgroup uid 1000 pid 204 in 0ms
05-31 15:42:13.238     0     0 E selinux : SELinux:  Could not stat /sys/kernel/debug: No such file or directory.
05-31 15:42:13.239     0     0 E selinux :  
05-31 15:42:13.240     0     0 I init    : Command 'chown system cache /cache' action=post-fs (/system/etc/init/hw/init.rc:479) took 0ms and failed: lchown() failed: Read-only file system
05-31 15:42:13.242     0     0 I init    : Command 'chmod 0770 /cache' action=post-fs (/system/etc/init/hw/init.rc:480) took 0ms and failed: fchmodat() failed: Read-only file system
05-31 15:42:13.248     0     0 I init    : Command 'mkdir /cache/recovery 0770 system cache' action=post-fs (/system/etc/init/hw/init.rc:486) took 3ms and failed: mkdir() failed on /cache/recovery: Required key not available
05-31 15:42:13.252     0     0 I init    : Command 'mkdir /cache/backup_stage 0700 system system' action=post-fs (/system/etc/init/hw/init.rc:489) took 0ms and failed: mkdir() failed on /cache/backup_stage: Required key not available
05-31 15:42:13.255     0     0 I init    : Command 'mkdir /cache/backup 0700 system system' action=post-fs (/system/etc/init/hw/init.rc:490) took 0ms and failed: mkdir() failed on /cache/backup: Required key not available
05-31 15:42:13.259     0     0 I init    : Command 'mkdir /cache/lost+found 0770 root root' action=post-fs (/system/etc/init/hw/init.rc:511) took 0ms and failed: mkdir() failed on /cache/lost+found: Required key not available
05-31 15:42:13.263     0     0 I selinux : SELinux: Skipping restorecon on directory(/metadata)
05-31 15:42:13.265     0     0 I selinux :  
05-31 15:42:13.267     0     0 I selinux : SELinux: Skipping restorecon on directory(/metadata/apex)
05-31 15:42:13.268     0     0 I selinux :  
05-31 15:42:13.269     0     0 I init    : processing action (post-fs) from (/system/etc/init/atrace_userdebug.rc:7)
05-31 15:42:13.271     0     0 I init    : processing action (post-fs) from (/system/etc/init/gsid.rc:8)
05-31 15:42:13.272     0     0 I init    : processing action (post-fs) from (/system/etc/init/recovery-refresh.rc:1)
05-31 15:42:13.274     0     0 I init    : starting service 'exec 3 (/system/bin/recovery-refresh)'...
05-31 15:42:13.276     0     0 I init    : processing action (late-fs) from (/system/etc/init/hw/init.rc:531)
05-31 15:42:13.279     0     0 I init    : starting service 'system_suspend'...
05-31 15:42:13.282     0     0 I init    : starting service 'vendor.atrace-hal-1-0'...
05-31 15:42:13.287     0     0 I init    : Service 'exec 3 (/system/bin/recovery-refresh)' (pid 205) exited with status 254 oneshot service took 0.011000 seconds in background
05-31 15:42:13.290     0     0 I init    : Sending signal 9 to service 'exec 3 (/system/bin/recovery-refresh)' (pid 205) process group...
05-31 15:42:13.292     0     0 I libprocessgroup: Successfully killed process cgroup uid 1000 pid 205 in 0ms
05-31 15:42:13.294     0     0 I init    : processing action (late-fs) from (/vendor/etc/init/hw/init.ranchu.rc:8)
05-31 15:42:13.300     0     0 E init    : Unable to set property 'ro.crypto.state' from uid:0 gid:0 pid:1: Read-only property was already set
05-31 15:42:13.302     0     0 I init    : processing action (post-fs-data) from (/system/etc/init/hw/init.rc:540)
05-31 15:42:13.304     0     0 I init    : starting service 'exec 4 (/system/bin/vdc checkpoint prepareCheckpoint)'...
05-31 15:42:13.306     0     0 I init    : SVC_EXEC service 'exec 4 (/system/bin/vdc checkpoint prepareCheckpoint)' pid 210 (uid 1000 gid 1000+0 context default) started; waiting...
05-31 15:42:13.312     0     0 I init    : Service 'exec 4 (/system/bin/vdc checkpoint prepareCheckpoint)' (pid 210) exited with status 0 waiting took 0.006000 seconds
05-31 15:42:13.314     0     0 I init    : Sending signal 9 to service 'exec 4 (/system/bin/vdc checkpoint prepareCheckpoint)' (pid 210) process group...
05-31 15:42:13.315   207   207 I HidlServiceManagement: Registered android.hardware.atrace@1.0::IAtraceDevice/default (start delay of 21ms)
05-31 15:42:13.315   206   206 I HidlServiceManagement: Registered android.system.suspend@1.0::ISystemSuspend/default (start delay of 21ms)
05-31 15:42:13.315   206   206 I HidlServiceManagement: Removing namespace from process name android.system.suspend@1.0-service to suspend@1.0-service.
05-31 15:42:13.315   207   207 I HidlServiceManagement: Removing namespace from process name android.hardware.atrace@1.0-service to atrace@1.0-service.
05-31 15:42:13.317     0     0 I libprocessgroup: Successfully killed process cgroup uid 1000 pid 210 in 0ms
05-31 15:42:13.320     0     0 I init    : starting service 'exec 5 (/system/bin/vdc --wait cryptfs enablefilecrypto)'...
05-31 15:42:13.320     1     1 W libc    : Unable to set property "ro.crypto.state" to "unsupported": error code: 0xb
05-31 15:42:13.322     0     0 I init    : SVC_EXEC service 'exec 5 (/system/bin/vdc --wait cryptfs enablefilecrypto)' pid 211 (uid 0 gid 0+0 context default) started; waiting...
05-31 15:42:13.327     0     0 D vdc     : Waited 0ms for vold
05-31 15:42:13.329   181   181 I Checkpoint: cp_prepareCheckpoint called
05-31 15:42:13.346   181   181 I vold    : fscrypt_initialize_systemwide_keys
05-31 15:42:13.346   181   181 D vold    : Key exists, using: /data/unencrypted/key
05-31 15:42:13.347     0     0 I init    : Service 'exec 5 (/system/bin/vdc --wait cryptfs enablefilecrypto)' (pid 211) exited with status 0 waiting took 0.025000 seconds
05-31 15:42:13.349     0     0 I init    : Sending signal 9 to service 'exec 5 (/system/bin/vdc --wait cryptfs enablefilecrypto)' (pid 211) process group...
05-31 15:42:13.351   173   173 I hwservicemanager: getTransport: Cannot find entry android.hardware.keymaster@3.0::IKeymasterDevice/default in either framework or device manifest.
05-31 15:42:13.351     0     0 I libprocessgroup: Successfully killed process cgroup uid 0 pid 211 in 0ms
05-31 15:42:13.351   181   181 I vold    : List of Keymaster HALs found:
05-31 15:42:13.352   181   181 I vold    : Keymaster HAL #1: SoftwareKeymasterDevice from Google SecurityLevel: SOFTWARE HAL: android.hardware.keymaster@4.1::IKeymasterDevice/default
05-31 15:42:13.352   181   181 I vold    : Using SoftwareKeymasterDevice from Google for encryption.  Security level: SOFTWARE, HAL: android.hardware.keymaster@4.1::IKeymasterDevice/default
05-31 15:42:13.355   181   181 D vold    : Installed fscrypt key with ref 978363acb36eae36c608e293174e2c1e to /data
05-31 15:42:13.355   181   181 D vold    : Added fscrypt-provisioning key for 978363acb36eae36c608e293174e2c1e to session keyring
05-31 15:42:13.357     0     0 I fscrypt : AES-256-CTS-CBC using implementation "cts(cbc-aes-aesni)"
05-31 15:42:13.358     0     0 I init    : Verified that /data/bootchart has the encryption policy 978363acb36eae36c608e293174e2c1e v2 modes 1/4 flags 0x2
05-31 15:42:13.362     0     0 I init    : Switched to default mount namespace
05-31 15:42:13.362   181   181 I vold    : Wrote system DE key reference to:/data/unencrypted/ref
05-31 15:42:13.362   181   181 D vold    : Installed fscrypt key with ref c2520d489a68b9aeccc7b5595939d654 to /data
05-31 15:42:13.362   181   181 D vold    : Added fscrypt-provisioning key for c2520d489a68b9aeccc7b5595939d654 to session keyring
05-31 15:42:13.363     0     0 I init    : Not setting encryption policy on: /data/apex
05-31 15:42:13.364   181   181 I vold    : Wrote per boot key reference to:/data/unencrypted/per_boot_ref
05-31 15:42:13.366     0     0 I init    : Not setting encryption policy on: /data/app-staging
05-31 15:42:13.368     0     0 I init    : starting service 'apexd'...
05-31 15:42:13.374     0     0 E init    : Failed to set encryption policy of /data/misc to 978363acb36eae36c608e293174e2c1e v2 modes 1/4 flags 0x2: Directory not empty
05-31 15:42:13.378     0     0 I apexd   : Scanning /system/apex for preinstalled data
05-31 15:42:13.381     0     0 E logwrapper: executing ls failed: Permission denied
05-31 15:42:13.382     0     0 E logwrapper:  
05-31 15:42:13.382     0     0 I apexd   : Scanning /system_ext/apex for preinstalled data
05-31 15:42:13.382     0     0 I apexd   : ... does not exist. Skipping
05-31 15:42:13.382     0     0 I apexd   : Scanning /product/apex for preinstalled data
05-31 15:42:13.382     0     0 I apexd   : ... does not exist. Skipping
05-31 15:42:13.382     0     0 I apexd   : Scanning /vendor/apex for preinstalled data
05-31 15:42:13.382     0     0 I apexd   : ... does not exist. Skipping
05-31 15:42:13.382     0     0 I apexd   : Populating APEX database from mounts...
05-31 15:42:13.382     0     0 I apexd   : 0 packages restored.
05-31 15:42:13.382     0     0 I apexd   : Marking APEXd as starting
05-31 15:42:13.383     0     0 I apexd   : Scanning /metadata/apex/sessions looking for sessions to be activated.
05-31 15:42:13.387     0     0 I ls      : executing ls failed: Permission denied
05-31 15:42:13.389     0     0 I apexd   : Scanning /data/apex/active looking for APEX packages.
05-31 15:42:13.390     0     0 I ls      : ls terminated by exit(255)
05-31 15:42:13.393     0     0 I apexd   : Activated 0 packages. Skipped: 0
05-31 15:42:13.394     0     0 I ls      :  
05-31 15:42:13.395     0     0 I apexd   : Scanning /system/apex looking for APEX packages.
05-31 15:42:13.395     0     0 E init    : ls -laZ /data/misc returned failure: 255
05-31 15:42:13.396   219   219 W init    : type=1400 audit(0.0:4): avc: denied { execute_no_trans } for path="/vendor/bin/toybox_vendor" dev="dm-3" ino=227 scontext=u:r:init:s0 tcontext=u:object_r:vendor_toolbox_exec:s0 tclass=file permissive=0 b/132695863
05-31 15:42:13.396     0     0 I apexd   : Found /system/apex/com.android.mediaprovider.apex
05-31 15:42:13.398     0     0 E init    : Setting 978363acb36eae36c608e293174e2c1e policy on /data/misc failed!
05-31 15:42:13.399     0     0 I apexd   : Found /system/apex/com.android.tethering.apex
05-31 15:42:13.400     0     0 E init    : Rebooting into recovery
05-31 15:42:13.401     0     0 I apexd   : Found /system/apex/com.android.wifi.apex
05-31 15:42:13.402     0     0 I init    : Command 'mkdir /data/misc 01771 system misc encryption=Require' action=post-fs-data (/system/etc/init/hw/init.rc:576) took 28ms and failed: Failed to set bootloader message: failed to find /misc partition
05-31 15:42:13.402     0     0 I apexd   : Found /system/apex/com.android.cellbroadcast.apex
05-31 15:42:13.419     0     0 I init    : Verified that /data/local has the encryption policy 978363acb36eae36c608e293174e2c1e v2 modes 1/4 flags 0x2
05-31 15:42:13.419     0     0 I apexd   : Found /system/apex/com.android.neuralnetworks.apex
05-31 15:42:13.423     0     0 I apexd   : Found /system/apex/com.android.resolv.apex
05-31 15:42:13.424     0     0 I apexd   : Found /system/apex/com.android.media.swcodec.apex
05-31 15:42:13.425     0     0 I init    : Not setting encryption policy on: /data/preloads
05-31 15:42:13.425     0     0 I apexd   : Found /system/apex/com.android.conscrypt.apex
05-31 15:42:13.428     0     0 I apexd   : Found /system/apex/com.android.adbd.apex
05-31 15:42:13.428     0     0 I init    : Verified that /data/vendor has the encryption policy 978363acb36eae36c608e293174e2c1e v2 modes 1/4 flags 0x2
05-31 15:42:13.429     0     0 I apexd   : Found /system/apex/com.android.art.debug.apex
05-31 15:42:13.431     0     0 I init    : Not setting encryption policy on: /data/vendor_ce
05-31 15:42:13.432     0     0 I apexd   : Found /system/apex/com.android.permission.apex
05-31 15:42:13.434     0     0 I init    : Not setting encryption policy on: /data/vendor_de
05-31 15:42:13.435     0     0 I apexd   : Found /system/apex/com.android.runtime.apex
05-31 15:42:13.437     0     0 I apexd   : Found /system/apex/com.android.sdkext.apex
05-31 15:42:13.439     0     0 I apexd   : Found /system/apex/com.android.tzdata.apex
05-31 15:42:13.440     0     0 I init    : Not setting encryption policy on: /data/data
05-31 15:42:13.440     0     0 I apexd   : Found /system/apex/com.android.media.apex
05-31 15:42:13.442     0     0 I apexd   : Found /system/apex/com.android.extservices.apex
05-31 15:42:13.444     0     0 I apexd   : Found /system/apex/com.android.vndk.current.apex
05-31 15:42:13.445     0     0 I init    : Verified that /data/app-private has the encryption policy 978363acb36eae36c608e293174e2c1e v2 modes 1/4 flags 0x2
05-31 15:42:13.445     0     0 I apexd   : Found /system/apex/com.android.os.statsd.apex
05-31 15:42:13.448     0     0 I init    : Verified that /data/app-ephemeral has the encryption policy 978363acb36eae36c608e293174e2c1e v2 modes 1/4 flags 0x2
05-31 15:42:13.449     0     0 I apexd   : Found /system/apex/com.android.apex.cts.shim.apex
05-31 15:42:13.452     0     0 I init    : Verified that /data/app-asec has the encryption policy 978363acb36eae36c608e293174e2c1e v2 modes 1/4 flags 0x2
05-31 15:42:13.452     0     0 I apexd   : Found /system/apex/com.android.i18n.apex
05-31 15:42:13.455     0     0 I init    : Verified that /data/app-lib has the encryption policy 978363acb36eae36c608e293174e2c1e v2 modes 1/4 flags 0x2
05-31 15:42:13.457     0     0 I init    : Verified that /data/app has the encryption policy 978363acb36eae36c608e293174e2c1e v2 modes 1/4 flags 0x2
05-31 15:42:13.458     0     0 I apexd   : Found /system/apex/com.android.ipsec.apex
05-31 15:42:13.461     0     0 I init    : Verified that /data/property has the encryption policy 978363acb36eae36c608e293174e2c1e v2 modes 1/4 flags 0x2
05-31 15:42:13.461     0     0 D apexd   : Creating mount point: /apex/com.android.mediaprovider@300000000
05-31 15:42:13.466     0     0 I init    : Verified that /data/tombstones has the encryption policy 978363acb36eae36c608e293174e2c1e v2 modes 1/4 flags 0x2
05-31 15:42:13.471     0     0 I init    : Verified that /data/dalvik-cache has the encryption policy 978363acb36eae36c608e293174e2c1e v2 modes 1/4 flags 0x2
05-31 15:42:13.474     0     0 I init    : Verified that /data/ota has the encryption policy 978363acb36eae36c608e293174e2c1e v2 modes 1/4 flags 0x2
05-31 15:42:13.478     0     0 I init    : Verified that /data/ota_package has the encryption policy 978363acb36eae36c608e293174e2c1e v2 modes 1/4 flags 0x2
05-31 15:42:13.482   181   187 D vold    : Disk at 7:48 changed
05-31 15:42:13.482     0     0 I init    : Verified that /data/resource-cache has the encryption policy 978363acb36eae36c608e293174e2c1e v2 modes 1/4 flags 0x2
05-31 15:42:13.484     0     0 I init    : Not setting encryption policy on: /data/lost+found
05-31 15:42:13.487     0     0 I init    : Verified that /data/drm has the encryption policy 978363acb36eae36c608e293174e2c1e v2 modes 1/4 flags 0x2
05-31 15:42:13.488     0     0 D apexd   : Loopback device created: /dev/block/loop6
05-31 15:42:13.490     0     0 D apexd   : AVB footer verification successful.
05-31 15:42:13.491     0     0 I init    : Verified that /data/mediadrm has the encryption policy 978363acb36eae36c608e293174e2c1e v2 modes 1/4 flags 0x2
05-31 15:42:13.492     0     0 D apexd   : /system/apex/com.android.mediaprovider.apex: public key matches.
05-31 15:42:13.495     0     0 I init    : Verified that /data/anr has the encryption policy 978363acb36eae36c608e293174e2c1e v2 modes 1/4 flags 0x2
05-31 15:42:13.497     0     0 I EXT4-fs (loop6): mounted filesystem without journal. Opts: (null)
05-31 15:42:13.499     0     0 I init    : Verified that /data/nfc has the encryption policy 978363acb36eae36c608e293174e2c1e v2 modes 1/4 flags 0x2
05-31 15:42:13.499     0     0 I apexd   : Successfully mounted package /system/apex/com.android.mediaprovider.apex on /apex/com.android.mediaprovider@300000000
05-31 15:42:13.504     0     0 I init    : Verified that /data/backup has the encryption policy 978363acb36eae36c608e293174e2c1e v2 modes 1/4 flags 0x2
05-31 15:42:13.506     0     0 D apexd   : Creating bind-mount for /apex/com.android.mediaprovider for /apex/com.android.mediaprovider@300000000
05-31 15:42:13.506     0     0 D apexd   : Creating mountpoint /apex/com.android.mediaprovider
05-31 15:42:13.506     0     0 D apexd   : Bind-mounting /apex/com.android.mediaprovider@300000000 to /apex/com.android.mediaprovider
05-31 15:42:13.506     0     0 D apexd   : Successfully activated /system/apex/com.android.mediaprovider.apex package_name: com.android.mediaprovider version: 300000000
05-31 15:42:13.506     0     0 D apexd   : Creating mount point: /apex/com.android.tethering@300000000
05-31 15:42:13.508   181   187 D vold    : Disk at 7:48 changed
05-31 15:42:13.508     0     0 I init    : Verified that /data/ss has the encryption policy 978363acb36eae36c608e293174e2c1e v2 modes 1/4 flags 0x2
05-31 15:42:13.510     0     0 E init    : Failed to set encryption policy of /data/system to 978363acb36eae36c608e293174e2c1e v2 modes 1/4 flags 0x2: Directory not empty
05-31 15:42:13.513     0     0 E logwrapper: executing ls failed: Permission denied
05-31 15:42:13.513     0     0 I ls      : executing ls failed: Permission denied
05-31 15:42:13.514     0     0 E logwrapper:  
05-31 15:42:13.516     0     0 I ls      : ls terminated by exit(255)
05-31 15:42:13.517     0     0 I ls      :  
05-31 15:42:13.521     0     0 E init    : ls -laZ /data/system returned failure: 255
05-31 15:42:13.522     0     0 E init    : Setting 978363acb36eae36c608e293174e2c1e policy on /data/system failed!
05-31 15:42:13.523     0     0 E init    : Rebooting into recovery
05-31 15:42:13.525     0     0 I init    : Command 'mkdir /data/system 0775 system system encryption=Require' action=post-fs-data (/system/etc/init/hw/init.rc:703) took 14ms and failed: Failed to set bootloader message: failed to find /misc partition
05-31 15:42:13.525   181   187 D vold    : Disk at 7:56 changed
05-31 15:42:13.528   223   223 W init    : type=1400 audit(0.0:5): avc: denied { execute_no_trans } for path="/vendor/bin/toybox_vendor" dev="dm-3" ino=227 scontext=u:r:init:s0 tcontext=u:object_r:vendor_toolbox_exec:s0 tclass=file permissive=0 b/132695863
05-31 15:42:13.528     0     0 D apexd   : Loopback device created: /dev/block/loop7
05-31 15:42:13.528     0     0 D apexd   : AVB footer verification successful.
05-31 15:42:13.528     0     0 I init    : Not setting encryption policy on: /data/system_de
05-31 15:42:13.529     0     0 D apexd   : /system/apex/com.android.tethering.apex: public key matches.
05-31 15:42:13.530     0     0 I init    : Not setting encryption policy on: /data/system_ce
05-31 15:42:13.533     0     0 I init    : Not setting encryption policy on: /data/misc_de
05-31 15:42:13.535     0     0 I EXT4-fs (loop7): mounted filesystem without journal. Opts: (null)
05-31 15:42:13.535     0     0 I init    : Not setting encryption policy on: /data/misc_ce
05-31 15:42:13.536     0     0 I apexd   : Successfully mounted package /system/apex/com.android.tethering.apex on /apex/com.android.tethering@300000000
05-31 15:42:13.539     0     0 I init    : Not setting encryption policy on: /data/user
05-31 15:42:13.542     0     0 I init    : Not setting encryption policy on: /data/user_de
05-31 15:42:13.542     0     0 D apexd   : Creating bind-mount for /apex/com.android.tethering for /apex/com.android.tethering@300000000
05-31 15:42:13.543     0     0 D apexd   : Creating mountpoint /apex/com.android.tethering
05-31 15:42:13.543     0     0 D apexd   : Bind-mounting /apex/com.android.tethering@300000000 to /apex/com.android.tethering
05-31 15:42:13.543     0     0 D apexd   : Successfully activated /system/apex/com.android.tethering.apex package_name: com.android.tethering version: 300000000
05-31 15:42:13.543     0     0 D apexd   : Creating mount point: /apex/com.android.wifi@300000000
05-31 15:42:13.546   181   187 D vold    : Disk at 7:56 changed
05-31 15:42:13.546     0     0 I init    : Command 'rm /data/user/0' action=post-fs-data (/system/etc/init/hw/init.rc:718) took 1ms and failed: unlink() failed: Is a directory
05-31 15:42:13.553     0     0 I init    : Verified that /data/cache has the encryption policy 978363acb36eae36c608e293174e2c1e v2 modes 1/4 flags 0x2
05-31 15:42:13.560     0     0 I init    : Verified that /data/rollback has the encryption policy 978363acb36eae36c608e293174e2c1e v2 modes 1/4 flags 0x2
05-31 15:42:13.562   181   187 D vold    : Disk at 7:64 changed
05-31 15:42:13.563     0     0 I init    : Verified that /data/rollback-observer has the encryption policy 978363acb36eae36c608e293174e2c1e v2 modes 1/4 flags 0x2
05-31 15:42:13.565     0     0 D apexd   : Loopback device created: /dev/block/loop8
05-31 15:42:13.566     0     0 D apexd   : AVB footer verification successful.
05-31 15:42:13.567     0     0 D apexd   : /system/apex/com.android.wifi.apex: public key matches.
05-31 15:42:13.567     0     0 I init    : Verified that /data/incremental has the encryption policy 978363acb36eae36c608e293174e2c1e v2 modes 1/4 flags 0x2
05-31 15:42:13.572     0     0 I EXT4-fs (loop8): mounted filesystem without journal. Opts: (null)
05-31 15:42:13.573     0     0 I apexd   : Successfully mounted package /system/apex/com.android.wifi.apex on /apex/com.android.wifi@300000000
05-31 15:42:13.577     0     0 D apexd   : Creating bind-mount for /apex/com.android.wifi for /apex/com.android.wifi@300000000
05-31 15:42:13.577     0     0 D apexd   : Creating mountpoint /apex/com.android.wifi
05-31 15:42:13.577     0     0 D apexd   : Bind-mounting /apex/com.android.wifi@300000000 to /apex/com.android.wifi
05-31 15:42:13.577     0     0 D apexd   : Successfully activated /system/apex/com.android.wifi.apex package_name: com.android.wifi version: 300000000
05-31 15:42:13.577     0     0 D apexd   : Creating mount point: /apex/com.android.cellbroadcast@300000000
05-31 15:42:13.583   181   187 D vold    : Disk at 7:64 changed
05-31 15:42:13.596   181   187 D vold    : Disk at 7:72 changed
05-31 15:42:13.596     0     0 D apexd   : Loopback device created: /dev/block/loop9
05-31 15:42:13.596     0     0 D apexd   : AVB footer verification successful.
05-31 15:42:13.597     0     0 D apexd   : /system/apex/com.android.cellbroadcast.apex: public key matches.
05-31 15:42:13.601     0     0 I EXT4-fs (loop9): mounted filesystem without journal. Opts: (null)
05-31 15:42:13.602     0     0 I apexd   : Successfully mounted package /system/apex/com.android.cellbroadcast.apex on /apex/com.android.cellbroadcast@300000000
05-31 15:42:13.607     0     0 D apexd   : Creating bind-mount for /apex/com.android.cellbroadcast for /apex/com.android.cellbroadcast@300000000
05-31 15:42:13.607     0     0 D apexd   : Creating mountpoint /apex/com.android.cellbroadcast
05-31 15:42:13.607     0     0 D apexd   : Bind-mounting /apex/com.android.cellbroadcast@300000000 to /apex/com.android.cellbroadcast
05-31 15:42:13.607     0     0 D apexd   : Successfully activated /system/apex/com.android.cellbroadcast.apex package_name: com.android.cellbroadcast version: 300000000
05-31 15:42:13.607     0     0 D apexd   : Creating mount point: /apex/com.android.neuralnetworks@300000000
05-31 15:42:13.614   181   187 D vold    : Disk at 7:72 changed
05-31 15:42:13.626   181   187 D vold    : Disk at 7:80 changed
05-31 15:42:13.628     0     0 D apexd   : Loopback device created: /dev/block/loop10
05-31 15:42:13.629     0     0 D apexd   : AVB footer verification successful.
05-31 15:42:13.631     0     0 D apexd   : /system/apex/com.android.neuralnetworks.apex: public key matches.
05-31 15:42:13.635     0     0 I EXT4-fs (loop10): mounted filesystem without journal. Opts: (null)
05-31 15:42:13.637     0     0 I apexd   : Successfully mounted package /system/apex/com.android.neuralnetworks.apex on /apex/com.android.neuralnetworks@300000000
05-31 15:42:13.643     0     0 D apexd   : Creating bind-mount for /apex/com.android.neuralnetworks for /apex/com.android.neuralnetworks@300000000
05-31 15:42:13.643     0     0 D apexd   : Creating mountpoint /apex/com.android.neuralnetworks
05-31 15:42:13.643     0     0 D apexd   : Bind-mounting /apex/com.android.neuralnetworks@300000000 to /apex/com.android.neuralnetworks
05-31 15:42:13.643     0     0 D apexd   : Successfully activated /system/apex/com.android.neuralnetworks.apex package_name: com.android.neuralnetworks version: 300000000
05-31 15:42:13.643     0     0 D apexd   : Creating mount point: /apex/com.android.resolv@300000000
05-31 15:42:13.646   181   187 D vold    : Disk at 7:80 changed
05-31 15:42:13.662   181   187 D vold    : Disk at 7:88 changed
05-31 15:42:13.685     0     0 D apexd   : Loopback device created: /dev/block/loop11
05-31 15:42:13.687     0     0 D apexd   : AVB footer verification successful.
05-31 15:42:13.692     0     0 D apexd   : /system/apex/com.android.resolv.apex: public key matches.
05-31 15:42:13.703   181   187 D vold    : Disk at 7:88 changed
05-31 15:42:13.704     0     0 I EXT4-fs (loop11): mounted filesystem without journal. Opts: (null)
05-31 15:42:13.709     0     0 I apexd   : Successfully mounted package /system/apex/com.android.resolv.apex on /apex/com.android.resolv@300000000
05-31 15:42:13.722     0     0 D apexd   : Creating bind-mount for /apex/com.android.resolv for /apex/com.android.resolv@300000000
05-31 15:42:13.722     0     0 D apexd   : Creating mountpoint /apex/com.android.resolv
05-31 15:42:13.722     0     0 D apexd   : Bind-mounting /apex/com.android.resolv@300000000 to /apex/com.android.resolv
05-31 15:42:13.722     0     0 D apexd   : Successfully activated /system/apex/com.android.resolv.apex package_name: com.android.resolv version: 300000000
05-31 15:42:13.722     0     0 D apexd   : Creating mount point: /apex/com.android.media.swcodec@300000000
05-31 15:42:13.741   181   187 D vold    : Disk at 7:96 changed
05-31 15:42:13.765     0     0 D apexd   : Loopback device created: /dev/block/loop12
05-31 15:42:13.766     0     0 D apexd   : AVB footer verification successful.
05-31 15:42:13.769     0     0 D apexd   : /system/apex/com.android.media.swcodec.apex: public key matches.
05-31 15:42:13.773     0     0 I EXT4-fs (loop12): mounted filesystem without journal. Opts: (null)
05-31 15:42:13.774     0     0 I apexd   : Successfully mounted package /system/apex/com.android.media.swcodec.apex on /apex/com.android.media.swcodec@300000000
05-31 15:42:13.779     0     0 D apexd   : Creating bind-mount for /apex/com.android.media.swcodec for /apex/com.android.media.swcodec@300000000
05-31 15:42:13.779     0     0 D apexd   : Creating mountpoint /apex/com.android.media.swcodec
05-31 15:42:13.779     0     0 D apexd   : Bind-mounting /apex/com.android.media.swcodec@300000000 to /apex/com.android.media.swcodec
05-31 15:42:13.779     0     0 D apexd   : Successfully activated /system/apex/com.android.media.swcodec.apex package_name: com.android.media.swcodec version: 300000000
05-31 15:42:13.779     0     0 D apexd   : Creating mount point: /apex/com.android.conscrypt@300000000
05-31 15:42:13.783   181   187 D vold    : Disk at 7:96 changed
05-31 15:42:13.798   181   187 D vold    : Disk at 7:104 changed
05-31 15:42:13.830     0     0 D apexd   : Loopback device created: /dev/block/loop13
05-31 15:42:13.830     0     0 D apexd   : AVB footer verification successful.
05-31 15:42:13.837     0     0 D apexd   : /system/apex/com.android.conscrypt.apex: public key matches.
05-31 15:42:13.848   181   187 D vold    : Disk at 7:104 changed
05-31 15:42:13.852     0     0 I EXT4-fs (loop13): mounted filesystem without journal. Opts: (null)
05-31 15:42:13.857     0     0 I apexd   : Successfully mounted package /system/apex/com.android.conscrypt.apex on /apex/com.android.conscrypt@300000000
05-31 15:42:13.870     0     0 D apexd   : Creating bind-mount for /apex/com.android.conscrypt for /apex/com.android.conscrypt@300000000
05-31 15:42:13.870     0     0 D apexd   : Creating mountpoint /apex/com.android.conscrypt
05-31 15:42:13.871     0     0 D apexd   : Bind-mounting /apex/com.android.conscrypt@300000000 to /apex/com.android.conscrypt
05-31 15:42:13.871     0     0 D apexd   : Successfully activated /system/apex/com.android.conscrypt.apex package_name: com.android.conscrypt version: 300000000
05-31 15:42:13.871     0     0 D apexd   : Creating mount point: /apex/com.android.adbd@300000000
05-31 15:42:13.890   181   187 D vold    : Disk at 7:112 changed
05-31 15:42:13.897     0     0 D apexd   : Loopback device created: /dev/block/loop14
05-31 15:42:13.900     0     0 D apexd   : AVB footer verification successful.
05-31 15:42:13.907     0     0 D apexd   : /system/apex/com.android.adbd.apex: public key matches.
05-31 15:42:13.915   181   187 D vold    : Disk at 7:112 changed
05-31 15:42:13.917     0     0 I EXT4-fs (loop14): mounted filesystem without journal. Opts: (null)
05-31 15:42:13.922     0     0 I apexd   : Successfully mounted package /system/apex/com.android.adbd.apex on /apex/com.android.adbd@300000000
05-31 15:42:13.934     0     0 D apexd   : Creating bind-mount for /apex/com.android.adbd for /apex/com.android.adbd@300000000
05-31 15:42:13.934     0     0 D apexd   : Creating mountpoint /apex/com.android.adbd
05-31 15:42:13.934     0     0 D apexd   : Bind-mounting /apex/com.android.adbd@300000000 to /apex/com.android.adbd
05-31 15:42:13.934     0     0 D apexd   : Successfully activated /system/apex/com.android.adbd.apex package_name: com.android.adbd version: 300000000
05-31 15:42:13.934     0     0 D apexd   : Creating mount point: /apex/com.android.art@1
05-31 15:42:13.953   181   187 D vold    : Disk at 7:120 changed
05-31 15:42:13.961     0     0 D apexd   : Loopback device created: /dev/block/loop15
05-31 15:42:13.961     0     0 D apexd   : AVB footer verification successful.
05-31 15:42:13.962     0     0 D apexd   : /system/apex/com.android.art.debug.apex: public key matches.
05-31 15:42:13.969     0     0 I EXT4-fs (loop15): mounted filesystem without journal. Opts: (null)
05-31 15:42:13.972     0     0 I apexd   : Successfully mounted package /system/apex/com.android.art.debug.apex on /apex/com.android.art@1
05-31 15:42:13.979   181   187 D vold    : Disk at 7:120 changed
05-31 15:42:13.979     0     0 D apexd   : Creating bind-mount for /apex/com.android.art for /apex/com.android.art@1
05-31 15:42:13.979     0     0 D apexd   : Bind-mounting /apex/com.android.art@1 to /apex/com.android.art
05-31 15:42:13.979     0     0 D apexd   : Successfully activated /system/apex/com.android.art.debug.apex package_name: com.android.art version: 1
05-31 15:42:13.979     0     0 D apexd   : Creating mount point: /apex/com.android.permission@300000000
05-31 15:42:13.998   181   187 D vold    : Disk at 7:128 changed
05-31 15:42:14.001     0     0 D apexd   : Loopback device created: /dev/block/loop16
05-31 15:42:14.003     0     0 D apexd   : AVB footer verification successful.
05-31 15:42:14.007     0     0 D apexd   : /system/apex/com.android.permission.apex: public key matches.
05-31 15:42:14.013     0     0 I EXT4-fs (loop16): mounted filesystem without journal. Opts: (null)
05-31 15:42:14.016     0     0 I apexd   : Successfully mounted package /system/apex/com.android.permission.apex on /apex/com.android.permission@300000000
05-31 15:42:14.019   181   187 D vold    : Disk at 7:128 changed
05-31 15:42:14.024     0     0 D apexd   : Creating bind-mount for /apex/com.android.permission for /apex/com.android.permission@300000000
05-31 15:42:14.024     0     0 D apexd   : Creating mountpoint /apex/com.android.permission
05-31 15:42:14.024     0     0 D apexd   : Bind-mounting /apex/com.android.permission@300000000 to /apex/com.android.permission
05-31 15:42:14.024     0     0 D apexd   : Successfully activated /system/apex/com.android.permission.apex package_name: com.android.permission version: 300000000
05-31 15:42:14.024     0     0 D apexd   : Creating mount point: /apex/com.android.runtime@1
05-31 15:42:14.043   181   187 D vold    : Disk at 7:136 changed
05-31 15:42:14.044     0     0 D apexd   : Loopback device created: /dev/block/loop17
05-31 15:42:14.044     0     0 D apexd   : AVB footer verification successful.
05-31 15:42:14.046     0     0 D apexd   : /system/apex/com.android.runtime.apex: public key matches.
05-31 15:42:14.052     0     0 I EXT4-fs (loop17): mounted filesystem without journal. Opts: (null)
05-31 15:42:14.055     0     0 I apexd   : Successfully mounted package /system/apex/com.android.runtime.apex on /apex/com.android.runtime@1
05-31 15:42:14.062   181   187 D vold    : Disk at 7:136 changed
05-31 15:42:14.063     0     0 D apexd   : Creating bind-mount for /apex/com.android.runtime for /apex/com.android.runtime@1
05-31 15:42:14.063     0     0 D apexd   : Bind-mounting /apex/com.android.runtime@1 to /apex/com.android.runtime
05-31 15:42:14.063     0     0 D apexd   : Successfully activated /system/apex/com.android.runtime.apex package_name: com.android.runtime version: 1
05-31 15:42:14.063     0     0 D apexd   : Creating mount point: /apex/com.android.sdkext@300000000
05-31 15:42:14.083   181   187 D vold    : Disk at 7:144 changed
05-31 15:42:14.101     0     0 D apexd   : Loopback device created: /dev/block/loop18
05-31 15:42:14.101     0     0 D apexd   : AVB footer verification successful.
05-31 15:42:14.103     0     0 D apexd   : /system/apex/com.android.sdkext.apex: public key matches.
05-31 15:42:14.109     0     0 I EXT4-fs (loop18): mounted filesystem without journal. Opts: (null)
05-31 15:42:14.111     0     0 I apexd   : Successfully mounted package /system/apex/com.android.sdkext.apex on /apex/com.android.sdkext@300000000
05-31 15:42:14.119     0     0 D apexd   : Creating bind-mount for /apex/com.android.sdkext for /apex/com.android.sdkext@300000000
05-31 15:42:14.119     0     0 D apexd   : Creating mountpoint /apex/com.android.sdkext
05-31 15:42:14.119     0     0 D apexd   : Bind-mounting /apex/com.android.sdkext@300000000 to /apex/com.android.sdkext
05-31 15:42:14.119   181   187 D vold    : Disk at 7:144 changed
05-31 15:42:14.120     0     0 D apexd   : Successfully activated /system/apex/com.android.sdkext.apex package_name: com.android.sdkext version: 300000000
05-31 15:42:14.120     0     0 D apexd   : Creating mount point: /apex/com.android.tzdata@300000000
05-31 15:42:14.139   181   187 D vold    : Disk at 7:152 changed
05-31 15:42:14.165     0     0 D apexd   : Loopback device created: /dev/block/loop19
05-31 15:42:14.165     0     0 D apexd   : AVB footer verification successful.
05-31 15:42:14.168     0     0 D apexd   : /system/apex/com.android.tzdata.apex: public key matches.
05-31 15:42:14.182     0     0 I EXT4-fs (loop19): mounted filesystem without journal. Opts: (null)
05-31 15:42:14.183   181   187 D vold    : Disk at 7:152 changed
05-31 15:42:14.188     0     0 I apexd   : Successfully mounted package /system/apex/com.android.tzdata.apex on /apex/com.android.tzdata@300000000
05-31 15:42:14.202     0     0 D apexd   : Creating bind-mount for /apex/com.android.tzdata for /apex/com.android.tzdata@300000000
