06-09 13:33:54.896   426   426 I ServiceManager: Waiting for service 'package_native' on '/dev/binder'...
06-09 13:33:54.919   488   488 D BootAnimation: BootAnimationPreloadStopTiming start time: 17736ms
06-09 13:33:54.923   286   286 I zygote  : Using memfd for future sealing
06-09 13:33:54.924   173   173 I hwservicemanager: getTransport: Cannot find entry android.hardware.graphics.mapper@4.0::IMapper/default in either framework or device manifest.
06-09 13:33:54.924   370   381 I Gralloc4: mapper 4.x is not supported
06-09 13:33:54.926   370   381 D HostConnection: createUnique: call
06-09 13:33:54.926   370   381 D HostConnection: HostConnection::get() New Host Connection established 0xf32401d0, tid 381
06-09 13:33:54.926   370   381 D goldfish-address-space: allocate: Ask for block of size 0x100
06-09 13:33:54.926   370   381 D goldfish-address-space: allocate: ioctl allocate returned offset 0x3fbffe000 size 0x2000
06-09 13:33:54.927   286   286 W zygote  : Unexpected CPU variant for X86 using defaults: x86
06-09 13:33:54.928   438   438 I ServiceManager: Waiting for service 'package_native' on '/dev/binder'...
06-09 13:33:54.930   488   507 D libEGL  : loaded /vendor/lib/egl/libEGL_emulation.so
06-09 13:33:54.931   488   507 D libEGL  : loaded /vendor/lib/egl/libGLESv1_CM_emulation.so
06-09 13:33:54.933   488   507 D libEGL  : loaded /vendor/lib/egl/libGLESv2_emulation.so
06-09 13:33:54.933   433   449 I ServiceManager: Waiting for service 'package_native' on '/dev/binder'...
06-09 13:33:54.946   284   284 I ServiceManager: Waiting for service 'statscompanion' on '/dev/binder'...
06-09 13:33:54.954   488   507 D HostConnection: HostConnection::get() New Host Connection established 0xf3780ef0, tid 507
06-09 13:33:54.958   488   507 D HostConnection: HostComposition ext ANDROID_EMU_CHECKSUM_HELPER_v1 ANDROID_EMU_native_sync_v2 ANDROID_EMU_native_sync_v3 ANDROID_EMU_native_sync_v4 ANDROID_EMU_dma_v1 ANDROID_EMU_direct_mem ANDROID_EMU_host_composition_v1 ANDROID_EMU_host_composition_v2 ANDROID_EMU_vulkan ANDROID_EMU_deferred_vulkan_commands ANDROID_EMU_vulkan_null_optional_strings ANDROID_EMU_vulkan_create_resources_with_requirements ANDROID_EMU_YUV_Cache ANDROID_EMU_vulkan_ignored_handles ANDROID_EMU_has_shared_slots_host_memory_allocator ANDROID_EMU_vulkan_free_memory_sync ANDROID_EMU_vulkan_shader_float16_int8 ANDROID_EMU_vulkan_async_queue_submit ANDROID_EMU_sync_buffer_data ANDROID_EMU_read_color_buffer_dma GL_OES_vertex_array_object GL_KHR_texture_compression_astc_ldr ANDROID_EMU_host_side_tracing ANDROID_EMU_gles_max_version_2 
06-09 13:33:54.960   173   173 I hwservicemanager: getTransport: Cannot find entry android.hardware.configstore@1.0::ISurfaceFlingerConfigs/default in either framework or device manifest.
06-09 13:33:54.963   173   173 I hwservicemanager: getTransport: Cannot find entry android.hardware.graphics.allocator@4.0::IAllocator/default in either framework or device manifest.
06-09 13:33:54.963   370   381 W Gralloc4: allocator 3.x is not supported
06-09 13:33:54.964   305   352 D goldfish-address-space: claimShared: Ask to claim region [0x3fc9a4000 0x3fd348000]
06-09 13:33:54.978   370   381 D HostConnection: HostComposition ext ANDROID_EMU_CHECKSUM_HELPER_v1 ANDROID_EMU_native_sync_v2 ANDROID_EMU_native_sync_v3 ANDROID_EMU_native_sync_v4 ANDROID_EMU_dma_v1 ANDROID_EMU_direct_mem ANDROID_EMU_host_composition_v1 ANDROID_EMU_host_composition_v2 ANDROID_EMU_vulkan ANDROID_EMU_deferred_vulkan_commands ANDROID_EMU_vulkan_null_optional_strings ANDROID_EMU_vulkan_create_resources_with_requirements ANDROID_EMU_YUV_Cache ANDROID_EMU_vulkan_ignored_handles ANDROID_EMU_has_shared_slots_host_memory_allocator ANDROID_EMU_vulkan_free_memory_sync ANDROID_EMU_vulkan_shader_float16_int8 ANDROID_EMU_vulkan_async_queue_submit ANDROID_EMU_sync_buffer_data ANDROID_EMU_read_color_buffer_dma GL_OES_vertex_array_object GL_KHR_texture_compression_astc_ldr ANDROID_EMU_host_side_tracing ANDROID_EMU_gles_max_version_2 
06-09 13:33:54.981   173   173 I hwservicemanager: getTransport: Cannot find entry android.hardware.graphics.mapper@4.0::IMapper/default in either framework or device manifest.
06-09 13:33:54.982   488   507 I Gralloc4: mapper 4.x is not supported
06-09 13:33:54.983   488   507 D HostConnection: createUnique: call
06-09 13:33:54.984   488   507 D HostConnection: HostConnection::get() New Host Connection established 0xf3780320, tid 507
06-09 13:33:54.984   488   507 D goldfish-address-space: allocate: Ask for block of size 0x100
06-09 13:33:54.984   488   507 D goldfish-address-space: allocate: ioctl allocate returned offset 0x3fbffe000 size 0x2000
06-09 13:33:54.990   488   507 D HostConnection: HostComposition ext ANDROID_EMU_CHECKSUM_HELPER_v1 ANDROID_EMU_native_sync_v2 ANDROID_EMU_native_sync_v3 ANDROID_EMU_native_sync_v4 ANDROID_EMU_dma_v1 ANDROID_EMU_direct_mem ANDROID_EMU_host_composition_v1 ANDROID_EMU_host_composition_v2 ANDROID_EMU_vulkan ANDROID_EMU_deferred_vulkan_commands ANDROID_EMU_vulkan_null_optional_strings ANDROID_EMU_vulkan_create_resources_with_requirements ANDROID_EMU_YUV_Cache ANDROID_EMU_vulkan_ignored_handles ANDROID_EMU_has_shared_slots_host_memory_allocator ANDROID_EMU_vulkan_free_memory_sync ANDROID_EMU_vulkan_shader_float16_int8 ANDROID_EMU_vulkan_async_queue_submit ANDROID_EMU_sync_buffer_data ANDROID_EMU_read_color_buffer_dma GL_OES_vertex_array_object GL_KHR_texture_compression_astc_ldr ANDROID_EMU_host_side_tracing ANDROID_EMU_gles_max_version_2 
06-09 13:33:54.997   426   426 I ServiceManager: Waiting for service 'package_native' on '/dev/binder'...
06-09 13:33:54.999   488   507 D EGL_emulation: eglCreateContext: 0xf3781200: maj 1 min 0 rcv 1
06-09 13:33:55.029   438   438 I ServiceManager: Waiting for service 'package_native' on '/dev/binder'...
06-09 13:33:55.033   433   449 I ServiceManager: Waiting for service 'package_native' on '/dev/binder'...
06-09 13:33:55.046   284   284 I ServiceManager: Waiting for service 'statscompanion' on '/dev/binder'...
06-09 13:33:55.098   426   426 I ServiceManager: Waiting for service 'package_native' on '/dev/binder'...
06-09 13:33:55.131   438   438 I ServiceManager: Waiting for service 'package_native' on '/dev/binder'...
06-09 13:33:55.134   433   449 I ServiceManager: Waiting for service 'package_native' on '/dev/binder'...
06-09 13:33:55.137   286   286 W zygote  : JNI RegisterNativeMethods: attempt to register 0 native methods for android.media.AudioAttributes
06-09 13:33:55.147   284   284 I ServiceManager: Waiting for service 'statscompanion' on '/dev/binder'...
06-09 13:33:55.142     0     0 I br0     : port 3(wlan1) entered disabled state
06-09 13:33:55.170   286   286 D Zygote  : begin preload
06-09 13:33:55.170   286   286 I Zygote  : Calling ZygoteHooks.beginPreload()
06-09 13:33:55.177   392   411 I adbd    : adbd mDNS service _adb._tcp registered: 1
06-09 13:33:55.199   426   426 I ServiceManager: Waiting for service 'package_native' on '/dev/binder'...
06-09 13:33:55.225   286   286 D Zygote32Timing: BeginPreload took to complete: 55ms
06-09 13:33:55.225   286   286 I Zygote  : Preloading classes...
06-09 13:33:55.228   286   286 W Zygote  : Class not found for preloading: android.app.-$$Lambda$ResourcesManager$QJ7UiVk_XS90KuXAsIjIEym1DnM
06-09 13:33:55.234   438   438 I ServiceManager: Waiting for service 'package_native' on '/dev/binder'...
06-09 13:33:55.235   433   449 I ServiceManager: Waiting for service 'package_native' on '/dev/binder'...
06-09 13:33:55.250   284   284 I ServiceManager: Waiting for service 'statscompanion' on '/dev/binder'...
06-09 13:33:55.254   488   507 D EGL_emulation: eglMakeCurrent: 0xf3781200: ver 1 0 (tinfo 0xf3813930) (first time)
06-09 13:33:55.293   488   507 D BootAnimation: BootAnimationShownTiming start time: 18109ms
06-09 13:33:55.293   488   513 E BootAnimation: Could not add watch for /data/system: Permission denied
06-09 13:33:55.254   488   507 D EGL_emulation: eglMakeCurrent: 0xf3781200: ver 1 0 (tinfo 0xf3813930) (first time)
06-09 13:33:55.300   426   426 I ServiceManager: Waiting for service 'package_native' on '/dev/binder'...
06-09 13:33:55.327   370   390 D HostConnection: HostConnection::get() New Host Connection established 0xf32415f0, tid 390
06-09 13:33:55.329   305   352 D goldfish-address-space: claimShared: Ask to claim region [0x3fd348000 0x3fdcec000]
06-09 13:33:55.333   370   390 D HostConnection: HostComposition ext ANDROID_EMU_CHECKSUM_HELPER_v1 ANDROID_EMU_native_sync_v2 ANDROID_EMU_native_sync_v3 ANDROID_EMU_native_sync_v4 ANDROID_EMU_dma_v1 ANDROID_EMU_direct_mem ANDROID_EMU_host_composition_v1 ANDROID_EMU_host_composition_v2 ANDROID_EMU_vulkan ANDROID_EMU_deferred_vulkan_commands ANDROID_EMU_vulkan_null_optional_strings ANDROID_EMU_vulkan_create_resources_with_requirements ANDROID_EMU_YUV_Cache ANDROID_EMU_vulkan_ignored_handles ANDROID_EMU_has_shared_slots_host_memory_allocator ANDROID_EMU_vulkan_free_memory_sync ANDROID_EMU_vulkan_shader_float16_int8 ANDROID_EMU_vulkan_async_queue_submit ANDROID_EMU_sync_buffer_data ANDROID_EMU_read_color_buffer_dma GL_OES_vertex_array_object GL_KHR_texture_compression_astc_ldr ANDROID_EMU_host_side_tracing ANDROID_EMU_gles_max_version_2 
06-09 13:33:55.336   433   449 I ServiceManager: Waiting for service 'package_native' on '/dev/binder'...
06-09 13:33:55.337   438   438 I ServiceManager: Waiting for service 'package_native' on '/dev/binder'...
06-09 13:33:55.338   370   370 I SurfaceFlinger: Enter boot animation
06-09 13:33:55.339   370   370 E FMQ     : grantorIdx must be less than 3
06-09 13:33:55.339   306   485 E FMQ     : grantorIdx must be less than 3
06-09 13:33:55.347   306   485 D HostConnection: HostComposition ext ANDROID_EMU_CHECKSUM_HELPER_v1 ANDROID_EMU_native_sync_v2 ANDROID_EMU_native_sync_v3 ANDROID_EMU_native_sync_v4 ANDROID_EMU_dma_v1 ANDROID_EMU_direct_mem ANDROID_EMU_host_composition_v1 ANDROID_EMU_host_composition_v2 ANDROID_EMU_vulkan ANDROID_EMU_deferred_vulkan_commands ANDROID_EMU_vulkan_null_optional_strings ANDROID_EMU_vulkan_create_resources_with_requirements ANDROID_EMU_YUV_Cache ANDROID_EMU_vulkan_ignored_handles ANDROID_EMU_has_shared_slots_host_memory_allocator ANDROID_EMU_vulkan_free_memory_sync ANDROID_EMU_vulkan_shader_float16_int8 ANDROID_EMU_vulkan_async_queue_submit ANDROID_EMU_sync_buffer_data ANDROID_EMU_read_color_buffer_dma GL_OES_vertex_array_object GL_KHR_texture_compression_astc_ldr ANDROID_EMU_host_side_tracing ANDROID_EMU_gles_max_version_2 
06-09 13:33:55.347   306   485 E FMQ     : grantorIdx must be less than 3
06-09 13:33:55.347   370   370 E FMQ     : grantorIdx must be less than 3
06-09 13:33:55.351   284   284 I ServiceManager: Waiting for service 'statscompanion' on '/dev/binder'...
06-09 13:33:55.403   426   426 I ServiceManager: Waiting for service 'package_native' on '/dev/binder'...
06-09 13:33:55.438   433   449 I ServiceManager: Waiting for service 'package_native' on '/dev/binder'...
06-09 13:33:55.438   438   438 I ServiceManager: Waiting for service 'package_native' on '/dev/binder'...
06-09 13:33:55.452   284   284 I ServiceManager: Waiting for service 'statscompanion' on '/dev/binder'...
06-09 13:33:55.496   286   508 I zygote  : Verified 1359 classes from mainline modules in 476.160ms
06-09 13:33:55.504   426   426 I ServiceManager: Waiting for service 'package_native' on '/dev/binder'...
06-09 13:33:55.540   433   449 I ServiceManager: Waiting for service 'package_native' on '/dev/binder'...
06-09 13:33:55.540   438   438 I ServiceManager: Waiting for service 'package_native' on '/dev/binder'...
06-09 13:33:55.553   284   284 I ServiceManager: Waiting for service 'statscompanion' on '/dev/binder'...
06-09 13:33:55.605   426   426 I ServiceManager: Waiting for service 'package_native' on '/dev/binder'...
06-09 13:33:55.640   433   449 I ServiceManager: Waiting for service 'package_native' on '/dev/binder'...
06-09 13:33:55.640   438   438 I ServiceManager: Waiting for service 'package_native' on '/dev/binder'...
06-09 13:33:55.654   284   284 I ServiceManager: Waiting for service 'statscompanion' on '/dev/binder'...
06-09 13:33:55.705   426   426 I ServiceManager: Waiting for service 'package_native' on '/dev/binder'...
06-09 13:33:55.740   433   449 I ServiceManager: Waiting for service 'package_native' on '/dev/binder'...
06-09 13:33:55.741   438   438 I ServiceManager: Waiting for service 'package_native' on '/dev/binder'...
06-09 13:33:55.755   284   284 I ServiceManager: Waiting for service 'statscompanion' on '/dev/binder'...
06-09 13:33:55.806   426   426 I ServiceManager: Waiting for service 'package_native' on '/dev/binder'...
06-09 13:33:55.842   433   449 I ServiceManager: Waiting for service 'package_native' on '/dev/binder'...
06-09 13:33:55.842   438   438 I ServiceManager: Waiting for service 'package_native' on '/dev/binder'...
06-09 13:33:55.856   284   284 I ServiceManager: Waiting for service 'statscompanion' on '/dev/binder'...
06-09 13:33:55.892   286   286 E ActivityRecognitionHardware: activity_recognition HAL is deprecated. class_init is effectively a no-op
06-09 13:33:55.907   426   426 I ServiceManager: Waiting for service 'package_native' on '/dev/binder'...
06-09 13:33:55.942   433   449 I ServiceManager: Waiting for service 'package_native' on '/dev/binder'...
06-09 13:33:55.942   438   438 I ServiceManager: Waiting for service 'package_native' on '/dev/binder'...
06-09 13:33:55.959   284   284 I ServiceManager: Waiting for service 'statscompanion' on '/dev/binder'...
06-09 13:33:56.009   426   426 I ServiceManager: Waiting for service 'package_native' on '/dev/binder'...
06-09 13:33:56.043   433   449 I ServiceManager: Waiting for service 'package_native' on '/dev/binder'...
06-09 13:33:56.043   438   438 I ServiceManager: Waiting for service 'package_native' on '/dev/binder'...
06-09 13:33:56.060   284   284 I ServiceManager: Waiting for service 'statscompanion' on '/dev/binder'...
06-09 13:33:56.111   426   426 I ServiceManager: Waiting for service 'package_native' on '/dev/binder'...
06-09 13:33:56.143   433   449 I ServiceManager: Waiting for service 'package_native' on '/dev/binder'...
06-09 13:33:56.144   438   438 I ServiceManager: Waiting for service 'package_native' on '/dev/binder'...
06-09 13:33:56.152   286   286 I zygote  : Thread[1,tid=286,Native,Thread*=0xe2e45410,peer=0x13200258,"main"] recursive attempt to load library "libmedia_jni.so"
06-09 13:33:56.154   286   286 I zygote  : Thread[1,tid=286,Native,Thread*=0xe2e45410,peer=0x13200258,"main"] recursive attempt to load library "libmedia_jni.so"
06-09 13:33:56.154   286   286 D MtpDeviceJNI: register_android_mtp_MtpDevice
06-09 13:33:56.154   286   286 I zygote  : Thread[1,tid=286,Native,Thread*=0xe2e45410,peer=0x13200258,"main"] recursive attempt to load library "libmedia_jni.so"
06-09 13:33:56.154   286   286 I zygote  : Thread[1,tid=286,Native,Thread*=0xe2e45410,peer=0x13200258,"main"] recursive attempt to load library "libmedia_jni.so"
06-09 13:33:56.161   284   284 I ServiceManager: Waiting for service 'statscompanion' on '/dev/binder'...
06-09 13:33:56.161   286   286 W Zygote  : Class not found for preloading: android.media.MediaRouter$Static$Client$1
06-09 13:33:56.162   286   286 W Zygote  : Class not found for preloading: android.media.MediaRouter$Static$Client$2
06-09 13:33:56.187   286   286 W Zygote  : Class not found for preloading: android.net.shared.Inet4AddressUtils
06-09 13:33:56.188   286   286 W Zygote  : Class not found for preloading: android.net.shared.InetAddressUtils
06-09 13:33:56.211   426   426 I ServiceManager: Waiting for service 'package_native' on '/dev/binder'...
06-09 13:33:56.244   433   449 I ServiceManager: Waiting for service 'package_native' on '/dev/binder'...
06-09 13:33:56.244   438   438 I ServiceManager: Waiting for service 'package_native' on '/dev/binder'...
06-09 13:33:56.252   286   286 W Zygote  : Class not found for preloading: android.view.-$$Lambda$cZhmLzK8aetUdx4VlP9w5jR7En0
06-09 13:33:56.261   284   284 I ServiceManager: Waiting for service 'statscompanion' on '/dev/binder'...
06-09 13:33:56.266   286   286 W Zygote  : Class not found for preloading: android.view.autofill.-$$Lambda$AutofillManager$AutofillManagerClient$vxNm6RuuD-r5pkiSxNSBBd1w_Qc
06-09 13:33:56.268   286   286 W Zygote  : Class not found for preloading: android.view.contentcapture.-$$Lambda$MainContentCaptureSession$1$JPRO-nNGZpgXrKr4QC_iQiTbQx0
06-09 13:33:56.268   286   286 W Zygote  : Class not found for preloading: android.view.contentcapture.-$$Lambda$MainContentCaptureSession$1$Xhq3WJibbalS1G_W3PRC2m7muhM
06-09 13:33:56.268   286   286 W Zygote  : Class not found for preloading: android.view.contentcapture.MainContentCaptureSession$1
06-09 13:33:56.312   426   426 I ServiceManager: Waiting for service 'package_native' on '/dev/binder'...
06-09 13:33:56.344   433   449 I ServiceManager: Waiting for service 'package_native' on '/dev/binder'...
06-09 13:33:56.345   438   438 I ServiceManager: Waiting for service 'package_native' on '/dev/binder'...
06-09 13:33:56.362   284   284 I ServiceManager: Waiting for service 'statscompanion' on '/dev/binder'...
06-09 13:33:56.413   426   426 I ServiceManager: Waiting for service 'package_native' on '/dev/binder'...
06-09 13:33:56.446   433   449 I ServiceManager: Waiting for service 'package_native' on '/dev/binder'...
06-09 13:33:56.446   438   438 I ServiceManager: Waiting for service 'package_native' on '/dev/binder'...
06-09 13:33:56.463   284   284 I ServiceManager: Waiting for service 'statscompanion' on '/dev/binder'...
06-09 13:33:56.514   426   426 I ServiceManager: Waiting for service 'package_native' on '/dev/binder'...
06-09 13:33:56.547   433   449 I ServiceManager: Waiting for service 'package_native' on '/dev/binder'...
06-09 13:33:56.547   438   438 I ServiceManager: Waiting for service 'package_native' on '/dev/binder'...
06-09 13:33:56.563   284   284 I ServiceManager: Waiting for service 'statscompanion' on '/dev/binder'...
06-09 13:33:56.616   426   426 I ServiceManager: Waiting for service 'package_native' on '/dev/binder'...
06-09 13:33:56.647   433   449 I ServiceManager: Waiting for service 'package_native' on '/dev/binder'...
06-09 13:33:56.648   438   438 I ServiceManager: Waiting for service 'package_native' on '/dev/binder'...
06-09 13:33:56.665   284   284 I ServiceManager: Waiting for service 'statscompanion' on '/dev/binder'...
06-09 13:33:56.716   426   426 I ServiceManager: Waiting for service 'package_native' on '/dev/binder'...
06-09 13:33:56.748   433   449 I ServiceManager: Waiting for service 'package_native' on '/dev/binder'...
06-09 13:33:56.748   438   438 I ServiceManager: Waiting for service 'package_native' on '/dev/binder'...
06-09 13:33:56.765   284   284 I ServiceManager: Waiting for service 'statscompanion' on '/dev/binder'...
06-09 13:33:56.818   426   426 I ServiceManager: Waiting for service 'package_native' on '/dev/binder'...
06-09 13:33:56.837   286   286 W Zygote  : Class not found for preloading: com.android.internal.telephony.IccSmsInterfaceManager$2
06-09 13:33:56.844   305   352 D goldfish-address-space: claimShared: Ask to claim region [0x3fdcec000 0x3fe690000]
06-09 13:33:56.849   433   449 I ServiceManager: Waiting for service 'package_native' on '/dev/binder'...
06-09 13:33:56.849   438   438 I ServiceManager: Waiting for service 'package_native' on '/dev/binder'...
06-09 13:33:56.859   286   286 W Zygote  : Class not found for preloading: com.android.internal.widget.-$$Lambda$gPQuiuEDuOmrh2MixBcV6a5gu5s
06-09 13:33:56.860   286   286 W Zygote  : Class not found for preloading: com.android.internal.widget.LockPatternUtils$2
06-09 13:33:56.866   284   284 I ServiceManager: Waiting for service 'statscompanion' on '/dev/binder'...
06-09 13:33:56.919   426   426 I ServiceManager: Waiting for service 'package_native' on '/dev/binder'...
06-09 13:33:56.923   286   286 I Zygote  : ...preloaded 12112 classes in 1698ms.
06-09 13:33:56.923   286   286 I zygote  : VMRuntime.preloadDexCaches starting
06-09 13:33:56.950   433   449 I ServiceManager: Waiting for service 'package_native' on '/dev/binder'...
06-09 13:33:56.950   438   438 I ServiceManager: Waiting for service 'package_native' on '/dev/binder'...
06-09 13:33:56.956   286   286 I zygote  : VMRuntime.preloadDexCaches strings total=417993 before=11371 after=11371
06-09 13:33:56.957   286   286 I zygote  : VMRuntime.preloadDexCaches types total=40945 before=11206 after=11380
06-09 13:33:56.957   286   286 I zygote  : VMRuntime.preloadDexCaches fields total=173612 before=14202 after=15086
06-09 13:33:56.957   286   286 I zygote  : VMRuntime.preloadDexCaches methods total=315774 before=18080 after=18080
06-09 13:33:56.957   286   286 I zygote  : VMRuntime.preloadDexCaches finished
06-09 13:33:56.957   286   286 D Zygote32Timing: PreloadClasses took to complete: 1731ms
06-09 13:33:56.965   286   286 I zygote  : The ClassLoaderContext is a special shared library.
06-09 13:33:56.966   286   286 D ApplicationLoaders: Created zygote-cached class loader: /system/framework/android.hidl.base-V1.0-java.jar
06-09 13:33:56.967   284   284 I ServiceManager: Waiting for service 'statscompanion' on '/dev/binder'...
06-09 13:33:56.971   286   286 I zygote  : The ClassLoaderContext is a special shared library.
06-09 13:33:56.972   286   286 D ApplicationLoaders: Created zygote-cached class loader: /system/framework/android.hidl.manager-V1.0-java.jar
06-09 13:33:56.979   286   286 I zygote  : The ClassLoaderContext is a special shared library.
06-09 13:33:56.980   286   286 D ApplicationLoaders: Created zygote-cached class loader: /system/framework/android.test.base.jar
06-09 13:33:56.980   286   286 D Zygote32Timing: CacheNonBootClasspathClassLoaders took to complete: 24ms
06-09 13:33:56.980   286   286 I Zygote  : Preloading resources...
06-09 13:33:57.000   286   286 W Resources: Preloaded drawable resource #0x108028b (android:drawable/dialog_background_material) that varies with configuration!!
06-09 13:33:57.016   286   286 I Zygote  : ...preloaded 64 resources in 35ms.
06-09 13:33:57.018   286   286 I Zygote  : ...preloaded 41 resources in 3ms.
06-09 13:33:57.018   286   286 D Zygote32Timing: PreloadResources took to complete: 38ms
06-09 13:33:57.021   426   426 I ServiceManager: Waiting for service 'package_native' on '/dev/binder'...
06-09 13:33:57.027   286   286 I Zygote  : Preloading shared libraries...
06-09 13:33:57.043   286   286 I Zygote  : Called ZygoteHooks.endPreload()
06-09 13:33:57.043   286   286 I Zygote  : Installed AndroidKeyStoreProvider in 0ms.
06-09 13:33:57.048   286   286 I Zygote  : Warmed up JCA providers in 5ms.
06-09 13:33:57.048   286   286 D Zygote  : end preload
06-09 13:33:57.049   286   286 D Zygote32Timing: ZygotePreload took to complete: 1878ms
06-09 13:33:57.049   286   286 I zygote  : Waiting for a blocking GC Explicit
06-09 13:33:57.052   433   449 I ServiceManager: Waiting for service 'package_native' on '/dev/binder'...
06-09 13:33:57.053   438   438 I ServiceManager: Waiting for service 'package_native' on '/dev/binder'...
06-09 13:33:57.069   284   284 I ServiceManager: Waiting for service 'statscompanion' on '/dev/binder'...
06-09 13:33:57.072   286   286 I zygote  : WaitForGcToComplete blocked Explicit on None for 22.846ms
06-09 13:33:57.098   286   286 I zygote  : Explicit concurrent copying GC freed 5476(164KB) AllocSpace objects, 0(0B) LOS objects, 49% free, 4860KB/9720KB, paused 622us total 25.654ms
06-09 13:33:57.116   286   286 I zygote  : Explicit concurrent copying GC freed 4724(199KB) AllocSpace objects, 0(0B) LOS objects, 49% free, 4676KB/9352KB, paused 478us total 17.416ms
06-09 13:33:57.116   286   286 D Zygote32Timing: PostZygoteInitGC took to complete: 67ms
06-09 13:33:57.116   286   286 D Zygote32Timing: ZygoteInit took to complete: 1958ms
06-09 13:33:57.122   426   426 I ServiceManager: Waiting for service 'package_native' on '/dev/binder'...
06-09 13:33:57.154   433   449 I ServiceManager: Waiting for service 'package_native' on '/dev/binder'...
06-09 13:33:57.155   438   438 I ServiceManager: Waiting for service 'package_native' on '/dev/binder'...
06-09 13:33:57.171   284   284 I ServiceManager: Waiting for service 'statscompanion' on '/dev/binder'...
06-09 13:33:57.179   286   286 D Zygote  : Forked child process 520
06-09 13:33:57.180   286   286 I Zygote  : System server process 520 has been created
06-09 13:33:57.190   520   520 W system_server: Unexpected CPU variant for X86 using defaults: x86
06-09 13:33:57.191   286   286 I Zygote  : Accepting command socket connections
06-09 13:33:57.217   392   414 I adbd    : jdwp connection from 520
06-09 13:33:57.225   426   426 I ServiceManager: Waiting for service 'package_native' on '/dev/binder'...
06-09 13:33:57.257   438   438 I ServiceManager: Waiting for service 'package_native' on '/dev/binder'...
06-09 13:33:57.258   433   449 I ServiceManager: Waiting for service 'package_native' on '/dev/binder'...
06-09 13:33:57.273   284   284 I ServiceManager: Waiting for service 'statscompanion' on '/dev/binder'...
06-09 13:33:57.327   426   426 I ServiceManager: Waiting for service 'package_native' on '/dev/binder'...
06-09 13:33:57.359   438   438 I ServiceManager: Waiting for service 'package_native' on '/dev/binder'...
06-09 13:33:57.360   433   449 I ServiceManager: Waiting for service 'package_native' on '/dev/binder'...
06-09 13:33:57.375   284   284 I ServiceManager: Waiting for service 'statscompanion' on '/dev/binder'...
06-09 13:33:57.430   426   426 I ServiceManager: Waiting for service 'package_native' on '/dev/binder'...
06-09 13:33:57.460   438   438 I ServiceManager: Waiting for service 'package_native' on '/dev/binder'...
06-09 13:33:57.461   433   449 I ServiceManager: Waiting for service 'package_native' on '/dev/binder'...
06-09 13:33:57.476   284   284 I ServiceManager: Waiting for service 'statscompanion' on '/dev/binder'...
06-09 13:33:57.532   426   426 I ServiceManager: Waiting for service 'package_native' on '/dev/binder'...
06-09 13:33:57.541   520   520 I SystemServerTiming: InitBeforeStartServices
06-09 13:33:57.544   520   520 I SystemServer: Entered the Android system server!
06-09 13:33:57.560   438   438 I ServiceManager: Waiting for service 'package_native' on '/dev/binder'...
06-09 13:33:57.563   433   449 I ServiceManager: Waiting for service 'package_native' on '/dev/binder'...
06-09 13:33:57.576   284   284 I ServiceManager: Waiting for service 'statscompanion' on '/dev/binder'...
06-09 13:33:57.634   426   426 I ServiceManager: Waiting for service 'package_native' on '/dev/binder'...
06-09 13:33:57.661   438   438 I ServiceManager: Waiting for service 'package_native' on '/dev/binder'...
06-09 13:33:57.665   433   449 I ServiceManager: Waiting for service 'package_native' on '/dev/binder'...
06-09 13:33:57.678   284   284 I ServiceManager: Waiting for service 'statscompanion' on '/dev/binder'...
06-09 13:33:57.737   426   426 I ServiceManager: Waiting for service 'package_native' on '/dev/binder'...
06-09 13:33:57.763   438   438 I ServiceManager: Waiting for service 'package_native' on '/dev/binder'...
06-09 13:33:57.766   433   449 I ServiceManager: Waiting for service 'package_native' on '/dev/binder'...
06-09 13:33:57.782   284   284 I ServiceManager: Waiting for service 'statscompanion' on '/dev/binder'...
06-09 13:33:57.838   426   426 I ServiceManager: Waiting for service 'package_native' on '/dev/binder'...
06-09 13:33:57.868   438   438 I ServiceManager: Waiting for service 'package_native' on '/dev/binder'...
06-09 13:33:57.871   433   449 I ServiceManager: Waiting for service 'package_native' on '/dev/binder'...
06-09 13:33:57.883   284   284 I ServiceManager: Waiting for service 'statscompanion' on '/dev/binder'...
06-09 13:33:57.929   520   520 E UsbAlsaJackDetectorJNI: Can't register UsbAlsaJackDetector native methods
06-09 13:33:57.940   426   426 I ServiceManager: Waiting for service 'package_native' on '/dev/binder'...
06-09 13:33:57.969   438   438 I ServiceManager: Waiting for service 'package_native' on '/dev/binder'...
06-09 13:33:57.973   433   449 I ServiceManager: Waiting for service 'package_native' on '/dev/binder'...
06-09 13:33:57.976   520   520 I SystemServerInitThreadPool: Creating instance with 4 threads
06-09 13:33:57.976   520   520 D SystemServerTiming: InitBeforeStartServices took to complete: 436ms
06-09 13:33:57.977   520   520 I SystemServerTiming: StartServices
06-09 13:33:57.977   520   520 I SystemServerTiming: startBootstrapServices
06-09 13:33:57.977   520   520 I SystemServerTiming: StartWatchdog
06-09 13:33:57.985   284   284 I ServiceManager: Waiting for service 'statscompanion' on '/dev/binder'...
06-09 13:33:58.009   520   520 D SystemServerTiming: StartWatchdog took to complete: 31ms
06-09 13:33:58.009   520   520 I SystemServer: Reading configuration...
06-09 13:33:58.009   520   520 I SystemServerTiming: ReadingSystemConfig
06-09 13:33:58.009   520   520 D SystemServerTiming: ReadingSystemConfig took to complete: 1ms
06-09 13:33:58.009   520   520 I SystemServerTiming: PlatformCompat
06-09 13:33:58.011   520   546 I SystemServerTimingAsync: InitThreadPoolExec:ReadingSystemConfig
06-09 13:33:58.011   520   546 D SystemServerInitThreadPool: Started executing ReadingSystemConfig
06-09 13:33:58.015   520   546 I SystemConfig: Reading permissions from /system/etc/sysconfig/framework-sysconfig.xml
06-09 13:33:58.017   520   546 I SystemConfig: Reading permissions from /system/etc/sysconfig/hiddenapi-package-whitelist.xml
06-09 13:33:58.022   520   546 I SystemConfig: Reading permissions from /system/etc/sysconfig/preinstalled-packages-platform.xml
06-09 13:33:58.025   520   520 D CompatConfig: Found a config file: /system/etc/compatconfig/framework-platform-compat-config.xml
06-09 13:33:58.026   520   546 I SystemConfig: Reading permissions from /system/etc/permissions/android.test.runner.xml
06-09 13:33:58.027   520   546 I SystemConfig: Reading permissions from /system/etc/permissions/com.android.location.provider.xml
06-09 13:33:58.030   520   546 I SystemConfig: Reading permissions from /system/etc/permissions/privapp-permissions-platform.xml
06-09 13:33:58.032   520   520 D CompatConfig: Adding: com.android.server.compat.config.Change@f39cbc1
06-09 13:33:58.038   520   520 D CompatConfig: Adding: com.android.server.compat.config.Change@944c2a7
06-09 13:33:58.039   520   546 I SystemConfig: Reading permissions from /system/etc/permissions/com.android.documentsui.xml
06-09 13:33:58.039   520   520 D CompatConfig: Adding: com.android.server.compat.config.Change@9bff354
06-09 13:33:58.040   520   520 D CompatConfig: Adding: com.android.server.compat.config.Change@9d662fd
06-09 13:33:58.041   520   546 I SystemConfig: Reading permissions from /system/etc/permissions/com.android.media.remotedisplay.xml
06-09 13:33:58.042   520   520 D CompatConfig: Adding: com.android.server.compat.config.Change@270e243
06-09 13:33:58.042   426   426 I ServiceManager: Waiting for service 'package_native' on '/dev/binder'...
06-09 13:33:58.043   520   520 D CompatConfig: Adding: com.android.server.compat.config.Change@1d2f0c0
06-09 13:33:58.043   520   546 I SystemConfig: Reading permissions from /system/etc/permissions/com.android.timezone.updater.xml
06-09 13:33:58.044   520   520 D CompatConfig: Adding: com.android.server.compat.config.Change@1b4553e
06-09 13:33:58.045   520   546 I SystemConfig: Reading permissions from /system/etc/permissions/javax.obex.xml
06-09 13:33:58.045   520   520 D CompatConfig: Adding: com.android.server.compat.config.Change@f5658ec
06-09 13:33:58.046   520   520 D CompatConfig: Adding: com.android.server.compat.config.Change@963f4b5
06-09 13:33:58.046   520   546 I SystemConfig: Reading permissions from /system/etc/permissions/android.software.live_wallpaper.xml
06-09 13:33:58.048   520   520 D CompatConfig: Adding: com.android.server.compat.config.Change@39a56bb
06-09 13:33:58.049   520   520 D CompatConfig: Adding: com.android.server.compat.config.Change@eac2731
06-09 13:33:58.049   520   546 I SystemConfig: Reading permissions from /system/etc/permissions/android.test.base.xml
06-09 13:33:58.050   520   520 D CompatConfig: Adding: com.android.server.compat.config.Change@423ce16
06-09 13:33:58.050   520   546 I SystemConfig: Reading permissions from /system/etc/permissions/com.android.future.usb.accessory.xml
06-09 13:33:58.050   520   520 D CompatConfig: Adding: com.android.server.compat.config.Change@670d984
06-09 13:33:58.051   520   546 I SystemConfig: Reading permissions from /system/etc/permissions/com.android.mediadrm.signer.xml
06-09 13:33:58.052   520   520 D CompatConfig: Adding: com.android.server.compat.config.Change@886b5a2
06-09 13:33:58.053   520   520 D CompatConfig: Adding: com.android.server.compat.config.Change@e409f0
06-09 13:33:58.054   520   546 I SystemConfig: Reading permissions from /system/etc/permissions/android.test.mock.xml
06-09 13:33:58.056   520   520 D CompatConfig: Adding: com.android.server.compat.config.Change@bbf8b69
06-09 13:33:58.056   520   546 I SystemConfig: Reading permissions from /system/etc/permissions/org.apache.http.legacy.xml
06-09 13:33:58.056   520   520 D CompatConfig: Adding: com.android.server.compat.config.Change@9bb6e8f
06-09 13:33:58.057   520   520 D CompatConfig: Adding: com.android.server.compat.config.Change@217d51c
06-09 13:33:58.058   520   546 I SystemConfig: Reading permissions from /system/etc/permissions/com.android.nfc_extras.xml
06-09 13:33:58.058   520   520 D CompatConfig: Adding: com.android.server.compat.config.Change@98d56fa
06-09 13:33:58.059   520   546 I SystemConfig: Reading permissions from /system/etc/permissions/android.software.webview.xml
06-09 13:33:58.060   520   520 D CompatConfig: Adding: com.android.server.compat.config.Change@35b2708
06-09 13:33:58.060   520   546 I SystemConfig: Reading permissions from /system/etc/permissions/platform.xml
06-09 13:33:58.060   520   520 D CompatConfig: Adding: com.android.server.compat.config.Change@cc9e8c6
06-09 13:33:58.061   520   520 D CompatConfig: Adding: com.android.server.compat.config.Change@608a087
06-09 13:33:58.062   520   520 D CompatConfig: Adding: com.android.server.compat.config.Change@1ffabb4
06-09 13:33:58.063   520   520 D CompatConfig: Found a config file: /system/etc/compatconfig/documents-ui-compat-config.xml
06-09 13:33:58.065   520   546 I SystemConfig: Reading permissions from /vendor/etc/permissions/android.hardware.wifi.direct.xml
06-09 13:33:58.066   520   520 D CompatConfig: Adding: com.android.server.compat.config.Change@9c4be23
06-09 13:33:58.066   520   520 D CompatConfig: Found a config file: /system/etc/compatconfig/libcore-platform-compat-config.xml
06-09 13:33:58.067   520   546 I SystemConfig: Reading permissions from /vendor/etc/permissions/android.hardware.vulkan.version.xml
06-09 13:33:58.068   520   520 D CompatConfig: Adding: com.android.server.compat.config.Change@1d74a9e
06-09 13:33:58.069   520   546 I SystemConfig: Reading permissions from /vendor/etc/permissions/android.hardware.bluetooth_le.xml
06-09 13:33:58.069   520   520 D CompatConfig: Adding: com.android.server.compat.config.Change@c08bd4c
06-09 13:33:58.070   520   546 I SystemConfig: Reading permissions from /vendor/etc/permissions/android.hardware.camera.concurrent.xml
06-09 13:33:58.073   438   438 I ServiceManager: Waiting for service 'package_native' on '/dev/binder'...
06-09 13:33:58.073   520   520 D CompatConfig: Adding: com.android.server.compat.config.Change@76972aa
06-09 13:33:58.075   520   520 D CompatConfig: Adding: com.android.server.compat.config.Change@251ce9b
06-09 13:33:58.075   520   546 I SystemConfig: Reading permissions from /vendor/etc/permissions/android.software.vulkan.deqp.level.xml
06-09 13:33:58.076   433   449 I ServiceManager: Waiting for service 'package_native' on '/dev/binder'...
06-09 13:33:58.076   520   520 D CompatConfig: Found a config file: /system/etc/compatconfig/services-platform-compat-config.xml
06-09 13:33:58.076   520   546 I SystemConfig: Reading permissions from /vendor/etc/permissions/android.hardware.vulkan.compute.xml
06-09 13:33:58.077   520   520 D CompatConfig: Adding: com.android.server.compat.config.Change@4f4b977
06-09 13:33:58.077   520   546 I SystemConfig: Reading permissions from /vendor/etc/permissions/android.hardware.camera.raw.xml
06-09 13:33:58.078   520   520 D CompatConfig: Adding: com.android.server.compat.config.Change@f1bbe4d
06-09 13:33:58.078   520   546 I SystemConfig: Reading permissions from /vendor/etc/permissions/android.hardware.fingerprint.xml
06-09 13:33:58.078   520   520 D CompatConfig: Adding: com.android.server.compat.config.Change@d717613
06-09 13:33:58.079   520   546 I SystemConfig: Reading permissions from /vendor/etc/permissions/android.hardware.camera.flash-autofocus.xml
06-09 13:33:58.079   520   520 D CompatConfig: Adding: com.android.server.compat.config.Change@672f249
06-09 13:33:58.081   520   520 D CompatConfig: Adding: com.android.server.compat.config.Change@239974e
06-09 13:33:58.081   520   546 I SystemConfig: Reading permissions from /vendor/etc/permissions/android.hardware.touchscreen.multitouch.jazzhand.xml
06-09 13:33:58.082   520   520 D CompatConfig: Adding: com.android.server.compat.config.Change@ddc117c
06-09 13:33:58.082   520   546 I SystemConfig: Reading permissions from /vendor/etc/permissions/android.hardware.camera.full.xml
06-09 13:33:58.083   520   520 D CompatConfig: Adding: com.android.server.compat.config.Change@e1bda5a
06-09 13:33:58.083   520   546 I SystemConfig: Reading permissions from /vendor/etc/permissions/android.hardware.wifi.passpoint.xml
06-09 13:33:58.083   520   520 D CompatConfig: Adding: com.android.server.compat.config.Change@f96c968
06-09 13:33:58.084   520   546 I SystemConfig: Reading permissions from /vendor/etc/permissions/android.hardware.camera.ar.xml
06-09 13:33:58.085   520   520 D CompatConfig: Adding: com.android.server.compat.config.Change@1ad4226
06-09 13:33:58.085   520   546 I SystemConfig: Reading permissions from /vendor/etc/permissions/android.hardware.bluetooth.xml
06-09 13:33:58.086   520   520 D CompatConfig: Adding: com.android.server.compat.config.Change@5c31414
06-09 13:33:58.087   520   546 I SystemConfig: Reading permissions from /vendor/etc/permissions/android.hardware.wifi.xml
06-09 13:33:58.088   284   284 I ServiceManager: Waiting for service 'statscompanion' on '/dev/binder'...
06-09 13:33:58.089   520   520 D CompatConfig: Adding: com.android.server.compat.config.Change@79b5ab2
06-09 13:33:58.091   520   546 I SystemConfig: Reading permissions from /vendor/etc/permissions/android.hardware.camera.front.xml
06-09 13:33:58.091   520   520 D CompatConfig: Adding: com.android.server.compat.config.Change@fc75d80
06-09 13:33:58.092   520   546 I SystemConfig: Reading permissions from /vendor/etc/permissions/android.software.autofill.xml
06-09 13:33:58.092   520   520 D CompatConfig: Adding: com.android.server.compat.config.Change@5e06ffe
06-09 13:33:58.093   520   546 I SystemConfig: Reading permissions from /vendor/etc/permissions/android.hardware.vulkan.level.xml
06-09 13:33:58.094   520   520 D CompatConfig: Found a config file: /system/system_ext/etc/compatconfig/settings-platform-compat-config.xml
06-09 13:33:58.094   520   546 I SystemConfig: Reading permissions from /vendor/etc/permissions/handheld_core_hardware.xml
06-09 13:33:58.095   520   520 D CompatConfig: Adding: com.android.server.compat.config.Change@5cf8e0a
06-09 13:33:58.097   520   546 I SystemConfig: Reading permissions from /product/etc/sysconfig/google-hiddenapi-package-whitelist.xml
06-09 13:33:58.098   520   546 I SystemConfig: Reading permissions from /product/etc/sysconfig/preinstalled-packages-platform-handheld-product.xml
06-09 13:33:58.099   520   546 I SystemConfig: Reading permissions from /product/etc/sysconfig/google.xml
06-09 13:33:58.100   520   546 I SystemConfig: Adding association: com.google.android.as <- com.android.bluetooth
06-09 13:33:58.101   520   546 I SystemConfig: Adding association: com.google.android.as <- com.android.providers.contacts
06-09 13:33:58.101   520   546 I SystemConfig: Adding association: com.google.android.as <- com.android.providers.media
06-09 13:33:58.101   520   546 I SystemConfig: Adding association: com.google.android.as <- com.android.providers.telephony
06-09 13:33:58.101   520   546 I SystemConfig: Adding association: com.google.android.as <- com.android.systemui
06-09 13:33:58.101   520   546 I SystemConfig: Adding association: com.google.android.as <- com.google.android.providers.media.module
06-09 13:33:58.101   520   546 I SystemConfig: Reading permissions from /product/etc/sysconfig/preinstalled-packages-platform-aosp-product.xml
06-09 13:33:58.102   520   546 I SystemConfig: Reading permissions from /product/etc/sysconfig/preinstalled-packages-platform-overlays.xml
06-09 13:33:58.104   520   546 I SystemConfig: Reading permissions from /product/etc/permissions/com.android.settings.intelligence.xml
06-09 13:33:58.105   520   546 I SystemConfig: Reading permissions from /product/etc/permissions/privapp-permissions-google-p.xml
06-09 13:33:58.107   520   520 I ApexManagerTiming: getActiveApexInfos_noCache
06-09 13:33:58.108   520   546 I SystemConfig: Reading permissions from /product/etc/permissions/privapp-permissions-goldfish.xml
06-09 13:33:58.109   520   546 I SystemConfig: Reading permissions from /product/etc/permissions/privapp-permissions-sdk-google.xml
06-09 13:33:58.110   520   546 I SystemConfig: Reading permissions from /product/etc/permissions/split-permissions-google.xml
06-09 13:33:58.110   520   546 I SystemConfig: Reading permissions from /product/etc/permissions/com.android.dialer.xml
06-09 13:33:58.113   520   520 D ApexManagerTiming: getActiveApexInfos_noCache took to complete: 5ms
06-09 13:33:58.114   520   546 I SystemConfig: Reading permissions from /product/etc/permissions/android.software.verified_boot.xml
06-09 13:33:58.115   520   520 D CompatConfig: Found a config file: /apex/com.android.mediaprovider/etc/compatconfig/media-provider-platform-compat-config.xml
06-09 13:33:58.116   520   546 I SystemConfig: Reading permissions from /product/etc/permissions/com.android.contacts.xml
06-09 13:33:58.118   520   546 W SystemConfig: No directory /system_ext/etc/sysconfig, skipping
06-09 13:33:58.118   520   520 D CompatConfig: No directory /apex/com.android.runtime/etc/compatconfig, skipping
06-09 13:33:58.118   520   520 D CompatConfig: No directory /apex/com.android.tzdata/etc/compatconfig, skipping
06-09 13:33:58.118   520   520 D CompatConfig: No directory /apex/com.android.media.swcodec/etc/compatconfig, skipping
06-09 13:33:58.118   520   520 D CompatConfig: No directory /apex/com.android.neuralnetworks/etc/compatconfig, skipping
06-09 13:33:58.118   520   520 D CompatConfig: No directory /apex/com.android.tethering/etc/compatconfig, skipping
06-09 13:33:58.118   520   520 D CompatConfig: No directory /apex/com.android.permission/etc/compatconfig, skipping
06-09 13:33:58.119   520   546 I SystemConfig: Reading permissions from /system_ext/etc/permissions/androidx.window.sidecar.xml
06-09 13:33:58.119   520   520 D CompatConfig: No directory /apex/com.android.conscrypt/etc/compatconfig, skipping
06-09 13:33:58.120   520   520 D CompatConfig: No directory /apex/com.android.resolv/etc/compatconfig, skipping
06-09 13:33:58.120   520   546 I SystemConfig: Reading permissions from /system_ext/etc/permissions/com.android.settings.xml
06-09 13:33:58.120   520   520 D CompatConfig: No directory /apex/com.android.ipsec/etc/compatconfig, skipping
06-09 13:33:58.120   520   520 D CompatConfig: No directory /apex/com.android.art/etc/compatconfig, skipping
06-09 13:33:58.120   520   520 D CompatConfig: No directory /apex/com.android.cellbroadcast/etc/compatconfig, skipping
06-09 13:33:58.120   520   520 D CompatConfig: No directory /apex/com.android.media/etc/compatconfig, skipping
06-09 13:33:58.120   520   520 D CompatConfig: No directory /apex/com.android.wifi/etc/compatconfig, skipping
06-09 13:33:58.120   520   520 D CompatConfig: No directory /apex/com.android.sdkext/etc/compatconfig, skipping
06-09 13:33:58.120   520   520 D CompatConfig: No directory /apex/com.android.adbd/etc/compatconfig, skipping
06-09 13:33:58.120   520   520 D CompatConfig: No directory /apex/com.android.apex.cts.shim/etc/compatconfig, skipping
06-09 13:33:58.121   520   520 D CompatConfig: No directory /apex/com.android.vndk.v30/etc/compatconfig, skipping
06-09 13:33:58.121   520   520 D CompatConfig: No directory /apex/com.android.os.statsd/etc/compatconfig, skipping
06-09 13:33:58.121   520   520 D CompatConfig: No directory /apex/com.android.extservices/etc/compatconfig, skipping
06-09 13:33:58.121   520   520 D CompatConfig: No directory /apex/com.android.i18n/etc/compatconfig, skipping
06-09 13:33:58.121   520   546 I SystemConfig: Reading permissions from /system_ext/etc/permissions/com.android.systemui.xml
06-09 13:33:58.122   520   520 D SystemServerTiming: PlatformCompat took to complete: 113ms
06-09 13:33:58.123   520   520 I SystemServerTiming: StartFileIntegrityService
06-09 13:33:58.123   520   520 I SystemServiceManager: Starting com.android.server.security.FileIntegrityService
06-09 13:33:58.124   520   546 I SystemConfig: Reading permissions from /system_ext/etc/permissions/com.android.carrierconfig.xml
06-09 13:33:58.125   520   546 I SystemConfig: Reading permissions from /system_ext/etc/permissions/com.android.emulator.radio.config.xml
06-09 13:33:58.126   520   546 I SystemConfig: Reading permissions from /system_ext/etc/permissions/com.google.android.sdksetup.xml
06-09 13:33:58.127   520   546 I SystemConfig: Reading permissions from /system_ext/etc/permissions/com.android.launcher3.xml
06-09 13:33:58.129   520   546 I SystemConfig: Reading permissions from /system_ext/etc/permissions/privapp-permissions-google-se.xml
06-09 13:33:58.132   520   546 I SystemConfig: Reading permissions from /system_ext/etc/permissions/com.android.provision.xml
06-09 13:33:58.134   520   520 D SystemServerTiming: StartFileIntegrityService took to complete: 12ms
06-09 13:33:58.134   520   520 I SystemServerTiming: StartInstaller
06-09 13:33:58.134   520   520 I SystemServiceManager: Starting com.android.server.pm.Installer
06-09 13:33:58.135   520   546 I SystemConfig: Reading permissions from /system_ext/etc/permissions/com.android.storagemanager.xml
06-09 13:33:58.135   425   436 D installd: Found quota mount /dev/block/dm-5 at /data
06-09 13:33:58.136   425   436 D installd: Found quota mount /dev/block/dm-5 at /data/user/0
06-09 13:33:58.136   520   546 I SystemConfig: Reading permissions from /system_ext/etc/permissions/com.android.emergency.xml
06-09 13:33:58.137   520   520 D SystemServerTiming: StartInstaller took to complete: 2ms
06-09 13:33:58.137   520   520 I SystemServerTiming: DeviceIdentifiersPolicyService
06-09 13:33:58.137   520   520 I SystemServiceManager: Starting com.android.server.os.DeviceIdentifiersPolicyService
06-09 13:33:58.138   520   520 D SystemServerTiming: DeviceIdentifiersPolicyService took to complete: 1ms
06-09 13:33:58.138   520   520 I SystemServerTiming: UriGrantsManagerService
06-09 13:33:58.138   520   520 I SystemServiceManager: Starting com.android.server.uri.UriGrantsManagerService$Lifecycle
06-09 13:33:58.139   520   546 I SystemConfig: Reading permissions from /apex/com.android.ipsec/etc/permissions/android.net.ipsec.ike.xml
06-09 13:33:58.144   426   426 I ServiceManager: Waiting for service 'package_native' on '/dev/binder'...
06-09 13:33:58.146   520   546 D SystemConfig: readAllPermissions took to complete: 136ms
06-09 13:33:58.146   520   546 D SystemServerInitThreadPool: Finished executing ReadingSystemConfig
06-09 13:33:58.147   520   546 D SystemServerTimingAsync: InitThreadPoolExec:ReadingSystemConfig took to complete: 136ms
06-09 13:33:58.148   520   520 D SystemServerTiming: UriGrantsManagerService took to complete: 11ms
06-09 13:33:58.148   520   520 I SystemServerTiming: StartActivityManager
06-09 13:33:58.148   520   520 I SystemServiceManager: Starting com.android.server.wm.ActivityTaskManagerService$Lifecycle
06-09 13:33:58.174   438   438 I ServiceManager: Waiting for service 'package_native' on '/dev/binder'...
06-09 13:33:58.176   433   449 I ServiceManager: Waiting for service 'package_native' on '/dev/binder'...
06-09 13:33:58.189   284   284 I ServiceManager: Waiting for service 'statscompanion' on '/dev/binder'...
06-09 13:33:58.192   520   520 I SystemServiceManager: Starting com.android.server.am.ActivityManagerService$Lifecycle
06-09 13:33:58.226   520   520 I ActivityManager: Memory class: 192
06-09 13:33:58.245   426   426 I ServiceManager: Waiting for service 'package_native' on '/dev/binder'...
06-09 13:33:58.275   438   438 I ServiceManager: Waiting for service 'package_native' on '/dev/binder'...
06-09 13:33:58.277   433   449 I ServiceManager: Waiting for service 'package_native' on '/dev/binder'...
06-09 13:33:58.290   284   284 I ServiceManager: Waiting for service 'statscompanion' on '/dev/binder'...
06-09 13:33:58.298   520   520 D BatteryStatsImpl: Reading daily items from /data/system/batterystats-daily.xml
06-09 13:33:58.320   520   554 I BatteryStatsService: Using power.stats HAL
06-09 13:33:58.327   520   554 W BatteryStatsService: Rail information is not available
06-09 13:33:58.327   520   554 W BatteryStatsService: Rail energy data is not available
06-09 13:33:58.328   520   554 E BluetoothAdapter: Bluetooth binder is null
06-09 13:33:58.330   520   554 I KernelCpuUidFreqTimeReader: mPerClusterTimesAvailable=false
06-09 13:33:58.347   207   210 E android.system.suspend@1.0-service: Error opening kernel wakelock stats for: wakeup34: Permission denied
