06-09 13:33:54.029   370   370 I RenderEngine: extensions: GL_EXT_debug_marker GL_EXT_robustness GL_OES_EGL_sync GL_OES_EGL_image GL_OES_EGL_image_external GL_OES_depth24 GL_OES_depth32 GL_OES_element_index_uint GL_OES_texture_float GL_OES_texture_float_linear GL_OES_compressed_ETC1_RGB8_texture GL_OES_depth_texture GL_OES_texture_half_float GL_OES_texture_half_float_linear GL_OES_packed_depth_stencil GL_OES_texture_npot GL_OES_rgb8_rgba8 GL_EXT_color_buffer_half_float GL_EXT_texture_format_BGRA8888 ANDROID_EMU_CHECKSUM_HELPER_v1 ANDROID_EMU_native_sync_v2 ANDROID_EMU_native_sync_v3 ANDROID_EMU_native_sync_v4 ANDROID_EMU_dma_v1 ANDROID_EMU_direct_mem ANDROID_EMU_host_composition_v1 ANDROID_EMU_host_composition_v2 ANDROID_EMU_vulkan ANDROID_EMU_deferred_vulkan_commands ANDROID_EMU_vulkan_null_optional_strings ANDROID_EMU_vulkan_create_resources_with_requirements ANDROID_EMU_YUV_Cache ANDROID_EMU_vulkan_ignored_handles ANDROID_EMU_has_shared_slots_host_memory_allocator ANDROID_EMU_vulkan_free_memory_sync ANDROID_EMU_vulkan_shader_float16_int8 ANDROID_EMU_v
06-09 13:33:54.029   370   370 I RenderEngine: GL_MAX_TEXTURE_SIZE = 16384
06-09 13:33:54.029   370   370 I RenderEngine: GL_MAX_VIEWPORT_DIMS = 16384
06-09 13:33:54.029   284   284 I ServiceManager: Waiting for service 'statscompanion' on '/dev/binder'...
06-09 13:33:54.001     0     0 I init    : Command 'write /sys/class/android_usb/android0/enable 1' action=sys.usb.config=adb && sys.usb.configfs=0 (/system/etc/init/hw/init.usb.rc:42) took 0ms and failed: Unable to write to file '/sys/class/android_usb/android0/enable': open() failed: Permission denied
06-09 13:33:54.030   173   173 I hwservicemanager: getTransport: Cannot find entry android.hardware.graphics.mapper@4.0::IMapper/default in either framework or device manifest.
06-09 13:33:54.030   306   358 I ComposerResources: failed to get mapper 4.0 service, falling back to mapper 3.0
06-09 13:33:54.030   306   358 D HostConnection: createUnique: call
06-09 13:33:54.031   306   358 D HostConnection: HostConnection::get() New Host Connection established 0xf1c416d0, tid 358
06-09 13:33:54.031   306   358 D goldfish-address-space: allocate: Ask for block of size 0x100
06-09 13:33:54.031   306   358 D goldfish-address-space: allocate: ioctl allocate returned offset 0x3fbffe000 size 0x2000
06-09 13:33:54.008     0     0 I init    : starting service 'adbd'...
06-09 13:33:54.032   370   370 E HWComposer: loadLayerMetadataSupport: getLayerGenericMetadataKeys failed: UNSUPPORTED (8)
06-09 13:33:54.032   370   370 I HWComposer: Switching to generalized multi-display mode
06-09 13:33:54.032   370   370 E HWComposer: isConnected failed for display 8141603649153536: Invalid display
06-09 13:33:54.010     0     0 I init    : Created socket '/dev/socket/adbd', mode 660, user 1000, group 1000
06-09 13:33:54.036   370   395 W SurfaceFlinger: Ignoring VSYNC request while display is disconnected
06-09 13:33:54.036   370   396 W SurfaceFlinger: Ignoring VSYNC request while display is disconnected
06-09 13:33:54.036   370   395 W SurfaceFlinger: Ignoring VSYNC request while display is disconnected
06-09 13:33:54.037   370   370 E HWComposer: getDisplayConnectionType: getDisplayConnectionType failed for display 8141603649153536: Unsupported (8)
06-09 13:33:54.037   370   395 W SurfaceFlinger: Ignoring VSYNC request while display is disconnected
06-09 13:33:54.037   370   395 W SurfaceFlinger: Ignoring VSYNC request while display is disconnected
06-09 13:33:54.041   370   370 I FramebufferSurface: framebuffer size has been limited to [1080x2340] from [1080x2340]
06-09 13:33:54.041   370   370 W HwcComposer: getPerFrameMetadataKeys failed with 8
06-09 13:33:54.016     0     0 I init    : processing action (qemu.networknamespace=ready) from (/vendor/etc/init/hw/init.ranchu.rc:109)
06-09 13:33:54.021     0     0 I init    : starting service 'ranchu-net'...
06-09 13:33:54.029     0     0 I init    : processing action (init.svc.audioserver=running) from (/system/etc/init/audioserver.rc:32)
06-09 13:33:54.032     0     0 I init    : Command 'start vendor.audio-hal-4-0-msd' action=init.svc.audioserver=running (/system/etc/init/audioserver.rc:34) took 0ms and failed: service vendor.audio-hal-4-0-msd not found
06-09 13:33:54.036     0     0 I init    : Command 'start vendor.audio-hal-2-0' action=init.svc.audioserver=running (/system/etc/init/audioserver.rc:36) took 0ms and failed: service vendor.audio-hal-2-0 not found
06-09 13:33:54.041     0     0 I init    : Command 'start audio-hal-2-0' action=init.svc.audioserver=running (/system/etc/init/audioserver.rc:37) took 0ms and failed: service audio-hal-2-0 not found
06-09 13:33:54.044     0     0 I init    : processing action (ro.persistent_properties.ready=true) from (/system/etc/init/bootstat.rc:67)
06-09 13:33:54.049     0     0 I init    : processing action (ro.persistent_properties.ready=true) from (/system/etc/init/bootstat.rc:71)
06-09 13:33:54.052     0     0 I init    : starting service 'exec 15 (/system/bin/bootstat --set_system_boot_reason)'...
06-09 13:33:54.079   286   286 D AndroidRuntime: >>>>>> START com.android.internal.os.ZygoteInit uid 0 <<<<<<
06-09 13:33:54.055     0     0 I init    : processing action (persist.heapprofd.enable= && traced.lazy.heapprofd=) from (/system/etc/init/heapprofd.rc:34)
06-09 13:33:54.061     0     0 I init    : processing action (ro.debuggable=1) from (/system/etc/init/llkd-debuggable.rc:1)
06-09 13:33:54.088   404   404 I bootstat: Service started: /system/bin/bootstat --set_system_boot_reason 
06-09 13:33:54.088   404   404 I bootstat: Canonical boot reason: reboot
06-09 13:33:54.066     0     0 I init    : processing action (ro.debuggable=*) from (/system/etc/init/llkd.rc:2)
06-09 13:33:54.072     0     0 D ieee80211 phy0: Selected rate control algorithm 'minstrel_ht'
06-09 13:33:54.073     0     0 D ieee80211 phy1: Selected rate control algorithm 'minstrel_ht'
06-09 13:33:54.089   404   404 I bootstat: Canonical boot reason: reboot
06-09 13:33:54.103   404   404 E bootstat: Failed to read /metadata/bootstat/persist.sys.boot.reason: No such file or directory
06-09 13:33:54.104   404   404 I bootstat: Value of persist.sys.boot.reason : 
06-09 13:33:54.104   404   404 I bootstat: Normalized last reboot reason : reboot
06-09 13:33:54.083     0     0 I init    : processing action (ro.enable.native.bridge.exec=1) from (/system/etc/init/ndk_translation.rc:5)
06-09 13:33:54.090     0     0 I init    : processing action (debug.atrace.user_initiated= && persist.traced.enable=1) from (/system/etc/init/perfetto.rc:47)
06-09 13:33:54.094     0     0 I init    : starting service 'traced_probes'...
06-09 13:33:54.096     0     0 I init    : Opened file '/dev/kmsg', flags 1
06-09 13:33:54.120   382   382 I ServiceManager: Waiting for service 'media.metrics' on '/dev/binder'...
06-09 13:33:54.122   404   404 E bootstat: Failed to unlink /metadata/bootstat/persist.sys.boot.reason: No such file or directory
06-09 13:33:54.103     0     0 I init    : processing action (persist.traced.enable=1) from (/system/etc/init/perfetto.rc:50)
06-09 13:33:54.106     0     0 I init    : starting service 'traced'...
06-09 13:33:54.107     0     0 I init    : Created socket '/dev/socket/traced_consumer', mode 666, user 0, group 0
06-09 13:33:54.133   284   284 I ServiceManager: Waiting for service 'statscompanion' on '/dev/binder'...
06-09 13:33:54.134   286   286 I AndroidRuntime: Using default boot image
06-09 13:33:54.134   286   286 I AndroidRuntime: Leaving lock profiling enabled
06-09 13:33:54.109     0     0 I init    : Created socket '/dev/socket/traced_producer', mode 666, user 0, group 0
06-09 13:33:54.143   286   286 I zygote  : option[0]=-Xzygote
06-09 13:33:54.143   286   286 I zygote  : option[1]=exit
06-09 13:33:54.143   286   286 I zygote  : option[2]=vfprintf
06-09 13:33:54.143   286   286 I zygote  : option[3]=sensitiveThread
06-09 13:33:54.144   286   286 I zygote  : option[4]=-verbose:gc
06-09 13:33:54.144   286   286 I zygote  : option[5]=-XX:PerfettoHprof=true
06-09 13:33:54.144   286   286 I zygote  : option[6]=-Xprimaryzygote
06-09 13:33:54.144   286   286 I zygote  : option[7]=-Xms8m
06-09 13:33:54.144   286   286 I zygote  : option[8]=-Xmx512m
06-09 13:33:54.144   286   286 I zygote  : option[9]=-XX:HeapGrowthLimit=192m
06-09 13:33:54.144   286   286 I zygote  : option[10]=-XX:HeapMinFree=512k
06-09 13:33:54.144   286   286 I zygote  : option[11]=-XX:HeapMaxFree=8m
06-09 13:33:54.144   286   286 I zygote  : option[12]=-XX:HeapTargetUtilization=0.75
06-09 13:33:54.144   286   286 I zygote  : option[13]=-Xusejit:true
06-09 13:33:54.144   286   286 I zygote  : option[14]=-Xjitsaveprofilinginfo
06-09 13:33:54.144   286   286 I zygote  : option[15]=-XjdwpOptions:suspend=n,server=y
06-09 13:33:54.144   286   286 I zygote  : option[16]=-XjdwpProvider:default
06-09 13:33:54.144   286   286 I zygote  : option[17]=-Xopaque-jni-ids:swapable
06-09 13:33:54.144   286   286 I zygote  : option[18]=-Xlockprofthreshold:500
06-09 13:33:54.144   286   286 I zygote  : option[19]=-Xcompiler-option
06-09 13:33:54.144   286   286 I zygote  : option[20]=--instruction-set-variant=x86
06-09 13:33:54.144   286   286 I zygote  : option[21]=-Xcompiler-option
06-09 13:33:54.144   286   286 I zygote  : option[22]=--instruction-set-features=default
06-09 13:33:54.144   286   286 I zygote  : option[23]=-Xcompiler-option
06-09 13:33:54.144   286   286 I zygote  : option[24]=--generate-mini-debug-info
06-09 13:33:54.144   286   286 I zygote  : option[25]=-Ximage-compiler-option
06-09 13:33:54.144   286   286 I zygote  : option[26]=--runtime-arg
06-09 13:33:54.144   286   286 I zygote  : option[27]=-Ximage-compiler-option
06-09 13:33:54.144   286   286 I zygote  : option[28]=-Xms64m
06-09 13:33:54.144   286   286 I zygote  : option[29]=-Ximage-compiler-option
06-09 13:33:54.144   286   286 I zygote  : option[30]=--runtime-arg
06-09 13:33:54.144   286   286 I zygote  : option[31]=-Ximage-compiler-option
06-09 13:33:54.144   286   286 I zygote  : option[32]=-Xmx64m
06-09 13:33:54.144   286   286 I zygote  : option[33]=-Ximage-compiler-option
06-09 13:33:54.144   286   286 I zygote  : option[34]=--dirty-image-objects=/system/etc/dirty-image-objects
06-09 13:33:54.144   286   286 I zygote  : option[35]=-Ximage-compiler-option
06-09 13:33:54.144   286   286 I zygote  : option[36]=--instruction-set-variant=x86
06-09 13:33:54.144   286   286 I zygote  : option[37]=-Ximage-compiler-option
06-09 13:33:54.144   286   286 I zygote  : option[38]=--instruction-set-features=default
06-09 13:33:54.144   286   286 I zygote  : option[39]=-Ximage-compiler-option
06-09 13:33:54.144   286   286 I zygote  : option[40]=--generate-mini-debug-info
06-09 13:33:54.144   286   286 I zygote  : option[41]=-Duser.locale=en-US
06-09 13:33:54.144   286   286 I zygote  : option[42]=-XX:NativeBridge=libndk_translation.so
06-09 13:33:54.144   286   286 I zygote  : option[43]=--cpu-abilist=x86,armeabi-v7a,armeabi
06-09 13:33:54.144   286   286 I zygote  : option[44]=-Xcore-platform-api-policy:just-warn
06-09 13:33:54.144   286   286 I zygote  : option[45]=-Xfingerprint:Android/sdk_phone_x86/generic_x86:11/RSR1.210210.001.A1/7193139:userdebug/dev-keys
06-09 13:33:54.145   392   392 I adbd    : Setup mdns on port= 5555
06-09 13:33:54.146   392   392 I adbd    : adbd listening on tcp:5555
06-09 13:33:54.146   392   392 I adbd    : adbd listening on vsock:5555
06-09 13:33:54.148   392   408 I adbd    : Waiting for persist.adb.tls_server.enable=1
06-09 13:33:54.124     0     0 I         : ip (406) used greatest stack depth: 11520 bytes left
06-09 13:33:54.131     0     0 I init    : Service 'exec 15 (/system/bin/bootstat --set_system_boot_reason)' (pid 404) exited with status 0 oneshot service took 0.077000 seconds in background
06-09 13:33:54.136     0     0 I init    : Sending signal 9 to service 'exec 15 (/system/bin/bootstat --set_system_boot_reason)' (pid 404) process group...
06-09 13:33:54.138     0     0 I         : ip (415) used greatest stack depth: 11328 bytes left
06-09 13:33:54.139     0     0 I libprocessgroup: Successfully killed process cgroup uid 1000 pid 404 in 0ms
06-09 13:33:54.143     0     0 I init    : starting service 'mdnsd'...
06-09 13:33:54.144     0     0 I init    : Created socket '/dev/socket/mdnsd', mode 660, user 1020, group 3003
06-09 13:33:54.168   286   286 W zygote  : Could not reserve sentinel fault page
06-09 13:33:54.149     0     0 I init    : Control message: Processed ctl.start for 'mdnsd' from pid: 392 (/apex/com.android.adbd/bin/adbd --root_seclabel=u:r:su:s0)
06-09 13:33:54.170   407   407 I perfetto: probes.cc:77            Starting /system/bin/traced_probes service
06-09 13:33:54.173   286   286 I zygote  : Core platform API reporting enabled, enforcing=false
06-09 13:33:54.176   409   409 W perfetto: service.cc:97           Started traced, listening on /dev/socket/traced_producer /dev/socket/traced_consumer
06-09 13:33:54.153     0     0 I init    : processing action (persist.traced_perf.enable= && sys.init.perf_lsm_hooks=1 && traced.lazy.traced_perf=) from (/system/etc/init/traced_perf.rc:43)
06-09 13:33:54.180   407   407 I perfetto: probes_producer.cc:100  Connected to the service
06-09 13:33:54.159     0     0 I init    : processing action (nonencrypted) from (/system/etc/init/hw/init.rc:953)
06-09 13:33:54.161     0     0 I init    : starting service 'cameraserver'...
06-09 13:33:54.164     0     0 W libprocessgroup: Failed to open /dev/cpuset/camera-daemon/tasks: No such file or directory: No such file or directory
06-09 13:33:54.165     0     0 I init    : starting service 'drm'...
06-09 13:33:54.167     0     0 W libprocessgroup: Failed to apply CameraServiceCapacity task profile: No such file or directory
06-09 13:33:54.187     0     0 I init    : starting service 'idmap2d'...
06-09 13:33:54.191     0     0 I init    : starting service 'incidentd'...
06-09 13:33:54.221   382   382 I ServiceManager: Waiting for service 'media.metrics' on '/dev/binder'...
06-09 13:33:54.196     0     0 I init    : starting service 'installd'...
06-09 13:33:54.201     0     0 I init    : starting service 'iorapd'...
06-09 13:33:54.207     0     0 I init    : starting service 'keystore'...
06-09 13:33:54.235   284   284 I ServiceManager: Waiting for service 'statscompanion' on '/dev/binder'...
06-09 13:33:54.214     0     0 I init    : starting service 'mediaextractor'...
06-09 13:33:54.226     0     0 I init    : starting service 'mediametrics'...
06-09 13:33:54.257   425   425 I installd: installd firing up
06-09 13:33:54.247     0     0 I init    : starting service 'media'...
06-09 13:33:54.252     0     0 I init    : starting service 'storaged'...
06-09 13:33:54.255     0     0 I init    : Could not open file '/d/mmc0/mmc0:0001/ext_csd': Failed to open file '/d/mmc0/mmc0:0001/ext_csd': No such file or directory
06-09 13:33:54.266     0     0 I init    : starting service 'wificond'...
06-09 13:33:54.271     0     0 I init    : starting service 'vendor.media.omx'...
06-09 13:33:54.279     0     0 I init    : starting service 'vendor.ril-daemon'...
06-09 13:33:54.286     0     0 E init    : Could not start service 'vendor_flash_recovery' as part of class 'main': Cannot find '/vendor/bin/install-recovery.sh': No such file or directory
06-09 13:33:54.294     0     0 I init    : starting service 'media.swcodec'...
06-09 13:33:54.321   382   382 I ServiceManager: Waiting for service 'media.metrics' on '/dev/binder'...
06-09 13:33:54.299     0     0 I init    : Command 'class_start main' action=nonencrypted (/system/etc/init/hw/init.rc:954) took 138ms and succeeded
06-09 13:33:54.333   427   427 I keystore: found android.hardware.keymaster@4.0::IKeymasterDevice with interface name default and seclevel SOFTWARE
06-09 13:33:54.304     0     0 I init    : starting service 'gatekeeperd'...
06-09 13:33:54.335   173   173 I hwservicemanager: getTransport: Cannot find entry android.hardware.keymaster@3.0::IKeymasterDevice/default in either framework or device manifest.
06-09 13:33:54.335   427   427 W keystore: No secure Keymaster implementation found, but device offers insecure Keymaster HAL. Using as default.
06-09 13:33:54.337   284   284 I ServiceManager: Waiting for service 'statscompanion' on '/dev/binder'...
06-09 13:33:54.342   426   426 I iorapd  : iorapd (the prefetchening) firing up
06-09 13:33:54.364   426   426 I iorapd  : Opened existing database at '/data/misc/iorapd/sqlite.db'
06-09 13:33:54.347     0     0 I init    : starting service 'usbd'...
06-09 13:33:54.377   426   426 W iorapd  : Reconnect to package manager service: 1 times
06-09 13:33:54.350     0     0 I init    : starting service 'vendor.face-hal-1-0-default'...
06-09 13:33:54.379   426   426 I ServiceManager: Waiting for service 'package_native' on '/dev/binder'...
06-09 13:33:54.357     0     0 I init    : starting service 'vendor.fps_hal'...
06-09 13:33:54.405   428   428 V MediaUtils: physMem: 2076872704
06-09 13:33:54.405   428   428 V MediaUtils: requested limit: 415374540
06-09 13:33:54.405   428   428 I libc    : malloc_limit: Allocation limit enabled, max size 415374540 bytes
06-09 13:33:54.382     0     0 I         : ip (437) used greatest stack depth: 10952 bytes left
06-09 13:33:54.412   428   428 W mediaextractor: Could not read additional policy file '/vendor/etc/seccomp_policy/mediaextractor.policy'
06-09 13:33:54.416   428   428 W mediaextractor: libminijail[428]: failed to get path of fd 4: No such file or directory
06-09 13:33:54.416   428   428 W mediaextractor: libminijail[428]: allowing syscall: socketcall
06-09 13:33:54.416   428   428 W mediaextractor: libminijail[428]: allowing syscall: writev
06-09 13:33:54.416   428   428 W mediaextractor: libminijail[428]: allowing syscall: fcntl64
06-09 13:33:54.416   428   428 W mediaextractor: libminijail[428]: allowing syscall: clock_gettime
06-09 13:33:54.419   428   428 W mediaextractor: libminijail[428]: logging seccomp filter failures
06-09 13:33:54.422   433   433 V MediaUtils: physMem: 2076872704
06-09 13:33:54.422   433   433 V MediaUtils: requested limit: 134217728
06-09 13:33:54.422   433   433 I libc    : malloc_limit: Allocation limit enabled, max size 134217728 bytes
06-09 13:33:54.423   382   382 I ServiceManager: Waiting for service 'media.metrics' on '/dev/binder'...
06-09 13:33:54.426   433   433 D AudioPowerUsage: AudioPowerUsage
06-09 13:33:54.426   433   433 D AudioAnalytics: AudioAnalytics
06-09 13:33:54.426   433   433 D MediaMetricsService: MediaMetricsService
06-09 13:33:54.390     0     0 I init    : Command 'class_start late_start' action=nonencrypted (/system/etc/init/hw/init.rc:955) took 87ms and succeeded
06-09 13:33:54.407     0     0 I init    : processing action (nonencrypted) from (/system/etc/init/hw/init.rc:953)
06-09 13:33:54.413     0     0 I init    : processing action (llk.enable=1) from (/system/etc/init/llkd.rc:9)
06-09 13:33:54.439   284   284 I ServiceManager: Waiting for service 'statscompanion' on '/dev/binder'...
06-09 13:33:54.423     0     0 I init    : processing action (khungtask.enable=1) from (/system/etc/init/llkd.rc:18)
06-09 13:33:54.462   439   439 I wificond: wificond is starting up...
06-09 13:33:54.430     0     0 I init    : processing action (llk.enable=0) from (/system/etc/init/llkd.rc:12)
06-09 13:33:54.444     0     0 I init    : processing action (khungtask.enable=0) from (/system/etc/init/llkd.rc:21)
06-09 13:33:54.473   439   439 I HidlServiceManagement: Registered android.system.wifi.keystore@1.0::IKeystore/default (start delay of 189ms)
06-09 13:33:54.457     0     0 I IPv6    : ADDRCONF(NETDEV_CHANGE): radio0: link becomes ready
06-09 13:33:54.459     0     0 I init    : processing action (init.svc.media=*) from (/system/etc/init/mediaserver.rc:1)
06-09 13:33:54.459     0     0 I IPv6    : ADDRCONF(NETDEV_CHANGE): radio0-peer: link becomes ready
06-09 13:33:54.486   426   426 I ServiceManager: Waiting for service 'package_native' on '/dev/binder'...
06-09 13:33:54.470     0     0 I init    : processing action (llk.enable=true) from (/system/etc/init/llkd.rc:34)
06-09 13:33:54.498   173   173 I hwservicemanager: getTransport: Cannot find entry android.hardware.usb.gadget@1.0::IUsbGadget/default in either framework or device manifest.
06-09 13:33:54.504   440   440 I android.hardware.media.omx@1.0-service: mediacodecservice starting
06-09 13:33:54.503   444   444 I usbd    : Usb HAL not found
06-09 13:33:54.508   446   446 D android.hardware.biometrics.fingerprint@2.1-service: Opening fingerprint hal library...
06-09 13:33:54.509   440   440 W android.hardware.media.omx@1.0-service: Could not read additional policy file '/vendor/etc/seccomp_policy/mediacodec.policy'
06-09 13:33:54.509   440   440 W android.hardware.media.omx@1.0-service: libminijail[440]: failed to get path of fd 4: No such file or directory
06-09 13:33:54.509   440   440 W android.hardware.media.omx@1.0-service: libminijail[440]: allowing syscall: socketcall
06-09 13:33:54.509   440   440 W android.hardware.media.omx@1.0-service: libminijail[440]: allowing syscall: writev
06-09 13:33:54.509   440   440 W android.hardware.media.omx@1.0-service: libminijail[440]: allowing syscall: fcntl64
06-09 13:33:54.509   440   440 W android.hardware.media.omx@1.0-service: libminijail[440]: allowing syscall: clock_gettime
06-09 13:33:54.510   440   440 W android.hardware.media.omx@1.0-service: libminijail[440]: compile_file: <fd>(34): nonexistent syscall 'newfstatat'
06-09 13:33:54.512   443   443 I gatekeeperd: Starting gatekeeperd...
06-09 13:33:54.493     0     0 I init    : starting service 'llkd-1'...
06-09 13:33:54.514   440   440 W android.hardware.media.omx@1.0-service: libminijail[440]: logging seccomp filter failures
06-09 13:33:54.504     0     0 I init    : Opened file '/dev/kmsg', flags 1
06-09 13:33:54.516   445   445 I android.hardware.biometrics.face@1.0-service: BiometricsFace HAL is being started.
06-09 13:33:54.523     0     0 I init    : Opened file '/proc/sysrq-trigger', flags 1
06-09 13:33:54.529     0     0 I init    : Service 'usbd' (pid 444) exited with status 0 oneshot service took 0.180000 seconds in background
06-09 13:33:54.541     0     0 I init    : Sending signal 9 to service 'usbd' (pid 444) process group...
06-09 13:33:54.545     0     0 I libprocessgroup: Successfully killed process cgroup uid 0 pid 444 in 0ms
06-09 13:33:54.519   440   440 D GoldfishOMXPlugin: called createOMXPlugin for Goldfish
06-09 13:33:54.519   440   440 D GoldfishOMXPlugin: useAndroidGoldfishComponentInstance 73 found prop ro.kernel.qemu.hwcodec.vpxdec val 2
06-09 13:33:54.519   440   440 D GoldfishOMXPlugin: found and use kComponents[i].name OMX.android.goldfish.vp8.decoder
06-09 13:33:54.519   440   440 D GoldfishOMXPlugin: useAndroidGoldfishComponentInstance 73 found prop ro.kernel.qemu.hwcodec.vpxdec val 2
06-09 13:33:54.519   440   440 D GoldfishOMXPlugin: found and use kComponents[i].name OMX.android.goldfish.vp9.decoder
06-09 13:33:54.519   440   440 D GoldfishOMXPlugin: useAndroidGoldfishComponentInstance 73 found prop ro.kernel.qemu.hwcodec.avcdec val 2
06-09 13:33:54.519   440   440 D GoldfishOMXPlugin: found and use kComponents[i].name OMX.android.goldfish.h264.decoder
06-09 13:33:54.519   440   440 D GoldfishOMXPlugin: enumerate OMX.android.goldfish.vp8.decoder component
06-09 13:33:54.519   440   440 D GoldfishOMXPlugin: enumerate OMX.android.goldfish.vp9.decoder component
06-09 13:33:54.519   440   440 D GoldfishOMXPlugin: enumerate OMX.android.goldfish.h264.decoder component
06-09 13:33:54.520   446   446 D FingerprintHal: ----------------> fingerprint_open ----------------->
06-09 13:33:54.520   446   446 D FingerprintHal: ----------------> set_notify_callback ----------------->
06-09 13:33:54.520   446   446 D FingerprintHal: fingerprint callback notification set
06-09 13:33:54.521   446   453 D FingerprintHal: ----------------> listenerFunction ----------------->
06-09 13:33:54.518   438   438 I ServiceManager: Waiting for service 'package_native' on '/dev/binder'...
06-09 13:33:54.523   446   446 I HidlServiceManagement: Registered android.hardware.biometrics.fingerprint@2.1::IBiometricsFingerprint/default (start delay of 150ms)
06-09 13:33:54.524   446   446 I HidlServiceManagement: Removing namespace from process name android.hardware.biometrics.fingerprint@2.1-service to fingerprint@2.1-service.
06-09 13:33:54.525   382   382 I AudioFlinger: Using default 3000 mSec as standby time.
06-09 13:33:54.525   440   440 I SoftOMXPlugin: createOMXPlugin
06-09 13:33:54.526   440   440 D MediaCodecsXmlParser: parsing /vendor/etc/media_codecs.xml...
06-09 13:33:54.527   392   456 I adbd    : host-12: write thread spawning
06-09 13:33:54.527   440   440 D MediaCodecsXmlParser: Ignoring unrecognized tag <MediaCodec> at line 85 of /vendor/etc/media_codecs.xml
06-09 13:33:54.527   440   440 D MediaCodecsXmlParser: Ignoring unrecognized tag <MediaCodec> at line 88 of /vendor/etc/media_codecs.xml
06-09 13:33:54.527   440   440 D MediaCodecsXmlParser: Ignoring unrecognized tag <MediaCodec> at line 91 of /vendor/etc/media_codecs.xml
06-09 13:33:54.527   440   440 D MediaCodecsXmlParser: parsing /vendor/etc/media_codecs_google_audio.xml...
06-09 13:33:54.528   440   440 D MediaCodecsXmlParser: parsing /vendor/etc/media_codecs_google_telephony.xml...
06-09 13:33:54.528   433   449 I ServiceManager: Waiting for service 'package_native' on '/dev/binder'...
06-09 13:33:54.529   440   440 D MediaCodecsXmlParser: parsing /vendor/etc/media_codecs_google_video.xml...
06-09 13:33:54.529   445   445 I HidlServiceManagement: Registered android.hardware.biometrics.face@1.0::IBiometricsFace/default (start delay of 155ms)
06-09 13:33:54.529   445   445 I HidlServiceManagement: Removing namespace from process name android.hardware.biometrics.face@1.0-service.example to face@1.0-service.example.
06-09 13:33:54.529   445   445 I android.hardware.biometrics.face@1.0-service: BiometricsFace HAL has started successfully.
06-09 13:33:54.529   392   455 I adbd    : host-12: read thread spawning
06-09 13:33:54.530   440   440 D MediaCodecsXmlParser: parsing /vendor/etc/media_codecs_performance.xml...
06-09 13:33:54.530   392   392 I adbd    : host-12: already offline
06-09 13:33:54.531   392   392 I adbd    : authentication not required
06-09 13:33:54.531   440   440 D MediaCodecsXmlParser: Cannot find /data/misc/media/media_codecs_profiling_results.xml
06-09 13:33:54.533   440   440 I HidlServiceManagement: Registered android.hardware.media.omx@1.0::IOmx/default (start delay of 239ms)
06-09 13:33:54.533   440   440 I HidlServiceManagement: Removing namespace from process name android.hardware.media.omx@1.0-service to omx@1.0-service.
06-09 13:33:54.533   440   440 I android.hardware.media.omx@1.0-service: IOmx HAL service created.
06-09 13:33:54.533   440   440 D MediaCodecsXmlParser: parsing /vendor/etc/media_codecs.xml...
06-09 13:33:54.533   440   440 D MediaCodecsXmlParser: Ignoring unrecognized tag <MediaCodec> at line 85 of /vendor/etc/media_codecs.xml
06-09 13:33:54.533   440   440 D MediaCodecsXmlParser: Ignoring unrecognized tag <MediaCodec> at line 88 of /vendor/etc/media_codecs.xml
06-09 13:33:54.533   440   440 D MediaCodecsXmlParser: Ignoring unrecognized tag <MediaCodec> at line 91 of /vendor/etc/media_codecs.xml
06-09 13:33:54.533   440   440 D MediaCodecsXmlParser: parsing /vendor/etc/media_codecs_google_audio.xml...
06-09 13:33:54.534   440   440 D MediaCodecsXmlParser: parsing /vendor/etc/media_codecs_google_telephony.xml...
06-09 13:33:54.534   440   440 D MediaCodecsXmlParser: parsing /vendor/etc/media_codecs_google_video.xml...
06-09 13:33:54.535   440   440 D MediaCodecsXmlParser: parsing /vendor/etc/media_codecs_performance.xml...
06-09 13:33:54.535   440   440 D MediaCodecsXmlParser: Cannot find /data/misc/media/media_codecs_profiling_results.xml
06-09 13:33:54.541   284   284 I ServiceManager: Waiting for service 'statscompanion' on '/dev/binder'...
06-09 13:33:54.544   440   440 I HidlServiceManagement: Registered android.hardware.media.omx@1.0::IOmxStore/default (start delay of 251ms)
06-09 13:33:54.544   440   440 I HidlServiceManagement: Removing namespace from process name android.hardware.media.omx@1.0-service to omx@1.0-service.
06-09 13:33:54.564     0     0 I init    : processing action (khungtask.enable=true) from (/system/etc/init/llkd.rc:25)
06-09 13:33:54.548   382   382 E APM::Serializer: deserialize: Could not parse /odm/etc/audio_policy_configuration.xml document.
06-09 13:33:54.561   382   382 D APM_EngineLoader: Loaded engine from libaudiopolicyenginedefault.so
06-09 13:33:54.561   382   382 E APM::AudioPolicyEngine/Config: parse: Could not parse document /vendor/etc/audio_policy_engine_configuration.xml
06-09 13:33:54.561   382   382 E libxml2 : I/O warning : failed to load external entity "/vendor/etc/audio_policy_engine_configuration.xml"
06-09 13:33:54.561   382   382 W APM::AudioPolicyEngine/Base: loadAudioPolicyEngineConfig: No configuration found, using default matching phone experience.
06-09 13:33:54.562   382   382 E APM::AudioPolicyEngine/Config: parseLegacyVolumeFile: Could not parse document /odm/etc/audio_policy_configuration.xml
06-09 13:33:54.562   382   382 E libxml2 : I/O warning : failed to load external entity "/odm/etc/audio_policy_configuration.xml"
06-09 13:33:54.569   382   382 W APM::AudioPolicyEngine/Base: loadAudioPolicyEngineConfig: No configuration of AUDIO_STREAM_CALL_ASSISTANT found, using default volume configuration
06-09 13:33:54.581   382   382 I AudioFlinger: loadHwModule() Loaded primary audio interface, handle 10
06-09 13:33:54.581   382   382 I AudioFlinger: openOutput() this 0xe96c62e0, module 10 Device type:0x2,@:, SamplingRate 44100, Format 0x000001, Channels 0x3, flags 0x2
06-09 13:33:54.590   463   463 I livelock: started
06-09 13:33:54.591   463   463 W livelock: [khungtaskd] not configurable
06-09 13:33:54.592   426   426 I ServiceManager: Waiting for service 'package_native' on '/dev/binder'...
06-09 13:33:54.591   463   463 I livelock: ro.config.low_ram=false
06-09 13:33:54.591   463   463 I livelock: ro.llk.sysrq_t=true
06-09 13:33:54.591   463   463 I livelock: ro.llk.enable=true
06-09 13:33:54.591   463   463 I livelock: ro.khungtask.enable=true
06-09 13:33:54.591   463   463 I livelock: ro.llk.mlockall=true
06-09 13:33:54.591   463   463 I livelock: ro.llk.killtest=true
06-09 13:33:54.591   463   463 I livelock: ro.khungtask.timeout=720s
06-09 13:33:54.591   463   463 I livelock: ro.llk.timeout_ms=600.000s
06-09 13:33:54.591   463   463 I livelock: ro.llk.D.timeout_ms=600.000s
06-09 13:33:54.591   463   463 I livelock: ro.llk.Z.timeout_ms=600.000s
06-09 13:33:54.591   463   463 I livelock: ro.llk.stack.timeout_ms=600.000s
06-09 13:33:54.591   463   463 I livelock: ro.llk.check_ms=120.000s
06-09 13:33:54.591   463   463 I livelock: ro.llk.stack=wait_on_page_bit_killable,bit_wait_io,__get_user_pages,cma_alloc
06-09 13:33:54.591   463   463 I livelock: ro.llk.ignorelist.process.stack=apexd,ueventd,init,keystore,lmkd.llkd,llkd
06-09 13:33:54.591   463   463 I livelock: ro.llk.ignorelist.process=[watchdog/3],[watchdogd/0],[watchdog/1],watchdogd,[khungtaskd],lmkd,[watchdogd],[kthreadd],463,[watchdog/2],2,0,1,init,llkd
06-09 13:33:54.591   463   463 I livelock: ro.llk.ignorelist.parent=[kthreadd],2,0,adbd&[setsid]
06-09 13:33:54.591   463   463 I livelock: ro.llk.ignorelist.uid=
06-09 13:33:54.595   382   382 I AudioFlinger: HAL output buffer size 976 frames, normal sink buffer size 976 frames
06-09 13:33:54.567     0     0 I init    : processing action (khungtask.enable=false) from (/system/etc/init/llkd.rc:31)
06-09 13:33:54.573     0     0 I init    : processing action (init.svc.mediadrm=running) from (/vendor/etc/init/android.hardware.drm@1.3-service.widevine.rc:1)
06-09 13:33:54.605   428   428 E MediaExtractorFactory: couldn't opendir(/system/lib/extractors)
06-09 13:33:54.605   428   428 E MediaExtractorFactory: couldn't opendir(/system_ext/lib/extractors)
06-09 13:33:54.606   435   435 I mediaserver: ServiceManager: 0xf1f408f0
06-09 13:33:54.610   420   420 I cameraserver: ServiceManager: 0xf6080730
06-09 13:33:54.587     0     0 I init    : starting service 'netmgr'...
06-09 13:33:54.612   435   435 D mediaserver: Time zone APEX ICU file found: /apex/com.android.tzdata/etc/icu/icu_tzdata.dat
06-09 13:33:54.615   420   420 I CameraService: CameraService started (pid=420)
06-09 13:33:54.615   420   420 I CameraService: CameraService process starting
06-09 13:33:54.616   420   420 W BatteryNotifier: batterystats service unavailable!
06-09 13:33:54.616   420   420 W BatteryNotifier: batterystats service unavailable!
06-09 13:33:54.617   382   382 I BufferProvider: found effect "Multichannel Downmix To Stereo" from The Android Open Source Project
06-09 13:33:54.618   291   291 E android.hardware.audio.service.ranchu: device/generic/goldfish/audio/stream_out.cpp:setEventCallback:457 failure: Result::NOT_SUPPORTED
06-09 13:33:54.618   382   382 E AudioFlinger: Failed to add event callback
06-09 13:33:54.618   382   470 I AudioFlinger: AudioFlinger's thread 0xeb4f4030 tid=470 ready to run
06-09 13:33:54.618   291   291 E android.hardware.audio.service.ranchu: device/generic/goldfish/audio/primary_device.cpp:getParameters:234 failure: Result::NOT_SUPPORTED
06-09 13:33:54.622   382   470 W AudioFlinger: no wake lock to update, system not ready yet
06-09 13:33:54.622   382   470 D AudioFlinger: ro.audio.silent is ignored since no output device is set
06-09 13:33:54.622   438   438 I ServiceManager: Waiting for service 'package_native' on '/dev/binder'...
06-09 13:33:54.596     0     0 I init    : Control message: Processed ctl.start for 'netmgr' from pid: 467 (setprop ctl.start netmgr)
06-09 13:33:54.624   291   291 E android.hardware.audio.service.ranchu: device/generic/goldfish/audio/stream_out.cpp:getPresentationPosition:487 failure: Result::NOT_SUPPORTED
06-09 13:33:54.627   420   420 I CameraProviderManager: Connecting to new camera provider: internal/0, isRemote? 1
06-09 13:33:54.630   433   449 I ServiceManager: Waiting for service 'package_native' on '/dev/binder'...
06-09 13:33:54.630   382   470 W AudioFlinger: no wake lock to update, system not ready yet
06-09 13:33:54.630   382   470 D AudioFlinger: ro.audio.silent is ignored since no output device is set
06-09 13:33:54.631   382   382 V APM_AudioPolicyManager: checkAndSetVolume cannot set volume group 4 volume with force use = 0 for comm
06-09 13:33:54.632   420   420 I CameraProviderManager: Enumerating new camera device: device@3.5/internal/1
06-09 13:33:54.632   295   349 I EmulatedCameraDeviceHwlImpl: Create: Created EmulatedCameraDeviceHwlImpl for camera 1
06-09 13:33:54.632   435   435 D mediaserver: I18n APEX ICU file found: /apex/com.android.i18n/etc/icu/icudt66l.dat
06-09 13:33:54.632   295   349 I GCH_CameraDevice: Create: Created a camera device for public(1)
06-09 13:33:54.634   295   349 W GCH_HalVendorTags: ModifyCharacteristicsKeys: failed to get ANDROID_REQUEST_AVAILABLE_SESSION_KEYS
06-09 13:33:54.635   420   420 E CameraProviderManager: addDynamicDepthTags: Advertised depth exclusive tag but value is not present!
06-09 13:33:54.635   420   420 E CameraProviderManager: DeviceInfo3: Failed appending dynamic depth tags: Invalid argument (-22)
06-09 13:33:54.639   295   349 W GCH_HalVendorTags: ModifyCharacteristicsKeys: failed to get ANDROID_REQUEST_AVAILABLE_SESSION_KEYS
06-09 13:33:54.640   295   349 I chatty  : uid=1000(system) HwBinder:295_1 identical 1 line
06-09 13:33:54.641   295   349 W GCH_HalVendorTags: ModifyCharacteristicsKeys: failed to get ANDROID_REQUEST_AVAILABLE_SESSION_KEYS
06-09 13:33:54.642   284   284 I ServiceManager: Waiting for service 'statscompanion' on '/dev/binder'...
06-09 13:33:54.627     0     0 I init    : starting service 'wifi_forwarder'...
06-09 13:33:54.629     0     0 I br0     : port 1(eth0) entered blocking state
06-09 13:33:54.629     0     0 I br0     : port 1(eth0) entered disabled state
06-09 13:33:54.630     0     0 I         : device eth0 entered promiscuous mode
06-09 13:33:54.642   420   420 I CameraProviderManager: Camera provider internal/0 ready with 1 camera devices
06-09 13:33:54.646   420   420 I CameraProviderManager: Connecting to new camera provider: legacy/0, isRemote? 1
06-09 13:33:54.646   420   474 I CameraProviderManager: Camera device device@3.5/internal/1 physical device 14 status is now NOT_PRESENT, was NOT_PRESENT
06-09 13:33:54.646   420   474 I CameraService: onDeviceStatusChanged: Status changed for cameraId=1, physicalCameraId=14, newStatus=0
06-09 13:33:54.646   420   474 E CameraService: onDeviceStatusChanged: Physical camera id 1 status change on a non-present ID 14
06-09 13:33:54.647   382   382 W AudioFlinger: moveEffects() bad srcOutput 0
06-09 13:33:54.647   382   382 V APM_AudioPolicyManager: selectOutputForMusicEffects selected output 13
06-09 13:33:54.647   382   382 V APM_AudioPolicyManager: setOutputDevices device {type:0x2,@:} delayMs 0
06-09 13:33:54.648   382   382 V APM_AudioPolicyManager: setOutputDevices() prevDevice {type:0x2,@:}
06-09 13:33:54.648   382   382 V APM_AudioPolicyManager: setOutputDevices changing device to {type:0x2,@:}
06-09 13:33:54.653   420   420 I CameraProviderManager: Enumerating new camera device: device@3.3/legacy/0
06-09 13:33:54.656   420   420 E CameraProviderManager: DeviceInfo3: Converted ICameraDevice instance to nullptr
06-09 13:33:54.656   420   420 I CameraProviderManager: Camera provider legacy/0 ready with 1 camera devices
06-09 13:33:54.657   420   420 I CameraService: onDeviceStatusChanged: Status changed for cameraId=1, newStatus=1
06-09 13:33:54.657   420   420 I CameraService: onDeviceStatusChanged: Unknown camera ID 1, a new camera is added
06-09 13:33:54.657   420   420 I CameraService: onDeviceStatusChanged: Status changed for cameraId=0, newStatus=1
06-09 13:33:54.657   420   420 I CameraService: onDeviceStatusChanged: Unknown camera ID 0, a new camera is added
06-09 13:33:54.657   420   471 W CameraProviderManager: addProviderLocked: Camera provider HAL with name 'internal/0' already registered
06-09 13:33:54.657   420   471 W CameraProviderManager: addProviderLocked: Camera provider HAL with name 'legacy/0' already registered
06-09 13:33:54.658   420   420 I cameraserver: Waiting for activity service
06-09 13:33:54.637     0     0 I br0     : port 1(eth0) entered blocking state
06-09 13:33:54.638     0     0 I init    : Control message: Processed ctl.start for 'wifi_forwarder' from pid: 472 (setprop ctl.start wifi_forwarder)
06-09 13:33:54.639     0     0 I br0     : port 1(eth0) entered forwarding state
06-09 13:33:54.644     0     0 I br0     : port 2(radio0-peer) entered blocking state
06-09 13:33:54.646     0     0 I br0     : port 2(radio0-peer) entered disabled state
06-09 13:33:54.649     0     0 I         : device radio0-peer entered promiscuous mode
06-09 13:33:54.650     0     0 I br0     : port 2(radio0-peer) entered blocking state
06-09 13:33:54.668   382   382 V APM_AudioPolicyManager: setOutputDevices() AF::createAudioPatch returned 0 patchHandle 12 num_sources 1 num_sinks 1
06-09 13:33:54.652     0     0 I br0     : port 2(radio0-peer) entered forwarding state
06-09 13:33:54.676   382   382 V APM_AudioPolicyManager: checkAndSetVolume cannot set volume group 4 volume with force use = 0 for comm
06-09 13:33:54.655     0     0 I init    : starting service 'emu_hostapd'...
06-09 13:33:54.682   441   441 I HidlServiceManagement: Registered android.hardware.radio@1.1::IRadio/slot1 (start delay of 378ms)
06-09 13:33:54.682   370   370 D RenderEngine: shader cache generated - 48 shaders in 636.037720 ms
06-09 13:33:54.683   435   435 W BatteryNotifier: batterystats service unavailable!
06-09 13:33:54.683   469   469 E netmgr  : qemu_pipe_open_ns:62: Could not connect to the 'pipe:qemud:network' service: Invalid argument
06-09 13:33:54.683   469   469 E netmgr  : Failed to open QEMU pipe 'qemud:network': Invalid argument
06-09 13:33:54.686   370   370 I HidlServiceManagement: Registered android.frameworks.displayservice@1.0::IDisplayService/default (start delay of 913ms)
06-09 13:33:54.687   435   435 W BatteryNotifier: batterystats service unavailable!
06-09 13:33:54.688   370   370 D SurfaceFlinger: Setting power mode 2 on display 8141603649153536
06-09 13:33:54.689   370   370 D SurfaceFlinger: Finished setting power mode 2 on display 8141603649153536
06-09 13:33:54.692   382   382 I AudioFlinger: openOutput() this 0xe96c62e0, module 10 Device type:0x10000,@:, SamplingRate 44100, Format 0x000001, Channels 0x3, flags 0
06-09 13:33:54.667     0     0 I init    : Control message: Processed ctl.start for 'emu_hostapd' from pid: 479 (setprop ctl.start emu_hostapd)
06-09 13:33:54.670     0     0 I init    : processing action (vendor.network.bridged=1) from (/vendor/etc/init/hw/init.ranchu.rc:150)
06-09 13:33:54.695   426   426 I ServiceManager: Waiting for service 'package_native' on '/dev/binder'...
06-09 13:33:54.698   476   476 E wifi_forwarder: qemu_pipe_open_ns:62: Could not connect to the 'pipe:qemud:wififorward' service: Invalid argument
06-09 13:33:54.698   476   476 E wifi_forwarder: RemoteConnection failed to initialize: RemoteConnection failed to open pipe
06-09 13:33:54.675     0     0 I init    : starting service 'dhcpclient_rtr'...
06-09 13:33:54.700   382   382 I AudioFlinger: HAL output buffer size 976 frames, normal sink buffer size 976 frames
06-09 13:33:54.680     0     0 I init    : starting service 'bootanim'...
06-09 13:33:54.706   291   323 E android.hardware.audio.service.ranchu: device/generic/goldfish/audio/stream_out.cpp:setEventCallback:457 failure: Result::NOT_SUPPORTED
06-09 13:33:54.707   382   382 E AudioFlinger: Failed to add event callback
06-09 13:33:54.708   291   323 E android.hardware.audio.service.ranchu: device/generic/goldfish/audio/primary_device.cpp:getParameters:234 failure: Result::NOT_SUPPORTED
06-09 13:33:54.709   382   491 I AudioFlinger: AudioFlinger's thread 0xeb3b1030 tid=491 ready to run
06-09 13:33:54.709   382   491 W AudioFlinger: no wake lock to update, system not ready yet
06-09 13:33:54.709   382   491 D AudioFlinger: ro.audio.silent is ignored since no output device is set
06-09 13:33:54.712   291   323 E android.hardware.audio.service.ranchu: device/generic/goldfish/audio/stream_out.cpp:getPresentationPosition:487 failure: Result::NOT_SUPPORTED
06-09 13:33:54.715   382   491 W AudioFlinger: no wake lock to update, system not ready yet
06-09 13:33:54.715   382   491 D AudioFlinger: ro.audio.silent is ignored since no output device is set
06-09 13:33:54.687     0     0 I init    : Control message: Processed ctl.start for 'bootanim' from pid: 370 (/system/bin/surfaceflinger)
06-09 13:33:54.717   382   382 V APM_AudioPolicyManager: checkAndSetVolume cannot set volume group 4 volume with force use = 0 for comm
06-09 13:33:54.696     0     0 I init    : Service 'ranchu-net' (pid 399) exited with status 0 oneshot service took 0.673000 seconds in background
06-09 13:33:54.697     0     0 I capability: warning: `hostapd_nohidl' uses 32-bit capabilities (legacy support in use)
06-09 13:33:54.699     0     0 I init    : Sending signal 9 to service 'ranchu-net' (pid 399) process group...
06-09 13:33:54.703     0     0 I libprocessgroup: Successfully killed process cgroup uid 0 pid 399 in 0ms
06-09 13:33:54.726   438   438 I ServiceManager: Waiting for service 'package_native' on '/dev/binder'...
06-09 13:33:54.731   433   449 I ServiceManager: Waiting for service 'package_native' on '/dev/binder'...
06-09 13:33:54.733   382   382 V APM_AudioPolicyManager: selectOutputForMusicEffects selected output 13
06-09 13:33:54.733   382   382 V APM_AudioPolicyManager: setOutputDevices device {type:0x10000,@:} delayMs 0
06-09 13:33:54.733   382   382 V APM_AudioPolicyManager: setOutputDevices() prevDevice {type:0x10000,@:}
06-09 13:33:54.734   382   382 V APM_AudioPolicyManager: setOutputDevices changing device to {type:0x10000,@:}
06-09 13:33:54.736   481   481 I hostapd : rfkill: Cannot get wiphy information
06-09 13:33:54.740   481   481 I hostapd : wlan1: interface state UNINITIALIZED->COUNTRY_UPDATE
06-09 13:33:54.715     0     0 I br0     : port 3(wlan1) entered blocking state
06-09 13:33:54.716     0     0 I br0     : port 3(wlan1) entered disabled state
06-09 13:33:54.717     0     0 I         : device wlan1 entered promiscuous mode
06-09 13:33:54.719     0     0 I br0     : port 3(wlan1) entered blocking state
06-09 13:33:54.720     0     0 I br0     : port 3(wlan1) entered forwarding state
06-09 13:33:54.744   284   284 I ServiceManager: Waiting for service 'statscompanion' on '/dev/binder'...
06-09 13:33:54.749   382   382 V APM_AudioPolicyManager: setOutputDevices() AF::createAudioPatch returned 0 patchHandle 20 num_sources 1 num_sinks 1
06-09 13:33:54.750   382   382 V APM_AudioPolicyManager: checkAndSetVolume cannot set volume group 4 volume with force use = 0 for comm
06-09 13:33:54.752   382   494 I AudioFlinger: AudioFlinger's thread 0xeb12b030 tid=494 ready to run
06-09 13:33:54.752   382   494 W AudioFlinger: no wake lock to update, system not ready yet
06-09 13:33:54.753   382   494 W AudioFlinger: no wake lock to update, system not ready yet
06-09 13:33:54.755   382   496 I AudioFlinger: AudioFlinger's thread 0xeaa2b030 tid=496 ready to run
06-09 13:33:54.756   382   496 W AudioFlinger: no wake lock to update, system not ready yet
06-09 13:33:54.757   382   498 I AudioFlinger: AudioFlinger's thread 0xeaa2b030 tid=498 ready to run
06-09 13:33:54.758   382   498 W AudioFlinger: no wake lock to update, system not ready yet
06-09 13:33:54.758   382   498 W AudioFlinger: no wake lock to update, system not ready yet
06-09 13:33:54.761   291   323 I r_submix: adev_open(name=audio_hw_if)
06-09 13:33:54.761   291   323 I r_submix: adev_init_check()
06-09 13:33:54.761   382   382 I AudioFlinger: loadHwModule() Loaded r_submix audio interface, handle 18
06-09 13:33:54.762   291   323 D r_submix: adev_open_input_stream(addr=0)
06-09 13:33:54.762   291   323 D r_submix: submix_audio_device_create_pipe_l(addr=0, idx=9)
06-09 13:33:54.762   291   323 D r_submix:   now using address 0 for route 9
06-09 13:33:54.766   442   442 I mediaswcodec: media swcodec service starting
06-09 13:33:54.768   382   500 I AudioFlinger: AudioFlinger's thread 0xeaa2b030 tid=500 ready to run
06-09 13:33:54.768   291   323 I r_submix: in_standby()
06-09 13:33:54.768   382   500 W AudioFlinger: no wake lock to update, system not ready yet
06-09 13:33:54.769   291   323 I r_submix: in_standby()
06-09 13:33:54.769   382   500 W AudioFlinger: no wake lock to update, system not ready yet
06-09 13:33:54.770   291   323 D r_submix: adev_close_input_stream()
06-09 13:33:54.770   291   323 D r_submix: submix_audio_device_release_pipe_l(idx=9) addr=0
06-09 13:33:54.770   291   323 D r_submix: submix_audio_device_destroy_pipe_l(): pipe destroyed
06-09 13:33:54.771   442   442 W mediaswcodec: Could not read additional policy file '/vendor/etc/seccomp_policy/mediaswcodec.policy'
06-09 13:33:54.771   382   382 W APM::AudioPolicyEngine: getDevicesForStrategy() unknown strategy: -1
06-09 13:33:54.771   382   382 W APM::AudioPolicyEngine: getDevicesForStrategy() unknown strategy: -1
06-09 13:33:54.771   442   442 W mediaswcodec: libminijail[442]: failed to get path of fd 4: No such file or directory
06-09 13:33:54.771   442   442 W mediaswcodec: libminijail[442]: allowing syscall: socketcall
06-09 13:33:54.771   442   442 W mediaswcodec: libminijail[442]: allowing syscall: writev
06-09 13:33:54.771   442   442 W mediaswcodec: libminijail[442]: allowing syscall: fcntl64
06-09 13:33:54.772   442   442 W mediaswcodec: libminijail[442]: allowing syscall: clock_gettime
06-09 13:33:54.772   442   442 W mediaswcodec: libminijail[442]: compile_file: <fd>(34): nonexistent syscall 'newfstatat'
06-09 13:33:54.772   382   382 I audioserver: Waiting for activity service
06-09 13:33:54.775   442   442 W mediaswcodec: libminijail[442]: logging seccomp filter failures
06-09 13:33:54.777   442   442 I CodecServiceRegistrant: Creating software Codec2 service...
06-09 13:33:54.781   488   488 D BootAnimation: BootAnimationStartTiming start time: 17597ms
06-09 13:33:54.781   488   488 D BootAnimation: BootAnimationPreloadTiming start time: 17597ms
06-09 13:33:54.781   442   442 D C2Store : Default ION heapmask = -1
06-09 13:33:54.781   442   442 D C2Store : Default ION flags = 0
06-09 13:33:54.781   442   442 D C2Store : Default ION align = 0
06-09 13:33:54.782   442   442 I HidlServiceManagement: Registered android.hardware.media.c2@1.1::IComponentStore/software (start delay of 469ms)
06-09 13:33:54.783   173   173 I hwservicemanager: getTransport: Cannot find entry android.hardware.media.c2@1.0::IComponentStore/default in either framework or device manifest.
06-09 13:33:54.783   442   442 I CodecServiceRegistrant: Preferred Codec2 store is defaulted to "software".
06-09 13:33:54.783   442   442 I CodecServiceRegistrant: Software Codec2 service created and registered.
06-09 13:33:54.796   426   426 I ServiceManager: Waiting for service 'package_native' on '/dev/binder'...
06-09 13:33:54.827   438   438 I ServiceManager: Waiting for service 'package_native' on '/dev/binder'...
06-09 13:33:54.831   433   449 I ServiceManager: Waiting for service 'package_native' on '/dev/binder'...
06-09 13:33:54.844   286   286 D zygote  : Time zone APEX ICU file found: /apex/com.android.tzdata/etc/icu/icu_tzdata.dat
06-09 13:33:54.844   286   286 D zygote  : I18n APEX ICU file found: /apex/com.android.i18n/etc/icu/icudt66l.dat
06-09 13:33:54.845   284   284 I ServiceManager: Waiting for service 'statscompanion' on '/dev/binder'...
