06-09 13:33:50.246   180   180 I qemu-props: receiving..
06-09 13:33:50.246   180   180 I qemu-props: received: qemu.sf.lcd_density=440
06-09 13:33:50.247   180   180 I qemu-props: successfully set property 'vendor.qemu.sf.lcd_density' to '440'
06-09 13:33:50.247   180   180 I qemu-props: receiving..
06-09 13:33:50.247   180   180 I qemu-props: received: net.wifi_mac_prefix=5554
06-09 13:33:50.247   180   180 I qemu-props: successfully set property 'vendor.net.wifi_mac_prefix' to '5554'
06-09 13:33:50.247   180   180 I qemu-props: receiving..
06-09 13:33:50.247   180   180 I qemu-props: received: qemu.timezone=Asia/Calcutta
06-09 13:33:50.248   180   180 I qemu-props: successfully set property 'vendor.qemu.timezone' to 'Asia/Calcutta'
06-09 13:33:50.248   180   180 I qemu-props: receiving..
06-09 13:33:50.271     0     0 I init    : SVC_EXEC service 'wait_for_keymaster' pid 184 (uid 0 gid 0+1 context default) started; waiting...
06-09 13:33:50.303     0     0 I wait_for_keymaster: Waiting for Keymaster device
06-09 13:33:50.326   173   173 E cutils-trace: Error opening trace file: Permission denied (13)
06-09 13:33:50.327   173   173 I hwservicemanager: getFrameworkHalManifest: Reading VINTF information.
06-09 13:33:50.342   173   173 I hwservicemanager: getFrameworkHalManifest: Successfully processed VINTF information
06-09 13:33:50.342   173   173 I hwservicemanager: getDeviceHalManifest: Reading VINTF information.
--------- beginning of system
06-09 13:33:50.343   183   183 I vold    : Vold 3.0 (the awakening) firing up
06-09 13:33:50.344   183   183 D vold    : Detected support for: ext4 f2fs vfat
06-09 13:33:50.344   183   183 D vold    : Found unmanaged dm device named product
06-09 13:33:50.345   183   183 D vold    : Found unmanaged dm device named vendor
06-09 13:33:50.345   183   183 D vold    : Found unmanaged dm device named system
06-09 13:33:50.345   183   183 D vold    : Found unmanaged dm device named system_ext
06-09 13:33:50.345   183   183 D vold    : Found unmanaged dm device named system-verity
06-09 13:33:50.345   183   183 W vold    : Failed to LOOP_GET_STATUS64 /dev/block/loop26: No such device or address
06-09 13:33:50.345   183   183 W vold    : Failed to LOOP_GET_STATUS64 /dev/block/loop25: No such device or address
06-09 13:33:50.345   183   183 W vold    : Failed to LOOP_GET_STATUS64 /dev/block/loop24: No such device or address
06-09 13:33:50.345   183   183 W vold    : Failed to LOOP_GET_STATUS64 /dev/block/loop23: No such device or address
06-09 13:33:50.345   183   183 W vold    : Failed to LOOP_GET_STATUS64 /dev/block/loop22: No such device or address
06-09 13:33:50.345   183   183 W vold    : Failed to LOOP_GET_STATUS64 /dev/block/loop21: No such device or address
06-09 13:33:50.345   183   183 W vold    : Failed to LOOP_GET_STATUS64 /dev/block/loop20: No such device or address
06-09 13:33:50.345   183   183 W vold    : Failed to LOOP_GET_STATUS64 /dev/block/loop19: No such device or address
06-09 13:33:50.345   183   183 W vold    : Failed to LOOP_GET_STATUS64 /dev/block/loop18: No such device or address
06-09 13:33:50.345   183   183 W vold    : Failed to LOOP_GET_STATUS64 /dev/block/loop17: No such device or address
06-09 13:33:50.345   183   183 W vold    : Failed to LOOP_GET_STATUS64 /dev/block/loop16: No such device or address
06-09 13:33:50.345   183   183 W vold    : Failed to LOOP_GET_STATUS64 /dev/block/loop12: No such device or address
06-09 13:33:50.345   183   183 W vold    : Failed to LOOP_GET_STATUS64 /dev/block/loop7: No such device or address
06-09 13:33:50.345   183   183 D vold    : Found unmanaged loop device at /dev/block/loop0 named apex:
06-09 13:33:50.345   183   183 D vold    : Found unmanaged loop device at /dev/block/loop2 named apex:
06-09 13:33:50.345   183   183 W vold    : Failed to LOOP_GET_STATUS64 /dev/block/loop8: No such device or address
06-09 13:33:50.345   183   183 D vold    : Found unmanaged loop device at /dev/block/loop1 named apex:
06-09 13:33:50.345   183   183 W vold    : Failed to LOOP_GET_STATUS64 /dev/block/loop10: No such device or address
06-09 13:33:50.345   183   183 D vold    : Found unmanaged loop device at /dev/block/loop3 named apex:
06-09 13:33:50.345   183   183 D vold    : Found unmanaged loop device at /dev/block/loop5 named apex:
06-09 13:33:50.345   183   183 W vold    : Failed to LOOP_GET_STATUS64 /dev/block/loop14: No such device or address
06-09 13:33:50.345   183   183 W vold    : Failed to LOOP_GET_STATUS64 /dev/block/loop9: No such device or address
06-09 13:33:50.345   183   183 W vold    : Failed to LOOP_GET_STATUS64 /dev/block/loop11: No such device or address
06-09 13:33:50.345   183   183 D vold    : Found unmanaged loop device at /dev/block/loop4 named apex:
06-09 13:33:50.345   183   183 W vold    : Failed to LOOP_GET_STATUS64 /dev/block/loop6: No such device or address
06-09 13:33:50.345   183   183 W vold    : Failed to LOOP_GET_STATUS64 /dev/block/loop13: No such device or address
06-09 13:33:50.345   183   183 W vold    : Failed to LOOP_GET_STATUS64 /dev/block/loop15: No such device or address
06-09 13:33:50.347   183   183 D vold    : VoldNativeService::start() completed OK
06-09 13:33:50.352   183   186 I vold    : Found disk at /devices/pci0000:00/0000:00:08.0/virtio5/block/vdf but delaying scan due to secure keyguard
06-09 13:33:50.355     0     0 I HidlServiceManagement: getService: Trying again for android.hardware.keymaster@4.0::IKeymasterDevice/default...
06-09 13:33:50.357     0     0 I init    : starting service 'vendor.keymaster-4-1'...
06-09 13:33:50.360     0     0 I init    : Control message: Processed ctl.interface_start for 'android.hardware.keymaster@4.0::IKeymasterDevice/default' from pid: 173 (/system/bin/hwservicemanager)
06-09 13:33:50.363     0     0 I init    : Control message: Processed ctl.interface_start for 'android.hardware.keymaster@4.0::IKeymasterDevice/default' from pid: 173 (/system/bin/hwservicemanager)
06-09 13:33:50.376   173   173 I hwservicemanager: getDeviceHalManifest: Successfully processed VINTF information
06-09 13:33:50.377   173   173 I hwservicemanager: Since android.hardware.keymaster@4.0::IKeymasterDevice/default is not registered, trying to start it as a lazy HAL.
06-09 13:33:50.377   173   173 I hwservicemanager: Since android.hardware.keymaster@4.0::IKeymasterDevice/default is not registered, trying to start it as a lazy HAL.
06-09 13:33:50.414     0     0 I wait_for_keymaster: List of Keymaster HALs found:
06-09 13:33:50.416     0     0 I wait_for_keymaster: Keymaster HAL #1: SoftwareKeymasterDevice from Google SecurityLevel: SOFTWARE HAL: android.hardware.keymaster@4.1::IKeymasterDevice/default
06-09 13:33:50.418     0     0 D wait_for_keymaster: Computing HMAC with params { (seed: , nonce: c22a8959f387df8fd1ffe68ad6aec1a2772153c75359fade8509f5e772a4a79) }
06-09 13:33:50.418     0     0 D wait_for_keymaster: Computing HMAC for SoftwareKeymasterDevice from Google SecurityLevel: SOFTWARE HAL: android.hardware.keymaster@4.1::IKeymasterDevice/default
06-09 13:33:50.418     0     0 I wait_for_keymaster: Using SoftwareKeymasterDevice from Google for encryption.  Security level: SOFTWARE, HAL: android.hardware.keymaster@4.1::IKeymasterDevice/default
06-09 13:33:50.421     0     0 I wait_for_keymaster: Keymaster device ready
06-09 13:33:50.423     0     0 I         : wait_for_keymas (184) used greatest stack depth: 11800 bytes left
06-09 13:33:50.424     0     0 I init    : Service 'wait_for_keymaster' (pid 184) exited with status 0 waiting took 0.154000 seconds
06-09 13:33:50.426     0     0 I init    : Sending signal 9 to service 'wait_for_keymaster' (pid 184) process group...
06-09 13:33:50.428     0     0 I libprocessgroup: Successfully killed process cgroup uid 0 pid 184 in 0ms
06-09 13:33:50.432     0     0 I init    : [libfs_mgr]Invalid ext4 superblock on '/dev/block/vdc'
06-09 13:33:50.433     0     0 E init    : [libfs_mgr]mount_with_alternatives(): skipping mount due to invalid magic, mountpoint=/data blk_dev=/dev/block/vdc rec[4].fs_type=ext4
06-09 13:33:50.435   191   191 E cutils-trace: Error opening trace file: Permission denied (13)
06-09 13:33:50.436   191   191 I HidlServiceManagement: Registered android.hardware.keymaster@4.1::IKeymasterDevice/default (start delay of 62ms)
06-09 13:33:50.436   191   191 I HidlServiceManagement: Removing namespace from process name android.hardware.keymaster@4.1-service to keymaster@4.1-service.
06-09 13:33:50.436   173   173 I hw-BpHwBinder: onLastStrongRef automatically unlinking death recipients
06-09 13:33:50.436     0     0 I init    : Calling: /system/bin/vdc cryptfs mountFstab /dev/block/vdc /data
06-09 13:33:50.436   173   173 I hwservicemanager: getTransport: Cannot find entry android.hardware.keymaster@3.0::IKeymasterDevice/default in either framework or device manifest.
06-09 13:33:50.446     0     0 D vdc     : Waited 0ms for vold
06-09 13:33:50.468   183   183 D vold    : fscrypt_mount_metadata_encrypted: /data 0
06-09 13:33:50.468   183   183 D vold    : metadata_key_dir/key: /metadata/vold/metadata_encryption/key
06-09 13:33:50.469     0     0 W EXT4-fs (dm-5): Ignoring removed nomblk_io_submit option
06-09 13:33:50.471     0     0 I EXT4-fs (dm-5): Using encoding defined by superblock: utf8-12.1.0 with flags 0x0
06-09 13:33:50.471   173   173 I hwservicemanager: getTransport: Cannot find entry android.hardware.keymaster@3.0::IKeymasterDevice/default in either framework or device manifest.
06-09 13:33:50.472   183   183 I vold    : List of Keymaster HALs found:
06-09 13:33:50.472   183   183 I vold    : Keymaster HAL #1: SoftwareKeymasterDevice from Google SecurityLevel: SOFTWARE HAL: android.hardware.keymaster@4.1::IKeymasterDevice/default
06-09 13:33:50.472   183   183 D vold    : Computing HMAC with params { (seed: , nonce: c22a8959f387df8fd1ffe68ad6aec1a2772153c75359fade8509f5e772a4a79) }
06-09 13:33:50.472   183   183 D vold    : Computing HMAC for SoftwareKeymasterDevice from Google SecurityLevel: SOFTWARE HAL: android.hardware.keymaster@4.1::IKeymasterDevice/default
06-09 13:33:50.473   183   183 I vold    : Using SoftwareKeymasterDevice from Google for encryption.  Security level: SOFTWARE, HAL: android.hardware.keymaster@4.1::IKeymasterDevice/default
06-09 13:33:50.473   173   173 I hwservicemanager: getTransport: Cannot find entry android.hardware.boot@1.0::IBootControl/default in either framework or device manifest.
06-09 13:33:50.473   183   183 D vold    : Key exists, using: /metadata/vold/metadata_encryption/key
06-09 13:33:50.479   173   173 I hwservicemanager: getTransport: Cannot find entry android.hardware.keymaster@3.0::IKeymasterDevice/default in either framework or device manifest.
06-09 13:33:50.479   183   183 I vold    : List of Keymaster HALs found:
06-09 13:33:50.479   183   183 I vold    : Keymaster HAL #1: SoftwareKeymasterDevice from Google SecurityLevel: SOFTWARE HAL: android.hardware.keymaster@4.1::IKeymasterDevice/default
06-09 13:33:50.479   183   183 I vold    : Using SoftwareKeymasterDevice from Google for encryption.  Security level: SOFTWARE, HAL: android.hardware.keymaster@4.1::IKeymasterDevice/default
06-09 13:33:50.485   183   183 D vold    : Mounting metadata-encrypted filesystem:/data
06-09 13:33:50.488   173   173 I hwservicemanager: getTransport: Cannot find entry android.hardware.keymaster@3.0::IKeymasterDevice/default in either framework or device manifest.
06-09 13:33:50.489   183   183 I vold    : List of Keymaster HALs found:
06-09 13:33:50.489   183   183 I vold    : Keymaster HAL #1: SoftwareKeymasterDevice from Google SecurityLevel: SOFTWARE HAL: android.hardware.keymaster@4.1::IKeymasterDevice/default
06-09 13:33:50.490   183   183 I vold    : [libfs_mgr]superblock s_max_mnt_count:65535,/dev/block/dm-5
06-09 13:33:50.491   183   183 I vold    : [libfs_mgr]Filesystem on /dev/block/dm-5 was not cleanly shutdown; state flags: 0x1, incompat feature flags: 0x30046
06-09 13:33:50.879     0     0 I EXT4-fs (dm-5): 3 orphan inodes deleted
06-09 13:33:50.880     0     0 I EXT4-fs (dm-5): recovery complete
06-09 13:33:50.886     0     0 I EXT4-fs (dm-5): mounted filesystem with ordered data mode. Opts: errors=remount-ro,nomblk_io_submit
06-09 13:33:50.910   183   183 I vold    : [libfs_mgr]check_fs(): mount(/dev/block/dm-5,/data,ext4)=0: Success
06-09 13:33:50.924     0     0 I e2fsck  : e2fsck 1.45.4 (23-Sep-2019)
06-09 13:33:50.931   183   183 I vold    : [libfs_mgr]check_fs(): unmount(/data) succeeded
06-09 13:33:50.931   183   183 I vold    : [libfs_mgr]Running /system/bin/e2fsck on /dev/block/dm-5
06-09 13:33:50.936     0     0 I e2fsck  : Pass 1: Checking inodes, blocks, and sizes
06-09 13:33:51.094     0     0 I e2fsck  : Pass 2: Checking directory structure
06-09 13:33:51.156     0     0 I e2fsck  : Pass 3: Checking directory connectivity
06-09 13:33:51.162     0     0 I e2fsck  : Pass 4: Checking reference counts
06-09 13:33:51.169     0     0 I e2fsck  : Pass 5: Checking group summary information
06-09 13:33:51.203     0     0 I e2fsck  : /dev/block/dm-5: 2962/393216 files (3.4% non-contiguous), 91184/1572864 blocks
06-09 13:33:51.209     0     0 W EXT4-fs (dm-5): Ignoring removed nomblk_io_submit option
06-09 13:33:51.210     0     0 I EXT4-fs (dm-5): Using encoding defined by superblock: utf8-12.1.0 with flags 0x0
06-09 13:33:51.217     0     0 I EXT4-fs (dm-5): mounted filesystem with ordered data mode. Opts: nomblk_io_submit,errors=panic
06-09 13:33:51.225     0     0 I init    : Keyring created with id 608549634 in process 1
06-09 13:33:51.228     0     0 I init    : Command 'mount_all /vendor/etc/fstab.ranchu' action=fs (/vendor/etc/init/hw/init.ranchu.rc:6) took 797ms and succeeded
06-09 13:33:51.230   183   183 I vold    : [libfs_mgr]superblock s_max_mnt_count:65535,/dev/block/dm-5
06-09 13:33:51.230   183   183 W vold    : [libfs_mgr]Reserved blocks 32768 is too large; capping to 31457
06-09 13:33:51.231     0     0 I init    : processing action (fs) from (/system/etc/init/logd.rc:28)
06-09 13:33:51.232     0     0 I init    : processing action (fs) from (/system/etc/init/wifi.rc:25)
06-09 13:33:51.234     0     0 I init    : processing action (post-fs) from (/system/etc/init/hw/init.rc:467)
06-09 13:33:51.236     0     0 I init    : starting service 'exec 2 (/system/bin/vdc checkpoint markBootAttempt)'...
06-09 13:33:51.238     0     0 I init    : SVC_EXEC service 'exec 2 (/system/bin/vdc checkpoint markBootAttempt)' pid 205 (uid 1000 gid 1000+0 context default) started; waiting...
06-09 13:33:51.241   183   183 I vold    : [libfs_mgr]__mount(source=/dev/block/dm-5,target=/data,type=ext4)=0: Success
06-09 13:33:51.241   183   183 D vold    : Mounted /data
06-09 13:33:51.242   183   186 D vold    : Disk at 253:5 changed
06-09 13:33:51.244     0     0 I init    : Service 'exec 2 (/system/bin/vdc checkpoint markBootAttempt)' (pid 205) exited with status 0 waiting took 0.006000 seconds
06-09 13:33:51.246     0     0 I init    : Sending signal 9 to service 'exec 2 (/system/bin/vdc checkpoint markBootAttempt)' (pid 205) process group...
06-09 13:33:51.248     0     0 I libprocessgroup: Successfully killed process cgroup uid 1000 pid 205 in 0ms
06-09 13:33:51.250     0     0 E selinux : SELinux:  Could not stat /sys/kernel/debug: No such file or directory.
06-09 13:33:51.252     0     0 E selinux :  
06-09 13:33:51.252     0     0 I init    : Command 'chown system cache /cache' action=post-fs (/system/etc/init/hw/init.rc:479) took 0ms and failed: lchown() failed: Read-only file system
06-09 13:33:51.255     0     0 I init    : Command 'chmod 0770 /cache' action=post-fs (/system/etc/init/hw/init.rc:480) took 0ms and failed: fchmodat() failed: Read-only file system
06-09 13:33:51.260     0     0 I init    : Command 'mkdir /cache/recovery 0770 system cache' action=post-fs (/system/etc/init/hw/init.rc:486) took 1ms and failed: mkdir() failed on /cache/recovery: Required key not available
06-09 13:33:51.263     0     0 I init    : Command 'mkdir /cache/backup_stage 0700 system system' action=post-fs (/system/etc/init/hw/init.rc:489) took 0ms and failed: mkdir() failed on /cache/backup_stage: Required key not available
06-09 13:33:51.267     0     0 I init    : Command 'mkdir /cache/backup 0700 system system' action=post-fs (/system/etc/init/hw/init.rc:490) took 0ms and failed: mkdir() failed on /cache/backup: Required key not available
06-09 13:33:51.270     0     0 I init    : Command 'mkdir /cache/lost+found 0770 root root' action=post-fs (/system/etc/init/hw/init.rc:511) took 0ms and failed: mkdir() failed on /cache/lost+found: Required key not available
06-09 13:33:51.274     0     0 I selinux : SELinux: Skipping restorecon on directory(/metadata)
06-09 13:33:51.276     0     0 I selinux :  
06-09 13:33:51.277     0     0 I selinux : SELinux: Skipping restorecon on directory(/metadata/apex)
06-09 13:33:51.278     0     0 I selinux :  
06-09 13:33:51.279     0     0 I init    : processing action (post-fs) from (/system/etc/init/atrace_userdebug.rc:7)
06-09 13:33:51.281     0     0 I init    : processing action (post-fs) from (/system/etc/init/gsid.rc:8)
06-09 13:33:51.282     0     0 I init    : processing action (post-fs) from (/system/etc/init/recovery-refresh.rc:1)
06-09 13:33:51.284     0     0 I init    : starting service 'exec 3 (/system/bin/recovery-refresh)'...
06-09 13:33:51.286     0     0 I init    : processing action (late-fs) from (/system/etc/init/hw/init.rc:531)
06-09 13:33:51.298     0     0 I init    : starting service 'system_suspend'...
06-09 13:33:51.301     0     0 I init    : starting service 'vendor.atrace-hal-1-0'...
06-09 13:33:51.306     0     0 I init    : Service 'exec 3 (/system/bin/recovery-refresh)' (pid 206) exited with status 254 oneshot service took 0.020000 seconds in background
06-09 13:33:51.309     0     0 I init    : Sending signal 9 to service 'exec 3 (/system/bin/recovery-refresh)' (pid 206) process group...
06-09 13:33:51.311     0     0 I libprocessgroup: Successfully killed process cgroup uid 1000 pid 206 in 0ms
06-09 13:33:51.313     0     0 I init    : processing action (late-fs) from (/vendor/etc/init/hw/init.ranchu.rc:8)
06-09 13:33:51.318     0     0 E init    : Unable to set property 'ro.crypto.state' from uid:0 gid:0 pid:1: Read-only property was already set
06-09 13:33:51.321     0     0 I init    : processing action (post-fs-data) from (/system/etc/init/hw/init.rc:540)
06-09 13:33:51.322     0     0 I init    : starting service 'exec 4 (/system/bin/vdc checkpoint prepareCheckpoint)'...
06-09 13:33:51.325     0     0 I init    : SVC_EXEC service 'exec 4 (/system/bin/vdc checkpoint prepareCheckpoint)' pid 211 (uid 1000 gid 1000+0 context default) started; waiting...
06-09 13:33:51.330     0     0 I init    : Service 'exec 4 (/system/bin/vdc checkpoint prepareCheckpoint)' (pid 211) exited with status 0 waiting took 0.005000 seconds
06-09 13:33:51.333     0     0 I init    : Sending signal 9 to service 'exec 4 (/system/bin/vdc checkpoint prepareCheckpoint)' (pid 211) process group...
06-09 13:33:51.335     0     0 I libprocessgroup: Successfully killed process cgroup uid 1000 pid 211 in 0ms
06-09 13:33:51.337   207   207 I HidlServiceManagement: Registered android.system.suspend@1.0::ISystemSuspend/default (start delay of 23ms)
06-09 13:33:51.337   207   207 I HidlServiceManagement: Removing namespace from process name android.system.suspend@1.0-service to suspend@1.0-service.
06-09 13:33:51.337   208   208 I HidlServiceManagement: Registered android.hardware.atrace@1.0::IAtraceDevice/default (start delay of 14ms)
06-09 13:33:51.337     0     0 I init    : starting service 'exec 5 (/system/bin/vdc --wait cryptfs enablefilecrypto)'...
06-09 13:33:51.337   208   208 I HidlServiceManagement: Removing namespace from process name android.hardware.atrace@1.0-service to atrace@1.0-service.
06-09 13:33:51.339     0     0 I init    : SVC_EXEC service 'exec 5 (/system/bin/vdc --wait cryptfs enablefilecrypto)' pid 212 (uid 0 gid 0+0 context default) started; waiting...
06-09 13:33:51.342     1     1 W libc    : Unable to set property "ro.crypto.state" to "unsupported": error code: 0xb
06-09 13:33:51.344     0     0 D vdc     : Waited 0ms for vold
06-09 13:33:51.351   183   183 I Checkpoint: cp_prepareCheckpoint called
06-09 13:33:51.366     0     0 I init    : Service 'exec 5 (/system/bin/vdc --wait cryptfs enablefilecrypto)' (pid 212) exited with status 0 waiting took 0.026000 seconds
06-09 13:33:51.366   183   183 I vold    : fscrypt_initialize_systemwide_keys
06-09 13:33:51.367   183   183 D vold    : Key exists, using: /data/unencrypted/key
06-09 13:33:51.368     0     0 I init    : Sending signal 9 to service 'exec 5 (/system/bin/vdc --wait cryptfs enablefilecrypto)' (pid 212) process group...
06-09 13:33:51.371     0     0 I libprocessgroup: Successfully killed process cgroup uid 0 pid 212 in 0ms
06-09 13:33:51.376   173   173 I hwservicemanager: getTransport: Cannot find entry android.hardware.keymaster@3.0::IKeymasterDevice/default in either framework or device manifest.
06-09 13:33:51.376     0     0 I fscrypt : AES-256-CTS-CBC using implementation "cts(cbc-aes-aesni)"
06-09 13:33:51.376   183   183 I vold    : List of Keymaster HALs found:
06-09 13:33:51.377   183   183 I vold    : Keymaster HAL #1: SoftwareKeymasterDevice from Google SecurityLevel: SOFTWARE HAL: android.hardware.keymaster@4.1::IKeymasterDevice/default
06-09 13:33:51.377   183   183 I vold    : Using SoftwareKeymasterDevice from Google for encryption.  Security level: SOFTWARE, HAL: android.hardware.keymaster@4.1::IKeymasterDevice/default
06-09 13:33:51.378     0     0 I init    : Verified that /data/bootchart has the encryption policy d0ff9502d264c4a35def328e43c7b21b v2 modes 1/4 flags 0x2
06-09 13:33:51.379   183   183 D vold    : Installed fscrypt key with ref d0ff9502d264c4a35def328e43c7b21b to /data
06-09 13:33:51.379   183   183 D vold    : Added fscrypt-provisioning key for d0ff9502d264c4a35def328e43c7b21b to session keyring
06-09 13:33:51.381     0     0 I init    : Switched to default mount namespace
06-09 13:33:51.382     0     0 I init    : Not setting encryption policy on: /data/apex
06-09 13:33:51.385   183   183 I vold    : Wrote system DE key reference to:/data/unencrypted/ref
06-09 13:33:51.385   183   183 D vold    : Installed fscrypt key with ref ce7e057c8fa3dd6c62c348470438f83b to /data
06-09 13:33:51.385   183   183 D vold    : Added fscrypt-provisioning key for ce7e057c8fa3dd6c62c348470438f83b to session keyring
06-09 13:33:51.386     0     0 I init    : Not setting encryption policy on: /data/app-staging
06-09 13:33:51.387     0     0 I init    : starting service 'apexd'...
06-09 13:33:51.387   183   183 I vold    : Wrote per boot key reference to:/data/unencrypted/per_boot_ref
06-09 13:33:51.393     0     0 E init    : Failed to set encryption policy of /data/misc to d0ff9502d264c4a35def328e43c7b21b v2 modes 1/4 flags 0x2: Directory not empty
06-09 13:33:51.398     0     0 I apexd   : Scanning /system/apex for preinstalled data
06-09 13:33:51.399     0     0 E logwrapper: executing ls failed: Permission denied
06-09 13:33:51.401     0     0 E logwrapper:  
06-09 13:33:51.401     0     0 I apexd   : Scanning /system_ext/apex for preinstalled data
06-09 13:33:51.405     0     0 I ls      : executing ls failed: Permission denied
06-09 13:33:51.406     0     0 I apexd   : ... does not exist. Skipping
06-09 13:33:51.407     0     0 I ls      : ls terminated by exit(255)
06-09 13:33:51.408     0     0 I apexd   : Scanning /product/apex for preinstalled data
06-09 13:33:51.409     0     0 I ls      :  
06-09 13:33:51.409     0     0 I apexd   : ... does not exist. Skipping
06-09 13:33:51.411     0     0 E init    : ls -laZ /data/misc returned failure: 255
06-09 13:33:51.411     0     0 I apexd   : Scanning /vendor/apex for preinstalled data
06-09 13:33:51.412     0     0 E init    : Setting d0ff9502d264c4a35def328e43c7b21b policy on /data/misc failed!
06-09 13:33:51.413     0     0 I apexd   : ... does not exist. Skipping
06-09 13:33:51.415     0     0 E init    : Rebooting into recovery
06-09 13:33:51.416   220   220 W init    : type=1400 audit(0.0:4): avc: denied { execute_no_trans } for path="/vendor/bin/toybox_vendor" dev="dm-3" ino=227 scontext=u:r:init:s0 tcontext=u:object_r:vendor_toolbox_exec:s0 tclass=file permissive=0 b/132695863
06-09 13:33:51.416     0     0 I apexd   : Populating APEX database from mounts...
06-09 13:33:51.417     0     0 I init    : Command 'mkdir /data/misc 01771 system misc encryption=Require' action=post-fs-data (/system/etc/init/hw/init.rc:576) took 24ms and failed: Failed to set bootloader message: failed to find /misc partition
06-09 13:33:51.418     0     0 I apexd   : 0 packages restored.
06-09 13:33:51.422     0     0 I apexd   : Marking APEXd as starting
06-09 13:33:51.424     0     0 I apexd   : Scanning /metadata/apex/sessions looking for sessions to be activated.
06-09 13:33:51.426     0     0 I apexd   : Scanning /data/apex/active looking for APEX packages.
06-09 13:33:51.429     0     0 I apexd   : Activated 0 packages. Skipped: 0
06-09 13:33:51.430     0     0 I apexd   : Scanning /system/apex looking for APEX packages.
06-09 13:33:51.431     0     0 I apexd   : Found /system/apex/com.android.mediaprovider.apex
06-09 13:33:51.433     0     0 I apexd   : Found /system/apex/com.android.tethering.apex
06-09 13:33:51.434     0     0 I apexd   : Found /system/apex/com.android.wifi.apex
06-09 13:33:51.435     0     0 I apexd   : Found /system/apex/com.android.cellbroadcast.apex
06-09 13:33:51.435     0     0 I init    : Verified that /data/local has the encryption policy d0ff9502d264c4a35def328e43c7b21b v2 modes 1/4 flags 0x2
06-09 13:33:51.436     0     0 I apexd   : Found /system/apex/com.android.neuralnetworks.apex
06-09 13:33:51.440     0     0 I apexd   : Found /system/apex/com.android.resolv.apex
06-09 13:33:51.441     0     0 I apexd   : Found /system/apex/com.android.media.swcodec.apex
06-09 13:33:51.441     0     0 I init    : Not setting encryption policy on: /data/preloads
06-09 13:33:51.442     0     0 I apexd   : Found /system/apex/com.android.conscrypt.apex
06-09 13:33:51.445     0     0 I apexd   : Found /system/apex/com.android.adbd.apex
06-09 13:33:51.446     0     0 I init    : Verified that /data/vendor has the encryption policy d0ff9502d264c4a35def328e43c7b21b v2 modes 1/4 flags 0x2
06-09 13:33:51.446     0     0 I apexd   : Found /system/apex/com.android.art.debug.apex
06-09 13:33:51.448     0     0 I init    : Not setting encryption policy on: /data/vendor_ce
06-09 13:33:51.449     0     0 I apexd   : Found /system/apex/com.android.permission.apex
06-09 13:33:51.451     0     0 I init    : Not setting encryption policy on: /data/vendor_de
06-09 13:33:51.452     0     0 I apexd   : Found /system/apex/com.android.runtime.apex
06-09 13:33:51.454     0     0 I apexd   : Found /system/apex/com.android.sdkext.apex
06-09 13:33:51.456     0     0 I apexd   : Found /system/apex/com.android.tzdata.apex
06-09 13:33:51.457     0     0 I init    : Not setting encryption policy on: /data/data
06-09 13:33:51.457     0     0 I apexd   : Found /system/apex/com.android.media.apex
06-09 13:33:51.459     0     0 I apexd   : Found /system/apex/com.android.extservices.apex
06-09 13:33:51.461     0     0 I apexd   : Found /system/apex/com.android.vndk.current.apex
06-09 13:33:51.463     0     0 I apexd   : Found /system/apex/com.android.os.statsd.apex
06-09 13:33:51.463     0     0 I init    : Verified that /data/app-private has the encryption policy d0ff9502d264c4a35def328e43c7b21b v2 modes 1/4 flags 0x2
06-09 13:33:51.464     0     0 I apexd   : Found /system/apex/com.android.apex.cts.shim.apex
06-09 13:33:51.467     0     0 I init    : Verified that /data/app-ephemeral has the encryption policy d0ff9502d264c4a35def328e43c7b21b v2 modes 1/4 flags 0x2
06-09 13:33:51.467     0     0 I apexd   : Found /system/apex/com.android.i18n.apex
06-09 13:33:51.471     0     0 I init    : Verified that /data/app-asec has the encryption policy d0ff9502d264c4a35def328e43c7b21b v2 modes 1/4 flags 0x2
06-09 13:33:51.472     0     0 I init    : Verified that /data/app-lib has the encryption policy d0ff9502d264c4a35def328e43c7b21b v2 modes 1/4 flags 0x2
06-09 13:33:51.473     0     0 I apexd   : Found /system/apex/com.android.ipsec.apex
06-09 13:33:51.477     0     0 D apexd   : Creating mount point: /apex/com.android.mediaprovider@300000000
06-09 13:33:51.477     0     0 I init    : Verified that /data/app has the encryption policy d0ff9502d264c4a35def328e43c7b21b v2 modes 1/4 flags 0x2
06-09 13:33:51.481     0     0 I init    : Verified that /data/property has the encryption policy d0ff9502d264c4a35def328e43c7b21b v2 modes 1/4 flags 0x2
06-09 13:33:51.486     0     0 I init    : Verified that /data/tombstones has the encryption policy d0ff9502d264c4a35def328e43c7b21b v2 modes 1/4 flags 0x2
06-09 13:33:51.492     0     0 I init    : Verified that /data/dalvik-cache has the encryption policy d0ff9502d264c4a35def328e43c7b21b v2 modes 1/4 flags 0x2
06-09 13:33:51.495     0     0 I init    : Verified that /data/ota has the encryption policy d0ff9502d264c4a35def328e43c7b21b v2 modes 1/4 flags 0x2
06-09 13:33:51.499     0     0 I init    : Verified that /data/ota_package has the encryption policy d0ff9502d264c4a35def328e43c7b21b v2 modes 1/4 flags 0x2
06-09 13:33:51.499   183   186 D vold    : Disk at 7:48 changed
06-09 13:33:51.503     0     0 I init    : Verified that /data/resource-cache has the encryption policy d0ff9502d264c4a35def328e43c7b21b v2 modes 1/4 flags 0x2
06-09 13:33:51.505     0     0 I init    : Not setting encryption policy on: /data/lost+found
06-09 13:33:51.508     0     0 I init    : Verified that /data/drm has the encryption policy d0ff9502d264c4a35def328e43c7b21b v2 modes 1/4 flags 0x2
06-09 13:33:51.511     0     0 I init    : Verified that /data/mediadrm has the encryption policy d0ff9502d264c4a35def328e43c7b21b v2 modes 1/4 flags 0x2
06-09 13:33:51.515     0     0 I init    : Verified that /data/anr has the encryption policy d0ff9502d264c4a35def328e43c7b21b v2 modes 1/4 flags 0x2
06-09 13:33:51.517     0     0 D apexd   : Loopback device created: /dev/block/loop6
06-09 13:33:51.519     0     0 I init    : Verified that /data/nfc has the encryption policy d0ff9502d264c4a35def328e43c7b21b v2 modes 1/4 flags 0x2
06-09 13:33:51.524     0     0 I init    : Verified that /data/backup has the encryption policy d0ff9502d264c4a35def328e43c7b21b v2 modes 1/4 flags 0x2
06-09 13:33:51.528     0     0 I init    : Verified that /data/ss has the encryption policy d0ff9502d264c4a35def328e43c7b21b v2 modes 1/4 flags 0x2
06-09 13:33:51.530     0     0 E init    : Failed to set encryption policy of /data/system to d0ff9502d264c4a35def328e43c7b21b v2 modes 1/4 flags 0x2: Directory not empty
06-09 13:33:51.532     0     0 D apexd   : AVB footer verification successful.
06-09 13:33:51.533     0     0 E logwrapper: executing ls failed: Permission denied
06-09 13:33:51.534     0     0 D apexd   : /system/apex/com.android.mediaprovider.apex: public key matches.
06-09 13:33:51.534     0     0 E logwrapper:  
06-09 13:33:51.535     0     0 I ls      : executing ls failed: Permission denied
06-09 13:33:51.538     0     0 I EXT4-fs (loop6): mounted filesystem without journal. Opts: (null)
06-09 13:33:51.540   183   186 D vold    : Disk at 7:48 changed
06-09 13:33:51.540     0     0 I ls      : ls terminated by exit(255)
06-09 13:33:51.541     0     0 I apexd   : Successfully mounted package /system/apex/com.android.mediaprovider.apex on /apex/com.android.mediaprovider@300000000
06-09 13:33:51.542     0     0 I ls      :  
06-09 13:33:51.545     0     0 D apexd   : Creating bind-mount for /apex/com.android.mediaprovider for /apex/com.android.mediaprovider@300000000
06-09 13:33:51.546     0     0 E init    : ls -laZ /data/system returned failure: 255
06-09 13:33:51.546     0     0 D apexd   : Creating mountpoint /apex/com.android.mediaprovider
06-09 13:33:51.547     0     0 E init    : Setting d0ff9502d264c4a35def328e43c7b21b policy on /data/system failed!
06-09 13:33:51.547     0     0 D apexd   : Bind-mounting /apex/com.android.mediaprovider@300000000 to /apex/com.android.mediaprovider
06-09 13:33:51.549     0     0 E init    : Rebooting into recovery
06-09 13:33:51.549     0     0 D apexd   : Successfully activated /system/apex/com.android.mediaprovider.apex package_name: com.android.mediaprovider version: 300000000
06-09 13:33:51.549     0     0 D apexd   : Creating mount point: /apex/com.android.tethering@300000000
06-09 13:33:51.550     0     0 I init    : Command 'mkdir /data/system 0775 system system encryption=Require' action=post-fs-data (/system/etc/init/hw/init.rc:703) took 19ms and failed: Failed to set bootloader message: failed to find /misc partition
06-09 13:33:51.552   222   222 W init    : type=1400 audit(0.0:5): avc: denied { execute_no_trans } for path="/vendor/bin/toybox_vendor" dev="dm-3" ino=227 scontext=u:r:init:s0 tcontext=u:object_r:vendor_toolbox_exec:s0 tclass=file permissive=0 b/132695863
06-09 13:33:51.554     0     0 I init    : Not setting encryption policy on: /data/system_de
06-09 13:33:51.556     0     0 I init    : Not setting encryption policy on: /data/system_ce
06-09 13:33:51.558     0     0 I init    : Not setting encryption policy on: /data/misc_de
06-09 13:33:51.560     0     0 I init    : Not setting encryption policy on: /data/misc_ce
06-09 13:33:51.562     0     0 I init    : Not setting encryption policy on: /data/user
06-09 13:33:51.564     0     0 I init    : Not setting encryption policy on: /data/user_de
06-09 13:33:51.568     0     0 I init    : Command 'rm /data/user/0' action=post-fs-data (/system/etc/init/hw/init.rc:718) took 1ms and failed: unlink() failed: Is a directory
06-09 13:33:51.572   183   186 D vold    : Disk at 7:56 changed
06-09 13:33:51.576     0     0 I init    : Verified that /data/cache has the encryption policy d0ff9502d264c4a35def328e43c7b21b v2 modes 1/4 flags 0x2
06-09 13:33:51.579     0     0 D apexd   : Loopback device created: /dev/block/loop7
06-09 13:33:51.579     0     0 D apexd   : AVB footer verification successful.
06-09 13:33:51.580     0     0 D apexd   : /system/apex/com.android.tethering.apex: public key matches.
06-09 13:33:51.584     0     0 I init    : Verified that /data/rollback has the encryption policy d0ff9502d264c4a35def328e43c7b21b v2 modes 1/4 flags 0x2
06-09 13:33:51.584     0     0 I EXT4-fs (loop7): mounted filesystem without journal. Opts: (null)
06-09 13:33:51.587     0     0 I init    : Verified that /data/rollback-observer has the encryption policy d0ff9502d264c4a35def328e43c7b21b v2 modes 1/4 flags 0x2
06-09 13:33:51.588     0     0 I apexd   : Successfully mounted package /system/apex/com.android.tethering.apex on /apex/com.android.tethering@300000000
06-09 13:33:51.591     0     0 I init    : Verified that /data/incremental has the encryption policy d0ff9502d264c4a35def328e43c7b21b v2 modes 1/4 flags 0x2
06-09 13:33:51.594     0     0 D apexd   : Creating bind-mount for /apex/com.android.tethering for /apex/com.android.tethering@300000000
06-09 13:33:51.595     0     0 D apexd   : Creating mountpoint /apex/com.android.tethering
06-09 13:33:51.595     0     0 D apexd   : Bind-mounting /apex/com.android.tethering@300000000 to /apex/com.android.tethering
06-09 13:33:51.595     0     0 D apexd   : Successfully activated /system/apex/com.android.tethering.apex package_name: com.android.tethering version: 300000000
06-09 13:33:51.595     0     0 D apexd   : Creating mount point: /apex/com.android.wifi@300000000
06-09 13:33:51.601   183   186 D vold    : Disk at 7:56 changed
06-09 13:33:51.617   183   186 D vold    : Disk at 7:64 changed
06-09 13:33:51.618     0     0 D apexd   : Loopback device created: /dev/block/loop8
06-09 13:33:51.618     0     0 D apexd   : AVB footer verification successful.
06-09 13:33:51.619     0     0 D apexd   : /system/apex/com.android.wifi.apex: public key matches.
06-09 13:33:51.623     0     0 I EXT4-fs (loop8): mounted filesystem without journal. Opts: (null)
06-09 13:33:51.624     0     0 I apexd   : Successfully mounted package /system/apex/com.android.wifi.apex on /apex/com.android.wifi@300000000
06-09 13:33:51.629     0     0 D apexd   : Creating bind-mount for /apex/com.android.wifi for /apex/com.android.wifi@300000000
06-09 13:33:51.629     0     0 D apexd   : Creating mountpoint /apex/com.android.wifi
06-09 13:33:51.629     0     0 D apexd   : Bind-mounting /apex/com.android.wifi@300000000 to /apex/com.android.wifi
06-09 13:33:51.629     0     0 D apexd   : Successfully activated /system/apex/com.android.wifi.apex package_name: com.android.wifi version: 300000000
06-09 13:33:51.629     0     0 D apexd   : Creating mount point: /apex/com.android.cellbroadcast@300000000
06-09 13:33:51.640   183   186 D vold    : Disk at 7:64 changed
06-09 13:33:51.651   183   186 D vold    : Disk at 7:72 changed
06-09 13:33:51.671     0     0 D apexd   : Loopback device created: /dev/block/loop9
06-09 13:33:51.671     0     0 D apexd   : AVB footer verification successful.
06-09 13:33:51.672     0     0 D apexd   : /system/apex/com.android.cellbroadcast.apex: public key matches.
06-09 13:33:51.678     0     0 I EXT4-fs (loop9): mounted filesystem without journal. Opts: (null)
06-09 13:33:51.680     0     0 I apexd   : Successfully mounted package /system/apex/com.android.cellbroadcast.apex on /apex/com.android.cellbroadcast@300000000
06-09 13:33:51.688     0     0 D apexd   : Creating bind-mount for /apex/com.android.cellbroadcast for /apex/com.android.cellbroadcast@300000000
06-09 13:33:51.688     0     0 D apexd   : Creating mountpoint /apex/com.android.cellbroadcast
06-09 13:33:51.688     0     0 D apexd   : Bind-mounting /apex/com.android.cellbroadcast@300000000 to /apex/com.android.cellbroadcast
06-09 13:33:51.688     0     0 D apexd   : Successfully activated /system/apex/com.android.cellbroadcast.apex package_name: com.android.cellbroadcast version: 300000000
06-09 13:33:51.688     0     0 D apexd   : Creating mount point: /apex/com.android.neuralnetworks@300000000
06-09 13:33:51.693   183   186 D vold    : Disk at 7:72 changed
06-09 13:33:51.711   183   186 D vold    : Disk at 7:80 changed
06-09 13:33:51.736     0     0 D apexd   : Loopback device created: /dev/block/loop10
06-09 13:33:51.740     0     0 D apexd   : AVB footer verification successful.
06-09 13:33:51.745     0     0 D apexd   : /system/apex/com.android.neuralnetworks.apex: public key matches.
06-09 13:33:51.754     0     0 I EXT4-fs (loop10): mounted filesystem without journal. Opts: (null)
06-09 13:33:51.758     0     0 I apexd   : Successfully mounted package /system/apex/com.android.neuralnetworks.apex on /apex/com.android.neuralnetworks@300000000
06-09 13:33:51.758   183   186 D vold    : Disk at 7:80 changed
06-09 13:33:51.765     0     0 D apexd   : Creating bind-mount for /apex/com.android.neuralnetworks for /apex/com.android.neuralnetworks@300000000
06-09 13:33:51.765     0     0 D apexd   : Creating mountpoint /apex/com.android.neuralnetworks
06-09 13:33:51.765     0     0 D apexd   : Bind-mounting /apex/com.android.neuralnetworks@300000000 to /apex/com.android.neuralnetworks
06-09 13:33:51.765     0     0 D apexd   : Successfully activated /system/apex/com.android.neuralnetworks.apex package_name: com.android.neuralnetworks version: 300000000
06-09 13:33:51.765     0     0 D apexd   : Creating mount point: /apex/com.android.resolv@300000000
06-09 13:33:51.788   183   186 D vold    : Disk at 7:88 changed
06-09 13:33:51.798     0     0 D apexd   : Loopback device created: /dev/block/loop11
06-09 13:33:51.800     0     0 D apexd   : AVB footer verification successful.
06-09 13:33:51.803     0     0 D apexd   : /system/apex/com.android.resolv.apex: public key matches.
06-09 13:33:51.810     0     0 I EXT4-fs (loop11): mounted filesystem without journal. Opts: (null)
06-09 13:33:51.812     0     0 I apexd   : Successfully mounted package /system/apex/com.android.resolv.apex on /apex/com.android.resolv@300000000
06-09 13:33:51.820     0     0 D apexd   : Creating bind-mount for /apex/com.android.resolv for /apex/com.android.resolv@300000000
06-09 13:33:51.820     0     0 D apexd   : Creating mountpoint /apex/com.android.resolv
06-09 13:33:51.820     0     0 D apexd   : Bind-mounting /apex/com.android.resolv@300000000 to /apex/com.android.resolv
06-09 13:33:51.820     0     0 D apexd   : Successfully activated /system/apex/com.android.resolv.apex package_name: com.android.resolv version: 300000000
06-09 13:33:51.820     0     0 D apexd   : Creating mount point: /apex/com.android.media.swcodec@300000000
06-09 13:33:51.820   183   186 D vold    : Disk at 7:88 changed
06-09 13:33:51.843   183   186 D vold    : Disk at 7:96 changed
06-09 13:33:51.864     0     0 D apexd   : Loopback device created: /dev/block/loop12
06-09 13:33:51.866     0     0 D apexd   : AVB footer verification successful.
06-09 13:33:51.870     0     0 D apexd   : /system/apex/com.android.media.swcodec.apex: public key matches.
06-09 13:33:51.880     0     0 I EXT4-fs (loop12): mounted filesystem without journal. Opts: (null)
06-09 13:33:51.884     0     0 I apexd   : Successfully mounted package /system/apex/com.android.media.swcodec.apex on /apex/com.android.media.swcodec@300000000
06-09 13:33:51.885   183   186 D vold    : Disk at 7:96 changed
06-09 13:33:51.896     0     0 D apexd   : Creating bind-mount for /apex/com.android.media.swcodec for /apex/com.android.media.swcodec@300000000
06-09 13:33:51.896     0     0 D apexd   : Creating mountpoint /apex/com.android.media.swcodec
06-09 13:33:51.896     0     0 D apexd   : Bind-mounting /apex/com.android.media.swcodec@300000000 to /apex/com.android.media.swcodec
06-09 13:33:51.896     0     0 D apexd   : Successfully activated /system/apex/com.android.media.swcodec.apex package_name: com.android.media.swcodec version: 300000000
06-09 13:33:51.896     0     0 D apexd   : Creating mount point: /apex/com.android.conscrypt@300000000
06-09 13:33:51.919   183   186 D vold    : Disk at 7:104 changed
06-09 13:33:51.922     0     0 D apexd   : Loopback device created: /dev/block/loop13
06-09 13:33:51.922     0     0 D apexd   : AVB footer verification successful.
06-09 13:33:51.926     0     0 D apexd   : /system/apex/com.android.conscrypt.apex: public key matches.
06-09 13:33:51.932     0     0 I EXT4-fs (loop13): mounted filesystem without journal. Opts: (null)
06-09 13:33:51.935     0     0 I apexd   : Successfully mounted package /system/apex/com.android.conscrypt.apex on /apex/com.android.conscrypt@300000000
06-09 13:33:51.944     0     0 D apexd   : Creating bind-mount for /apex/com.android.conscrypt for /apex/com.android.conscrypt@300000000
06-09 13:33:51.944     0     0 D apexd   : Creating mountpoint /apex/com.android.conscrypt
06-09 13:33:51.944     0     0 D apexd   : Bind-mounting /apex/com.android.conscrypt@300000000 to /apex/com.android.conscrypt
06-09 13:33:51.944   183   186 D vold    : Disk at 7:104 changed
06-09 13:33:51.944     0     0 D apexd   : Successfully activated /system/apex/com.android.conscrypt.apex package_name: com.android.conscrypt version: 300000000
06-09 13:33:51.944     0     0 D apexd   : Creating mount point: /apex/com.android.adbd@300000000
06-09 13:33:51.969   183   186 D vold    : Disk at 7:112 changed
06-09 13:33:51.991     0     0 D apexd   : Loopback device created: /dev/block/loop14
06-09 13:33:51.994     0     0 D apexd   : AVB footer verification successful.
06-09 13:33:51.998     0     0 D apexd   : /system/apex/com.android.adbd.apex: public key matches.
06-09 13:33:52.008     0     0 I EXT4-fs (loop14): mounted filesystem without journal. Opts: (null)
06-09 13:33:52.012     0     0 I apexd   : Successfully mounted package /system/apex/com.android.adbd.apex on /apex/com.android.adbd@300000000
06-09 13:33:52.013   183   186 D vold    : Disk at 7:112 changed
06-09 13:33:52.023     0     0 D apexd   : Creating bind-mount for /apex/com.android.adbd for /apex/com.android.adbd@300000000
06-09 13:33:52.023     0     0 D apexd   : Creating mountpoint /apex/com.android.adbd
06-09 13:33:52.023     0     0 D apexd   : Bind-mounting /apex/com.android.adbd@300000000 to /apex/com.android.adbd
06-09 13:33:52.023     0     0 D apexd   : Successfully activated /system/apex/com.android.adbd.apex package_name: com.android.adbd version: 300000000
06-09 13:33:52.023     0     0 D apexd   : Creating mount point: /apex/com.android.art@1
06-09 13:33:52.046   183   186 D vold    : Disk at 7:120 changed
06-09 13:33:52.055     0     0 D apexd   : Loopback device created: /dev/block/loop15
06-09 13:33:52.055     0     0 D apexd   : AVB footer verification successful.
06-09 13:33:52.056     0     0 D apexd   : /system/apex/com.android.art.debug.apex: public key matches.
06-09 13:33:52.059     0     0 I EXT4-fs (loop15): mounted filesystem without journal. Opts: (null)
06-09 13:33:52.061     0     0 I apexd   : Successfully mounted package /system/apex/com.android.art.debug.apex on /apex/com.android.art@1
06-09 13:33:52.064     0     0 D apexd   : Creating bind-mount for /apex/com.android.art for /apex/com.android.art@1
06-09 13:33:52.064     0     0 D apexd   : Bind-mounting /apex/com.android.art@1 to /apex/com.android.art
06-09 13:33:52.064     0     0 D apexd   : Successfully activated /system/apex/com.android.art.debug.apex package_name: com.android.art version: 1
06-09 13:33:52.064     0     0 D apexd   : Creating mount point: /apex/com.android.permission@300000000
06-09 13:33:52.077   183   186 D vold    : Disk at 7:120 changed
06-09 13:33:52.087   183   186 D vold    : Disk at 7:128 changed
06-09 13:33:52.102     0     0 D apexd   : Loopback device created: /dev/block/loop16
06-09 13:33:52.115     0     0 D apexd   : AVB footer verification successful.
06-09 13:33:52.121     0     0 D apexd   : /system/apex/com.android.permission.apex: public key matches.
06-09 13:33:52.124   183   186 D vold    : Disk at 7:128 changed
06-09 13:33:52.132     0     0 I EXT4-fs (loop16): mounted filesystem without journal. Opts: (null)
06-09 13:33:52.137     0     0 I apexd   : Successfully mounted package /system/apex/com.android.permission.apex on /apex/com.android.permission@300000000
06-09 13:33:52.147     0     0 D apexd   : Creating bind-mount for /apex/com.android.permission for /apex/com.android.permission@300000000
06-09 13:33:52.147     0     0 D apexd   : Creating mountpoint /apex/com.android.permission
06-09 13:33:52.147     0     0 D apexd   : Bind-mounting /apex/com.android.permission@300000000 to /apex/com.android.permission
06-09 13:33:52.147     0     0 D apexd   : Successfully activated /system/apex/com.android.permission.apex package_name: com.android.permission version: 300000000
06-09 13:33:52.147     0     0 D apexd   : Creating mount point: /apex/com.android.runtime@1
06-09 13:33:52.167     0     0 D apexd   : Loopback device created: /dev/block/loop17
06-09 13:33:52.167     0     0 D apexd   : AVB footer verification successful.
06-09 13:33:52.168     0     0 D apexd   : /system/apex/com.android.runtime.apex: public key matches.
06-09 13:33:52.170   183   186 D vold    : Disk at 7:136 changed
06-09 13:33:52.172     0     0 I EXT4-fs (loop17): mounted filesystem without journal. Opts: (null)
06-09 13:33:52.175     0     0 I apexd   : Successfully mounted package /system/apex/com.android.runtime.apex on /apex/com.android.runtime@1
06-09 13:33:52.180     0     0 D apexd   : Creating bind-mount for /apex/com.android.runtime for /apex/com.android.runtime@1
06-09 13:33:52.180     0     0 D apexd   : Bind-mounting /apex/com.android.runtime@1 to /apex/com.android.runtime
06-09 13:33:52.180     0     0 D apexd   : Successfully activated /system/apex/com.android.runtime.apex package_name: com.android.runtime version: 1
06-09 13:33:52.180     0     0 D apexd   : Creating mount point: /apex/com.android.sdkext@300000000
06-09 13:33:52.188   183   186 D vold    : Disk at 7:136 changed
06-09 13:33:52.203   183   186 D vold    : Disk at 7:144 changed
06-09 13:33:52.214     0     0 D apexd   : Loopback device created: /dev/block/loop18
06-09 13:33:52.214     0     0 D apexd   : AVB footer verification successful.
06-09 13:33:52.216     0     0 D apexd   : /system/apex/com.android.sdkext.apex: public key matches.
06-09 13:33:52.219     0     0 I EXT4-fs (loop18): mounted filesystem without journal. Opts: (null)
06-09 13:33:52.221     0     0 I apexd   : Successfully mounted package /system/apex/com.android.sdkext.apex on /apex/com.android.sdkext@300000000
06-09 13:33:52.226     0     0 D apexd   : Creating bind-mount for /apex/com.android.sdkext for /apex/com.android.sdkext@300000000
06-09 13:33:52.226     0     0 D apexd   : Creating mountpoint /apex/com.android.sdkext
06-09 13:33:52.226     0     0 D apexd   : Bind-mounting /apex/com.android.sdkext@300000000 to /apex/com.android.sdkext
06-09 13:33:52.226     0     0 D apexd   : Successfully activated /system/apex/com.android.sdkext.apex package_name: com.android.sdkext version: 300000000
06-09 13:33:52.226     0     0 D apexd   : Creating mount point: /apex/com.android.tzdata@300000000
06-09 13:33:52.236   183   186 D vold    : Disk at 7:144 changed
06-09 13:33:52.249   183   186 D vold    : Disk at 7:152 changed
06-09 13:33:52.262     0     0 D apexd   : Loopback device created: /dev/block/loop19
06-09 13:33:52.262     0     0 D apexd   : AVB footer verification successful.
06-09 13:33:52.263     0     0 D apexd   : /system/apex/com.android.tzdata.apex: public key matches.
06-09 13:33:52.266     0     0 I EXT4-fs (loop19): mounted filesystem without journal. Opts: (null)
06-09 13:33:52.267     0     0 I apexd   : Successfully mounted package /system/apex/com.android.tzdata.apex on /apex/com.android.tzdata@300000000
