06-09 13:33:53.240   282   282 D LibBpfLoader: applying relo to instruction at byte offset: 1688, 	       insn offset 211 , insn 118
06-09 13:33:53.240   282   282 D LibBpfLoader: applying relo to instruction at byte offset: 1792, 	       insn offset 224 , insn 118
06-09 13:33:53.240   282   282 D LibBpfLoader: applying relo to instruction at byte offset: 1832, 	       insn offset 229 , insn 118
06-09 13:33:53.240   282   282 D LibBpfLoader: applying relo to instruction at byte offset: 2104, 	       insn offset 263 , insn 118
06-09 13:33:53.240   282   282 D LibBpfLoader: applying relo to instruction at byte offset: 2208, 	       insn offset 276 , insn 118
06-09 13:33:53.240   282   282 D LibBpfLoader: applying relo to instruction at byte offset: 2248, 	       insn offset 281 , insn 118
06-09 13:33:53.240   282   282 D LibBpfLoader: applying relo to instruction at byte offset: 2392, 	       insn offset 299 , insn 118
06-09 13:33:53.240   282   282 D LibBpfLoader: applying relo to instruction at byte offset: 2496, 	       insn offset 312 , insn 118
06-09 13:33:53.240   282   282 D LibBpfLoader: applying relo to instruction at byte offset: 2536, 	       insn offset 317 , insn 118
06-09 13:33:53.240   282   282 D LibBpfLoader: applying relo to instruction at byte offset: 2768, 	       insn offset 346 , insn 118
06-09 13:33:53.240   282   282 D LibBpfLoader: applying relo to instruction at byte offset: 2872, 	       insn offset 359 , insn 118
06-09 13:33:53.241   282   282 D LibBpfLoader: applying relo to instruction at byte offset: 2912, 	       insn offset 364 , insn 118
06-09 13:33:53.241   282   282 D LibBpfLoader: applying relo to instruction at byte offset: 88, 	       insn offset 11 , insn 118
06-09 13:33:53.241   282   282 D LibBpfLoader: applying relo to instruction at byte offset: 192, 	       insn offset 24 , insn 118
06-09 13:33:53.241   282   282 D LibBpfLoader: applying relo to instruction at byte offset: 232, 	       insn offset 29 , insn 118
06-09 13:33:53.241   282   282 D LibBpfLoader: applying relo to instruction at byte offset: 40, 	       insn offset 5 , insn 118
06-09 13:33:53.241   282   282 D LibBpfLoader: applying relo to instruction at byte offset: 144, 	       insn offset 18 , insn 118
06-09 13:33:53.241   282   282 D LibBpfLoader: applying relo to instruction at byte offset: 184, 	       insn offset 23 , insn 118
06-09 13:33:53.241   282   282 D LibBpfLoader: applying relo to instruction at byte offset: 136, 	       insn offset 17 , insn 118
06-09 13:33:53.241   282   282 D LibBpfLoader: applying relo to instruction at byte offset: 32, 	       insn offset 4 , insn 118
06-09 13:33:53.241   282   282 D LibBpfLoader: applying relo to instruction at byte offset: 80, 	       insn offset 10 , insn 118
06-09 13:33:53.241     0     0 I init    : Created socket '/dev/socket/usap_pool_primary', mode 660, user 0, group 1000
06-09 13:33:53.243   282   282 D LibBpfLoader: bpf_prog_load lib call for /system/etc/bpf/netd.o (cgroupskb_ingress_stats) returned fd: 16 (no error)
06-09 13:33:53.244   282   282 D LibBpfLoader: bpf_prog_load lib call for /system/etc/bpf/netd.o (cgroupskb_egress_stats) returned fd: 17 (no error)
06-09 13:33:53.244   282   282 D LibBpfLoader: cs[2].name:skfilter_egress_xtbpf min_kver:0 .max_kver:ffffffff (kvers:5043d)
06-09 13:33:53.245   282   282 D LibBpfLoader: bpf_prog_load lib call for /system/etc/bpf/netd.o (skfilter_egress_xtbpf) returned fd: 18 (no error)
06-09 13:33:53.245   282   282 D LibBpfLoader: cs[3].name:skfilter_ingress_xtbpf min_kver:0 .max_kver:ffffffff (kvers:5043d)
06-09 13:33:53.247   282   282 D LibBpfLoader: bpf_prog_load lib call for /system/etc/bpf/netd.o (skfilter_ingress_xtbpf) returned fd: 19 (no error)
06-09 13:33:53.247   282   282 D LibBpfLoader: cs[4].name:skfilter_whitelist_xtbpf min_kver:0 .max_kver:ffffffff (kvers:5043d)
06-09 13:33:53.249     0     0 I init    : Service 'bpfloader' (pid 282) exited with status 0 oneshot service took 0.089000 seconds in background
06-09 13:33:53.250   282   282 D LibBpfLoader: bpf_prog_load lib call for /system/etc/bpf/netd.o (skfilter_whitelist_xtbpf) returned fd: 20 (no error)
06-09 13:33:53.250   282   282 D LibBpfLoader: cs[5].name:skfilter_blacklist_xtbpf min_kver:0 .max_kver:ffffffff (kvers:5043d)
06-09 13:33:53.250   282   282 D LibBpfLoader: bpf_prog_load lib call for /system/etc/bpf/netd.o (skfilter_blacklist_xtbpf) returned fd: 21 (no error)
06-09 13:33:53.251   282   282 D LibBpfLoader: cs[6].name:cgroupsock_inet_create min_kver:40e00 .max_kver:ffffffff (kvers:5043d)
06-09 13:33:53.252     0     0 I init    : Sending signal 9 to service 'bpfloader' (pid 282) process group...
06-09 13:33:53.253   282   282 D LibBpfLoader: bpf_prog_load lib call for /system/etc/bpf/netd.o (cgroupsock_inet_create) returned fd: 22 (no error)
06-09 13:33:53.253   282   282 I bpfloader: Loaded object: /system/etc/bpf/netd.o
06-09 13:33:53.255     0     0 I libprocessgroup: Successfully killed process cgroup uid 0 pid 282 in 0ms
06-09 13:33:53.256   282   282 D LibBpfLoader: Loading critical for netd ELF object /system/etc/bpf/clatd.o with license Apache 2.0
06-09 13:33:53.256   282   282 E LibBpfLoader: No progs section could be found in elf object
06-09 13:33:53.256   282   282 D LibBpfLoader: Loaded code section 3 (schedcls_ingress_clat_ether)
06-09 13:33:53.256   282   282 D LibBpfLoader: Loaded relo section 3 (.relschedcls/ingress/clat_ether)
06-09 13:33:53.256   282   282 D LibBpfLoader: Adding section 3 to cs list
06-09 13:33:53.257   282   282 D LibBpfLoader: Loaded code section 5 (schedcls_ingress_clat_rawip)
06-09 13:33:53.257   282   282 D LibBpfLoader: Loaded relo section 5 (.relschedcls/ingress/clat_rawip)
06-09 13:33:53.257   282   282 D LibBpfLoader: Adding section 5 to cs list
06-09 13:33:53.257   282   282 D LibBpfLoader: Loaded code section 7 (schedcls_egress_clat_ether)
06-09 13:33:53.257   282   282 D LibBpfLoader: Adding section 7 to cs list
06-09 13:33:53.257   282   282 D LibBpfLoader: Loaded code section 8 (schedcls_egress_clat_rawip)
06-09 13:33:53.258   282   282 D LibBpfLoader: Loaded relo section 8 (.relschedcls/egress/clat_rawip)
06-09 13:33:53.258   282   282 D LibBpfLoader: Adding section 8 to cs list
06-09 13:33:53.258   282   282 D LibBpfLoader: bpf_create_map name clat_ingress_map, ret: 6
06-09 13:33:53.258   282   282 D LibBpfLoader: bpf_create_map name clat_egress_map, ret: 7
06-09 13:33:53.258   282   282 D LibBpfLoader: map_fd found at 0 is 6 in /system/etc/bpf/clatd.o
06-09 13:33:53.258   282   282 D LibBpfLoader: map_fd found at 1 is 7 in /system/etc/bpf/clatd.o
06-09 13:33:53.259   282   282 D LibBpfLoader: applying relo to instruction at byte offset: 392, 	       insn offset 49 , insn 118
06-09 13:33:53.259   282   282 D LibBpfLoader: applying relo to instruction at byte offset: 352, 	       insn offset 44 , insn 118
06-09 13:33:53.259   282   282 D LibBpfLoader: applying relo to instruction at byte offset: 520, 	       insn offset 65 , insn 118
06-09 13:33:53.260     0     0 I init    : Command 'start zygote_secondary' action=ro.crypto.state=encrypted && ro.crypto.type=file && zygote-start (/system/etc/init/hw/init.rc:846) took 0ms and failed: service zygote_secondary not found
06-09 13:33:53.262   282   282 D LibBpfLoader: bpf_prog_load lib call for /system/etc/bpf/clatd.o (schedcls_ingress_clat_ether) returned fd: 8 (no error)
06-09 13:33:53.265     0     0 I init    : processing action (zygote-start) from (/vendor/etc/init/hw/init.ranchu.rc:59)
06-09 13:33:53.265   282   282 D LibBpfLoader: bpf_prog_load lib call for /system/etc/bpf/clatd.o (schedcls_ingress_clat_rawip) returned fd: 9 (no error)
06-09 13:33:53.266   282   282 D LibBpfLoader: bpf_prog_load lib call for /system/etc/bpf/clatd.o (schedcls_egress_clat_ether) returned fd: 10 (no error)
06-09 13:33:53.267   282   282 D LibBpfLoader: bpf_prog_load lib call for /system/etc/bpf/clatd.o (schedcls_egress_clat_rawip) returned fd: 11 (no error)
06-09 13:33:53.268   282   282 I bpfloader: Loaded object: /system/etc/bpf/clatd.o
06-09 13:33:53.269     0     0 I init    : processing action (firmware_mounts_complete) from (/system/etc/init/hw/init.rc:423)
06-09 13:33:53.272     0     0 I init    : processing action (early-boot) from (/system/etc/init/installd.rc:5)
06-09 13:33:53.285     0     0 I init    : processing action (boot) from (/system/etc/init/hw/init.rc:848)
06-09 13:33:53.289     0     0 I init    : Command 'write /sys/devices/virtual/block/${dev.mnt.blk.data}/queue/discard_max_bytes 134217728' action=boot (/system/etc/init/hw/init.rc:884) took 0ms and failed: Unable to write to file '/sys/devices/virtual/block/dm-5/queue/discard_max_bytes': Unable to write file contents: Invalid argument
06-09 13:33:53.299     0     0 I init    : starting service 'hidl_memory'...
06-09 13:33:53.304     0     0 I init    : starting service 'vendor.audio-hal'...
06-09 13:33:53.306   284   284 I ServiceManager: Waiting for service 'statscompanion' on '/dev/binder'...
06-09 13:33:53.312     0     0 I init    : starting service 'vendor.authsecret-1-0'...
06-09 13:33:53.317     0     0 E ueventd : firmware: could not find firmware for regulatory.db
06-09 13:33:53.319     0     0 E ueventd : firmware: attempted /etc/firmware/regulatory.db, open failed: No such file or directory
06-09 13:33:53.321     0     0 E ueventd : firmware: attempted /odm/firmware/regulatory.db, open failed: No such file or directory
06-09 13:33:53.324     0     0 E ueventd : firmware: attempted /vendor/firmware/regulatory.db, open failed: No such file or directory
06-09 13:33:53.327     0     0 E ueventd : firmware: attempted /firmware/image/regulatory.db, open failed: No such file or directory
06-09 13:33:53.329     0     0 I cfg80211: failed to load regulatory.db
06-09 13:33:53.330     0     0 I ueventd : loading /devices/platform/regulatory.0/firmware/regulatory.db took 5278ms
06-09 13:33:53.338     0     0 I init    : starting service 'vendor.bluetooth-1-1'...
06-09 13:33:53.342   290   290 I HidlServiceManagement: Registered android.hidl.allocator@1.0::IAllocator/ashmem (start delay of 29ms)
06-09 13:33:53.343   290   290 I HidlServiceManagement: Removing namespace from process name android.hidl.allocator@1.0-service to allocator@1.0-service.
06-09 13:33:53.344     0     0 I init    : starting service 'vendor.camera-provider-2-4'...
06-09 13:33:53.344   285   285 I netdClient: Skipping libnetd_client init since *we* are netd
06-09 13:33:53.349     0     0 W libprocessgroup: Failed to open /dev/cpuset/camera-daemon/tasks: No such file or directory: No such file or directory
06-09 13:33:53.353     0     0 W libprocessgroup: Failed to apply CameraServiceCapacity task profile: No such file or directory
06-09 13:33:53.356     0     0 I init    : starting service 'vendor.camera-provider-2-6-google'...
06-09 13:33:53.359     0     0 E init    : failed to write pid to files: couldn't write 295 to /dev/cpuset/camera-daemon/tasks: No such file or directory
06-09 13:33:53.370     0     0 I init    : starting service 'vendor.cas-hal-1-2'...
06-09 13:33:53.382   285   285 I netd    : netd 1.0 starting
06-09 13:33:53.392     0     0 I init    : starting service 'vendor.contexthub-hal-1-1-mock'...
06-09 13:33:53.403   285   285 D TetherController: Setting IP forward enable = 0
06-09 13:33:53.405   285   285 D FirewallController: Could not read /proc/self/uid_map, max uid defaulting to 4294967294
06-09 13:33:53.409   284   284 I ServiceManager: Waiting for service 'statscompanion' on '/dev/binder'...
06-09 13:33:53.409     0     0 I init    : starting service 'vendor.drm-hal-1-0'...
06-09 13:33:53.420     0     0 I init    : starting service 'vendor.drm-clearkey-hal-1-3'...
06-09 13:33:53.427   293   293 I bt      : system/bt/vendor_libs/test_vendor_lib/model/setup/device_boutique.cc:33 Register: Registering beacon_swarm
06-09 13:33:53.427   293   293 I bt      : system/bt/vendor_libs/test_vendor_lib/model/setup/device_boutique.cc:33 Register: Registering beacon
06-09 13:33:53.427   293   293 I bt      : system/bt/vendor_libs/test_vendor_lib/model/setup/device_boutique.cc:33 Register: Registering scripted_beacon
06-09 13:33:53.427   293   293 I bt      : system/bt/vendor_libs/test_vendor_lib/model/setup/device_boutique.cc:33 Register: Registering remote_loopback
06-09 13:33:53.427   293   293 I bt      : system/bt/vendor_libs/test_vendor_lib/model/setup/device_boutique.cc:33 Register: Registering car_kit
06-09 13:33:53.427   293   293 I bt      : system/bt/vendor_libs/test_vendor_lib/model/setup/device_boutique.cc:33 Register: Registering classic
06-09 13:33:53.427   293   293 I bt      : system/bt/vendor_libs/test_vendor_lib/model/setup/device_boutique.cc:33 Register: Registering sniffer
06-09 13:33:53.427   293   293 I bt      : system/bt/vendor_libs/test_vendor_lib/model/setup/device_boutique.cc:33 Register: Registering keyboard
06-09 13:33:53.428   292   292 I HidlServiceManagement: Registered android.hardware.authsecret@1.0::IAuthSecret/default (start delay of 74ms)
06-09 13:33:53.428   292   292 I HidlServiceManagement: Removing namespace from process name android.hardware.authsecret@1.0-service to authsecret@1.0-service.
06-09 13:33:53.429     0     0 I init    : starting service 'vendor.drm-widevine-hal-1-3'...
06-09 13:33:53.434   293   293 I bt      : system/bt/vendor_libs/test_vendor_lib/model/devices/device_properties.cc:81 DeviceProperties: Reading controller properties from /etc/bluetooth/car_kit_controller_properties.json.
06-09 13:33:53.440   293   293 E bt      : system/bt/vendor_libs/test_vendor_lib/model/devices/device_properties.cc:83 DeviceProperties: Error reading controller properties from file.
06-09 13:33:53.440     0     0 I init    : starting service 'vendor.gatekeeper-1-0'...
06-09 13:33:53.443   293   293 I bt      : system/bt/vendor_libs/test_vendor_lib/model/devices/scripted_beacon.cc:71 ScriptedBeacon: Scripted_beacon registered true
06-09 13:33:53.445     0     0 I init    : starting service 'vendor.gralloc-3-0'...
06-09 13:33:53.447   293   293 I HidlServiceManagement: Registered android.hardware.bluetooth@1.1::IBluetoothHci/default (start delay of 93ms)
06-09 13:33:53.447   293   293 I HidlServiceManagement: Removing namespace from process name android.hardware.bluetooth@1.1-service.sim to bluetooth@1.1-service.sim.
06-09 13:33:53.459   300   300 I HidlServiceManagement: Registered android.hardware.contexthub@1.1::IContexthub/default (start delay of 45ms)
06-09 13:33:53.459   300   300 I HidlServiceManagement: Removing namespace from process name android.hardware.contexthub@1.1-service.mock to contexthub@1.1-service.mock.
06-09 13:33:53.462     0     0 I init    : starting service 'vendor.hwcomposer-2-3'...
06-09 13:33:53.470     0     0 I init    : starting service 'health-hal-2-1'...
06-09 13:33:53.472     0     0 I init    : Opened file '/dev/kmsg', flags 1
06-09 13:33:53.474   285   285 I netd    : Creating child chains: 47969us
06-09 13:33:53.474   285   285 I netd    : Setting up OEM hooks: 174us
06-09 13:33:53.474   285   285 I netd    : Setting up FirewallController hooks: 146us
06-09 13:33:53.480     0     0 I init    : starting service 'neuralnetworks_hal_service_sample_all'...
06-09 13:33:53.482   285   285 I netd    : Setting up TetherController hooks: 7885us
06-09 13:33:53.485     0     0 I init    : starting service 'neuralnetworks_hal_service_sample_float_fast'...
06-09 13:33:53.486   285   285 I netd    : Setting up BandwidthController hooks: 3850us
06-09 13:33:53.486   285   285 I netd    : Setting up IdletimerController hooks: 166us
06-09 13:33:53.490   295   295 I android.hardware.pixel.camera.provider@2.6-service: Google camera provider service is starting.
06-09 13:33:53.490   285   285 I netd    : Setting up StrictController hooks: 3949us
06-09 13:33:53.490   285   285 I ClatdController: 4.9+ kernel and device shipped with Q+ - clat ebpf should work.
06-09 13:33:53.490   285   285 I netd    : Initializing ClatdController: 131us
06-09 13:33:53.492     0     0 I init    : starting service 'neuralnetworks_hal_service_sample_float_slow'...
06-09 13:33:53.493   296   296 I HidlServiceManagement: Registered android.hardware.cas@1.2::IMediaCasService/default (start delay of 100ms)
06-09 13:33:53.493   296   296 I HidlServiceManagement: Removing namespace from process name android.hardware.cas@1.2-service to cas@1.2-service.
06-09 13:33:53.494   285   285 I netd    : Initializing traffic control: 4052us
06-09 13:33:53.496   294   294 I android.hardware.camera.provider@2.4-service: CameraProvider@2.4 legacy service is starting.
06-09 13:33:53.498     0     0 I init    : starting service 'neuralnetworks_hal_service_sample_minimal'...
06-09 13:33:53.502   285   285 I netd    : Enabling bandwidth control: 7418us
06-09 13:33:53.504   285   285 I netd    : Initializing RouteController: 1859us
06-09 13:33:53.504   285   285 D XfrmController: XfrmController::ipSecAddXfrmInterface, line=1377
06-09 13:33:53.504   285   285 D XfrmController: XfrmController::ipSecRemoveTunnelInterface, line=1590
06-09 13:33:53.504   285   285 D XfrmController: deviceName=ipsec_test
06-09 13:33:53.505     0     0 I init    : starting service 'neuralnetworks_hal_service_sample_quant'...
06-09 13:33:53.511   284   284 I ServiceManager: Waiting for service 'statscompanion' on '/dev/binder'...
06-09 13:33:53.514     0     0 I init    : starting service 'vendor.power.stats-hal-1-0-mock'...
06-09 13:33:53.532   285   285 D XfrmController: Sending Netlink XFRM Message: XFRM_MSG_FLUSHSA
06-09 13:33:53.532   285   285 D XfrmController: Sending Netlink XFRM Message: XFRM_MSG_FLUSHPOLICY
06-09 13:33:53.532   285   285 I netd    : Initializing XfrmController: 28780us
06-09 13:33:53.533     0     0 I init    : starting service 'vendor.sensors-hal-2-1-multihal'...
06-09 13:33:53.543     0     0 I init    : starting service 'vendor.thermal-hal-2-0-mock'...
06-09 13:33:53.550   291   291 I HidlServiceManagement: Registered android.hardware.audio@6.0::IDevicesFactory/default (start delay of 225ms)
06-09 13:33:53.550   291   291 I HidlServiceManagement: Removing namespace from process name android.hardware.audio.service.ranchu to audio.service.ranchu.
06-09 13:33:53.551   304   304 I HidlServiceManagement: Registered android.hardware.gatekeeper@1.0::IGatekeeper/default (start delay of 87ms)
06-09 13:33:53.552   304   304 I HidlServiceManagement: Removing namespace from process name android.hardware.gatekeeper@1.0-service.software to gatekeeper@1.0-service.software.
06-09 13:33:53.555   301   301 I HidlServiceManagement: Registered android.hardware.drm@1.0::IDrmFactory/default (start delay of 122ms)
06-09 13:33:53.555   301   301 I HidlServiceManagement: Removing namespace from process name android.hardware.drm@1.0-service to drm@1.0-service.
06-09 13:33:53.556   301   301 I LegacySupport: Registration complete for android.hardware.drm@1.0::IDrmFactory/default.
06-09 13:33:53.557   301   301 I HidlServiceManagement: Registered android.hardware.drm@1.0::ICryptoFactory/default (start delay of 123ms)
06-09 13:33:53.557   301   301 I HidlServiceManagement: Removing namespace from process name android.hardware.drm@1.0-service to drm@1.0-service.
06-09 13:33:53.557   301   301 I LegacySupport: Registration complete for android.hardware.drm@1.0::ICryptoFactory/default.
06-09 13:33:53.565     0     0 W healthd : batteryCapacityLevelPath not found
06-09 13:33:53.567   285   285 I libnetd_resolv: resolv_init: Initializing resolver
06-09 13:33:53.569     0     0 W healthd : batteryChargeTimeToFullNowPath. not found
06-09 13:33:53.573     0     0 I init    : starting service 'vendor.usb-hal-1-0'...
06-09 13:33:53.575     0     0 W healthd : batteryFullChargeDesignCapacityUahPath. not found
06-09 13:33:53.579   295   295 I GCH_CameraProvider: CreateCameraProviderHwl:Loading /vendor/lib/libgooglecamerahwl_impl.so library
06-09 13:33:53.582   324   324 I android.hardware.power.stats@1.0-service-mock: power.stats service 1.0 mock is starting.
06-09 13:33:53.584     0     0 I init    : starting service 'vendor.wifi_hal_legacy'...
06-09 13:33:53.584   291   291 I HidlServiceManagement: Registered android.hardware.audio.effect@6.0::IEffectsFactory/default (start delay of 261ms)
06-09 13:33:53.584   291   291 I LegacySupport: Registration complete for android.hardware.audio.effect@6.0::IEffectsFactory/default.
06-09 13:33:53.586   324   324 I HidlServiceManagement: Registered android.hardware.power.stats@1.0::IPowerStats/default (start delay of 42ms)
06-09 13:33:53.586     0     0 W healthd : battery l=100 v=5000 t=25.0 h=2 st=4 c=900000 fc=300000 cc=10 chg=
06-09 13:33:53.586   324   324 I HidlServiceManagement: Removing namespace from process name android.hardware.power.stats@1.0-service.mock to stats@1.0-service.mock.
06-09 13:33:53.586   324   324 I android.hardware.power.stats@1.0-service-mock: power.stats service is ready
06-09 13:33:53.589   302   302 I HidlServiceManagement: Registered android.hardware.drm@1.3::IDrmFactory/clearkey (start delay of 146ms)
06-09 13:33:53.589   302   302 I HidlServiceManagement: Removing namespace from process name android.hardware.drm@1.3-service.clearkey to drm@1.3-service.clearkey.
06-09 13:33:53.590   302   302 I HidlServiceManagement: Registered android.hardware.drm@1.3::ICryptoFactory/clearkey (start delay of 146ms)
06-09 13:33:53.590   302   302 I HidlServiceManagement: Removing namespace from process name android.hardware.drm@1.3-service.clearkey to drm@1.3-service.clearkey.
06-09 13:33:53.599     0     0 I init    : starting service 'vendor.identity-default'...
06-09 13:33:53.603   309   309 I android.hardware.health@2.1-service: default instance initializing with healthd_config...
06-09 13:33:53.606   309   309 I HidlServiceManagement: Registered android.hardware.health@2.1::IHealth/default (start delay of 113ms)
06-09 13:33:53.607   309   309 I HidlServiceManagement: Removing namespace from process name android.hardware.health@2.1-service to health@2.1-service.
06-09 13:33:53.607   309   309 I android.hardware.health@2.1-service: default: Hal init done
06-09 13:33:53.610     0     0 I init    : starting service 'vendor.light-default'...
06-09 13:33:53.612   284   284 I ServiceManager: Waiting for service 'statscompanion' on '/dev/binder'...
06-09 13:33:53.615   303   303 I HidlServiceManagement: Registered android.hardware.drm@1.3::IDrmFactory/widevine (start delay of 161ms)
06-09 13:33:53.615   303   303 I HidlServiceManagement: Removing namespace from process name android.hardware.drm@1.3-service.widevine to drm@1.3-service.widevine.
06-09 13:33:53.617   303   303 I HidlServiceManagement: Registered android.hardware.drm@1.3::ICryptoFactory/widevine (start delay of 163ms)
06-09 13:33:53.617   303   303 I HidlServiceManagement: Removing namespace from process name android.hardware.drm@1.3-service.widevine to drm@1.3-service.widevine.
06-09 13:33:53.632     0     0 I init    : starting service 'vendor.power-default'...
06-09 13:33:53.633   328   328 I android.hardware.thermal@2.0-service-mock: Thermal HAL Service Mock 2.0 starting...
06-09 13:33:53.639     0     0 I init    : starting service 'vendor.rebootescrow-default'...
06-09 13:33:53.645   328   328 I HidlServiceManagement: Registered android.hardware.thermal@2.0::IThermal/default (start delay of 62ms)
06-09 13:33:53.646   328   328 I HidlServiceManagement: Removing namespace from process name android.hardware.thermal@2.0-service.mock to thermal@2.0-service.mock.
06-09 13:33:53.646   328   328 I android.hardware.thermal@2.0-service-mock: Thermal Service started successfully.
06-09 13:33:53.647     0     0 I init    : starting service 'vendor.vibrator-default'...
06-09 13:33:53.661     0     0 I init    : Command 'class_start hal' action=boot (/system/etc/init/hw/init.rc:946) took 361ms and succeeded
06-09 13:33:53.664     0     0 I init    : Untracked pid 153 exited with status 0
06-09 13:33:53.666   291   291 I HidlServiceManagement: Registered android.hardware.soundtrigger@2.2::ISoundTriggerHw/default (start delay of 343ms)
06-09 13:33:53.666     0     0 I init    : starting service 'ranchu-setup'...
06-09 13:33:53.666   291   291 I LegacySupport: Registration complete for android.hardware.soundtrigger@2.2::ISoundTriggerHw/default.
06-09 13:33:53.676   295   295 I EmulatedCameraProviderHwlImpl: Create: Created EmulatedCameraProviderHwlImpl
06-09 13:33:53.676   295   295 E GCH_CameraProvider: Initialize: HWL doesn't support vendor buffer allocation Function not implemented(-38)
06-09 13:33:53.676   306   306 D HostConnection: createUnique: call
06-09 13:33:53.677   306   306 D HostConnection: HostConnection::get() New Host Connection established 0xf1c40470, tid 306
06-09 13:33:53.678   305   305 D HostConnection: createUnique: call
06-09 13:33:53.678     0     0 I init    : starting service 'audioserver'...
06-09 13:33:53.679   305   305 D HostConnection: HostConnection::get() New Host Connection established 0xf0841190, tid 305
06-09 13:33:53.682   295   295 I HidlServiceManagement: Registered android.hardware.camera.provider@2.6::ICameraProvider/internal/0 (start delay of 308ms)
06-09 13:33:53.683   295   295 I HidlServiceManagement: Removing namespace from process name android.hardware.camera.provider@2.6-service-google to provider@2.6-service-google.
06-09 13:33:53.683   295   295 I LegacySupport: Registration complete for android.hardware.camera.provider@2.6::ICameraProvider/internal/0.
06-09 13:33:53.684   306   306 D HostConnection: HostComposition ext ANDROID_EMU_CHECKSUM_HELPER_v1 ANDROID_EMU_native_sync_v2 ANDROID_EMU_native_sync_v3 ANDROID_EMU_native_sync_v4 ANDROID_EMU_dma_v1 ANDROID_EMU_direct_mem ANDROID_EMU_host_composition_v1 ANDROID_EMU_host_composition_v2 ANDROID_EMU_vulkan ANDROID_EMU_deferred_vulkan_commands ANDROID_EMU_vulkan_null_optional_strings ANDROID_EMU_vulkan_create_resources_with_requirements ANDROID_EMU_YUV_Cache ANDROID_EMU_vulkan_ignored_handles ANDROID_EMU_has_shared_slots_host_memory_allocator ANDROID_EMU_vulkan_free_memory_sync ANDROID_EMU_vulkan_shader_float16_int8 ANDROID_EMU_vulkan_async_queue_submit ANDROID_EMU_sync_buffer_data ANDROID_EMU_read_color_buffer_dma GL_OES_vertex_array_object GL_KHR_texture_compression_astc_ldr ANDROID_EMU_host_side_tracing ANDROID_EMU_gles_max_version_2 
06-09 13:33:53.686   173   173 I hwservicemanager: getTransport: Cannot find entry android.hardware.graphics.mapper@4.0::IMapper/default in either framework or device manifest.
06-09 13:33:53.686   306   306 I Gralloc4: mapper 4.x is not supported
06-09 13:33:53.688   305   305 I HidlServiceManagement: Registered android.hardware.graphics.allocator@3.0::IAllocator/default (start delay of 214ms)
06-09 13:33:53.688   305   305 I HidlServiceManagement: Removing namespace from process name android.hardware.graphics.allocator@3.0-service to allocator@3.0-service.
06-09 13:33:53.688   305   305 I android.hardware.graphics.allocator@3.0-service: graphics IAllocator@3.0 service is initialized
06-09 13:33:53.689     0     0 I init    : starting service 'credstore'...
06-09 13:33:53.691   306   306 D HostConnection: createUnique: call
06-09 13:33:53.692   306   306 D HostConnection: HostConnection::get() New Host Connection established 0xf1c414a0, tid 306
06-09 13:33:53.692   306   306 D goldfish-address-space: allocate: Ask for block of size 0x100
06-09 13:33:53.692   306   306 D goldfish-address-space: allocate: ioctl allocate returned offset 0x3ffffe000 size 0x2000
06-09 13:33:53.694   173   173 I hwservicemanager: getTransport: Cannot find entry android.hardware.graphics.allocator@4.0::IAllocator/default in either framework or device manifest.
06-09 13:33:53.695   327   327 I android.hardware.sensors@2.1-impl.ranchu: MultihalSensors:70: host sensors mask=7ff, available sensors mask=7ff
06-09 13:33:53.695   306   306 W Gralloc4: allocator 3.x is not supported
06-09 13:33:53.705   327   327 I HidlServiceManagement: Registered android.hardware.sensors@2.1::ISensors/default (start delay of 151ms)
06-09 13:33:53.705   327   327 I HidlServiceManagement: Removing namespace from process name android.hardware.sensors@2.1-service.multihal to sensors@2.1-service.multihal.
06-09 13:33:53.706   305   305 D HostConnection: HostComposition ext ANDROID_EMU_CHECKSUM_HELPER_v1 ANDROID_EMU_native_sync_v2 ANDROID_EMU_native_sync_v3 ANDROID_EMU_native_sync_v4 ANDROID_EMU_dma_v1 ANDROID_EMU_direct_mem ANDROID_EMU_host_composition_v1 ANDROID_EMU_host_composition_v2 ANDROID_EMU_vulkan ANDROID_EMU_deferred_vulkan_commands ANDROID_EMU_vulkan_null_optional_strings ANDROID_EMU_vulkan_create_resources_with_requirements ANDROID_EMU_YUV_Cache ANDROID_EMU_vulkan_ignored_handles ANDROID_EMU_has_shared_slots_host_memory_allocator ANDROID_EMU_vulkan_free_memory_sync ANDROID_EMU_vulkan_shader_float16_int8 ANDROID_EMU_vulkan_async_queue_submit ANDROID_EMU_sync_buffer_data ANDROID_EMU_read_color_buffer_dma GL_OES_vertex_array_object GL_KHR_texture_compression_astc_ldr ANDROID_EMU_host_side_tracing ANDROID_EMU_gles_max_version_2 
06-09 13:33:53.707   305   305 D goldfish-address-space: claimShared: Ask to claim region [0x3fc000000 0x3fc9a4000]
06-09 13:33:53.719     0     0 I init    : starting service 'gpu'...
06-09 13:33:53.722   284   284 I ServiceManager: Waiting for service 'statscompanion' on '/dev/binder'...
06-09 13:33:53.723   306   306 D HostConnection: HostComposition ext ANDROID_EMU_CHECKSUM_HELPER_v1 ANDROID_EMU_native_sync_v2 ANDROID_EMU_native_sync_v3 ANDROID_EMU_native_sync_v4 ANDROID_EMU_dma_v1 ANDROID_EMU_direct_mem ANDROID_EMU_host_composition_v1 ANDROID_EMU_host_composition_v2 ANDROID_EMU_vulkan ANDROID_EMU_deferred_vulkan_commands ANDROID_EMU_vulkan_null_optional_strings ANDROID_EMU_vulkan_create_resources_with_requirements ANDROID_EMU_YUV_Cache ANDROID_EMU_vulkan_ignored_handles ANDROID_EMU_has_shared_slots_host_memory_allocator ANDROID_EMU_vulkan_free_memory_sync ANDROID_EMU_vulkan_shader_float16_int8 ANDROID_EMU_vulkan_async_queue_submit ANDROID_EMU_sync_buffer_data ANDROID_EMU_read_color_buffer_dma GL_OES_vertex_array_object GL_KHR_texture_compression_astc_ldr ANDROID_EMU_host_side_tracing ANDROID_EMU_gles_max_version_2 
06-09 13:33:53.723   306   306 E EmuHWC2 : doGetFunction: Unknown function descriptor: 44 (SetLayerFloatColor)
06-09 13:33:53.723   306   306 E EmuHWC2 : doGetFunction: Unknown function descriptor: 45 (SetLayerPerFrameMetadata)
06-09 13:33:53.723   306   306 E EmuHWC2 : doGetFunction: Unknown function descriptor: 46 (GetPerFrameMetadataKeys)
06-09 13:33:53.723   306   306 E EmuHWC2 : doGetFunction: Unknown function descriptor: 47 (SetReadbackBuffer)
06-09 13:33:53.723   306   306 E EmuHWC2 : doGetFunction: Unknown function descriptor: 48 (GetReadbackBufferAttributes)
06-09 13:33:53.723   306   306 E EmuHWC2 : doGetFunction: Unknown function descriptor: 49 (GetReadbackBufferFence)
06-09 13:33:53.723   306   306 E EmuHWC2 : doGetFunction: Unknown function descriptor: 50 (GetRenderIntents)
06-09 13:33:53.723   306   306 E EmuHWC2 : doGetFunction: Unknown function descriptor: 51 (SetColorModeWithRenderIntent)
06-09 13:33:53.723   306   306 E EmuHWC2 : doGetFunction: Unknown function descriptor: 52 (GetDataspaceSaturationMatrix)
06-09 13:33:53.723   306   306 E EmuHWC2 : doGetFunction: Unknown function descriptor: 55 (SetLayerColorTransform)
06-09 13:33:53.723   306   306 E EmuHWC2 : doGetFunction: Unknown function descriptor: 56 (GetDisplayedContentSamplingAttributes)
06-09 13:33:53.723   306   306 E EmuHWC2 : doGetFunction: Unknown function descriptor: 57 (SetDisplayedContentSamplingEnabled)
06-09 13:33:53.723   306   306 E EmuHWC2 : doGetFunction: Unknown function descriptor: 58 (GetDisplayedContentSample)
06-09 13:33:53.723   306   306 E EmuHWC2 : doGetFunction: Unknown function descriptor: 59 (SetLayerPerFrameMetadataBlobs)
06-09 13:33:53.725   340   340 I HidlServiceManagement: Registered android.hardware.usb@1.0::IUsb/default (start delay of 130ms)
06-09 13:33:53.725   340   340 I HidlServiceManagement: Removing namespace from process name android.hardware.usb@1.0-service to usb@1.0-service.
06-09 13:33:53.725   340   340 I android.hardware.usb@1.0-service: USB HAL Ready.
06-09 13:33:53.725   173   173 I hwservicemanager: getTransport: Cannot find entry android.hardware.graphics.mapper@4.0::IMapper/default in either framework or device manifest.
06-09 13:33:53.726   294   294 I Gralloc4: mapper 4.x is not supported
06-09 13:33:53.728   294   294 D HostConnection: createUnique: call
06-09 13:33:53.729   294   294 D HostConnection: HostConnection::get() New Host Connection established 0xf0d80710, tid 294
06-09 13:33:53.729     0     0 I init    : starting service 'surfaceflinger'...
06-09 13:33:53.729   294   294 D goldfish-address-space: allocate: Ask for block of size 0x100
06-09 13:33:53.730   294   294 D goldfish-address-space: allocate: ioctl allocate returned offset 0x3fbffe000 size 0x2000
06-09 13:33:53.732   306   306 I HidlServiceManagement: Registered android.hardware.graphics.composer@2.3::IComposer/default (start delay of 249ms)
06-09 13:33:53.732     0     0 I init    : Could not create socket 'pdx/system/vr/display/client': Failed to bind socket 'pdx/system/vr/display/client': No such file or directory
06-09 13:33:53.732   306   306 I HidlServiceManagement: Removing namespace from process name android.hardware.graphics.composer@2.3-service to composer@2.3-service.
06-09 13:33:53.732   294   294 D EmulatedCamera_QemuClient: Emulated camera list: name=virtualscene channel=0 pix=876758866 dir=back framedims=640x480,352x288,320x240,176x144,1280x720,1280x960
06-09 13:33:53.734   294   294 I EmulatedCamera_QemuCamera3: Constructing emulated qemu camera 3: ID 0
06-09 13:33:53.735   294   294 I EmulatedCamera_QemuCamera3: parseResolutions: 640x480
06-09 13:33:53.735   294   294 I EmulatedCamera_QemuCamera3: parseResolutions: 352x288
06-09 13:33:53.735   294   294 I EmulatedCamera_QemuCamera3: parseResolutions: 320x240
06-09 13:33:53.735   294   294 I EmulatedCamera_QemuCamera3: parseResolutions: 176x144
06-09 13:33:53.735   294   294 I EmulatedCamera_QemuCamera3: parseResolutions: 1280x720
06-09 13:33:53.735   294   294 I EmulatedCamera_QemuCamera3: parseResolutions: 1280x960
06-09 13:33:53.735   294   294 I EmulatedCamera_QemuCamera3: Camera 0 capabilities:
06-09 13:33:53.735   294   294 I EmulatedCamera_QemuCamera3:   BACKWARD_COMPATIBLE
06-09 13:33:53.736   172   172 I servicemanager: getDeviceHalManifest: Reading VINTF information.
06-09 13:33:53.738   294   294 E EmulatedCamera_Factory: 1 cameras are being emulated. 0 of them are fake cameras.
06-09 13:33:53.738     0     0 I init    : Could not create socket 'pdx/system/vr/display/manager': Failed to bind socket 'pdx/system/vr/display/manager': No such file or directory
06-09 13:33:53.738   294   294 I CamPrvdr@2.4-legacy: Loaded "Emulated Camera Module" camera module
06-09 13:33:53.739   294   294 E CamPrvdr@2.4-legacy: setUpVendorTags: Vendor tag operations not fully defined. Ignoring definitions.
06-09 13:33:53.739   294   294 E CamPrvdr@2.4-legacy: initialize: Vendor tag setup failed, will not be available.
06-09 13:33:53.739   294   294 V EmulatedCamera_BaseCamera: getCameraInfo
06-09 13:33:53.740   294   294 I HidlServiceManagement: Registered android.hardware.camera.provider@2.4::ICameraProvider/legacy/0 (start delay of 377ms)
06-09 13:33:53.740   294   294 I HidlServiceManagement: Removing namespace from process name android.hardware.camera.provider@2.4-service to provider@2.4-service.
06-09 13:33:53.740   294   294 I LegacySupport: Registration complete for android.hardware.camera.provider@2.4::ICameraProvider/legacy/0.
06-09 13:33:53.740   294   359 E EmulatedCamera_HotplugThread: addWatch: Could not add watch for '/data/misc/media/emulator.camera.hotplug.0', error: 'Permission denied' (13)
06-09 13:33:53.745     0     0 I init    : Could not create socket 'pdx/system/vr/display/vsync': Failed to bind socket 'pdx/system/vr/display/vsync': No such file or directory
06-09 13:33:53.746   172   172 I servicemanager: getDeviceHalManifest: Successfully processed VINTF information
06-09 13:33:53.746   172   172 I servicemanager: getFrameworkHalManifest: Reading VINTF information.
06-09 13:33:53.749   172   172 I servicemanager: getFrameworkHalManifest: Successfully processed VINTF information
06-09 13:33:53.749   172   172 I servicemanager: Found android.hardware.light.ILights/default in device VINTF manifest.
06-09 13:33:53.750   315   315 I HidlServiceManagement: Registered android.hardware.neuralnetworks@1.3::IDevice/nnapi-sample_minimal (start delay of 227ms)
06-09 13:33:53.750   315   315 I HidlServiceManagement: Removing namespace from process name android.hardware.neuralnetworks@1.3-service-sample-minimal to neuralnetworks@1.3-service-sample-minimal.
06-09 13:33:53.759   172   172 I servicemanager: Found android.hardware.power.IPower/default in device VINTF manifest.
06-09 13:33:53.762     0     0 I init    : Command 'class_start core' action=boot (/system/etc/init/hw/init.rc:948) took 95ms and succeeded
06-09 13:33:53.763   312   312 I HidlServiceManagement: Registered android.hardware.neuralnetworks@1.3::IDevice/nnapi-sample_float_slow (start delay of 249ms)
06-09 13:33:53.763   312   312 I HidlServiceManagement: Removing namespace from process name android.hardware.neuralnetworks@1.3-service-sample-float-slow to neuralnetworks@1.3-service-sample-float-slow.
06-09 13:33:53.764   172   172 I servicemanager: Found android.hardware.vibrator.IVibrator/default in device VINTF manifest.
06-09 13:33:53.765   172   172 I servicemanager: Found android.hardware.identity.IIdentityCredentialStore/default in device VINTF manifest.
06-09 13:33:53.765   316   316 I HidlServiceManagement: Registered android.hardware.neuralnetworks@1.3::IDevice/nnapi-sample_quant (start delay of 241ms)
06-09 13:33:53.765   316   316 I HidlServiceManagement: Removing namespace from process name android.hardware.neuralnetworks@1.3-service-sample-quant to neuralnetworks@1.3-service-sample-quant.
06-09 13:33:53.766     0     0 I init    : Service 'ranchu-setup' (pid 353) exited with status 1 oneshot service took 0.097000 seconds in background
06-09 13:33:53.770     0     0 I init    : Sending signal 9 to service 'ranchu-setup' (pid 353) process group...
06-09 13:33:53.771   172   172 I servicemanager: Found android.hardware.rebootescrow.IRebootEscrow/default in device VINTF manifest.
06-09 13:33:53.772   311   311 I HidlServiceManagement: Registered android.hardware.neuralnetworks@1.3::IDevice/nnapi-sample_float_fast (start delay of 269ms)
06-09 13:33:53.772   311   311 I HidlServiceManagement: Removing namespace from process name android.hardware.neuralnetworks@1.3-service-sample-float-fast to neuralnetworks@1.3-service-sample-float-fast.
06-09 13:33:53.773     0     0 I libprocessgroup: Successfully killed process cgroup uid 0 pid 353 in 0ms
06-09 13:33:53.780     0     0 I init    : starting service 'exec 13 (/system/bin/fsverity_init)'...
06-09 13:33:53.784     0     0 I init    : SVC_EXEC service 'exec 13 (/system/bin/fsverity_init)' pid 373 (uid 0 gid 0+0 context default) started; waiting...
06-09 13:33:53.793   310   310 I HidlServiceManagement: Registered android.hardware.neuralnetworks@1.3::IDevice/nnapi-sample_all (start delay of 290ms)
06-09 13:33:53.794   310   310 I HidlServiceManagement: Removing namespace from process name android.hardware.neuralnetworks@1.3-service-sample-all to neuralnetworks@1.3-service-sample-all.
06-09 13:33:53.812     0     0 I init    : Service 'exec 13 (/system/bin/fsverity_init)' (pid 373) exited with status 0 waiting took 0.027000 seconds
06-09 13:33:53.816     0     0 I init    : Sending signal 9 to service 'exec 13 (/system/bin/fsverity_init)' (pid 373) process group...
06-09 13:33:53.819     0     0 I libprocessgroup: Successfully killed process cgroup uid 0 pid 373 in 0ms
06-09 13:33:53.822     0     0 I init    : processing action (persist.sys.usb.config=* && boot) from (/system/etc/init/hw/init.usb.rc:105)
06-09 13:33:53.823   284   284 I ServiceManager: Waiting for service 'statscompanion' on '/dev/binder'...
06-09 13:33:53.826     0     0 I init    : processing action (boot) from (/vendor/etc/init/hw/init.ranchu.rc:65)
06-09 13:33:53.830     0     0 E init    : Unable to set property 'ro.hardware.egl' from uid:0 gid:0 pid:145: Read-only property was already set
06-09 13:33:53.836     0     0 I init    : Command 'setprop debug.hwui.renderer ${ro.kernel.qemu.uirenderer}' action=boot (/vendor/etc/init/hw/init.ranchu.rc:69) took 0ms and failed: property 'ro.kernel.qemu.uirenderer' doesn't exist while expanding '${ro.kernel.qemu.uirenderer}'
06-09 13:33:53.846   342   342 I android.hardware.wifi@1.0-service: Wifi Hal is booting up...
06-09 13:33:53.846     0     0 I init    : Command 'setprop debug.stagefright.ccodec ${ro.kernel.qemu.media.ccodec}' action=boot (/vendor/etc/init/hw/init.ranchu.rc:77) took 0ms and failed: property 'ro.kernel.qemu.media.ccodec' doesn't exist while expanding '${ro.kernel.qemu.media.ccodec}'
06-09 13:33:53.851   342   342 I HidlServiceManagement: Registered android.hardware.wifi@1.4::IWifi/default (start delay of 247ms)
06-09 13:33:53.851   342   342 I HidlServiceManagement: Removing namespace from process name android.hardware.wifi@1.0-service to wifi@1.0-service.
06-09 13:33:53.854   145   145 W libc    : Unable to set property "ro.hardware.egl" to "emulation": error code: 0xb
06-09 13:33:53.866     0     0 I init    : starting service 'goldfish-logcat'...
06-09 13:33:53.878     0     0 I init    : processing action (boot) from (/system/etc/init/dumpstate.rc:1)
06-09 13:33:53.880     0     0 I init    : processing action (boot) from (/system/etc/init/gsid.rc:20)
06-09 13:33:53.882     0     0 I init    : starting service 'exec 14 (/system/bin/gsid run-startup-tasks)'...
06-09 13:33:53.883     0     0 D logd    : logdr: UID=1036 GID=1007 PID=376 b tail=0 logMask=99 pid=0 start=0ns timeout=0ns
06-09 13:33:53.886     0     0 I init    : processing action (enable_property_trigger) from (<Builtin Action>:0)
06-09 13:33:53.888     0     0 I init    : processing action (apexd.status=ready && ro.product.cpu.abilist32=*) from (/system/etc/init/hw/init.rc:89)
06-09 13:33:53.891     0     0 I init    : starting service 'boringssl_self_test_apex32'...
06-09 13:33:53.895     0     0 I init    : SVC_EXEC service 'boringssl_self_test_apex32' pid 379 (uid 0 gid 0+0 context default) started; waiting...
06-09 13:33:53.924   284   284 I ServiceManager: Waiting for service 'statscompanion' on '/dev/binder'...
06-09 13:33:53.925   356   356 I FastMixerState: sMaxFastTracks = 8
06-09 13:33:53.932   378   378 I gsid    : no DSU: No such file or directory
06-09 13:33:53.934   173   173 I hwservicemanager: getTransport: Cannot find entry android.hardware.configstore@1.0::ISurfaceFlingerConfigs/default in either framework or device manifest.
06-09 13:33:53.938   356   356 V MediaUtils: physMem: 2076872704
06-09 13:33:53.938   356   356 V MediaUtils: requested limit: 415374540
06-09 13:33:53.938   356   356 I libc    : malloc_limit: Allocation limit enabled, max size 415374540 bytes
06-09 13:33:53.912     0     0 I init    : Service 'exec 14 (/system/bin/gsid run-startup-tasks)' (pid 378) exited with status 0 oneshot service took 0.026000 seconds in background
06-09 13:33:53.915     0     0 I init    : Sending signal 9 to service 'exec 14 (/system/bin/gsid run-startup-tasks)' (pid 378) process group...
06-09 13:33:53.940   382   382 I audioserver: ServiceManager: 0xec4c05d0
06-09 13:33:53.941   370   370 I SurfaceFlinger: Using HWComposer service: 'default'
06-09 13:33:53.942   370   370 E SurfaceFlinger: ro.sf.lcd_density must be defined as a build property
06-09 13:33:53.918     0     0 I libprocessgroup: Successfully killed process cgroup uid 0 pid 378 in 0ms
06-09 13:33:53.943   370   370 I SurfaceFlinger: SurfaceFlinger is starting
06-09 13:33:53.943   173   173 I hwservicemanager: getTransport: Cannot find entry android.hardware.configstore@1.1::ISurfaceFlingerConfigs/default in either framework or device manifest.
06-09 13:33:53.943   370   370 I SurfaceFlinger: Disabling blur effects, they are not supported.
06-09 13:33:53.943   370   370 I SurfaceFlinger: Treble testing override: 'false'
06-09 13:33:53.945   382   382 W BatteryNotifier: batterystats service unavailable!
06-09 13:33:53.971   370   370 I SurfaceFlinger: SurfaceFlinger's main thread ready to run. Initializing graphics H/W...
06-09 13:33:53.972   370   370 D RenderEngine: RenderEngine GLES Backend
06-09 13:33:53.976   370   370 D libEGL  : loaded /vendor/lib/egl/libEGL_emulation.so
06-09 13:33:53.950     0     0 I init    : Service 'boringssl_self_test_apex32' (pid 379) exited with status 0 waiting took 0.056000 seconds
06-09 13:33:53.952     0     0 I init    : Sending signal 9 to service 'boringssl_self_test_apex32' (pid 379) process group...
06-09 13:33:53.954     0     0 I libprocessgroup: Successfully killed process cgroup uid 0 pid 379 in 0ms
06-09 13:33:53.979   370   370 D libEGL  : loaded /vendor/lib/egl/libGLESv1_CM_emulation.so
06-09 13:33:53.982   370   370 D libEGL  : loaded /vendor/lib/egl/libGLESv2_emulation.so
06-09 13:33:53.966     0     0 I init    : processing action (sys.init.perf_lsm_hooks=1) from (/system/etc/init/hw/init.rc:1017)
06-09 13:33:53.968     0     0 I init    : processing action (security.perf_harden=1) from (/system/etc/init/hw/init.rc:1031)
06-09 13:33:53.971     0     0 I init    : processing action (ro.debuggable=1) from (/system/etc/init/hw/init.rc:1058)
06-09 13:33:53.974     0     0 I init    : processing action (sys.usb.config=adb && sys.usb.configfs=0) from (/system/etc/init/hw/init.usb.rc:37)
06-09 13:33:53.976     0     0 I init    : Command 'write /sys/class/android_usb/android0/enable 0' action=sys.usb.config=adb && sys.usb.configfs=0 (/system/etc/init/hw/init.usb.rc:38) took 0ms and failed: Unable to write to file '/sys/class/android_usb/android0/enable': open() failed: Permission denied
06-09 13:33:53.994   370   370 D HostConnection: HostConnection::get() New Host Connection established 0xf3241190, tid 370
06-09 13:33:54.000   370   370 D HostConnection: HostComposition ext ANDROID_EMU_CHECKSUM_HELPER_v1 ANDROID_EMU_native_sync_v2 ANDROID_EMU_native_sync_v3 ANDROID_EMU_native_sync_v4 ANDROID_EMU_dma_v1 ANDROID_EMU_direct_mem ANDROID_EMU_host_composition_v1 ANDROID_EMU_host_composition_v2 ANDROID_EMU_vulkan ANDROID_EMU_deferred_vulkan_commands ANDROID_EMU_vulkan_null_optional_strings ANDROID_EMU_vulkan_create_resources_with_requirements ANDROID_EMU_YUV_Cache ANDROID_EMU_vulkan_ignored_handles ANDROID_EMU_has_shared_slots_host_memory_allocator ANDROID_EMU_vulkan_free_memory_sync ANDROID_EMU_vulkan_shader_float16_int8 ANDROID_EMU_vulkan_async_queue_submit ANDROID_EMU_sync_buffer_data ANDROID_EMU_read_color_buffer_dma GL_OES_vertex_array_object GL_KHR_texture_compression_astc_ldr ANDROID_EMU_host_side_tracing ANDROID_EMU_gles_max_version_2 
06-09 13:33:54.002   370   370 I RenderEngine: EGL information:
06-09 13:33:54.002   370   370 I RenderEngine: vendor    : Android
06-09 13:33:54.002   370   370 I RenderEngine: version   : 1.4 Android META-EGL
06-09 13:33:54.002   370   370 I RenderEngine: extensions: EGL_KHR_get_all_proc_addresses EGL_ANDROID_presentation_time EGL_KHR_swap_buffers_with_damage EGL_ANDROID_get_native_client_buffer EGL_ANDROID_front_buffer_auto_refresh EGL_ANDROID_get_frame_timestamps EGL_EXT_surface_SMPTE2086_metadata EGL_EXT_surface_CTA861_3_metadata EGL_KHR_image EGL_KHR_image_base EGL_KHR_gl_texture_2D_image EGL_KHR_fence_sync EGL_ANDROID_image_native_buffer EGL_KHR_wait_sync EGL_ANDROID_recordable 
06-09 13:33:54.002   370   370 I RenderEngine: Client API: OpenGL_ES
06-09 13:33:54.002   370   370 I RenderEngine: EGLSurface: 8-8-8-8, config=0x3
06-09 13:33:54.011   370   370 D EGL_emulation: eglCreateContext: 0xf3240390: maj 2 min 0 rcv 2
06-09 13:33:53.982     0     0 I init    : Command 'write /sys/class/android_usb/android0/idVendor 18d1' action=sys.usb.config=adb && sys.usb.configfs=0 (/system/etc/init/hw/init.usb.rc:39) took 0ms and failed: Unable to write to file '/sys/class/android_usb/android0/idVendor': open() failed: Permission denied
06-09 13:33:53.989     0     0 I init    : Command 'write /sys/class/android_usb/android0/idProduct 4EE7' action=sys.usb.config=adb && sys.usb.configfs=0 (/system/etc/init/hw/init.usb.rc:40) took 0ms and failed: Unable to write to file '/sys/class/android_usb/android0/idProduct': open() failed: Permission denied
06-09 13:33:54.017   382   382 I ServiceManager: Waiting for service 'media.metrics' on '/dev/binder'...
06-09 13:33:54.020   370   370 D EGL_emulation: eglMakeCurrent: 0xf3240390: ver 2 0 (tinfo 0xf3400dd0) (first time)
06-09 13:33:53.995     0     0 I init    : Command 'write /sys/class/android_usb/android0/functions ${sys.usb.config}' action=sys.usb.config=adb && sys.usb.configfs=0 (/system/etc/init/hw/init.usb.rc:41) took 0ms and failed: Unable to write to file '/sys/class/android_usb/android0/functions': open() failed: Permission denied
06-09 13:33:54.029   370   370 I RenderEngine: OpenGL ES informations:
06-09 13:33:54.029   370   370 I RenderEngine: vendor    : Google (Intel)
06-09 13:33:54.029   370   370 I RenderEngine: renderer  : Android Emulator OpenGL ES Translator (Intel(R) UHD Graphics)
06-09 13:33:54.029   370   370 I RenderEngine: version   : OpenGL ES 2.0 (4.5.0 - Build 27.20.100.9664)
