05-27 12:35:37.159  1628  1628 I SystemServiceManager: Starting com.android.server.voiceinteraction.VoiceInteractionManagerService
05-27 12:35:37.160  1628  1628 I SystemServer: Gesture Launcher Service
05-27 12:35:37.160  1628  1628 I SystemServiceManager: Starting com.android.server.GestureLauncherService
05-27 12:35:37.160  1628  1628 I SystemServiceManager: Starting com.android.server.SensorNotificationService
05-27 12:35:37.160  1628  1628 I SystemServiceManager: Starting com.android.server.ContextHubSystemService
05-27 12:35:37.161  1628  1628 E ContextHubService: ** Could not load context_hub module : err No such file or directory
05-27 12:35:37.161  1628  1628 W ContextHubService: No Context Hub Module present
05-27 12:35:37.161  1628  1628 I SystemServer: StartDiskStatsService
05-27 12:35:37.161  1628  1628 I SystemServer: StartSamplingProfilerService
05-27 12:35:37.162  1628  1628 I SystemServer: StartNetworkTimeUpdateService
05-27 12:35:37.163  1628  1628 I SystemServer: StartCommonTimeManagementService
05-27 12:35:37.163  1628  1628 I SystemServer: CertBlacklister
05-27 12:35:37.163  1628  1628 I SystemServiceManager: Starting com.android.server.emergency.EmergencyAffordanceService
05-27 12:35:37.164  1628  1628 I SystemServiceManager: Starting com.android.server.dreams.DreamManagerService
05-27 12:35:37.164  1628  1628 I SystemServer: StartAssetAtlasService
05-27 12:35:37.165  1628  1628 I SystemServiceManager: Starting com.android.server.print.PrintManagerService
05-27 12:35:37.166  1628  1628 I SystemServiceManager: Starting com.android.server.restrictions.RestrictionsManagerService
05-27 12:35:37.166  1628  1628 I SystemServiceManager: Starting com.android.server.media.MediaSessionService
05-27 12:35:37.167  1628  1628 I SystemServer: StartMediaRouterService
05-27 12:35:37.167  1628  1628 I SystemServiceManager: Starting com.android.server.trust.TrustManagerService
05-27 12:35:37.167  1628  1628 I SystemServiceManager: Starting com.android.server.fingerprint.FingerprintService
05-27 12:35:37.168  1401  1401 D PermissionCache: checking android.permission.MANAGE_FINGERPRINT for uid=1000 => granted (98 us)
05-27 12:35:37.168  1401  1401 V fingerprintd: nativeOpenHal()
05-27 12:35:37.172  1401  1401 D FingerprintHal: ----------------> fingerprint_open ----------------->
05-27 12:35:37.172  1401  1401 E fingerprintd: Wrong fp version. Expected 512, got 513
05-27 12:35:37.172  1401  1401 D FingerprintHal: ----------------> set_notify_callback ----------------->
05-27 12:35:37.172  1401  1401 D FingerprintHal: fingerprint callback notification set
05-27 12:35:37.172  1401  1401 V fingerprintd: fingerprint HAL successfully initialized
05-27 12:35:37.172  1628  1690 D AssetAtlas: Loaded configuration: SliceShortAxis (1536x576) flags=0x2 count=91
05-27 12:35:37.172  1401  1401 V fingerprintd: setActiveGroup(0, /data/system/users/0/fpdata, 27)
05-27 12:35:37.172  1401  1401 D FingerprintHal: ----------------> fingerprint_set_active_group -----------------> path /data/system/users/0/fpdata
05-27 12:35:37.172  1401  1691 D FingerprintHal: ----------------> listenerFunction ----------------->
05-27 12:35:37.172  1401  1401 D FingerprintHal: ----------------> loadFingerprints ----------------->
05-27 12:35:37.172  1401  1401 E FingerprintHal: Could not load fingerprints from storage at /data/system/users/0/fpdata/emufp.bin; it has not yet been created.
05-27 12:35:37.172  1401  1401 D FingerprintHal: ----------------> loadAuthenticatorId ----------------->
05-27 12:35:37.172  1401  1401 D FingerprintHal: Read authenticator id (0x6b8b4567327b23c6)
05-27 12:35:37.172  1401  1401 D FingerprintHal: ----------------> fingerprint_get_auth_id ----------------->
05-27 12:35:37.172  1401  1401 D FingerprintHal: ----------------> fingerprint_get_auth_id auth id 6b8b4567327b23c6----------------->
05-27 12:35:37.172  1628  1628 V FingerprintService: Fingerprint HAL id: 2883796992
05-27 12:35:37.173  1628  1628 I SystemServer: StartBackgroundDexOptService
05-27 12:35:37.173  1628  1628 I SystemServiceManager: Starting com.android.server.pm.ShortcutService$Lifecycle
05-27 12:35:37.174  1628  1628 I SystemServiceManager: Starting com.android.server.pm.LauncherAppsService
05-27 12:35:37.175  1628  1628 I SystemServiceManager: Starting com.android.server.media.projection.MediaProjectionManagerService
05-27 12:35:37.177  1628  1690 D         : HostConnection::get() New Host Connection established 0x9c4aa800, tid 1690
05-27 12:35:37.185  1628  1628 V MediaRouter: Adding route: RouteInfo{ name=Phone, description=null, status=null, category=RouteCategory{ name=null types=ROUTE_TYPE_LIVE_AUDIO ROUTE_TYPE_LIVE_VIDEO  groupable=false }, supportedTypes=ROUTE_TYPE_LIVE_AUDIO ROUTE_TYPE_LIVE_VIDEO , presentationDisplay=null }
05-27 12:35:37.186  1628  1628 V MediaRouter: Updating audio routes: AudioRoutesInfo{ type=SPEAKER }
05-27 12:35:37.186  1628  1628 V MediaRouter: Selecting route: RouteInfo{ name=Phone, description=null, status=null, category=RouteCategory{ name=null types=ROUTE_TYPE_LIVE_AUDIO ROUTE_TYPE_LIVE_VIDEO  groupable=false }, supportedTypes=ROUTE_TYPE_LIVE_AUDIO ROUTE_TYPE_LIVE_VIDEO , presentationDisplay=null }
05-27 12:35:37.187  1628  1628 I WindowManager: SAFE MODE not enabled
05-27 12:35:37.187  1628  1628 I SystemServiceManager: Starting com.android.server.MmsServiceBroker
05-27 12:35:37.188  1628  1628 W VibratorService: Tried to stop vibrating but there is no vibrator device.
05-27 12:35:37.203  1628  1628 E LockSettingsStorage: Cannot read file java.io.FileNotFoundException: /data/system/gatekeeper.password.key: open failed: ENOENT (No such file or directory)
05-27 12:35:37.203  1628  1628 E LockSettingsStorage: Cannot read file java.io.FileNotFoundException: /data/system/password.key: open failed: ENOENT (No such file or directory)
05-27 12:35:37.204  1628  1628 E LockSettingsStorage: Cannot read file java.io.FileNotFoundException: /data/system/gatekeeper.pattern.key: open failed: ENOENT (No such file or directory)
05-27 12:35:37.204  1628  1628 E LockSettingsStorage: Cannot read file java.io.FileNotFoundException: /data/system/gatekeeper.gesture.key: open failed: ENOENT (No such file or directory)
05-27 12:35:37.204  1628  1628 E LockSettingsStorage: Cannot read file java.io.FileNotFoundException: /data/system/gesture.key: open failed: ENOENT (No such file or directory)
05-27 12:35:37.204  1628  1628 I SystemServiceManager: Starting phase 480
05-27 12:35:37.210  1628  1628 I DevicePolicyManagerService: Set ro.device_owner property to false
05-27 12:35:37.211  1628  1628 I SystemServiceManager: Starting phase 500
05-27 12:35:37.212  1628  1628 D ConnectivityMetricsLoggerService: onBootPhase: PHASE_SYSTEM_SERVICES_READY
05-27 12:35:37.217  1628  1628 I WifiService: WifiService starting up with Wi-Fi enabled
05-27 12:35:37.218  1628  1628 D WifiService: setWifiEnabled: true pid=1628, uid=1000
05-27 12:35:37.218  1628  1628 I WifiScanningService: Starting wifiscanner
05-27 12:35:37.218  1628  1674 D WifiController: WifiController msg { when=0 what=155656 target=com.android.internal.util.StateMachine$SmHandler } deferred for 500ms
05-27 12:35:37.220  1628  1628 I RttService: Registering rttmanager
05-27 12:35:37.226  1389  1389 D PermissionCache: checking android.permission.CAPTURE_AUDIO_HOTWORD for uid=1000 => granted (47 us)
05-27 12:35:37.226  1628  1628 W SoundTriggerHelper: listModules status=0, # of modules=0
05-27 12:35:37.226  1628  1628 D ContextHubSystemService: onBootPhase: PHASE_SYSTEM_SERVICES_READY
05-27 12:35:37.235  1628  1628 V UserManagerService: Found /data/user_de/0 with serial number 0
05-27 12:35:37.235  1628  1628 V UserManagerService: Found /data/user/0 with serial number 0
05-27 12:35:37.235  1628  1628 V UserManagerService: Found /data/system_de/0 with serial number 0
05-27 12:35:37.235  1628  1628 V UserManagerService: Found /data/system_ce/0 with serial number 0
05-27 12:35:37.237  1628  1650 W KeyguardServiceDelegate: onScreenTurningOn(): no keyguard service!
05-27 12:35:37.239  1628  1690 D EGL_emulation: eglCreateContext: 0x9c4cadc0: maj 2 min 0 rcv 2
05-27 12:35:37.240  1628  1628 I ActivityManager: System now ready
05-27 12:35:37.241  1628  1628 I SystemServer: Making services ready
05-27 12:35:37.241  1628  1628 I SystemServiceManager: Starting phase 550
05-27 12:35:37.242  1628  1628 E InputMethodManagerService: Ignoring updateSystemUiLocked due to an invalid token. uid:1000 token:null
05-27 12:35:37.246  1628  1690 D EGL_emulation: eglMakeCurrent: 0x9c4cadc0: ver 2 0 (tinfo 0x912586c0)
05-27 12:35:37.257  1628  1690 D AssetAtlas: Rendered atlas in 79.20ms (42.65+36.55ms)
05-27 12:35:37.260  1628  1628 I Zygote  : Process: zygote socket opened, supported ABIS: x86
05-27 12:35:37.261  1388  1636 I art     : Starting a blocking GC HeapTrim
05-27 12:35:37.264  1695  1695 W art     : Unexpected CPU variant for X86 using defaults: x86
05-27 12:35:37.271  1628  1628 I ActivityManager: Start proc 1695:com.android.inputmethod.latin/u0a56 for service com.android.inputmethod.latin/.LatinIME
05-27 12:35:37.271  1628  1628 V InputMethodManagerService: Adding window token: android.os.Binder@9d90a3a
05-27 12:35:37.273  1628  1628 E BitmapFactory: Unable to decode stream: java.io.FileNotFoundException: /data/system/users/0/wallpaper_orig (No such file or directory)
05-27 12:35:37.273  1628  1628 E WallpaperManagerService: Invalid wallpaper data
05-27 12:35:37.273  1628  1628 E WallpaperManagerService: Unable to apply new wallpaper
05-27 12:35:37.273  1628  1665 D MountService: Thinking about init, mSystemReady=true, mDaemonConnected=true
05-27 12:35:37.273  1628  1665 D MountService: Setting up emulation state, initlocked=false
05-27 12:35:37.273  1628  1665 D CryptdConnector: SND -> {2 cryptfs unlock_user_key 0 0 ! !}
05-27 12:35:37.273  1295  1333 D vold    : e4crypt_unlock_user_key 0 serial=0 token_present=0
05-27 12:35:37.273  1628  1667 D CryptdConnector: RCV <- {200 2 Command succeeded}
05-27 12:35:37.274  1628  1665 D MountService: Thinking about reset, mSystemReady=true, mDaemonConnected=true
05-27 12:35:37.274  1628  1665 D VoldConnector: SND -> {3 volume reset}
05-27 12:35:37.274  1628  1641 I ActivityManager: Force stopping com.android.providers.media appid=10011 user=-1: vold reset
05-27 12:35:37.274  1295  1332 D vold    : Recognized experimental block major ID 253 as virtio-blk (emulator's virtual SD card device)
05-27 12:35:37.274  1295  1332 V vold    : /system/bin/sgdisk
05-27 12:35:37.274  1295  1332 V vold    :     --android-dump
05-27 12:35:37.274  1295  1332 V vold    :     /dev/block/vold/disk:253,64
05-27 12:35:37.274  1628  1666 D VoldConnector: RCV <- {651 emulated 7}
05-27 12:35:37.274  1628  1666 D VoldConnector: RCV <- {659 emulated}
05-27 12:35:37.274  1628  1666 D VoldConnector: RCV <- {650 emulated 2 "" ""}
05-27 12:35:37.274  1628  1666 D VoldConnector: RCV <- {651 emulated 0}
05-27 12:35:37.274  1628  1666 D VoldConnector: RCV <- {651 public:253,64 7}
05-27 12:35:37.274  1628  1666 D VoldConnector: RCV <- {659 public:253,64}
05-27 12:35:37.274  1628  1666 D VoldConnector: RCV <- {649 disk:253,64}
05-27 12:35:37.275  1628  1666 D VoldConnector: RCV <- {640 disk:253,64 5}
05-27 12:35:37.275  1628  1666 D VoldConnector: RCV <- {641 disk:253,64 536870912}
05-27 12:35:37.275  1628  1646 V MountService: Found primary storage at VolumeInfo{emulated}:
05-27 12:35:37.275  1628  1646 V MountService:     type=EMULATED diskId=null partGuid=null mountFlags=0 mountUserId=-1 
05-27 12:35:37.275  1628  1646 V MountService:     state=UNMOUNTED 
05-27 12:35:37.275  1628  1646 V MountService:     fsType=null fsUuid=null fsLabel=null 
05-27 12:35:37.275  1628  1646 V MountService:     path=null internalPath=null 
05-27 12:35:37.275  1628  1666 D VoldConnector: RCV <- {642 disk:253,64 Virtual}
05-27 12:35:37.275  1628  1666 D VoldConnector: RCV <- {644 disk:253,64 /sys//devices/pci0000:00/0000:00:07.0/virtio4/block/vde}
05-27 12:35:37.278  1295  1332 V vold    : DISK mbr
05-27 12:35:37.278  1295  1332 V vold    : 
05-27 12:35:37.279  1295  1332 W vold    : disk:253,64 has unknown partition table; trying entire device
05-27 12:35:37.279  1295  1332 V vold    : /system/bin/blkid
05-27 12:35:37.279  1295  1332 V vold    :     -c
05-27 12:35:37.279  1295  1332 V vold    :     /dev/null
05-27 12:35:37.279  1295  1332 V vold    :     -s
05-27 12:35:37.279  1295  1332 V vold    :     TYPE
05-27 12:35:37.279  1295  1332 V vold    :     -s
05-27 12:35:37.279  1295  1332 V vold    :     UUID
05-27 12:35:37.279  1295  1332 V vold    :     -s
05-27 12:35:37.279  1295  1332 V vold    :     LABEL
05-27 12:35:37.279  1295  1332 V vold    :     /dev/block/vold/disk:253,64
05-27 12:35:37.283  1342  1349 D gralloc_ranchu: gralloc_alloc: Creating ashmem region of size 8294400
05-27 12:35:37.284  1295  1332 V vold    : /dev/block/vold/disk:253,64: LABEL="SDCARD" UUID="160B-0914" TYPE="vfat" 
05-27 12:35:37.284  1295  1332 V vold    : 
05-27 12:35:37.284  1628  1666 D VoldConnector: RCV <- {650 public:253,64 0 "disk:253,64" ""}
05-27 12:35:37.285  1628  1666 D VoldConnector: RCV <- {651 public:253,64 0}
05-27 12:35:37.285  1628  1666 D VoldConnector: RCV <- {643 disk:253,64}
05-27 12:35:37.285  1628  1666 D VoldConnector: RCV <- {200 3 Command succeeded}
05-27 12:35:37.285  1628  1665 D VoldConnector: SND -> {4 volume user_added 0 0}
05-27 12:35:37.285  1628  1666 D VoldConnector: RCV <- {200 4 Command succeeded}
05-27 12:35:37.286  1628  1665 D VoldConnector: SND -> {5 volume mount emulated 3 -1}
05-27 12:35:37.286  1295  1332 V vold    : Waiting for FUSE to spin up...
05-27 12:35:37.286  1628  1666 D VoldConnector: RCV <- {651 emulated 1}
05-27 12:35:37.286  1628  1666 D VoldConnector: RCV <- {656 emulated /data/media}
05-27 12:35:37.286  1628  1666 D VoldConnector: RCV <- {655 emulated /storage/emulated}
05-27 12:35:37.288  1628  1642 D         : HostConnection::get() New Host Connection established 0x9c4aaf00, tid 1642
05-27 12:35:37.290  1711  1711 W sdcard  : Device explicitly disabled sdcardfs
05-27 12:35:37.298  1719  1719 W art     : Unexpected CPU variant for X86 using defaults: x86
05-27 12:35:37.301  1695  1695 I LatinIME: Hardware accelerated drawing: true
05-27 12:35:37.304  1628  1628 I ActivityManager: Start proc 1719:com.android.systemui/u0a27 for service com.android.systemui/.ImageWallpaper
05-27 12:35:37.306  1628  1628 D UsbAlsaManager: Adding ALSA device AlsaDevice: [card: 0, device: 0, type: 1]
05-27 12:35:37.306  1628  1628 D UsbAlsaManager: Adding ALSA device AlsaDevice: [card: 0, device: 0, type: 2]
05-27 12:35:37.306  1628  1686 E BluetoothAdapter: Bluetooth binder is null
05-27 12:35:37.307  1628  1686 E BluetoothAdapter: Bluetooth binder is null
05-27 12:35:37.310  1389  1688 I AudioFlinger: systemReady
05-27 12:35:37.312  1628  1628 I SystemServer: WebViewFactory preparation
05-27 12:35:37.321  1628  1735 E WVMExtractor: Failed to open libwvm.so: dlopen failed: library "libwvm.so" not found
05-27 12:35:37.331  1628  1628 D WebViewFactory: Setting new address space to 126129416
05-27 12:35:37.337  1628  1666 D VoldConnector: RCV <- {651 emulated 2}
05-27 12:35:37.337  1737  1737 W art     : Unexpected CPU variant for X86 using defaults: x86
05-27 12:35:37.337  1628  1666 D VoldConnector: RCV <- {200 5 Command succeeded}
05-27 12:35:37.337  1628  1665 D VoldConnector: SND -> {6 volume mount public:253,64 2 0}
05-27 12:35:37.337  1295  1332 V vold    : /system/bin/blkid
05-27 12:35:37.337  1295  1332 V vold    :     -c
05-27 12:35:37.337  1295  1332 V vold    :     /dev/null
05-27 12:35:37.337  1295  1332 V vold    :     -s
05-27 12:35:37.337  1295  1332 V vold    :     TYPE
05-27 12:35:37.337  1295  1332 V vold    :     -s
05-27 12:35:37.338  1295  1332 V vold    :     UUID
05-27 12:35:37.338  1295  1332 V vold    :     -s
05-27 12:35:37.338  1295  1332 V vold    :     LABEL
05-27 12:35:37.338  1295  1332 V vold    :     /dev/block/vold/public:253,64
05-27 12:35:37.338  1628  1666 D VoldConnector: RCV <- {651 public:253,64 1}
05-27 12:35:37.341  1628  1628 I ActivityManager: Start proc 1737:WebViewLoader-x86/1037 [android.webkit.WebViewFactory$RelroFileCreator] for 
05-27 12:35:37.341  1719  1719 W System  : ClassLoader referenced unknown path: /system/priv-app/SystemUI/lib/x86
05-27 12:35:37.341  1628  1628 D NetworkManagement: enabling bandwidth control
05-27 12:35:37.344  1695  1695 W InputAttributes: No editor info for this field. Bug?
05-27 12:35:37.346  1737  1737 V WebViewFactory: RelroFileCreator (64bit = false),  32-bit lib: /system/app/Chrome/Chrome.apk!/lib/x86/libmonochrome.so, 64-bit lib: 
05-27 12:35:37.346  1295  1332 V vold    : /dev/block/vold/public:253,64: LABEL="SDCARD" UUID="160B-0914" TYPE="vfat" 
05-27 12:35:37.346  1295  1332 V vold    : 
05-27 12:35:37.347  1295  1332 V vold    : /system/bin/fsck_msdos
05-27 12:35:37.347  1295  1332 V vold    :     -p
05-27 12:35:37.347  1295  1332 V vold    :     -f
05-27 12:35:37.347  1295  1332 V vold    :     /dev/block/vold/public:253,64
05-27 12:35:37.347  1628  1666 D VoldConnector: RCV <- {652 public:253,64 vfat}
05-27 12:35:37.347  1628  1666 D VoldConnector: RCV <- {653 public:253,64 160B-0914}
05-27 12:35:37.347  1628  1666 D VoldConnector: RCV <- {654 public:253,64 SDCARD}
05-27 12:35:37.348  1397  1397 I MediaPlayerService: MediaPlayerService::getOMX
05-27 12:35:37.349  1397  1397 I OMXClient: MuxOMX ctor
05-27 12:35:37.349  1397  1397 I MediaPlayerService: MediaPlayerService::getOMX
05-27 12:35:37.349  1397  1397 I OMXClient: MuxOMX ctor
05-27 12:35:37.349  1394  1394 I OMXMaster: makeComponentInstance(OMX.google.mp3.decoder) in mediacodec process
05-27 12:35:37.359  1397  1397 I MediaPlayerService: MediaPlayerService::getOMX
05-27 12:35:37.359  1397  1397 I OMXClient: MuxOMX ctor
05-27 12:35:37.360  1394  1394 I OMXMaster: makeComponentInstance(OMX.google.amrnb.decoder) in mediacodec process
05-27 12:35:37.365  1397  1397 I MediaPlayerService: MediaPlayerService::getOMX
05-27 12:35:37.365  1397  1397 I OMXClient: MuxOMX ctor
05-27 12:35:37.365  1394  1403 I OMXMaster: makeComponentInstance(OMX.google.amrwb.decoder) in mediacodec process
05-27 12:35:37.366  1628  1628 W NetworkManagement: setDataSaverMode(): already false
05-27 12:35:37.367  1397  1397 I MediaPlayerService: MediaPlayerService::getOMX
05-27 12:35:37.367  1397  1397 I OMXClient: MuxOMX ctor
05-27 12:35:37.367  1394  1763 I OMXMaster: makeComponentInstance(OMX.google.aac.decoder) in mediacodec process
05-27 12:35:37.370  1397  1397 I MediaPlayerService: MediaPlayerService::getOMX
05-27 12:35:37.370  1397  1397 I OMXClient: MuxOMX ctor
05-27 12:35:37.370  1394  1394 I OMXMaster: makeComponentInstance(OMX.google.g711.alaw.decoder) in mediacodec process
05-27 12:35:37.382  1397  1397 I MediaPlayerService: MediaPlayerService::getOMX
05-27 12:35:37.382  1397  1397 I OMXClient: MuxOMX ctor
05-27 12:35:37.382  1394  1403 I OMXMaster: makeComponentInstance(OMX.google.g711.mlaw.decoder) in mediacodec process
05-27 12:35:37.384  1628  1628 I NetworkPolicy: adding default package com.android.providers.downloads (uid 10011 for user 0) to restrict background whitelist
05-27 12:35:37.384  1628  1628 I NetworkPolicy: adding default package com.google.android.gms (uid 10013 for user 0) to restrict background whitelist
05-27 12:35:37.393  1397  1397 I MediaPlayerService: MediaPlayerService::getOMX
05-27 12:35:37.394  1397  1397 I OMXClient: MuxOMX ctor
05-27 12:35:37.394  1394  1403 I OMXMaster: makeComponentInstance(OMX.google.vorbis.decoder) in mediacodec process
05-27 12:35:37.396  1628  1628 D NetworkPolicy: setRestrictBackgroundLocked(): false
05-27 12:35:37.396  1628  1628 W NetworkManagement: setDataSaverMode(): already false
05-27 12:35:37.403  1295  1332 I fsck_msdos: ** /dev/block/vold/public:253,64
05-27 12:35:37.403  1295  1332 I fsck_msdos: ** Phase 1 - Read and Compare FATs
05-27 12:35:37.403  1295  1332 I fsck_msdos: Attempting to allocate 1022 KB for FAT
05-27 12:35:37.404  1397  1397 I MediaPlayerService: MediaPlayerService::getOMX
05-27 12:35:37.404  1397  1397 I OMXClient: MuxOMX ctor
05-27 12:35:37.404  1394  1394 I OMXMaster: makeComponentInstance(OMX.google.opus.decoder) in mediacodec process
05-27 12:35:37.409  1295  1332 I fsck_msdos: Attempting to allocate 1022 KB for FAT
05-27 12:35:37.412  1295  1332 I fsck_msdos: ** Phase 2 - Check Cluster Chains
05-27 12:35:37.413  1295  1332 I fsck_msdos: ** Phase 3 - Checking Directories
05-27 12:35:37.414  1295  1332 I fsck_msdos: ** Phase 4 - Checking for Lost Files
05-27 12:35:37.414  1295  1332 I fsck_msdos: 29 files, 522172 free (261086 clusters)
05-27 12:35:37.414  1695  1755 I LatinIME:LogUtils: Dictionary info: dictionary = userunigram.en_US ; version = 1653635137 ; date = ?
05-27 12:35:37.414  1295  1332 I Vold    : Filesystem check completed OK
05-27 12:35:37.414  1628  1666 D VoldConnector: RCV <- {656 public:253,64 /mnt/media_rw/160B-0914}
05-27 12:35:37.415  1695  1755 E ActivityThread: Failed to find provider info for user_dictionary
05-27 12:35:37.415  1628  1666 D VoldConnector: RCV <- {655 public:253,64 /storage/160B-0914}
05-27 12:35:37.415  1695  1755 I LatinIME:LogUtils: Dictionary info: dictionary = UserHistoryDictionary.en_US ; version = 1653635137 ; date = ?
05-27 12:35:37.415  1397  1397 I MediaPlayerService: MediaPlayerService::getOMX
05-27 12:35:37.415  1397  1397 I OMXClient: MuxOMX ctor
05-27 12:35:37.415  1394  1403 I OMXMaster: makeComponentInstance(OMX.google.raw.decoder) in mediacodec process
05-27 12:35:37.417  1397  1397 I MediaPlayerService: MediaPlayerService::getOMX
05-27 12:35:37.417  1397  1397 I OMXClient: MuxOMX ctor
05-27 12:35:37.417  1394  1394 I OMXMaster: makeComponentInstance(OMX.google.aac.encoder) in mediacodec process
05-27 12:35:37.419  1295  1332 V vold    : Waiting for FUSE to spin up...
05-27 12:35:37.421  1795  1795 W sdcard  : Device explicitly disabled sdcardfs
05-27 12:35:37.422  1397  1397 I MediaPlayerService: MediaPlayerService::getOMX
05-27 12:35:37.422  1397  1397 I OMXClient: MuxOMX ctor
05-27 12:35:37.422  1394  1763 I OMXMaster: makeComponentInstance(OMX.google.amrnb.encoder) in mediacodec process
05-27 12:35:37.426  1397  1397 I MediaPlayerService: MediaPlayerService::getOMX
05-27 12:35:37.426  1397  1397 I OMXClient: MuxOMX ctor
05-27 12:35:37.426  1394  1403 I OMXMaster: makeComponentInstance(OMX.google.amrwb.encoder) in mediacodec process
05-27 12:35:37.428  1397  1397 I MediaPlayerService: MediaPlayerService::getOMX
05-27 12:35:37.428  1397  1397 I OMXClient: MuxOMX ctor
05-27 12:35:37.428  1394  1394 I OMXMaster: makeComponentInstance(OMX.google.flac.encoder) in mediacodec process
05-27 12:35:37.429  1628  1628 I SystemServiceManager: Starting phase 600
05-27 12:35:37.432  1628  1628 D SensorNotificationService: Cannot obtain dynamic meta sensor, not supported.
05-27 12:35:37.436  1628  1628 I GnssLocationProvider: WakeLock acquired by sendMessage(13, 0, null)
05-27 12:35:37.436  1628  1640 W GnssLocationProvider: Could not open GPS configuration file /etc/gps.conf
05-27 12:35:37.436  1628  1640 E GnssLocationProvider: no AGPS interface in set_agps_server
05-27 12:35:37.437  1397  1397 I MediaPlayerService: MediaPlayerService::getOMX
05-27 12:35:37.438  1397  1397 I OMXClient: MuxOMX ctor
05-27 12:35:37.438  1394  1403 I OMXMaster: makeComponentInstance(OMX.google.gsm.decoder) in mediacodec process
05-27 12:35:37.438  1719  1719 V SystemUIService: Starting SystemUI services for user 0.
05-27 12:35:37.439  1628  1628 W LocationProviderProxy-network: Odd, no component found for service com.android.location.service.v3.NetworkLocationProvider
05-27 12:35:37.440  1628  1628 W GeocoderProxy: Odd, no component found for service com.android.location.service.GeocodeProvider
05-27 12:35:37.440  1628  1628 E FlpHardwareProvider: Error hw_get_module 'flp': -2
05-27 12:35:37.441  1628  1628 D LocationManagerService: FLP HAL not supported
05-27 12:35:37.441  1628  1628 W GeofenceProxy: Odd, no component found for service com.android.location.service.GeofenceProvider
05-27 12:35:37.441  1628  1628 E ActivityRecognitionHardware: Error hw_get_module: -2
05-27 12:35:37.441  1628  1628 D LocationManagerService: Hardware Activity-Recognition not supported.
05-27 12:35:37.442  1628  1628 W ActivityRecognitionProxy: Odd, no component found for service com.android.location.service.ActivityRecognitionProvider
05-27 12:35:37.442  1628  1628 I GnssLocationProvider: WakeLock acquired by sendMessage(2, 1, null)
05-27 12:35:37.442  1628  1640 I GnssLocationProvider: WakeLock released by handleMessage(13, 0, null)
05-27 12:35:37.443  1628  1640 E GnssLocationProvider: no AGPS interface in set_agps_server
05-27 12:35:37.443  1628  1640 I GnssLocationProvider: WakeLock released by handleMessage(2, 1, null)
05-27 12:35:37.444  1628  1628 I CommonTimeManagementService: No common time service detected on this platform.  Common time services will be unavailable.
05-27 12:35:37.445  1628  1664 I InputReader: Reconfiguring input devices.  changes=0x00000030
05-27 12:35:37.446  1628  1628 I MmsServiceBroker: Delay connecting to MmsService until an API is called
05-27 12:35:37.450  1397  1397 I MediaPlayerService: MediaPlayerService::getOMX
05-27 12:35:37.450  1397  1397 I OMXClient: MuxOMX ctor
05-27 12:35:37.450  1394  1403 I OMXMaster: makeComponentInstance(OMX.google.mpeg4.decoder) in mediacodec process
05-27 12:35:37.468  1394  1403 E OMXNodeInstance: getExtensionIndex(572000f:google.mpeg4.decoder, OMX.google.android.index.configureVideoTunnelMode) ERROR: UnsupportedIndex(0x8000101a)
05-27 12:35:37.468  1394  1763 W OMXNodeInstance: [572000f:google.mpeg4.decoder] component does not support metadata mode; using fallback
05-27 12:35:37.469  1397  1397 I MediaPlayerService: MediaPlayerService::getOMX
05-27 12:35:37.469  1397  1397 I OMXClient: MuxOMX ctor
05-27 12:35:37.469  1394  1394 I OMXMaster: makeComponentInstance(OMX.google.h263.decoder) in mediacodec process
05-27 12:35:37.471  1628  1666 D VoldConnector: RCV <- {651 public:253,64 2}
05-27 12:35:37.471  1628  1666 D VoldConnector: RCV <- {200 6 Command succeeded}
05-27 12:35:37.473  1737  1737 I art     : System.exit called, status: 0
05-27 12:35:37.473  1737  1737 I AndroidRuntime: VM exiting with result code 0, cleanup skipped.
05-27 12:35:37.474  1695  1755 I LatinIME:LogUtils: Dictionary info: dictionary = main:en ; version = 54 ; date = 1414726273
05-27 12:35:37.478  1821  1821 W art     : Unexpected CPU variant for X86 using defaults: x86
05-27 12:35:37.479  1394  1763 E OMXNodeInstance: getExtensionIndex(5720010:google.h263.decoder, OMX.google.android.index.configureVideoTunnelMode) ERROR: UnsupportedIndex(0x8000101a)
05-27 12:35:37.479  1394  1403 W OMXNodeInstance: [5720010:google.h263.decoder] component does not support metadata mode; using fallback
05-27 12:35:37.480  1397  1397 I MediaPlayerService: MediaPlayerService::getOMX
05-27 12:35:37.480  1397  1397 I OMXClient: MuxOMX ctor
05-27 12:35:37.480  1394  1394 I OMXMaster: makeComponentInstance(OMX.google.h264.decoder) in mediacodec process
05-27 12:35:37.485  1628  1628 I ActivityManager: Start proc 1821:com.android.phone/1001 for added application com.android.phone
05-27 12:35:37.485  1628  1628 I ActivityManager: START u0 {act=android.intent.action.MAIN cat=[android.intent.category.HOME] flg=0x10000100 cmp=com.android.settings/.FallbackHome} from uid 0 on display 0
05-27 12:35:37.486  1628  1628 W System  : ClassLoader referenced unknown path: 
05-27 12:35:37.486  1628  1628 W System  : ClassLoader referenced unknown path: /system/priv-app/Settings/lib/x86
05-27 12:35:37.490  1628  1628 I ActivityManager: Loaded persisted task ids for user 0
05-27 12:35:37.491  1397  1397 W ACodec  : [OMX.google.h264.decoder] stopping checking profiles after 32: 2/8000
05-27 12:35:37.491  1394  1763 E OMXNodeInstance: getExtensionIndex(5720011:google.h264.decoder, OMX.google.android.index.configureVideoTunnelMode) ERROR: UnsupportedIndex(0x8000101a)
05-27 12:35:37.491  1394  1403 W OMXNodeInstance: [5720011:google.h264.decoder] component does not support metadata mode; using fallback
05-27 12:35:37.492  1397  1397 I MediaPlayerService: MediaPlayerService::getOMX
05-27 12:35:37.492  1397  1397 I OMXClient: MuxOMX ctor
05-27 12:35:37.492  1394  1394 I OMXMaster: makeComponentInstance(OMX.google.hevc.decoder) in mediacodec process
05-27 12:35:37.495  1838  1838 W art     : Unexpected CPU variant for X86 using defaults: x86
05-27 12:35:37.496  1628  1628 I ActivityManager: Start proc 1838:com.android.settings/1000 for activity com.android.settings/.FallbackHome
05-27 12:35:37.501  1394  1763 E OMXNodeInstance: getExtensionIndex(5720012:google.hevc.decoder, OMX.google.android.index.configureVideoTunnelMode) ERROR: UnsupportedIndex(0x8000101a)
05-27 12:35:37.502  1628  1640 W LocationProviderProxy-network: Odd, no component found for service com.android.location.service.v3.NetworkLocationProvider
05-27 12:35:37.502  1628  1640 W GeocoderProxy: Odd, no component found for service com.android.location.service.GeocodeProvider
05-27 12:35:37.502  1394  1403 W OMXNodeInstance: [5720012:google.hevc.decoder] component does not support metadata mode; using fallback
05-27 12:35:37.504  1397  1397 I MediaPlayerService: MediaPlayerService::getOMX
05-27 12:35:37.504  1397  1397 I OMXClient: MuxOMX ctor
05-27 12:35:37.504  1394  1394 I OMXMaster: makeComponentInstance(OMX.google.vp8.decoder) in mediacodec process
05-27 12:35:37.504  1628  1640 W GeofenceProxy: Odd, no component found for service com.android.location.service.GeofenceProvider
05-27 12:35:37.505  1628  1640 W ActivityRecognitionProxy: Odd, no component found for service com.android.location.service.ActivityRecognitionProvider
05-27 12:35:37.514  1394  1763 E OMXNodeInstance: getExtensionIndex(5720013:google.vp8.decoder, OMX.google.android.index.configureVideoTunnelMode) ERROR: UnsupportedIndex(0x8000101a)
05-27 12:35:37.514  1394  1763 W OMXNodeInstance: [5720013:google.vp8.decoder] component does not support metadata mode; using fallback
05-27 12:35:37.514  1397  1397 I MediaPlayerService: MediaPlayerService::getOMX
05-27 12:35:37.515  1397  1397 I OMXClient: MuxOMX ctor
05-27 12:35:37.515  1394  1763 I OMXMaster: makeComponentInstance(OMX.google.vp9.decoder) in mediacodec process
05-27 12:35:37.521  1628  1628 W ContextImpl: Calling a method in the system process without a qualified user: android.app.ContextImpl.startService:1385 com.android.server.content.SyncManager$13.run:631 android.os.Handler.handleCallback:751 android.os.Handler.dispatchMessage:95 android.os.Looper.loop:154 
05-27 12:35:37.523  1628  1628 D ConditionProviders.SCP: onConnected
05-27 12:35:37.523  1628  1628 D ConditionProviders: Subscribing to condition://android/schedule?days=6.7&start=23.30&end=10.0&exitAtAlarm=false with ComponentInfo{android/com.android.server.notification.ScheduleConditionProvider}
05-27 12:35:37.523  1628  1628 D ConditionProviders: Subscribing to condition://android/event?userId=-10000&calendar=&reply=1 with ComponentInfo{android/com.android.server.notification.EventConditionProvider}
05-27 12:35:37.523  1628  1628 D ConditionProviders: Subscribing to condition://android/schedule?days=1.2.3.4.5&start=22.0&end=7.0&exitAtAlarm=false with ComponentInfo{android/com.android.server.notification.ScheduleConditionProvider}
05-27 12:35:37.526  1394  1403 E OMXNodeInstance: getExtensionIndex(5720014:google.vp9.decoder, OMX.google.android.index.configureVideoTunnelMode) ERROR: UnsupportedIndex(0x8000101a)
05-27 12:35:37.526  1394  1763 W OMXNodeInstance: [5720014:google.vp9.decoder] component does not support metadata mode; using fallback
05-27 12:35:37.527  1397  1397 I MediaPlayerService: MediaPlayerService::getOMX
05-27 12:35:37.527  1397  1397 I OMXClient: MuxOMX ctor
05-27 12:35:37.527  1394  1394 I OMXMaster: makeComponentInstance(OMX.google.h263.encoder) in mediacodec process
05-27 12:35:37.528  1628  1628 D RttService: SCAN_AVAILABLE : 1
05-27 12:35:37.528  1628  1677 I WifiScanningService: wifi driver unloaded
05-27 12:35:37.528  1628  1678 D RttService: DefaultState got{ when=0 what=160513 target=com.android.internal.util.StateMachine$SmHandler }
05-27 12:35:37.528  1719  1719 V MediaRouter: Adding route: RouteInfo{ name=Phone, description=null, status=null, category=RouteCategory{ name=null types=ROUTE_TYPE_LIVE_AUDIO ROUTE_TYPE_LIVE_VIDEO  groupable=false }, supportedTypes=ROUTE_TYPE_LIVE_AUDIO ROUTE_TYPE_LIVE_VIDEO , presentationDisplay=null }
05-27 12:35:37.529  1719  1719 V MediaRouter: Updating audio routes: AudioRoutesInfo{ type=SPEAKER }
05-27 12:35:37.529  1719  1719 V MediaRouter: Selecting route: RouteInfo{ name=Phone, description=null, status=null, category=RouteCategory{ name=null types=ROUTE_TYPE_LIVE_AUDIO ROUTE_TYPE_LIVE_VIDEO  groupable=false }, supportedTypes=ROUTE_TYPE_LIVE_AUDIO ROUTE_TYPE_LIVE_VIDEO , presentationDisplay=null }
05-27 12:35:37.531  1628  1628 W System  : ClassLoader referenced unknown path: /system/priv-app/Telecom/lib/x86
05-27 12:35:37.537  1394  1394 I SoftMPEG4Encoder: Construct SoftMPEG4Encoder
05-27 12:35:37.538  1397  1397 W ACodec  : do not know color format 0x7f000789 = 2130708361
05-27 12:35:37.538  1394  1394 E OMXNodeInstance: getConfig(5720015:google.h263.encoder, ConfigAndroidIntraRefresh(0x6f60000a)) ERROR: Undefined(0x80001001)
05-27 12:35:37.539  1397  1397 I MediaPlayerService: MediaPlayerService::getOMX
05-27 12:35:37.539  1397  1397 I OMXClient: MuxOMX ctor
05-27 12:35:37.540  1394  1403 I OMXMaster: makeComponentInstance(OMX.google.h264.encoder) in mediacodec process
05-27 12:35:37.550  1397  1397 W ACodec  : do not know color format 0x7f000789 = 2130708361
05-27 12:35:37.551  1628  1628 E BluetoothAdapter: Bluetooth binder is null
05-27 12:35:37.552  1397  1397 I MediaPlayerService: MediaPlayerService::getOMX
05-27 12:35:37.553  1397  1397 I OMXClient: MuxOMX ctor
05-27 12:35:37.553  1394  1763 I OMXMaster: makeComponentInstance(OMX.google.mpeg4.encoder) in mediacodec process
05-27 12:35:37.556  1719  1864 E WVMExtractor: Failed to open libwvm.so: dlopen failed: library "libwvm.so" not found
05-27 12:35:37.557  1628  1628 I Telecom : SystemStateProvider: Registering car mode receiver: android.content.IntentFilter@9d77bfd: TS.init@AAA
05-27 12:35:37.560  1628  1865 I Telecom : Telecom: Non-call EVENT: AUDIO_ROUTE, Entering state QuiescentEarpieceRoute
05-27 12:35:37.562  1394  1763 I SoftMPEG4Encoder: Construct SoftMPEG4Encoder
05-27 12:35:37.563  1397  1397 W ACodec  : do not know color format 0x7f000789 = 2130708361
05-27 12:35:37.563  1394  1394 E OMXNodeInstance: getConfig(5720017:google.mpeg4.encoder, ConfigAndroidIntraRefresh(0x6f60000a)) ERROR: Undefined(0x80001001)
05-27 12:35:37.567  1628  1866 I Telecom : CallAudioModeStateMachine: Message received: null.: TS.init->CAMSM.pM_1@AAA_0
05-27 12:35:37.568  1397  1397 I MediaPlayerService: MediaPlayerService::getOMX
05-27 12:35:37.568  1397  1397 I OMXClient: MuxOMX ctor
05-27 12:35:37.568  1394  1763 I OMXMaster: makeComponentInstance(OMX.google.vp8.encoder) in mediacodec process
05-27 12:35:37.579  1628  1871 E ActivityThread: Failed to find provider info for call_log
05-27 12:35:37.580  1397  1397 W ACodec  : do not know color format 0x7f000789 = 2130708361
05-27 12:35:37.580  1628  1628 E BluetoothAdapter: Bluetooth binder is null
05-27 12:35:37.580  1394  1394 E OMXNodeInstance: getConfig(5720018:google.vp8.encoder, ConfigAndroidIntraRefresh(0x6f60000a)) ERROR: Undefined(0x80001001)
05-27 12:35:37.581  1397  1397 I MediaPlayerService: MediaPlayerService::getOMX
05-27 12:35:37.581  1397  1397 I OMXClient: MuxOMX ctor
05-27 12:35:37.581  1397  1397 I MediaPlayerService: MediaPlayerService::getOMX
05-27 12:35:37.582  1397  1397 I OMXClient: MuxOMX ctor
05-27 12:35:37.582  1397  1397 W MediaCodecList: unable to open media codecs configuration xml file: /data/misc/media/media_codecs_profiling_results.xml
05-27 12:35:37.582  1397  1419 I MediaPlayerService: MediaPlayerService::getOMX
05-27 12:35:37.582  1628  1753 I OMXClient: MuxOMX ctor
05-27 12:35:37.583  1394  1403 I OMXMaster: makeComponentInstance(OMX.google.vorbis.decoder) in mediacodec process
05-27 12:35:37.594  1397  1764 I MediaPlayerService: MediaPlayerService::getOMX
05-27 12:35:37.594  1719  1878 I OMXClient: MuxOMX ctor
05-27 12:35:37.594  1394  1394 I OMXMaster: makeComponentInstance(OMX.google.vorbis.decoder) in mediacodec process
05-27 12:35:37.602  1838  1838 W System  : ClassLoader referenced unknown path: /system/priv-app/Settings/lib/x86
05-27 12:35:37.602  1821  1821 W System  : ClassLoader referenced unknown path: /system/priv-app/TeleService/lib/x86
05-27 12:35:37.611  1628  1637 W art     : Suspending all threads took: 31.335ms
05-27 12:35:37.615  1628  1628 I Telecom : Class: TelecomSystem.INSTANCE being set
05-27 12:35:37.615  1628  1628 E BluetoothAdapter: Bluetooth binder is null
05-27 12:35:37.619  1628  1637 I art     : Background sticky concurrent mark sweep GC freed 45092(2MB) AllocSpace objects, 12(232KB) LOS objects, 18% free, 14MB/17MB, paused 32.357ms total 58.577ms
05-27 12:35:37.622  1821  1821 W System  : ClassLoader referenced unknown path: /system/priv-app/TelephonyProvider/lib/x86
05-27 12:35:37.628  1719  1719 I vol.Events: writeEvent collection_started
05-27 12:35:37.632  1821  1821 D TelephonyProvider: dbh.onOpen: ok, queried table=siminfo
05-27 12:35:37.632  1821  1821 D TelephonyProvider: dbh.onOpen: ok, queried table=carriers
05-27 12:35:37.633  1719  1885 I vol.Events: writeEvent external_ringer_mode_changed normal
05-27 12:35:37.633  1719  1885 I vol.Events: writeEvent internal_ringer_mode_changed normal
05-27 12:35:37.635  1628  1628 W System  : ClassLoader referenced unknown path: /system/priv-app/FusedLocation/lib/x86
05-27 12:35:37.638  1628  1684 D NotificationSQLiteLog: Pruned event entries: 0
05-27 12:35:37.638  1628  1628 D GpsNetInitiatedHandler: location enabled :true
05-27 12:35:37.638  1628  1628 V WiredAccessoryManager: notifyWiredAccessoryChanged: when=0 bits= mask=54
05-27 12:35:37.638  1628  1628 V WiredAccessoryManager: newName=h2w newState=0 headsetState=0 prev headsetState=0
05-27 12:35:37.638  1628  1628 E WiredAccessoryManager: No state change.
05-27 12:35:37.638  1628  1628 V WiredAccessoryManager: init()
05-27 12:35:37.645  1628  1628 D AccessibilityManagerService: Ignoring non-encryption-aware service ComponentInfo{com.example.android.apis/com.example.android.apis.accessibility.ClockBackService}
05-27 12:35:37.645  1628  1628 D AccessibilityManagerService: Ignoring non-encryption-aware service ComponentInfo{com.example.android.apis/com.example.android.apis.accessibility.MagnificationService}
05-27 12:35:37.645  1628  1628 D AccessibilityManagerService: Ignoring non-encryption-aware service ComponentInfo{com.example.android.apis/com.example.android.apis.accessibility.TaskBackService}
05-27 12:35:37.645  1342  1381 D PermissionCache: checking android.permission.HARDWARE_TEST for uid=1000 => granted (116 us)
05-27 12:35:37.650  1628  1628 W VibratorService: Tried to stop vibrating but there is no vibrator device.
05-27 12:35:37.651  1628  1628 D ConditionProviders.SCP: onSubscribe condition://android/schedule?days=6.7&start=23.30&end=10.0&exitAtAlarm=false
05-27 12:35:37.651  1628  1628 D ConditionProviders.SCP: setRegistered true
05-27 12:35:37.651  1628  1640 I SyncManager: Got SyncJobService instance.
05-27 12:35:37.651  1628  1628 D ConditionProviders.SCP: notifyCondition condition://android/schedule?days=6.7&start=23.30&end=10.0&exitAtAlarm=false STATE_FALSE reason=!meetsSchedule
05-27 12:35:37.652  1628  1628 D ConditionProviders.SCP: Scheduling evaluate for Fri May 27 23:30:00 GMT+05:30 2022 (1653674400000), in +10h54m22s349ms, now=Fri May 27 12:35:37 GMT+05:30 2022 (1653635137651)
05-27 12:35:37.653  1628  1628 D ConditionProviders.SCP: onSubscribe condition://android/schedule?days=1.2.3.4.5&start=22.0&end=7.0&exitAtAlarm=false
05-27 12:35:37.653  1628  1628 D ConditionProviders.SCP: notifyCondition condition://android/schedule?days=6.7&start=23.30&end=10.0&exitAtAlarm=false STATE_FALSE reason=!meetsSchedule
05-27 12:35:37.654  1628  1628 D ConditionProviders.SCP: notifyCondition condition://android/schedule?days=1.2.3.4.5&start=22.0&end=7.0&exitAtAlarm=false STATE_FALSE reason=!meetsSchedule
05-27 12:35:37.654  1628  1685 E ActivityThread: Failed to find provider info for com.android.calendar
05-27 12:35:37.655  1628  1685 E ActivityThread: Failed to find provider info for com.android.calendar
05-27 12:35:37.654  1628  1628 D ConditionProviders.SCP: Scheduling evaluate for Fri May 27 22:00:00 GMT+05:30 2022 (1653669000000), in +9h24m22s347ms, now=Fri May 27 12:35:37 GMT+05:30 2022 (1653635137653)
05-27 12:35:37.657  1628  1628 I Telecom : WiredHeadsetManager: ACTION_HEADSET_PLUG event, plugged in: false, : WHC.oADA@AAE
05-27 12:35:37.659  1628  1628 I ActivityManager: user 0 is still locked. Cannot load recents
05-27 12:35:37.662  1628  1628 I FusedLocation: engine started (com.android.location.fused)
05-27 12:35:37.672  1719  1885 I vol.Events: writeEvent level_changed STREAM_ALARM 6
05-27 12:35:37.672  1719  1885 I vol.Events: writeEvent level_changed STREAM_BLUETOOTH_SCO 7
05-27 12:35:37.673  1719  1885 I vol.Events: writeEvent level_changed STREAM_MUSIC 11
05-27 12:35:37.673  1719  1885 I vol.Events: writeEvent level_changed STREAM_RING 5
05-27 12:35:37.674  1719  1885 I vol.Events: writeEvent level_changed STREAM_SYSTEM 5
05-27 12:35:37.674  1719  1885 I vol.Events: writeEvent level_changed STREAM_VOICE_CALL 4
05-27 12:35:37.686  1397  1397 I MediaPlayerService: MediaPlayerService::getOMX
05-27 12:35:37.687  1719  1901 I OMXClient: MuxOMX ctor
05-27 12:35:37.687  1397  1419 I MediaPlayerService: MediaPlayerService::getOMX
05-27 12:35:37.687  1394  1763 I OMXMaster: makeComponentInstance(OMX.google.vorbis.decoder) in mediacodec process
05-27 12:35:37.687  1628  1902 I OMXClient: MuxOMX ctor
05-27 12:35:37.693  1342  1349 E SurfaceFlinger: ro.sf.lcd_density must be defined as a build property
05-27 12:35:37.694  1394  1877 I OMXMaster: makeComponentInstance(OMX.google.vorbis.decoder) in mediacodec process
05-27 12:35:37.705  1719  1719 D         : HostConnection::get() New Host Connection established 0x9c4f1240, tid 1719
05-27 12:35:37.710  1719  1719 D StorageNotification: Notifying about private volume: VolumeInfo{private}:
05-27 12:35:37.710  1719  1719 D StorageNotification:     type=PRIVATE diskId=null partGuid=null mountFlags=0 mountUserId=-1 
05-27 12:35:37.710  1719  1719 D StorageNotification:     state=MOUNTED 
05-27 12:35:37.710  1719  1719 D StorageNotification:     fsType=null fsUuid=null fsLabel=null 
05-27 12:35:37.710  1719  1719 D StorageNotification:     path=/data internalPath=null 
05-27 12:35:37.711  1719  1719 D StorageNotification: Notifying about public volume: VolumeInfo{public:253,64}:
05-27 12:35:37.711  1719  1719 D StorageNotification:     type=PUBLIC diskId=disk:253,64 partGuid=null mountFlags=VISIBLE 
05-27 12:35:37.711  1719  1719 D StorageNotification:     mountUserId=0 state=MOUNTED 
05-27 12:35:37.711  1719  1719 D StorageNotification:     fsType=vfat fsUuid=160B-0914 fsLabel=SDCARD 
05-27 12:35:37.711  1719  1719 D StorageNotification:     path=/storage/160B-0914 internalPath=/mnt/media_rw/160B-0914 
05-27 12:35:37.724  1628  1674 D WifiController: DEFERRED_TOGGLE handled
05-27 12:35:37.725  1398  1625 D SoftapController: Softap fwReload - Ok
05-27 12:35:37.726  1398  1625 D CommandListener: Setting iface cfg
05-27 12:35:37.726  1342  1381 E SurfaceFlinger: ro.sf.lcd_density must be defined as a build property
05-27 12:35:37.726  1398  1625 D CommandListener: Trying to bring down wlan0
05-27 12:35:37.726  1398  1625 D CommandListener: Clearing all IP addresses on wlan0
05-27 12:35:37.728  1628  1675 E WifiMonitor: killSupplicant p2pfalse init.svc.wpa_supplicant=unknown init.svc.p2p_supplicant=unknown
05-27 12:35:37.728  1838  1838 D         : HostConnection::get() New Host Connection established 0xa7d3a040, tid 1838
05-27 12:35:37.731  1628  1675 E wifi    : Can not initialize the vendor function pointer table
05-27 12:35:37.731  1628  1675 E WifiNative-HAL: Could not start hal
05-27 12:35:37.731  1628  1675 E WifiStateMachine: Failed to start HAL
05-27 12:35:37.733  1397  1764 I MediaPlayerService: MediaPlayerService::getOMX
05-27 12:35:37.733  1628  1913 I OMXClient: MuxOMX ctor
05-27 12:35:37.734  1394  1876 I OMXMaster: makeComponentInstance(OMX.google.vorbis.decoder) in mediacodec process
05-27 12:35:37.739  1838  1910 D         : HostConnection::get() New Host Connection established 0xa7d3a900, tid 1910
05-27 12:35:37.741  1821  1821 D PhoneSwitcherNetworkRequstListener: Registering NetworkFactory
05-27 12:35:37.742  1628  1679 D ConnectivityService: Got NetworkFactory Messenger for PhoneSwitcherNetworkRequstListener
05-27 12:35:37.744  1628  1679 D ConnectivityService: Got NetworkFactory Messenger for TelephonyNetworkFactory[0]
05-27 12:35:37.745  1838  1910 I OpenGLRenderer: Initialized EGL, version 1.4
05-27 12:35:37.745  1838  1910 D OpenGLRenderer: Swap behavior 1
05-27 12:35:37.745  1838  1910 W OpenGLRenderer: Failed to choose config with EGL_SWAP_BEHAVIOR_PRESERVED, retrying without...
05-27 12:35:37.745  1838  1910 D OpenGLRenderer: Swap behavior 0
05-27 12:35:37.751  1838  1910 D EGL_emulation: eglCreateContext: 0xa0b85060: maj 2 min 0 rcv 2
05-27 12:35:37.761  1838  1910 D EGL_emulation: eglMakeCurrent: 0xa0b85060: ver 2 0 (tinfo 0xa0b83150)
05-27 12:35:37.781  1838  1910 D EGL_emulation: eglMakeCurrent: 0xa0b85060: ver 2 0 (tinfo 0xa0b83150)
05-27 12:35:37.784  1821  1919 E ActivityThread: Failed to find provider info for com.android.contacts
05-27 12:35:37.784  1821  1919 W CallerInfoCache: cursor is null
05-27 12:35:37.784  1821  1821 D CarrierConfigLoader: CarrierConfigLoader has started
05-27 12:35:37.785  1914  1914 I wpa_supplicant: Successfully initialized wpa_supplicant
05-27 12:35:37.785  1821  1821 E BluetoothAdapter: Bluetooth binder is null
05-27 12:35:37.785  1397  1397 I MediaPlayerService: MediaPlayerService::getOMX
05-27 12:35:37.785  1628  1920 I OMXClient: MuxOMX ctor
05-27 12:35:37.786  1394  1763 I OMXMaster: makeComponentInstance(OMX.google.vorbis.decoder) in mediacodec process
05-27 12:35:37.786  1914  1914 I wpa_supplicant: rfkill: Cannot open RFKILL control device
05-27 12:35:37.788  1914  1914 I wpa_supplicant: nl80211: Could not re-add multicast membership for vendor events: -2 (No such file or directory)
05-27 12:35:37.791  1397  1764 I MediaPlayerService: MediaPlayerService::getOMX
05-27 12:35:37.791  1719  1922 I OMXClient: MuxOMX ctor
05-27 12:35:37.794  1628  1639 I StatusBarManagerService: registerStatusBar bar=com.android.internal.statusbar.IStatusBar$Stub$Proxy@7218439
05-27 12:35:37.797  1394  1877 I OMXMaster: makeComponentInstance(OMX.google.vorbis.decoder) in mediacodec process
05-27 12:35:37.798  1821  1821 I Telephony: TtyManager: updateUiTtyMode -1 -> 0
05-27 12:35:37.802  1628  1641 V KeyguardServiceDelegate: *** Keyguard started
05-27 12:35:37.802  1628  1641 W KeyguardServiceDelegate: onScreenTurningOn(): no keyguard service!
05-27 12:35:37.802  1342  1350 I SurfaceFlinger: Boot is finished (2951 ms)
05-27 12:35:37.806  1628  1648 I ActivityManager: Displayed com.android.settings/.FallbackHome: +315ms
05-27 12:35:37.812  1628  1849 D AlarmManagerService: Kernel timezone updated to -330 minutes west of GMT
05-27 12:35:37.814  1628  1639 D AlarmManagerService: Setting time of day to sec=1653635139
05-27 12:35:39.134  1628  1639 W AlarmManagerService: Unable to set rtc to 1653635139: No such device
05-27 12:35:39.135  1342  1355 W SurfaceFlinger: Timed out waiting for hw vsync; faking it
05-27 12:35:39.135  1342  1353 W SurfaceFlinger: Timed out waiting for hw vsync; faking it
05-27 12:35:39.135  1628  1628 D ConditionProviders.SCP: onReceive android.intent.action.TIME_SET
05-27 12:35:39.141  1927  1927 W art     : Unexpected CPU variant for X86 using defaults: x86
05-27 12:35:39.147  1628  1641 I ActivityManager: Start proc 1927:com.android.deskclock/u0a41 for broadcast com.android.deskclock/.AlarmInitReceiver
05-27 12:35:39.148  1628  1628 D ConditionProviders.SCP: notifyCondition condition://android/schedule?days=6.7&start=23.30&end=10.0&exitAtAlarm=false STATE_FALSE reason=!meetsSchedule
05-27 12:35:39.148  1628  1628 D ConditionProviders.SCP: notifyCondition condition://android/schedule?days=1.2.3.4.5&start=22.0&end=7.0&exitAtAlarm=false STATE_FALSE reason=!meetsSchedule
05-27 12:35:39.148  1628  1628 D ConditionProviders.SCP: Scheduling evaluate for Fri May 27 22:00:00 GMT+05:30 2022 (1653669000000), in +9h24m20s865ms, now=Fri May 27 12:35:39 GMT+05:30 2022 (1653635139135)
05-27 12:35:39.149  1628  1685 E ActivityThread: Failed to find provider info for com.android.calendar
05-27 12:35:39.150  1628  1685 E ActivityThread: Failed to find provider info for com.android.calendar
05-27 12:35:39.160  1397  1397 I MediaPlayerService: MediaPlayerService::getOMX
05-27 12:35:39.161  1628  1940 I OMXClient: MuxOMX ctor
05-27 12:35:39.161  1394  1877 I OMXMaster: makeComponentInstance(OMX.google.vorbis.decoder) in mediacodec process
05-27 12:35:39.164  1628  1675 D WifiMonitor: startMonitoring(wlan0) with mConnected = false
05-27 12:35:39.167  1927  1927 W System  : ClassLoader referenced unknown path: /system/app/DeskClock/lib/x86
05-27 12:35:39.170  1821  1821 D PhoneSwitcherNetworkRequstListener: got request NetworkRequest [ id=1, legacyType=-1, [ Capabilities: INTERNET&NOT_RESTRICTED&TRUSTED&NOT_VPN] ] with score 0
05-27 12:35:39.170  1821  1821 D TelephonyDebugService: TelephonyDebugService()
05-27 12:35:39.171  1821  1821 D CarrierConfigLoader: mHandler: 12 phoneId: 0
