05-27 12:36:12.251  2222  2232 I art     : Background sticky concurrent mark sweep GC freed 14975(549KB) AllocSpace objects, 0(0B) LOS objects, 3% free, 15MB/16MB, paused 5.315ms total 23.765ms
05-27 12:36:12.261  3245  3264 D EGL_emulation: eglMakeCurrent: 0xa0b852a0: ver 2 0 (tinfo 0xa0b83640)
05-27 12:36:12.267  3193  3240 D cr_SafeBrowsingApi: [SafeBrowsingApiHandler.java:140] Starting request.
05-27 12:36:12.267  3193  3240 D cr_SafeBrowsingApi: [SafeBrowsingApiHandler.java:149] Done starting request
05-27 12:36:12.276  3193  3193 D cr_SafeBrowsingApi: [SafeBrowsingApiHandler.java:121] Done calling callback
05-27 12:36:12.441  3245  3264 D EGL_emulation: eglMakeCurrent: 0xa0b85600: ver 2 0 (tinfo 0xa0b83640)
05-27 12:36:12.451  3245  3264 D EGL_emulation: eglMakeCurrent: 0xa0b852a0: ver 2 0 (tinfo 0xa0b83640)
05-27 12:36:12.504  3245  3264 D EGL_emulation: eglMakeCurrent: 0xa0b857e0: ver 2 0 (tinfo 0xa0b83640)
05-27 12:36:12.505  3245  3264 D EGL_emulation: eglMakeCurrent: 0xa0b852a0: ver 2 0 (tinfo 0xa0b83640)
05-27 12:36:12.525  3245  3264 D EGL_emulation: eglMakeCurrent: 0xa0b857e0: ver 2 0 (tinfo 0xa0b83640)
05-27 12:36:12.526  3245  3264 D EGL_emulation: eglMakeCurrent: 0xa0b852a0: ver 2 0 (tinfo 0xa0b83640)
05-27 12:36:12.528  3245  3264 D EGL_emulation: eglMakeCurrent: 0xa0b85600: ver 2 0 (tinfo 0xa0b83640)
05-27 12:36:12.529  3245  3264 D EGL_emulation: eglMakeCurrent: 0xa0b857e0: ver 2 0 (tinfo 0xa0b83640)
05-27 12:36:12.535  3245  3264 D EGL_emulation: eglMakeCurrent: 0xa0b852a0: ver 2 0 (tinfo 0xa0b83640)
05-27 12:36:12.602  3193  3240 D cr_SafeBrowsingApi: [SafeBrowsingApiHandler.java:140] Starting request.
05-27 12:36:12.604  3193  3240 D cr_SafeBrowsingApi: [SafeBrowsingApiHandler.java:149] Done starting request
05-27 12:36:12.605  3193  3213 D EGL_emulation: eglMakeCurrent: 0xa0b853c0: ver 2 0 (tinfo 0xa0b832b0)
05-27 12:36:12.636  3193  3213 D EGL_emulation: eglMakeCurrent: 0xa0b853c0: ver 2 0 (tinfo 0xa0b832b0)
05-27 12:36:12.638  3193  3193 D cr_SafeBrowsingApi: [SafeBrowsingApiHandler.java:121] Done calling callback
05-27 12:36:12.639  3193  3193 D cr_tabmodel: [TabPersistentStore.java:679] Serializing tab lists; counts: 1, 0, 0
05-27 12:36:12.651  3193  3240 D cr_SafeBrowsingApi: [SafeBrowsingApiHandler.java:140] Starting request.
05-27 12:36:12.658  3193  3240 D cr_SafeBrowsingApi: [SafeBrowsingApiHandler.java:149] Done starting request
05-27 12:36:12.676  3193  3213 D EGL_emulation: eglMakeCurrent: 0xa0b853c0: ver 2 0 (tinfo 0xa0b832b0)
05-27 12:36:12.712  3193  3193 D cr_SafeBrowsingApi: [SafeBrowsingApiHandler.java:121] Done calling callback
05-27 12:36:12.764  3193  3213 D EGL_emulation: eglMakeCurrent: 0xa0b853c0: ver 2 0 (tinfo 0xa0b832b0)
05-27 12:36:12.781  3193  3213 D EGL_emulation: eglMakeCurrent: 0xa0b853c0: ver 2 0 (tinfo 0xa0b832b0)
05-27 12:36:12.800  3193  3213 D EGL_emulation: eglMakeCurrent: 0xa0b853c0: ver 2 0 (tinfo 0xa0b832b0)
05-27 12:36:12.821  3193  3213 D EGL_emulation: eglMakeCurrent: 0xa0b853c0: ver 2 0 (tinfo 0xa0b832b0)
05-27 12:36:12.829  1389  1410 W audio_hw_generic: Not supplying enough data to HAL, expected position 547331 , only wrote 395280
05-27 12:36:12.850  3193  3213 D EGL_emulation: eglMakeCurrent: 0xa0b853c0: ver 2 0 (tinfo 0xa0b832b0)
05-27 12:36:12.870  3193  3213 D EGL_emulation: eglMakeCurrent: 0xa0b853c0: ver 2 0 (tinfo 0xa0b832b0)
05-27 12:36:12.890  3193  3213 D EGL_emulation: eglMakeCurrent: 0xa0b853c0: ver 2 0 (tinfo 0xa0b832b0)
05-27 12:36:12.906  3193  3213 D EGL_emulation: eglMakeCurrent: 0xa0b853c0: ver 2 0 (tinfo 0xa0b832b0)
05-27 12:36:12.928  3193  3213 D EGL_emulation: eglMakeCurrent: 0xa0b853c0: ver 2 0 (tinfo 0xa0b832b0)
05-27 12:36:13.621  3193  3193 D cr_historyreport: [HistoryReportJniBridge.java:46] JNI bridge initialization successful.
05-27 12:36:13.625  3193  3325 D cr_GCore: [ConnectedTask.java:101] Icing:ClearLegacyCorpusData started
05-27 12:36:13.631  1628  2145 I ActivityManager: Start proc 3326:com.android.providers.partnerbookmarks/u0a62 for content provider com.android.providers.partnerbookmarks/.PartnerBookmarksProvider
05-27 12:36:13.636  3326  3326 W art     : Unexpected CPU variant for X86 using defaults: x86
05-27 12:36:13.636  3193  3207 V cr_Precache: [PrecacheLauncher.java:140] updateEnabled starting
05-27 12:36:13.650  1628  1708 W ActivityManager: Unable to start service Intent { act=com.google.android.gms.playlog.service.START pkg=com.google.android.gms } U=0: not found
05-27 12:36:13.653  1628  1638 W ActivityManager: Unbind failed: could not find connection for android.os.BinderProxy@d179495
05-27 12:36:13.656  3193  3193 E GmsClient: unable to connect to service: com.google.android.gms.playlog.service.START
05-27 12:36:13.664  3193  3193 I cr_BindingManager: Moderate binding enabled: maxSize=20
05-27 12:36:13.670  3193  3193 E BluetoothAdapter: Bluetooth binder is null
05-27 12:36:13.671  3193  3193 D cr_PhysicalWeb: [NearbyClient.java:49] About to background unsubscribe from NearbyClient
05-27 12:36:13.672  3326  3326 W System  : ClassLoader referenced unknown path: /system/app/PartnerBookmarksProvider/lib/x86
05-27 12:36:13.683  3193  3193 V NFC     : this device does not have NFC support
05-27 12:36:13.698  3193  3342 I cr_MinidmpUploadService: Attempting to upload accumulated crash dumps.
05-27 12:36:13.698  3193  3208 E PartnerBookmarksReader: ATTENTION: not using partner bookmarks as none were provided
05-27 12:36:13.712  3193  3193 V cr_Precache: [PrecacheLauncher.java:163] updateEnabled complete
05-27 12:36:13.713  3193  3193 I PlayLogTrackerInternal: onLoggerFailedConnection
05-27 12:36:13.717  2222  2400 I Icing   : IndexChimeraService.getServiceInterface callingPackage=com.android.chrome componentName=null serviceId=36
05-27 12:36:13.731  3193  3325 D cr_Icing: [ChromeGoogleApiClientImpl.java:62] Connection to GmsCore successful.
05-27 12:36:13.731  3193  3325 D cr_GCore: [ConnectedTask.java:104] Icing:ClearLegacyCorpusData connected
05-27 12:36:13.732  2222  2401 I Icing   : Usage reports ok 0, Failed Usage reports 0, indexed 0, rejected 0, imm upload false
05-27 12:36:13.757  2043  2043 E BluetoothAdapter: Bluetooth binder is null
05-27 12:36:13.757  2043  2043 E BluetoothAdapter: Bluetooth binder is null
05-27 12:36:13.759  2043  2043 W Nearby  : Bind call too late - someone already tried to get: interface axfw
05-27 12:36:13.781  3193  3325 E cr_Icing: Failed to clear legacy corpus. Status Code: 8 Message: No CorpusConfig for history of com.android.chrome
05-27 12:36:13.781  3193  3325 D cr_GCore: [ConnectedTask.java:106] Icing:ClearLegacyCorpusData finished
05-27 12:36:13.781  3193  3325 D cr_GCore: [ConnectedTask.java:109] Icing:ClearLegacyCorpusData disconnected
05-27 12:36:13.782  3193  3325 D cr_GCore: [ConnectedTask.java:111] Icing:ClearLegacyCorpusData cleaned up
05-27 12:36:13.816  3193  3193 D cr_PhysicalWeb: [NearbySubscriptionTask.java:67] background unsubscribe to Eddystone-Urls succeeded
05-27 12:36:13.816  3193  3193 D NearbyMessagesClient: Emitting client lifecycle event CLIENT_DISCONNECTED
05-27 12:36:13.949  2222  2400 I Icing   : IndexChimeraService.getServiceInterface callingPackage=com.google.android.music componentName=null serviceId=36
05-27 12:36:13.956  2222  2401 I Icing   : Usage reports ok 0, Failed Usage reports 0, indexed 0, rejected 0, imm upload false
05-27 12:36:13.977  2222  2400 I Icing   : IndexChimeraService.getServiceInterface callingPackage=com.google.android.music componentName=null serviceId=36
05-27 12:36:13.980  2222  2401 I Icing   : Usage reports ok 0, Failed Usage reports 0, indexed 0, rejected 0, imm upload false
05-27 12:36:13.997  2222  2400 I Icing   : IndexChimeraService.getServiceInterface callingPackage=com.google.android.music componentName=null serviceId=36
05-27 12:36:14.000  2222  2401 I Icing   : Usage reports ok 0, Failed Usage reports 0, indexed 0, rejected 0, imm upload false
05-27 12:36:14.012  2222  2400 I Icing   : IndexChimeraService.getServiceInterface callingPackage=com.google.android.music componentName=null serviceId=36
05-27 12:36:14.015  2222  2401 I Icing   : Usage reports ok 0, Failed Usage reports 0, indexed 0, rejected 0, imm upload false
05-27 12:36:14.495  3245  3264 D EGL_emulation: eglMakeCurrent: 0xa0b857e0: ver 2 0 (tinfo 0xa0b83640)
05-27 12:36:15.988  3193  3193 D cr_invalidation: [DelayedInvalidationsController.java:57] No pending invalidations.
05-27 12:36:16.469  3193  3213 D EGL_emulation: eglMakeCurrent: 0xa0b853c0: ver 2 0 (tinfo 0xa0b832b0)
05-27 12:36:16.680  1389  1409 W audio_hw_generic: Not supplying enough data to HAL, expected position 395462 , only wrote 395280
05-27 12:36:16.688  3193  3213 D EGL_emulation: eglMakeCurrent: 0xa0b853c0: ver 2 0 (tinfo 0xa0b832b0)
05-27 12:36:16.690  1628  1849 I WindowManager: Destroying surface Surface(name=com.android.chrome/org.chromium.chrome.browser.ChromeTabbedActivity) called by com.android.server.wm.WindowStateAnimator.destroySurface:2016 com.android.server.wm.WindowStateAnimator.destroySurfaceLocked:882 com.android.server.wm.WindowState.removeLocked:1456 com.android.server.wm.WindowManagerService.removeWindowInnerLocked:2484 com.android.server.wm.WindowManagerService.removeWindowLocked:2442 com.android.server.wm.WindowManagerService.removeWindowLocked:2311 com.android.server.wm.WindowManagerService.removeWindow:2306 com.android.server.wm.Session.remove:202 
05-27 12:36:16.706  3193  3213 D EGL_emulation: eglMakeCurrent: 0xa0b853c0: ver 2 0 (tinfo 0xa0b832b0)
05-27 12:36:16.708  1719  1903 D EGL_emulation: eglMakeCurrent: 0xa0b856c0: ver 2 0 (tinfo 0xa0b83350)
05-27 12:36:16.735  1719  1903 D EGL_emulation: eglMakeCurrent: 0xa0b856c0: ver 2 0 (tinfo 0xa0b83350)
05-27 12:36:16.743  1719  1903 D EGL_emulation: eglMakeCurrent: 0xa0b856c0: ver 2 0 (tinfo 0xa0b83350)
05-27 12:36:16.760  1719  1903 D EGL_emulation: eglMakeCurrent: 0xa0b856c0: ver 2 0 (tinfo 0xa0b83350)
05-27 12:36:16.767  1719  1903 D EGL_emulation: eglMakeCurrent: 0xa0b856c0: ver 2 0 (tinfo 0xa0b83350)
05-27 12:36:16.774  1719  1903 D EGL_emulation: eglMakeCurrent: 0xa0b856c0: ver 2 0 (tinfo 0xa0b83350)
05-27 12:36:16.781  1719  1903 D EGL_emulation: eglMakeCurrent: 0xa0b856c0: ver 2 0 (tinfo 0xa0b83350)
05-27 12:36:16.792  1719  1903 D EGL_emulation: eglMakeCurrent: 0xa0b856c0: ver 2 0 (tinfo 0xa0b83350)
05-27 12:36:16.801  1719  1903 D EGL_emulation: eglMakeCurrent: 0xa0b856c0: ver 2 0 (tinfo 0xa0b83350)
05-27 12:36:16.816  1719  1903 D EGL_emulation: eglMakeCurrent: 0xa0b856c0: ver 2 0 (tinfo 0xa0b83350)
05-27 12:36:16.832  1719  1903 D EGL_emulation: eglMakeCurrent: 0xa0b856c0: ver 2 0 (tinfo 0xa0b83350)
05-27 12:36:16.841  1719  1903 D EGL_emulation: eglMakeCurrent: 0xa0b856c0: ver 2 0 (tinfo 0xa0b83350)
05-27 12:36:16.851  1719  1903 D EGL_emulation: eglMakeCurrent: 0xa0b856c0: ver 2 0 (tinfo 0xa0b83350)
05-27 12:36:16.864  1719  1903 D EGL_emulation: eglMakeCurrent: 0xa0b856c0: ver 2 0 (tinfo 0xa0b83350)
05-27 12:36:16.880  1719  1903 D EGL_emulation: eglMakeCurrent: 0xa0b856c0: ver 2 0 (tinfo 0xa0b83350)
05-27 12:36:16.890  1719  1903 D EGL_emulation: eglMakeCurrent: 0xa0b856c0: ver 2 0 (tinfo 0xa0b83350)
05-27 12:36:16.912  1719  1903 D EGL_emulation: eglMakeCurrent: 0xa0b856c0: ver 2 0 (tinfo 0xa0b83350)
05-27 12:36:16.915  1719  1903 D EGL_emulation: eglMakeCurrent: 0xa0b856c0: ver 2 0 (tinfo 0xa0b83350)
05-27 12:36:16.932  1719  1903 D EGL_emulation: eglMakeCurrent: 0xa0b856c0: ver 2 0 (tinfo 0xa0b83350)
05-27 12:36:16.947  1719  1903 D EGL_emulation: eglMakeCurrent: 0xa0b856c0: ver 2 0 (tinfo 0xa0b83350)
05-27 12:36:19.020  1719  1903 D EGL_emulation: eglMakeCurrent: 0xa0b856c0: ver 2 0 (tinfo 0xa0b83350)
05-27 12:36:19.225  1628  1663 I ActivityManager: START u0 {act=android.intent.action.MAIN cat=[android.intent.category.HOME] flg=0x10200000 cmp=com.android.launcher3/.Launcher (has extras)} from uid 1000 on display 0
05-27 12:36:19.249  1342  1349 D gralloc_ranchu: gralloc_alloc: Creating ashmem region of size 2691072
05-27 12:36:19.258  1628  1663 D         : HostConnection::get() New Host Connection established 0x8de83dc0, tid 1663
05-27 12:36:19.263  1342  1342 E EGL_emulation: tid 1342: eglCreateSyncKHR(1901): error 0x3004 (EGL_BAD_ATTRIBUTE)
05-27 12:36:19.296  3193  3193 D cr_GCore: [LifecycleHook.java:73] onApplicationStateChange
05-27 12:36:19.299  3193  3269 E ConnectivityManager.CallbackHandler: callback not found for RELEASED message
05-27 12:36:19.302  3193  3213 D EGL_emulation: eglMakeCurrent: 0xa0b853c0: ver 2 0 (tinfo 0xa0b832b0)
05-27 12:36:19.307  3193  3193 D cr_GCore: [LifecycleHook.java:73] onApplicationStateChange
05-27 12:36:19.307  3193  3193 D cr_GCore: [LifecycleHook.java:79] Application visibilty changed to false. Updating state of 1 client(s).
05-27 12:36:19.315  3193  3193 D cr_tabmodel: [TabPersistentStore.java:679] Serializing tab lists; counts: 1, 0, 0
05-27 12:36:19.328  3245  3264 D EGL_emulation: eglMakeCurrent: 0xa0b85600: ver 2 0 (tinfo 0xa0b83640)
05-27 12:36:19.328  3193  3193 I cr_BindingManager: onTrimMemory: level=20, size=0
05-27 12:36:19.332  3245  3264 D EGL_emulation: eglMakeCurrent: 0xa0b852a0: ver 2 0 (tinfo 0xa0b83640)
05-27 12:36:19.351  2102  2172 D EGL_emulation: eglMakeCurrent: 0xa0b85240: ver 2 0 (tinfo 0xa0b83200)
05-27 12:36:19.363  3245  3264 D EGL_emulation: eglMakeCurrent: 0xa0b857e0: ver 2 0 (tinfo 0xa0b83640)
05-27 12:36:19.853  2102  2172 W OpenGLRenderer: Incorrectly called buildLayer on View: ShortcutAndWidgetContainer, destroying layer...
05-27 12:36:22.426  1389  1410 W audio_hw_generic: Not supplying enough data to HAL, expected position 944908 , only wrote 671040
05-27 12:36:23.149  1389  1409 W audio_hw_generic: Not supplying enough data to HAL, expected position 671288 , only wrote 671040
05-27 12:36:24.356  3193  3193 D cr_GCore: [GoogleApiClientHelper.java:185] Disconnect delay expired.
05-27 12:36:26.376  1389  1410 W audio_hw_generic: Not supplying enough data to HAL, expected position 978857 , only wrote 825840
05-27 12:36:27.232  1628  2868 I ActivityManager: START u0 {act=android.intent.action.MAIN cat=[android.intent.category.LAUNCHER] flg=0x10200000 cmp=com.google.android.apps.maps/com.google.android.maps.MapsActivity (has extras)} from uid 10019 on display 0
05-27 12:36:27.239  1389  1409 W audio_hw_generic: Not supplying enough data to HAL, expected position 826057 , only wrote 825840
05-27 12:36:27.250  3359  3359 W art     : Unexpected CPU variant for X86 using defaults: x86
05-27 12:36:27.256  1628  1708 I ActivityManager: Start proc 3359:com.google.android.apps.maps/u0a58 for activity com.google.android.apps.maps/com.google.android.maps.MapsActivity
05-27 12:36:27.281  3359  3359 W System  : ClassLoader referenced unknown path: /system/app/Maps/lib/x86
05-27 12:36:27.296  1342  1349 D gralloc_ranchu: gralloc_alloc: Creating ashmem region of size 7753728
05-27 12:36:27.399  2102  2172 D EGL_emulation: eglMakeCurrent: 0xa0b85240: ver 2 0 (tinfo 0xa0b83200)
05-27 12:36:27.724  3359  3359 W System  : ClassLoader referenced unknown path: /system/priv-app/PrebuiltGmsCore/lib/x86
05-27 12:36:27.732  3359  3359 W System  : ClassLoader referenced unknown path: /system/priv-app/PrebuiltGmsCore/lib/x86
05-27 12:36:27.732  3359  3359 W System  : ClassLoader referenced unknown path: /system/priv-app/PrebuiltGmsCore/lib/x86
05-27 12:36:27.734  3359  3359 W System  : ClassLoader referenced unknown path: /system/priv-app/PrebuiltGmsCore/lib/x86
05-27 12:36:27.735  3359  3359 W System  : ClassLoader referenced unknown path: /system/priv-app/PrebuiltGmsCore/lib/x86
05-27 12:36:27.738  3359  3359 W linker  : /data/user_de/0/com.google.android.gms/app_extracted_libs/x86/libconscrypt_gmscore_jni.so: unused DT entry: type 0xf arg 0x91
05-27 12:36:27.739  3359  3359 V NativeCrypto: Registering com/google/android/gms/org/conscrypt/NativeCrypto's 276 native methods...
05-27 12:36:27.746  3359  3359 D NetworkSecurityConfig: No Network Security Config specified, using platform default
05-27 12:36:27.748  3359  3359 I ProviderInstaller: Installed default security provider GmsCore_OpenSSL
05-27 12:36:27.883  3359  3369 I art     : Background sticky concurrent mark sweep GC freed 26230(1783KB) AllocSpace objects, 4(80KB) LOS objects, 33% free, 5MB/8MB, paused 9.665ms total 44.232ms
05-27 12:36:27.891  3359  3359 D         : HostConnection::get() New Host Connection established 0x9c3b42c0, tid 3359
05-27 12:36:27.901  3359  3359 D EGL_emulation: eglCreateContext: 0x9e1f9c20: maj 2 min 0 rcv 2
05-27 12:36:27.903  3359  3359 D EGL_emulation: eglMakeCurrent: 0x9e1f9c20: ver 2 0 (tinfo 0xa7d30530)
05-27 12:36:27.950  3359  3379 D         : HostConnection::get() New Host Connection established 0x9c3b48c0, tid 3379
05-27 12:36:27.959  3359  3379 D EGL_emulation: eglCreateContext: 0x9e1f8c60: maj 2 min 0 rcv 2
05-27 12:36:27.961  3359  3379 D EGL_emulation: eglMakeCurrent: 0x9e1f8c60: ver 2 0 (tinfo 0x9c3c5390)
05-27 12:36:28.023  1342  2002 E SurfaceFlinger: ro.sf.lcd_density must be defined as a build property
05-27 12:36:28.087  3359  3400 I OpenGLRenderer: Initialized EGL, version 1.4
05-27 12:36:28.087  3359  3400 D OpenGLRenderer: Swap behavior 1
05-27 12:36:28.088  3359  3400 D         : HostConnection::get() New Host Connection established 0x7f2e5dc0, tid 3400
05-27 12:36:28.093  3359  3400 W OpenGLRenderer: Failed to choose config with EGL_SWAP_BEHAVIOR_PRESERVED, retrying without...
05-27 12:36:28.093  3359  3400 D OpenGLRenderer: Swap behavior 0
05-27 12:36:28.102  3359  3400 D EGL_emulation: eglCreateContext: 0xa0b86320: maj 2 min 0 rcv 2
05-27 12:36:28.109  3359  3400 D EGL_emulation: eglMakeCurrent: 0xa0b86320: ver 2 0 (tinfo 0x89dca310)
05-27 12:36:28.119  2043  2277 W GCoreFlp: No location to return for getLastLocation()
05-27 12:36:28.131  2043  2277 W GCoreFlp: No location to return for getLastLocation()
05-27 12:36:28.141  3359  3400 D EGL_emulation: eglMakeCurrent: 0xa0b86320: ver 2 0 (tinfo 0x89dca310)
05-27 12:36:28.152  1628  2145 I GnssLocationProvider: WakeLock acquired by sendMessage(3, 0, com.android.server.location.GnssLocationProvider$GpsRequest@e5e8079)
05-27 12:36:28.152  1628  1640 I GnssLocationProvider: WakeLock released by handleMessage(3, 0, com.android.server.location.GnssLocationProvider$GpsRequest@e5e8079)
05-27 12:36:28.159  1719  1903 D EGL_emulation: eglMakeCurrent: 0xa0b856c0: ver 2 0 (tinfo 0xa0b83350)
05-27 12:36:28.175  2043  2277 W GCoreFlp: No location to return for getLastLocation()
05-27 12:36:28.223  1628  1648 I ActivityManager: Displayed com.google.android.apps.maps/com.google.android.maps.MapsActivity: +980ms
05-27 12:36:28.238  1719  1903 D EGL_emulation: eglMakeCurrent: 0xa0b856c0: ver 2 0 (tinfo 0xa0b83350)
05-27 12:36:28.420  1628  1648 I WindowManager: Destroying surface Surface(name=Starting com.google.android.apps.maps) called by com.android.server.wm.WindowStateAnimator.destroySurface:2016 com.android.server.wm.WindowStateAnimator.destroySurfaceLocked:882 com.android.server.wm.WindowState.destroyOrSaveSurface:2100 com.android.server.wm.AppWindowToken.destroySurfaces:363 com.android.server.wm.WindowStateAnimator.finishExit:565 com.android.server.wm.WindowStateAnimator.stepAnimationLocked:491 com.android.server.wm.WindowAnimator.updateWindowsLocked:303 com.android.server.wm.WindowAnimator.animateLocked:704 
05-27 12:36:28.521  1628  2138 I WindowManager: Destroying surface Surface(name=com.android.launcher3/com.android.launcher3.Launcher) called by com.android.server.wm.WindowStateAnimator.destroySurface:2016 com.android.server.wm.WindowStateAnimator.destroySurfaceLocked:882 com.android.server.wm.WindowState.destroyOrSaveSurface:2100 com.android.server.wm.AppWindowToken.destroySurfaces:363 com.android.server.wm.AppWindowToken.notifyAppStopped:389 com.android.server.wm.WindowManagerService.notifyAppStopped:4463 com.android.server.am.ActivityStack.activityStoppedLocked:1252 com.android.server.am.ActivityManagerService.activityStopped:6903 
05-27 12:36:28.592  3193  3240 D cr_SafeBrowsingApi: [SafeBrowsingApiHandler.java:140] Starting request.
05-27 12:36:28.592  3193  3240 D cr_GCore: [GoogleApiClientHelper.java:161] Reconnecting the client.
05-27 12:36:28.592  3193  3240 D cr_SafeBrowsingApi: [SafeBrowsingApiHandler.java:149] Done starting request
05-27 12:36:28.602  3193  3193 D cr_SafeBrowsingApi: [SafeBrowsingApiHandler.java:121] Done calling callback
05-27 12:36:28.755  2043  2706 W Herrevad: [105] tvy.c: Looking up Wifi info on a non-wifi device
05-27 12:36:30.427  3359  3359 W System  : ClassLoader referenced unknown path: 
05-27 12:36:30.427  3359  3359 W System  : ClassLoader referenced unknown path: /system/priv-app/PrebuiltGmsCore/lib/x86
05-27 12:36:30.431  3359  3359 W System  : ClassLoader referenced unknown path: /data/user_de/0/com.google.android.gms/app_chimera/m/00000001/n/x86
05-27 12:36:30.450  1389  1410 W audio_hw_generic: Not supplying enough data to HAL, expected position 1131986 , only wrote 979920
05-27 12:36:30.459  1389  1409 W audio_hw_generic: Not supplying enough data to HAL, expected position 980222 , only wrote 979920
05-27 12:36:30.487  1342  1381 D gralloc_ranchu: gralloc_alloc: Creating ashmem region of size 2691072
05-27 12:36:30.490  1628  2869 D         : HostConnection::get() New Host Connection established 0x910212c0, tid 2869
05-27 12:36:30.493  1342  1342 E EGL_emulation: tid 1342: eglCreateSyncKHR(1901): error 0x3004 (EGL_BAD_ATTRIBUTE)
05-27 12:36:30.551  1628  2131 I GnssLocationProvider: WakeLock acquired by sendMessage(3, 0, com.android.server.location.GnssLocationProvider$GpsRequest@b65afd2)
05-27 12:36:30.552  1628  1640 I GnssLocationProvider: WakeLock released by handleMessage(3, 0, com.android.server.location.GnssLocationProvider$GpsRequest@b65afd2)
05-27 12:36:30.555  1719  1903 D EGL_emulation: eglMakeCurrent: 0xa0b856c0: ver 2 0 (tinfo 0xa0b83350)
05-27 12:36:30.575  1719  1903 D EGL_emulation: eglMakeCurrent: 0xa0b856c0: ver 2 0 (tinfo 0xa0b83350)
05-27 12:36:30.604  2102  2172 D EGL_emulation: eglMakeCurrent: 0xa0b85240: ver 2 0 (tinfo 0xa0b83200)
05-27 12:36:30.670  3359  3400 D EGL_emulation: eglMakeCurrent: 0xa0b86320: ver 2 0 (tinfo 0x89dca310)
05-27 12:36:30.905  1628  1641 I ActivityManager: Killing 2689:com.google.process.gapps/u0a50 (adj 906): empty #17
05-27 12:36:30.912  1628  1977 D ActivityManager: cleanUpApplicationRecord -- 2689
05-27 12:36:31.070  1628  1648 I WindowManager: Destroying surface Surface(name=com.google.android.apps.maps/com.google.android.maps.MapsActivity) called by com.android.server.wm.WindowStateAnimator.destroySurface:2016 com.android.server.wm.WindowStateAnimator.destroySurfaceLocked:882 com.android.server.wm.WindowState.removeLocked:1456 com.android.server.wm.WindowManagerService.removeWindowInnerLocked:2484 com.android.server.wm.AppWindowToken.destroySurfaces:365 com.android.server.wm.WindowStateAnimator.finishExit:565 com.android.server.wm.WindowStateAnimator.stepAnimationLocked:491 com.android.server.wm.WindowAnimator.updateWindowsLocked:303 
05-27 12:36:33.630  3193  3193 D cr_GCore: [GoogleApiClientHelper.java:185] Disconnect delay expired.
05-27 12:36:33.670  1389  1410 W audio_hw_generic: Not supplying enough data to HAL, expected position 1286221 , only wrote 1134000
05-27 12:36:34.819  1628  2868 I ActivityManager: START u0 {act=android.intent.action.MAIN cat=[android.intent.category.LAUNCHER] flg=0x10200000 cmp=com.google.android.apps.photos/.home.HomeActivity (has extras)} from uid 10019 on display 0
05-27 12:36:34.827  1389  1409 W audio_hw_generic: Not supplying enough data to HAL, expected position 1134280 , only wrote 1134000
05-27 12:36:34.840  3417  3417 W art     : Unexpected CPU variant for X86 using defaults: x86
05-27 12:36:34.846  1628  2145 I ActivityManager: Start proc 3417:com.google.android.apps.photos/u0a63 for activity com.google.android.apps.photos/.home.HomeActivity
05-27 12:36:34.851  1628  1641 I ActivityManager: Killing 1838:com.android.settings/1000 (adj 906): empty #17
05-27 12:36:34.852  1628  1641 I ActivityManager: Killing 2445:com.android.vending/u0a21 (adj 906): empty #18
05-27 12:36:34.853  1628  1641 I ActivityManager: Killing 2820:com.google.android.gms.ui/u0a13 (adj 906): empty #19
05-27 12:36:34.863  1628  1978 D GraphicsStats: Buffer count: 5
05-27 12:36:34.865  1628  2131 D ActivityManager: cleanUpApplicationRecord -- 1838
05-27 12:36:34.876  3417  3417 W System  : ClassLoader referenced unknown path: /system/app/Photos/lib/x86
05-27 12:36:34.903  1628  2131 D ActivityManager: cleanUpApplicationRecord -- 2820
05-27 12:36:34.903  1628  1708 D ActivityManager: cleanUpApplicationRecord -- 2445
05-27 12:36:34.916  1342  1349 D gralloc_ranchu: gralloc_alloc: Creating ashmem region of size 8294400
05-27 12:36:35.026  2102  2172 D EGL_emulation: eglMakeCurrent: 0xa0b85240: ver 2 0 (tinfo 0xa0b83200)
05-27 12:36:35.163  3417  3417 W TrustedPartners: no provider found for com.motorola.camera.provider.bestshotprovider.BestShotProvider; do not trust
05-27 12:36:35.163  3417  3417 W TrustedPartners: no provider found for com.google.android.apps.photos.api.SpecialTypesProvider; do not trust
05-27 12:36:35.163  3417  3417 W TrustedPartners: no provider found for com.lge.photos.specialtypeprovider; do not trust
05-27 12:36:35.239  3417  3417 V NFC     : this device does not have NFC support
05-27 12:36:35.250  3417  3417 V MediaRouter: Adding route: RouteInfo{ name=Phone, description=null, status=null, category=RouteCategory{ name=null types=ROUTE_TYPE_LIVE_AUDIO ROUTE_TYPE_LIVE_VIDEO  groupable=false }, supportedTypes=ROUTE_TYPE_LIVE_AUDIO ROUTE_TYPE_LIVE_VIDEO , presentationDisplay=null }
05-27 12:36:35.253  3417  3417 V MediaRouter: Updating audio routes: AudioRoutesInfo{ type=SPEAKER }
05-27 12:36:35.255  3417  3417 V MediaRouter: Selecting route: RouteInfo{ name=Phone, description=null, status=null, category=RouteCategory{ name=null types=ROUTE_TYPE_LIVE_AUDIO ROUTE_TYPE_LIVE_VIDEO  groupable=false }, supportedTypes=ROUTE_TYPE_LIVE_AUDIO ROUTE_TYPE_LIVE_VIDEO , presentationDisplay=null }
05-27 12:36:35.315  1628  1849 I ActivityManager: START u0 {cmp=com.google.android.apps.photos/.onboarding.IntroActivity} from uid 10063 on display 0
05-27 12:36:35.332  1628  1882 D VoldConnector: SND -> {8 volume mkdirs /storage/emulated/0/Android/data/com.google.android.apps.photos/files/}
05-27 12:36:35.336  1628  1666 D VoldConnector: RCV <- {200 8 Command succeeded}
05-27 12:36:35.340  1628  1977 D VoldConnector: SND -> {9 volume mkdirs /storage/160B-0914/Android/data/com.google.android.apps.photos/files/}
05-27 12:36:35.343  1628  1666 D VoldConnector: RCV <- {200 9 Command succeeded}
05-27 12:36:35.363  1628  2145 I ActivityManager: START u0 {act=android.content.pm.action.REQUEST_PERMISSIONS pkg=com.google.android.packageinstaller cmp=com.google.android.packageinstaller/com.android.packageinstaller.permission.ui.GrantPermissionsActivity (has extras)} from uid 10063 on display 0
05-27 12:36:35.391  3417  3451 I GAv4    : Google Analytics 8.4.87 is starting up. To enable debug logging on a device run:
05-27 12:36:35.391  3417  3451 I GAv4    :   adb shell setprop log.tag.GAv4 DEBUG
05-27 12:36:35.391  3417  3451 I GAv4    :   adb logcat -s GAv4
05-27 12:36:35.401  3417  3451 W GAv4    : AnalyticsReceiver is not registered or is disabled. Register the receiver for reliable dispatching on non-Google Play devices. See http://goo.gl/8Rd3yj for instructions.
05-27 12:36:35.408  3417  3451 W GAv4    : CampaignTrackingReceiver is not registered, not exported or is disabled. Installation campaign tracking is not possible. See http://goo.gl/8Rd3yj for instructions.
05-27 12:36:35.422  3417  3456 W GAv4    : AnalyticsService not registered in the app manifest. Hits might not be delivered reliably. See http://goo.gl/8Rd3yj for instructions.
05-27 12:36:35.431  3417  3417 V MediaRouter: Selecting route: RouteInfo{ name=Phone, description=null, status=null, category=RouteCategory{ name=null types=ROUTE_TYPE_LIVE_AUDIO ROUTE_TYPE_LIVE_VIDEO  groupable=false }, supportedTypes=ROUTE_TYPE_LIVE_AUDIO ROUTE_TYPE_LIVE_VIDEO , presentationDisplay=null }
05-27 12:36:35.441  3459  3459 W art     : Unexpected CPU variant for X86 using defaults: x86
05-27 12:36:35.448  1628  1639 I ActivityManager: Start proc 3459:com.google.android.packageinstaller/u0a17 for activity com.google.android.packageinstaller/com.android.packageinstaller.permission.ui.GrantPermissionsActivity
05-27 12:36:35.461  1628  1639 W ActivityManager: Permission Denial: Accessing service ComponentInfo{com.google.android.music/com.google.android.music.dial.DialMediaRouteProviderService} from pid=3417, uid=10063 that is not exported from uid 10059
05-27 12:36:35.468  3459  3459 W System  : ClassLoader referenced unknown path: /system/priv-app/GooglePackageInstaller/lib/x86
05-27 12:36:35.478  1342  3177 E SurfaceFlinger: ro.sf.lcd_density must be defined as a build property
05-27 12:36:35.483  3417  3417 D         : HostConnection::get() New Host Connection established 0x9e1e0d80, tid 3417
05-27 12:36:35.550  3417  3417 E ClearcutLoggerApiImpl: MessageNanoProducer nuf@268da4 threw: java.lang.NullPointerException
05-27 12:36:35.558  1342  3177 E SurfaceFlinger: ro.sf.lcd_density must be defined as a build property
05-27 12:36:35.562  3459  3459 D         : HostConnection::get() New Host Connection established 0x9f4c9fc0, tid 3459
05-27 12:36:35.574  3417  3473 D         : HostConnection::get() New Host Connection established 0x9f4c9c00, tid 3473
05-27 12:36:35.585  3417  3473 I OpenGLRenderer: Initialized EGL, version 1.4
05-27 12:36:35.585  3417  3473 D OpenGLRenderer: Swap behavior 1
05-27 12:36:35.586  3417  3473 W OpenGLRenderer: Failed to choose config with EGL_SWAP_BEHAVIOR_PRESERVED, retrying without...
05-27 12:36:35.586  3417  3473 D OpenGLRenderer: Swap behavior 0
05-27 12:36:35.595  2222  2222 W DiscoveryManager: BroadcastReceiver is already registered
05-27 12:36:35.596  2222  2401 I DiscoveryManager: Filter criteria(96084372,233637DE) scannerFlags(2)
05-27 12:36:35.600  2222  2401 W MdnsClient_Cast: Multicast lock held. Releasing. Subtypes:"233637DE"
05-27 12:36:35.604  2222  2401 W MdnsClient_Cast: #acquireLock. Multicast lock not held. Acquiring. Subtypes:"96084372,233637DE"
05-27 12:36:35.609  3417  3473 D EGL_emulation: eglCreateContext: 0xa0b865c0: maj 2 min 0 rcv 2
05-27 12:36:35.611  3417  3473 D EGL_emulation: eglMakeCurrent: 0xa0b865c0: ver 2 0 (tinfo 0xa0b83a80)
05-27 12:36:35.623  3417  3473 D EGL_emulation: eglMakeCurrent: 0xa0b865c0: ver 2 0 (tinfo 0xa0b83a80)
05-27 12:36:35.647  3459  3475 D         : HostConnection::get() New Host Connection established 0x9c4e7280, tid 3475
05-27 12:36:35.663  3459  3475 I OpenGLRenderer: Initialized EGL, version 1.4
05-27 12:36:35.663  3459  3475 D OpenGLRenderer: Swap behavior 1
05-27 12:36:35.664  3459  3475 W OpenGLRenderer: Failed to choose config with EGL_SWAP_BEHAVIOR_PRESERVED, retrying without...
05-27 12:36:35.664  3459  3475 D OpenGLRenderer: Swap behavior 0
05-27 12:36:35.688  3459  3475 D EGL_emulation: eglCreateContext: 0xa0b850c0: maj 2 min 0 rcv 2
05-27 12:36:35.708  3459  3475 D EGL_emulation: eglMakeCurrent: 0xa0b850c0: ver 2 0 (tinfo 0xa0b83220)
05-27 12:36:35.740  3459  3475 D EGL_emulation: eglMakeCurrent: 0xa0b850c0: ver 2 0 (tinfo 0xa0b83220)
05-27 12:36:35.760  1628  1648 I ActivityManager: Displayed com.google.android.apps.photos/.onboarding.IntroActivity: +312ms (total +928ms)
05-27 12:36:35.871  1628  1648 I ActivityManager: Displayed com.google.android.packageinstaller/com.android.packageinstaller.permission.ui.GrantPermissionsActivity: +434ms
05-27 12:36:35.953  1628  1648 I WindowManager: Destroying surface Surface(name=Starting com.google.android.apps.photos) called by com.android.server.wm.WindowStateAnimator.destroySurface:2016 com.android.server.wm.WindowStateAnimator.destroySurfaceLocked:882 com.android.server.wm.WindowState.destroyOrSaveSurface:2100 com.android.server.wm.AppWindowToken.destroySurfaces:363 com.android.server.wm.WindowStateAnimator.finishExit:565 com.android.server.wm.WindowStateAnimator.stepAnimationLocked:491 com.android.server.wm.WindowAnimator.updateWindowsLocked:303 com.android.server.wm.WindowAnimator.animateLocked:704 
05-27 12:36:36.270  1628  2868 I WindowManager: Destroying surface Surface(name=com.android.launcher3/com.android.launcher3.Launcher) called by com.android.server.wm.WindowStateAnimator.destroySurface:2016 com.android.server.wm.WindowStateAnimator.destroySurfaceLocked:882 com.android.server.wm.WindowState.destroyOrSaveSurface:2100 com.android.server.wm.AppWindowToken.destroySurfaces:363 com.android.server.wm.AppWindowToken.notifyAppStopped:389 com.android.server.wm.WindowManagerService.notifyAppStopped:4463 com.android.server.am.ActivityStack.activityStoppedLocked:1252 com.android.server.am.ActivityManagerService.activityStopped:6903 
05-27 12:36:38.022  1389  1410 W audio_hw_generic: Not supplying enough data to HAL, expected position 1438719 , only wrote 1287360
05-27 12:36:38.046  1628  1977 D VoldConnector: SND -> {10 volume remount_uid 10063 read}
05-27 12:36:38.046  1295  1332 D vold    : Remounting 10063 as mode read
05-27 12:36:38.047  1628  1628 I GnssLocationProvider: WakeLock acquired by sendMessage(3, 0, com.android.server.location.GnssLocationProvider$GpsRequest@8a66b24)
05-27 12:36:38.050  1295  1332 D vold    : Found matching PID 3417
05-27 12:36:38.050  1628  1640 I GnssLocationProvider: WakeLock released by handleMessage(3, 0, com.android.server.location.GnssLocationProvider$GpsRequest@8a66b24)
05-27 12:36:38.052  1389  1409 W audio_hw_generic: Not supplying enough data to HAL, expected position 1287576 , only wrote 1287360
05-27 12:36:38.090  1628  1666 D VoldConnector: RCV <- {200 10 Command succeeded}
05-27 12:36:38.091  1628  1639 D VoldConnector: SND -> {11 volume remount_uid 10063 write}
05-27 12:36:38.091  1295  1332 D vold    : Remounting 10063 as mode write
05-27 12:36:38.092  1628  1628 I GnssLocationProvider: WakeLock acquired by sendMessage(3, 0, com.android.server.location.GnssLocationProvider$GpsRequest@558c68d)
05-27 12:36:38.093  1295  1332 D vold    : Found matching PID 3417
05-27 12:36:38.094  1628  1640 I GnssLocationProvider: WakeLock released by handleMessage(3, 0, com.android.server.location.GnssLocationProvider$GpsRequest@558c68d)
05-27 12:36:38.150  1628  1666 D VoldConnector: RCV <- {200 11 Command succeeded}
05-27 12:36:38.237  3459  3475 D EGL_emulation: eglMakeCurrent: 0xa0b850c0: ver 2 0 (tinfo 0xa0b83220)
05-27 12:36:38.238  3459  3475 D OpenGLRenderer: endAllActiveAnimators on 0x9c384180 (RippleDrawable) with handle 0xa0b6c380
05-27 12:36:38.317  1628  2869 I ActivityManager: Killing 2030:android.process.acore/u0a1 (adj 906): empty #17
05-27 12:36:38.323  1628  1849 D CountryDetector: No listener is left
05-27 12:36:38.323  1628  2131 D ActivityManager: cleanUpApplicationRecord -- 2030
05-27 12:36:38.419  1628  1648 I WindowManager: Destroying surface Surface(name=com.google.android.packageinstaller/com.android.packageinstaller.permission.ui.GrantPermissionsActivity) called by com.android.server.wm.WindowStateAnimator.destroySurface:2016 com.android.server.wm.WindowStateAnimator.destroySurfaceLocked:882 com.android.server.wm.WindowState.destroyOrSaveSurface:2100 com.android.server.wm.AppWindowToken.destroySurfaces:363 com.android.server.wm.WindowStateAnimator.finishExit:565 com.android.server.wm.WindowStateAnimator.stepAnimationLocked:491 com.android.server.wm.WindowAnimator.updateWindowsLocked:303 com.android.server.wm.WindowAnimator.animateLocked:704 
05-27 12:36:38.436  1342  1342 W SurfaceFlinger: couldn't log to binary event log: overflow.
05-27 12:36:41.294  1389  1410 W audio_hw_generic: Not supplying enough data to HAL, expected position 1596500 , only wrote 1442880
05-27 12:36:46.634  1389  1409 W audio_hw_generic: Not supplying enough data to HAL, expected position 1443206 , only wrote 1442880
05-27 12:36:46.657  1628  1708 I ActivityManager: START u0 {cmp=com.google.android.apps.photos/.onboarding.SignInActivity (has extras)} from uid 10063 on display 0
05-27 12:36:46.696  2222  3491 I iu.UploadsManager: #reloadSettings(); account: -1; IU: disabled; IS: disabled; IS account: -1; photoWiFi: true; videoWiFi: true; roam: false; battery: true; size: STANDARD; maxMobile: 157286400
05-27 12:36:46.722  2222  3491 I iu.UploadsManager: End new media; added: 0, uploading: 0, time: 26 ms
05-27 12:36:46.774  3417  3457 E SQLiteLog: (1) no such table: media_store_extension
05-27 12:36:46.790  3417  3473 D EGL_emulation: eglMakeCurrent: 0xa0b865c0: ver 2 0 (tinfo 0xa0b83a80)
05-27 12:36:46.821  3417  3473 D EGL_emulation: eglMakeCurrent: 0xa0b865c0: ver 2 0 (tinfo 0xa0b83a80)
05-27 12:36:46.839  3417  3473 D EGL_emulation: eglMakeCurrent: 0xa0b865c0: ver 2 0 (tinfo 0xa0b83a80)
05-27 12:36:46.858  1628  1648 I ActivityManager: Displayed com.google.android.apps.photos/.onboarding.SignInActivity: +188ms
05-27 12:36:47.193  1628  2868 I WindowManager: Destroying surface Surface(name=com.google.android.apps.photos/com.google.android.apps.photos.onboarding.IntroActivity) called by com.android.server.wm.WindowStateAnimator.destroySurface:2016 com.android.server.wm.WindowStateAnimator.destroySurfaceLocked:882 com.android.server.wm.WindowState.removeLocked:1456 com.android.server.wm.WindowManagerService.removeWindowInnerLocked:2484 com.android.server.wm.WindowManagerService.removeWindowLocked:2442 com.android.server.wm.WindowManagerService.removeWindowLocked:2311 com.android.server.wm.WindowManagerService.removeWindow:2306 com.android.server.wm.Session.remove:202 
05-27 12:36:47.202  1342  1342 W SurfaceFlinger: couldn't log to binary event log: overflow.
05-27 12:36:48.025  2043  2866 I HeterodyneSyncScheduler: Scheduling Phenotype for a PhenotypeSyncImmediately(6, com.google.android.apps.maps) one off with window [1, 2] in seconds
05-27 12:36:48.038  3359  3379 W com.google.a.a.b.d.a: Application name is not set. Call Builder#setApplicationName.
05-27 12:36:48.756  3417  3417 E RecyclerView: No adapter attached; skipping layout
05-27 12:36:48.798  3417  3473 D EGL_emulation: eglMakeCurrent: 0xa0b865c0: ver 2 0 (tinfo 0xa0b83a80)
05-27 12:36:48.894  2222  2401 I iu.UploadsManager: #reloadSettings(); account: -1; IU: disabled; IS: disabled; IS account: -1; photoWiFi: true; videoWiFi: true; roam: false; battery: true; size: STANDARD; maxMobile: 157286400
05-27 12:36:48.898  2222  2401 I iu.UploadsManager: #reloadSettings(); account: -1; IU: disabled; IS: disabled; IS account: -1; photoWiFi: true; videoWiFi: true; roam: false; battery: true; size: STANDARD; maxMobile: 157286400
05-27 12:36:48.946  3417  3508 E SQLiteLog: (1) no such table: size
05-27 12:36:49.000  3417  3511 W DiskCache: Clearing cache and deleting all entries!
05-27 12:36:49.171  1628  1882 I WindowManager: Destroying surface Surface(name=com.google.android.apps.photos/com.google.android.apps.photos.onboarding.SignInActivity) called by com.android.server.wm.WindowStateAnimator.destroySurface:2016 com.android.server.wm.WindowStateAnimator.destroySurfaceLocked:882 com.android.server.wm.WindowState.removeLocked:1456 com.android.server.wm.WindowManagerService.removeWindowInnerLocked:2484 com.android.server.wm.WindowManagerService.removeWindowLocked:2442 com.android.server.wm.WindowManagerService.removeWindowLocked:2311 com.android.server.wm.WindowManagerService.removeWindow:2306 com.android.server.wm.Session.remove:202 
05-27 12:36:49.186  1342  1342 W SurfaceFlinger: couldn't log to binary event log: overflow.
05-27 12:36:51.021  3417  3417 W View    : requestLayout() improperly called by android.widget.FrameLayout{ab95303 V.E...... ......I. 0,0-1080,1920 #7f0d0492 app:id/cast_video_controls_fragment_container} during layout: running second layout pass
05-27 12:36:51.263  3417  3417 W View    : requestLayout() improperly called by android.support.v7.widget.RecyclerView{79a682c VFE...... ......ID 0,0-1080,116 #7f0d04cc app:id/photos_burst_fragment_pager} during layout: running second layout pass
05-27 12:36:51.263  3417  3417 W View    : requestLayout() improperly called by android.support.v7.widget.RecyclerView{683f2f5 VFE...... ......ID 0,0-1080,116 #7f0d04cc app:id/photos_burst_fragment_pager} during layout: running second layout pass
05-27 12:36:51.269  3417  3519 D         : HostConnection::get() New Host Connection established 0x8aab5d40, tid 3519
05-27 12:36:51.284  3417  3519 D EGL_emulation: eglCreateContext: 0x9c4c97a0: maj 2 min 0 rcv 2
05-27 12:36:51.326  3417  3519 D EGL_emulation: eglMakeCurrent: 0x9c4c97a0: ver 2 0 (tinfo 0x89b23740)
05-27 12:36:51.332  3417  3519 E libc    : Access denied finding property "ro.opengles.version"
05-27 12:36:51.324  3417  3417 W com.google.android.apps.photos: type=1400 audit(0.0:766): avc: denied { read } for comm=474C54687265616420323539 name="u:object_r:opengles_prop:s0" dev="tmpfs" ino=4015 scontext=u:r:untrusted_app:s0:c512,c768 tcontext=u:object_r:opengles_prop:s0 tclass=file permissive=0
05-27 12:36:53.064  2043  2043 I GoogleURLConnFactory: Using platform SSLCertificateSocketFactory
05-27 12:36:53.121  1628  1663 I ActivityManager: START u0 {act=android.intent.action.MAIN cat=[android.intent.category.HOME] flg=0x10200000 cmp=com.android.launcher3/.Launcher (has extras)} from uid 1000 on display 0
05-27 12:36:53.149  1342  1350 D gralloc_ranchu: gralloc_alloc: Creating ashmem region of size 2691072
05-27 12:36:53.156  1342  1342 E EGL_emulation: tid 1342: eglCreateSyncKHR(1901): error 0x3004 (EGL_BAD_ATTRIBUTE)
05-27 12:36:53.194  2222  2222 W DiscoveryManager: BroadcastReceiver is already registered
05-27 12:36:53.195  2222  2401 I DiscoveryManager: Filter criteria(96084372,5FD0CDC9,233637DE) scannerFlags(0)
05-27 12:36:53.195  1628  1882 W ActivityManager: Permission Denial: Accessing service ComponentInfo{com.google.android.music/com.google.android.music.dial.DialMediaRouteProviderService} from pid=3417, uid=10063 that is not exported from uid 10059
05-27 12:36:53.200  2222  2401 W MdnsClient_Cast: Multicast lock held. Releasing. Subtypes:"96084372,233637DE"
05-27 12:36:53.203  2222  2401 W MdnsClient_Cast: #acquireLock. Multicast lock not held. Acquiring. Subtypes:"5FD0CDC9,96084372,233637DE"
05-27 12:36:53.235  3417  3473 D EGL_emulation: eglMakeCurrent: 0xa0b865c0: ver 2 0 (tinfo 0xa0b83a80)
05-27 12:36:53.393  2102  2172 D EGL_emulation: eglMakeCurrent: 0xa0b85240: ver 2 0 (tinfo 0xa0b83200)
05-27 12:36:53.480  1628  1648 I WindowManager: Destroying surface Surface(name=com.android.launcher3/com.android.launcher3.Launcher) called by com.android.server.wm.WindowStateAnimator.destroyDeferredSurfaceLocked:911 com.android.server.wm.WindowStateAnimator.destroyPreservedSurfaceLocked:663 com.android.server.wm.WindowManagerService.destroyPreservedSurfaceLocked:8655 com.android.server.wm.WindowAnimator.animateLocked:792 com.android.server.wm.WindowAnimator.-wrap0:-1 com.android.server.wm.WindowAnimator$1.doFrame:140 android.view.Choreographer$CallbackRecord.run:869 android.view.Choreographer.doCallbacks:683 
05-27 12:36:53.708  2043  3523 I HeterodyneSyncScheduler: Scheduling adaptive one off task with window [14400, 604800] in seconds
05-27 12:36:53.783  2043  3536 W ConfigurationChimeraPro: Got null configs for com.google.android.gms.auth.account.base
05-27 12:36:53.792  2043  2043 W ConfigurationChimeraPro: Got null configs for com.google.android.gms.common_auth
05-27 12:36:53.793  2043  2043 I Auth    : [ReflectiveChannelBinder] Successfully bound channel!
05-27 12:36:53.848  2043  3537 I GoogleURLConnFactory: Using platform SSLCertificateSocketFactory
05-27 12:36:53.860  2043  3537 I GoogleURLConnFactory: Using platform SSLCertificateSocketFactory
05-27 12:36:53.886  2102  2172 W OpenGLRenderer: Incorrectly called buildLayer on View: ShortcutAndWidgetContainer, destroying layer...
05-27 12:36:54.004  2766  2766 W Binder:2766_1: type=1400 audit(0.0:767): avc: denied { read } for name="/" dev="tmpfs" ino=4097 scontext=u:r:priv_app:s0:c512,c768 tcontext=u:object_r:device:s0 tclass=dir permissive=0
05-27 12:36:54.029  2766  2777 D EGL_emulation: eglCreateContext: 0xa0b85de0: maj 2 min 0 rcv 2
05-27 12:36:54.030  2766  2777 D EGL_emulation: eglMakeCurrent: 0xa0b85de0: ver 2 0 (tinfo 0xa0b83650)
05-27 12:36:54.062  2766  2777 D EGL_emulation: eglCreateContext: 0xa0b85f00: maj 2 min 0 rcv 2
05-27 12:36:54.065  2766  2777 D EGL_emulation: eglMakeCurrent: 0xa0b85f00: ver 2 0 (tinfo 0xa0b83650)
05-27 12:36:54.168  2043  2866 W ConfigurationChimeraPro: Got null configs for com.google.android.gms.auth.account.base
05-27 12:36:54.430  2043  2336 W Conscrypt: Could not set socket write timeout:
05-27 12:36:54.430  2043  2336 W Conscrypt:    java.lang.reflect.Method.invoke(Native Method)
05-27 12:36:54.430  2043  2336 W Conscrypt:    com.google.android.gms.org.conscrypt.Platform.setSocketWriteTimeout(:com.google.android.gms@11743470:13)
05-27 12:36:54.468  2043  2336 W Conscrypt: Could not set socket write timeout:
05-27 12:36:54.468  2043  2336 W Conscrypt:    java.lang.reflect.Method.invoke(Native Method)
05-27 12:36:54.468  2043  2336 W Conscrypt:    com.google.android.gms.org.conscrypt.Platform.setSocketWriteTimeout(:com.google.android.gms@11743470:13)
05-27 12:36:54.579  2043  2866 W GLSUser : [AppCertManager] Failed to get security token.
05-27 12:36:54.579  2043  2866 W GLSUser : java.io.IOException: INVALID_SENDER
05-27 12:36:54.579  2043  2866 W GLSUser : 	at vfm.b(:com.google.android.gms@11743470:39)
05-27 12:36:54.579  2043  2866 W GLSUser : 	at vfm.a(:com.google.android.gms@11743470:47)
05-27 12:36:54.579  2043  2866 W GLSUser : 	at vfj.b(:com.google.android.gms@11743470:11)
05-27 12:36:54.579  2043  2866 W GLSUser : 	at vfj.a(:com.google.android.gms@11743470:29)
05-27 12:36:54.579  2043  2866 W GLSUser : 	at eyw.b(:com.google.android.gms@11743470:4)
05-27 12:36:54.579  2043  2866 W GLSUser : 	at eyw.a(:com.google.android.gms@11743470:56)
05-27 12:36:54.579  2043  2866 W GLSUser : 	at eyu.a(:com.google.android.gms@11743470:8)
05-27 12:36:54.579  2043  2866 W GLSUser : 	at eyq.a(:com.google.android.gms@11743470:1)
05-27 12:36:54.579  2043  2866 W GLSUser : 	at eyp.a(:com.google.android.gms@11743470:10)
05-27 12:36:54.579  2043  2866 W GLSUser : 	at com.google.android.gms.auth.account.be.legacy.AuthCronChimeraService.b(:com.google.android.gms@11743470:7)
05-27 12:36:54.579  2043  2866 W GLSUser : 	at edr.call(:com.google.android.gms@11743470:3)
05-27 12:36:54.579  2043  2866 W GLSUser : 	at java.util.concurrent.FutureTask.run(FutureTask.java:237)
05-27 12:36:54.579  2043  2866 W GLSUser : 	at mmu.run(:com.google.android.gms@11743470:26)
05-27 12:36:54.579  2043  2866 W GLSUser : 	at java.util.concurrent.ThreadPoolExecutor.runWorker(ThreadPoolExecutor.java:1133)
05-27 12:36:54.579  2043  2866 W GLSUser : 	at java.util.concurrent.ThreadPoolExecutor$Worker.run(ThreadPoolExecutor.java:607)
05-27 12:36:54.579  2043  2866 W GLSUser : 	at mse.run(:com.google.android.gms@11743470)
05-27 12:36:54.579  2043  2866 W GLSUser : 	at java.lang.Thread.run(Thread.java:761)
05-27 12:36:54.630  2043  2866 W Conscrypt: Could not set socket write timeout:
05-27 12:36:54.630  2043  2866 W Conscrypt:    java.lang.reflect.Method.invoke(Native Method)
05-27 12:36:54.631  2043  2866 W Conscrypt:    com.google.android.gms.org.conscrypt.Platform.setSocketWriteTimeout(:com.google.android.gms@11743470:13)
05-27 12:36:54.666  2043  2866 W Conscrypt: Could not set socket write timeout:
05-27 12:36:54.666  2043  2866 W Conscrypt:    java.lang.reflect.Method.invoke(Native Method)
05-27 12:36:54.666  2043  2866 W Conscrypt:    com.google.android.gms.org.conscrypt.Platform.setSocketWriteTimeout(:com.google.android.gms@11743470:13)
05-27 12:36:54.779  2043  2866 W GLSUser : [AppCertManager] IOException while requesting key: 
05-27 12:36:54.779  2043  2866 W GLSUser : java.io.IOException: Invalid device key response.
05-27 12:36:54.779  2043  2866 W GLSUser : 	at eyw.a(:com.google.android.gms@11743470:14)
05-27 12:36:54.779  2043  2866 W GLSUser : 	at eyw.a(:com.google.android.gms@11743470:65)
05-27 12:36:54.779  2043  2866 W GLSUser : 	at eyu.a(:com.google.android.gms@11743470:8)
05-27 12:36:54.779  2043  2866 W GLSUser : 	at eyq.a(:com.google.android.gms@11743470:1)
05-27 12:36:54.779  2043  2866 W GLSUser : 	at eyp.a(:com.google.android.gms@11743470:10)
05-27 12:36:54.779  2043  2866 W GLSUser : 	at com.google.android.gms.auth.account.be.legacy.AuthCronChimeraService.b(:com.google.android.gms@11743470:7)
05-27 12:36:54.779  2043  2866 W GLSUser : 	at edr.call(:com.google.android.gms@11743470:3)
05-27 12:36:54.779  2043  2866 W GLSUser : 	at java.util.concurrent.FutureTask.run(FutureTask.java:237)
05-27 12:36:54.779  2043  2866 W GLSUser : 	at mmu.run(:com.google.android.gms@11743470:26)
05-27 12:36:54.779  2043  2866 W GLSUser : 	at java.util.concurrent.ThreadPoolExecutor.runWorker(ThreadPoolExecutor.java:1133)
05-27 12:36:54.779  2043  2866 W GLSUser : 	at java.util.concurrent.ThreadPoolExecutor$Worker.run(ThreadPoolExecutor.java:607)
05-27 12:36:54.779  2043  2866 W GLSUser : 	at mse.run(:com.google.android.gms@11743470)
05-27 12:36:54.779  2043  2866 W GLSUser : 	at java.lang.Thread.run(Thread.java:761)
05-27 12:36:56.325  1389  1410 W audio_hw_generic: Not supplying enough data to HAL, expected position 2371537 , only wrote 1908000
05-27 12:36:56.691  2222  3550 I iu.UploadsManager: End new media; added: 0, uploading: 0, time: 22 ms
05-27 12:36:59.004  1719  1885 I vol.Events: writeEvent active_stream_changed STREAM_RING
05-27 12:36:59.007  1719  1885 I vol.Events: writeEvent key STREAM_RING 5
05-27 12:36:59.017  1719  1719 I vol.Events: writeEvent show_dialog volume_changed keyguard=false
05-27 12:36:59.052  1719  1903 D EGL_emulation: eglMakeCurrent: 0xa0b856c0: ver 2 0 (tinfo 0xa0b83350)
