05-27 12:35:36.537  1628  1628 W PackageManager: Non-privileged app; cap priority to 0; package: com.google.android.play.games activity: com.google.android.gms.games.ui.client.matches.SelectOpponentsActivity origPrio: 10
05-27 12:35:36.537  1628  1628 W PackageManager: Non-privileged app; cap priority to 0; package: com.google.android.play.games activity: com.google.android.gms.games.ui.client.matches.SelectOpponentsActivity origPrio: 10
05-27 12:35:36.537  1628  1628 W PackageManager: Non-privileged app; cap priority to 0; package: com.google.android.play.games activity: com.google.android.gms.games.ui.client.matches.SelectOpponentsActivity origPrio: 10
05-27 12:35:36.537  1628  1628 W PackageManager: Non-privileged app; cap priority to 0; package: com.google.android.play.games activity: com.google.android.gms.games.ui.client.matches.SelectOpponentsActivity origPrio: 10
05-27 12:35:36.537  1628  1628 W PackageManager: Non-privileged app; cap priority to 0; package: com.google.android.play.games activity: com.google.android.gms.games.ui.client.players.ClientPlayerSearchActivity origPrio: 10
05-27 12:35:36.537  1628  1628 W PackageManager: Non-privileged app; cap priority to 0; package: com.google.android.play.games activity: com.google.android.gms.games.ui.client.players.ClientPlayerSearchActivity origPrio: 10
05-27 12:35:36.537  1628  1628 W PackageManager: Non-privileged app; cap priority to 0; package: com.google.android.play.games activity: com.google.android.gms.games.ui.client.matches.RealTimeWaitingRoomActivity origPrio: 10
05-27 12:35:36.537  1628  1628 W PackageManager: Non-privileged app; cap priority to 0; package: com.google.android.play.games activity: com.google.android.gms.games.ui.client.matches.RealTimeWaitingRoomActivity origPrio: 10
05-27 12:35:36.537  1628  1628 W PackageManager: Non-privileged app; cap priority to 0; package: com.google.android.play.games activity: com.google.android.gms.games.ui.client.matches.ClientMultiplayerInboxActivity origPrio: 10
05-27 12:35:36.537  1628  1628 W PackageManager: Non-privileged app; cap priority to 0; package: com.google.android.play.games activity: com.google.android.gms.games.ui.client.matches.ClientMultiplayerInboxActivity origPrio: 10
05-27 12:35:36.537  1628  1628 W PackageManager: Non-privileged app; cap priority to 0; package: com.google.android.play.games activity: com.google.android.gms.games.ui.client.matches.ClientMultiplayerInboxActivity origPrio: 10
05-27 12:35:36.537  1628  1628 W PackageManager: Non-privileged app; cap priority to 0; package: com.google.android.play.games activity: com.google.android.gms.games.ui.client.matches.ClientPublicInvitationActivity origPrio: 10
05-27 12:35:36.537  1628  1628 W PackageManager: Non-privileged app; cap priority to 0; package: com.google.android.play.games activity: com.google.android.gms.games.ui.client.requests.SendRequestActivity origPrio: 10
05-27 12:35:36.537  1628  1628 W PackageManager: Non-privileged app; cap priority to 0; package: com.google.android.play.games activity: com.google.android.gms.games.ui.client.requests.ClientRequestInboxActivity origPrio: 10
05-27 12:35:36.537  1628  1628 W PackageManager: Non-privileged app; cap priority to 0; package: com.google.android.play.games activity: com.google.android.gms.games.ui.client.requests.ClientPublicRequestActivity origPrio: 10
05-27 12:35:36.537  1628  1628 W PackageManager: Non-privileged app; cap priority to 0; package: com.google.android.play.games activity: com.google.android.gms.games.ui.client.main.ClientSettingsActivity origPrio: 10
05-27 12:35:36.537  1628  1628 W PackageManager: Non-privileged app; cap priority to 0; package: com.google.android.play.games activity: com.google.android.gms.games.ui.client.main.ClientSettingsActivity origPrio: 10
05-27 12:35:36.537  1628  1628 W PackageManager: Non-privileged app; cap priority to 0; package: com.google.android.play.games activity: com.google.android.gms.games.ui.client.snapshots.ClientSnapshotListActivity origPrio: 10
05-27 12:35:36.537  1628  1628 W PackageManager: Non-privileged app; cap priority to 0; package: com.google.android.play.games activity: com.google.android.gms.games.ui.client.quests.ClientQuestListActivity origPrio: 10
05-27 12:35:36.537  1628  1628 W PackageManager: Non-privileged app; cap priority to 0; package: com.google.android.play.games activity: com.google.android.gms.games.ui.client.quests.ClientQuestDetailActivity origPrio: 10
05-27 12:35:36.537  1628  1628 W PackageManager: Non-privileged app; cap priority to 0; package: com.google.android.play.games activity: com.google.android.gms.games.ui.dialog.InterstitialVideoDialogLauncher origPrio: 10
05-27 12:35:36.537  1628  1628 W PackageManager: Non-privileged app; cap priority to 0; package: com.google.android.play.games activity: com.google.android.gms.games.ui.dialog.InterstitialVideoDialogLauncher origPrio: 10
05-27 12:35:36.537  1628  1628 W PackageManager: Non-privileged app; cap priority to 0; package: com.google.android.play.games activity: com.google.android.gms.games.ui.restricted.videos.RestrictedVideoCapturedActivity origPrio: 10
05-27 12:35:36.537  1628  1628 W PackageManager: Non-privileged app; cap priority to 0; package: com.google.android.play.games activity: com.google.android.gms.games.testcompat.ParcelTestCompatActivity origPrio: 10
05-27 12:35:36.537  1628  1628 W PackageManager: Non-privileged app; cap priority to 0; package: com.google.android.play.games activity: com.google.android.gms.games.testcompat.ParcelTestCompatActivity origPrio: 10
05-27 12:35:36.537  1628  1628 W PackageManager: Non-privileged app; cap priority to 0; package: com.google.android.play.games activity: com.google.android.gms.games.ui.GamesSettingsActivity origPrio: 10
05-27 12:35:36.537  1628  1628 W PackageManager: Non-privileged app; cap priority to 0; package: com.google.android.play.games activity: com.google.android.gms.games.ui.GamesSettingsDebugActivity origPrio: 10
05-27 12:35:36.537  1628  1628 W PackageManager: Non-privileged app; cap priority to 0; package: com.google.android.play.games activity: com.google.android.gms.games.ui.signin.SignInActivity origPrio: 10
05-27 12:35:36.557  1628  1628 W PackageParser: No actions in intent filter at /system/app/PrebuiltGmail/PrebuiltGmail.apk Binary XML file line #260
05-27 12:35:36.559  1628  1628 W PackageManager: Permission com.google.android.gm.email.permission.READ_ATTACHMENT from package com.google.android.gm in an unknown group android.permission-group.MESSAGES
05-27 12:35:36.559  1628  1628 W PackageManager: Permission com.google.android.gm.permission.READ_GMAIL from package com.google.android.gm in an unknown group android.permission-group.MESSAGES
05-27 12:35:36.559  1628  1628 W PackageManager: Permission com.google.android.gm.permission.WRITE_GMAIL from package com.google.android.gm in an unknown group android.permission-group.MESSAGES
05-27 12:35:36.559  1628  1628 W PackageManager: Permission com.google.android.gm.permission.AUTO_SEND from package com.google.android.gm in an unknown group android.permission-group.MESSAGES
05-27 12:35:36.559  1628  1628 W PackageManager: Permission com.google.android.gm.permission.READ_CONTENT_PROVIDER from package com.google.android.gm in an unknown group android.permission-group.MESSAGES
05-27 12:35:36.581  1628  1628 D PackageManager: No files in app dir /system/vendor/app
05-27 12:35:36.581  1628  1628 D PackageManager: No files in app dir /oem/app
05-27 12:35:36.588  1628  1628 W PackageParser: No actions in intent filter at /data/app/ApiDemos/ApiDemos.apk Binary XML file line #3144
05-27 12:35:36.588  1628  1628 W PackageParser: No actions in intent filter at /data/app/ApiDemos/ApiDemos.apk Binary XML file line #3150
05-27 12:35:36.588  1628  1628 W PackageManager: Package com.example.android.apis desires unavailable shared library com.example.will.never.exist; ignoring!
05-27 12:35:36.589  1628  1628 I SELinux : SELinux: Loaded file_contexts contexts from /file_contexts.bin.
05-27 12:35:36.599  1628  1628 D PackageManager: No files in app dir /data/app-private
05-27 12:35:36.599  1628  1628 D PackageManager: No files in app dir /data/app-ephemeral
05-27 12:35:36.599  1628  1628 W PackageManager: Protected action; cap priority to 0; package: com.android.cts.priv.ctsshim activity: com.android.cts.priv.ctsshim.InstallPriority origPrio: 100
05-27 12:35:36.599  1628  1628 W PackageManager: Protected action; cap priority to 0; package: com.android.cts.priv.ctsshim activity: com.android.cts.priv.ctsshim.InstallPriority origPrio: 100
05-27 12:35:36.599  1628  1628 W PackageManager: Protected action; cap priority to 0; package: com.android.cts.priv.ctsshim activity: com.android.cts.priv.ctsshim.InstallPriority origPrio: 100
05-27 12:35:36.599  1628  1628 W PackageManager: Protected action; cap priority to 0; package: com.android.cts.priv.ctsshim activity: com.android.cts.priv.ctsshim.InstallPriority origPrio: 100
05-27 12:35:36.599  1628  1628 W PackageManager: Protected action; cap priority to 0; package: com.google.android.packageinstaller activity: com.android.packageinstaller.PackageInstallerActivity origPrio: 1
05-27 12:35:36.599  1628  1628 W PackageManager: Protected action; cap priority to 0; package: com.google.android.gms activity: com.google.android.gms.appinvite.AppInviteAcceptInvitationActivity origPrio: 900
05-27 12:35:36.599  1628  1628 W PackageManager: Protected action; cap priority to 0; package: com.google.android.gms activity: com.google.android.gms.matchstick.ui.EntryActivity origPrio: 999
05-27 12:35:36.599  1628  1628 W PackageManager: Protected action; cap priority to 0; package: com.google.android.gms activity: com.google.android.gms.tapandpay.tokenization.AddNewCardThroughBrowserActivity origPrio: 999
05-27 12:35:36.599  1628  1628 W PackageManager: Protected action; cap priority to 0; package: com.google.android.gms activity: com.google.android.gms.walletp2p.feature.transfer.TransferMoneyActivity origPrio: 900
05-27 12:35:36.599  1628  1628 W PackageManager: Package com.google.android.gms desires unavailable shared library com.google.android.ble; ignoring!
05-27 12:35:36.599  1628  1628 W PackageManager: Package com.google.android.gms desires unavailable shared library com.google.android.wearable; ignoring!
05-27 12:35:36.600  1628  1628 W PackageManager: Package com.google.android.videos desires unavailable shared library com.google.widevine.software.drm; ignoring!
05-27 12:35:36.600  1628  1628 W PackageManager: Package com.example.android.apis desires unavailable shared library com.example.will.never.exist; ignoring!
05-27 12:35:36.600  1628  1628 I PackageManager: Adjusting ABI for com.android.providers.downloads.ui to x86 (requirer=com.android.mtp, scannedPackage=null)
05-27 12:35:36.600  1628  1628 I PackageManager: Adjusting ABI for com.android.providers.downloads to x86 (requirer=com.android.mtp, scannedPackage=null)
05-27 12:35:36.600  1628  1628 I PackageManager: Adjusting ABI for com.android.providers.media to x86 (requirer=com.android.mtp, scannedPackage=null)
05-27 12:35:36.600  1628  1628 I PackageManager: Adjusting ABI for com.google.android.gsf to x86 (requirer=com.google.android.gms, scannedPackage=null)
05-27 12:35:36.600  1628  1628 I PackageManager: Adjusting ABI for com.google.android.backuptransport to x86 (requirer=com.google.android.gms, scannedPackage=null)
05-27 12:35:36.600  1628  1628 I PackageManager: Adjusting ABI for com.google.android.gsf.login to x86 (requirer=com.google.android.gms, scannedPackage=null)
05-27 12:35:36.600  1628  1628 I PackageManager: Adjusting ABI for com.android.keychain to x86 (requirer=android, scannedPackage=null)
05-27 12:35:36.600  1628  1628 I PackageManager: Adjusting ABI for com.android.settings to x86 (requirer=android, scannedPackage=null)
05-27 12:35:36.601  1628  1628 I PackageManager: Adjusting ABI for com.android.providers.settings to x86 (requirer=android, scannedPackage=null)
05-27 12:35:36.601  1628  1628 I PackageManager: Adjusting ABI for com.android.inputdevices to x86 (requirer=android, scannedPackage=null)
05-27 12:35:36.601  1628  1628 I PackageManager: Adjusting ABI for com.android.location.fused to x86 (requirer=android, scannedPackage=null)
05-27 12:35:36.601  1628  1628 I PackageManager: Adjusting ABI for com.android.server.telecom to x86 (requirer=android, scannedPackage=null)
05-27 12:35:36.601  1628  1628 I PackageManager: Adjusting ABI for com.android.wallpaperbackup to x86 (requirer=android, scannedPackage=null)
05-27 12:35:36.601  1628  1628 I PackageManager: Time to scan packages: 0.382 seconds
05-27 12:35:36.601  1628  1628 W PackageManager: Not granting permission android.permission.MANAGE_DOCUMENTS to package com.google.android.youtube (protectionLevel=2 flags=0x38583e45)
05-27 12:35:36.601  1628  1628 W PackageManager: Unknown permission com.google.android.launcher.permission.CONTENT_REDIRECT in package com.google.android.googlequicksearchbox
05-27 12:35:36.601  1628  1628 W PackageManager: Unknown permission com.google.android.voicesearch.SHORTCUTS_ACCESS in package com.google.android.googlequicksearchbox
05-27 12:35:36.601  1628  1628 W PackageManager: Unknown permission com.google.android.voicesearch.ACCESS_SETTINGS in package com.google.android.googlequicksearchbox
05-27 12:35:36.601  1628  1628 W PackageManager: Unknown permission com.android.browser.permission.PRELOAD in package com.google.android.googlequicksearchbox
05-27 12:35:36.601  1628  1628 W PackageManager: Unknown permission com.google.android.ears.permission.WRITE in package com.google.android.googlequicksearchbox
05-27 12:35:36.601  1628  1628 W PackageManager: Unknown permission com.google.android.apps.googlevoice.permission.AUTO_SEND in package com.google.android.googlequicksearchbox
05-27 12:35:36.601  1628  1628 W PackageManager: Unknown permission com.android.chrome.PRERENDER_URL in package com.google.android.googlequicksearchbox
05-27 12:35:36.602  1628  1628 W PackageManager: Not granting permission com.google.android.googleapps.permission.GOOGLE_AUTH to package com.android.providers.calendar (protectionLevel=2 flags=0x30083e45)
05-27 12:35:36.602  1628  1628 W PackageManager: Not granting permission com.google.android.googleapps.permission.GOOGLE_AUTH.cl to package com.android.providers.calendar (protectionLevel=2 flags=0x30083e45)
05-27 12:35:36.602  1628  1628 W PackageManager: Not granting permission android.permission.SEND_DOWNLOAD_COMPLETED_INTENTS to package com.android.vending (protectionLevel=2 flags=0x384abe45)
05-27 12:35:36.602  1628  1628 I PackageManager: Un-granting permission android.permission.INSTALL_GRANT_RUNTIME_PERMISSIONS from package com.android.vending (protectionLevel=770 flags=0x384abe45)
05-27 12:35:36.602  1628  1628 I PackageManager: Un-granting permission android.permission.GRANT_RUNTIME_PERMISSIONS from package com.android.vending (protectionLevel=770 flags=0x384abe45)
05-27 12:35:36.602  1628  1628 I PackageManager: Un-granting permission android.permission.REVOKE_RUNTIME_PERMISSIONS from package com.android.vending (protectionLevel=770 flags=0x384abe45)
05-27 12:35:36.602  1628  1628 W PackageManager: Not granting permission android.permission.BIND_WALLPAPER to package com.android.camera2 (protectionLevel=18 flags=0x3058bc45)
05-27 12:35:36.602  1628  1628 W PackageManager: Unknown permission com.android.launcher.permission.READ_SETTINGS in package com.android.launcher3
05-27 12:35:36.602  1628  1628 W PackageManager: Unknown permission com.android.launcher.permission.WRITE_SETTINGS in package com.android.launcher3
05-27 12:35:36.602  1628  1628 W PackageManager: Unknown permission com.google.android.email.permission.ACCESS_PROVIDER in package com.google.android.gm
05-27 12:35:36.602  1628  1628 W PackageManager: Unknown permission com.google.android.gm.exchange.BIND in package com.google.android.gm
05-27 12:35:36.602  1628  1628 W PackageManager: Unknown permission com.android.email.partnerprovider.PARTNER_PROVIDER in package com.google.android.gm
05-27 12:35:36.602  1628  1628 W PackageManager: Not granting permission android.permission.PEERS_MAC_ADDRESS to package com.google.android.setupwizard (protectionLevel=2 flags=0x38483e05)
05-27 12:35:36.602  1628  1628 W PackageManager: Unknown permission android.permission.WRITE_SYNC_STATS in package com.google.android.apps.docs
05-27 12:35:36.602  1628  1628 W PackageManager: Not granting permission android.permission.INTERACT_ACROSS_USERS to package com.google.android.syncadapters.contacts (protectionLevel=50 flags=0x38083e45)
05-27 12:35:36.602  1628  1628 W PackageManager: Unknown permission com.google.android.syncadapters.contacts.permission.GAL_SEARCH in package com.google.android.syncadapters.contacts
05-27 12:35:36.603  1628  1628 W PackageManager: Unknown permission com.chrome.permission.DEVICE_EXTRAS in package com.android.chrome
05-27 12:35:36.603  1628  1628 W PackageManager: Unknown permission com.sec.enterprise.knox.MDM_CONTENT_PROVIDER in package com.android.chrome
05-27 12:35:36.603  1628  1628 I PackageManager: Un-granting permission android.permission.CLEAR_APP_USER_DATA from package com.google.android.packageinstaller (protectionLevel=258 flags=0x38483e45)
05-27 12:35:36.603  1628  1628 I PackageManager: Un-granting permission android.permission.GRANT_RUNTIME_PERMISSIONS from package com.google.android.packageinstaller (protectionLevel=770 flags=0x38483e45)
05-27 12:35:36.603  1628  1628 I PackageManager: Un-granting permission android.permission.REVOKE_RUNTIME_PERMISSIONS from package com.google.android.packageinstaller (protectionLevel=770 flags=0x38483e45)
05-27 12:35:36.603  1628  1628 I PackageManager: Un-granting permission android.permission.INSTALL_GRANT_RUNTIME_PERMISSIONS from package com.google.android.packageinstaller (protectionLevel=770 flags=0x38483e45)
05-27 12:35:36.603  1628  1628 I PackageManager: Un-granting permission android.permission.INTERACT_ACROSS_USERS_FULL from package com.google.android.packageinstaller (protectionLevel=258 flags=0x38483e45)
05-27 12:35:36.603  1628  1628 I PackageManager: Un-granting permission android.permission.KILL_UID from package com.google.android.packageinstaller (protectionLevel=258 flags=0x38483e45)
05-27 12:35:36.603  1628  1628 I PackageManager: Un-granting permission android.permission.MANAGE_APP_OPS_RESTRICTIONS from package com.google.android.packageinstaller (protectionLevel=258 flags=0x38483e45)
05-27 12:35:36.603  1628  1628 W PackageManager: Unknown permission com.google.android.permission.INSTALL_WEARABLE_PACKAGES in package com.google.android.packageinstaller
05-27 12:35:36.603  1628  1628 W PackageManager: Unknown permission com.google.android.apps.enterprise.dmagent.permission.AutoSyncPermission in package com.google.android.gms
05-27 12:35:36.603  1628  1628 W PackageManager: Unknown permission android.permission.CONNECTIVITY_USE_RESTRICTED_NETWORKS in package com.google.android.gms
05-27 12:35:36.603  1628  1628 W PackageManager: Not granting permission android.permission.BIND_NOTIFICATION_LISTENER_SERVICE to package com.google.android.gms (protectionLevel=2 flags=0xb8483e45)
05-27 12:35:36.603  1628  1628 W PackageManager: Unknown permission com.google.android.finsky.permission.INSTANT_APP_STATE in package com.google.android.gms
05-27 12:35:36.603  1628  1628 W PackageManager: Unknown permission com.google.android.permission.ACCESSIBILITY_SCAN_SERVICE in package com.google.android.gms
05-27 12:35:36.603  1628  1628 W PackageManager: Unknown permission android.permission.ACTIVITY_EMBEDDING in package com.google.android.gms
05-27 12:35:36.603  1628  1628 W PackageManager: Unknown permission android.permission.PROVIDE_RESOLVER_RANKER_SERVICE in package com.google.android.gms
05-27 12:35:36.603  1628  1628 W PackageManager: Unknown permission com.google.android.wearable.READ_SETTINGS in package com.google.android.gms
05-27 12:35:36.603  1628  1628 W PackageManager: Unknown permission android.permission.MANAGE_SUBSCRIPTION_PLANS in package com.google.android.gms
05-27 12:35:36.603  1628  1628 W PackageManager: Unknown permission com.android.launcher.permission.PRELOAD_WORKSPACE in package com.google.android.partnersetup
05-27 12:35:36.603  1628  1628 W PackageManager: Not granting permission com.google.android.googleapps.permission.GOOGLE_AUTH to package com.google.android.videos (protectionLevel=2 flags=0x385bbe45)
05-27 12:35:36.603  1628  1628 W PackageManager: Not granting permission android.permission.READ_CONTACTS to package com.example.android.apis because it was previously installed without
05-27 12:35:36.603  1628  1628 W PackageManager: Not granting permission android.permission.WRITE_CONTACTS to package com.example.android.apis because it was previously installed without
05-27 12:35:36.603  1628  1628 W PackageManager: Not granting permission android.permission.ACCESS_COARSE_LOCATION to package com.example.android.apis because it was previously installed without
05-27 12:35:36.603  1628  1628 W PackageManager: Not granting permission android.permission.WRITE_EXTERNAL_STORAGE to package com.example.android.apis because it was previously installed without
05-27 12:35:36.603  1628  1628 W PackageManager: Not granting permission android.permission.SEND_SMS to package com.example.android.apis because it was previously installed without
05-27 12:35:36.603  1628  1628 W PackageManager: Not granting permission android.permission.RECEIVE_SMS to package com.example.android.apis because it was previously installed without
05-27 12:35:36.603  1628  1628 W PackageManager: Not granting permission android.permission.RECEIVE_MMS to package com.example.android.apis because it was previously installed without
05-27 12:35:36.603  1628  1628 W PackageManager: Not granting permission android.permission.READ_SMS to package com.example.android.apis because it was previously installed without
05-27 12:35:36.603  1628  1628 W PackageManager: Not granting permission android.permission.READ_PHONE_STATE to package com.example.android.apis because it was previously installed without
05-27 12:35:36.603  1628  1628 W PackageManager: Not granting permission android.permission.RECORD_AUDIO to package com.example.android.apis because it was previously installed without
05-27 12:35:36.603  1628  1628 W PackageManager: Not granting permission android.permission.CAMERA to package com.example.android.apis because it was previously installed without
05-27 12:35:36.603  1628  1628 W PackageManager: Not granting permission android.permission.READ_EXTERNAL_STORAGE to package com.example.android.apis because it was previously installed without
05-27 12:35:36.603  1628  1628 W PackageManager: Unknown permission android.permission.RUN_INSTRUMENTATION in package org.chromium.webview_shell
05-27 12:35:36.603  1628  1628 W PackageManager: Unknown permission com.google.android.gallery3d.permission.PICASA_STORE in package com.google.android.apps.photos
05-27 12:35:36.603  1628  1628 W PackageManager: Not granting permission android.permission.WRITE_MEDIA_STORAGE to package com.google.android.apps.photos (protectionLevel=18 flags=0x3858be45)
05-27 12:35:36.603  1628  1628 W PackageManager: Unknown permission com.google.android.gm.exchange.BIND in package com.google.android.calendar
05-27 12:35:36.604  1628  1628 W PackageManager: Not granting permission android.permission.CONTROL_KEYGUARD to package com.google.android.gsf.login (protectionLevel=2 flags=0x3048be45)
05-27 12:35:36.604  1628  1628 W PackageManager: Unknown permission com.android.vending.billing.IBillingAccountService.BIND2 in package com.google.android.gsf.login
05-27 12:35:36.604  1628  1628 W PackageManager: Unknown permission com.android.launcher.permission.READ_SETTINGS in package com.android.settings
05-27 12:35:36.604  1628  1628 W PackageManager: Unknown permission com.android.launcher.permission.WRITE_SETTINGS in package com.android.settings
05-27 12:35:36.604  1628  1628 W PackageManager: Not granting permission android.permission.REGISTER_CONNECTION_MANAGER to package com.google.android.talk (protectionLevel=18 flags=0x3049be45)
05-27 12:35:36.604  1628  1628 W PackageManager: Unknown permission com.android.smspush.WAPPUSH_MANAGER_BIND in package com.android.phone
05-27 12:35:36.604  1628  1628 W PackageManager: Not granting permission android.permission.BIND_APPWIDGET to package com.android.widgetpreview (protectionLevel=18 flags=0x3808be45)
05-27 12:35:36.604  1628  1628 V PackageManager: reconcileAppsData for null u0 0x3
05-27 12:35:36.648  1628  1628 V PackageManager: reconcileAppsData finished 99 packages; restoreconNeeded was false
05-27 12:35:36.663  1628  1628 I art     : Starting a blocking GC Explicit
05-27 12:35:36.671  1628  1628 I art     : Explicit concurrent mark sweep GC freed 9951(894KB) AllocSpace objects, 4(80KB) LOS objects, 31% free, 8MB/12MB, paused 379us total 8.226ms
05-27 12:35:36.672  1628  1628 I SystemServer: StartOtaDexOptService
05-27 12:35:36.675  1628  1628 I SystemServer: StartUserManagerService
05-27 12:35:36.675  1628  1628 I SystemServiceManager: Starting com.android.server.pm.UserManagerService$LifeCycle
05-27 12:35:36.679  1339  1339 I lowmemorykiller: ActivityManager connected
05-27 12:35:36.679  1628  1628 D SensorService: nuSensorService starting...
05-27 12:35:36.682  1628  1628 I SystemServiceManager: Starting com.android.server.BatteryService
05-27 12:35:36.682  1628  1658 D SensorService: new thread SensorEventAckReceiver
05-27 12:35:36.682  1628  1659 D SensorService: nuSensorService thread starting...
05-27 12:35:36.684  1628  1628 I SystemServiceManager: Starting com.android.server.usage.UsageStatsService
05-27 12:35:36.687  1628  1628 I SystemServiceManager: Starting com.android.server.webkit.WebViewUpdateService
05-27 12:35:36.689  1628  1628 I SystemServer: Reading configuration...
05-27 12:35:36.689  1628  1628 I SystemServer: StartSchedulingPolicyService
05-27 12:35:36.689  1628  1628 I SystemServiceManager: Starting com.android.server.telecom.TelecomLoaderService
05-27 12:35:36.689  1628  1628 I SystemServer: StartTelephonyRegistry
05-27 12:35:36.690  1628  1628 I SystemServer: StartEntropyMixer
05-27 12:35:36.691  1628  1628 I EntropyMixer: Writing entropy...
05-27 12:35:36.693  1628  1628 I SystemServer: Camera Service
05-27 12:35:36.693  1628  1628 I SystemServiceManager: Starting com.android.server.camera.CameraService
05-27 12:35:36.693  1628  1628 I SystemServer: StartAccountManagerService
05-27 12:35:36.694  1628  1628 I SystemServiceManager: Starting com.android.server.accounts.AccountManagerService$Lifecycle
05-27 12:35:36.695  1628  1628 I SystemServer: StartContentService
05-27 12:35:36.695  1628  1628 I SystemServiceManager: Starting com.android.server.content.ContentService$Lifecycle
05-27 12:35:36.696  1628  1628 I SystemServer: InstallSystemProviders
05-27 12:35:36.697  1628  1628 W System  : ClassLoader referenced unknown path: /system/priv-app/SettingsProvider/lib/x86
05-27 12:35:36.712  1628  1628 I SystemServer: StartVibratorService
05-27 12:35:36.712  1628  1628 E VibratorService: Couldn't load vibrator module (No such file or directory)
05-27 12:35:36.712  1628  1628 W VibratorService: Tried to stop vibrating but there is no vibrator device.
05-27 12:35:36.713  1628  1628 I SystemServer: StartConsumerIrService
05-27 12:35:36.713  1628  1628 E ConsumerIrService: Can't open consumer IR HW Module, error: -2
05-27 12:35:36.713  1628  1628 I SystemServer: StartAlarmManagerService
05-27 12:35:36.713  1628  1628 I SystemServiceManager: Starting com.android.server.AlarmManagerService
05-27 12:35:36.714  1628  1628 W AlarmManagerService: no wall clock RTC found
05-27 12:35:36.714  1628  1628 D AlarmManagerService: Kernel timezone updated to -330 minutes west of GMT
05-27 12:35:36.717  1628  1628 I SystemServer: InitWatchdog
05-27 12:35:36.717  1628  1628 I SystemServer: StartInputManagerService
05-27 12:35:36.718  1628  1628 I InputManager: Initializing input manager, mUseDevInputEventForAudioJack=true
05-27 12:35:36.718  1628  1628 I SystemServer: StartWindowManagerService
05-27 12:35:36.736  1628  1648 I WindowManager: No existing display settings /data/system/display_settings.xml; starting empty
05-27 12:35:36.752  1628  1628 I SystemServer: StartVrManagerService
05-27 12:35:36.752  1628  1628 I SystemServiceManager: Starting com.android.server.vr.VrManagerService
05-27 12:35:36.752  1628  1628 W VrManagerService: init_native: Could not open VR hardware module, error No such file or directory (-2).
05-27 12:35:36.753  1628  1628 I VrManagerService: No VR packages found, disabling VR components
05-27 12:35:36.754  1628  1628 I InputManager: Starting input manager
05-27 12:35:36.755  1628  1628 I SystemServer: No Bluetooth Service (emulator)
05-27 12:35:36.756  1628  1628 I SystemServer: ConnectivityMetricsLoggerService
05-27 12:35:36.756  1628  1628 I SystemServiceManager: Starting com.android.server.connectivity.MetricsLoggerService
05-27 12:35:36.756  1628  1664 D EventHub: No input device configuration file found for device 'Power Button'.
05-27 12:35:36.757  1628  1664 W EventHub: Unable to disable kernel key repeat for /dev/input/event0: Function not implemented
05-27 12:35:36.757  1628  1664 I EventHub: New device: id=1, fd=97, path='/dev/input/event0', name='Power Button', classes=0x1, configuration='', keyLayout='/system/usr/keylayout/Generic.kl', keyCharacterMap='/system/usr/keychars/Generic.kcm', builtinKeyboard=false, wakeMechanism=EPOLLWAKEUP, usingClockIoctl=true
05-27 12:35:36.758  1628  1664 W EventHub: Unable to disable kernel key repeat for /dev/input/event1: Function not implemented
05-27 12:35:36.758  1628  1664 I EventHub: New device: id=2, fd=98, path='/dev/input/event1', name='qwerty2', classes=0xb7, configuration='/system/usr/idc/qwerty2.idc', keyLayout='/system/usr/keylayout/qwerty.kl', keyCharacterMap='/system/usr/keychars/qwerty2.kcm', builtinKeyboard=true, wakeMechanism=EPOLLWAKEUP, usingClockIoctl=true
05-27 12:35:36.758  1628  1664 E EventHub: could not get driver version for /dev/input/mice, Not a typewriter
05-27 12:35:36.761  1628  1628 I SystemServer: PinnerService
05-27 12:35:36.761  1628  1628 I SystemServiceManager: Starting com.android.server.PinnerService
05-27 12:35:36.761  1628  1628 E PinnerService: Starting PinnerService
05-27 12:35:36.761  1628  1628 I SystemServiceManager: Starting com.android.server.InputMethodManagerService$Lifecycle
05-27 12:35:36.769  1628  1628 I SystemServer: StartAccessibilityManagerService
05-27 12:35:36.771  1628  1628 I ActivityManager: Config changes=1df8 {1.0 ?mcc?mnc [en_US] ldltr sw411dp w411dp h731dp 420dpi nrml long port ?uimode ?night -touch -keyb/v/h -nav/h s.2}
05-27 12:35:36.779  1628  1640 I UsageStatsService: User[0] Rollover scheduled @ 2022-05-28 09:48:58(1653711538909)
05-27 12:35:36.779  1628  1628 I ActivityManager: Config changes=500 {1.0 ?mcc?mnc [en_US] ldltr sw411dp w411dp h659dp 420dpi nrml port ?uimode ?night -touch -keyb/v/h -nav/h s.3}
05-27 12:35:36.784  1628  1628 I SystemServiceManager: Starting com.android.server.MountService$Lifecycle
05-27 12:35:36.788  1628  1628 I SystemServiceManager: Starting com.android.server.UiModeManagerService
05-27 12:35:36.789  1628  1628 I ActivityManager: Config changes=200 {1.0 ?mcc?mnc [en_US] ldltr sw411dp w411dp h659dp 420dpi nrml port -touch -keyb/v/h -nav/h s.4}
05-27 12:35:36.789  1628  1665 D MountService: Thinking about init, mSystemReady=false, mDaemonConnected=true
05-27 12:35:36.790  1628  1665 D MountService: Thinking about reset, mSystemReady=false, mDaemonConnected=true
05-27 12:35:36.790  1628  1665 D MountService: Thinking about init, mSystemReady=false, mDaemonConnected=true
05-27 12:35:36.790  1628  1665 D MountService: Thinking about reset, mSystemReady=false, mDaemonConnected=true
05-27 12:35:36.790  1628  1665 D CryptdConnector: SND -> {1 cryptfs getfield SystemLocale}
05-27 12:35:36.791  1628  1628 I SystemServer: StartLockSettingsService
05-27 12:35:36.791  1628  1628 I SystemServiceManager: Starting com.android.server.LockSettingsService$Lifecycle
05-27 12:35:36.793  1628  1667 D CryptdConnector: RCV <- {200 1 -1}
05-27 12:35:36.802  1628  1664 I InputReader: Device added: id=-1, name='Virtual', sources=0x00000301
05-27 12:35:36.802  1628  1664 I InputReader:   Touch device 'qwerty2' could not query the properties of its associated display.  The device will be inoperable until the display size becomes available.
05-27 12:35:36.803  1628  1664 I InputReader: Device added: id=0, name='qwerty2', sources=0x80005303
05-27 12:35:36.803  1628  1664 I InputReader: Device added: id=1, name='Power Button', sources=0x00000101
05-27 12:35:36.803  1628  1664 I InputReader: Reconfiguring input devices.  changes=0x00000004
05-27 12:35:36.803  1628  1664 I InputReader: Device reconfigured: id=0, name='qwerty2', size 1080x1920, orientation 0, mode 1, display id 0
05-27 12:35:36.804  1628  1663 I ActivityManager: Config changes=78 {1.0 ?mcc?mnc [en_US] ldltr sw411dp w411dp h659dp 420dpi nrml port finger qwerty/v/v dpad/v s.5}
05-27 12:35:36.812  1628  1665 W MountService: No primary storage mounted!
05-27 12:35:36.812  1628  1665 D VoldConnector: SND -> {1 asec list}
05-27 12:35:36.812  1628  1666 D VoldConnector: RCV <- {200 1 asec operation succeeded}
05-27 12:35:36.812  1628  1665 I PackageManager: No secure containers found
05-27 12:35:36.812  1628  1665 W PackageManager: Not granting permission android.permission.MANAGE_DOCUMENTS to package com.google.android.youtube (protectionLevel=2 flags=0x38d83e45)
05-27 12:35:36.812  1628  1665 W PackageManager: Unknown permission com.google.android.launcher.permission.CONTENT_REDIRECT in package com.google.android.googlequicksearchbox
05-27 12:35:36.813  1628  1665 W PackageManager: Unknown permission com.google.android.voicesearch.SHORTCUTS_ACCESS in package com.google.android.googlequicksearchbox
05-27 12:35:36.813  1628  1665 W PackageManager: Unknown permission com.google.android.voicesearch.ACCESS_SETTINGS in package com.google.android.googlequicksearchbox
05-27 12:35:36.813  1628  1665 W PackageManager: Unknown permission com.android.browser.permission.PRELOAD in package com.google.android.googlequicksearchbox
05-27 12:35:36.813  1628  1665 W PackageManager: Unknown permission com.google.android.ears.permission.WRITE in package com.google.android.googlequicksearchbox
05-27 12:35:36.813  1628  1665 W PackageManager: Unknown permission com.google.android.apps.googlevoice.permission.AUTO_SEND in package com.google.android.googlequicksearchbox
05-27 12:35:36.813  1628  1665 W PackageManager: Unknown permission com.android.chrome.PRERENDER_URL in package com.google.android.googlequicksearchbox
05-27 12:35:36.813  1628  1665 W PackageManager: Not granting permission com.google.android.googleapps.permission.GOOGLE_AUTH to package com.android.providers.calendar (protectionLevel=2 flags=0x30883e45)
05-27 12:35:36.813  1628  1665 W PackageManager: Not granting permission com.google.android.googleapps.permission.GOOGLE_AUTH.cl to package com.android.providers.calendar (protectionLevel=2 flags=0x30883e45)
05-27 12:35:36.813  1628  1665 W PackageManager: Not granting permission android.permission.SEND_DOWNLOAD_COMPLETED_INTENTS to package com.android.vending (protectionLevel=2 flags=0x38cabe45)
05-27 12:35:36.813  1628  1665 W PackageManager: Not granting permission android.permission.BIND_WALLPAPER to package com.android.camera2 (protectionLevel=18 flags=0x30d8bc45)
05-27 12:35:36.813  1628  1665 W PackageManager: Unknown permission com.android.launcher.permission.READ_SETTINGS in package com.android.launcher3
05-27 12:35:36.813  1628  1665 W PackageManager: Unknown permission com.android.launcher.permission.WRITE_SETTINGS in package com.android.launcher3
05-27 12:35:36.813  1628  1665 W PackageManager: Unknown permission com.google.android.email.permission.ACCESS_PROVIDER in package com.google.android.gm
05-27 12:35:36.813  1628  1665 W PackageManager: Unknown permission com.google.android.gm.exchange.BIND in package com.google.android.gm
05-27 12:35:36.813  1628  1665 W PackageManager: Unknown permission com.android.email.partnerprovider.PARTNER_PROVIDER in package com.google.android.gm
05-27 12:35:36.813  1628  1665 W PackageManager: Not granting permission android.permission.PEERS_MAC_ADDRESS to package com.google.android.setupwizard (protectionLevel=2 flags=0x38c83e05)
05-27 12:35:36.814  1628  1665 W PackageManager: Unknown permission android.permission.WRITE_SYNC_STATS in package com.google.android.apps.docs
05-27 12:35:36.814  1628  1665 W PackageManager: Not granting permission android.permission.INTERACT_ACROSS_USERS to package com.google.android.syncadapters.contacts (protectionLevel=50 flags=0x38883e45)
05-27 12:35:36.814  1628  1665 W PackageManager: Unknown permission com.google.android.syncadapters.contacts.permission.GAL_SEARCH in package com.google.android.syncadapters.contacts
05-27 12:35:36.814  1628  1665 W PackageManager: Unknown permission com.chrome.permission.DEVICE_EXTRAS in package com.android.chrome
05-27 12:35:36.814  1628  1665 W PackageManager: Unknown permission com.sec.enterprise.knox.MDM_CONTENT_PROVIDER in package com.android.chrome
05-27 12:35:36.814  1628  1665 W PackageManager: Unknown permission com.google.android.permission.INSTALL_WEARABLE_PACKAGES in package com.google.android.packageinstaller
05-27 12:35:36.814  1628  1665 W PackageManager: Unknown permission com.google.android.apps.enterprise.dmagent.permission.AutoSyncPermission in package com.google.android.gms
05-27 12:35:36.814  1628  1665 W PackageManager: Unknown permission android.permission.CONNECTIVITY_USE_RESTRICTED_NETWORKS in package com.google.android.gms
05-27 12:35:36.814  1628  1665 W PackageManager: Not granting permission android.permission.BIND_NOTIFICATION_LISTENER_SERVICE to package com.google.android.gms (protectionLevel=2 flags=0xb8c83e45)
05-27 12:35:36.814  1628  1665 W PackageManager: Unknown permission com.google.android.finsky.permission.INSTANT_APP_STATE in package com.google.android.gms
05-27 12:35:36.814  1628  1665 W PackageManager: Unknown permission com.google.android.permission.ACCESSIBILITY_SCAN_SERVICE in package com.google.android.gms
05-27 12:35:36.814  1628  1665 W PackageManager: Unknown permission android.permission.ACTIVITY_EMBEDDING in package com.google.android.gms
05-27 12:35:36.814  1628  1665 W PackageManager: Unknown permission android.permission.PROVIDE_RESOLVER_RANKER_SERVICE in package com.google.android.gms
05-27 12:35:36.814  1628  1665 W PackageManager: Unknown permission com.google.android.wearable.READ_SETTINGS in package com.google.android.gms
05-27 12:35:36.814  1628  1665 W PackageManager: Unknown permission android.permission.MANAGE_SUBSCRIPTION_PLANS in package com.google.android.gms
05-27 12:35:36.815  1628  1665 W PackageManager: Unknown permission com.android.launcher.permission.PRELOAD_WORKSPACE in package com.google.android.partnersetup
05-27 12:35:36.815  1628  1665 W PackageManager: Not granting permission com.google.android.googleapps.permission.GOOGLE_AUTH to package com.google.android.videos (protectionLevel=2 flags=0x38dbbe45)
05-27 12:35:36.815  1628  1665 W PackageManager: Not granting permission android.permission.READ_CONTACTS to package com.example.android.apis because it was previously installed without
05-27 12:35:36.815  1628  1665 W PackageManager: Not granting permission android.permission.WRITE_CONTACTS to package com.example.android.apis because it was previously installed without
05-27 12:35:36.815  1628  1665 W PackageManager: Not granting permission android.permission.ACCESS_COARSE_LOCATION to package com.example.android.apis because it was previously installed without
05-27 12:35:36.815  1628  1665 W PackageManager: Not granting permission android.permission.WRITE_EXTERNAL_STORAGE to package com.example.android.apis because it was previously installed without
05-27 12:35:36.815  1628  1665 W PackageManager: Not granting permission android.permission.SEND_SMS to package com.example.android.apis because it was previously installed without
05-27 12:35:36.815  1628  1665 W PackageManager: Not granting permission android.permission.RECEIVE_SMS to package com.example.android.apis because it was previously installed without
05-27 12:35:36.815  1628  1665 W PackageManager: Not granting permission android.permission.RECEIVE_MMS to package com.example.android.apis because it was previously installed without
05-27 12:35:36.815  1628  1665 W PackageManager: Not granting permission android.permission.READ_SMS to package com.example.android.apis because it was previously installed without
05-27 12:35:36.815  1628  1665 W PackageManager: Not granting permission android.permission.READ_PHONE_STATE to package com.example.android.apis because it was previously installed without
05-27 12:35:36.815  1628  1665 W PackageManager: Not granting permission android.permission.RECORD_AUDIO to package com.example.android.apis because it was previously installed without
05-27 12:35:36.815  1628  1665 W PackageManager: Not granting permission android.permission.CAMERA to package com.example.android.apis because it was previously installed without
05-27 12:35:36.815  1628  1665 W PackageManager: Not granting permission android.permission.READ_EXTERNAL_STORAGE to package com.example.android.apis because it was previously installed without
05-27 12:35:36.815  1628  1665 W PackageManager: Unknown permission android.permission.RUN_INSTRUMENTATION in package org.chromium.webview_shell
05-27 12:35:36.815  1628  1665 W PackageManager: Unknown permission com.google.android.gallery3d.permission.PICASA_STORE in package com.google.android.apps.photos
05-27 12:35:36.815  1628  1665 W PackageManager: Not granting permission android.permission.WRITE_MEDIA_STORAGE to package com.google.android.apps.photos (protectionLevel=18 flags=0x38d8be45)
05-27 12:35:36.815  1628  1665 W PackageManager: Unknown permission com.google.android.gm.exchange.BIND in package com.google.android.calendar
05-27 12:35:36.815  1628  1665 W PackageManager: Not granting permission android.permission.CONTROL_KEYGUARD to package com.google.android.gsf.login (protectionLevel=2 flags=0x30c8be45)
05-27 12:35:36.815  1628  1665 W PackageManager: Unknown permission com.android.vending.billing.IBillingAccountService.BIND2 in package com.google.android.gsf.login
05-27 12:35:36.815  1628  1665 W PackageManager: Unknown permission com.android.launcher.permission.READ_SETTINGS in package com.android.settings
05-27 12:35:36.815  1628  1665 W PackageManager: Unknown permission com.android.launcher.permission.WRITE_SETTINGS in package com.android.settings
05-27 12:35:36.815  1628  1665 W PackageManager: Not granting permission android.permission.REGISTER_CONNECTION_MANAGER to package com.google.android.talk (protectionLevel=18 flags=0x30c9be45)
05-27 12:35:36.815  1628  1665 W PackageManager: Unknown permission com.android.smspush.WAPPUSH_MANAGER_BIND in package com.android.phone
05-27 12:35:36.815  1628  1665 W PackageManager: Not granting permission android.permission.BIND_APPWIDGET to package com.android.widgetpreview (protectionLevel=18 flags=0x3888be45)
05-27 12:35:36.824  1628  1628 I SystemServiceManager: Starting com.android.server.DeviceIdleController
05-27 12:35:36.830  1628  1628 I SystemServiceManager: Starting com.android.server.devicepolicy.DevicePolicyManagerService$Lifecycle
05-27 12:35:36.832  1628  1628 I SystemServer: StartStatusBarManagerService
05-27 12:35:36.832  1628  1628 I SystemServer: StartClipboardService
05-27 12:35:36.833  1628  1628 I SystemServer: StartNetworkManagementService
05-27 12:35:36.834  1628  1670 I NetworkManagement: onDaemonConnected()
05-27 12:35:36.835  1628  1628 I SystemServiceManager: Starting com.android.server.TextServicesManagerService$Lifecycle
05-27 12:35:36.836  1628  1628 I SystemServer: StartNetworkScoreService
05-27 12:35:36.836  1628  1628 I SystemServer: StartNetworkStatsService
05-27 12:35:36.838  1628  1628 I SystemServer: StartNetworkPolicyManagerService
05-27 12:35:36.840  1628  1628 I SystemServer: No Wi-Fi NAN Service (NAN support Not Present)
05-27 12:35:36.842  1628  1628 I SystemServiceManager: Starting com.android.server.wifi.p2p.WifiP2pService
05-27 12:35:36.849  1628  1628 I WifiP2pService: Registering wifip2p
05-27 12:35:36.849  1628  1628 I SystemServiceManager: Starting com.android.server.wifi.WifiService
05-27 12:35:36.861  1628  1665 W MountService: No primary storage defined yet; hacking together a stub
05-27 12:35:36.865  1628  1665 W MountService: No primary storage defined yet; hacking together a stub
05-27 12:35:36.865  1628  1665 W MountService: No primary storage mounted!
05-27 12:35:36.865  1628  1665 D VoldConnector: SND -> {2 asec list}
05-27 12:35:36.865  1628  1666 D VoldConnector: RCV <- {200 2 asec operation succeeded}
05-27 12:35:36.892  1628  1628 D HS20    : Passpoint is disabled
05-27 12:35:36.898  1398  1625 D CommandListener: Clearing all IP addresses on wlan0
05-27 12:35:37.100  1628  1628 E WifiLogger: no ring buffers found
05-27 12:35:37.100  1628  1628 E WifiLogger: Failed to start packet fate monitoring
05-27 12:35:37.100  1628  1675 D WifiApConfigStore: 2G band allowed channels are:1,6,11
05-27 12:35:37.102  1628  1628 D WifiController: isAirplaneModeOn = false, isWifiEnabled = true, isScanningAvailable = false
05-27 12:35:37.102  1628  1628 I WifiService: Registering wifi
05-27 12:35:37.102  1628  1628 I SystemServiceManager: Starting com.android.server.wifi.scanner.WifiScanningService
05-27 12:35:37.102  1628  1628 I WifiScanningService: Creating wifiscanner
05-27 12:35:37.110  1628  1628 I WifiScanningService: Publishing wifiscanner
05-27 12:35:37.111  1628  1628 I SystemServiceManager: Starting com.android.server.wifi.RttService
05-27 12:35:37.111  1628  1628 I RttService: Creating rttmanager
05-27 12:35:37.111  1628  1628 I RttService: Starting rttmanager
05-27 12:35:37.112  1628  1628 I SystemServer: StartConnectivityService
05-27 12:35:37.113  1628  1628 D ConnectivityService: ConnectivityService starting up
05-27 12:35:37.114  1628  1628 D ConnectivityService: wifiOnly=false
05-27 12:35:37.116  1628  1628 I SystemServer: StartNsdService
05-27 12:35:37.118  1628  1628 I SystemServer: StartUpdateLockService
05-27 12:35:37.118  1628  1628 I SystemServiceManager: Starting com.android.server.RecoverySystemService
05-27 12:35:37.119  1628  1628 I SystemServiceManager: Starting com.android.server.notification.NotificationManagerService
05-27 12:35:37.125  1628  1628 D ConditionProviders.SCP: new ScheduleConditionProvider()
05-27 12:35:37.129  1628  1628 I SystemServiceManager: Starting com.android.server.storage.DeviceStorageMonitorService
05-27 12:35:37.129  1628  1628 I SystemServer: StartLocationManagerService
05-27 12:35:37.130  1628  1628 I SystemServer: StartCountryDetectorService
05-27 12:35:37.131  1628  1628 I SystemServer: StartSearchManagerService
05-27 12:35:37.131  1628  1628 I SystemServiceManager: Starting com.android.server.search.SearchManagerService$Lifecycle
05-27 12:35:37.131  1628  1628 I SystemServiceManager: Starting com.android.server.DropBoxManagerService
05-27 12:35:37.132  1628  1628 I SystemServer: StartWallpaperManagerService
05-27 12:35:37.132  1628  1628 I SystemServiceManager: Starting com.android.server.wallpaper.WallpaperManagerService$Lifecycle
05-27 12:35:37.133  1628  1628 E BitmapFactory: Unable to decode stream: java.io.FileNotFoundException: /data/system/users/0/wallpaper_orig (No such file or directory)
05-27 12:35:37.133  1628  1628 E WallpaperManagerService: Invalid wallpaper data
05-27 12:35:37.133  1628  1628 E WallpaperManagerService: Unable to apply new wallpaper
05-27 12:35:37.133  1628  1628 I SystemServer: StartAudioService
05-27 12:35:37.133  1628  1628 I SystemServiceManager: Starting com.android.server.audio.AudioService$Lifecycle
05-27 12:35:37.136  1389  1414 D PermissionCache: checking android.permission.MODIFY_AUDIO_SETTINGS for uid=1000 => granted (96 us)
05-27 12:35:37.137  1628  1628 W TelecomManager: Telecom Service not found.
05-27 12:35:37.140  1628  1628 I SystemServiceManager: Starting com.android.server.DockObserver
05-27 12:35:37.141  1628  1628 W DockObserver: This kernel does not have dock station support
05-27 12:35:37.141  1628  1628 I SystemServer: StartWiredAccessoryManager
05-27 12:35:37.141  1628  1628 W WiredAccessoryManager: This kernel does not have usb audio support
05-27 12:35:37.141  1628  1628 W WiredAccessoryManager: This kernel does not have HDMI audio support
05-27 12:35:37.141  1628  1628 I SystemServiceManager: Starting com.android.server.midi.MidiService$Lifecycle
05-27 12:35:37.142  1628  1628 I SystemServiceManager: Starting com.android.server.usb.UsbService$Lifecycle
05-27 12:35:37.144  1628  1628 E UsbDeviceManager: failed to write to /sys/class/android_usb/android0/f_rndis/ethaddr
05-27 12:35:37.144  1628  1628 I UsbDeviceManager: Setting USB config to none
05-27 12:35:37.150  1628  1628 E UsbDeviceManagerJNI: could not open /dev/usb_accessory
05-27 12:35:37.152  1628  1628 I SystemServer: StartSerialService
05-27 12:35:37.152  1628  1628 E HardwarePropertiesManagerService-JNI: Couldn't load thermal module (No such file or directory)
05-27 12:35:37.153  1628  1628 I SystemServiceManager: Starting com.android.server.twilight.TwilightService
05-27 12:35:37.154  1628  1628 I SystemServiceManager: Starting com.android.server.job.JobSchedulerService
05-27 12:35:37.157  1628  1628 I SystemServiceManager: Starting com.android.server.soundtrigger.SoundTriggerService
05-27 12:35:37.157  1628  1628 I SystemServiceManager: Starting com.android.server.backup.BackupManagerService$Lifecycle
05-27 12:35:37.158  1628  1628 I SystemServiceManager: Starting com.android.server.appwidget.AppWidgetService
