05-27 12:35:41.004  2374  2374 D ExtensionsFactory: No custom extensions.
05-27 12:35:41.031  2374  2374 D BlockedNumbersAuto: Not attempting auto-migrate: already checked once.
05-27 12:35:41.037  1821  1821 V OtaStartupReceiver: onOtaspChanged: mOtaspMode=3
05-27 12:35:41.037  1628  1675 D WIFI    : Registering NetworkFactory
05-27 12:35:41.038  1628  1675 D WIFI_UT : Registering NetworkFactory
05-27 12:35:41.038  1628  1679 D ConnectivityService: Got NetworkFactory Messenger for WIFI
05-27 12:35:41.038  1628  1679 D ConnectivityService: Got NetworkFactory Messenger for WIFI_UT
05-27 12:35:41.038  1628  1675 D WIFI    : got request NetworkRequest [ id=1, legacyType=-1, [ Capabilities: INTERNET&NOT_RESTRICTED&TRUSTED&NOT_VPN] ] with score 50
05-27 12:35:41.038  1821  1821 D CarrierConfigLoader: mHandler: 13 phoneId: 0
05-27 12:35:41.038  1628  1675 D WIFI_UT : got request NetworkRequest [ id=1, legacyType=-1, [ Capabilities: INTERNET&NOT_RESTRICTED&TRUSTED&NOT_VPN] ] with score 50
05-27 12:35:41.038  1821  1821 D CarrierConfigLoader: mHandler: 7 phoneId: 0
05-27 12:35:41.039  1821  1821 D CarrierConfigLoader: Loaded config from XML. package=com.android.carrierconfig phoneId=0
05-27 12:35:41.039  1821  1821 D CarrierConfigLoader: mHandler: 5 phoneId: 0
05-27 12:35:41.040  1927  1927 I AlarmClock: AlarmInitReceiver android.intent.action.BOOT_COMPLETED
05-27 12:35:41.041  2222  2400 I chatty  : uid=10013(com.google.android.gms) highpool[0] expire 1 line
05-27 12:35:41.042  1821  1821 I MmsService: MmsConfigManager receiver action: android.telephony.action.CARRIER_CONFIG_CHANGED
05-27 12:35:41.043  2296  2296 I Bugle   : Carrier config changed. Reloading MMS config.
05-27 12:35:41.043  1821  2402 I MmsService: MmsConfigManager loads in background mcc/mnc: 310/260
05-27 12:35:41.043  2222  2403 I chatty  : uid=10013(com.google.android.gms) highpool[1] expire 1 line
05-27 12:35:41.045  1628  1628 I Telecom : PhoneAccountRegistrar: SimCallManager queried, returning: null: TSI.gSCMFU@ADY
05-27 12:35:41.049  1628  2145 D CountryDetector: The first listener is added
05-27 12:35:41.055  1695  1695 I SystemBroadcastReceiver: Boot has been completed
05-27 12:35:41.055  1695  1695 I SystemBroadcastReceiver: toggleAppIcon() : FLAG_SYSTEM = true
05-27 12:35:41.060  2404  2404 W art     : Unexpected CPU variant for X86 using defaults: x86
05-27 12:35:41.063  2374  2398 W CountryDetector: No location permissions, not registering for location updates.
05-27 12:35:41.070  1628  1849 I ActivityManager: Start proc 2404:com.android.managedprovisioning/u0a20 for broadcast com.android.managedprovisioning/.BootReminder
05-27 12:35:41.079  2404  2404 W System  : ClassLoader referenced unknown path: /system/priv-app/ManagedProvisioning/lib/x86
05-27 12:35:41.098  1821  1821 V OmtpBootCompletedRcvr: processing deferred subId list
05-27 12:35:41.101  2419  2419 W art     : Unexpected CPU variant for X86 using defaults: x86
05-27 12:35:41.109  1628  1978 I ActivityManager: Start proc 2419:com.android.providers.calendar/u0a2 for broadcast com.android.providers.calendar/.CalendarReceiver
05-27 12:35:41.121  2419  2419 W System  : ClassLoader referenced unknown path: /system/priv-app/CalendarProvider/lib/x86
05-27 12:35:41.162  2222  2366 I chatty  : uid=10013(com.google.android.gms) lowpool[0] expire 2 lines
05-27 12:35:41.163  2222  2437 I chatty  : uid=10013(com.google.android.gms) highpool[2] expire 1 line
05-27 12:35:41.165  2296  2350 W Bugle   : canonicalizeMccMnc: invalid mccmnc:null ,null
05-27 12:35:41.167  1628  1849 D MmsServiceBroker: getCarrierConfigValues() by com.google.android.apps.messaging
05-27 12:35:41.167  1821  2149 D MmsService: getCarrierConfigValues
05-27 12:35:41.167  1821  2149 I MmsService: mms config for sub 1: Bundle[{httpSocketTimeout=60000, aliasMinChars=2, smsToMmsTextThreshold=-1, enableSMSDeliveryReports=true, maxMessageTextSize=-1, supportMmsContentDisposition=true, enabledTransID=false, aliasEnabled=false, supportHttpCharsetHeader=false, allowAttachAudio=true, smsToMmsTextLengthThreshold=-1, recipientLimit=2147483647, uaProfTagName=x-wap-profile, aliasMaxChars=48, maxImageHeight=1944, enableMMSDeliveryReports=false, userAgent=, config_cellBroadcastAppLinks=true, maxSubjectLength=40, httpParams=, enableGroupMms=true, emailGatewayNumber=, maxMessageSize=1048576, naiSuffix=, enableMMSReadReports=false, maxImageWidth=2592, uaProfUrl=, enabledMMS=false, enabledNotifyWapMMSC=false, sendMultipartSmsAsSeparateMessages=false, enableMultipartSMS=true}]
05-27 12:35:41.167  2296  2350 I Bugle   : Carrier configs loaded: Bundle[{httpSocketTimeout=60000, aliasMinChars=2, smsToMmsTextThreshold=-1, enableSMSDeliveryReports=true, maxMessageTextSize=-1, supportMmsContentDisposition=true, enabledTransID=false, aliasEnabled=false, supportHttpCharsetHeader=false, allowAttachAudio=true, spamForwardingNumber=7726, smsToMmsTextLengthThreshold=-1, recipientLimit=2147483647, uaProfTagName=x-wap-profile, aliasMaxChars=48, maxImageHeight=1944, enableMMSDeliveryReports=false, userAgent=, config_cellBroadcastAppLinks=true, maxSubjectLength=40, httpParams=, enableGroupMms=true, emailGatewayNumber=, maxMessageSize=1048576, naiSuffix=, enableMMSReadReports=false, maxImageWidth=2592, uaProfUrl=, enabledMMS=false, enabledNotifyWapMMSC=false, sendMultipartSmsAsSeparateMessages=false, enableMultipartSMS=true}] from resources+system for subId=1
05-27 12:35:41.168  2419  2419 I CalendarProvider2: Created com.android.providers.calendar.CalendarAlarmManager@f08230a(com.android.providers.calendar.CalendarProvider2@4e0277b)
05-27 12:35:41.209  2222  2366 I chatty  : uid=10013(com.google.android.gms) lowpool[0] expire 11 lines
05-27 12:35:41.322  2445  2445 W art     : Unexpected CPU variant for X86 using defaults: x86
05-27 12:35:41.332  1628  2145 I ActivityManager: Start proc 2445:com.android.vending/u0a21 for broadcast com.android.vending/com.google.android.finsky.receivers.BootCompletedReceiver
05-27 12:35:41.339  2445  2445 W System  : ClassLoader referenced unknown path: /system/priv-app/Phonesky/lib/x86
05-27 12:35:41.367  2222  2459 I chatty  : uid=10013(com.google.android.gms) highpool[3] expire 1 line
05-27 12:35:41.375  2222  2366 I chatty  : uid=10013(com.google.android.gms) lowpool[0] expire 3 lines
05-27 12:35:41.383  2222  2459 I chatty  : uid=10013(com.google.android.gms) highpool[3] expire 1 line
05-27 12:35:41.387  2222  2401 I chatty  : uid=10013(com.google.android.gms) lowpool[3] expire 1 line
05-27 12:35:41.399  1695  1695 I LatinIME: Timeout waiting for dictionary load
05-27 12:35:41.403  2445  2445 W Finsky  : [1] com.google.android.finsky.FinskyApp.i(1468): No account configured on this device.
05-27 12:35:41.403  2133  2442 W MediaScanner: Error opening directory '/oem/media/', skipping: No such file or directory.
05-27 12:35:41.408  2445  2445 W Finsky  : [1] com.google.android.finsky.FinskyApp.i(1468): No account configured on this device.
05-27 12:35:41.411  2445  2445 W Finsky  : [1] com.google.android.finsky.FinskyApp.i(1468): No account configured on this device.
05-27 12:35:41.412  2445  2445 W Finsky  : [1] com.google.android.finsky.FinskyApp.i(1468): No account configured on this device.
05-27 12:35:41.419  2445  2445 I Finsky  : [1] com.google.android.finsky.FinskyApp.onCreate(430): Initializing network with DFE https://android.clients.google.com/fdfe/
05-27 12:35:41.420  2445  2445 W Finsky  : [1] com.google.android.finsky.FinskyApp.i(1468): No account configured on this device.
05-27 12:35:41.431  1628  2026 V KeyValueBackupJob: Scheduling k/v pass in 243 minutes
05-27 12:35:41.434  2445  2445 W Finsky  : [1] com.google.android.finsky.FinskyApp.i(1468): No account configured on this device.
05-27 12:35:41.435  2445  2445 W Finsky  : [1] com.google.android.finsky.FinskyApp.i(1468): No account configured on this device.
05-27 12:35:41.436  2445  2445 W Finsky  : [1] com.google.android.finsky.FinskyApp.i(1468): No account configured on this device.
05-27 12:35:41.436  2445  2445 W Finsky  : [1] com.google.android.finsky.FinskyApp.i(1468): No account configured on this device.
05-27 12:35:41.441  2445  2445 W Finsky  : [1] com.google.android.finsky.FinskyApp.i(1468): No account configured on this device.
05-27 12:35:41.441  2445  2445 W Finsky  : [1] com.google.android.finsky.FinskyApp.i(1468): No account configured on this device.
05-27 12:35:41.448  2445  2445 W Finsky  : [1] com.google.android.finsky.FinskyApp.i(1468): No account configured on this device.
05-27 12:35:41.448  2445  2445 W Finsky  : [1] com.google.android.finsky.FinskyApp.i(1468): No account configured on this device.
05-27 12:35:41.449  2445  2445 I Finsky  : [1] com.google.android.finsky.services.DailyHygiene.a(171): No need to run daily hygiene.
05-27 12:35:41.450  2445  2445 W Finsky  : [1] com.google.android.finsky.FinskyApp.i(1468): No account configured on this device.
05-27 12:35:41.454  2445  2445 W Settings: Setting download_manager_max_bytes_over_mobile has moved from android.provider.Settings.Secure to android.provider.Settings.Global.
05-27 12:35:41.454  2445  2445 W Settings: Setting download_manager_recommended_max_bytes_over_mobile has moved from android.provider.Settings.Secure to android.provider.Settings.Global.
05-27 12:35:41.461  2445  2445 W Finsky  : [1] com.google.android.finsky.FinskyApp.i(1468): No account configured on this device.
05-27 12:35:41.462  2445  2445 W Finsky  : [1] com.google.android.finsky.FinskyApp.i(1468): No account configured on this device.
05-27 12:35:41.463  2445  2445 W Finsky  : [1] com.google.android.finsky.FinskyApp.i(1468): No account configured on this device.
05-27 12:35:41.463  2445  2445 W Finsky  : [1] com.google.android.finsky.FinskyApp.i(1468): No account configured on this device.
05-27 12:35:41.464  2445  2445 W Finsky  : [1] com.google.android.finsky.FinskyApp.i(1468): No account configured on this device.
05-27 12:35:41.464  2445  2445 W Finsky  : [1] com.google.android.finsky.FinskyApp.b(1150): No account configured on this device.
05-27 12:35:41.465  2445  2445 W Finsky  : [1] com.google.android.finsky.FinskyApp.i(1468): No account configured on this device.
05-27 12:35:41.466  2445  2486 W Finsky  : [141] com.google.android.finsky.FinskyApp.i(1468): No account configured on this device.
05-27 12:35:41.469  2487  2487 W art     : Unexpected CPU variant for X86 using defaults: x86
05-27 12:35:41.479  1628  1638 I ActivityManager: Start proc 2487:com.google.android.apps.maps/u0a58 for broadcast com.google.android.apps.maps/com.google.android.apps.gmm.navigation.service.detection.StartDetectionReceiver
05-27 12:35:41.482  2445  2445 I Finsky  : [1] com.google.android.finsky.c.l.a(270): result=false type=4
05-27 12:35:41.485  2487  2487 W System  : ClassLoader referenced unknown path: /system/app/Maps/lib/x86
05-27 12:35:41.551  2445  2445 I Finsky  : [1] com.google.android.finsky.services.bc.a(1050): Restore complete with 0 success and 0 failed.
05-27 12:35:41.554  2445  2486 W Finsky  : [141] com.google.android.finsky.FinskyApp.i(1468): No account configured on this device.
05-27 12:35:41.629  1628  1648 W WindowManager: App freeze timeout expired.
05-27 12:35:41.684  2515  2515 W art     : Unexpected CPU variant for X86 using defaults: x86
05-27 12:35:41.690  2487  2507 W com.google.a.a.b.d.a: Application name is not set. Call Builder#setApplicationName.
05-27 12:35:41.694  1628  2131 I ActivityManager: Start proc 2515:com.google.android.apps.photos/u0a63 for broadcast com.google.android.apps.photos/.camerashortcut.CameraShortcutBroadcastReceiver
05-27 12:35:41.701  2515  2515 W System  : ClassLoader referenced unknown path: /system/app/Photos/lib/x86
05-27 12:35:41.718  2296  2530 I BugleDataModel: ExpireWapPushSiMessageAction
05-27 12:35:41.720  2296  2530 V BugleDataModel: getOrCreateThreadId uri: content://mms-sms/threadID?recipient=%CA%BCWAP_PUSH_SI!%CA%BC
05-27 12:35:41.727  2296  2530 W BugleDataModel: ExpireWapPushSiMessageAction: no WAP Push SI messages
05-27 12:35:41.818  2515  2515 W TrustedPartners: no provider found for com.motorola.camera.provider.bestshotprovider.BestShotProvider; do not trust
05-27 12:35:41.818  2515  2515 W TrustedPartners: no provider found for com.google.android.apps.photos.api.SpecialTypesProvider; do not trust
05-27 12:35:41.818  2515  2515 W TrustedPartners: no provider found for com.lge.photos.specialtypeprovider; do not trust
05-27 12:35:41.823  2542  2542 W art     : Unexpected CPU variant for X86 using defaults: x86
05-27 12:35:41.831  1628  1638 I ActivityManager: Start proc 2542:com.google.android.apps.photos:CameraShortcut/u0a63 for service com.google.android.apps.photos/.camerashortcut.CameraShortcutServiceImpl
05-27 12:35:41.835  2542  2542 W System  : ClassLoader referenced unknown path: /system/app/Photos/lib/x86
05-27 12:35:41.848  2557  2557 W art     : Unexpected CPU variant for X86 using defaults: x86
05-27 12:35:41.858  1628  1849 I ActivityManager: Start proc 2557:com.google.android.calendar/u0a33 for broadcast com.google.android.calendar/com.android.calendar.alerts.AlertReceiver
05-27 12:35:41.865  2557  2557 W System  : ClassLoader referenced unknown path: /system/app/CalendarGooglePrebuilt/lib/x86
05-27 12:35:41.875  2542  2542 W TrustedPartners: no provider found for com.motorola.camera.provider.bestshotprovider.BestShotProvider; do not trust
05-27 12:35:41.875  2542  2542 W TrustedPartners: no provider found for com.google.android.apps.photos.api.SpecialTypesProvider; do not trust
05-27 12:35:41.875  2542  2542 W TrustedPartners: no provider found for com.lge.photos.specialtypeprovider; do not trust
05-27 12:35:41.912  1628  1978 W ActivityManager: Unable to start service Intent { act=com.google.android.gms.playlog.service.START pkg=com.google.android.gms } U=0: not found
05-27 12:35:41.912  1628  1708 W ActivityManager: Unbind failed: could not find connection for android.os.BinderProxy@19800b1
05-27 12:35:41.913  2557  2557 E GmsClient: unable to connect to service: com.google.android.gms.playlog.service.START
05-27 12:35:41.916  2557  2557 E TimelyPrefService: Primary account is null
05-27 12:35:41.935  2557  2557 W AnalyticsLogBase: PlayLogger.onLoggerFailedConnection
05-27 12:35:41.944  2593  2593 W art     : Unexpected CPU variant for X86 using defaults: x86
05-27 12:35:41.952  1628  2145 I ActivityManager: Start proc 2593:com.google.android.configupdater/u0a5 for broadcast com.google.android.configupdater/.CertPin.CertPinUpdateRequestReceiver
05-27 12:35:41.960  2593  2593 W System  : ClassLoader referenced unknown path: /system/priv-app/ConfigUpdater/lib/x86
05-27 12:35:41.972  2593  2593 E ConfigUpdater: ignoring update request
05-27 12:35:41.974  2593  2593 E ConfigUpdater: ignoring update request
05-27 12:35:41.976  2593  2593 E ConfigUpdater: ignoring update request
05-27 12:35:41.978  2593  2593 E ConfigUpdater: ignoring update request
05-27 12:35:41.980  2593  2593 E ConfigUpdater: ignoring update request
05-27 12:35:41.981  2593  2593 E ConfigUpdater: ignoring update request
05-27 12:35:41.983  2593  2593 E ConfigUpdater: ignoring update request
05-27 12:35:41.986  2623  2623 W art     : Unexpected CPU variant for X86 using defaults: x86
05-27 12:35:41.993  1628  1882 I ActivityManager: Start proc 2623:com.google.android.gm/u0a66 for broadcast com.google.android.gm/.GoogleMailDeviceStartupReceiver
05-27 12:35:42.004  2623  2623 W System  : ClassLoader referenced unknown path: /system/app/PrebuiltGmail/lib/x86
05-27 12:35:42.032  2623  2623 W EasBundling: in EasBundling.init, isBundlingEnabled=true
05-27 12:35:42.037  2623  2643 I Gmail   : getAccountsCursor
05-27 12:35:42.037  2623  2644 D ActivityThread: Loading provider com.google.android.gmail.provider;com.android.mail.notifier;com.google.android.gm.email.provider;com.google.android.gm.email.notifier: com.android.email.provider.EmailProvider
05-27 12:35:42.051  2043  2043 I chatty  : uid=10013 com.google.android.gms.persistent expire 2 lines
05-27 12:35:42.080  2623  2623 W GAV2    : Thread[main,5,main]: Need to call initialize() and be in fallback mode to start dispatch.
05-27 12:35:42.103  2623  2644 I Gmail   : Initiated Service map for: [gPop3, gLegacyImap, gEas, gmail]
05-27 12:35:42.105  2623  2623 I Gmail   : Account list changed
05-27 12:35:42.108  2623  2653 I Gmail   : No Email application installed
05-27 12:35:42.109  2623  2653 I EmailMigration: No data to migrate
05-27 12:35:42.109  2623  2653 W EmailMigration: No Exchange migration, not the right Email provider version
05-27 12:35:42.110  2623  2643 I Gmail   : getAccountsCursor
05-27 12:35:42.114  1628  1849 W ActivityManager: Unable to start service Intent { cmp=com.google.android.gm/com.android.email.service.AttachmentService } U=0: not found
05-27 12:35:42.116  2623  2655 I Gmail   : Observing account changes for notifications
05-27 12:35:42.133  2623  2623 I Gmail   : Account list changed
05-27 12:35:42.136  2623  2623 I Exchange: EasService.onCreate
05-27 12:35:42.136  1628  1977 W ActivityManager: Unable to start service Intent { cmp=com.google.android.gm.exchange/com.android.exchange.service.EasService } U=0: not found
05-27 12:35:42.137  2623  2623 I Exchange: EasService.onCreate stoppedOldService=false
05-27 12:35:42.137  2623  2644 I Exchange: RestartPingTask
05-27 12:35:42.137  2623  2623 I Gmail   : Account list changed
05-27 12:35:42.140  2623  2623 W EasBundling: Gmail: isExchangeLegacy=false action=android.intent.action.BOOT_COMPLETED data=null
05-27 12:35:42.143  2623  2623 I Exchange: RestartPingsTask did not start any pings.
05-27 12:35:42.143  2623  2623 I Exchange: PSS stopIfIdle
05-27 12:35:42.143  2623  2623 I Exchange: PSS has no active accounts; stopping service.
05-27 12:35:42.143  2623  2643 I Gmail   : getAccountsCursor
05-27 12:35:42.145  2623  2623 I Exchange: onDestroy
05-27 12:35:42.146  2623  2623 I Gmail   : Account list changed
05-27 12:35:42.147  2222  2222 I chatty  : uid=10013(com.google.android.gms) expire 3 lines
05-27 12:35:42.181  2665  2665 W art     : Unexpected CPU variant for X86 using defaults: x86
05-27 12:35:42.188  1628  1849 I ActivityManager: Start proc 2665:com.google.android.onetimeinitializer/u0a16 for broadcast com.google.android.onetimeinitializer/.OneTimeInitializerReceiver
05-27 12:35:42.192  2665  2665 W System  : ClassLoader referenced unknown path: /system/priv-app/GoogleOneTimeInitializer/lib/x86
05-27 12:35:42.194  2665  2665 V OneTimeInitializerReceiver: OneTimeInitializerReceiver.onReceive
05-27 12:35:42.198  2665  2679 V OneTimeService: OneTimeService.onHandleIntent
05-27 12:35:42.198  2665  2679 V OneTimeService: Already run, doing nothing.
05-27 12:35:42.210  2419  2419 I CalendarProvider2: Sending notification intent: Intent { act=android.intent.action.PROVIDER_CHANGED dat=content://com.android.calendar flg=0x20000000 }
05-27 12:35:42.211  2419  2419 W ContentResolver: Failed to get type for: content://com.android.calendar (Unknown URL content://com.android.calendar)
05-27 12:35:42.215  2689  2689 W art     : Unexpected CPU variant for X86 using defaults: x86
05-27 12:35:42.222  1628  1708 I ActivityManager: Start proc 2689:com.google.process.gapps/u0a50 for broadcast com.google.android.syncadapters.contacts/.ContactsSyncAdapterBroadcastReceiver
05-27 12:35:42.230  2689  2689 W System  : ClassLoader referenced unknown path: /system/app/GoogleContactsSyncAdapter/lib/x86
05-27 12:35:42.237  2209  2686 I RlzPingService: Setting next ping for 1653842649615
05-27 12:35:42.242  2043  2043 I chatty  : uid=10013 com.google.android.gms.persistent expire 2 lines
05-27 12:35:42.246  2043  2054 I chatty  : uid=10013(com.google.android.gms) Binder:2043_1 expire 1 line
05-27 12:35:42.252  2222  2391 I chatty  : uid=10013(com.google.android.gms) expire 1 line
05-27 12:35:42.258  2689  2689 I GoogleHttpClient: GMS http client unavailable, use old client
05-27 12:35:42.268  2710  2710 W art     : Unexpected CPU variant for X86 using defaults: x86
05-27 12:35:42.270  1628  1882 I ActivityManager: Start proc 2710:com.google.android.talk/u0a55 for broadcast com.google.android.talk/com.google.android.apps.hangouts.service.BootReceiver
05-27 12:35:42.286  2710  2710 W System  : ClassLoader referenced unknown path: /system/app/Hangouts/lib/x86
05-27 12:35:42.299  2043  2724 I chatty  : uid=10013 com.google.android.gms.persistent expire 1 line
05-27 12:35:42.300  2043  2043 I chatty  : uid=10013 com.google.android.gms.persistent expire 4 lines
05-27 12:35:42.304  2043  2727 I chatty  : uid=10013 com.google.android.gms.persistent expire 1 line
05-27 12:35:42.349  2222  2735 I chatty  : uid=10013(com.google.android.gms) expire 1 line
05-27 12:35:42.352  2222  2737 I chatty  : uid=10013(com.google.android.gms) expire 1 line
05-27 12:35:42.380  2222  2390 I chatty  : uid=10013(com.google.android.gms) expire 1 line
05-27 12:35:42.401  2043  2043 I chatty  : uid=10013 com.google.android.gms.persistent expire 1 line
05-27 12:35:42.406  2043  2370 I chatty  : uid=10013(com.google.android.gms) Binder:2043_3 expire 3 lines
05-27 12:35:42.445  2043  2706 I chatty  : uid=10013(com.google.android.gms) Binder:2043_4 expire 1 line
05-27 12:35:42.451  2710  2710 I Babel_telephony: TeleModule.onApplicationCreate
05-27 12:35:42.453  2222  2728 I chatty  : uid=10013(com.google.android.gms) expire 4 lines
05-27 12:35:42.460  2222  2702 I chatty  : uid=10013(com.google.android.gms) expire 2 lines
05-27 12:35:42.462  2222  2741 I chatty  : uid=10013(com.google.android.gms) expire 3 lines
05-27 12:35:42.470  1628  2145 V BackupManagerService: selectBackupTransport() set com.google.android.gms/.backup.BackupTransportService returning com.google.android.gms/.backup.BackupTransportService
05-27 12:35:42.472  2222  2401 I chatty  : uid=10013(com.google.android.gms) lowpool[3] expire 2 lines
05-27 12:35:42.485  2222  2740 I chatty  : uid=10013(com.google.android.gms) expire 3 lines
05-27 12:35:42.492  2222  2459 I chatty  : uid=10013(com.google.android.gms) highpool[3] expire 2 lines
05-27 12:35:42.494  2222  2735 I chatty  : uid=10013(com.google.android.gms) expire 4 lines
05-27 12:35:42.520  2043  2664 I chatty  : uid=10013 com.google.android.gms.persistent expire 1 line
05-27 12:35:42.524  2710  2755 I Babel_SMS: MmsConfig: mnc/mcc: 310/260
05-27 12:35:42.524  2710  2755 I Babel_SMS: MmsConfig.loadMmsSettings
05-27 12:35:42.529  2710  2755 I Babel_SMS: MmsConfig.loadDeviceMmsSettings from API: mUserAgent=GoldfishNexus, mUaProfUrl=http://gsm.lge.com/html/gsm/Nexus5-M3.xml
05-27 12:35:42.529  2710  2755 I Babel_SMS: MmsConfig.loadFromDatabase
05-27 12:35:42.537  2710  2755 E SQLiteLog: (1) no such table: mmsconfig
05-27 12:35:42.537  2710  2755 I Babel_SMS: MmsConfig: no mmsconfig table android.database.sqlite.SQLiteException: no such table: mmsconfig (code 1): , while compiling: SELECT key, value, type FROM mmsconfig WHERE numeric=?
05-27 12:35:42.537  2710  2755 I Babel_SMS: MmsConfig.loadFromResources
05-27 12:35:42.538  2710  2710 I Babel_Crash: Startup - clean
05-27 12:35:42.542  2710  2755 E Babel_SMS: canonicalizeMccMnc: invalid mccmnc nullnull
05-27 12:35:42.542  2710  2755 W Babel_SMS: MmsConfig: invalid key=userAgent or type=string
05-27 12:35:42.544  2710  2755 W Babel_SMS: MmsConfig: invalid key=uaProfUrl or type=string
05-27 12:35:42.544  2710  2755 I Babel_SMS: MmsConfig.loadMmsSettings: mUserAgent=GoldfishNexus, mUaProfUrl=http://gsm.lge.com/html/gsm/Nexus5-M3.xml
05-27 12:35:42.567  2043  2056 I chatty  : uid=10013(com.google.android.gms) Binder:2043_2 expire 1 line
05-27 12:35:42.577  2222  2740 I Authzen : [AuthZenEventHandler] Handling event: android.intent.action.BOOT_COMPLETED
05-27 12:35:42.581  2766  2766 W art     : Unexpected CPU variant for X86 using defaults: x86
05-27 12:35:42.589  1628  2131 I ActivityManager: Start proc 2766:com.google.android.gms.unstable/u0a13 for service com.google.android.gms/.droidguard.DroidGuardService
05-27 12:35:42.592  2043  2043 W ConfigurationChimeraPro: Got null configs for com.google.android.gms.fitness
05-27 12:35:42.597  2766  2766 W System  : ClassLoader referenced unknown path: /system/priv-app/PrebuiltGmsCore/lib/x86
05-27 12:35:42.603  2766  2766 I LoadedApk: No resource references to update in package FFFFFFFFFFFFFFFFFFFFFF
05-27 12:35:42.613  2766  2766 W System  : ClassLoader referenced unknown path: /system/priv-app/PrebuiltGmsCore/lib/x86
05-27 12:35:42.613  2766  2766 W System  : ClassLoader referenced unknown path: /system/priv-app/PrebuiltGmsCore/lib/x86
05-27 12:35:42.614  2766  2766 W System  : ClassLoader referenced unknown path: /system/priv-app/PrebuiltGmsCore/lib/x86
05-27 12:35:42.614  2766  2766 W System  : ClassLoader referenced unknown path: /system/priv-app/PrebuiltGmsCore/lib/x86
05-27 12:35:42.615  2766  2766 W linker  : /data/user_de/0/com.google.android.gms/app_extracted_libs/x86/libconscrypt_gmscore_jni.so: unused DT entry: type 0xf arg 0x91
05-27 12:35:42.615  2766  2766 V NativeCrypto: Registering com/google/android/gms/org/conscrypt/NativeCrypto's 276 native methods...
05-27 12:35:42.619  2766  2766 D NetworkSecurityConfig: No Network Security Config specified, using platform default
05-27 12:35:42.619  2766  2766 I ProviderInstaller: Installed default security provider GmsCore_OpenSSL
05-27 12:35:42.628  2043  2043 W System  : ClassLoader referenced unknown path: /system/priv-app/PrebuiltGmsCore/lib/x86
05-27 12:35:42.629  2043  2043 W System  : ClassLoader referenced unknown path: /system/priv-app/PrebuiltGmsCore/lib/x86
05-27 12:35:42.634  2710  2710 W Babel   : On boot, found 0 ready accounts
05-27 12:35:42.640  2222  2741 I Icing   : Using regular flags by method 2
05-27 12:35:42.641  2790  2790 W art     : Unexpected CPU variant for X86 using defaults: x86
05-27 12:35:42.649  1628  2145 I ActivityManager: Start proc 2790:com.google.android.youtube/u0a73 for broadcast com.google.android.youtube/com.google.android.libraries.youtube.upload.service.UploadService$BootReceiver
05-27 12:35:42.662  2710  2710 D Babel   : onCreate: Shutdown runnable posted in onCreate with a delay of 5000 ms.
05-27 12:35:42.663  2790  2790 W System  : ClassLoader referenced unknown path: /system/app/YouTube/lib/x86
05-27 12:35:42.673  2043  2043 I NetworkScheduler: Using standalone scheduling engine
05-27 12:35:42.674  2710  2710 W System  : ClassLoader referenced unknown path: /system/priv-app/PrebuiltGmsCore/lib/x86
05-27 12:35:42.677  2222  2459 I EventLogChimeraService: Accumulating logs since 1653634454144
05-27 12:35:42.679  2043  2056 W ConfigurationChimeraPro: Got null configs for com.google.android.gms.droidguard
05-27 12:35:42.698  2710  2710 W System  : ClassLoader referenced unknown path: /system/priv-app/PrebuiltGmsCore/lib/x86
05-27 12:35:42.698  2710  2710 W System  : ClassLoader referenced unknown path: /system/priv-app/PrebuiltGmsCore/lib/x86
05-27 12:35:42.701  2710  2710 W System  : ClassLoader referenced unknown path: /system/priv-app/PrebuiltGmsCore/lib/x86
05-27 12:35:42.701  2710  2710 W System  : ClassLoader referenced unknown path: /system/priv-app/PrebuiltGmsCore/lib/x86
05-27 12:35:42.702  2710  2710 W linker  : /data/user_de/0/com.google.android.gms/app_extracted_libs/x86/libconscrypt_gmscore_jni.so: unused DT entry: type 0xf arg 0x91
05-27 12:35:42.704  2710  2710 V NativeCrypto: Registering com/google/android/gms/org/conscrypt/NativeCrypto's 276 native methods...
05-27 12:35:42.710  2710  2710 D NetworkSecurityConfig: No Network Security Config specified, using platform default
05-27 12:35:42.711  2710  2710 I ProviderInstaller: Installed default security provider GmsCore_OpenSSL
05-27 12:35:42.720  2820  2820 W art     : Unexpected CPU variant for X86 using defaults: x86
05-27 12:35:42.727  1628  1708 I ActivityManager: Start proc 2820:com.google.android.gms.ui/u0a13 for service com.google.android.gms/.chimera.UiIntentOperationService
05-27 12:35:42.738  2820  2820 W System  : ClassLoader referenced unknown path: /system/priv-app/PrebuiltGmsCore/lib/x86
05-27 12:35:42.760  2820  2820 I LoadedApk: No resource references to update in package FFFFFFFFFFFFFFFFFFFFFF
05-27 12:35:42.760  2222  2703 I Ads     : Parental control value is stale. Refreshing.
05-27 12:35:42.762  2710  2817 D Babel   : Idle: Shutdown runnable posted in release with a delay of 5000 ms.
05-27 12:35:42.764  2222  2703 I Ads     : Initialized AdMob from dev at 172403884 in container 11.7.43 (470-172403884)
05-27 12:35:42.765  2445  2457 W Finsky  : [114] com.google.android.finsky.FinskyApp.i(1468): No account configured on this device.
05-27 12:35:42.765  2222  2222 I Ads     : Successfully received play store parental controls the result.
05-27 12:35:42.781  2820  2820 W System  : ClassLoader referenced unknown path: /system/priv-app/PrebuiltGmsCore/lib/x86
05-27 12:35:42.781  2820  2820 W System  : ClassLoader referenced unknown path: /system/priv-app/PrebuiltGmsCore/lib/x86
05-27 12:35:42.782  2820  2820 W System  : ClassLoader referenced unknown path: /system/priv-app/PrebuiltGmsCore/lib/x86
05-27 12:35:42.783  2820  2820 W System  : ClassLoader referenced unknown path: /system/priv-app/PrebuiltGmsCore/lib/x86
05-27 12:35:42.784  2820  2820 W linker  : /data/user_de/0/com.google.android.gms/app_extracted_libs/x86/libconscrypt_gmscore_jni.so: unused DT entry: type 0xf arg 0x91
05-27 12:35:42.786  2820  2820 V NativeCrypto: Registering com/google/android/gms/org/conscrypt/NativeCrypto's 276 native methods...
05-27 12:35:42.794  2820  2820 D NetworkSecurityConfig: No Network Security Config specified, using platform default
05-27 12:35:42.795  2820  2820 I ProviderInstaller: Installed default security provider GmsCore_OpenSSL
05-27 12:35:42.805  1628  1849 W ActivityManager: Unable to start service Intent { act=com.google.android.gms.nearby.discovery:ACTION_INIT_MESSAGES_PATH cmp=com.google.android.gms/.nearby.discovery.service.DiscoveryService } U=0: not found
05-27 12:35:42.807  2222  2703 W NetRec  : [128] NetrecModuleInitIntentOperation.a: Device does not support scoring, exiting
05-27 12:35:42.830  2790  2844 W System  : ClassLoader referenced unknown path: /system/priv-app/PrebuiltGmsCore/lib/x86
05-27 12:35:42.847  2790  2844 W System  : ClassLoader referenced unknown path: /system/priv-app/PrebuiltGmsCore/lib/x86
05-27 12:35:42.852  2222  2459 I ProcessCheckinRequest: Get token from PseudonymousIdApi: 511=B2A3r-guOzF-xzOTmWzZmueVRlk55FQc5slJTDNv60ukoos-Cryg6iqpBy01bdHVGUSp0llZCnUxc4HQc-QdyS-7t2Y4qjjguqrWSlbLgfUOpaXrz1i9YrzQdwBfQr4fqXu-TOW6PsMU1CYPrmfJGZyNc9H7iImKlS1cVnwUCL8
05-27 12:35:42.852  2790  2844 W System  : ClassLoader referenced unknown path: /system/priv-app/PrebuiltGmsCore/lib/x86
05-27 12:35:42.856  2043  2863 W ConfigurationChimeraPro: Got null configs for com.google.android.gms.notifications
05-27 12:35:42.858  2790  2844 W System  : ClassLoader referenced unknown path: /system/priv-app/PrebuiltGmsCore/lib/x86
05-27 12:35:42.863  2222  2702 E DeviceContactImportDelegate: Device contact import is disabled.
05-27 12:35:42.867  2790  2844 W System  : ClassLoader referenced unknown path: /system/priv-app/PrebuiltGmsCore/lib/x86
05-27 12:35:42.870  2790  2844 W linker  : /data/user_de/0/com.google.android.gms/app_extracted_libs/x86/libconscrypt_gmscore_jni.so: unused DT entry: type 0xf arg 0x91
05-27 12:35:42.871  2790  2844 V NativeCrypto: Registering com/google/android/gms/org/conscrypt/NativeCrypto's 276 native methods...
05-27 12:35:42.873  2222  2459 I CheckinRequestBuilder: Checkin reason type: 1 attempt count: 1
05-27 12:35:42.892  2790  2844 D NetworkSecurityConfig: No Network Security Config specified, using platform default
05-27 12:35:42.895  2222  2702 E DeviceContactImportDelegate: Data layer device contacts import is disabled.
05-27 12:35:42.896  2222  2702 E DeviceContactImportDelegate: Device contact import is disabled.
05-27 12:35:42.898  2790  2844 I ProviderInstaller: Installed default security provider GmsCore_OpenSSL
05-27 12:35:42.902  2222  2857 I FA-SVC  : App measurement is starting up, version: 11743
05-27 12:35:42.904  2222  2728 I MS_RegisterService: RegisterService intent:Intent { act=com.google.android.gms.matchstick.register_intent_action cat=[targeted_intent_op_prefix:com.google.android.libraries.matchstick.net.SilentRegisterIntentOperation] cmp=com.google.android.gms/.chimera.GmsIntentOperationService } isPeriodic:false
05-27 12:35:42.911  2222  2702 E DeviceContactImportDelegate: Data layer device contacts import is disabled.
05-27 12:35:42.912  2222  2702 E DeviceContactImportDelegate: Device contact import is disabled.
05-27 12:35:42.914  2222  2459 E ActivityThread: Failed to find provider info for com.google.android.wearable.settings
05-27 12:35:42.923  2222  2702 E DeviceContactImportDelegate: Data layer device contacts import is disabled.
05-27 12:35:42.924  2222  2857 I FA-SVC  : This instance being marked as an uploader
05-27 12:35:42.925  2043  2341 I MagicTether: [HostValidator] InvalidHost. MobileData: true, Tethering: false, whitelist: false, ble: false
05-27 12:35:42.929  2222  2728 I MS_PhoneUtils: Phone type: 1
05-27 12:35:42.937  2820  2871 I MagicTether: [HostValidator] InvalidHost. MobileData: true, Tethering: false, whitelist: false, ble: false
05-27 12:35:42.944  2222  2728 I MS_RegisterService: Doing full registration.
05-27 12:35:43.008  2043  2056 W ConfigurationChimeraPro: Got null configs for com.google.android.gms.mdm
05-27 12:35:43.055  2043  2370 W ConfigurationChimeraPro: Got null configs for com.google.android.gms.trustagent.common
05-27 12:35:43.059  2222  2702 I CmaSystemUpdateService: Runtime init receiver: Intent { act=android.intent.action.BOOT_COMPLETED flg=0x9000010 cmp=com.google.android.gms/.chimera.GmsIntentOperationService (has extras) } with flags: 2
05-27 12:35:43.059  2222  2702 I CmaSystemUpdateService: receiver: Intent { act=android.intent.action.BOOT_COMPLETED flg=0x9000010 cmp=com.google.android.gms/.chimera.GmsIntentOperationService (has extras) }
05-27 12:35:43.066  2043  2892 W ConfigurationChimeraPro: Got null configs for com.google.android.gms.tapandpay_legacy_gservices
05-27 12:35:43.078  2222  2390 I Vision  : Supported ABIS: [x86]
05-27 12:35:43.110  2222  2222 I CmaSystemUpdateService: connectivity change: Intent { act=android.net.conn.CONNECTIVITY_CHANGE flg=0x4000010 (has extras) }
05-27 12:35:43.110  2222  2222 I CmaSystemUpdateService: receiver: Intent { act=android.net.conn.CONNECTIVITY_CHANGE flg=0x4000010 (has extras) }
05-27 12:35:43.131  2222  2366 W Herrevad: [103] tvy.c: Looking up Wifi info on a non-wifi device
05-27 12:35:43.142  2222  2702 I Wear_Controller: onStartup - Wear is not available on this device.
05-27 12:35:43.143  2222  2728 I MS_RegisterService: Throttling registration.
05-27 12:35:43.155  2222  2734 I Vision  : Engine already satisfied by existing download for ocr
05-27 12:35:43.159  2043  2664 W ConfigurationChimeraPro: Got null configs for com.google.android.gms.tapandpay_legacy_gservices
05-27 12:35:43.163  2043  2043 I WearableService: Wearable Services not starting - Wear is not available on this device.
05-27 12:35:43.170  2043  2894 I PaymentBundleManager: Maintaining payment bundles
05-27 12:35:43.176  2043  2706 D WearableService: onGetService - Wear is not available on this device.
05-27 12:35:43.178  2222  2891 E MDM     : [190] xet.run: Couldn't connect to Google API client: krr{statusCode=API_UNAVAILABLE, resolution=null, message=null}
05-27 12:35:43.180  2043  2890 I GCoreUlr: Starting service, intent=Intent { act=com.google.android.location.reporting.ACTION_UPDATE_WORLD cmp=com.google.android.gms/com.google.android.location.reporting.service.DispatchingService (has extras) }, extras=Bundle[{receiverAction=com.google.android.gms.location.init.INIT_ACTION, is_boot=true}]
05-27 12:35:43.187  2043  2894 I PaymentBundleManager: Finished maintaining payment bundles
05-27 12:35:43.214  2043  2043 E BluetoothAdapter: Bluetooth binder is null
05-27 12:35:43.228  2766  2779 I DynamiteModule: Considering local module com.google.android.gms.googlecertificates:4 and remote module com.google.android.gms.googlecertificates:4
05-27 12:35:43.228  2766  2779 I DynamiteModule: Selected local version of com.google.android.gms.googlecertificates
05-27 12:35:43.230  2043  2907 I GCoreUlr: WorldUpdater received intent Intent { act=com.google.android.location.reporting.ACTION_UPDATE_WORLD cmp=com.google.android.gms/com.google.android.location.reporting.service.DispatchingService (has extras) } with receiverAction com.google.android.gms.location.init.INIT_ACTION
05-27 12:35:43.283  2043  2907 I GCoreUlr: WorldUpdater:com.google.android.gms.location.init.INIT_ACTION: Ensuring that reporting is stopped because of reasons: (no Google accounts)
05-27 12:35:43.287  2043  2907 I GCoreUlr: Unbound from all location providers
05-27 12:35:43.287  2043  2907 I GCoreUlr: Place inference reporting - stop
05-27 12:35:43.290  2043  2043 I GCoreUlr: Stopping handler for UlrDispSvcFast
05-27 12:35:43.293  2043  2043 I GCoreUlr: Unbound from all location providers
05-27 12:35:43.293  2043  2043 I GCoreUlr: Place inference reporting - stop
05-27 12:35:43.325  2790  2923 W System  : ClassLoader referenced unknown path: 
05-27 12:35:43.325  2790  2923 W System  : ClassLoader referenced unknown path: /system/priv-app/PrebuiltGmsCore/lib/x86
05-27 12:35:43.339  2790  2923 W System  : ClassLoader referenced unknown path: /data/user_de/0/com.google.android.gms/app_chimera/m/00000002/n/x86
05-27 12:35:43.354  2790  2923 D DynamitePackage: Instantiated singleton DynamitePackage.
05-27 12:35:43.354  2790  2923 D DynamitePackage: Instantiating com.google.android.gms.ads.adshield.ChimeraAdShieldCreatorImpl
05-27 12:35:43.344  2766  2766 W IntentService[D: type=1400 audit(0.0:4): avc: denied { read } for name="/" dev="tmpfs" ino=4097 scontext=u:r:priv_app:s0:c512,c768 tcontext=u:object_r:device:s0 tclass=dir permissive=0
05-27 12:35:43.392  2790  2790 V MediaRouter: Adding route: RouteInfo{ name=Phone, description=null, status=null, category=RouteCategory{ name=null types=ROUTE_TYPE_LIVE_AUDIO ROUTE_TYPE_LIVE_VIDEO  groupable=false }, supportedTypes=ROUTE_TYPE_LIVE_AUDIO ROUTE_TYPE_LIVE_VIDEO , presentationDisplay=null }
05-27 12:35:43.395  2790  2790 V MediaRouter: Updating audio routes: AudioRoutesInfo{ type=SPEAKER }
05-27 12:35:43.396  2790  2790 V MediaRouter: Selecting route: RouteInfo{ name=Phone, description=null, status=null, category=RouteCategory{ name=null types=ROUTE_TYPE_LIVE_AUDIO ROUTE_TYPE_LIVE_VIDEO  groupable=false }, supportedTypes=ROUTE_TYPE_LIVE_AUDIO ROUTE_TYPE_LIVE_VIDEO , presentationDisplay=null }
05-27 12:35:43.394  2766  2766 W Binder:2766_2: type=1400 audit(0.0:5): avc: denied { read } for name="/" dev="tmpfs" ino=4097 scontext=u:r:priv_app:s0:c512,c768 tcontext=u:object_r:device:s0 tclass=dir permissive=0
05-27 12:35:43.428  2766  2813 D         : HostConnection::get() New Host Connection established 0x85e2c400, tid 2813
05-27 12:35:43.438  2766  2813 D EGL_emulation: eglCreateContext: 0x9c4c82a0: maj 2 min 0 rcv 2
05-27 12:35:43.440  2766  2813 D EGL_emulation: eglMakeCurrent: 0x9c4c82a0: ver 2 0 (tinfo 0x85e77ba0)
05-27 12:35:43.487  2766  2813 D EGL_emulation: eglCreateContext: 0x9c48d300: maj 2 min 0 rcv 2
05-27 12:35:43.490  2766  2813 D EGL_emulation: eglMakeCurrent: 0x9c48d300: ver 2 0 (tinfo 0x85e77ba0)
05-27 12:35:43.510  2790  2790 W InstanceID/Rpc: Found 10013
05-27 12:35:43.511  2790  2923 W art     : Before Android 4.1, method double java.util.concurrent.ThreadLocalRandom.internalNextDouble(double, double) would have incorrectly overridden the package-private method in java.util.Random
05-27 12:35:43.511  2790  2923 W art     : Before Android 4.1, method int java.util.concurrent.ThreadLocalRandom.internalNextInt(int, int) would have incorrectly overridden the package-private method in java.util.Random
05-27 12:35:43.511  2790  2923 W art     : Before Android 4.1, method long java.util.concurrent.ThreadLocalRandom.internalNextLong(long, long) would have incorrectly overridden the package-private method in java.util.Random
05-27 12:35:43.517  2766  2779 D         : HostConnection::get() New Host Connection established 0x85e2c480, tid 2779
05-27 12:35:43.526  2766  2779 D EGL_emulation: eglCreateContext: 0x9c48e560: maj 2 min 0 rcv 2
05-27 12:35:43.529  2766  2779 D EGL_emulation: eglMakeCurrent: 0x9c48e560: ver 2 0 (tinfo 0x85e77f30)
05-27 12:35:43.601  2790  2790 V MediaRouter: Selecting route: RouteInfo{ name=Phone, description=null, status=null, category=RouteCategory{ name=null types=ROUTE_TYPE_LIVE_AUDIO ROUTE_TYPE_LIVE_VIDEO  groupable=false }, supportedTypes=ROUTE_TYPE_LIVE_AUDIO ROUTE_TYPE_LIVE_VIDEO , presentationDisplay=null }
05-27 12:35:43.603  2766  2779 D EGL_emulation: eglCreateContext: 0x9c48f340: maj 2 min 0 rcv 2
05-27 12:35:43.604  2766  2779 D EGL_emulation: eglMakeCurrent: 0x9c48f340: ver 2 0 (tinfo 0x85e77f30)
05-27 12:35:43.611  2043  2043 W ConfigurationChimeraPro: Got null configs for com.google.android.gms.trustagent.common
05-27 12:35:43.651  2222  2728 I Authzen : [DeviceStateSyncManager] Skipping sync since last one was 2397ms ago.
05-27 12:35:43.663  1628  1638 W ActivityManager: Permission Denial: Accessing service ComponentInfo{com.google.android.music/com.google.android.music.dial.DialMediaRouteProviderService} from pid=2790, uid=10073 that is not exported from uid 10059
05-27 12:35:43.669  2222  2399 I CastDatabase: Opening the database
05-27 12:35:43.675  1628  2138 I ActivityManager: Killing 2080:com.android.keychain/1000 (adj 906): empty #17
05-27 12:35:43.677  1821  1821 I OmtpVvmCarrierCfgHlpr: Requesting VVM activation for subId: 1
05-27 12:35:43.678  2222  2399 I SQLiteCastStore: 0 CastNetworkInfo instances loaded, 0 CastDeviceInfo instances loaded, 0 paired guest mode devices loaded.
05-27 12:35:43.680  2790  2978 W MessageQueue: Handler (android.os.Handler) {a929f35} sending message to a Handler on a dead thread
05-27 12:35:43.680  2790  2978 W MessageQueue: java.lang.IllegalStateException: Handler (android.os.Handler) {a929f35} sending message to a Handler on a dead thread
05-27 12:35:43.680  2790  2978 W MessageQueue: 	at android.os.MessageQueue.enqueueMessage(MessageQueue.java:543)
05-27 12:35:43.680  2790  2978 W MessageQueue: 	at android.os.Handler.enqueueMessage(Handler.java:643)
05-27 12:35:43.680  2790  2978 W MessageQueue: 	at android.os.Handler.sendMessageAtTime(Handler.java:612)
05-27 12:35:43.680  2790  2978 W MessageQueue: 	at android.os.Handler.sendMessageDelayed(Handler.java:582)
05-27 12:35:43.680  2790  2978 W MessageQueue: 	at android.os.Handler.post(Handler.java:338)
05-27 12:35:43.680  2790  2978 W MessageQueue: 	at nos.b(SourceFile:353)
05-27 12:35:43.680  2790  2978 W MessageQueue: 	at vch.d(SourceFile:298)
05-27 12:35:43.680  2790  2978 W MessageQueue: 	at vch.a(SourceFile:166)
05-27 12:35:43.680  2790  2978 W MessageQueue: 	at vff.run(SourceFile:1431)
05-27 12:35:43.680  2790  2978 W MessageQueue: 	at android.os.Handler.handleCallback(Handler.java:751)
05-27 12:35:43.680  2790  2978 W MessageQueue: 	at android.os.Handler.dispatchMessage(Handler.java:95)
05-27 12:35:43.680  2790  2978 W MessageQueue: 	at android.os.Looper.loop(Looper.java:154)
05-27 12:35:43.680  2790  2978 W MessageQueue: 	at android.os.HandlerThread.run(HandlerThread.java:61)
05-27 12:35:43.680  1628  1882 D ActivityManager: cleanUpApplicationRecord -- 2080
05-27 12:35:43.680  2790  2978 W MessageQueue: Handler (android.os.Handler) {a929f35} sending message to a Handler on a dead thread
05-27 12:35:43.680  2790  2978 W MessageQueue: java.lang.IllegalStateException: Handler (android.os.Handler) {a929f35} sending message to a Handler on a dead thread
05-27 12:35:43.680  2790  2978 W MessageQueue: 	at android.os.MessageQueue.enqueueMessage(MessageQueue.java:543)
05-27 12:35:43.680  2790  2978 W MessageQueue: 	at android.os.Handler.enqueueMessage(Handler.java:643)
05-27 12:35:43.680  2790  2978 W MessageQueue: 	at android.os.Handler.sendMessageAtTime(Handler.java:612)
05-27 12:35:43.680  2790  2978 W MessageQueue: 	at android.os.Handler.sendMessageDelayed(Handler.java:582)
05-27 12:35:43.680  2790  2978 W MessageQueue: 	at android.os.Handler.post(Handler.java:338)
05-27 12:35:43.680  2790  2978 W MessageQueue: 	at nos.a(SourceFile:332)
05-27 12:35:43.680  2790  2978 W MessageQueue: 	at vch.a(SourceFile:167)
05-27 12:35:43.680  2790  2978 W MessageQueue: 	at vff.run(SourceFile:1431)
05-27 12:35:43.680  2790  2978 W MessageQueue: 	at android.os.Handler.handleCallback(Handler.java:751)
05-27 12:35:43.680  2790  2978 W MessageQueue: 	at android.os.Handler.dispatchMessage(Handler.java:95)
05-27 12:35:43.680  2790  2978 W MessageQueue: 	at android.os.Looper.loop(Looper.java:154)
05-27 12:35:43.680  2790  2978 W MessageQueue: 	at android.os.HandlerThread.run(HandlerThread.java:61)
05-27 12:35:43.719  1821  1821 V VvmPhoneStateListener: Signal returned: reattempting activation for 89014103211118510720
05-27 12:35:43.720  1821  1821 I OmtpVvmCarrierCfgHlpr: Requesting VVM activation for subId: 1
05-27 12:35:43.725  2222  2222 I CastSocket: 24 >= 18. Adding new CastClientAuthKeyManager.
05-27 12:35:43.727  2222  2222 I DiscoveryManager: WifiGuestModeDeviceScanner enabled.
05-27 12:35:43.730  2222  2222 V MediaRouter: Adding route: RouteInfo{ name=Phone, description=null, status=null, category=RouteCategory{ name=null types=ROUTE_TYPE_LIVE_AUDIO ROUTE_TYPE_LIVE_VIDEO  groupable=false }, supportedTypes=ROUTE_TYPE_LIVE_AUDIO ROUTE_TYPE_LIVE_VIDEO , presentationDisplay=null }
05-27 12:35:43.731  2222  2222 V MediaRouter: Updating audio routes: AudioRoutesInfo{ type=SPEAKER }
05-27 12:35:43.731  2222  2222 V MediaRouter: Selecting route: RouteInfo{ name=Phone, description=null, status=null, category=RouteCategory{ name=null types=ROUTE_TYPE_LIVE_AUDIO ROUTE_TYPE_LIVE_VIDEO  groupable=false }, supportedTypes=ROUTE_TYPE_LIVE_AUDIO ROUTE_TYPE_LIVE_VIDEO , presentationDisplay=null }
05-27 12:35:43.732  2222  2222 I MediaRouter: Found default route: MediaRouter.RouteInfo{ uniqueId=android/zx:DEFAULT_ROUTE, name=Phone, description=null, iconUri=null, enabled=true, connecting=false, connectionState=0, canDisconnect=false, playbackType=0, playbackStream=3, deviceType=0, volumeHandling=1, volume=11, volumeMax=15, presentationDisplayId=-1, extras=null, settingsIntent=null, providerPackageName=android }
05-27 12:35:43.735  2222  2459 I CheckinUtil: Classify the device as Phone.
05-27 12:35:43.736  2222  2222 V MediaRouter: Selecting route: RouteInfo{ name=Phone, description=null, status=null, category=RouteCategory{ name=null types=ROUTE_TYPE_LIVE_AUDIO ROUTE_TYPE_LIVE_VIDEO  groupable=false }, supportedTypes=ROUTE_TYPE_LIVE_AUDIO ROUTE_TYPE_LIVE_VIDEO , presentationDisplay=null }
05-27 12:35:43.741  2222  2399 I DiscoveryManager: Filter criteria(233637DE) scannerFlags(2)
05-27 12:35:43.744  2222  2985 I iu.SyncManager: SYNC; picasa accounts
05-27 12:35:43.746  2222  2222 I iu.Environment: update connectivity state; isNetworkMetered? true*, isRoaming? false, isBackgroundDataAllowed? true*
05-27 12:35:43.748  2187  2187 D MusicLifecycle: com.google.android.music.store.MediaStoreImportService$Receiver generated event: Broadcast received with context android.app.ReceiverRestrictedContext@41cbfde and intent Intent { act=android.intent.action.MEDIA_SCANNER_STARTED dat=file:///storage/emulated/0 flg=0x10 cmp=com.google.android.music/.store.MediaStoreImportService$Receiver }
05-27 12:35:43.749  2222  2985 I iu.UploadsManager: num queued entries: 0
05-27 12:35:43.749  2222  2985 I iu.UploadsManager: num updated entries: 0
05-27 12:35:43.750  2222  2985 I iu.SyncManager: NEXT; no task
05-27 12:35:43.752  2222  2400 E MDM     : [113] SitrepChimeraService.a: No Google accounts; deferring server state update.
05-27 12:35:43.752  2187  2187 D MusicLifecycle: com.google.android.music.store.MediaStoreImportService generated event: Service created
05-27 12:35:43.752  2187  2187 D MusicLifecycle: com.google.android.music.store.MediaStoreImportService$Receiver generated event: Broadcast received with context android.app.ReceiverRestrictedContext@41cbfde and intent Intent { act=android.intent.action.MEDIA_SCANNER_FINISHED dat=file:///storage/emulated/0 flg=0x10 cmp=com.google.android.music/.store.MediaStoreImportService$Receiver }
05-27 12:35:43.755  2187  2187 D MusicLifecycle: com.google.android.music.store.MediaStoreImportService$Receiver generated event: Broadcast received with context android.app.ReceiverRestrictedContext@41cbfde and intent Intent { act=android.intent.action.MEDIA_SCANNER_STARTED dat=file:///storage/emulated/0 flg=0x10 cmp=com.google.android.music/.store.MediaStoreImportService$Receiver }
05-27 12:35:43.756  2187  2187 D MusicLifecycle: com.google.android.music.store.MediaStoreImportService$Receiver generated event: Broadcast received with context android.app.ReceiverRestrictedContext@41cbfde and intent Intent { act=android.intent.action.MEDIA_SCANNER_FINISHED dat=file:///storage/emulated/0 flg=0x10 cmp=com.google.android.music/.store.MediaStoreImportService$Receiver }
05-27 12:35:43.757  2222  2459 W System  : Ignoring header Cookie because its value was null.
05-27 12:35:43.757  2222  2459 I ProcessCheckinRequest: set cookie as: null
05-27 12:35:43.761  2222  2399 W MdnsClient_Cast: #acquireLock. Multicast lock not held. Acquiring. Subtypes:"233637DE"
05-27 12:35:43.767  2222  2399 W MdnsClient_Cast: Multicast lock held. Releasing. Subtypes:"233637DE"
05-27 12:35:43.771  1821  1821 I OmtpVvmCarrierCfgHlpr: Requesting VVM activation for subId: 1
05-27 12:35:43.773  2222  2399 W MdnsClient_Cast: #acquireLock. Multicast lock not held. Acquiring. Subtypes:"233637DE"
