05-30 12:43:13.511  2735  2735 I Babel_Crash: Startup - clean
05-30 12:43:13.517  1628  2016 W ActivityManager: Unable to start service Intent { act=com.google.android.gms.nearby.discovery:ACTION_INIT_MESSAGES_PATH cmp=com.google.android.gms/.nearby.discovery.service.DiscoveryService } U=0: not found
05-30 12:43:13.518  2735  2823 E SQLiteLog: (1) no such table: mmsconfig
05-30 12:43:13.519  2735  2823 I Babel_SMS: MmsConfig: no mmsconfig table android.database.sqlite.SQLiteException: no such table: mmsconfig (code 1): , while compiling: SELECT key, value, type FROM mmsconfig WHERE numeric=?
05-30 12:43:13.519  2735  2823 I Babel_SMS: MmsConfig.loadFromResources
05-30 12:43:13.519  2050  2345 W NetRec  : [69] NetrecModuleInitIntentOperation.a: Device does not support scoring, exiting
05-30 12:43:13.528  2735  2823 E Babel_SMS: canonicalizeMccMnc: invalid mccmnc nullnull
05-30 12:43:13.528  2735  2823 W Babel_SMS: MmsConfig: invalid key=userAgent or type=string
05-30 12:43:13.529  2735  2823 W Babel_SMS: MmsConfig: invalid key=uaProfUrl or type=string
05-30 12:43:13.529  2735  2823 I Babel_SMS: MmsConfig.loadMmsSettings: mUserAgent=GoldfishNexus, mUaProfUrl=http://gsm.lge.com/html/gsm/Nexus5-M3.xml
05-30 12:43:13.544  2050  2729 I MS_RegisterService: RegisterService intent:Intent { act=com.google.android.gms.matchstick.register_intent_action cat=[targeted_intent_op_prefix:com.google.android.libraries.matchstick.net.SilentRegisterIntentOperation] cmp=com.google.android.gms/.chimera.GmsIntentOperationService } isPeriodic:false
05-30 12:43:13.566  2050  2729 I MS_PhoneUtils: Phone type: 1
05-30 12:43:13.570  2050  2345 E DeviceContactImportDelegate: Device contact import is disabled.
05-30 12:43:13.582  2050  2345 E DeviceContactImportDelegate: Data layer device contacts import is disabled.
05-30 12:43:13.579  2050  2839 I FA-SVC  : App measurement is starting up, version: 11743
05-30 12:43:13.582  2050  2345 E DeviceContactImportDelegate: Device contact import is disabled.
05-30 12:43:13.596  2050  2839 I FA-SVC  : This instance being marked as an uploader
05-30 12:43:13.613  2050  2345 E DeviceContactImportDelegate: Data layer device contacts import is disabled.
05-30 12:43:13.614  2050  2345 E DeviceContactImportDelegate: Device contact import is disabled.
05-30 12:43:13.628  2050  2345 E DeviceContactImportDelegate: Data layer device contacts import is disabled.
05-30 12:43:13.631  2050  2729 I MS_RegisterService: Doing full registration.
05-30 12:43:13.634  2806  2854 I MagicTether: [HostValidator] InvalidHost. MobileData: true, Tethering: false, whitelist: false, ble: false
05-30 12:43:13.638  2065  2077 W ConfigurationChimeraPro: Got null configs for com.google.android.gms.mdm
05-30 12:43:13.661  2065  2865 W ConfigurationChimeraPro: Got null configs for com.google.android.gms.notifications
05-30 12:43:13.676  2065  2077 W ConfigurationChimeraPro: Got null configs for com.google.android.gms.trustagent.common
05-30 12:43:13.687  2050  2453 I ProcessCheckinRequest: Get token from PseudonymousIdApi: 511=CRKwjMWYikjCaGIXNHinrstFiEPrd4hZ3uQNGEKQBmqIbQyAGMbbS9fy8paMGFXzIY6-wD3XAqQy4Q5og7n63JGyStTjxRUR0l9vBrqtyHsVCvUGxIoqj7ncaZu0HNCDEDnhzNVEQpM27MO33LOwt_gX_wYGLD_RTRPTvB3wtaA
05-30 12:43:13.692  2065  2267 I MagicTether: [HostValidator] InvalidHost. MobileData: true, Tethering: false, whitelist: false, ble: false
05-30 12:43:13.696  2050  2262 I CmaSystemUpdateService: Runtime init receiver: Intent { act=android.intent.action.BOOT_COMPLETED flg=0x9000010 cmp=com.google.android.gms/.chimera.GmsIntentOperationService (has extras) } with flags: 2
05-30 12:43:13.697  2050  2262 I CmaSystemUpdateService: receiver: Intent { act=android.intent.action.BOOT_COMPLETED flg=0x9000010 cmp=com.google.android.gms/.chimera.GmsIntentOperationService (has extras) }
05-30 12:43:13.698  2050  2453 I CheckinRequestBuilder: Checkin reason type: 1 attempt count: 1
05-30 12:43:13.699  2735  2735 W Babel   : On boot, found 0 ready accounts
05-30 12:43:13.702  2050  2453 E ActivityThread: Failed to find provider info for com.google.android.wearable.settings
05-30 12:43:13.708  2875  2875 W art     : Unexpected CPU variant for X86 using defaults: x86
05-30 12:43:13.715  1628  1638 I ActivityManager: Start proc 2875:com.google.android.youtube/u0a73 for broadcast com.google.android.youtube/com.google.android.libraries.youtube.upload.service.UploadService$BootReceiver
05-30 12:43:13.735  2735  2735 D Babel   : onCreate: Shutdown runnable posted in onCreate with a delay of 5000 ms.
05-30 12:43:13.737  2050  2247 I Vision  : Supported ABIS: [x86]
05-30 12:43:13.741  2875  2875 W System  : ClassLoader referenced unknown path: /system/app/YouTube/lib/x86
05-30 12:43:13.743  2050  2050 I CmaSystemUpdateService: connectivity change: Intent { act=android.net.conn.CONNECTIVITY_CHANGE flg=0x4000010 (has extras) }
05-30 12:43:13.743  2050  2050 I CmaSystemUpdateService: receiver: Intent { act=android.net.conn.CONNECTIVITY_CHANGE flg=0x4000010 (has extras) }
05-30 12:43:13.755  2735  2735 W System  : ClassLoader referenced unknown path: /system/priv-app/PrebuiltGmsCore/lib/x86
05-30 12:43:13.763  2065  2065 I WearableService: Wearable Services not starting - Wear is not available on this device.
05-30 12:43:13.767  2735  2735 W System  : ClassLoader referenced unknown path: /system/priv-app/PrebuiltGmsCore/lib/x86
05-30 12:43:13.769  2735  2735 W System  : ClassLoader referenced unknown path: /system/priv-app/PrebuiltGmsCore/lib/x86
05-30 12:43:13.771  2065  2077 D WearableService: onGetService - Wear is not available on this device.
05-30 12:43:13.779  2050  2357 I Wear_Controller: onStartup - Wear is not available on this device.
05-30 12:43:13.779  2050  2868 E MDM     : [152] xet.run: Couldn't connect to Google API client: krr{statusCode=API_UNAVAILABLE, resolution=null, message=null}
05-30 12:43:13.782  2735  2735 W System  : ClassLoader referenced unknown path: /system/priv-app/PrebuiltGmsCore/lib/x86
05-30 12:43:13.787  2735  2735 W System  : ClassLoader referenced unknown path: /system/priv-app/PrebuiltGmsCore/lib/x86
05-30 12:43:13.789  2735  2735 W linker  : /data/user_de/0/com.google.android.gms/app_extracted_libs/x86/libconscrypt_gmscore_jni.so: unused DT entry: type 0xf arg 0x91
05-30 12:43:13.792  2735  2735 V NativeCrypto: Registering com/google/android/gms/org/conscrypt/NativeCrypto's 276 native methods...
05-30 12:43:13.801  2735  2735 D NetworkSecurityConfig: No Network Security Config specified, using platform default
05-30 12:43:13.803  2735  2735 I ProviderInstaller: Installed default security provider GmsCore_OpenSSL
05-30 12:43:13.822  2735  2735 D Babel   : Idle: Shutdown runnable posted in release with a delay of 5000 ms.
05-30 12:43:13.844  2050  2729 I MS_RegisterService: Throttling registration.
05-30 12:43:13.853  2050  2418 W Herrevad: [86] tvy.c: Looking up Wifi info on a non-wifi device
05-30 12:43:13.860  2065  2887 I GCoreUlr: Starting service, intent=Intent { act=com.google.android.location.reporting.ACTION_UPDATE_WORLD cmp=com.google.android.gms/com.google.android.location.reporting.service.DispatchingService (has extras) }, extras=Bundle[{receiverAction=com.google.android.gms.location.init.INIT_ACTION, is_boot=true}]
05-30 12:43:13.871  2065  2353 W ConfigurationChimeraPro: Got null configs for com.google.android.gms.tapandpay_legacy_gservices
05-30 12:43:13.872  2065  2353 I PaymentBundleManager: Maintaining payment bundles
05-30 12:43:13.875  2065  2353 I PaymentBundleManager: Finished maintaining payment bundles
05-30 12:43:13.877  2050  2759 I Vision  : Engine already satisfied by existing download for ocr
05-30 12:43:13.909  2065  2857 W ConfigurationChimeraPro: Got null configs for com.google.android.gms.tapandpay_legacy_gservices
05-30 12:43:13.945  2764  2776 I DynamiteModule: Considering local module com.google.android.gms.googlecertificates:4 and remote module com.google.android.gms.googlecertificates:4
05-30 12:43:13.945  2764  2776 I DynamiteModule: Selected local version of com.google.android.gms.googlecertificates
05-30 12:43:13.954  2065  2065 E BluetoothAdapter: Bluetooth binder is null
05-30 12:43:13.960  2875  2900 W System  : ClassLoader referenced unknown path: /system/priv-app/PrebuiltGmsCore/lib/x86
05-30 12:43:13.978  2875  2900 W System  : ClassLoader referenced unknown path: /system/priv-app/PrebuiltGmsCore/lib/x86
05-30 12:43:13.979  2875  2900 W System  : ClassLoader referenced unknown path: /system/priv-app/PrebuiltGmsCore/lib/x86
05-30 12:43:13.982  2065  2267 I GCoreUlr: WorldUpdater received intent Intent { act=com.google.android.location.reporting.ACTION_UPDATE_WORLD cmp=com.google.android.gms/com.google.android.location.reporting.service.DispatchingService (has extras) } with receiverAction com.google.android.gms.location.init.INIT_ACTION
05-30 12:43:13.982  2875  2900 W System  : ClassLoader referenced unknown path: /system/priv-app/PrebuiltGmsCore/lib/x86
05-30 12:43:13.983  2875  2900 W System  : ClassLoader referenced unknown path: /system/priv-app/PrebuiltGmsCore/lib/x86
05-30 12:43:13.986  2875  2900 W linker  : /data/user_de/0/com.google.android.gms/app_extracted_libs/x86/libconscrypt_gmscore_jni.so: unused DT entry: type 0xf arg 0x91
05-30 12:43:13.988  2875  2900 V NativeCrypto: Registering com/google/android/gms/org/conscrypt/NativeCrypto's 276 native methods...
05-30 12:43:13.993  2875  2900 D NetworkSecurityConfig: No Network Security Config specified, using platform default
05-30 12:43:13.998  2875  2900 I ProviderInstaller: Installed default security provider GmsCore_OpenSSL
05-30 12:43:14.018  2065  2267 I GCoreUlr: WorldUpdater:com.google.android.gms.location.init.INIT_ACTION: Ensuring that reporting is stopped because of reasons: (no Google accounts)
05-30 12:43:14.023  2065  2267 I GCoreUlr: Unbound from all location providers
05-30 12:43:14.023  2065  2267 I GCoreUlr: Place inference reporting - stop
05-30 12:43:14.029  2065  2065 I GCoreUlr: Stopping handler for UlrDispSvcFast
05-30 12:43:14.031  2065  2065 I GCoreUlr: Unbound from all location providers
05-30 12:43:14.031  2065  2065 I GCoreUlr: Place inference reporting - stop
05-30 12:43:14.137  2764  2776 D         : HostConnection::get() New Host Connection established 0x81f91480, tid 2776
05-30 12:43:14.115  2764  2764 W Binder:2764_2: type=1400 audit(0.0:4): avc: denied { read } for name="/" dev="tmpfs" ino=4028 scontext=u:r:priv_app:s0:c512,c768 tcontext=u:object_r:device:s0 tclass=dir permissive=0
05-30 12:43:14.148  2764  2776 D EGL_emulation: eglCreateContext: 0x9808ce40: maj 2 min 0 rcv 2
05-30 12:43:14.150  2764  2776 D EGL_emulation: eglMakeCurrent: 0x9808ce40: ver 2 0 (tinfo 0x81fc23e0)
05-30 12:43:14.153  2875  2904 W System  : ClassLoader referenced unknown path: 
05-30 12:43:14.153  2875  2904 W System  : ClassLoader referenced unknown path: /system/priv-app/PrebuiltGmsCore/lib/x86
05-30 12:43:14.178  2875  2904 W System  : ClassLoader referenced unknown path: /data/user_de/0/com.google.android.gms/app_chimera/m/00000002/n/x86
05-30 12:43:14.190  2764  2776 D EGL_emulation: eglCreateContext: 0x9808d860: maj 2 min 0 rcv 2
05-30 12:43:14.192  2764  2776 D EGL_emulation: eglMakeCurrent: 0x9808d860: ver 2 0 (tinfo 0x81fc23e0)
05-30 12:43:14.194  2875  2904 D DynamitePackage: Instantiated singleton DynamitePackage.
05-30 12:43:14.194  2875  2904 D DynamitePackage: Instantiating com.google.android.gms.ads.adshield.ChimeraAdShieldCreatorImpl
05-30 12:43:14.245  2875  2875 V MediaRouter: Adding route: RouteInfo{ name=Phone, description=null, status=null, category=RouteCategory{ name=null types=ROUTE_TYPE_LIVE_AUDIO ROUTE_TYPE_LIVE_VIDEO  groupable=false }, supportedTypes=ROUTE_TYPE_LIVE_AUDIO ROUTE_TYPE_LIVE_VIDEO , presentationDisplay=null }
05-30 12:43:14.247  2875  2875 V MediaRouter: Updating audio routes: AudioRoutesInfo{ type=SPEAKER }
05-30 12:43:14.248  2875  2875 V MediaRouter: Selecting route: RouteInfo{ name=Phone, description=null, status=null, category=RouteCategory{ name=null types=ROUTE_TYPE_LIVE_AUDIO ROUTE_TYPE_LIVE_VIDEO  groupable=false }, supportedTypes=ROUTE_TYPE_LIVE_AUDIO ROUTE_TYPE_LIVE_VIDEO , presentationDisplay=null }
05-30 12:43:14.274  2050  2453 I CheckinUtil: Classify the device as Phone.
05-30 12:43:14.294  2050  2453 W System  : Ignoring header Cookie because its value was null.
05-30 12:43:14.294  2050  2453 I ProcessCheckinRequest: set cookie as: null
05-30 12:43:14.294  2875  2875 W InstanceID/Rpc: Found 10013
05-30 12:43:14.305  2875  2904 W art     : Before Android 4.1, method double java.util.concurrent.ThreadLocalRandom.internalNextDouble(double, double) would have incorrectly overridden the package-private method in java.util.Random
05-30 12:43:14.305  2875  2904 W art     : Before Android 4.1, method int java.util.concurrent.ThreadLocalRandom.internalNextInt(int, int) would have incorrectly overridden the package-private method in java.util.Random
05-30 12:43:14.305  2875  2904 W art     : Before Android 4.1, method long java.util.concurrent.ThreadLocalRandom.internalNextLong(long, long) would have incorrectly overridden the package-private method in java.util.Random
05-30 12:43:14.325  2875  2875 V MediaRouter: Selecting route: RouteInfo{ name=Phone, description=null, status=null, category=RouteCategory{ name=null types=ROUTE_TYPE_LIVE_AUDIO ROUTE_TYPE_LIVE_VIDEO  groupable=false }, supportedTypes=ROUTE_TYPE_LIVE_AUDIO ROUTE_TYPE_LIVE_VIDEO , presentationDisplay=null }
05-30 12:43:14.417  1820  1820 I OmtpVvmCarrierCfgHlpr: Requesting VVM activation for subId: 1
05-30 12:43:14.452  1820  1820 V VvmPhoneStateListener: Signal returned: reattempting activation for 89014103211118510720
05-30 12:43:14.453  1820  1820 I OmtpVvmCarrierCfgHlpr: Requesting VVM activation for subId: 1
05-30 12:43:14.464  2050  2977 I iu.SyncManager: SYNC; picasa accounts
05-30 12:43:14.465  2050  2050 I iu.Environment: update connectivity state; isNetworkMetered? true*, isRoaming? false, isBackgroundDataAllowed? true*
05-30 12:43:14.471  2276  2276 D MusicLifecycle: com.google.android.music.store.MediaStoreImportService$Receiver generated event: Broadcast received with context android.app.ReceiverRestrictedContext@5549370 and intent Intent { act=android.intent.action.MEDIA_SCANNER_STARTED dat=file:///storage/emulated/0 flg=0x10 cmp=com.google.android.music/.store.MediaStoreImportService$Receiver }
05-30 12:43:14.471  2050  2977 I iu.UploadsManager: num queued entries: 0
05-30 12:43:14.471  2050  2977 I iu.UploadsManager: num updated entries: 0
05-30 12:43:14.472  2050  2977 I iu.SyncManager: NEXT; no task
05-30 12:43:14.473  2276  2276 D MusicLifecycle: com.google.android.music.store.MediaStoreImportService generated event: Service created
05-30 12:43:14.474  2276  2276 D MusicLifecycle: com.google.android.music.store.MediaStoreImportService$Receiver generated event: Broadcast received with context android.app.ReceiverRestrictedContext@5549370 and intent Intent { act=android.intent.action.MEDIA_SCANNER_FINISHED dat=file:///storage/emulated/0 flg=0x10 cmp=com.google.android.music/.store.MediaStoreImportService$Receiver }
05-30 12:43:14.477  2276  2276 D MusicLifecycle: com.google.android.music.store.MediaStoreImportService generated event: Service destroyed
05-30 12:43:14.489  1628  1639 W ActivityManager: Permission Denial: Accessing service ComponentInfo{com.google.android.music/com.google.android.music.dial.DialMediaRouteProviderService} from pid=2875, uid=10073 that is not exported from uid 10059
05-30 12:43:14.492  2050  2408 I DiscoveryManager: Filter criteria(233637DE) scannerFlags(2)
05-30 12:43:14.503  2276  2276 D MusicLifecycle: com.google.android.music.store.MediaStoreImportService generated event: Service created
05-30 12:43:14.509  2276  2276 D MusicLifecycle: com.google.android.music.store.MediaStoreImportService$Receiver generated event: Broadcast received with context android.app.ReceiverRestrictedContext@5549370 and intent Intent { act=android.intent.action.MEDIA_SCANNER_STARTED dat=file:///storage/emulated/0 flg=0x10 cmp=com.google.android.music/.store.MediaStoreImportService$Receiver }
05-30 12:43:14.514  2276  2276 D MusicLifecycle: com.google.android.music.store.MediaStoreImportService$Receiver generated event: Broadcast received with context android.app.ReceiverRestrictedContext@5549370 and intent Intent { act=android.intent.action.MEDIA_SCANNER_FINISHED dat=file:///storage/emulated/0 flg=0x10 cmp=com.google.android.music/.store.MediaStoreImportService$Receiver }
05-30 12:43:14.520  2065  2065 W ConfigurationChimeraPro: Got null configs for com.google.android.gms.trustagent.common
05-30 12:43:14.521  2050  2408 W MdnsClient_Cast: #acquireLock. Multicast lock not held. Acquiring. Subtypes:"233637DE"
05-30 12:43:14.527  2050  2729 I Authzen : [DeviceStateSyncManager] Skipping sync since last one was 3342ms ago.
05-30 12:43:14.534  2875  2983 W MessageQueue: Handler (android.os.Handler) {9453049} sending message to a Handler on a dead thread
05-30 12:43:14.534  2875  2983 W MessageQueue: java.lang.IllegalStateException: Handler (android.os.Handler) {9453049} sending message to a Handler on a dead thread
05-30 12:43:14.534  2875  2983 W MessageQueue: 	at android.os.MessageQueue.enqueueMessage(MessageQueue.java:543)
05-30 12:43:14.534  2875  2983 W MessageQueue: 	at android.os.Handler.enqueueMessage(Handler.java:643)
05-30 12:43:14.534  2875  2983 W MessageQueue: 	at android.os.Handler.sendMessageAtTime(Handler.java:612)
05-30 12:43:14.534  2875  2983 W MessageQueue: 	at android.os.Handler.sendMessageDelayed(Handler.java:582)
05-30 12:43:14.534  2875  2983 W MessageQueue: 	at android.os.Handler.post(Handler.java:338)
05-30 12:43:14.534  2875  2983 W MessageQueue: 	at nos.b(SourceFile:353)
05-30 12:43:14.534  2875  2983 W MessageQueue: 	at vch.d(SourceFile:298)
05-30 12:43:14.534  2875  2983 W MessageQueue: 	at vch.a(SourceFile:166)
05-30 12:43:14.534  2875  2983 W MessageQueue: 	at vff.run(SourceFile:1431)
05-30 12:43:14.534  2875  2983 W MessageQueue: 	at android.os.Handler.handleCallback(Handler.java:751)
05-30 12:43:14.534  2875  2983 W MessageQueue: 	at android.os.Handler.dispatchMessage(Handler.java:95)
05-30 12:43:14.534  2875  2983 W MessageQueue: 	at android.os.Looper.loop(Looper.java:154)
05-30 12:43:14.534  2875  2983 W MessageQueue: 	at android.os.HandlerThread.run(HandlerThread.java:61)
05-30 12:43:14.534  2875  2983 W MessageQueue: Handler (android.os.Handler) {9453049} sending message to a Handler on a dead thread
05-30 12:43:14.534  2875  2983 W MessageQueue: java.lang.IllegalStateException: Handler (android.os.Handler) {9453049} sending message to a Handler on a dead thread
05-30 12:43:14.534  2875  2983 W MessageQueue: 	at android.os.MessageQueue.enqueueMessage(MessageQueue.java:543)
05-30 12:43:14.534  2875  2983 W MessageQueue: 	at android.os.Handler.enqueueMessage(Handler.java:643)
05-30 12:43:14.534  2875  2983 W MessageQueue: 	at android.os.Handler.sendMessageAtTime(Handler.java:612)
05-30 12:43:14.534  2875  2983 W MessageQueue: 	at android.os.Handler.sendMessageDelayed(Handler.java:582)
05-30 12:43:14.534  2875  2983 W MessageQueue: 	at android.os.Handler.post(Handler.java:338)
05-30 12:43:14.534  2875  2983 W MessageQueue: 	at nos.a(SourceFile:332)
05-30 12:43:14.534  2875  2983 W MessageQueue: 	at vch.a(SourceFile:167)
05-30 12:43:14.534  2875  2983 W MessageQueue: 	at vff.run(SourceFile:1431)
05-30 12:43:14.534  2875  2983 W MessageQueue: 	at android.os.Handler.handleCallback(Handler.java:751)
05-30 12:43:14.534  2875  2983 W MessageQueue: 	at android.os.Handler.dispatchMessage(Handler.java:95)
05-30 12:43:14.534  2875  2983 W MessageQueue: 	at android.os.Looper.loop(Looper.java:154)
05-30 12:43:14.534  2875  2983 W MessageQueue: 	at android.os.HandlerThread.run(HandlerThread.java:61)
05-30 12:43:14.552  2050  2408 W MdnsClient_Cast: Multicast lock held. Releasing. Subtypes:"233637DE"
05-30 12:43:14.556  1820  1820 I OmtpVvmCarrierCfgHlpr: Requesting VVM activation for subId: 1
05-30 12:43:14.559  2050  2408 W MdnsClient_Cast: #acquireLock. Multicast lock not held. Acquiring. Subtypes:"233637DE"
05-30 12:43:14.564  2764  2804 D         : HostConnection::get() New Host Connection established 0x81f91b00, tid 2804
05-30 12:43:14.565  2276  2276 D MusicLifecycle: com.google.android.music.store.MediaStoreImportService$Receiver generated event: Broadcast received with context android.app.ReceiverRestrictedContext@5549370 and intent Intent { act=android.intent.action.MEDIA_SCANNER_STARTED dat=file:///system/media flg=0x10 cmp=com.google.android.music/.store.MediaStoreImportService$Receiver }
05-30 12:43:14.568  2276  2276 D MusicLifecycle: com.google.android.music.store.MediaStoreImportService$Receiver generated event: Broadcast received with context android.app.ReceiverRestrictedContext@5549370 and intent Intent { act=android.intent.action.MEDIA_SCANNER_FINISHED dat=file:///system/media flg=0x10 cmp=com.google.android.music/.store.MediaStoreImportService$Receiver }
05-30 12:43:14.569  2276  2276 D MusicLifecycle: com.google.android.music.store.MediaStoreImportService$Receiver generated event: Broadcast received with context android.app.ReceiverRestrictedContext@5549370 and intent Intent { act=android.intent.action.MEDIA_SCANNER_STARTED dat=file:///storage/emulated/0 flg=0x10 cmp=com.google.android.music/.store.MediaStoreImportService$Receiver }
05-30 12:43:14.571  2276  2276 D MusicLifecycle: com.google.android.music.store.MediaStoreImportService$Receiver generated event: Broadcast received with context android.app.ReceiverRestrictedContext@5549370 and intent Intent { act=android.intent.action.MEDIA_SCANNER_FINISHED dat=file:///storage/emulated/0 flg=0x10 cmp=com.google.android.music/.store.MediaStoreImportService$Receiver }
05-30 12:43:14.575  2764  2804 D EGL_emulation: eglCreateContext: 0x99dde540: maj 2 min 0 rcv 2
05-30 12:43:14.577  2764  2804 D EGL_emulation: eglMakeCurrent: 0x99dde540: ver 2 0 (tinfo 0x81fc2a20)
05-30 12:43:14.607  2276  2985 I MediaStoreImporter: Update: incremental Added music: 0 Updated music: 0 Deleted music: 0 Created playlists: 0 Updated playlists: 0 Deleted playlists: 0 Inserted playlist items: 0 Deleted playlist items: 0 Removed orphaned playlist items: 0
05-30 12:43:14.621  2764  2804 D EGL_emulation: eglCreateContext: 0x99dde660: maj 2 min 0 rcv 2
05-30 12:43:14.624  2764  2804 D EGL_emulation: eglMakeCurrent: 0x99dde660: ver 2 0 (tinfo 0x81fc2a20)
05-30 12:43:14.695  1628  2742 I ActivityManager: Killing 2118:com.android.keychain/1000 (adj 906): empty #17
05-30 12:43:14.696  2276  2985 I MediaStoreImporter: Update: incremental Added music: 0 Updated music: 0 Deleted music: 0 Created playlists: 0 Updated playlists: 0 Deleted playlists: 0 Inserted playlist items: 0 Deleted playlist items: 0 Removed orphaned playlist items: 0
05-30 12:43:14.698  2050  2453 W Conscrypt: Could not set socket write timeout:
05-30 12:43:14.698  2050  2453 W Conscrypt:    java.lang.reflect.Method.invoke(Native Method)
05-30 12:43:14.698  2050  2453 W Conscrypt:    com.google.android.gms.org.conscrypt.Platform.setSocketWriteTimeout(:com.google.android.gms@11743470:13)
05-30 12:43:14.749  1628  1760 D ActivityManager: cleanUpApplicationRecord -- 2118
05-30 12:43:14.735  2764  2764 W IntentService[D: type=1400 audit(0.0:5): avc: denied { read } for name="/" dev="tmpfs" ino=4028 scontext=u:r:priv_app:s0:c512,c768 tcontext=u:object_r:device:s0 tclass=dir permissive=0
05-30 12:43:14.758  2276  2985 I MediaStoreImporter: Update: incremental Added music: 0 Updated music: 0 Deleted music: 0 Created playlists: 0 Updated playlists: 0 Deleted playlists: 0 Inserted playlist items: 0 Deleted playlist items: 0 Removed orphaned playlist items: 0
05-30 12:43:14.769  3010  3010 W art     : Unexpected CPU variant for X86 using defaults: x86
05-30 12:43:14.776  1628  2016 I ActivityManager: Start proc 3010:com.google.android.talk:matchstick/u0a55 for broadcast com.google.android.talk/com.google.android.libraries.matchstick.net.MatchstickInProcessReceiver
05-30 12:43:14.780  2276  2276 D MusicLifecycle: com.google.android.music.store.MediaStoreImportService generated event: Service destroyed
05-30 12:43:14.780  1628  2016 I ActivityManager: Killing 1929:com.android.cellbroadcastreceiver/u0a4 (adj 906): empty #17
05-30 12:43:14.792  3010  3010 W System  : ClassLoader referenced unknown path: /system/app/Hangouts/lib/x86
05-30 12:43:14.798  2050  2453 W Conscrypt: Could not set socket write timeout:
05-30 12:43:14.798  2050  2453 W Conscrypt:    java.lang.reflect.Method.invoke(Native Method)
05-30 12:43:14.798  2050  2453 W Conscrypt:    com.google.android.gms.org.conscrypt.Platform.setSocketWriteTimeout(:com.google.android.gms@11743470:13)
05-30 12:43:14.813  2050  2453 I ProcessCheckinRequest: REQUEST: b: "358240051111110"
05-30 12:43:14.813  2050  2453 I ProcessCheckinRequest: c: "020000000000"
05-30 12:43:14.813  2050  2453 I ProcessCheckinRequest: d: "wifi"
05-30 12:43:14.813  2050  2453 I ProcessCheckinRequest: e: "EMULATOR31X2X10X0"
05-30 12:43:14.813  2050  2453 I ProcessCheckinRequest: g: 4205965648272179206
05-30 12:43:14.813  2050  2453 I ProcessCheckinRequest: h: -6182720138425667240
05-30 12:43:14.813  2050  2453 I ProcessCheckinRequest: i: "1-f0e338e42032be51ea60edfdad8a9a564d53e1fb"
05-30 12:43:14.813  2050  2453 I ProcessCheckinRequest: j: "en_US"
05-30 12:43:14.813  2050  2453 I ProcessCheckinRequest: k <
05-30 12:43:14.813  2050  2453 I ProcessCheckinRequest:   a <
05-30 12:43:14.813  2050  2453 I ProcessCheckinRequest:     a: "google/sdk_google_phone_x86/generic_x86:7.0/NYC/4409132:user/release-keys"
05-30 12:43:14.813  2050  2453 I ProcessCheckinRequest:     c: "unknown"
05-30 12:43:14.813  2050  2453 I ProcessCheckinRequest:     d: "ranchu"
05-30 12:43:14.813  2050  2453 I ProcessCheckinRequest:     e: "google"
05-30 12:43:14.813  2050  2453 I ProcessCheckinRequest:     f: "unknown"
05-30 12:43:14.813  2050  2453 I ProcessCheckinRequest:     g: 1508534163
05-30 12:43:14.813  2050  2453 I ProcessCheckinRequest:     h: 11743470
05-30 12:43:14.813  2050  2453 I ProcessCheckinRequest:     i: 24
05-30 12:43:14.813  2050  2453 I ProcessCheckinRequest:     j: "generic_x86"
05-30 12:43:14.813  2050  2453 I ProcessCheckinRequest:     k: "Android SDK built for x86"
05-30 12:43:14.813  2050  2453 I ProcessCheckinRequest:     l: "Google"
05-30 12:43:14.813  2050  2453 I ProcessCheckinRequest:     m: "sdk_google_phone_x86"
05-30 12:43:14.813  2050  2453 I ProcessCheckinRequest:     n: false
05-30 12:43:14.813  2050  2453 I ProcessCheckinRequest:     o <
05-30 12:43:14.813  2050  2453 I ProcessCheckinRequest:       a: 2
05-30 12:43:14.813  2050  2453 I ProcessCheckinRequest:       b: "ms-unknown"
05-30 12:43:14.813  2050  2453 I ProcessCheckinRequest:     >
05-30 12:43:14.813  2050  2453 I ProcessCheckinRequest:     o <
05-30 12:43:14.813  2050  2453 I ProcessCheckinRequest:       a: 1
05-30 12:43:14.813  2050  2453 I ProcessCheckinRequest:       b: "unknown"
05-30 12:43:14.813  2050  2453 I ProcessCheckinRequest:     >
05-30 12:43:14.813  2050  2453 I ProcessCheckinRequest:     o <
05-30 12:43:14.813  2050  2453 I ProcessCheckinRequest:       a: 4
05-30 12:43:14.813  2050  2453 I ProcessCheckinRequest:       b: "gmm-unknown"
05-30 12:43:14.813  2050  2453 I ProcessCheckinRequest:     >
05-30 12:43:14.813  2050  2453 I ProcessCheckinRequest:     o <
05-30 12:43:14.813  2050  2453 I ProcessCheckinRequest:       a: 5
05-30 12:43:14.813  2050  2453 I ProcessCheckinRequest:       b: "mvapp-unknown"
05-30 12:43:14.813  2050  2453 I ProcessCheckinRequest:     >
05-30 12:43:14.813  2050  2453 I ProcessCheckinRequest:     o <
05-30 12:43:14.813  2050  2453 I ProcessCheckinRequest:       a: 6
05-30 12:43:14.813  2050  2453 I ProcessCheckinRequest:       b: "am-unknown"
05-30 12:43:14.813  2050  2453 I ProcessCheckinRequest:     >
05-30 12:43:14.813  2050  2453 I ProcessCheckinRequest:     o <
05-30 12:43:14.813  2050  2453 I ProcessCheckinRequest:       a: 9
05-30 12:43:14.813  2050  2453 I ProcessCheckinRequest:       b: "ms-unknown"
05-30 12:43:14.813  2050  2453 I ProcessCheckinRequest:     >
05-30 12:43:14.813  2050  2453 I ProcessCheckinRequest:     q: "2017-10-05"
05-30 12:43:14.813  2050  2453 I ProcessCheckinRequest:   >
05-30 12:43:14.813  2050  2453 I ProcessCheckinRequest:   b: 1653885316467
05-30 12:43:14.813  2050  2453 I ProcessCheckinRequest:   d <
05-30 12:43:14.813  2050  2453 I ProcessCheckinRequest:     a: "event_log_start"
05-30 12:43:14.813  2050  2453 I ProcessCheckinRequest:     c: 1653894793402
05-30 12:43:14.813  2050  2453 I ProcessCheckinRequest:   >
05-30 12:43:14.813  2050  2453 I ProcessCheckinRequest:   e: "310260"
05-30 12:43:14.813  2050  2453 I ProcessCheckinRequest:   f: "310260"
05-30 12:43:14.813  2050  2453 I ProcessCheckinRequest:   g: "MOBILE:LTE:"
05-30 12:43:14.813  2050  2453 I ProcessCheckinRequest:   h: true
05-30 12:43:14.813  2050  2453 I ProcessCheckinRequest:   i: 0
05-30 12:43:14.813  2050  2453 I ProcessCheckinRequest:   j: 2
05-30 12:43:14.813  2050  2453 I ProcessCheckinRequest:   k <
05-30 12:43:14.813  2050  2453 I ProcessCheckinRequest:     a: 1
05-30 12:43:14.813  2050  2453 I ProcessCheckinRequest:     b: 1
05-30 12:43:14.813  2050  2453 I ProcessCheckinRequest:     c: "unspecified"
05-30 12:43:14.813  2050  2453 I ProcessCheckinRequest:     d: ""
05-30 12:43:14.813  2050  2453 I ProcessCheckinRequest:     e: false
05-30 12:43:14.813  2050  2453 I ProcessCheckinRequest:   >
05-30 12:43:14.813  2050  2453 I ProcessCheckinRequest:   l <
05-30 12:43:14.813  2050  2453 I ProcessCheckinRequest:     a: "310260"
05-30 12:43:14.813  2050  2453 I ProcessCheckinRequest:     b: "Android"
05-30 12:43:14.813  2050  2453 I ProcessCheckinRequest:     c: "0"
05-30 12:43:14.813  2050  2453 I ProcessCheckinRequest:     d: 0
05-30 12:43:14.813  2050  2453 I ProcessCheckinRequest:     d: 1
05-30 12:43:14.813  2050  2453 I ProcessCheckinRequest:     d: 2
05-30 12:43:14.813  2050  2453 I ProcessCheckinRequest:     e: "310260000000000"
05-30 12:43:14.813  2050  2453 I ProcessCheckinRequest:     g: "\027L"
05-30 12:43:14.813  2050  2453 I ProcessCheckinRequest:   >
05-30 12:43:14.813  2050  2453 I ProcessCheckinRequest: >
05-30 12:43:14.813  2050  2453 I ProcessCheckinRequest: l: ""
05-30 12:43:14.813  2050  2453 I ProcessCheckinRequest: m: "Asia/Calcutta"
05-30 12:43:14.813  2050  2453 I ProcessCheckinRequest: n: 3966228030911604318
05-30 12:43:14.813  2050  2453 I ProcessCheckinRequest: o: 3
05-30 12:43:14.813  2050  2453 I ProcessCheckinRequest: p: "y5wIFYiBJJ1GbmKmqnQ2YIm1ovA="
05-30 12:43:14.813  2050  2453 I ProcessCheckinRequest: q <
05-30 12:43:14.813  2050  2453 I ProcessCheckinRequest:   a: 3
05-30 12:43:14.813  2050  2453 I ProcessCheckinRequest:   b: 2
05-30 12:43:14.813  2050  2453 I ProcessCheckinRequest:   c: 2
05-30 12:43:14.813  2050  2453 I ProcessCheckinRequest:   d: 2
05-30 12:43:14.813  2050  2453 I ProcessCheckinRequest:   e: true
05-30 12:43:14.813  2050  2453 I ProcessCheckinRequest:   f: true
05-30 12:43:14.813  2050  2453 I ProcessCheckinRequest:   g: 420
05-30 12:43:14.813  2050  2453 I ProcessCheckinRequest:   h: 1080
05-30 12:43:14.813  2050  2453 I ProcessCheckinRequest:   i: 1794
05-30 12:43:14.813  2050  2453 I ProcessCheckinRequest:   j: 131072
05-30 12:43:14.813  2050  2453 I ProcessCheckinRequest:   k: "android.ext.services"
05-30 12:43:14.813  2050  2453 I ProcessCheckinRequest:   k: "android.ext.shared"
05-30 12:43:14.813  2050  2453 I ProcessCheckinRequest:   k: "android.test.runner"
05-30 12:43:14.813  2050  2453 I ProcessCheckinRequest:   k: "com.android.location.provider"
05-30 12:43:14.813  2050  2453 I ProcessCheckinRequest:   k: "com.android.media.remotedisplay"
05-30 12:43:14.813  2050  2453 I ProcessCheckinRequest:   k: "com.android.mediadrm.signer"
05-30 12:43:14.813  2050  2453 I ProcessCheckinRequest:   k: "com.google.android.gms"
05-30 12:43:14.813  2050  2453 I ProcessCheckinRequest:   k: "com.google.android.maps"
05-30 12:43:14.813  2050  2453 I ProcessCheckinRequest:   k: "com.google.android.media.effects"
05-30 12:43:14.813  2050  2453 I ProcessCheckinRequest:   k: "javax.obex"
05-30 12:43:14.813  2050  2453 I ProcessCheckinRequest:   k: "org.apache.http.legacy"
05-30 12:43:14.813  2050  2453 I ProcessCheckinRequest:   l: "android.hardware.audio.output"
05-30 12:43:14.813  2050  2453 I ProcessCheckinRequest:   l: "android.hardware.camera"
05-30 12:43:14.813  2050  2453 I ProcessCheckinRequest:   l: "android.hardware.camera.any"
05-30 12:43:14.813  2050  2453 I ProcessCheckinRequest:   l: "android.hardware.faketouch"
05-30 12:43:14.813  2050  2453 I ProcessCheckinRequest:   l: "android.hardware.fingerprint"
05-30 12:43:14.813  2050  2453 I ProcessCheckinRequest:   l: "android.hardware.location"
05-30 12:43:14.813  2050  2453 I ProcessCheckinRequest:   l: "android.hardware.location.gps"
05-30 12:43:14.813  2050  2453 I ProcessCheckinRequest:   l: "android.hardware.location.network"
05-30 12:43:14.813  2050  2453 I ProcessCheckinRequest:   l: "android.hardware.microphone"
05-30 12:43:14.813  2050  2453 I ProcessCheckinRequest:   l: "android.hardware.screen.landscape"
05-30 12:43:14.813  2050  2453 I ProcessCheckinRequest:   l: "android.hardware.screen.portrait"
05-30 12:43:14.813  2050  2453 I ProcessCheckinRequest:   l: "android.hardware.sensor.accelerometer"
05-30 12:43:14.813  2050  2453 I ProcessCheckinRequest:   l: "android.hardware.sensor.ambient_temperature"
05-30 12:43:14.813  2050  2453 I ProcessCheckinRequest:   l: "android.hardware.sensor.barometer"
05-30 12:43:14.813  2050  2453 I ProcessCheckinRequest:   l: "android.hardware.sensor.compass"
05-30 12:43:14.813  2050  2453 I ProcessCheckinRequest:   l: "android.hardware.sensor.gyroscope"
05-30 12:43:14.813  2050  2453 I ProcessCheckinRequest:   l: "android.hardware.sensor.light"
05-30 12:43:14.813  2050  2453 I ProcessCheckinRequest:   l: "android.hardware.sensor.proximity"
05-30 12:43:14.813  2050  2453 I ProcessCheckinRequest:   l: "android.hardware.sensor.relative_humidity"
05-30 12:43:14.813  2050  2453 I ProcessCheckinRequest:   l: "android.hardware.telephony"
05-30 12:43:14.813  2050  2453 I ProcessCheckinRequest:   l: "android.hardware.telephony.gsm"
05-30 12:43:14.813  2050  2453 I ProcessCheckinRequest:   l: "android.hardware.touchscreen"
05-30 12:43:14.813  2050  2453 I ProcessCheckinRequest:   l: "android.hardware.touchscreen.multitouch"
05-30 12:43:14.813  2050  2453 I ProcessCheckinRequest:   l: "android.hardware.touchscreen.multitouch.distinct"
05-30 12:43:14.813  2050  2453 I ProcessCheckinRequest:   l: "android.hardware.touchscreen.multitouch.jazzhand"
05-30 12:43:14.813  2050  2453 I ProcessCheckinRequest:   l: "android.software.app_widgets"
05-30 12:43:14.813  2050  2453 I ProcessCheckinRequest:   l: "android.software.backup"
05-30 12:43:14.813  2050  2453 I ProcessCheckinRequest:   l: "android.software.connectionservice"
05-30 12:43:14.813  2050  2453 I ProcessCheckinRequest:   l: "android.software.device_admin"
05-30 12:43:14.813  2050  2453 I ProcessCheckinRequest:   l: "android.software.home_screen"
05-30 12:43:14.813  2050  2453 I ProcessCheckinRequest:   l: "android.software.input_methods"
05-30 12:43:14.813  2050  2453 I ProcessCheckinRequest:   l: "android.software.live_wallpaper"
05-30 12:43:14.813  2050  2453 I ProcessCheckinRequest:   l: "android.software.managed_users"
05-30 12:43:14.813  2050  2453 I ProcessCheckinRequest:   l: "android.software.midi"
05-30 12:43:14.813  2050  2453 I ProcessCheckinRequest:   l: "android.software.print"
05-30 12:43:14.813  2050  2453 I ProcessCheckinRequest:   l: "android.software.voice_recognizers"
05-30 12:43:14.813  2050  2453 I ProcessCheckinRequest:   l: "android.software.webview"
05-30 12:43:14.813  2050  2453 I ProcessCheckinRequest:   l: "com.google.android.feature.EXCHANGE_6_2"
05-30 12:43:14.813  2050  2453 I ProcessCheckinRequest:   l: "com.google.android.feature.GOOGLE_BUILD"
05-30 12:43:14.813  2050  2453 I ProcessCheckinRequest:   l: "com.google.android.feature.GOOGLE_EXPERIENCE"
05-30 12:43:14.813  2050  2453 I ProcessCheckinRequest:   m <
05-30 12:43:14.813  2050  2453 I ProcessCheckinRequest:     a: "android.hardware.audio.output"
05-30 12:43:14.813  2050  2453 I ProcessCheckinRequest:     b: 0
05-30 12:43:14.813  2050  2453 I ProcessCheckinRequest:   >
05-30 12:43:14.813  2050  2453 I ProcessCheckinRequest:   m <
05-30 12:43:14.813  2050  2453 I ProcessCheckinRequest:     a: "android.hardware.camera"
05-30 12:43:14.813  2050  2453 I ProcessCheckinRequest:     b: 0
05-30 12:43:14.813  2050  2453 I ProcessCheckinRequest:   >
05-30 12:43:14.813  2050  2453 I ProcessCheckinRequest:   m <
05-30 12:43:14.813  2050  2453 I ProcessCheckinRequest:     a: "android.hardware.camera.any"
05-30 12:43:14.813  2050  2453 I ProcessCheckinRequest:     b: 0
05-30 12:43:14.813  2050  2453 I ProcessCheckinRequest:   >
05-30 12:43:14.813  2050  2453 I ProcessCheckinRequest:   m <
05-30 12:43:14.813  2050  2453 I ProcessCheckinRequest:     a: "android.hardware.faketouch"
05-30 12:43:14.813  2050  2453 I ProcessCheckinRequest:     b: 0
05-30 12:43:14.813  2050  2453 I ProcessCheckinRequest:   >
05-30 12:43:14.813  2050  2453 I ProcessCheckinRequest:   m <
05-30 12:43:14.813  2050  2453 I ProcessCheckinRequest:     a: "android.hardware.fingerprint"
05-30 12:43:14.813  2050  2453 I ProcessCheckinRequest:     b: 0
05-30 12:43:14.813  2050  2453 I ProcessCheckinRequest:   >
05-30 12:43:14.813  2050  2453 I ProcessCheckinRequest:   m <
05-30 12:43:14.813  2050  2453 I ProcessCheckinRequest:     a: "android.hardware.location"
05-30 12:43:14.813  2050  2453 I ProcessCheckinRequest:     b: 0
05-30 12:43:14.813  2050  2453 I ProcessCheckinRequest:   >
05-30 12:43:14.813  2050  2453 I ProcessCheckinRequest:   m <
05-30 12:43:14.813  2050  2453 I ProcessCheckinRequest:     a: "android.hardware.location.gps"
05-30 12:43:14.813  2050  2453 I ProcessCheckinRequest:     b: 0
05-30 12:43:14.813  2050  2453 I ProcessCheckinRequest:   >
05-30 12:43:14.813  2050  2453 I ProcessCheckinRequest:   m <
05-30 12:43:14.813  2050  2453 I ProcessCheckinRequest:     a: "android.hardware.location.network"
05-30 12:43:14.813  2050  2453 I ProcessCheckinRequest:     b: 0
05-30 12:43:14.813  2050  2453 I ProcessCheckinRequest:   >
05-30 12:43:14.813  2050  2453 I ProcessCheckinRequest:   m <
05-30 12:43:14.813  2050  2453 I ProcessCheckinRequest:     a: "android.hardware.microphone"
05-30 12:43:14.813  2050  2453 I ProcessCheckinRequest:     b: 0
05-30 12:43:14.813  2050  2453 I ProcessCheckinRequest:   >
05-30 12:43:14.813  2050  2453 I ProcessCheckinRequest:   m <
05-30 12:43:14.813  2050  2453 I ProcessCheckinRequest:     a: "android.hardware.screen.landscape"
05-30 12:43:14.813  2050  2453 I ProcessCheckinRequest:     b: 0
05-30 12:43:14.813  2050  2453 I ProcessCheckinRequest:   >
05-30 12:43:14.813  2050  2453 I ProcessCheckinRequest:   m <
05-30 12:43:14.813  2050  2453 I ProcessCheckinRequest:     a: "android.hardware.screen.portrait"
05-30 12:43:14.813  2050  2453 I ProcessCheckinRequest:     b: 0
05-30 12:43:14.813  2050  2453 I ProcessCheckinRequest:   >
05-30 12:43:14.813  2050  2453 I ProcessCheckinRequest:   m <
05-30 12:43:14.813  2050  2453 I ProcessCheckinRequest:     a: "android.hardware.sensor.accelerometer"
05-30 12:43:14.813  2050  2453 I ProcessCheckinRequest:     b: 0
05-30 12:43:14.813  2050  2453 I ProcessCheckinRequest:   >
05-30 12:43:14.813  2050  2453 I ProcessCheckinRequest:   m <
05-30 12:43:14.813  2050  2453 I ProcessCheckinRequest:     a: "android.hardware.sensor.ambient_temperature"
05-30 12:43:14.813  2050  2453 I ProcessCheckinRequest:     b: 0
05-30 12:43:14.813  2050  2453 I ProcessCheckinRequest:   >
05-30 12:43:14.813  2050  2453 I ProcessCheckinRequest:   m <
05-30 12:43:14.813  2050  2453 I ProcessCheckinRequest:     a: "
05-30 12:43:14.844  1628  1638 D ActivityManager: cleanUpApplicationRecord -- 1929
05-30 12:43:14.919  2276  2276 D MusicLifecycle: com.google.android.music.wear.WearBroadcastReceiver generated event: Broadcast received with context android.app.ReceiverRestrictedContext@5549370 and intent Intent { act=com.google.android.music.IMPORT_COMPLETE flg=0x10 cmp=com.google.android.music/.wear.WearBroadcastReceiver }
05-30 12:43:14.930  2050  3032 I EventLogChimeraService: Aggregate from 1653894793402 (log), 1653893426068 (data)
05-30 12:43:14.942  3010  3026 I MS_RegisterService: RegisterService intent:Intent { act=register_intent_action flg=0x10 cmp=com.google.android.talk/com.google.android.libraries.matchstick.net.SilentRegisterService } isPeriodic:false
05-30 12:43:14.942  2276  2276 D MusicLifecycle: com.google.android.music.wear.WearBroadcastReceiver generated event: Broadcast received with context android.app.ReceiverRestrictedContext@5549370 and intent Intent { act=com.google.android.music.IMPORT_COMPLETE flg=0x10 cmp=com.google.android.music/.wear.WearBroadcastReceiver }
05-30 12:43:14.959  2065  2183 D WearableService: onGetService - Wear is not available on this device.
05-30 12:43:14.958  2276  2276 D MusicLifecycle: com.google.android.music.wear.WearBroadcastReceiver generated event: Broadcast received with context android.app.ReceiverRestrictedContext@5549370 and intent Intent { act=com.google.android.music.IMPORT_COMPLETE flg=0x10 cmp=com.google.android.music/.wear.WearBroadcastReceiver }
05-30 12:43:14.963  3010  3026 W System  : ClassLoader referenced unknown path: /system/priv-app/PrebuiltGmsCore/lib/x86
05-30 12:43:14.964  2276  3033 E GmsUtils: Failed to connect to Google API client: ConnectionResult{statusCode=API_UNAVAILABLE, resolution=null, message=null}
05-30 12:43:14.968  3010  3026 W System  : ClassLoader referenced unknown path: /system/priv-app/PrebuiltGmsCore/lib/x86
05-30 12:43:14.968  3010  3026 W System  : ClassLoader referenced unknown path: /system/priv-app/PrebuiltGmsCore/lib/x86
05-30 12:43:14.969  2065  2077 D WearableService: onGetService - Wear is not available on this device.
05-30 12:43:14.969  2065  2076 D WearableService: onGetService - Wear is not available on this device.
05-30 12:43:14.970  2276  3037 E GmsUtils: Failed to connect to Google API client: ConnectionResult{statusCode=API_UNAVAILABLE, resolution=null, message=null}
05-30 12:43:14.971  2276  3042 E GmsUtils: Failed to connect to Google API client: ConnectionResult{statusCode=API_UNAVAILABLE, resolution=null, message=null}
05-30 12:43:14.972  3010  3026 W System  : ClassLoader referenced unknown path: /system/priv-app/PrebuiltGmsCore/lib/x86
05-30 12:43:14.972  3010  3026 W System  : ClassLoader referenced unknown path: /system/priv-app/PrebuiltGmsCore/lib/x86
05-30 12:43:14.973  3010  3026 W linker  : /data/user_de/0/com.google.android.gms/app_extracted_libs/x86/libconscrypt_gmscore_jni.so: unused DT entry: type 0xf arg 0x91
05-30 12:43:14.975  3010  3026 V NativeCrypto: Registering com/google/android/gms/org/conscrypt/NativeCrypto's 276 native methods...
05-30 12:43:14.975  2065  2316 E NetworkScheduler.ATC: Called cancelTask for already completed task com.google.android.gms/.checkin.EventLogService{u=0 tag="AggregationTaskTag" trigger=window{period=1800s,flex=600s,earliest=-168s,latest=431s} requirements=[NET_ANY] attributes=[PERSISTED,RECURRING] scheduled=-1368s last_run=0s jid=N/A status=ACTIVE retries=0} :RESCHEDULED
05-30 12:43:14.976  2050  2453 I ProcessCheckinRequest: updateCheckinIdTokenFileFromResponse, Reading existing AID
05-30 12:43:14.976  2050  2453 I CheckinRequestBuilder: Checkin reason type: 1 attempt count: 1
05-30 12:43:14.978  2050  2453 E ActivityThread: Failed to find provider info for com.google.android.wearable.settings
05-30 12:43:14.981  3010  3026 D NetworkSecurityConfig: No Network Security Config specified, using platform default
05-30 12:43:14.982  3010  3026 I ProviderInstaller: Installed default security provider GmsCore_OpenSSL
05-30 12:43:14.983  3010  3026 I MS_RegisterService: Not registered and not enabled. Doing nothing.
05-30 12:43:14.986  1628  2040 I ActivityManager: Killing 2394:com.android.dialer/u0a9 (adj 906): empty #17
05-30 12:43:14.990  1628  2040 D ActivityManager: cleanUpApplicationRecord -- 2394
05-30 12:43:15.007  2050  2453 I CheckinUtil: Classify the device as Phone.
05-30 12:43:15.014  2050  2453 E ProcessCheckinRequest: CheckinNowTaskTag : Checkin Succeeded: https://android.clients.google.com/checkin (request #1): 
05-30 12:43:15.024  2050  2520 I EventLogChimeraService: Accumulating logs since 1653894794930
05-30 12:43:15.033  2050  3041 W art     : Before Android 4.1, method double java.util.concurrent.ThreadLocalRandom.internalNextDouble(double, double) would have incorrectly overridden the package-private method in java.util.Random
05-30 12:43:15.033  2050  3041 W art     : Before Android 4.1, method int java.util.concurrent.ThreadLocalRandom.internalNextInt(int, int) would have incorrectly overridden the package-private method in java.util.Random
05-30 12:43:15.033  2050  3041 W art     : Before Android 4.1, method long java.util.concurrent.ThreadLocalRandom.internalNextLong(long, long) would have incorrectly overridden the package-private method in java.util.Random
05-30 12:43:15.059  2050  2520 I ProcessCheckinRequest: Get token from PseudonymousIdApi: 511=CRKwjMWYikjCaGIXNHinrstFiEPrd4hZ3uQNGEKQBmqIbQyAGMbbS9fy8paMGFXzIY6-wD3XAqQy4Q5og7n63JGyStTjxRUR0l9vBrqtyHsVCvUGxIoqj7ncaZu0HNCDEDnhzNVEQpM27MO33LOwt_gX_wYGLD_RTRPTvB3wtaA
05-30 12:43:15.059  2050  2520 I CheckinRequestBuilder: Checkin reason type: 8 attempt count: 2
05-30 12:43:15.061  2050  2520 E ActivityThread: Failed to find provider info for com.google.android.wearable.settings
05-30 12:43:15.104  2065  3059 I VacuumService: Vacuum at: now=1653894795104 tag=VacuumService
05-30 12:43:15.192  2065  2826 E NetworkScheduler: ignoring stale queue check message
05-30 12:43:15.244  2764  2775 D         : HostConnection::get() New Host Connection established 0x9c788180, tid 2775
05-30 12:43:15.225  2764  2764 W Binder:2764_1: type=1400 audit(0.0:6): avc: denied { read } for name="/" dev="tmpfs" ino=4028 scontext=u:r:priv_app:s0:c512,c768 tcontext=u:object_r:device:s0 tclass=dir permissive=0
05-30 12:43:15.254  2764  2775 D EGL_emulation: eglCreateContext: 0x9c785300: maj 2 min 0 rcv 2
05-30 12:43:15.256  2764  2775 D EGL_emulation: eglMakeCurrent: 0x9c785300: ver 2 0 (tinfo 0x9c783800)
05-30 12:43:15.293  2764  2775 D EGL_emulation: eglCreateContext: 0x9c7858a0: maj 2 min 0 rcv 2
05-30 12:43:15.295  2764  2775 D EGL_emulation: eglMakeCurrent: 0x9c7858a0: ver 2 0 (tinfo 0x9c783800)
05-30 12:43:15.349  2050  2520 I CheckinUtil: Classify the device as Phone.
05-30 12:43:15.356  2050  2520 W System  : Ignoring header Cookie because its value was null.
05-30 12:43:15.356  2050  2520 I ProcessCheckinRequest: set cookie as: null
05-30 12:43:15.368  2050  2520 W Conscrypt: Could not set socket write timeout:
05-30 12:43:15.369  2050  2520 W Conscrypt:    java.lang.reflect.Method.invoke(Native Method)
05-30 12:43:15.369  2050  2520 W Conscrypt:    com.google.android.gms.org.conscrypt.Platform.setSocketWriteTimeout(:com.google.android.gms@11743470:13)
05-30 12:43:15.379  2050  2520 W Conscrypt: Could not set socket write timeout:
05-30 12:43:15.380  2050  2520 W Conscrypt:    java.lang.reflect.Method.invoke(Native Method)
05-30 12:43:15.380  2050  2520 W Conscrypt:    com.google.android.gms.org.conscrypt.Platform.setSocketWriteTimeout(:com.google.android.gms@11743470:13)
05-30 12:43:15.387  2050  2520 I ProcessCheckinRequest: REQUEST: b: "358240051111110"
05-30 12:43:15.387  2050  2520 I ProcessCheckinRequest: c: "020000000000"
05-30 12:43:15.387  2050  2520 I ProcessCheckinRequest: d: "wifi"
05-30 12:43:15.387  2050  2520 I ProcessCheckinRequest: e: "EMULATOR31X2X10X0"
05-30 12:43:15.387  2050  2520 I ProcessCheckinRequest: g: 4205965648272179206
05-30 12:43:15.387  2050  2520 I ProcessCheckinRequest: h: -6182720138425667240
05-30 12:43:15.387  2050  2520 I ProcessCheckinRequest: i: "1-f0e338e42032be51ea60edfdad8a9a564d53e1fb"
05-30 12:43:15.387  2050  2520 I ProcessCheckinRequest: j: "en_US"
05-30 12:43:15.387  2050  2520 I ProcessCheckinRequest: k <
05-30 12:43:15.387  2050  2520 I ProcessCheckinRequest:   a <
05-30 12:43:15.387  2050  2520 I ProcessCheckinRequest:     a: "google/sdk_google_phone_x86/generic_x86:7.0/NYC/4409132:user/release-keys"
05-30 12:43:15.387  2050  2520 I ProcessCheckinRequest:     c: "unknown"
05-30 12:43:15.387  2050  2520 I ProcessCheckinRequest:     d: "ranchu"
05-30 12:43:15.387  2050  2520 I ProcessCheckinRequest:     e: "google"
05-30 12:43:15.387  2050  2520 I ProcessCheckinRequest:     f: "unknown"
05-30 12:43:15.387  2050  2520 I ProcessCheckinRequest:     g: 1508534163
05-30 12:43:15.387  2050  2520 I ProcessCheckinRequest:     h: 11743470
05-30 12:43:15.387  2050  2520 I ProcessCheckinRequest:     i: 24
05-30 12:43:15.387  2050  2520 I ProcessCheckinRequest:     j: "generic_x86"
05-30 12:43:15.387  2050  2520 I ProcessCheckinRequest:     k: "Android SDK built for x86"
05-30 12:43:15.387  2050  2520 I ProcessCheckinRequest:     l: "Google"
05-30 12:43:15.387  2050  2520 I ProcessCheckinRequest:     m: "sdk_google_phone_x86"
05-30 12:43:15.387  2050  2520 I ProcessCheckinRequest:     n: false
05-30 12:43:15.387  2050  2520 I ProcessCheckinRequest:     o <
05-30 12:43:15.387  2050  2520 I ProcessCheckinRequest:       a: 2
05-30 12:43:15.387  2050  2520 I ProcessCheckinRequest:       b: "ms-unknown"
05-30 12:43:15.387  2050  2520 I ProcessCheckinRequest:     >
05-30 12:43:15.387  2050  2520 I ProcessCheckinRequest:     o <
05-30 12:43:15.387  2050  2520 I ProcessCheckinRequest:       a: 1
05-30 12:43:15.387  2050  2520 I ProcessCheckinRequest:       b: "unknown"
05-30 12:43:15.387  2050  2520 I ProcessCheckinRequest:     >
05-30 12:43:15.387  2050  2520 I ProcessCheckinRequest:     o <
