05-30 12:43:07.789  1628  1870 I Telecom : CallAudioModeStateMachine: Message received: null.: TS.init->CAMSM.pM_1@AAA_0
05-30 12:43:07.789  1395  1800 E OMXNodeInstance: getExtensionIndex(5730013:google.vp8.decoder, OMX.google.android.index.configureVideoTunnelMode) ERROR: UnsupportedIndex(0x8000101a)
05-30 12:43:07.789  1395  1800 W OMXNodeInstance: [5730013:google.vp8.decoder] component does not support metadata mode; using fallback
05-30 12:43:07.790  1398  1398 I MediaPlayerService: MediaPlayerService::getOMX
05-30 12:43:07.790  1398  1398 I OMXClient: MuxOMX ctor
05-30 12:43:07.790  1395  1395 I OMXMaster: makeComponentInstance(OMX.google.vp9.decoder) in mediacodec process
05-30 12:43:07.791  1628  1873 E ActivityThread: Failed to find provider info for call_log
05-30 12:43:07.791  1628  1628 E BluetoothAdapter: Bluetooth binder is null
05-30 12:43:07.795  1628  1628 I Telecom : Class: TelecomSystem.INSTANCE being set
05-30 12:43:07.795  1628  1628 E BluetoothAdapter: Bluetooth binder is null
05-30 12:43:07.804  1395  1405 E OMXNodeInstance: getExtensionIndex(5730014:google.vp9.decoder, OMX.google.android.index.configureVideoTunnelMode) ERROR: UnsupportedIndex(0x8000101a)
05-30 12:43:07.804  1395  1800 W OMXNodeInstance: [5730014:google.vp9.decoder] component does not support metadata mode; using fallback
05-30 12:43:07.804  1837  1837 W System  : ClassLoader referenced unknown path: /system/priv-app/Settings/lib/x86
05-30 12:43:07.804  1710  1858 I vol.Events: writeEvent level_changed STREAM_ALARM 6
05-30 12:43:07.805  1398  1398 I MediaPlayerService: MediaPlayerService::getOMX
05-30 12:43:07.805  1398  1398 I OMXClient: MuxOMX ctor
05-30 12:43:07.805  1395  1395 I OMXMaster: makeComponentInstance(OMX.google.h263.encoder) in mediacodec process
05-30 12:43:07.805  1710  1858 I vol.Events: writeEvent level_changed STREAM_BLUETOOTH_SCO 7
05-30 12:43:07.806  1710  1858 I vol.Events: writeEvent level_changed STREAM_MUSIC 11
05-30 12:43:07.807  1710  1858 I vol.Events: writeEvent level_changed STREAM_RING 6
05-30 12:43:07.807  1710  1858 I vol.Events: writeEvent level_changed STREAM_SYSTEM 6
05-30 12:43:07.807  1710  1858 I vol.Events: writeEvent level_changed STREAM_VOICE_CALL 4
05-30 12:43:07.818  1395  1395 I SoftMPEG4Encoder: Construct SoftMPEG4Encoder
05-30 12:43:07.819  1398  1398 W ACodec  : do not know color format 0x7f000789 = 2130708361
05-30 12:43:07.819  1395  1800 E OMXNodeInstance: getConfig(5730015:google.h263.encoder, ConfigAndroidIntraRefresh(0x6f60000a)) ERROR: Undefined(0x80001001)
05-30 12:43:07.822  1398  1398 I MediaPlayerService: MediaPlayerService::getOMX
05-30 12:43:07.822  1398  1398 I OMXClient: MuxOMX ctor
05-30 12:43:07.822  1395  1395 I OMXMaster: makeComponentInstance(OMX.google.h264.encoder) in mediacodec process
05-30 12:43:07.833  1628  1684 D NotificationSQLiteLog: Pruned event entries: 0
05-30 12:43:07.838  1628  1674 D WifiController: DEFERRED_TOGGLE handled
05-30 12:43:07.838  1398  1398 W ACodec  : do not know color format 0x7f000789 = 2130708361
05-30 12:43:07.838  1399  1626 D SoftapController: Softap fwReload - Ok
05-30 12:43:07.839  1398  1398 I MediaPlayerService: MediaPlayerService::getOMX
05-30 12:43:07.839  1398  1398 I OMXClient: MuxOMX ctor
05-30 12:43:07.839  1395  1800 I OMXMaster: makeComponentInstance(OMX.google.mpeg4.encoder) in mediacodec process
05-30 12:43:07.840  1399  1626 D CommandListener: Setting iface cfg
05-30 12:43:07.840  1399  1626 D CommandListener: Trying to bring down wlan0
05-30 12:43:07.840  1399  1626 D CommandListener: Clearing all IP addresses on wlan0
05-30 12:43:07.841  1628  1675 E WifiMonitor: killSupplicant p2pfalse init.svc.wpa_supplicant=unknown init.svc.p2p_supplicant=unknown
05-30 12:43:07.845  1342  1350 E SurfaceFlinger: ro.sf.lcd_density must be defined as a build property
05-30 12:43:07.848  1395  1800 I SoftMPEG4Encoder: Construct SoftMPEG4Encoder
05-30 12:43:07.850  1398  1398 W ACodec  : do not know color format 0x7f000789 = 2130708361
05-30 12:43:07.850  1395  1800 E OMXNodeInstance: getConfig(5730017:google.mpeg4.encoder, ConfigAndroidIntraRefresh(0x6f60000a)) ERROR: Undefined(0x80001001)
05-30 12:43:07.851  1398  1398 I MediaPlayerService: MediaPlayerService::getOMX
05-30 12:43:07.851  1398  1398 I OMXClient: MuxOMX ctor
05-30 12:43:07.851  1395  1800 I OMXMaster: makeComponentInstance(OMX.google.vp8.encoder) in mediacodec process
05-30 12:43:07.853  1710  1710 D         : HostConnection::get() New Host Connection established 0x9b0cffc0, tid 1710
05-30 12:43:07.864  1398  1398 W ACodec  : do not know color format 0x7f000789 = 2130708361
05-30 12:43:07.864  1395  1395 E OMXNodeInstance: getConfig(5730018:google.vp8.encoder, ConfigAndroidIntraRefresh(0x6f60000a)) ERROR: Undefined(0x80001001)
05-30 12:43:07.866  1398  1398 I MediaPlayerService: MediaPlayerService::getOMX
05-30 12:43:07.866  1398  1398 I OMXClient: MuxOMX ctor
05-30 12:43:07.867  1398  1398 I MediaPlayerService: MediaPlayerService::getOMX
05-30 12:43:07.867  1398  1398 I OMXClient: MuxOMX ctor
05-30 12:43:07.867  1398  1398 W MediaCodecList: unable to open media codecs configuration xml file: /data/misc/media/media_codecs_profiling_results.xml
05-30 12:43:07.867  1710  1710 D StorageNotification: Notifying about private volume: VolumeInfo{private}:
05-30 12:43:07.867  1710  1710 D StorageNotification:     type=PRIVATE diskId=null partGuid=null mountFlags=0 mountUserId=-1 
05-30 12:43:07.867  1710  1710 D StorageNotification:     state=MOUNTED 
05-30 12:43:07.867  1710  1710 D StorageNotification:     fsType=null fsUuid=null fsLabel=null 
05-30 12:43:07.867  1710  1710 D StorageNotification:     path=/data internalPath=null 
05-30 12:43:07.868  1710  1710 D StorageNotification: Notifying about public volume: VolumeInfo{public:253,64}:
05-30 12:43:07.868  1710  1710 D StorageNotification:     type=PUBLIC diskId=disk:253,64 partGuid=null mountFlags=VISIBLE 
05-30 12:43:07.868  1710  1710 D StorageNotification:     mountUserId=0 state=MOUNTED 
05-30 12:43:07.868  1710  1710 D StorageNotification:     fsType=vfat fsUuid=160B-0914 fsLabel=SDCARD 
05-30 12:43:07.868  1710  1710 D StorageNotification:     path=/storage/160B-0914 internalPath=/mnt/media_rw/160B-0914 
05-30 12:43:07.868  1398  1783 I MediaPlayerService: MediaPlayerService::getOMX
05-30 12:43:07.868  1398  1398 I MediaPlayerService: MediaPlayerService::getOMX
05-30 12:43:07.868  1710  1805 I OMXClient: MuxOMX ctor
05-30 12:43:07.869  1628  1776 I OMXClient: MuxOMX ctor
05-30 12:43:07.869  1395  1405 I OMXMaster: makeComponentInstance(OMX.google.vorbis.decoder) in mediacodec process
05-30 12:43:07.872  1628  1628 W System  : ClassLoader referenced unknown path: /system/priv-app/FusedLocation/lib/x86
05-30 12:43:07.877  1628  1628 D GpsNetInitiatedHandler: location enabled :true
05-30 12:43:07.878  1628  1628 V WiredAccessoryManager: notifyWiredAccessoryChanged: when=0 bits= mask=54
05-30 12:43:07.879  1628  1628 V WiredAccessoryManager: newName=h2w newState=0 headsetState=0 prev headsetState=0
05-30 12:43:07.879  1628  1628 E WiredAccessoryManager: No state change.
05-30 12:43:07.879  1628  1628 V WiredAccessoryManager: init()
05-30 12:43:07.879  1395  1800 I OMXMaster: makeComponentInstance(OMX.google.vorbis.decoder) in mediacodec process
05-30 12:43:07.909  1628  1628 D AccessibilityManagerService: Ignoring non-encryption-aware service ComponentInfo{com.example.android.apis/com.example.android.apis.accessibility.ClockBackService}
05-30 12:43:07.909  1628  1628 D AccessibilityManagerService: Ignoring non-encryption-aware service ComponentInfo{com.example.android.apis/com.example.android.apis.accessibility.MagnificationService}
05-30 12:43:07.909  1628  1628 D AccessibilityManagerService: Ignoring non-encryption-aware service ComponentInfo{com.example.android.apis/com.example.android.apis.accessibility.TaskBackService}
05-30 12:43:07.910  1342  1350 D PermissionCache: checking android.permission.HARDWARE_TEST for uid=1000 => granted (313 us)
05-30 12:43:07.913  1628  1675 E wifi    : Can not initialize the vendor function pointer table
05-30 12:43:07.914  1628  1675 E WifiNative-HAL: Could not start hal
05-30 12:43:07.914  1628  1675 E WifiStateMachine: Failed to start HAL
05-30 12:43:07.917  1342  1349 E SurfaceFlinger: ro.sf.lcd_density must be defined as a build property
05-30 12:43:07.922  1837  1837 D         : HostConnection::get() New Host Connection established 0xa393a080, tid 1837
05-30 12:43:07.923  1628  1628 W VibratorService: Tried to stop vibrating but there is no vibrator device.
05-30 12:43:07.924  1628  1640 I SyncManager: Got SyncJobService instance.
05-30 12:43:07.924  1628  1628 D ConditionProviders.SCP: onSubscribe condition://android/schedule?days=6.7&start=23.30&end=10.0&exitAtAlarm=false
05-30 12:43:07.925  1628  1628 D ConditionProviders.SCP: setRegistered true
05-30 12:43:07.925  1628  1628 D ConditionProviders.SCP: notifyCondition condition://android/schedule?days=6.7&start=23.30&end=10.0&exitAtAlarm=false STATE_FALSE reason=!meetsSchedule
05-30 12:43:07.926  1628  1628 D ConditionProviders.SCP: Scheduling evaluate for Mon May 30 23:30:00 GMT+05:30 2022 (1653933600000), in +10h46m52s75ms, now=Mon May 30 12:43:07 GMT+05:30 2022 (1653894787925)
05-30 12:43:07.926  1628  1628 D ConditionProviders.SCP: onSubscribe condition://android/schedule?days=1.2.3.4.5&start=22.0&end=7.0&exitAtAlarm=false
05-30 12:43:07.926  1628  1628 D ConditionProviders.SCP: notifyCondition condition://android/schedule?days=6.7&start=23.30&end=10.0&exitAtAlarm=false STATE_FALSE reason=!meetsSchedule
05-30 12:43:07.926  1628  1628 D ConditionProviders.SCP: notifyCondition condition://android/schedule?days=1.2.3.4.5&start=22.0&end=7.0&exitAtAlarm=false STATE_FALSE reason=!meetsSchedule
05-30 12:43:07.926  1628  1628 D ConditionProviders.SCP: Scheduling evaluate for Mon May 30 22:00:00 GMT+05:30 2022 (1653928200000), in +9h16m52s74ms, now=Mon May 30 12:43:07 GMT+05:30 2022 (1653894787926)
05-30 12:43:07.927  1628  1628 I Telecom : WiredHeadsetManager: ACTION_HEADSET_PLUG event, plugged in: false, : WHC.oADA@AAE
05-30 12:43:07.929  1628  1685 E ActivityThread: Failed to find provider info for com.android.calendar
05-30 12:43:07.929  1628  1685 E ActivityThread: Failed to find provider info for com.android.calendar
05-30 12:43:07.956  1837  1899 D         : HostConnection::get() New Host Connection established 0xa3964d80, tid 1899
05-30 12:43:07.957  1837  1899 I OpenGLRenderer: Initialized EGL, version 1.4
05-30 12:43:07.957  1837  1899 D OpenGLRenderer: Swap behavior 1
05-30 12:43:07.957  1837  1899 W OpenGLRenderer: Failed to choose config with EGL_SWAP_BEHAVIOR_PRESERVED, retrying without...
05-30 12:43:07.958  1837  1899 D OpenGLRenderer: Swap behavior 0
05-30 12:43:07.958  1398  1418 I MediaPlayerService: MediaPlayerService::getOMX
05-30 12:43:07.958  1628  1900 I OMXClient: MuxOMX ctor
05-30 12:43:07.959  1395  1395 I OMXMaster: makeComponentInstance(OMX.google.vorbis.decoder) in mediacodec process
05-30 12:43:07.964  1628  1628 I ActivityManager: user 0 is still locked. Cannot load recents
05-30 12:43:07.967  1898  1898 I wpa_supplicant: Successfully initialized wpa_supplicant
05-30 12:43:07.969  1898  1898 I wpa_supplicant: rfkill: Cannot open RFKILL control device
05-30 12:43:07.971  1628  1628 I FusedLocation: engine started (com.android.location.fused)
05-30 12:43:07.972  1898  1898 I wpa_supplicant: nl80211: Could not re-add multicast membership for vendor events: -2 (No such file or directory)
05-30 12:43:07.975  1837  1899 D EGL_emulation: eglCreateContext: 0x9808e3a0: maj 2 min 0 rcv 2
05-30 12:43:07.975  1398  1783 I MediaPlayerService: MediaPlayerService::getOMX
05-30 12:43:07.976  1710  1907 I OMXClient: MuxOMX ctor
05-30 12:43:07.976  1395  1897 I OMXMaster: makeComponentInstance(OMX.google.vorbis.decoder) in mediacodec process
05-30 12:43:07.983  1837  1899 D EGL_emulation: eglMakeCurrent: 0x9808e3a0: ver 2 0 (tinfo 0x99de2d90)
05-30 12:43:07.999  1628  1638 I StatusBarManagerService: registerStatusBar bar=com.android.internal.statusbar.IStatusBar$Stub$Proxy@a89d414
05-30 12:43:08.004  1837  1899 D EGL_emulation: eglMakeCurrent: 0x9808e3a0: ver 2 0 (tinfo 0x99de2d90)
05-30 12:43:08.016  1628  1675 D WifiMonitor: startMonitoring(wlan0) with mConnected = false
05-30 12:43:08.024  1628  1651 I ActivityManager: Displayed com.android.settings/.FallbackHome: +356ms
05-30 12:43:08.024  1628  1641 V KeyguardServiceDelegate: *** Keyguard started
05-30 12:43:08.024  1628  1641 W KeyguardServiceDelegate: onScreenTurningOn(): no keyguard service!
05-30 12:43:08.024  1342  1349 I SurfaceFlinger: Boot is finished (3907 ms)
05-30 12:43:08.031  1820  1820 D PhoneSwitcherNetworkRequstListener: Registering NetworkFactory
05-30 12:43:08.031  1628  1679 D ConnectivityService: Got NetworkFactory Messenger for PhoneSwitcherNetworkRequstListener
05-30 12:43:08.033  1628  1679 D ConnectivityService: Got NetworkFactory Messenger for TelephonyNetworkFactory[0]
05-30 12:43:08.037  1398  1398 I MediaPlayerService: MediaPlayerService::getOMX
05-30 12:43:08.037  1628  1916 I OMXClient: MuxOMX ctor
05-30 12:43:08.038  1395  1897 I OMXMaster: makeComponentInstance(OMX.google.vorbis.decoder) in mediacodec process
05-30 12:43:08.046  1820  1920 E ActivityThread: Failed to find provider info for com.android.contacts
05-30 12:43:08.046  1820  1820 D CarrierConfigLoader: CarrierConfigLoader has started
05-30 12:43:08.047  1820  1920 W CallerInfoCache: cursor is null
05-30 12:43:08.047  1820  1820 E BluetoothAdapter: Bluetooth binder is null
05-30 12:43:08.057  1820  1820 I Telephony: TtyManager: updateUiTtyMode -1 -> 0
05-30 12:43:08.065  1398  1783 I MediaPlayerService: MediaPlayerService::getOMX
05-30 12:43:08.065  1710  1922 I OMXClient: MuxOMX ctor
05-30 12:43:08.066  1395  1914 I OMXMaster: makeComponentInstance(OMX.google.vorbis.decoder) in mediacodec process
05-30 12:43:08.072  1898  1898 E wpa_supplicant: global ctrl interface @android:wpa_wlan0 matches ctrl interface wlan0 - do not open per-interface ctrl interface
05-30 12:43:08.076  1628  1675 D WifiConfigManager: Loading config and enabling all networks 
05-30 12:43:08.084  1628  1628 I GnssLocationProvider: WakeLock acquired by sendMessage(12, 0, null)
05-30 12:43:08.085  1628  1640 I GnssLocationProvider: WakeLock released by handleMessage(12, 0, null)
05-30 12:43:08.086  1628  1675 E WifiNetworkHistory: readNetworkHistory: No config file, revert to default, java.io.FileNotFoundException: /data/misc/wifi/networkHistory.txt (No such file or directory)
05-30 12:43:08.086  1628  1675 E WifiNetworkHistory: java.io.FileNotFoundException: /data/misc/wifi/networkHistory.txt (No such file or directory)
05-30 12:43:08.086  1628  1675 E WifiNetworkHistory: 	at java.io.FileInputStream.open(Native Method)
05-30 12:43:08.086  1628  1675 E WifiNetworkHistory: 	at java.io.FileInputStream.<init>(FileInputStream.java:146)
05-30 12:43:08.086  1628  1675 E WifiNetworkHistory: 	at java.io.FileInputStream.<init>(FileInputStream.java:99)
05-30 12:43:08.086  1628  1675 E WifiNetworkHistory: 	at com.android.server.wifi.WifiNetworkHistory.readNetworkHistory(WifiNetworkHistory.java:331)
05-30 12:43:08.086  1628  1675 E WifiNetworkHistory: 	at com.android.server.wifi.WifiConfigManager.readNetworkHistory(WifiConfigManager.java:1828)
05-30 12:43:08.086  1628  1675 E WifiNetworkHistory: 	at com.android.server.wifi.WifiConfigManager.loadConfiguredNetworks(WifiConfigManager.java:1658)
05-30 12:43:08.086  1628  1675 E WifiNetworkHistory: 	at com.android.server.wifi.WifiConfigManager.loadAndEnableAllNetworks(WifiConfigManager.java:429)
05-30 12:43:08.086  1628  1675 E WifiNetworkHistory: 	at com.android.server.wifi.WifiStateMachine$SupplicantStartingState.processMessage(WifiStateMachine.java:4365)
05-30 12:43:08.086  1628  1675 E WifiNetworkHistory: 	at com.android.internal.util.StateMachine$SmHandler.processMsg(StateMachine.java:980)
05-30 12:43:08.086  1628  1675 E WifiNetworkHistory: 	at com.android.internal.util.StateMachine$SmHandler.handleMessage(StateMachine.java:799)
05-30 12:43:08.086  1628  1675 E WifiNetworkHistory: 	at android.os.Handler.dispatchMessage(Handler.java:102)
05-30 12:43:08.086  1628  1675 E WifiNetworkHistory: 	at android.os.Looper.loop(Looper.java:154)
05-30 12:43:08.086  1628  1675 E WifiNetworkHistory: 	at android.os.HandlerThread.run(HandlerThread.java:61)
05-30 12:43:08.086  1628  1675 D WifiConfigManager: loaded 0 passpoint configs
05-30 12:43:08.086  1628  1675 E IpConfigStore: Error parsing configuration: java.io.FileNotFoundException: /data/misc/wifi/ipconfig.txt (No such file or directory)
05-30 12:43:08.093  1926  1926 I bootstat: Service started: /system/bin/bootstat --record_boot_complete 
05-30 12:43:08.094  1926  1926 I bootstat: Logging histogram: bootstat_mtime_matches_content 1
05-30 12:43:08.094  1926  1926 I bootstat: Logging histogram: bootstat_mtime_matches_content 1
05-30 12:43:08.093  1929  1929 W art     : Unexpected CPU variant for X86 using defaults: x86
05-30 12:43:08.095  1628  1760 D AlarmManagerService: Kernel timezone updated to -330 minutes west of GMT
05-30 12:43:08.099  1628  1641 I ActivityManager: Start proc 1929:com.android.cellbroadcastreceiver/u0a4 for broadcast com.android.cellbroadcastreceiver/.CellBroadcastReceiver
05-30 12:43:08.099  1398  1398 I MediaPlayerService: MediaPlayerService::getOMX
05-30 12:43:08.100  1628  1934 I OMXClient: MuxOMX ctor
05-30 12:43:08.100  1395  1405 I OMXMaster: makeComponentInstance(OMX.google.vorbis.decoder) in mediacodec process
05-30 12:43:08.101  1628  1760 D AlarmManagerService: Setting time of day to sec=1653894788
05-30 12:43:08.995  1628  1760 W AlarmManagerService: Unable to set rtc to 1653894788: No such device
05-30 12:43:08.996  1628  1675 D WifiNative-HAL: Setting external_sim to 1
05-30 12:43:08.997  1628  1675 D WifiStateMachine: Setting OUI to DA-A1-19
05-30 12:43:08.997  1628  1675 D WifiCountryCode: Succeeded to set country code to: US
05-30 12:43:08.998  1628  1628 D ConditionProviders.SCP: onReceive android.intent.action.TIME_SET
05-30 12:43:08.998  1628  1628 D ConditionProviders.SCP: notifyCondition condition://android/schedule?days=6.7&start=23.30&end=10.0&exitAtAlarm=false STATE_FALSE reason=!meetsSchedule
05-30 12:43:08.998  1628  1628 D ConditionProviders.SCP: notifyCondition condition://android/schedule?days=1.2.3.4.5&start=22.0&end=7.0&exitAtAlarm=false STATE_FALSE reason=!meetsSchedule
05-30 12:43:08.998  1628  1628 D ConditionProviders.SCP: Scheduling evaluate for Mon May 30 22:00:00 GMT+05:30 2022 (1653928200000), in +9h16m51s2ms, now=Mon May 30 12:43:08 GMT+05:30 2022 (1653894788998)
05-30 12:43:08.999  1628  1685 E ActivityThread: Failed to find provider info for com.android.calendar
05-30 12:43:08.999  1628  1685 E ActivityThread: Failed to find provider info for com.android.calendar
05-30 12:43:08.999  1628  1675 I WifiConnectivityManager: PNO settings: min5GHzRssi -82 min24GHzRssi -85 currentConnectionBonus 16 sameNetworkBonus 24 secureNetworkBonus 80 initialScoreMax 100
05-30 12:43:08.999  1628  1675 I WifiConnectivityManager: ConnectivityScanManager initialized 
05-30 12:43:08.999  1628  1675 E WifiLogger: no ring buffers found
05-30 12:43:08.999  1628  1675 E WifiLogger: Failed to start packet fate monitoring
05-30 12:43:09.002  1941  1941 I bootstat: Service started: /system/bin/bootstat --record_boot_reason 
05-30 12:43:09.002  1941  1941 I bootstat: Unknown boot reason: 
05-30 12:43:09.007  1628  1675 I WifiConnectivityManager: Set WiFi enabled
05-30 12:43:09.007  1628  1675 I WifiConnectivityManager: scheduleWatchdogTimer
05-30 12:43:09.007  1628  1628 D RttService: SCAN_AVAILABLE : 3
05-30 12:43:09.007  1628  1675 W AlarmManager: Unrecognized alarm listener com.android.server.wifi.WifiConnectivityManager$3@c02de28
05-30 12:43:09.007  1628  1675 E WifiScanner: listener cannot be found
05-30 12:43:09.007  1628  1678 D RttService: DefaultState got{ when=0 what=160512 target=com.android.internal.util.StateMachine$SmHandler }
05-30 12:43:09.008  1628  1675 D WifiNative-HAL: Failing getSupportedFeatureset because HAL isn't started
05-30 12:43:09.008  1628  1644 E BatteryStatsService: no controller energy info supplied
05-30 12:43:09.008  1628  1644 E KernelCpuSpeedReader: Failed to read cpu-freq: /sys/devices/system/cpu/cpu0/cpufreq/stats/time_in_state (No such file or directory)
05-30 12:43:09.009  1628  1644 E KernelUidCpuTimeReader: Failed to read uid_cputime: /proc/uid_cputime/show_uid_stat (No such file or directory)
05-30 12:43:09.010  1628  1675 D WifiNative-HAL: Failing getSupportedFeatureset because HAL isn't started
05-30 12:43:09.010  1628  1644 E BatteryStatsService: no controller energy info supplied
05-30 12:43:09.011  1628  1644 E KernelCpuSpeedReader: Failed to read cpu-freq: /sys/devices/system/cpu/cpu0/cpufreq/stats/time_in_state (No such file or directory)
05-30 12:43:09.011  1628  1644 E KernelUidCpuTimeReader: Failed to read uid_cputime: /proc/uid_cputime/show_uid_stat (No such file or directory)
05-30 12:43:09.011  1628  1677 I WifiScanningService: wifi driver loaded with scan capabilities: max buckets=16
05-30 12:43:09.011  1929  1929 W System  : ClassLoader referenced unknown path: /system/priv-app/CellBroadcastReceiver/lib/x86
05-30 12:43:09.017  1947  1947 I bootstat: Service started: /system/bin/bootstat --record_time_since_factory_reset 
05-30 12:43:09.018  1947  1947 I bootstat: Logging histogram: factory_reset_current_time 1653894789
05-30 12:43:09.025  1947  1947 I bootstat: Logging histogram: bootstat_mtime_matches_content 1
05-30 12:43:09.025  1947  1947 I bootstat: Logging histogram: factory_reset_record_value 1653057481
05-30 12:43:09.032  1949  1949 I bootstat: Service started: /system/bin/bootstat -l 
05-30 12:43:09.032  1949  1949 I bootstat: Logging histogram: bootstat_mtime_matches_content 1
05-30 12:43:09.032  1949  1949 I bootstat: Logging histogram: bootstat_mtime_matches_content 1
05-30 12:43:09.032  1949  1949 I bootstat: Logging histogram: bootstat_mtime_matches_content 1
05-30 12:43:09.033  1949  1949 I bootstat: Logging histogram: bootstat_mtime_matches_content 1
05-30 12:43:09.034  1949  1949 I bootstat: Logging histogram: bootstat_mtime_matches_content 1
05-30 12:43:09.034  1949  1949 I bootstat: Logging histogram: bootstat_mtime_matches_content 1
05-30 12:43:09.034  1949  1949 I bootstat: Logging histogram: bootstat_mtime_matches_content 1
05-30 12:43:09.034  1949  1949 I bootstat: Logging histogram: bootstat_mtime_matches_content 1
05-30 12:43:09.034  1949  1949 I bootstat: Logging histogram: bootstat_mtime_matches_content 1
05-30 12:43:09.034  1949  1949 I bootstat: Logging histogram: bootstat_mtime_matches_content 1
05-30 12:43:09.034  1949  1949 I bootstat: Logging histogram: bootstat_mtime_matches_content 1
05-30 12:43:09.034  1949  1949 I bootstat: Logging histogram: bootstat_mtime_matches_content 1
05-30 12:43:09.034  1949  1949 I bootstat: Logging histogram: post_decrypt_time_elapsed 2
05-30 12:43:09.034  1949  1949 I bootstat: Logging histogram: build_date 1508534163
05-30 12:43:09.034  1949  1949 I bootstat: Logging histogram: boot_decryption_complete 6
05-30 12:43:09.035  1949  1949 I bootstat: Logging histogram: ota_boot_complete_post_decrypt 10
05-30 12:43:09.035  1949  1949 I bootstat: Logging histogram: ota_boot_complete 33
05-30 12:43:09.035  1949  1949 I bootstat: Logging histogram: boot_reason 1
05-30 12:43:09.035  1949  1949 I bootstat: Logging histogram: factory_reset_current_time 1653894789
05-30 12:43:09.035  1949  1949 I bootstat: Logging histogram: factory_reset 1653057481
05-30 12:43:09.035  1949  1949 I bootstat: Logging histogram: boot_complete_post_decrypt 4
05-30 12:43:09.035  1949  1949 I bootstat: Logging histogram: boot_complete 6
05-30 12:43:09.035  1949  1949 I bootstat: Logging histogram: factory_reset_record_value 1653057481
05-30 12:43:09.035  1949  1949 I bootstat: Logging histogram: time_since_factory_reset 837308
05-30 12:43:09.035  1929  1929 D CellBroadcastReceiver: Service state changed! 3 Full: 3 3 voice home data home null null null null null null  Unknown Unknown CSS not supported -1 -1 RoamInd=-1 DefRoamInd=-1 EmergOnly=false IsDataRoamingFromRegistration=false Current state=-1
05-30 12:43:09.040  1951  1951 W art     : Unexpected CPU variant for X86 using defaults: x86
05-30 12:43:09.047  1628  1760 I ActivityManager: Start proc 1951:com.android.deskclock/u0a41 for broadcast com.android.deskclock/.AlarmInitReceiver
05-30 12:43:09.051  1398  1418 I MediaPlayerService: MediaPlayerService::getOMX
05-30 12:43:09.051  1710  1710 W System  : ClassLoader referenced unknown path: 
05-30 12:43:09.051  1628  1964 I OMXClient: MuxOMX ctor
05-30 12:43:09.051  1710  1710 W System  : ClassLoader referenced unknown path: /system/priv-app/Dialer/lib/x86
05-30 12:43:09.051  1395  1897 I OMXMaster: makeComponentInstance(OMX.google.vorbis.decoder) in mediacodec process
05-30 12:43:09.058  1820  1820 D PhoneSwitcherNetworkRequstListener: got request NetworkRequest [ id=1, legacyType=-1, [ Capabilities: INTERNET&NOT_RESTRICTED&TRUSTED&NOT_VPN] ] with score 0
05-30 12:43:09.058  1820  1820 D TelephonyDebugService: TelephonyDebugService()
05-30 12:43:09.059  1820  1820 D CarrierConfigLoader: mHandler: 12 phoneId: 0
05-30 12:43:09.063  1951  1951 W System  : ClassLoader referenced unknown path: /system/app/DeskClock/lib/x86
05-30 12:43:09.075  1710  1710 E BluetoothAdapter: Bluetooth binder is null
05-30 12:43:09.077  1820  1820 E PhoneInterfaceManager: [PhoneIntfMgr] getIccId: No UICC
05-30 12:43:09.085  1710  1710 I CameraManagerGlobal: Connecting to camera service
05-30 12:43:09.086  1628  1725 I Telecom : PhoneAccountRegistrar: New phone account registered: [[ ] PhoneAccount: ComponentInfo{com.android.phone/com.android.services.telephony.TelephonyConnectionService}, [e0184adedf913b076626646d3f52c3b49c39ad6d], UserHandle{0} Capabilities: CallProvider MultiUser PlaceEmerg SimSub  Schemes: tel voicemail  Extras: null]: TSI.rPA@AAM
05-30 12:43:09.086  1391  1391 V EmulatedCamera_Camera: getCameraInfo
05-30 12:43:09.086  1391  1391 V EmulatedCamera_BaseCamera: getCameraInfo
05-30 12:43:09.086  1391  1391 I CameraService: getCameraCharacteristics: Switching to HAL1 shim implementation...
05-30 12:43:09.086  1391  1391 V EmulatedCamera_Camera: getCameraInfo
05-30 12:43:09.086  1391  1391 V EmulatedCamera_BaseCamera: getCameraInfo
05-30 12:43:09.086  1391  1391 I CameraService: CameraService::connect call (PID -1 "cameraserver", camera ID 0) for HAL version default and Camera API version 1
05-30 12:43:09.086  1391  1391 E CameraService: getCameraPriorityFromProcState: Received invalid process state -1 from ActivityManagerService!
05-30 12:43:09.086  1391  1391 V EmulatedCamera_Camera: getCameraInfo
05-30 12:43:09.086  1391  1391 V EmulatedCamera_BaseCamera: getCameraInfo
05-30 12:43:09.087  1628  1725 I Telecom : : Sending phone-account registered intent as user: TSI.rPA@AAM
05-30 12:43:09.090  1820  1820 I Telephony: AccountEntry: Registered phoneAccount: [[ ] PhoneAccount: ComponentInfo{com.android.phone/com.android.services.telephony.TelephonyConnectionService}, [e0184adedf913b076626646d3f52c3b49c39ad6d], UserHandle{0} Capabilities: CallProvider MultiUser PlaceEmerg SimSub  Schemes: tel voicemail  Extras: null] with handle: ComponentInfo{com.android.phone/com.android.services.telephony.TelephonyConnectionService}, [e0184adedf913b076626646d3f52c3b49c39ad6d], UserHandle{0}
05-30 12:43:09.094  1398  1975 E WVMExtractor: Failed to open libwvm.so: dlopen failed: library "libwvm.so" not found
05-30 12:43:09.095  1820  1820 I Telephony: PstnIncomingCallNotifier: Registering: Handler (com.android.internal.telephony.GsmCdmaPhone) {ae14613}
05-30 12:43:09.096  1398  1972 D NuPlayerDriver: notifyListener_l(0xb2f13180), (1, 0, 0), loop setting(0, 0)
05-30 12:43:09.100  1398  1976 D NuPlayerDriver: notifyListener_l(0xb4728a80), (1, 0, 0), loop setting(0, 0)
05-30 12:43:09.104  1398  1978 D NuPlayerDriver: notifyListener_l(0xb4728ae0), (1, 0, 0), loop setting(0, 0)
05-30 12:43:09.105  1391  1391 I CameraFlashlight: Opening camera 0
05-30 12:43:09.105  1391  1391 V EmulatedCamera_Camera: getCameraInfo
05-30 12:43:09.105  1391  1391 V EmulatedCamera_BaseCamera: getCameraInfo
05-30 12:43:09.105  1391  1391 V EmulatedCamera_Camera: connectCamera
05-30 12:43:09.105  1391  1391 V EmulatedCamera_QemuDevice: connectDevice
05-30 12:43:09.105  1391  1391 V EmulatedCamera_QemuDevice: connectDevice: Connected to device 'virtualscene'
05-30 12:43:09.105  1391  1391 V EmulatedCamera_CallbackNotifier: setCallbacks: 0xb4cb1eb0, 0xb4cb1f00, 0xb4cb2020, 0xb4cb2140 (0xb4043280)
05-30 12:43:09.105  1391  1391 V EmulatedCamera_CallbackNotifier: enableMessage: msg_type = 0xc0d
05-30 12:43:09.105  1391  1391 V EmulatedCamera_CallbackNotifier:     CAMERA_MSG_ERROR
05-30 12:43:09.105  1391  1391 V EmulatedCamera_CallbackNotifier:     CAMERA_MSG_FOCUS
05-30 12:43:09.105  1391  1391 V EmulatedCamera_CallbackNotifier:     CAMERA_MSG_ZOOM
05-30 12:43:09.105  1391  1391 V EmulatedCamera_CallbackNotifier:     CAMERA_MSG_PREVIEW_METADATA
05-30 12:43:09.105  1391  1391 V EmulatedCamera_CallbackNotifier: **** Currently enabled messages:
05-30 12:43:09.105  1391  1391 V EmulatedCamera_CallbackNotifier:     CAMERA_MSG_ERROR
05-30 12:43:09.105  1391  1391 V EmulatedCamera_CallbackNotifier:     CAMERA_MSG_FOCUS
05-30 12:43:09.105  1391  1391 V EmulatedCamera_CallbackNotifier:     CAMERA_MSG_ZOOM
05-30 12:43:09.105  1391  1391 V EmulatedCamera_CallbackNotifier:     CAMERA_MSG_PREVIEW_METADATA
05-30 12:43:09.105  1391  1391 V EmulatedCamera_CallbackNotifier: disableMessage: msg_type = 0xffff
05-30 12:43:09.105  1391  1391 V EmulatedCamera_CallbackNotifier:     CAMERA_MSG_ERROR
05-30 12:43:09.105  1391  1391 V EmulatedCamera_CallbackNotifier:     CAMERA_MSG_SHUTTER
05-30 12:43:09.105  1391  1391 V EmulatedCamera_CallbackNotifier:     CAMERA_MSG_FOCUS
05-30 12:43:09.105  1391  1391 V EmulatedCamera_CallbackNotifier:     CAMERA_MSG_ZOOM
05-30 12:43:09.105  1391  1391 V EmulatedCamera_CallbackNotifier:     CAMERA_MSG_PREVIEW_FRAME
05-30 12:43:09.105  1391  1391 V EmulatedCamera_CallbackNotifier:     CAMERA_MSG_VIDEO_FRAME
05-30 12:43:09.105  1391  1391 V EmulatedCamera_CallbackNotifier:     CAMERA_MSG_POSTVIEW_FRAME
05-30 12:43:09.105  1391  1391 V EmulatedCamera_CallbackNotifier:     CAMERA_MSG_RAW_IMAGE
05-30 12:43:09.105  1391  1391 V EmulatedCamera_CallbackNotifier:     CAMERA_MSG_COMPRESSED_IMAGE
05-30 12:43:09.105  1391  1391 V EmulatedCamera_CallbackNotifier:     CAMERA_MSG_RAW_IMAGE_NOTIFY
05-30 12:43:09.105  1391  1391 V EmulatedCamera_CallbackNotifier:     CAMERA_MSG_PREVIEW_METADATA
05-30 12:43:09.105  1391  1391 V EmulatedCamera_CallbackNotifier: **** Currently enabled messages:
05-30 12:43:09.105  1391  1391 V EmulatedCamera_Preview: setPreviewWindow: current: 0x0 -> new: 0x0
05-30 12:43:09.105  1391  1391 V EmulatedCamera_Camera: doStopPreview
05-30 12:43:09.106  1391  1391 V EmulatedCamera_Camera: cancelPicture
05-30 12:43:09.106  1391  1391 V EmulatedCamera_Camera: releaseCamera
05-30 12:43:09.106  1391  1391 V EmulatedCamera_Camera: doStopPreview
05-30 12:43:09.106  1391  1391 V EmulatedCamera_QemuDevice: disconnectDevice
05-30 12:43:09.106  1391  1391 V EmulatedCamera_QemuDevice: disconnectDevice: Disonnected from device 'virtualscene'
05-30 12:43:09.106  1391  1391 V EmulatedCamera_Device: initializeWhiteBalanceModes with auto, 1.000000, 1.000000
05-30 12:43:09.106  1391  1391 V EmulatedCamera_Device: initializeWhiteBalanceModes with incandescent, 1.380000, 0.600000
05-30 12:43:09.106  1391  1391 V EmulatedCamera_Device: initializeWhiteBalanceModes with daylight, 1.090000, 0.920000
05-30 12:43:09.106  1391  1391 V EmulatedCamera_Device: initializeWhiteBalanceModes with twilight, 0.920000, 1.220000
05-30 12:43:09.106  1391  1391 V EmulatedCamera_Device: setWhiteBalanceMode with white balance auto
05-30 12:43:09.106  1391  1391 I CameraFlashlight: Destroying camera 0
05-30 12:43:09.106  1391  1391 V EmulatedCamera_Camera: closeCamera
05-30 12:43:09.106  1391  1391 V EmulatedCamera_Camera: doStopPreview
05-30 12:43:09.106  1391  1391 V EmulatedCamera_Device: initializeWhiteBalanceModes with auto, 1.000000, 1.000000
05-30 12:43:09.106  1391  1391 V EmulatedCamera_Device: initializeWhiteBalanceModes with incandescent, 1.380000, 0.600000
05-30 12:43:09.106  1391  1391 V EmulatedCamera_Device: initializeWhiteBalanceModes with daylight, 1.090000, 0.920000
05-30 12:43:09.106  1391  1391 V EmulatedCamera_Device: initializeWhiteBalanceModes with twilight, 0.920000, 1.220000
05-30 12:43:09.106  1391  1391 V EmulatedCamera_Device: setWhiteBalanceMode with white balance auto
05-30 12:43:09.107  1391  1391 I CameraService: disconnect: Disconnected client for camera 0 for PID 1391
05-30 12:43:09.107  1398  1806 D NuPlayerDriver: reset(0xb2f13180) at state 4
05-30 12:43:09.107  1398  1806 D NuPlayerDriver: notifyListener_l(0xb2f13180), (8, 0, 0), loop setting(0, 0)
05-30 12:43:09.107  1398  1418 I MediaPlayerService: MediaPlayerService::getOMX
05-30 12:43:09.107  1628  1980 I OMXClient: MuxOMX ctor
05-30 12:43:09.108  1398  1972 D NuPlayerDriver: notifyResetComplete(0xb2f13180)
05-30 12:43:09.108  1395  1914 I OMXMaster: makeComponentInstance(OMX.google.vorbis.decoder) in mediacodec process
05-30 12:43:09.109  1820  1820 I Telephony: TelecomAccountRegistry: Unregistering phone account ComponentInfo{com.android.phone/com.android.services.telephony.TelephonyConnectionService}, [e2f7d48dd2b5ca523e7313cf4ba0f6ea830b6281], UserHandle{0}.
05-30 12:43:09.110  1951  1951 I AlarmClock: AlarmInitReceiver android.intent.action.TIME_SET
05-30 12:43:09.110  1628  1639 I Telecom : : Sending phone-account unregistered intent as user: TSI.uPA@AAU
05-30 12:43:09.111  1398  1398 D NuPlayerDriver: reset(0xb4728a80) at state 4
05-30 12:43:09.111  1398  1398 D NuPlayerDriver: notifyListener_l(0xb4728a80), (8, 0, 0), loop setting(0, 0)
05-30 12:43:09.111  1398  1976 D NuPlayerDriver: notifyResetComplete(0xb4728a80)
05-30 12:43:09.113  1398  1783 D NuPlayerDriver: reset(0xb4728ae0) at state 4
05-30 12:43:09.113  1398  1783 D NuPlayerDriver: notifyListener_l(0xb4728ae0), (8, 0, 0), loop setting(0, 0)
05-30 12:43:09.113  1398  1978 D NuPlayerDriver: notifyResetComplete(0xb4728ae0)
05-30 12:43:09.114  1391  1663 V EmulatedCamera_Camera: getCameraInfo
05-30 12:43:09.114  1391  1663 V EmulatedCamera_BaseCamera: getCameraInfo
05-30 12:43:09.114  1391  1663 I CameraService: getCameraCharacteristics: Switching to HAL1 shim implementation...
05-30 12:43:09.114  1391  1663 V EmulatedCamera_Camera: getCameraInfo
05-30 12:43:09.114  1391  1663 V EmulatedCamera_BaseCamera: getCameraInfo
05-30 12:43:09.114  1391  1663 I CameraService: CameraService::connect call (PID -1 "cameraserver", camera ID 1) for HAL version default and Camera API version 1
05-30 12:43:09.114  1391  1663 E CameraService: getCameraPriorityFromProcState: Received invalid process state -1 from ActivityManagerService!
05-30 12:43:09.114  1391  1663 V EmulatedCamera_Camera: getCameraInfo
05-30 12:43:09.114  1391  1663 V EmulatedCamera_BaseCamera: getCameraInfo
05-30 12:43:09.118  1628  1628 I GnssLocationProvider: WakeLock acquired by sendMessage(12, 0, null)
05-30 12:43:09.118  1398  1981 D NuPlayerDriver: notifyListener_l(0xb2f13600), (1, 0, 0), loop setting(0, 0)
05-30 12:43:09.118  1628  1640 I GnssLocationProvider: WakeLock released by handleMessage(12, 0, null)
05-30 12:43:09.119  1820  1820 D MccTable: updateMccMncConfiguration mccmnc='310260' fromServiceState=true
05-30 12:43:09.119  1820  1820 D MccTable: updateMccMncConfiguration defaultMccMnc=
05-30 12:43:09.119  1820  1820 D MccTable: updateMccMncConfiguration: mcc=310, mnc=260
05-30 12:43:09.119  1820  1820 D MccTable: WIFI_COUNTRY_CODE set to us
05-30 12:43:09.119  1628  1935 I WifiService: WifiService trying to set country code to us with persist set to true
05-30 12:43:09.120  1628  1935 D WifiCountryCode: Succeeded to set country code to: US
05-30 12:43:09.121  1398  1986 D NuPlayerDriver: notifyListener_l(0xb2f13000), (1, 0, 0), loop setting(0, 0)
05-30 12:43:09.127  1398  1989 D NuPlayerDriver: notifyListener_l(0xb2f13060), (1, 0, 0), loop setting(0, 0)
05-30 12:43:09.128  1391  1663 I CameraFlashlight: Opening camera 1
05-30 12:43:09.128  1391  1663 V EmulatedCamera_Camera: getCameraInfo
05-30 12:43:09.128  1391  1663 V EmulatedCamera_BaseCamera: getCameraInfo
05-30 12:43:09.128  1391  1663 V EmulatedCamera_Camera: connectCamera
05-30 12:43:09.128  1391  1663 V EmulatedCamera_FakeDevice: connectDevice
05-30 12:43:09.128  1391  1663 V EmulatedCamera_CallbackNotifier: setCallbacks: 0xb4cb1eb0, 0xb4cb1f00, 0xb4cb2020, 0xb4cb2140 (0xb3cb11e0)
05-30 12:43:09.128  1391  1663 V EmulatedCamera_CallbackNotifier: enableMessage: msg_type = 0xc0d
05-30 12:43:09.128  1391  1663 V EmulatedCamera_CallbackNotifier:     CAMERA_MSG_ERROR
05-30 12:43:09.128  1391  1663 V EmulatedCamera_CallbackNotifier:     CAMERA_MSG_FOCUS
05-30 12:43:09.128  1391  1663 V EmulatedCamera_CallbackNotifier:     CAMERA_MSG_ZOOM
05-30 12:43:09.128  1391  1663 V EmulatedCamera_CallbackNotifier:     CAMERA_MSG_PREVIEW_METADATA
05-30 12:43:09.128  1391  1663 V EmulatedCamera_CallbackNotifier: **** Currently enabled messages:
05-30 12:43:09.128  1391  1663 V EmulatedCamera_CallbackNotifier:     CAMERA_MSG_ERROR
05-30 12:43:09.128  1391  1663 V EmulatedCamera_CallbackNotifier:     CAMERA_MSG_FOCUS
05-30 12:43:09.128  1391  1663 V EmulatedCamera_CallbackNotifier:     CAMERA_MSG_ZOOM
05-30 12:43:09.128  1391  1663 V EmulatedCamera_CallbackNotifier:     CAMERA_MSG_PREVIEW_METADATA
05-30 12:43:09.128  1391  1663 V EmulatedCamera_CallbackNotifier: disableMessage: msg_type = 0xffff
05-30 12:43:09.128  1391  1663 V EmulatedCamera_CallbackNotifier:     CAMERA_MSG_ERROR
05-30 12:43:09.128  1391  1663 V EmulatedCamera_CallbackNotifier:     CAMERA_MSG_SHUTTER
05-30 12:43:09.128  1391  1663 V EmulatedCamera_CallbackNotifier:     CAMERA_MSG_FOCUS
05-30 12:43:09.128  1391  1663 V EmulatedCamera_CallbackNotifier:     CAMERA_MSG_ZOOM
05-30 12:43:09.128  1391  1663 V EmulatedCamera_CallbackNotifier:     CAMERA_MSG_PREVIEW_FRAME
05-30 12:43:09.128  1391  1663 V EmulatedCamera_CallbackNotifier:     CAMERA_MSG_VIDEO_FRAME
05-30 12:43:09.128  1391  1663 V EmulatedCamera_CallbackNotifier:     CAMERA_MSG_POSTVIEW_FRAME
05-30 12:43:09.128  1391  1663 V EmulatedCamera_CallbackNotifier:     CAMERA_MSG_RAW_IMAGE
05-30 12:43:09.128  1391  1663 V EmulatedCamera_CallbackNotifier:     CAMERA_MSG_COMPRESSED_IMAGE
05-30 12:43:09.128  1391  1663 V EmulatedCamera_CallbackNotifier:     CAMERA_MSG_RAW_IMAGE_NOTIFY
05-30 12:43:09.129  1391  1663 V EmulatedCamera_CallbackNotifier:     CAMERA_MSG_PREVIEW_METADATA
05-30 12:43:09.129  1391  1663 V EmulatedCamera_CallbackNotifier: **** Currently enabled messages:
05-30 12:43:09.129  1391  1663 V EmulatedCamera_Preview: setPreviewWindow: current: 0x0 -> new: 0x0
05-30 12:43:09.129  1391  1663 V EmulatedCamera_Camera: doStopPreview
05-30 12:43:09.129  1391  1663 V EmulatedCamera_Camera: cancelPicture
05-30 12:43:09.129  1391  1663 V EmulatedCamera_Camera: releaseCamera
05-30 12:43:09.129  1391  1663 V EmulatedCamera_Camera: doStopPreview
05-30 12:43:09.129  1391  1663 V EmulatedCamera_FakeDevice: disconnectDevice
05-30 12:43:09.129  1391  1663 W EmulatedCamera_Device: Initialize: Emulated camera device is already initialized: mState = 1
05-30 12:43:09.129  1391  1663 D EmulatedCamera_FakeCamera: Initialize: Fake camera is facing front
05-30 12:43:09.129  1391  1663 V EmulatedCamera_Device: initializeWhiteBalanceModes with auto, 1.000000, 1.000000
05-30 12:43:09.129  1391  1663 V EmulatedCamera_Device: initializeWhiteBalanceModes with incandescent, 1.380000, 0.600000
05-30 12:43:09.129  1391  1663 V EmulatedCamera_Device: initializeWhiteBalanceModes with daylight, 1.090000, 0.920000
05-30 12:43:09.129  1391  1663 V EmulatedCamera_Device: initializeWhiteBalanceModes with twilight, 0.920000, 1.220000
05-30 12:43:09.129  1391  1663 V EmulatedCamera_Device: setWhiteBalanceMode with white balance auto
05-30 12:43:09.129  1391  1663 I CameraFlashlight: Destroying camera 1
05-30 12:43:09.129  1391  1663 V EmulatedCamera_Camera: closeCamera
05-30 12:43:09.129  1391  1663 V EmulatedCamera_Camera: doStopPreview
05-30 12:43:09.129  1391  1663 W EmulatedCamera_Device: Initialize: Emulated camera device is already initialized: mState = 1
05-30 12:43:09.129  1391  1663 D EmulatedCamera_FakeCamera: Initialize: Fake camera is facing front
05-30 12:43:09.129  1391  1663 V EmulatedCamera_Device: initializeWhiteBalanceModes with auto, 1.000000, 1.000000
05-30 12:43:09.129  1391  1663 V EmulatedCamera_Device: initializeWhiteBalanceModes with incandescent, 1.380000, 0.600000
05-30 12:43:09.129  1391  1663 V EmulatedCamera_Device: initializeWhiteBalanceModes with daylight, 1.090000, 0.920000
05-30 12:43:09.129  1391  1663 V EmulatedCamera_Device: initializeWhiteBalanceModes with twilight, 0.920000, 1.220000
05-30 12:43:09.129  1391  1663 V EmulatedCamera_Device: setWhiteBalanceMode with white balance auto
05-30 12:43:09.130  1391  1663 I CameraService: disconnect: Disconnected client for camera 1 for PID 1391
05-30 12:43:09.130  1398  1806 D NuPlayerDriver: reset(0xb2f13600) at state 4
05-30 12:43:09.130  1398  1806 D NuPlayerDriver: notifyListener_l(0xb2f13600), (8, 0, 0), loop setting(0, 0)
05-30 12:43:09.130  1398  1981 D NuPlayerDriver: notifyResetComplete(0xb2f13600)
05-30 12:43:09.131  1398  1398 D NuPlayerDriver: reset(0xb2f13000) at state 4
05-30 12:43:09.131  1398  1398 D NuPlayerDriver: notifyListener_l(0xb2f13000), (8, 0, 0), loop setting(0, 0)
05-30 12:43:09.132  1398  1986 D NuPlayerDriver: notifyResetComplete(0xb2f13000)
05-30 12:43:09.132  1628  1651 I SystemServiceManager: Starting phase 1000
05-30 12:43:09.132  1398  1806 D NuPlayerDriver: reset(0xb2f13060) at state 4
05-30 12:43:09.132  1398  1806 D NuPlayerDriver: notifyListener_l(0xb2f13060), (8, 0, 0), loop setting(0, 0)
05-30 12:43:09.132  1398  1989 D NuPlayerDriver: notifyResetComplete(0xb2f13060)
05-30 12:43:09.133  1391  1391 V EmulatedCamera_Camera: getCameraInfo
05-30 12:43:09.133  1391  1391 V EmulatedCamera_BaseCamera: getCameraInfo
05-30 12:43:09.133  1391  1974 V EmulatedCamera_Camera: getCameraInfo
05-30 12:43:09.133  1391  1974 V EmulatedCamera_BaseCamera: getCameraInfo
05-30 12:43:09.133  1820  1820 I Telephony: PstnIncomingCallNotifier: Unregistering: Handler (com.android.internal.telephony.GsmCdmaPhone) {ae14613}
05-30 12:43:09.135  1820  1820 E PhoneInterfaceManager: [PhoneIntfMgr] getIccId: No UICC
05-30 12:43:09.136  1391  1663 V EmulatedCamera_Camera: getCameraInfo
05-30 12:43:09.136  1391  1663 V EmulatedCamera_BaseCamera: getCameraInfo
05-30 12:43:09.136  1391  1974 V EmulatedCamera_Camera: getCameraInfo
05-30 12:43:09.136  1391  1974 V EmulatedCamera_BaseCamera: getCameraInfo
05-30 12:43:09.137  1710  1710 I StatusBar: isKeyguardShowing() called before startKeyguard(), returning true
05-30 12:43:09.138  1710  1710 W StatusBar: isKeyguardSecure() called before startKeyguard(), returning false
05-30 12:43:09.138  1710  1710 W StatusBar: java.lang.Throwable
05-30 12:43:09.138  1710  1710 W StatusBar: 	at com.android.systemui.statusbar.BaseStatusBar.isKeyguardSecure(BaseStatusBar.java:2609)
05-30 12:43:09.138  1710  1710 W StatusBar: 	at com.android.systemui.statusbar.BaseStatusBar.isCameraAllowedByAdmin(BaseStatusBar.java:2632)
05-30 12:43:09.138  1710  1710 W StatusBar: 	at com.android.systemui.statusbar.phone.KeyguardBottomAreaView.updateCameraVisibility(KeyguardBottomAreaView.java:302)
05-30 12:43:09.138  1710  1710 W StatusBar: 	at com.android.systemui.statusbar.phone.KeyguardBottomAreaView.setPhoneStatusBar(KeyguardBottomAreaView.java:269)
05-30 12:43:09.138  1710  1710 W StatusBar: 	at com.android.systemui.statusbar.phone.PhoneStatusBar.makeStatusBarView(PhoneStatusBar.java:874)
05-30 12:43:09.138  1710  1710 W StatusBar: 	at com.android.systemui.statusbar.phone.PhoneStatusBar.addStatusBarWindow(PhoneStatusBar.java:3248)
05-30 12:43:09.138  1710  1710 W StatusBar: 	at com.android.systemui.statusbar.phone.PhoneStatusBar.createAndAddWindows(PhoneStatusBar.java:3244)
05-30 12:43:09.138  1710  1710 W StatusBar: 	at com.android.systemui.statusbar.BaseStatusBar.start(BaseStatusBar.java:752)
05-30 12:43:09.138  1710  1710 W StatusBar: 	at com.android.systemui.statusbar.phone.PhoneStatusBar.start(PhoneStatusBar.java:657)
05-30 12:43:09.138  1710  1710 W StatusBar: 	at com.android.systemui.statusbar.SystemBars.createStatusBarFromConfig(SystemBars.java:106)
05-30 12:43:09.138  1710  1710 W StatusBar: 	at com.android.systemui.statusbar.SystemBars.onNoService(SystemBars.java:58)
05-30 12:43:09.138  1710  1710 W StatusBar: 	at com.android.systemui.statusbar.ServiceMonitor.startService(ServiceMonitor.java:230)
05-30 12:43:09.138  1710  1710 W StatusBar: 	at com.android.systemui.statusbar.ServiceMonitor.-wrap5(ServiceMonitor.java)
05-30 12:43:09.138  1710  1710 W StatusBar: 	at com.android.systemui.statusbar.ServiceMonitor$1.handleMessage(ServiceMonitor.java:73)
05-30 12:43:09.138  1710  1710 W StatusBar: 	at android.os.Handler.dispatchMessage(Handler.java:102)
05-30 12:43:09.138  1710  1710 W StatusBar: 	at android.os.Looper.loop(Looper.java:154)
05-30 12:43:09.138  1710  1710 W StatusBar: 	at android.app.ActivityThread.main(ActivityThread.java:6077)
05-30 12:43:09.138  1710  1710 W StatusBar: 	at java.lang.reflect.Method.invoke(Native Method)
05-30 12:43:09.138  1710  1710 W StatusBar: 	at com.android.internal.os.ZygoteInit$MethodAndArgsCaller.run(ZygoteInit.java:866)
05-30 12:43:09.138  1710  1710 W StatusBar: 	at com.android.internal.os.ZygoteInit.main(ZygoteInit.java:756)
05-30 12:43:09.138  1710  1710 I StatusBar: isKeyguardShowing() called before startKeyguard(), returning true
05-30 12:43:09.138  1710  1710 W StatusBar: isKeyguardSecure() called before startKeyguard(), returning false
05-30 12:43:09.138  1710  1710 W StatusBar: java.lang.Throwable
05-30 12:43:09.138  1710  1710 W StatusBar: 	at com.android.systemui.statusbar.BaseStatusBar.isKeyguardSecure(BaseStatusBar.java:2609)
05-30 12:43:09.138  1710  1710 W StatusBar: 	at com.android.systemui.statusbar.BaseStatusBar.isCameraAllowedByAdmin(BaseStatusBar.java:2632)
05-30 12:43:09.138  1710  1710 W StatusBar: 	at com.android.systemui.statusbar.phone.KeyguardBottomAreaView.updateCameraVisibility(KeyguardBottomAreaView.java:302)
05-30 12:43:09.138  1710  1710 W StatusBar: 	at com.android.systemui.statusbar.phone.KeyguardBottomAreaView.setUserSetupComplete(KeyguardBottomAreaView.java:274)
05-30 12:43:09.138  1710  1710 W StatusBar: 	at com.android.systemui.statusbar.phone.PhoneStatusBar.makeStatusBarView(PhoneStatusBar.java:875)
05-30 12:43:09.138  1710  1710 W StatusBar: 	at com.android.systemui.statusbar.phone.PhoneStatusBar.addStatusBarWindow(PhoneStatusBar.java:3248)
05-30 12:43:09.138  1710  1710 W StatusBar: 	at com.android.systemui.statusbar.phone.PhoneStatusBar.createAndAddWindows(PhoneStatusBar.java:3244)
05-30 12:43:09.138  1710  1710 W StatusBar: 	at com.android.systemui.statusbar.BaseStatusBar.start(BaseStatusBar.java:752)
05-30 12:43:09.138  1710  1710 W StatusBar: 	at com.android.systemui.statusbar.phone.PhoneStatusBar.start(PhoneStatusBar.java:657)
05-30 12:43:09.138  1710  1710 W StatusBar: 	at com.android.systemui.statusbar.SystemBars.createStatusBarFromConfig(SystemBars.java:106)
05-30 12:43:09.138  1710  1710 W StatusBar: 	at com.android.systemui.statusbar.SystemBars.onNoService(SystemBars.java:58)
05-30 12:43:09.138  1710  1710 W StatusBar: 	at com.android.systemui.statusbar.ServiceMonitor.startService(ServiceMonitor.java:230)
05-30 12:43:09.138  1710  1710 W StatusBar: 	at com.android.systemui.statusbar.ServiceMonitor.-wrap5(ServiceMonitor.java)
05-30 12:43:09.138  1710  1710 W StatusBar: 	at com.android.systemui.statusbar.ServiceMonitor$1.handleMessage(ServiceMonitor.java:73)
05-30 12:43:09.138  1710  1710 W StatusBar: 	at android.os.Handler.dispatchMessage(Handler.java:102)
05-30 12:43:09.138  1710  1710 W StatusBar: 	at android.os.Looper.loop(Looper.java:154)
05-30 12:43:09.138  1710  1710 W StatusBar: 	at android.app.ActivityThread.main(ActivityThread.java:6077)
05-30 12:43:09.138  1710  1710 W StatusBar: 	at java.lang.reflect.Method.invoke(Native Method)
05-30 12:43:09.138  1710  1710 W StatusBar: 	at com.android.internal.os.ZygoteInit$MethodAndArgsCaller.run(ZygoteInit.java:866)
05-30 12:43:09.138  1710  1710 W StatusBar: 	at com.android.internal.os.ZygoteInit.main(ZygoteInit.java:756)
05-30 12:43:09.139  1628  1638 I Telecom : PhoneAccountRegistrar: [ComponentInfo{com.android.phone/com.android.services.telephony.TelephonyConnectionService}, [e0184adedf913b076626646d3f52c3b49c39ad6d], UserHandle{0}(icon: Icon(typ=BITMAP size=50x63) -> Icon(typ=BITMAP size=50x63))]: TSI.rPA@AAg
05-30 12:43:09.140  1628  1638 I Telecom : : Sending phone-account registered intent as user: TSI.rPA@AAg
05-30 12:43:09.140  1993  1993 W art     : Unexpected CPU variant for X86 using defaults: x86
05-30 12:43:09.147  1628  1651 I ActivityManager: Start proc 1993:com.google.android.ext.services/u0a14 for on-hold
05-30 12:43:09.150  1628  1651 D ActivityManager: Finishing user boot 0
05-30 12:43:09.150  1628  1651 D CryptdConnector: SND -> {3 cryptfs prepare_user_storage ! 0 0 2}
05-30 12:43:09.151  1297  1333 D vold    : e4crypt_prepare_user_storage for volume null, user 0, serial 0, flags 2
05-30 12:43:09.151  1297  1333 D vold    : Preparing: /data/system_ce/0
05-30 12:43:09.151  1297  1333 D vold    : Preparing: /data/misc_ce/0
05-30 12:43:09.151  1297  1333 D vold    : Preparing: /data/media/0
05-30 12:43:09.151  1297  1333 D vold    : Preparing: /data/data
05-30 12:43:09.151  1628  1668 D CryptdConnector: RCV <- {200 3 Command succeeded}
