05-30 12:43:15.387  2050  2520 I ProcessCheckinRequest:       a: 4
05-30 12:43:15.387  2050  2520 I ProcessCheckinRequest:       b: "gmm-unknown"
05-30 12:43:15.387  2050  2520 I ProcessCheckinRequest:     >
05-30 12:43:15.387  2050  2520 I ProcessCheckinRequest:     o <
05-30 12:43:15.387  2050  2520 I ProcessCheckinRequest:       a: 5
05-30 12:43:15.387  2050  2520 I ProcessCheckinRequest:       b: "mvapp-unknown"
05-30 12:43:15.387  2050  2520 I ProcessCheckinRequest:     >
05-30 12:43:15.387  2050  2520 I ProcessCheckinRequest:     o <
05-30 12:43:15.387  2050  2520 I ProcessCheckinRequest:       a: 6
05-30 12:43:15.387  2050  2520 I ProcessCheckinRequest:       b: "am-unknown"
05-30 12:43:15.387  2050  2520 I ProcessCheckinRequest:     >
05-30 12:43:15.387  2050  2520 I ProcessCheckinRequest:     o <
05-30 12:43:15.387  2050  2520 I ProcessCheckinRequest:       a: 9
05-30 12:43:15.387  2050  2520 I ProcessCheckinRequest:       b: "ms-unknown"
05-30 12:43:15.387  2050  2520 I ProcessCheckinRequest:     >
05-30 12:43:15.387  2050  2520 I ProcessCheckinRequest:     q: "2017-10-05"
05-30 12:43:15.387  2050  2520 I ProcessCheckinRequest:   >
05-30 12:43:15.387  2050  2520 I ProcessCheckinRequest:   b: 1653894793402
05-30 12:43:15.387  2050  2520 I ProcessCheckinRequest:   e: "310260"
05-30 12:43:15.387  2050  2520 I ProcessCheckinRequest:   f: "310260"
05-30 12:43:15.387  2050  2520 I ProcessCheckinRequest:   g: "MOBILE:LTE:"
05-30 12:43:15.387  2050  2520 I ProcessCheckinRequest:   h: true
05-30 12:43:15.387  2050  2520 I ProcessCheckinRequest:   i: 0
05-30 12:43:15.387  2050  2520 I ProcessCheckinRequest:   j: 2
05-30 12:43:15.387  2050  2520 I ProcessCheckinRequest:   k <
05-30 12:43:15.387  2050  2520 I ProcessCheckinRequest:     a: 8
05-30 12:43:15.387  2050  2520 I ProcessCheckinRequest:     b: 2
05-30 12:43:15.387  2050  2520 I ProcessCheckinRequest:     c: "unspecified"
05-30 12:43:15.387  2050  2520 I ProcessCheckinRequest:     d: ""
05-30 12:43:15.387  2050  2520 I ProcessCheckinRequest:     e: false
05-30 12:43:15.387  2050  2520 I ProcessCheckinRequest:   >
05-30 12:43:15.387  2050  2520 I ProcessCheckinRequest:   l <
05-30 12:43:15.387  2050  2520 I ProcessCheckinRequest:     a: "310260"
05-30 12:43:15.387  2050  2520 I ProcessCheckinRequest:     b: "Android"
05-30 12:43:15.387  2050  2520 I ProcessCheckinRequest:     c: "0"
05-30 12:43:15.387  2050  2520 I ProcessCheckinRequest:     d: 0
05-30 12:43:15.387  2050  2520 I ProcessCheckinRequest:     d: 1
05-30 12:43:15.387  2050  2520 I ProcessCheckinRequest:     d: 2
05-30 12:43:15.387  2050  2520 I ProcessCheckinRequest:     e: "310260000000000"
05-30 12:43:15.387  2050  2520 I ProcessCheckinRequest:     g: "\027L"
05-30 12:43:15.387  2050  2520 I ProcessCheckinRequest:   >
05-30 12:43:15.387  2050  2520 I ProcessCheckinRequest: >
05-30 12:43:15.387  2050  2520 I ProcessCheckinRequest: l: ""
05-30 12:43:15.387  2050  2520 I ProcessCheckinRequest: m: "Asia/Calcutta"
05-30 12:43:15.387  2050  2520 I ProcessCheckinRequest: n: 3966228030911604318
05-30 12:43:15.387  2050  2520 I ProcessCheckinRequest: o: 3
05-30 12:43:15.387  2050  2520 I ProcessCheckinRequest: p: "y5wIFYiBJJ1GbmKmqnQ2YIm1ovA="
05-30 12:43:15.387  2050  2520 I ProcessCheckinRequest: q <
05-30 12:43:15.387  2050  2520 I ProcessCheckinRequest:   a: 3
05-30 12:43:15.387  2050  2520 I ProcessCheckinRequest:   b: 2
05-30 12:43:15.387  2050  2520 I ProcessCheckinRequest:   c: 2
05-30 12:43:15.387  2050  2520 I ProcessCheckinRequest:   d: 2
05-30 12:43:15.387  2050  2520 I ProcessCheckinRequest:   e: true
05-30 12:43:15.387  2050  2520 I ProcessCheckinRequest:   f: true
05-30 12:43:15.387  2050  2520 I ProcessCheckinRequest:   g: 420
05-30 12:43:15.387  2050  2520 I ProcessCheckinRequest:   h: 1080
05-30 12:43:15.387  2050  2520 I ProcessCheckinRequest:   i: 1794
05-30 12:43:15.387  2050  2520 I ProcessCheckinRequest:   j: 131072
05-30 12:43:15.387  2050  2520 I ProcessCheckinRequest:   k: "android.ext.services"
05-30 12:43:15.387  2050  2520 I ProcessCheckinRequest:   k: "android.ext.shared"
05-30 12:43:15.387  2050  2520 I ProcessCheckinRequest:   k: "android.test.runner"
05-30 12:43:15.387  2050  2520 I ProcessCheckinRequest:   k: "com.android.location.provider"
05-30 12:43:15.387  2050  2520 I ProcessCheckinRequest:   k: "com.android.media.remotedisplay"
05-30 12:43:15.387  2050  2520 I ProcessCheckinRequest:   k: "com.android.mediadrm.signer"
05-30 12:43:15.387  2050  2520 I ProcessCheckinRequest:   k: "com.google.android.gms"
05-30 12:43:15.387  2050  2520 I ProcessCheckinRequest:   k: "com.google.android.maps"
05-30 12:43:15.387  2050  2520 I ProcessCheckinRequest:   k: "com.google.android.media.effects"
05-30 12:43:15.387  2050  2520 I ProcessCheckinRequest:   k: "javax.obex"
05-30 12:43:15.387  2050  2520 I ProcessCheckinRequest:   k: "org.apache.http.legacy"
05-30 12:43:15.387  2050  2520 I ProcessCheckinRequest:   l: "android.hardware.audio.output"
05-30 12:43:15.387  2050  2520 I ProcessCheckinRequest:   l: "android.hardware.camera"
05-30 12:43:15.387  2050  2520 I ProcessCheckinRequest:   l: "android.hardware.camera.any"
05-30 12:43:15.387  2050  2520 I ProcessCheckinRequest:   l: "android.hardware.faketouch"
05-30 12:43:15.387  2050  2520 I ProcessCheckinRequest:   l: "android.hardware.fingerprint"
05-30 12:43:15.387  2050  2520 I ProcessCheckinRequest:   l: "android.hardware.location"
05-30 12:43:15.387  2050  2520 I ProcessCheckinRequest:   l: "android.hardware.location.gps"
05-30 12:43:15.387  2050  2520 I ProcessCheckinRequest:   l: "android.hardware.location.network"
05-30 12:43:15.387  2050  2520 I ProcessCheckinRequest:   l: "android.hardware.microphone"
05-30 12:43:15.387  2050  2520 I ProcessCheckinRequest:   l: "android.hardware.screen.landscape"
05-30 12:43:15.387  2050  2520 I ProcessCheckinRequest:   l: "android.hardware.screen.portrait"
05-30 12:43:15.387  2050  2520 I ProcessCheckinRequest:   l: "android.hardware.sensor.accelerometer"
05-30 12:43:15.387  2050  2520 I ProcessCheckinRequest:   l: "android.hardware.sensor.ambient_temperature"
05-30 12:43:15.387  2050  2520 I ProcessCheckinRequest:   l: "android.hardware.sensor.barometer"
05-30 12:43:15.387  2050  2520 I ProcessCheckinRequest:   l: "android.hardware.sensor.compass"
05-30 12:43:15.387  2050  2520 I ProcessCheckinRequest:   l: "android.hardware.sensor.gyroscope"
05-30 12:43:15.387  2050  2520 I ProcessCheckinRequest:   l: "android.hardware.sensor.light"
05-30 12:43:15.387  2050  2520 I ProcessCheckinRequest:   l: "android.hardware.sensor.proximity"
05-30 12:43:15.387  2050  2520 I ProcessCheckinRequest:   l: "android.hardware.sensor.relative_humidity"
05-30 12:43:15.387  2050  2520 I ProcessCheckinRequest:   l: "android.hardware.telephony"
05-30 12:43:15.387  2050  2520 I ProcessCheckinRequest:   l: "android.hardware.telephony.gsm"
05-30 12:43:15.387  2050  2520 I ProcessCheckinRequest:   l: "android.hardware.touchscreen"
05-30 12:43:15.387  2050  2520 I ProcessCheckinRequest:   l: "android.hardware.touchscreen.multitouch"
05-30 12:43:15.387  2050  2520 I ProcessCheckinRequest:   l: "android.hardware.touchscreen.multitouch.distinct"
05-30 12:43:15.387  2050  2520 I ProcessCheckinRequest:   l: "android.hardware.touchscreen.multitouch.jazzhand"
05-30 12:43:15.387  2050  2520 I ProcessCheckinRequest:   l: "android.software.app_widgets"
05-30 12:43:15.387  2050  2520 I ProcessCheckinRequest:   l: "android.software.backup"
05-30 12:43:15.387  2050  2520 I ProcessCheckinRequest:   l: "android.software.connectionservice"
05-30 12:43:15.387  2050  2520 I ProcessCheckinRequest:   l: "android.software.device_admin"
05-30 12:43:15.387  2050  2520 I ProcessCheckinRequest:   l: "android.software.home_screen"
05-30 12:43:15.387  2050  2520 I ProcessCheckinRequest:   l: "android.software.input_methods"
05-30 12:43:15.387  2050  2520 I ProcessCheckinRequest:   l: "android.software.live_wallpaper"
05-30 12:43:15.387  2050  2520 I ProcessCheckinRequest:   l: "android.software.managed_users"
05-30 12:43:15.387  2050  2520 I ProcessCheckinRequest:   l: "android.software.midi"
05-30 12:43:15.387  2050  2520 I ProcessCheckinRequest:   l: "android.software.print"
05-30 12:43:15.387  2050  2520 I ProcessCheckinRequest:   l: "android.software.voice_recognizers"
05-30 12:43:15.387  2050  2520 I ProcessCheckinRequest:   l: "android.software.webview"
05-30 12:43:15.387  2050  2520 I ProcessCheckinRequest:   l: "com.google.android.feature.EXCHANGE_6_2"
05-30 12:43:15.387  2050  2520 I ProcessCheckinRequest:   l: "com.google.android.feature.GOOGLE_BUILD"
05-30 12:43:15.387  2050  2520 I ProcessCheckinRequest:   l: "com.google.android.feature.GOOGLE_EXPERIENCE"
05-30 12:43:15.387  2050  2520 I ProcessCheckinRequest:   m <
05-30 12:43:15.387  2050  2520 I ProcessCheckinRequest:     a: "android.hardware.audio.output"
05-30 12:43:15.387  2050  2520 I ProcessCheckinRequest:     b: 0
05-30 12:43:15.387  2050  2520 I ProcessCheckinRequest:   >
05-30 12:43:15.387  2050  2520 I ProcessCheckinRequest:   m <
05-30 12:43:15.387  2050  2520 I ProcessCheckinRequest:     a: "android.hardware.camera"
05-30 12:43:15.387  2050  2520 I ProcessCheckinRequest:     b: 0
05-30 12:43:15.387  2050  2520 I ProcessCheckinRequest:   >
05-30 12:43:15.387  2050  2520 I ProcessCheckinRequest:   m <
05-30 12:43:15.387  2050  2520 I ProcessCheckinRequest:     a: "android.hardware.camera.any"
05-30 12:43:15.387  2050  2520 I ProcessCheckinRequest:     b: 0
05-30 12:43:15.387  2050  2520 I ProcessCheckinRequest:   >
05-30 12:43:15.387  2050  2520 I ProcessCheckinRequest:   m <
05-30 12:43:15.387  2050  2520 I ProcessCheckinRequest:     a: "android.hardware.faketouch"
05-30 12:43:15.387  2050  2520 I ProcessCheckinRequest:     b: 0
05-30 12:43:15.387  2050  2520 I ProcessCheckinRequest:   >
05-30 12:43:15.387  2050  2520 I ProcessCheckinRequest:   m <
05-30 12:43:15.387  2050  2520 I ProcessCheckinRequest:     a: "android.hardware.fingerprint"
05-30 12:43:15.387  2050  2520 I ProcessCheckinRequest:     b: 0
05-30 12:43:15.387  2050  2520 I ProcessCheckinRequest:   >
05-30 12:43:15.387  2050  2520 I ProcessCheckinRequest:   m <
05-30 12:43:15.387  2050  2520 I ProcessCheckinRequest:     a: "android.hardware.location"
05-30 12:43:15.387  2050  2520 I ProcessCheckinRequest:     b: 0
05-30 12:43:15.387  2050  2520 I ProcessCheckinRequest:   >
05-30 12:43:15.387  2050  2520 I ProcessCheckinRequest:   m <
05-30 12:43:15.387  2050  2520 I ProcessCheckinRequest:     a: "android.hardware.location.gps"
05-30 12:43:15.387  2050  2520 I ProcessCheckinRequest:     b: 0
05-30 12:43:15.387  2050  2520 I ProcessCheckinRequest:   >
05-30 12:43:15.387  2050  2520 I ProcessCheckinRequest:   m <
05-30 12:43:15.387  2050  2520 I ProcessCheckinRequest:     a: "android.hardware.location.network"
05-30 12:43:15.387  2050  2520 I ProcessCheckinRequest:     b: 0
05-30 12:43:15.387  2050  2520 I ProcessCheckinRequest:   >
05-30 12:43:15.387  2050  2520 I ProcessCheckinRequest:   m <
05-30 12:43:15.387  2050  2520 I ProcessCheckinRequest:     a: "android.hardware.microphone"
05-30 12:43:15.387  2050  2520 I ProcessCheckinRequest:     b: 0
05-30 12:43:15.387  2050  2520 I ProcessCheckinRequest:   >
05-30 12:43:15.387  2050  2520 I ProcessCheckinRequest:   m <
05-30 12:43:15.387  2050  2520 I ProcessCheckinRequest:     a: "android.hardware.screen.landscape"
05-30 12:43:15.387  2050  2520 I ProcessCheckinRequest:     b: 0
05-30 12:43:15.387  2050  2520 I ProcessCheckinRequest:   >
05-30 12:43:15.387  2050  2520 I ProcessCheckinRequest:   m <
05-30 12:43:15.387  2050  2520 I ProcessCheckinRequest:     a: "android.hardware.screen.portrait"
05-30 12:43:15.387  2050  2520 I ProcessCheckinRequest:     b: 0
05-30 12:43:15.387  2050  2520 I ProcessCheckinRequest:   >
05-30 12:43:15.387  2050  2520 I ProcessCheckinRequest:   m <
05-30 12:43:15.387  2050  2520 I ProcessCheckinRequest:     a: "android.hardware.sensor.accelerometer"
05-30 12:43:15.387  2050  2520 I ProcessCheckinRequest:     b: 0
05-30 12:43:15.387  2050  2520 I ProcessCheckinRequest:   >
05-30 12:43:15.387  2050  2520 I ProcessCheckinRequest:   m <
05-30 12:43:15.387  2050  2520 I ProcessCheckinRequest:     a: "android.hardware.sensor.ambient_temperature"
05-30 12:43:15.387  2050  2520 I ProcessCheckinRequest:     b: 0
05-30 12:43:15.387  2050  2520 I ProcessCheckinRequest:   >
05-30 12:43:15.387  2050  2520 I ProcessCheckinRequest:   m <
05-30 12:43:15.387  2050  2520 I ProcessCheckinRequest:     a: "android.hardware.sensor.barometer"
05-30 12:43:15.387  2050  2520 I ProcessCheckinRequest:     b: 0
05-30 12:43:15.387  2050  2520 I ProcessCheckinRequest:   >
05-30 12:43:15.387  2050  2520 I ProcessCheckinRequest:   m <
05-30 12:43:15.387  2050  2520 I ProcessCheckinRequest:   
05-30 12:43:15.612  2050  2520 I ProcessCheckinRequest: updateCheckinIdTokenFileFromResponse, Reading existing AID
05-30 12:43:15.614  2050  2520 I CheckinRequestBuilder: Checkin reason type: 8 attempt count: 2
05-30 12:43:15.619  2050  2520 E ActivityThread: Failed to find provider info for com.google.android.wearable.settings
05-30 12:43:15.649  2050  2520 I CheckinUtil: Classify the device as Phone.
05-30 12:43:15.668  2050  2520 E ProcessCheckinRequest: CheckinNowTaskTag : Checkin Succeeded: https://android.clients.google.com/checkin (request #1): 
05-30 12:43:16.019  2276  2276 D MusicLifecycle: com.google.android.music.autocache.AutoCacheSchedulingService$EnablingReceiver generated event: Broadcast received with context android.app.ReceiverRestrictedContext@5549370 and intent Intent { act=com.google.android.music.START_DOWNLOAD_SCHEDULING flg=0x10 cmp=com.google.android.music/.autocache.AutoCacheSchedulingService$EnablingReceiver }
05-30 12:43:16.046  2276  2276 D MusicLifecycle: com.google.android.music.autocache.AutoCacheSchedulingService generated event: Service created
05-30 12:43:16.079  2276  2276 D MusicLifecycle: com.google.android.music.autocache.AutoCacheSchedulingService generated event: Service started with intent Intent { act=com.google.android.music.leanback.APP_IN_USE cmp=com.google.android.music/.autocache.AutoCacheSchedulingService (has extras) }
05-30 12:43:16.079  2276  2276 D MusicLifecycle: com.google.android.music.wear.WearBroadcastReceiver generated event: Broadcast received with context android.app.ReceiverRestrictedContext@5549370 and intent Intent { act=com.google.android.music.START_DOWNLOAD_SCHEDULING flg=0x10 cmp=com.google.android.music/.wear.WearBroadcastReceiver }
05-30 12:43:16.087  2065  2183 D WearableService: onGetService - Wear is not available on this device.
05-30 12:43:16.088  2276  3069 E GmsUtils: Failed to connect to Google API client: ConnectionResult{statusCode=API_UNAVAILABLE, resolution=null, message=null}
05-30 12:43:16.094  2276  3065 I MusicLeanback: Conditions not met for autocaching. okToAttempt=false
05-30 12:43:16.094  2276  3065 I MusicLeanback: Stop autocaching.
05-30 12:43:16.578  2735  2735 D Babel   : Idle: Shutdown runnable posted in release with a delay of 5000 ms.
05-30 12:43:16.624  1391  1391 V EmulatedCamera_Camera: getCameraInfo
05-30 12:43:16.624  1391  1391 V EmulatedCamera_BaseCamera: getCameraInfo
05-30 12:43:16.624  1391  1663 V EmulatedCamera_Camera: getCameraInfo
05-30 12:43:16.625  1391  1663 V EmulatedCamera_BaseCamera: getCameraInfo
05-30 12:43:16.726  2065  3083 W ConfigurationChimeraPro: Got null configs for com.google.android.gms.auth.account.base
05-30 12:43:16.734  2065  2065 W ConfigurationChimeraPro: Got null configs for com.google.android.gms.common_auth
05-30 12:43:16.737  2065  2065 I Auth    : [ReflectiveChannelBinder] Successfully bound channel!
05-30 12:43:17.025  2764  2776 D EGL_emulation: eglCreateContext: 0x9808d320: maj 2 min 0 rcv 2
05-30 12:43:17.027  2764  2776 D EGL_emulation: eglMakeCurrent: 0x9808d320: ver 2 0 (tinfo 0x81fc23e0)
05-30 12:43:17.061  2764  2776 D EGL_emulation: eglCreateContext: 0x9808d260: maj 2 min 0 rcv 2
05-30 12:43:17.062  2764  2776 D EGL_emulation: eglMakeCurrent: 0x9808d260: ver 2 0 (tinfo 0x81fc23e0)
05-30 12:43:17.135  2764  2764 W Binder:2764_2: type=1400 audit(0.0:7): avc: denied { read } for name="/" dev="tmpfs" ino=4028 scontext=u:r:priv_app:s0:c512,c768 tcontext=u:object_r:device:s0 tclass=dir permissive=0
05-30 12:43:17.202  2875  2916 E Volley  : [171] axb.a: Unexpected response code 400 for https://www.googleapis.com/youtubei/v1/browse?key=AIzaSyA8eiZmM1FaDVjRy-df2KTyQ_vz_yYM39w
05-30 12:43:17.203  2875  3075 E YouTube : Failed to fetch settings
05-30 12:43:17.203  2875  3075 E YouTube : nix: java.util.concurrent.ExecutionException: awv
05-30 12:43:17.203  2875  3075 E YouTube : 	at nif.b(SourceFile:102)
05-30 12:43:17.203  2875  3075 E YouTube : 	at nih.c(SourceFile:171)
05-30 12:43:17.203  2875  3075 E YouTube : 	at dre.a(SourceFile:3113)
05-30 12:43:17.203  2875  3075 E YouTube : 	at com.google.android.libraries.youtube.net.gcm.service.YouTubeGcmTaskService.a(SourceFile:1163)
05-30 12:43:17.203  2875  3075 E YouTube : 	at com.google.android.libraries.youtube.common.gcore.gcoreclient.gcm.impl.GcmTaskServiceDelegator.a(SourceFile:65)
05-30 12:43:17.203  2875  3075 E YouTube : 	at hct.run(Unknown Source)
05-30 12:43:17.203  2875  3075 E YouTube : Caused by: java.util.concurrent.ExecutionException: awv
05-30 12:43:17.203  2875  3075 E YouTube : 	at axp.a(SourceFile:117)
05-30 12:43:17.203  2875  3075 E YouTube : 	at axp.get(SourceFile:88)
05-30 12:43:17.203  2875  3075 E YouTube : 	at peq.get(SourceFile:64)
05-30 12:43:17.203  2875  3075 E YouTube : 	at nif.b(SourceFile:100)
05-30 12:43:17.203  2875  3075 E YouTube : 	... 5 more
05-30 12:43:17.203  2875  3075 E YouTube : Caused by: awv
05-30 12:43:17.203  2875  3075 E YouTube : 	at axb.a(SourceFile:163)
05-30 12:43:17.203  2875  3075 E YouTube : 	at kzz.a(SourceFile:202)
05-30 12:43:17.203  2875  3075 E YouTube : 	at kzz.a(SourceFile:190)
05-30 12:43:17.203  2875  3075 E YouTube : 	at lac.a(SourceFile:168)
05-30 12:43:17.203  2875  3075 E YouTube : 	at lac.a(SourceFile:161)
05-30 12:43:17.203  2875  3075 E YouTube : 	at awh.run(SourceFile:112)
05-30 12:43:17.498  1628  2753 I ActivityManager: Killing 1951:com.android.deskclock/u0a41 (adj 906): empty #17
05-30 12:43:17.556  1628  1639 D ActivityManager: cleanUpApplicationRecord -- 1951
05-30 12:43:17.569  2578  2600 I GAV2    : Thread[GAThread,5,main]: No campaign data found.
05-30 12:43:17.573  2050  2050 I GAv4-SVC: Google Analytics 11.7.43 is starting up.
05-30 12:43:17.828  2645  2666 I GAV2    : Thread[GAThread,5,main]: No campaign data found.
05-30 12:43:19.279  1628  2753 I ActivityManager: Killing 2419:com.android.managedprovisioning/u0a20 (adj 906): empty #17
05-30 12:43:19.346  1628  1638 D ActivityManager: cleanUpApplicationRecord -- 2419
05-30 12:43:21.131  2065  2065 I WearableService: Wearable Services stopping
05-30 12:43:21.622  2735  2735 D Babel   : RefCountedService(com.google.android.apps.hangouts.requestwriter.RequestWriter) onDestroy (count=0, startId=2 stopped=true)
05-30 12:43:21.627  1628  2751 I ActivityManager: Killing 2504:com.google.android.apps.maps/u0a58 (adj 906): empty #17
05-30 12:43:21.677  1628  1725 D ActivityManager: cleanUpApplicationRecord -- 2504
05-30 12:43:21.709  1628  2753 I ActivityManager: Killing 2365:com.google.android.apps.messaging/u0a65 (adj 906): empty #17
05-30 12:43:21.779  1628  1760 D ActivityManager: cleanUpApplicationRecord -- 2365
05-30 12:43:23.715  1628  2016 W ActivityManager: Permission Denial: Accessing service ComponentInfo{com.google.android.music/com.google.android.music.dial.DialMediaRouteProviderService} from pid=2875, uid=10073 that is not exported from uid 10059
05-30 12:43:23.725  1628  1665 I InputReader: Reconfiguring input devices.  changes=0x00000010
05-30 12:43:23.758  1820  1820 D CarrierSvcBindHelper: No carrier app for: 0
05-30 12:43:23.768  2065  2065 I GCoreNlp: shouldConfirmNlp, NLP off. Ensuring opt-in disabled
05-30 12:43:23.784  2065  2065 I GeofencerStateMachine: sendQueryLocationOptIn
05-30 12:43:27.562  1628  1641 I ActivityManager: Waited long enough for: ServiceRecord{ab9fff8 u0 com.google.android.calendar/com.android.calendar.alerts.InitAlarmsService}
05-30 12:43:28.378  2735  2796 W Babel   : bcq TOOK TOO LONG! (15042ms > 10000ms)
05-30 12:43:28.398  3010  3092 I MS_RegisterService: RegisterService intent:Intent { act=register_intent_action flg=0x10 cmp=com.google.android.talk/com.google.android.libraries.matchstick.net.SilentRegisterService } isPeriodic:false
05-30 12:43:28.400  3010  3092 I MS_RegisterService: Not registered and not enabled. Doing nothing.
05-30 12:43:28.415  2735  2800 W Babel   : bcq TOOK TOO LONG! (15036ms > 10000ms)
05-30 12:43:28.419  1628  2742 I Telecom : PhoneAccountRegistrar: SimCallManager queried, returning: null: TSI.gSCM@AE0
05-30 12:43:28.425  2735  2735 I Babel_telephony: TeleModule.updateConnectionManagerRegistration, registration preference changed from false to false
05-30 12:43:28.426  2735  2735 W Babel   : BAM#gBA: invalid account id: -1
05-30 12:43:28.426  2735  2735 W Babel   : BAM#gBA: invalid account id: -1
05-30 12:43:28.426  2735  2735 I Babel_telephony: TeleModule.updateIncomingCallRegistration, preferred account for incoming calls changed from: null to null
05-30 12:43:28.429  1628  2753 I Telecom : PhoneAccountRegistrar: SimCallManager queried, returning: null: TSI.gSCM@AE8
05-30 12:43:28.686  2735  2797 W Babel   : bcq TOOK TOO LONG! (15041ms > 10000ms)
05-30 12:43:30.512  1628  2016 I ActivityManager: Killing 2562:com.google.android.apps.photos:CameraShortcut/u0a63 (adj 906): empty #17
05-30 12:43:30.586  1628  1725 D ActivityManager: cleanUpApplicationRecord -- 2562
05-30 12:43:33.258  2050  2407 I CheckinCompat: Done disabling old GoogleServicesFramework version
05-30 12:43:36.577  1628  1725 I ActivityManager: Killing 2612:com.google.android.configupdater/u0a5 (adj 906): empty #17
05-30 12:43:36.578  1628  1725 I ActivityManager: Killing 2535:com.google.android.apps.photos/u0a63 (adj 906): empty #18
05-30 12:43:36.628  1628  2753 D ActivityManager: cleanUpApplicationRecord -- 2535
05-30 12:43:36.630  1628  1935 D ActivityManager: cleanUpApplicationRecord -- 2612
05-30 12:43:42.616  1628  1639 I ActivityManager: Killing 2682:com.google.android.onetimeinitializer/u0a16 (adj 906): empty #17
05-30 12:43:42.619  1628  1638 D ActivityManager: cleanUpApplicationRecord -- 2682
05-30 12:43:44.860  2050  2520 I Icing   : IndexChimeraService.getServiceInterface callingPackage=com.google.android.music componentName=null serviceId=36
05-30 12:43:44.881  2050  2407 I Icing   : Usage reports ok 0, Failed Usage reports 0, indexed 0, rejected 0, imm upload false
05-30 12:43:44.895  2050  2520 I Icing   : IndexChimeraService.getServiceInterface callingPackage=com.google.android.music componentName=null serviceId=36
05-30 12:43:44.901  2050  2407 I Icing   : Usage reports ok 0, Failed Usage reports 0, indexed 0, rejected 0, imm upload false
05-30 12:43:44.913  2050  2520 I Icing   : IndexChimeraService.getServiceInterface callingPackage=com.google.android.music componentName=null serviceId=36
05-30 12:43:44.917  2050  2407 I Icing   : Usage reports ok 0, Failed Usage reports 0, indexed 0, rejected 0, imm upload false
05-30 12:43:44.926  2050  2520 I Icing   : IndexChimeraService.getServiceInterface callingPackage=com.google.android.music componentName=null serviceId=36
05-30 12:43:44.930  2050  2407 I Icing   : Usage reports ok 0, Failed Usage reports 0, indexed 0, rejected 0, imm upload false
05-30 12:43:56.619  1628  2040 I ActivityManager: Killing 2198:com.google.android.partnersetup/u0a18 (adj 906): empty #17
05-30 12:43:56.628  1628  2753 D ActivityManager: cleanUpApplicationRecord -- 2198
05-30 12:44:06.626  1628  2016 I ActivityManager: Killing 2706:com.google.process.gapps/u0a50 (adj 906): empty #17
05-30 12:44:06.629  1628  2738 D ActivityManager: cleanUpApplicationRecord -- 2706
