05-30 12:43:09.152  1628  1651 V UserManagerService: Found /data/user/0 with serial number 0
05-30 12:43:09.152  1628  1651 V UserManagerService: Found /data/system_ce/0 with serial number 0
05-30 12:43:09.152  1628  1651 V PackageManager: reconcileAppsData for null u0 0x2
05-30 12:43:09.174  1628  1651 V PackageManager: reconcileAppsData finished 99 packages; restoreconNeeded was false
05-30 12:43:09.183  1820  1820 I Telephony: AccountEntry: Registered phoneAccount: [[ ] PhoneAccount: ComponentInfo{com.android.phone/com.android.services.telephony.TelephonyConnectionService}, [e0184adedf913b076626646d3f52c3b49c39ad6d], UserHandle{0} Capabilities: CallProvider MultiUser PlaceEmerg SimSub  Schemes: tel voicemail  Extras: null] with handle: ComponentInfo{com.android.phone/com.android.services.telephony.TelephonyConnectionService}, [e0184adedf913b076626646d3f52c3b49c39ad6d], UserHandle{0}
05-30 12:43:09.183  1820  1820 I Telephony: PstnIncomingCallNotifier: Registering: Handler (com.android.internal.telephony.GsmCdmaPhone) {ae14613}
05-30 12:43:09.186  1929  1929 D CellBroadcastReceiver: Service state changed! 0 Full: 0 0 voice home data home Android Android 310260 Android Android 310260  Unknown LTE CSS not supported -1 -1 RoamInd=-1 DefRoamInd=-1 EmergOnly=false IsDataRoamingFromRegistration=false Current state=3
05-30 12:43:09.186  1993  1993 W System  : ClassLoader referenced unknown path: /system/priv-app/GoogleExtServices/lib/x86
05-30 12:43:09.186  1929  1929 D CellBroadcastReceiver: Start Cell Broadcast configuration.
05-30 12:43:09.188  1951  1951 I AlarmClock: AlarmInitReceiver android.intent.action.LOCKED_BOOT_COMPLETED
05-30 12:43:09.213  1628  1641 D MountService: onUnlockUser 0
05-30 12:43:09.213  1628  1641 D VoldConnector: SND -> {7 volume user_started 0}
05-30 12:43:09.213  1297  1332 D vold    : Linking /storage/emulated/0 to /mnt/user/0/primary
05-30 12:43:09.213  1628  1667 D VoldConnector: RCV <- {200 7 Command succeeded}
05-30 12:43:09.215  1628  1666 D MountService: Volume public:253,64 broadcasting mounted to UserHandle{0}
05-30 12:43:09.216  1628  1666 D MountService: Volume emulated broadcasting mounted to UserHandle{0}
05-30 12:43:09.219  1710  1710 I StatusBar: isKeyguardShowing() called before startKeyguard(), returning true
05-30 12:43:09.219  1710  1710 W StatusBar: isKeyguardSecure() called before startKeyguard(), returning false
05-30 12:43:09.219  1710  1710 W StatusBar: java.lang.Throwable
05-30 12:43:09.219  1710  1710 W StatusBar: 	at com.android.systemui.statusbar.BaseStatusBar.isKeyguardSecure(BaseStatusBar.java:2609)
05-30 12:43:09.219  1710  1710 W StatusBar: 	at com.android.systemui.statusbar.BaseStatusBar.isCameraAllowedByAdmin(BaseStatusBar.java:2632)
05-30 12:43:09.219  1710  1710 W StatusBar: 	at com.android.systemui.statusbar.phone.KeyguardBottomAreaView.updateCameraVisibility(KeyguardBottomAreaView.java:302)
05-30 12:43:09.219  1710  1710 W StatusBar: 	at com.android.systemui.statusbar.phone.KeyguardBottomAreaView.setUserSetupComplete(KeyguardBottomAreaView.java:274)
05-30 12:43:09.219  1710  1710 W StatusBar: 	at com.android.systemui.statusbar.phone.PhoneStatusBar$1.onChange(PhoneStatusBar.java:421)
05-30 12:43:09.219  1710  1710 W StatusBar: 	at com.android.systemui.statusbar.phone.PhoneStatusBar.resetUserSetupObserver(PhoneStatusBar.java:3474)
05-30 12:43:09.219  1710  1710 W StatusBar: 	at com.android.systemui.statusbar.phone.PhoneStatusBar.makeStatusBarView(PhoneStatusBar.java:948)
05-30 12:43:09.219  1710  1710 W StatusBar: 	at com.android.systemui.statusbar.phone.PhoneStatusBar.addStatusBarWindow(PhoneStatusBar.java:3248)
05-30 12:43:09.219  1710  1710 W StatusBar: 	at com.android.systemui.statusbar.phone.PhoneStatusBar.createAndAddWindows(PhoneStatusBar.java:3244)
05-30 12:43:09.219  1710  1710 W StatusBar: 	at com.android.systemui.statusbar.BaseStatusBar.start(BaseStatusBar.java:752)
05-30 12:43:09.219  1710  1710 W StatusBar: 	at com.android.systemui.statusbar.phone.PhoneStatusBar.start(PhoneStatusBar.java:657)
05-30 12:43:09.219  1710  1710 W StatusBar: 	at com.android.systemui.statusbar.SystemBars.createStatusBarFromConfig(SystemBars.java:106)
05-30 12:43:09.219  1710  1710 W StatusBar: 	at com.android.systemui.statusbar.SystemBars.onNoService(SystemBars.java:58)
05-30 12:43:09.219  1710  1710 W StatusBar: 	at com.android.systemui.statusbar.ServiceMonitor.startService(ServiceMonitor.java:230)
05-30 12:43:09.219  1710  1710 W StatusBar: 	at com.android.systemui.statusbar.ServiceMonitor.-wrap5(ServiceMonitor.java)
05-30 12:43:09.219  1710  1710 W StatusBar: 	at com.android.systemui.statusbar.ServiceMonitor$1.handleMessage(ServiceMonitor.java:73)
05-30 12:43:09.219  1710  1710 W StatusBar: 	at android.os.Handler.dispatchMessage(Handler.java:102)
05-30 12:43:09.219  1710  1710 W StatusBar: 	at android.os.Looper.loop(Looper.java:154)
05-30 12:43:09.219  1710  1710 W StatusBar: 	at android.app.ActivityThread.main(ActivityThread.java:6077)
05-30 12:43:09.219  1710  1710 W StatusBar: 	at java.lang.reflect.Method.invoke(Native Method)
05-30 12:43:09.219  1710  1710 W StatusBar: 	at com.android.internal.os.ZygoteInit$MethodAndArgsCaller.run(ZygoteInit.java:866)
05-30 12:43:09.219  1710  1710 W StatusBar: 	at com.android.internal.os.ZygoteInit.main(ZygoteInit.java:756)
05-30 12:43:09.220  1710  1881 D OpenGLRenderer: profile bars disabled
05-30 12:43:09.222  1710  1881 D OpenGLRenderer: ambientRatio = 1.50
05-30 12:43:09.226  1710  1710 D PhoneStatusBar: disable: < EXPAND* icons alerts system_info BACK* HOME* RECENT* clock SEARCH* quick_settings >
05-30 12:43:09.232  1695  1695 I InputAttributes: InputType.TYPE_NULL is specified
05-30 12:43:09.233  2025  2025 W art     : Unexpected CPU variant for X86 using defaults: x86
05-30 12:43:09.241  1628  2016 I ActivityManager: Start proc 2025:android.process.acore/u0a1 for content provider com.android.providers.contacts/.ContactsProvider2
05-30 12:43:09.246  1820  1820 D MccTable: updateMccMncConfiguration mccmnc='310260' fromServiceState=false
05-30 12:43:09.246  1820  1820 D MccTable: updateMccMncConfiguration defaultMccMnc=
05-30 12:43:09.247  1820  1820 D MccTable: updateMccMncConfiguration: mcc=310, mnc=260
05-30 12:43:09.247  1820  1820 D MccTable: updateMccMncConfiguration updateConfig config={1.0 310mcc260mnc ?localeList ?layoutDir ?swdp ?wdp ?hdp ?density ?lsize ?long ?orien ?uimode ?night ?touch ?keyb/?/? ?nav/?}
05-30 12:43:09.247  1628  1760 I ActivityManager: Config changes=3 {1.0 310mcc260mnc [en_US] ldltr sw411dp w411dp h659dp 420dpi nrml port finger qwerty/v/v dpad/v s.6}
05-30 12:43:09.252  1837  1899 D EGL_emulation: eglMakeCurrent: 0x9808e3a0: ver 2 0 (tinfo 0x99de2d90)
05-30 12:43:09.262  2025  2025 W System  : ClassLoader referenced unknown path: /system/priv-app/ContactsProvider/lib/x86
05-30 12:43:09.265  1628  1638 I WindowManager: Destroying surface Surface(name=com.android.settings/com.android.settings.FallbackHome) called by com.android.server.wm.WindowStateAnimator.destroySurface:2016 com.android.server.wm.WindowStateAnimator.destroySurfaceLocked:882 com.android.server.wm.WindowState.removeLocked:1456 com.android.server.wm.WindowManagerService.removeWindowInnerLocked:2484 com.android.server.wm.WindowManagerService.removeWindowLocked:2442 com.android.server.wm.WindowManagerService.removeWindowLocked:2311 com.android.server.wm.WindowManagerService.removeWindow:2306 com.android.server.wm.Session.remove:202 
05-30 12:43:09.267  1628  1628 I GnssLocationProvider: WakeLock acquired by sendMessage(12, 0, null)
05-30 12:43:09.272  1820  1820 I Telephony: PstnIncomingCallNotifier: Unregistering: Handler (com.android.internal.telephony.GsmCdmaPhone) {ae14613}
05-30 12:43:09.272  1820  1820 E PhoneInterfaceManager: [PhoneIntfMgr] getIccId: No UICC
05-30 12:43:09.273  1628  1760 I Telecom : PhoneAccountRegistrar: [ComponentInfo{com.android.phone/com.android.services.telephony.TelephonyConnectionService}, [e0184adedf913b076626646d3f52c3b49c39ad6d], UserHandle{0}(addr: tel:************ -> tel:)(icon: Icon(typ=BITMAP size=50x63) -> Icon(typ=BITMAP size=50x63))(subAddr: tel:************ -> tel:)]: TSI.rPA@AA4
05-30 12:43:09.274  1628  1760 I Telecom : : Sending phone-account registered intent as user: TSI.rPA@AA4
05-30 12:43:09.281  1820  1820 I Telephony: AccountEntry: Registered phoneAccount: [[ ] PhoneAccount: ComponentInfo{com.android.phone/com.android.services.telephony.TelephonyConnectionService}, [e0184adedf913b076626646d3f52c3b49c39ad6d], UserHandle{0} Capabilities: CallProvider MultiUser PlaceEmerg SimSub  Schemes: tel voicemail  Extras: null] with handle: ComponentInfo{com.android.phone/com.android.services.telephony.TelephonyConnectionService}, [e0184adedf913b076626646d3f52c3b49c39ad6d], UserHandle{0}
05-30 12:43:09.281  1820  1820 I Telephony: PstnIncomingCallNotifier: Registering: Handler (com.android.internal.telephony.GsmCdmaPhone) {ae14613}
05-30 12:43:09.299  1628  1641 V BackupManagerService: No ancestral data
05-30 12:43:09.300  1710  1710 D PhoneStatusBar: heads up is enabled
05-30 12:43:09.303  1628  1628 I GnssLocationProvider: WakeLock acquired by sendMessage(12, 0, null)
05-30 12:43:09.310  1820  1820 I Telephony: PstnIncomingCallNotifier: Unregistering: Handler (com.android.internal.telephony.GsmCdmaPhone) {ae14613}
05-30 12:43:09.310  1820  1820 E PhoneInterfaceManager: [PhoneIntfMgr] getIccId: No UICC
05-30 12:43:09.315  1628  1760 I Telecom : PhoneAccountRegistrar: [ComponentInfo{com.android.phone/com.android.services.telephony.TelephonyConnectionService}, [e0184adedf913b076626646d3f52c3b49c39ad6d], UserHandle{0}(icon: Icon(typ=BITMAP size=50x63) -> Icon(typ=BITMAP size=50x63))]: TSI.rPA@ABI
05-30 12:43:09.317  1628  1760 I Telecom : : Sending phone-account registered intent as user: TSI.rPA@ABI
05-30 12:43:09.317  1820  1820 I Telephony: AccountEntry: Registered phoneAccount: [[ ] PhoneAccount: ComponentInfo{com.android.phone/com.android.services.telephony.TelephonyConnectionService}, [e0184adedf913b076626646d3f52c3b49c39ad6d], UserHandle{0} Capabilities: CallProvider MultiUser PlaceEmerg SimSub  Schemes: tel voicemail  Extras: null] with handle: ComponentInfo{com.android.phone/com.android.services.telephony.TelephonyConnectionService}, [e0184adedf913b076626646d3f52c3b49c39ad6d], UserHandle{0}
05-30 12:43:09.317  1820  1820 I Telephony: PstnIncomingCallNotifier: Registering: Handler (com.android.internal.telephony.GsmCdmaPhone) {ae14613}
05-30 12:43:09.322  1628  1641 V KeyValueBackupJob: Scheduling k/v pass in 247 minutes
05-30 12:43:09.322  1342  2044 D gralloc_ranchu: gralloc_alloc: Creating ashmem region of size 7753728
05-30 12:43:09.323  1342  2044 D         : HostConnection::get() New Host Connection established 0xab79c300, tid 2044
05-30 12:43:09.326  1628  1640 I GnssLocationProvider: WakeLock released by handleMessage(12, 0, null)
05-30 12:43:09.331  1342  2047 D gralloc_ranchu: gralloc_alloc: Creating ashmem region of size 8294400
05-30 12:43:09.331  1342  2047 D         : HostConnection::get() New Host Connection established 0xaba1be80, tid 2047
05-30 12:43:09.338  1628  1640 I GnssLocationProvider: WakeLock released by handleMessage(12, 0, null)
05-30 12:43:09.342  2025  2025 W System  : ClassLoader referenced unknown path: /system/priv-app/BlockedNumberProvider/lib/x86
05-30 12:43:09.356  1837  1899 D EGL_emulation: eglMakeCurrent: 0x9808e3a0: ver 2 0 (tinfo 0x99de2d90)
05-30 12:43:09.373  2025  2025 W System  : ClassLoader referenced unknown path: /system/app/UserDictionaryProvider/lib/x86
05-30 12:43:09.399  2050  2050 W art     : Unexpected CPU variant for X86 using defaults: x86
05-30 12:43:09.404  1628  1725 I ActivityManager: Start proc 2050:com.google.android.gms/u0a13 for broadcast com.google.android.gms/.checkin.CheckinServiceTriggerReceiver
05-30 12:43:09.405  1628  1642 V KeyguardServiceDelegate: *** Keyguard connected (yay!)
05-30 12:43:09.407  1628  1674 D WifiService: New client listening to asynchronous messages
05-30 12:43:09.408  1710  1710 D ViewRootImpl[StatusBar]: changeCanvasOpacity: opaque=true
05-30 12:43:09.414  1820  1820 D MccTable: updateMccMncConfiguration mccmnc='310260' fromServiceState=false
05-30 12:43:09.418  1820  1820 D MccTable: updateMccMncConfiguration defaultMccMnc=310260
05-30 12:43:09.419  1820  1820 D MccTable: updateMccMncConfiguration: mcc=310, mnc=260
05-30 12:43:09.419  1820  1820 D MccTable: updateMccMncConfiguration updateConfig config={1.0 310mcc260mnc ?localeList ?layoutDir ?swdp ?wdp ?hdp ?density ?lsize ?long ?orien ?uimode ?night ?touch ?keyb/?/? ?nav/?}
05-30 12:43:09.440  2050  2050 W System  : ClassLoader referenced unknown path: /system/priv-app/PrebuiltGmsCore/lib/x86
05-30 12:43:09.465  1628  1641 V BackupManagerService: Starting with transport com.google.android.gms/.backup.BackupTransportService
05-30 12:43:09.465  1628  1641 V BackupManagerService: Found transports: 2
05-30 12:43:09.471  2065  2065 W art     : Unexpected CPU variant for X86 using defaults: x86
05-30 12:43:09.478  1628  1641 I ActivityManager: Start proc 2065:com.google.android.gms.persistent/u0a13 for service com.google.android.gms/.backup.BackupTransportService
05-30 12:43:09.479  1628  1641 I BackupManagerService: Found stale backup journal, scheduling
05-30 12:43:09.481  1628  1628 I GnssLocationProvider: WakeLock acquired by sendMessage(12, 0, null)
05-30 12:43:09.481  1628  1628 V BackupManagerService: Connected to transport ComponentInfo{android/com.android.internal.backup.LocalTransportService}
05-30 12:43:09.481  1628  1628 V BackupManagerService: Registering transport android/com.android.internal.backup.LocalTransportService::android/com.android.internal.backup.LocalTransport = android.app.backup.BackupTransport$TransportImpl@bdf6ce4
05-30 12:43:09.483  1710  1881 D         : HostConnection::get() New Host Connection established 0x980a02c0, tid 1881
05-30 12:43:09.484  1628  1640 W GnssLocationProvider: Could not open GPS configuration file /etc/gps.conf
05-30 12:43:09.484  1628  1640 E GnssLocationProvider: no AGPS interface in set_agps_server
05-30 12:43:09.484  1628  1640 I GnssLocationProvider: WakeLock released by handleMessage(12, 0, null)
05-30 12:43:09.486  1710  1881 I OpenGLRenderer: Initialized EGL, version 1.4
05-30 12:43:09.486  1710  1881 D OpenGLRenderer: Swap behavior 1
05-30 12:43:09.487  1710  1881 W OpenGLRenderer: Failed to choose config with EGL_SWAP_BEHAVIOR_PRESERVED, retrying without...
05-30 12:43:09.487  1710  1881 D OpenGLRenderer: Swap behavior 0
05-30 12:43:09.496  1710  1881 D EGL_emulation: eglCreateContext: 0x9c785420: maj 2 min 0 rcv 2
05-30 12:43:09.497  1628  1641 I BackupManagerService: Backup enabled => false
05-30 12:43:09.501  2025  2046 I ContactLocale: AddressBook Labels [[en_US]]: [, A, B, C, D, E, F, G, H, I, J, K, L, M, N, O, P, Q, R, S, T, U, V, W, X, Y, Z, , , , , , , , , , , , , , , , , , , , , , , , , , , , , , , , , , , , , , , , , , , , , , , , , , , , , , , , , , , , , , , , , , , , , , , , , , , , , , , , , , , , , , , , , , , , , , , , , , , , , , , , , , , , , , , , , , , , , , , , , , , , , , , , , , , , , , , , , , , , , , , , , , , , , , , , , , , , , , , , , , , , , , , , , , , , , , , , , , , , , , , , , , , #, ]
05-30 12:43:09.501  1710  1881 D EGL_emulation: eglMakeCurrent: 0x9c785420: ver 2 0 (tinfo 0x9c783290)
05-30 12:43:09.502  2065  2065 W System  : ClassLoader referenced unknown path: /system/priv-app/PrebuiltGmsCore/lib/x86
05-30 12:43:09.544  2078  2078 W art     : Unexpected CPU variant for X86 using defaults: x86
05-30 12:43:09.546  1628  1641 I ActivityManager: Start proc 2078:com.google.android.googlequicksearchbox:interactor/u0a28 for service com.google.android.googlequicksearchbox/com.google.android.voiceinteraction.GsaVoiceInteractionService
05-30 12:43:09.547  1628  1641 I ActivityManager: Loading recents for user 0 into memory.
05-30 12:43:09.563  2091  2091 W art     : Unexpected CPU variant for X86 using defaults: x86
05-30 12:43:09.563  1628  1640 I ActivityManager: Start proc 2091:com.android.printspooler/u0a67 for service com.android.printspooler/.model.PrintSpoolerService
05-30 12:43:09.565  1628  1641 D ActivityManager: Sending BOOT_COMPLETE user #0
05-30 12:43:09.581  1837  1837 D FallbackHome: User unlocked and real home found; let's go!
05-30 12:43:09.588  1628  1935 I ActivityManager: START u0 {act=android.intent.action.MAIN cat=[android.intent.category.HOME] flg=0x10000100 cmp=com.android.launcher3/.Launcher} from uid 0 on display 0
05-30 12:43:09.595  2105  2105 W art     : Unexpected CPU variant for X86 using defaults: x86
05-30 12:43:09.603  1628  1935 I ActivityManager: Start proc 2105:com.android.launcher3/u0a19 for activity com.android.launcher3/.Launcher
05-30 12:43:09.608  1837  1899 D EGL_emulation: eglMakeCurrent: 0x9808e3a0: ver 2 0 (tinfo 0x99de2d90)
05-30 12:43:09.609  2065  2065 I LoadedApk: No resource references to update in package FFFFFFFFFFFFFFFFFFFFFF
05-30 12:43:09.617  1628  1638 I WindowManager: Destroying surface Surface(name=com.android.settings/com.android.settings.FallbackHome) called by com.android.server.wm.WindowStateAnimator.destroySurface:2016 com.android.server.wm.WindowStateAnimator.destroySurfaceLocked:882 com.android.server.wm.WindowState.destroyOrSaveSurface:2100 com.android.server.wm.WindowManagerService.tryStartExitingAnimation:3024 com.android.server.wm.WindowManagerService.relayoutWindow:2904 com.android.server.wm.Session.relayout:224 android.view.IWindowSession$Stub.onTransact:286 com.android.server.wm.Session.onTransact:145 
05-30 12:43:09.618  2105  2105 W System  : ClassLoader referenced unknown path: /system/priv-app/Launcher3/lib/x86
05-30 12:43:09.619  1628  1639 I AccountManagerService: User 0 is unlocked - opening CE database
05-30 12:43:09.620  2050  2050 I LoadedApk: No resource references to update in package FFFFFFFFFFFFFFFFFFFFFF
05-30 12:43:09.660  2118  2118 W art     : Unexpected CPU variant for X86 using defaults: x86
05-30 12:43:09.667  1628  1687 I ActivityManager: Start proc 2118:com.android.keychain/1000 for service com.android.keychain/.KeyChainService
05-30 12:43:09.678  1628  1628 I FusedLocation: engine stopped (com.android.location.fused)
05-30 12:43:09.680  2105  2105 V Launcher: LauncherAppState inited
05-30 12:43:09.688  2118  2118 W System  : ClassLoader referenced unknown path: /system/app/KeyChain/lib/x86
05-30 12:43:09.709  1710  1710 W KeyguardUpdateMonitor: invalid subId in handleSimStateChange()
05-30 12:43:09.717  2133  2133 W art     : Unexpected CPU variant for X86 using defaults: x86
05-30 12:43:09.720  2105  2105 D Launcher.Model: Old launcher provider: content://com.android.launcher2.settings/favorites?notify=true
05-30 12:43:09.720  2105  2105 D Launcher.Model: Old launcher provider does not exist.
05-30 12:43:09.724  1628  1760 I ActivityManager: Start proc 2133:com.google.process.gapps/u0a13 for content provider com.google.android.gsf/.gservices.GservicesProvider
05-30 12:43:09.728  1628  1628 I GnssLocationProvider: WakeLock acquired by sendMessage(12, 0, null)
05-30 12:43:09.729  1820  1820 D MccTable: updateMccMncConfiguration mccmnc='310260' fromServiceState=false
05-30 12:43:09.729  1820  1820 D MccTable: updateMccMncConfiguration defaultMccMnc=310260
05-30 12:43:09.729  1820  1820 D MccTable: updateMccMncConfiguration: mcc=310, mnc=260
05-30 12:43:09.730  1820  1820 D MccTable: updateMccMncConfiguration updateConfig config={1.0 310mcc260mnc ?localeList ?layoutDir ?swdp ?wdp ?hdp ?density ?lsize ?long ?orien ?uimode ?night ?touch ?keyb/?/? ?nav/?}
05-30 12:43:09.730  1628  1640 W GnssLocationProvider: Could not open GPS configuration file /etc/gps.conf
05-30 12:43:09.730  1628  1640 E GnssLocationProvider: no AGPS interface in set_agps_server
05-30 12:43:09.730  1628  1640 I GnssLocationProvider: WakeLock released by handleMessage(12, 0, null)
05-30 12:43:09.735  1710  1710 W KeyguardUpdateMonitor: invalid subId in handleServiceStateChange()
05-30 12:43:09.741  1710  1881 D EGL_emulation: eglMakeCurrent: 0x9c785420: ver 2 0 (tinfo 0x9c783290)
05-30 12:43:09.754  2133  2133 W System  : ClassLoader referenced unknown path: /system/priv-app/GoogleServicesFramework/lib/x86
05-30 12:43:09.755  2153  2153 W art     : Unexpected CPU variant for X86 using defaults: x86
05-30 12:43:09.762  1628  2016 I ActivityManager: Start proc 2153:com.google.android.googlequicksearchbox:search/u0a28 for service com.google.android.googlequicksearchbox/com.google.android.hotword.service.HotwordService
05-30 12:43:09.765  1628  1628 I GnssLocationProvider: WakeLock acquired by sendMessage(12, 0, null)
05-30 12:43:09.766  1628  1640 W GnssLocationProvider: Could not open GPS configuration file /etc/gps.conf
05-30 12:43:09.767  1628  1640 E GnssLocationProvider: no AGPS interface in set_agps_server
05-30 12:43:09.767  1628  1640 I GnssLocationProvider: WakeLock released by handleMessage(12, 0, null)
05-30 12:43:09.771  2133  2133 I GservicesProvider: Gservices pushing to system: true; secure/global: true
05-30 12:43:09.783  1820  1820 D CarrierConfigLoader: update config for phoneId: 0 simState: LOADED
05-30 12:43:09.783  1820  1820 D CarrierSvcBindHelper: update binding for phoneId: 0 simState: LOADED
05-30 12:43:09.784  1628  1640 W GnssLocationProvider: Could not open GPS configuration file /etc/gps.conf
05-30 12:43:09.784  1628  1640 E GnssLocationProvider: no AGPS interface in set_agps_server
05-30 12:43:09.786  1820  1820 D TelephonyProvider: subIdString = 1 subId = 1
05-30 12:43:09.813  1710  1881 D EGL_emulation: eglMakeCurrent: 0x9c785420: ver 2 0 (tinfo 0x9c783290)
05-30 12:43:09.816  2133  2133 I GoogleHttpClient: GMS http client unavailable, use old client
05-30 12:43:09.833  1628  1628 I GnssLocationProvider: WakeLock acquired by sendMessage(12, 0, null)
05-30 12:43:09.836  1628  1640 W GnssLocationProvider: Could not open GPS configuration file /etc/gps.conf
05-30 12:43:09.836  1628  1640 E GnssLocationProvider: no AGPS interface in set_agps_server
05-30 12:43:09.836  1628  1640 I GnssLocationProvider: WakeLock released by handleMessage(12, 0, null)
05-30 12:43:09.837  1628  1639 V KeyguardServiceDelegate: **** SHOWN CALLED ****
05-30 12:43:09.839  2105  2105 W System  : ClassLoader referenced unknown path: 
05-30 12:43:09.846  1628  1651 I WindowManager: Destroying surface Surface(name=KeyguardScrim) called by com.android.server.wm.WindowStateAnimator.destroySurface:2016 com.android.server.wm.WindowStateAnimator.destroySurfaceLocked:882 com.android.server.wm.WindowState.destroyOrSaveSurface:2100 com.android.server.wm.WindowSurfacePlacer.performSurfacePlacementInner:429 com.android.server.wm.WindowSurfacePlacer.performSurfacePlacementLoop:232 com.android.server.wm.WindowSurfacePlacer.performSurfacePlacement:180 com.android.server.wm.WindowManagerService$H.handleMessage:8086 android.os.Handler.dispatchMessage:102 
05-30 12:43:09.847  1628  1651 D         : HostConnection::get() New Host Connection established 0x8cf22f00, tid 1651
05-30 12:43:09.853  1710  1710 E SignalClusterView: Unexpected subscription 1
05-30 12:43:09.854  1710  1710 E SignalClusterView: Unexpected subscription 1
05-30 12:43:09.860  1628  1628 I GnssLocationProvider: WakeLock acquired by sendMessage(12, 0, null)
05-30 12:43:09.861  1628  1640 W GnssLocationProvider: Could not open GPS configuration file /etc/gps.conf
05-30 12:43:09.861  1628  1640 E GnssLocationProvider: no AGPS interface in set_agps_server
05-30 12:43:09.862  1628  1640 I GnssLocationProvider: WakeLock released by handleMessage(12, 0, null)
05-30 12:43:09.870  1710  1710 W KeyguardUpdateMonitor: invalid subId in handleServiceStateChange()
05-30 12:43:09.871  1342  2044 E SurfaceFlinger: ro.sf.lcd_density must be defined as a build property
05-30 12:43:09.874  2105  2105 D         : HostConnection::get() New Host Connection established 0x9c734d80, tid 2105
05-30 12:43:09.883  1820  1820 D TelephonyProvider: subIdString = 1 subId = 1
05-30 12:43:09.887  2065  2065 W System  : ClassLoader referenced unknown path: /system/priv-app/PrebuiltGmsCore/lib/x86
05-30 12:43:09.887  2065  2065 W System  : ClassLoader referenced unknown path: /system/priv-app/PrebuiltGmsCore/lib/x86
05-30 12:43:09.901  2065  2065 W System  : ClassLoader referenced unknown path: /system/priv-app/PrebuiltGmsCore/lib/x86
05-30 12:43:09.902  2065  2065 W System  : ClassLoader referenced unknown path: /system/priv-app/PrebuiltGmsCore/lib/x86
05-30 12:43:09.906  2065  2065 W linker  : /data/user_de/0/com.google.android.gms/app_extracted_libs/x86/libconscrypt_gmscore_jni.so: unused DT entry: type 0xf arg 0x91
05-30 12:43:09.912  2065  2065 V NativeCrypto: Registering com/google/android/gms/org/conscrypt/NativeCrypto's 276 native methods...
05-30 12:43:09.914  2105  2175 D         : HostConnection::get() New Host Connection established 0x9c77c240, tid 2175
05-30 12:43:09.925  2105  2175 I OpenGLRenderer: Initialized EGL, version 1.4
05-30 12:43:09.925  2105  2175 D OpenGLRenderer: Swap behavior 1
05-30 12:43:09.927  2105  2175 W OpenGLRenderer: Failed to choose config with EGL_SWAP_BEHAVIOR_PRESERVED, retrying without...
05-30 12:43:09.927  2105  2175 D OpenGLRenderer: Swap behavior 0
05-30 12:43:09.936  2065  2065 D NetworkSecurityConfig: No Network Security Config specified, using platform default
05-30 12:43:09.937  2105  2175 D EGL_emulation: eglCreateContext: 0x9c785420: maj 2 min 0 rcv 2
05-30 12:43:09.938  1820  1820 I Telephony: PstnIncomingCallNotifier: Unregistering: Handler (com.android.internal.telephony.GsmCdmaPhone) {ae14613}
05-30 12:43:09.939  2065  2065 I ProviderInstaller: Installed default security provider GmsCore_OpenSSL
05-30 12:43:09.941  2105  2175 D EGL_emulation: eglMakeCurrent: 0x9c785420: ver 2 0 (tinfo 0x9c783320)
05-30 12:43:09.945  2050  2050 W System  : ClassLoader referenced unknown path: /system/priv-app/PrebuiltGmsCore/lib/x86
05-30 12:43:09.945  2050  2050 W System  : ClassLoader referenced unknown path: /system/priv-app/PrebuiltGmsCore/lib/x86
05-30 12:43:09.946  2050  2050 W System  : ClassLoader referenced unknown path: /system/priv-app/PrebuiltGmsCore/lib/x86
05-30 12:43:09.947  2050  2050 W System  : ClassLoader referenced unknown path: /system/priv-app/PrebuiltGmsCore/lib/x86
05-30 12:43:09.948  1628  2016 I Telecom : PhoneAccountRegistrar: New phone account registered: [[ ] PhoneAccount: ComponentInfo{com.android.phone/com.android.services.telephony.TelephonyConnectionService}, [e2f7d48dd2b5ca523e7313cf4ba0f6ea830b6281], UserHandle{0} Capabilities: CallProvider MultiUser PlaceEmerg SimSub  Schemes: tel voicemail  Extras: null]: TSI.rPA@ABg
05-30 12:43:09.950  1628  2016 I Telecom : : Sending phone-account registered intent as user: TSI.rPA@ABg
05-30 12:43:09.951  2050  2050 W linker  : /data/user_de/0/com.google.android.gms/app_extracted_libs/x86/libconscrypt_gmscore_jni.so: unused DT entry: type 0xf arg 0x91
05-30 12:43:09.951  2050  2050 V NativeCrypto: Registering com/google/android/gms/org/conscrypt/NativeCrypto's 276 native methods...
05-30 12:43:09.952  1820  1820 I Telephony: AccountEntry: Registered phoneAccount: [[ ] PhoneAccount: ComponentInfo{com.android.phone/com.android.services.telephony.TelephonyConnectionService}, [e2f7d48dd2b5ca523e7313cf4ba0f6ea830b6281], UserHandle{0} Capabilities: CallProvider MultiUser PlaceEmerg SimSub  Schemes: tel voicemail  Extras: null] with handle: ComponentInfo{com.android.phone/com.android.services.telephony.TelephonyConnectionService}, [e2f7d48dd2b5ca523e7313cf4ba0f6ea830b6281], UserHandle{0}
05-30 12:43:09.952  1820  1820 I Telephony: PstnIncomingCallNotifier: Registering: Handler (com.android.internal.telephony.GsmCdmaPhone) {ae14613}
05-30 12:43:09.956  1820  1820 I Telephony: TelecomAccountRegistry: Unregistering phone account ComponentInfo{com.android.phone/com.android.services.telephony.TelephonyConnectionService}, [e0184adedf913b076626646d3f52c3b49c39ad6d], UserHandle{0}.
05-30 12:43:09.957  1628  1638 I Telecom : : Sending phone-account unregistered intent as user: TSI.uPA@ABo
05-30 12:43:09.960  1820  1820 D CarrierSvcBindHelper: Received android.intent.action.USER_UNLOCKED
05-30 12:43:09.962  2105  2175 D EGL_emulation: eglMakeCurrent: 0x9c785420: ver 2 0 (tinfo 0x9c783320)
05-30 12:43:09.962  1820  1820 D CarrierSvcBindHelper: No carrier app for: 0
05-30 12:43:09.962  1820  1820 I Telephony: PstnIncomingCallNotifier: Unregistering: Handler (com.android.internal.telephony.GsmCdmaPhone) {ae14613}
05-30 12:43:09.967  1628  2040 I Telecom : PhoneAccountRegistrar: [ComponentInfo{com.android.phone/com.android.services.telephony.TelephonyConnectionService}, [e2f7d48dd2b5ca523e7313cf4ba0f6ea830b6281], UserHandle{0}(icon: Icon(typ=BITMAP size=50x63) -> Icon(typ=BITMAP size=50x63))]: TSI.rPA@ABw
05-30 12:43:09.968  1628  2040 I Telecom : : Sending phone-account registered intent as user: TSI.rPA@ABw
05-30 12:43:09.969  2050  2050 D NetworkSecurityConfig: No Network Security Config specified, using platform default
05-30 12:43:09.970  1820  1820 I Telephony: AccountEntry: Registered phoneAccount: [[ ] PhoneAccount: ComponentInfo{com.android.phone/com.android.services.telephony.TelephonyConnectionService}, [e2f7d48dd2b5ca523e7313cf4ba0f6ea830b6281], UserHandle{0} Capabilities: CallProvider MultiUser PlaceEmerg SimSub  Schemes: tel voicemail  Extras: null] with handle: ComponentInfo{com.android.phone/com.android.services.telephony.TelephonyConnectionService}, [e2f7d48dd2b5ca523e7313cf4ba0f6ea830b6281], UserHandle{0}
05-30 12:43:09.970  1820  1820 I Telephony: PstnIncomingCallNotifier: Registering: Handler (com.android.internal.telephony.GsmCdmaPhone) {ae14613}
05-30 12:43:09.971  1710  1710 W KeyguardUpdateMonitor: invalid subId in handleSimStateChange()
05-30 12:43:09.971  1710  1710 W KeyguardUpdateMonitor: invalid subId in handleSimStateChange()
05-30 12:43:09.971  2050  2050 I ProviderInstaller: Installed default security provider GmsCore_OpenSSL
05-30 12:43:09.994  1820  1820 I Telephony: PstnIncomingCallNotifier: Unregistering: Handler (com.android.internal.telephony.GsmCdmaPhone) {ae14613}
05-30 12:43:10.006  1628  1935 I Telecom : PhoneAccountRegistrar: [ComponentInfo{com.android.phone/com.android.services.telephony.TelephonyConnectionService}, [e2f7d48dd2b5ca523e7313cf4ba0f6ea830b6281], UserHandle{0}(icon: Icon(typ=BITMAP size=50x63) -> Icon(typ=BITMAP size=50x63))]: TSI.rPA@AB8
05-30 12:43:10.007  1628  1935 I Telecom : : Sending phone-account registered intent as user: TSI.rPA@AB8
05-30 12:43:10.016  1820  1820 I Telephony: AccountEntry: Registered phoneAccount: [[ ] PhoneAccount: ComponentInfo{com.android.phone/com.android.services.telephony.TelephonyConnectionService}, [e2f7d48dd2b5ca523e7313cf4ba0f6ea830b6281], UserHandle{0} Capabilities: CallProvider MultiUser PlaceEmerg SimSub  Schemes: tel voicemail  Extras: null] with handle: ComponentInfo{com.android.phone/com.android.services.telephony.TelephonyConnectionService}, [e2f7d48dd2b5ca523e7313cf4ba0f6ea830b6281], UserHandle{0}
05-30 12:43:10.016  1820  1820 I Telephony: PstnIncomingCallNotifier: Registering: Handler (com.android.internal.telephony.GsmCdmaPhone) {ae14613}
05-30 12:43:10.016  1628  1651 I ActivityManager: Displayed com.android.launcher3/.Launcher: +426ms
05-30 12:43:10.020  1628  1628 W IInputConnectionWrapper: reportFullscreenMode on inexistent InputConnection
05-30 12:43:10.041  1820  1820 I Telephony: PstnIncomingCallNotifier: Unregistering: Handler (com.android.internal.telephony.GsmCdmaPhone) {ae14613}
05-30 12:43:10.051  1628  1639 I Telecom : PhoneAccountRegistrar: [ComponentInfo{com.android.phone/com.android.services.telephony.TelephonyConnectionService}, [e2f7d48dd2b5ca523e7313cf4ba0f6ea830b6281], UserHandle{0}(icon: Icon(typ=BITMAP size=50x63) -> Icon(typ=BITMAP size=50x63))]: TSI.rPA@ACI
05-30 12:43:10.053  1628  1639 I Telecom : : Sending phone-account registered intent as user: TSI.rPA@ACI
05-30 12:43:10.057  1820  1820 I Telephony: AccountEntry: Registered phoneAccount: [[ ] PhoneAccount: ComponentInfo{com.android.phone/com.android.services.telephony.TelephonyConnectionService}, [e2f7d48dd2b5ca523e7313cf4ba0f6ea830b6281], UserHandle{0} Capabilities: CallProvider MultiUser PlaceEmerg SimSub  Schemes: tel voicemail  Extras: null] with handle: ComponentInfo{com.android.phone/com.android.services.telephony.TelephonyConnectionService}, [e2f7d48dd2b5ca523e7313cf4ba0f6ea830b6281], UserHandle{0}
05-30 12:43:10.057  1820  1820 I Telephony: PstnIncomingCallNotifier: Registering: Handler (com.android.internal.telephony.GsmCdmaPhone) {ae14613}
05-30 12:43:10.057  1342  1349 D gralloc_ranchu: gralloc_alloc: Creating ashmem region of size 9547776
05-30 12:43:10.069  1820  1820 D CarrierConfigLoader: mHandler: 7 phoneId: 0
05-30 12:43:10.070  1820  1820 D CarrierConfigLoader: Loaded config from XML. package=com.android.carrierconfig phoneId=0
05-30 12:43:10.071  1820  1820 D CarrierSvcBindHelper: mHandler: 0
05-30 12:43:10.071  1820  1820 D CarrierSvcBindHelper: Rebinding if necessary for phoneId: 0
05-30 12:43:10.072  1820  1820 D CarrierSvcBindHelper: No carrier app for: 0
05-30 12:43:10.084  1820  1820 I Telephony: PstnIncomingCallNotifier: Unregistering: Handler (com.android.internal.telephony.GsmCdmaPhone) {ae14613}
05-30 12:43:10.088  1628  2016 I Telecom : PhoneAccountRegistrar: [ComponentInfo{com.android.phone/com.android.services.telephony.TelephonyConnectionService}, [e2f7d48dd2b5ca523e7313cf4ba0f6ea830b6281], UserHandle{0}(icon: Icon(typ=BITMAP size=50x63) -> Icon(typ=BITMAP size=50x63))]: TSI.rPA@ACU
05-30 12:43:10.088  1628  2016 I Telecom : : Sending phone-account registered intent as user: TSI.rPA@ACU
05-30 12:43:10.091  1820  1820 I Telephony: AccountEntry: Registered phoneAccount: [[ ] PhoneAccount: ComponentInfo{com.android.phone/com.android.services.telephony.TelephonyConnectionService}, [e2f7d48dd2b5ca523e7313cf4ba0f6ea830b6281], UserHandle{0} Capabilities: CallProvider MultiUser PlaceEmerg SimSub  Schemes: tel voicemail  Extras: null] with handle: ComponentInfo{com.android.phone/com.android.services.telephony.TelephonyConnectionService}, [e2f7d48dd2b5ca523e7313cf4ba0f6ea830b6281], UserHandle{0}
05-30 12:43:10.092  1820  1820 I Telephony: PstnIncomingCallNotifier: Registering: Handler (com.android.internal.telephony.GsmCdmaPhone) {ae14613}
05-30 12:43:10.110  2065  2065 I DynamiteModule: Considering local module com.google.android.gms.googlecertificates:4 and remote module com.google.android.gms.googlecertificates:4
05-30 12:43:10.110  2065  2065 I DynamiteModule: Selected local version of com.google.android.gms.googlecertificates
05-30 12:43:10.131  2078  2078 W KeyphraseEnrollmentInfo: No Enrollment application supports the given keyphrase/locale
05-30 12:43:10.135  1820  1820 I Telephony: PstnIncomingCallNotifier: Unregistering: Handler (com.android.internal.telephony.GsmCdmaPhone) {ae14613}
05-30 12:43:10.139  1628  1638 I Telecom : PhoneAccountRegistrar: [ComponentInfo{com.android.phone/com.android.services.telephony.TelephonyConnectionService}, [e2f7d48dd2b5ca523e7313cf4ba0f6ea830b6281], UserHandle{0}(icon: Icon(typ=BITMAP size=50x63) -> Icon(typ=BITMAP size=50x63))]: TSI.rPA@ACg
05-30 12:43:10.140  1628  1638 I Telecom : : Sending phone-account registered intent as user: TSI.rPA@ACg
05-30 12:43:10.144  1820  1820 I Telephony: AccountEntry: Registered phoneAccount: [[ ] PhoneAccount: ComponentInfo{com.android.phone/com.android.services.telephony.TelephonyConnectionService}, [e2f7d48dd2b5ca523e7313cf4ba0f6ea830b6281], UserHandle{0} Capabilities: CallProvider MultiUser PlaceEmerg SimSub  Schemes: tel voicemail  Extras: null] with handle: ComponentInfo{com.android.phone/com.android.services.telephony.TelephonyConnectionService}, [e2f7d48dd2b5ca523e7313cf4ba0f6ea830b6281], UserHandle{0}
05-30 12:43:10.144  1820  1820 I Telephony: PstnIncomingCallNotifier: Registering: Handler (com.android.internal.telephony.GsmCdmaPhone) {ae14613}
05-30 12:43:10.148  1820  1820 I NotificationMgr: updateMwi(): subId 1 update to false
05-30 12:43:10.150  1710  1881 D EGL_emulation: eglMakeCurrent: 0x9c785420: ver 2 0 (tinfo 0x9c783290)
05-30 12:43:10.151  1628  2040 I Telecom : PhoneAccountRegistrar: [ComponentInfo{com.android.phone/com.android.services.telephony.TelephonyConnectionService}, [e2f7d48dd2b5ca523e7313cf4ba0f6ea830b6281], UserHandle{0}(icon: Icon(typ=BITMAP size=50x63) -> Icon(typ=BITMAP size=50x63))]: TSI.rPA@ACw
05-30 12:43:10.153  1628  2040 I Telecom : : Sending phone-account registered intent as user: TSI.rPA@ACw
05-30 12:43:10.158  1628  1638 I Telecom : PhoneAccountRegistrar: [ComponentInfo{com.android.phone/com.android.services.telephony.TelephonyConnectionService}, [e2f7d48dd2b5ca523e7313cf4ba0f6ea830b6281], UserHandle{0}(icon: Icon(typ=BITMAP size=50x63) -> Icon(typ=BITMAP size=50x63))]: TSI.rPA@AC4
05-30 12:43:10.158  1628  1638 I Telecom : : Sending phone-account registered intent as user: TSI.rPA@AC4
05-30 12:43:10.162  1628  2040 I Telecom : PhoneAccountRegistrar: [ComponentInfo{com.android.phone/com.android.services.telephony.TelephonyConnectionService}, [e2f7d48dd2b5ca523e7313cf4ba0f6ea830b6281], UserHandle{0}(icon: Icon(typ=BITMAP size=50x63) -> Icon(typ=BITMAP size=50x63))]: TSI.rPA@ADA
05-30 12:43:10.163  1628  2040 I Telecom : : Sending phone-account registered intent as user: TSI.rPA@ADA
05-30 12:43:10.177  1628  1638 I Telecom : PhoneAccountRegistrar: [ComponentInfo{com.android.phone/com.android.services.telephony.TelephonyConnectionService}, [e2f7d48dd2b5ca523e7313cf4ba0f6ea830b6281], UserHandle{0}(icon: Icon(typ=BITMAP size=50x63) -> Icon(typ=BITMAP size=50x63))]: TSI.rPA@ADI
05-30 12:43:10.178  1628  1638 I Telecom : : Sending phone-account registered intent as user: TSI.rPA@ADI
05-30 12:43:10.181  1820  1820 D CarrierConfigLoader: mHandler: 5 phoneId: 0
05-30 12:43:10.192  1628  1628 I Telecom : PhoneAccountRegistrar: SimCallManager queried, returning: null: TSI.gSCMFU@ADM
05-30 12:43:10.196  1628  1935 I Telecom : PhoneAccountRegistrar: [ComponentInfo{com.android.phone/com.android.services.telephony.TelephonyConnectionService}, [e2f7d48dd2b5ca523e7313cf4ba0f6ea830b6281], UserHandle{0}(icon: Icon(typ=BITMAP size=50x63) -> Icon(typ=BITMAP size=50x63))]: TSI.rPA@ADU
05-30 12:43:10.197  1628  1935 I Telecom : : Sending phone-account registered intent as user: TSI.rPA@ADU
05-30 12:43:10.211  1710  1710 D PhoneStatusBar: disable: < expand* icons alerts system_info back* home* recent* clock search* quick_settings >
05-30 12:43:10.213  1628  2016 I Telecom : PhoneAccountRegistrar: [ComponentInfo{com.android.phone/com.android.services.telephony.TelephonyConnectionService}, [e2f7d48dd2b5ca523e7313cf4ba0f6ea830b6281], UserHandle{0}(icon: Icon(typ=BITMAP size=50x63) -> Icon(typ=BITMAP size=50x63))]: TSI.rPA@ADc
05-30 12:43:10.214  1628  2016 I Telecom : : Sending phone-account registered intent as user: TSI.rPA@ADc
05-30 12:43:10.220  1820  1820 D TelephonyProvider: subIdString = 1 subId = 1
05-30 12:43:10.227  1710  1881 D EGL_emulation: eglMakeCurrent: 0x9c785420: ver 2 0 (tinfo 0x9c783290)
05-30 12:43:10.236  2198  2198 W art     : Unexpected CPU variant for X86 using defaults: x86
05-30 12:43:10.242  1628  1638 I ActivityManager: Start proc 2198:com.google.android.partnersetup/u0a18 for content provider com.google.android.partnersetup/.RlzAppProvider
05-30 12:43:10.275  1628  1760 D ConnectivityService: registerNetworkAgent NetworkAgentInfo{ ni{[type: MOBILE[LTE], state: CONNECTED/CONNECTED, reason: connected, extra: epc.tmobile.com, failover: false, available: true, roaming: false, metered: false]}  network{100}  nethandle{429513165534}  lp{{InterfaceName: eth0 LinkAddresses: [10.0.2.15/24,]  Routes: [0.0.0.0/0 -> 10.0.2.2 eth0,] DnsAddresses: [10.0.2.3,10.0.2.4,10.0.2.5,10.0.2.6,] Domains: null MTU: 1500 TcpBufferSizes: 524288,1048576,2097152,262144,524288,1048576}}  nc{[ Transports: CELLULAR Capabilities: MMS&SUPL&FOTA&IMS&CBS&IA&INTERNET&NOT_RESTRICTED&TRUSTED&NOT_VPN LinkUpBandwidth>=51200Kbps LinkDnBandwidth>=102400Kbps Specifier: <1>]}  Score{10}  everValidated{false}  lastValidated{false}  created{false} lingering{false} explicitlySelected{false} acceptUnvalidated{false} everCaptivePortalDetected{false} lastCaptivePortalDetected{false} }
05-30 12:43:10.275  2198  2198 W System  : ClassLoader referenced unknown path: /system/priv-app/GooglePartnerSetup/lib/x86
05-30 12:43:10.275  1628  1679 D ConnectivityService: NetworkAgentInfo [MOBILE (LTE) - 100] EVENT_NETWORK_INFO_CHANGED, going from null to CONNECTED
05-30 12:43:10.276  1628  1679 D ConnectivityService: Adding iface eth0 to network 100
05-30 12:43:10.290  1628  1679 D ConnectivityService: Setting DNS servers for network 100 to [/10.0.2.3, /10.0.2.4, /10.0.2.5, /10.0.2.6]
05-30 12:43:10.300  1628  1679 D ConnectivityService: Switching to new default network: NetworkAgentInfo{ ni{[type: MOBILE[LTE], state: CONNECTED/CONNECTED, reason: connected, extra: epc.tmobile.com, failover: false, available: true, roaming: false, metered: false]}  network{100}  nethandle{429513165534}  lp{{InterfaceName: eth0 LinkAddresses: [10.0.2.15/24,]  Routes: [0.0.0.0/0 -> 10.0.2.2 eth0,] DnsAddresses: [10.0.2.3,10.0.2.4,10.0.2.5,10.0.2.6,] Domains: null MTU: 1500 TcpBufferSizes: 524288,1048576,2097152,262144,524288,1048576}}  nc{[ Transports: CELLULAR Capabilities: MMS&SUPL&FOTA&IMS&CBS&IA&INTERNET&NOT_RESTRICTED&TRUSTED&NOT_VPN LinkUpBandwidth>=51200Kbps LinkDnBandwidth>=102400Kbps Specifier: <1>]}  Score{10}  everValidated{false}  lastValidated{false}  created{true} lingering{false} explicitlySelected{false} acceptUnvalidated{false} everCaptivePortalDetected{false} lastCaptivePortalDetected{false} }
05-30 12:43:10.309  1399  1626 V IdletimerController: runCmd(/system/bin/ip6tables -w -t raw -A idletimer_raw_PREROUTING -i eth0 -j IDLETIMER --timeout 10 --label 0 --send_nl_msg 1) res_ipv4=0, res_ipv6=0
05-30 12:43:10.319  1399  1626 V IdletimerController: runCmd(/system/bin/ip6tables -w -t mangle -A idletimer_mangle_POSTROUTING -o eth0 -j IDLETIMER --timeout 10 --label 0 --send_nl_msg 1) res_ipv4=0, res_ipv6=0
05-30 12:43:10.323  1628  1679 D ConnectivityService: Sending CONNECTED broadcast for type 0 NetworkAgentInfo [MOBILE (LTE) - 100] isDefaultNetwork=true
05-30 12:43:10.324  1628  1692 I GnssLocationProvider: WakeLock acquired by sendMessage(5, 0, null)
05-30 12:43:10.324  1628  1692 I GnssLocationProvider: WakeLock acquired by sendMessage(6, 0, null)
05-30 12:43:10.324  1628  1640 I GnssLocationProvider: WakeLock acquired by handleInjectNtpTime()
05-30 12:43:10.324  1628  1640 I GnssLocationProvider: WakeLock released by handleMessage(5, 0, null)
05-30 12:43:10.324  1628  1640 I GnssLocationProvider: WakeLock released by handleMessage(6, 0, null)
05-30 12:43:10.331  1710  1881 D EGL_emulation: eglMakeCurrent: 0x9c785420: ver 2 0 (tinfo 0x9c783290)
05-30 12:43:10.364  2065  2065 W ConfigurationChimeraPro: Got null configs for com.google.android.gms.backup
05-30 12:43:10.377  1628  1628 V BackupManagerService: Connected to transport ComponentInfo{com.google.android.gms/com.google.android.gms.backup.BackupTransportService}
05-30 12:43:10.377  1628  1628 V BackupManagerService: Registering transport com.google.android.gms/.backup.BackupTransportService::com.google.android.gms/.backup.BackupTransportService = com.android.internal.backup.IBackupTransport$Stub$Proxy@3fbbc23
05-30 12:43:10.382  2153  2188 I GrammarCompilationSvcCt: Grammar compilation alarm set for interval 604800000
05-30 12:43:10.399  2065  2065 I GCoreNlp: shouldConfirmNlp, NLP off. Ensuring opt-in disabled
05-30 12:43:10.498  2242  2242 W art     : Unexpected CPU variant for X86 using defaults: x86
05-30 12:43:10.504  1628  1639 I ActivityManager: Start proc 2242:android.process.media/u0a11 for broadcast com.android.providers.downloads/.DownloadReceiver
05-30 12:43:10.519  2065  2065 I Backup  : [GmsBackupAccountManager] Backup account not found in gmscore.
05-30 12:43:10.525  2242  2242 W System  : ClassLoader referenced unknown path: /system/priv-app/DownloadProvider/lib/x86
05-30 12:43:10.536  2242  2242 W System  : ClassLoader referenced unknown path: /system/priv-app/MediaProvider/lib/x86
05-30 12:43:10.624  2242  2242 D MediaScannerReceiver: action: android.intent.action.MEDIA_MOUNTED path: /storage/160B-0914
05-30 12:43:10.629  2276  2276 W art     : Unexpected CPU variant for X86 using defaults: x86
05-30 12:43:10.637  1628  1638 I ActivityManager: Start proc 2276:com.google.android.music:main/u0a59 for broadcast com.google.android.music/.store.MediaStoreImportService$Receiver
05-30 12:43:10.654  1628  1679 D ConnectivityService: NetworkAgentInfo [MOBILE (LTE) - 100] validation passed
05-30 12:43:10.657  2276  2276 W System  : ClassLoader referenced unknown path: /system/app/Music2/lib/x86
05-30 12:43:10.673  2276  2276 I MultiDex: VM with version 2.1.0 has multidex support
05-30 12:43:10.674  2276  2276 I MultiDex: install
05-30 12:43:10.674  2276  2276 I MultiDex: VM has multidex support, MultiDex support library is disabled.
05-30 12:43:10.678  1628  1672 D SntpClient: round trip: 15ms, clock offset: 138ms
05-30 12:43:10.680  1628  1687 D SntpClient: round trip: 16ms, clock offset: 138ms
05-30 12:43:10.680  1628  1687 I GnssLocationProvider: WakeLock acquired by sendMessage(10, 0, null)
05-30 12:43:10.682  1628  1640 I GnssLocationProvider: WakeLock released by handleMessage(10, 0, null)
05-30 12:43:10.684  1628  1687 I GnssLocationProvider: WakeLock released by handleInjectNtpTime()
05-30 12:43:10.720  2065  2065 W Settings: Setting airplane_mode_on has moved from android.provider.Settings.System to android.provider.Settings.Global, returning read-only value.
05-30 12:43:10.723  2276  2276 I BaseStore: ConfigStore database version: 1
05-30 12:43:10.774  2276  2276 I BaseStore: Store database version: 135
05-30 12:43:10.844  2065  2312 E BluetoothAdapter: Bluetooth binder is null
05-30 12:43:10.846  2065  2270 I GeofencerStateMachine: Network location disabled.
05-30 12:43:10.876  1628  1675 D WifiNative-HAL: Failing getSupportedFeatureset because HAL isn't started
05-30 12:43:10.886  2276  2276 I GoogleURLConnFactory: Using platform SSLCertificateSocketFactory
05-30 12:43:10.887  2276  2276 I GoogleHttpClient: Using GMS GoogleHttpClient
05-30 12:43:10.888  2276  2276 D NetworkSecurityConfig: No Network Security Config specified, using platform default
05-30 12:43:10.891  2276  2276 I GHttpClientFactory: Using our fixed implementation of GMSCore's GoogleHttpClient
05-30 12:43:10.891  2276  2276 I GoogleURLConnFactory: Using platform SSLCertificateSocketFactory
05-30 12:43:10.909  2276  2276 D MusicLifecycle: com.google.android.music.MusicApplication generated event: Application created
05-30 12:43:10.915  2276  2276 W System  : ClassLoader referenced unknown path: /system/priv-app/PrebuiltGmsCore/lib/x86
05-30 12:43:10.921  2276  2276 W System  : ClassLoader referenced unknown path: /system/priv-app/PrebuiltGmsCore/lib/x86
05-30 12:43:10.921  2276  2276 W System  : ClassLoader referenced unknown path: /system/priv-app/PrebuiltGmsCore/lib/x86
05-30 12:43:10.925  2276  2276 W System  : ClassLoader referenced unknown path: /system/priv-app/PrebuiltGmsCore/lib/x86
05-30 12:43:10.925  2276  2276 W System  : ClassLoader referenced unknown path: /system/priv-app/PrebuiltGmsCore/lib/x86
05-30 12:43:10.926  2276  2276 W linker  : /data/user_de/0/com.google.android.gms/app_extracted_libs/x86/libconscrypt_gmscore_jni.so: unused DT entry: type 0xf arg 0x91
05-30 12:43:10.927  2276  2276 V NativeCrypto: Registering com/google/android/gms/org/conscrypt/NativeCrypto's 276 native methods...
05-30 12:43:10.931  2065  2312 W Settings: Setting airplane_mode_on has moved from android.provider.Settings.System to android.provider.Settings.Global, returning read-only value.
05-30 12:43:10.932  2276  2276 I ProviderInstaller: Installed default security provider GmsCore_OpenSSL
05-30 12:43:10.932  2276  2276 D AndroidMusic: GMSCore installation verified
05-30 12:43:10.981  2276  2276 V MediaRouter: Adding route: RouteInfo{ name=Phone, description=null, status=null, category=RouteCategory{ name=null types=ROUTE_TYPE_LIVE_AUDIO ROUTE_TYPE_LIVE_VIDEO  groupable=false }, supportedTypes=ROUTE_TYPE_LIVE_AUDIO ROUTE_TYPE_LIVE_VIDEO , presentationDisplay=null }
05-30 12:43:10.982  2276  2276 V MediaRouter: Updating audio routes: AudioRoutesInfo{ type=SPEAKER }
05-30 12:43:10.983  2276  2276 V MediaRouter: Selecting route: RouteInfo{ name=Phone, description=null, status=null, category=RouteCategory{ name=null types=ROUTE_TYPE_LIVE_AUDIO ROUTE_TYPE_LIVE_VIDEO  groupable=false }, supportedTypes=ROUTE_TYPE_LIVE_AUDIO ROUTE_TYPE_LIVE_VIDEO , presentationDisplay=null }
05-30 12:43:11.006  1628  1675 D WIFI    : Registering NetworkFactory
05-30 12:43:11.006  1628  1675 D WIFI_UT : Registering NetworkFactory
05-30 12:43:11.006  1628  1679 D ConnectivityService: Got NetworkFactory Messenger for WIFI
05-30 12:43:11.006  1628  1679 D ConnectivityService: Got NetworkFactory Messenger for WIFI_UT
05-30 12:43:11.006  2276  2276 I MediaRouter: Found default route: MediaRouter.RouteInfo{ uniqueId=android/.support.v7.media.SystemMediaRouteProvider:DEFAULT_ROUTE, name=Phone, description=null, iconUri=null, enabled=true, connecting=false, connectionState=0, canDisconnect=false, playbackType=0, playbackStream=3, deviceType=0, volumeHandling=1, volume=11, volumeMax=15, presentationDisplayId=-1, extras=null, settingsIntent=null, providerPackageName=android }
05-30 12:43:11.008  1628  1675 D WIFI    : got request NetworkRequest [ id=1, legacyType=-1, [ Capabilities: INTERNET&NOT_RESTRICTED&TRUSTED&NOT_VPN] ] with score 50
05-30 12:43:11.008  1628  1675 D WIFI_UT : got request NetworkRequest [ id=1, legacyType=-1, [ Capabilities: INTERNET&NOT_RESTRICTED&TRUSTED&NOT_VPN] ] with score 50
