--------- beginning of main
05-26 00:47:25.490  1288  1288 W auditd  : type=2000 audit(0.0:1): initialized
05-26 00:47:26.020  1288  1288 I auditd  : type=1403 audit(0.0:2): policy loaded auid=4294967295 ses=4294967295
05-26 00:47:26.020  1288  1288 W auditd  : type=1404 audit(0.0:3): enforcing=1 old_enforcing=0 auid=4294967295 ses=4294967295
05-26 00:47:26.515  1294  1294 I chatty  : uid=0(root) /system/bin/debuggerd expire 1 line
--------- beginning of system
05-26 00:47:26.526  1295  1295 I vold    : Vold 3.0 (the awakening) firing up
05-26 00:47:26.526  1295  1295 V vold    : Detected support for: ext4 vfat
05-26 00:47:26.780  1295  1300 D vold    : Recognized experimental block major ID 253 as virtio-blk (emulator's virtual SD card device)
05-26 00:47:26.780  1295  1300 V vold    : /system/bin/sgdisk
05-26 00:47:26.780  1295  1300 V vold    :     --android-dump
05-26 00:47:26.780  1295  1300 V vold    :     /dev/block/vold/disk:253,64
05-26 00:47:26.786  1295  1300 V vold    : DISK mbr
05-26 00:47:26.786  1295  1300 V vold    : 
05-26 00:47:26.786  1295  1300 W vold    : disk:253,64 has unknown partition table; trying entire device
05-26 00:47:26.786  1295  1300 V vold    : /system/bin/blkid
05-26 00:47:26.786  1295  1300 V vold    :     -c
05-26 00:47:26.786  1295  1300 V vold    :     /dev/null
05-26 00:47:26.786  1295  1300 V vold    :     -s
05-26 00:47:26.786  1295  1300 V vold    :     TYPE
05-26 00:47:26.786  1295  1300 V vold    :     -s
05-26 00:47:26.786  1295  1300 V vold    :     UUID
05-26 00:47:26.786  1295  1300 V vold    :     -s
05-26 00:47:26.786  1295  1300 V vold    :     LABEL
05-26 00:47:26.786  1295  1300 V vold    :     /dev/block/vold/disk:253,64
05-26 00:47:26.790  1295  1333 D vold    : e4crypt_init_user0
05-26 00:47:26.790  1295  1333 D vold    : e4crypt_prepare_user_storage for volume null, user 0, serial 0, flags 1
05-26 00:47:26.790  1295  1333 D vold    : Preparing: /data/system/users/0
05-26 00:47:26.790  1295  1333 D vold    : Preparing: /data/misc/profiles/cur/0
05-26 00:47:26.790  1295  1333 D vold    : Preparing: /data/misc/profiles/cur/0/foreign-dex
05-26 00:47:26.790  1295  1333 D vold    : Preparing: /data/system_de/0
05-26 00:47:26.790  1295  1333 D vold    : Preparing: /data/misc_de/0
05-26 00:47:26.790  1295  1333 D vold    : Preparing: /data/user_de/0
05-26 00:47:26.790  1295  1333 D vold    : e4crypt_unlock_user_key 0 serial=0 token_present=0
05-26 00:47:26.790  1295  1333 E vold    : Failed to chmod /data/system_ce/0: No such file or directory
05-26 00:47:26.790  1295  1333 E vold    : Failed to chmod /data/misc_ce/0: No such file or directory
05-26 00:47:26.790  1295  1333 E vold    : Failed to chmod /data/media/0: No such file or directory
05-26 00:47:26.791  1295  1300 V vold    : /dev/block/vold/disk:253,64: LABEL="SDCARD" UUID="160B-0914" TYPE="vfat" 
05-26 00:47:26.791  1295  1300 V vold    : 
05-26 00:47:26.791     1     1 I chatty  : uid=0(root) /init expire 1 line
05-26 00:47:26.796  1334  1334 I /system/bin/tzdatacheck: tzdata file /data/misc/zoneinfo/current/tzdata does not exist. No action required.
05-26 00:47:26.809  1339  1339 I chatty  : uid=0(root) /system/bin/lmkd expire 1 line
05-26 00:47:26.811  1295  1333 D VoldCryptCmdListener: cryptfs mountdefaultencrypted
05-26 00:47:26.813  1338  1338 I chatty  : uid=0(root) /system/bin/qemu-props expire 21 lines
05-26 00:47:26.826  1295  1344 I Cryptfs : cryptfs_check_passwd
05-26 00:47:26.826  1295  1344 D Cryptfs : crypt_ftr->fs_size = 12582912
05-26 00:47:26.826  1295  1344 I Cryptfs : Using scrypt for cryptfs KDF
05-26 00:47:26.849  1342  1342 I SurfaceFlinger: SurfaceFlinger is starting
05-26 00:47:26.849  1342  1342 I SurfaceFlinger: SurfaceFlinger's main thread ready to run. Initializing graphics H/W...
05-26 00:47:26.849  1342  1342 D libEGL  : Emulator has host GPU support, qemu.gles is set to 1.
05-26 00:47:26.850  1342  1342 E libEGL  : load_driver(/system/lib/egl/libGLES_emulation.so): dlopen failed: library "/system/lib/egl/libGLES_emulation.so" not found
05-26 00:47:26.853  1342  1342 D libEGL  : loaded /system/lib/egl/libEGL_emulation.so
05-26 00:47:26.853  1342  1342 D libEGL  : loaded /system/lib/egl/libGLESv1_CM_emulation.so
05-26 00:47:26.856  1342  1342 D libEGL  : loaded /system/lib/egl/libGLESv2_emulation.so
05-26 00:47:26.860  1342  1342 D         : HostConnection::get() New Host Connection established 0xac61b100, tid 1342
05-26 00:47:26.863  1342  1342 E SurfaceFlinger: hwcomposer module not found
05-26 00:47:26.863  1342  1342 I SurfaceFlinger: EGL information:
05-26 00:47:26.863  1342  1342 I SurfaceFlinger: vendor    : Android
05-26 00:47:26.863  1342  1342 I SurfaceFlinger: version   : 1.4 Android META-EGL
05-26 00:47:26.863  1342  1342 I SurfaceFlinger: extensions: EGL_KHR_get_all_proc_addresses EGL_ANDROID_presentation_time EGL_KHR_swap_buffers_with_damage EGL_ANDROID_create_native_client_buffer EGL_ANDROID_front_buffer_auto_refresh EGL_KHR_image EGL_KHR_image_base EGL_KHR_gl_texture_2D_image EGL_KHR_fence_sync EGL_ANDROID_image_native_buffer EGL_ANDROID_recordable 
05-26 00:47:26.863  1342  1342 I SurfaceFlinger: Client API: OpenGL_ES
05-26 00:47:26.863  1342  1342 I SurfaceFlinger: EGLSurface: 8-8-8-8, config=0x2
05-26 00:47:26.870  1342  1342 D EGL_emulation: eglCreateContext: 0xac628480: maj 2 min 0 rcv 2
05-26 00:47:26.871  1342  1342 D EGL_emulation: eglMakeCurrent: 0xac628480: ver 2 0 (tinfo 0xac61c6d0)
05-26 00:47:26.872  1342  1342 I SurfaceFlinger: OpenGL ES informations:
05-26 00:47:26.872  1342  1342 I SurfaceFlinger: vendor    : Google (Intel)
05-26 00:47:26.872  1342  1342 I SurfaceFlinger: renderer  : Android Emulator OpenGL ES Translator (Intel(R) UHD Graphics)
05-26 00:47:26.872  1342  1342 I SurfaceFlinger: version   : OpenGL ES 2.0 (4.5.0 - Build 27.20.100.9664)
05-26 00:47:26.872  1342  1342 I SurfaceFlinger: extensions: GL_EXT_debug_marker GL_OES_EGL_sync GL_OES_EGL_image GL_OES_EGL_image_external GL_OES_depth24 GL_OES_depth32 GL_OES_element_index_uint GL_OES_texture_float GL_OES_texture_float_linear GL_OES_compressed_ETC1_RGB8_texture GL_OES_depth_texture GL_OES_texture_half_float GL_OES_texture_half_float_linear GL_OES_packed_depth_stencil GL_OES_texture_npot GL_OES_rgb8_rgba8 GL_EXT_color_buffer_half_float GL_EXT_texture_format_BGRA8888 ANDROID_EMU_CHECKSUM_HELPER_v1 ANDROID_EMU_dma_v1 ANDROID_EMU_sync_buffer_data GL_OES_vertex_array_object GL_KHR_texture_compression_astc_ldr ANDROID_EMU_host_side_tracing ANDROID_EMU_gles_max_version_2 
05-26 00:47:26.872  1342  1342 I SurfaceFlinger: GL_MAX_TEXTURE_SIZE = 16384
05-26 00:47:26.872  1342  1342 I SurfaceFlinger: GL_MAX_VIEWPORT_DIMS = 16384
05-26 00:47:26.873  1342  1342 D gralloc_ranchu: gralloc_alloc: Creating ashmem region of size 4096
05-26 00:47:26.885  1342  1342 D EGL_emulation: eglMakeCurrent: 0xac628480: ver 2 0 (tinfo 0xac61c6d0)
05-26 00:47:26.887  1342  1342 D SurfaceFlinger: Set power mode=2, type=0 flinger=0xac630000
05-26 00:47:26.937  1295  1344 I Cryptfs : Enabling support for allow_discards in dmcrypt.
05-26 00:47:26.942  1295  1300 D vold    : Disk at 252:0 changed
05-26 00:47:26.943  1342  1349 E SurfaceFlinger: ro.sf.lcd_density must be defined as a build property
05-26 00:47:27.040  1295  1344 I Cryptfs : Password matches
05-26 00:47:27.040  1295  1344 D Cryptfs : test_mount_encrypted_fs(): Master key saved
05-26 00:47:27.041  1295  1344 I Cryptfs : keymaster module name is Keymaster OpenSSL HAL
05-26 00:47:27.041  1295  1344 I Cryptfs : keymaster version is 2
05-26 00:47:27.041  1295  1344 I Cryptfs : Found keymaster0 module, using keymaster0 API.
05-26 00:47:27.041  1295  1344 D Cryptfs : Password is default - restarting filesystem
05-26 00:47:27.041  1295  1344 D Cryptfs : unmounting /data succeeded
05-26 00:47:27.102  1342  1342 D SurfaceFlinger: shader cache generated - 24 shaders in 201.471497 ms
05-26 00:47:27.113  1342  1342 D gralloc_ranchu: gralloc_alloc: Creating ashmem region of size 4096
05-26 00:47:27.129  1358  1371 D libEGL  : Emulator has host GPU support, qemu.gles is set to 1.
05-26 00:47:27.130  1358  1371 E libEGL  : load_driver(/system/lib/egl/libGLES_emulation.so): dlopen failed: library "/system/lib/egl/libGLES_emulation.so" not found
05-26 00:47:27.131  1358  1371 D libEGL  : loaded /system/lib/egl/libEGL_emulation.so
05-26 00:47:27.131  1358  1371 D libEGL  : loaded /system/lib/egl/libGLESv1_CM_emulation.so
05-26 00:47:27.133  1358  1371 D libEGL  : loaded /system/lib/egl/libGLESv2_emulation.so
05-26 00:47:27.136  1358  1371 D         : HostConnection::get() New Host Connection established 0xa8b1b500, tid 1371
05-26 00:47:27.137  1342  1382 D         : HostConnection::get() New Host Connection established 0xac61ba80, tid 1382
05-26 00:47:27.160  1358  1371 D EGL_emulation: eglCreateContext: 0xa8b28a80: maj 1 min 0 rcv 1
05-26 00:47:27.208  1295  1344 D Cryptfs : Just triggered post_fs_data
05-26 00:47:27.236  1295  1333 D vold    : e4crypt_init_user0
05-26 00:47:27.236  1295  1333 D vold    : e4crypt_prepare_user_storage for volume null, user 0, serial 0, flags 1
05-26 00:47:27.236  1295  1333 D vold    : Preparing: /data/system/users/0
05-26 00:47:27.237  1295  1333 D vold    : Preparing: /data/misc/profiles/cur/0
05-26 00:47:27.237  1295  1333 D vold    : Preparing: /data/misc/profiles/cur/0/foreign-dex
05-26 00:47:27.237  1295  1333 D vold    : Preparing: /data/system_de/0
05-26 00:47:27.238  1295  1333 D vold    : Preparing: /data/misc_de/0
05-26 00:47:27.238  1295  1333 D vold    : Preparing: /data/user_de/0
05-26 00:47:27.238  1295  1333 D vold    : e4crypt_unlock_user_key 0 serial=0 token_present=0
05-26 00:47:27.239     1     1 I chatty  : uid=0(root) /init expire 1 line
05-26 00:47:27.243  1387  1387 I /system/bin/tzdatacheck: tzdata file /data/misc/zoneinfo/current/tzdata does not exist. No action required.
05-26 00:47:27.250  1388  1388 I chatty  : uid=0(root) /system/bin/bootstat expire 1 line
05-26 00:47:27.261  1295  1344 D Cryptfs : post_fs_data done
05-26 00:47:27.261  1295  1344 D Cryptfs : Just triggered restart_framework
05-26 00:47:27.312  1396  1396 I mediacodec: @@@ mediacodecservice starting
05-26 00:47:27.312  1396  1396 W         : No seccomp filter defined for this architecture.
05-26 00:47:27.312  1392  1392 I cameraserver: ServiceManager: 0xaec1af80
05-26 00:47:27.316  1392  1392 I CameraService: CameraService started (pid=1392)
05-26 00:47:27.316  1392  1392 I CameraService: CameraService process starting
05-26 00:47:27.316  1392  1392 W BatteryNotifier: batterystats service unavailable!
05-26 00:47:27.316  1392  1392 W BatteryNotifier: batterystats service unavailable!
05-26 00:47:27.321  1392  1392 D EmulatedCamera_QemuClient: Emulated camera list: name=virtualscene channel=0 pix=876758866 dir=back framedims=640x480,352x288,320x240,176x144,1280x720,1280x960
05-26 00:47:27.321  1392  1392 V EmulatedCamera_QemuCamera: Initialize:
05-26 00:47:27.321  1392  1392 V EmulatedCamera_QemuCamera:    Name=virtualscene
05-26 00:47:27.321  1392  1392 V EmulatedCamera_QemuCamera:    Facing 'back'
05-26 00:47:27.321  1392  1392 V EmulatedCamera_QemuCamera:    Dimensions=640x480,352x288,320x240,176x144,1280x720,1280x960
05-26 00:47:27.331  1392  1392 V EmulatedCamera_QemuDevice: Initialize: Connected to the emulated camera service 'virtualscene'
05-26 00:47:27.331  1392  1392 V EmulatedCamera_Device: initializeWhiteBalanceModes with auto, 1.000000, 1.000000
05-26 00:47:27.331  1392  1392 V EmulatedCamera_Device: initializeWhiteBalanceModes with incandescent, 1.380000, 0.600000
05-26 00:47:27.331  1392  1392 V EmulatedCamera_Device: initializeWhiteBalanceModes with daylight, 1.090000, 0.920000
05-26 00:47:27.331  1392  1392 V EmulatedCamera_Device: initializeWhiteBalanceModes with twilight, 0.920000, 1.220000
05-26 00:47:27.331  1392  1392 V EmulatedCamera_Device: setWhiteBalanceMode with white balance auto
05-26 00:47:27.331  1392  1392 E EmulatedCamera_QemuCamera: Initialize: 640x480
05-26 00:47:27.331  1392  1392 E EmulatedCamera_QemuCamera: Initialize: 352x288
05-26 00:47:27.331  1392  1392 E EmulatedCamera_QemuCamera: Initialize: 320x240
05-26 00:47:27.331  1392  1392 E EmulatedCamera_QemuCamera: Initialize: 176x144
05-26 00:47:27.331  1392  1392 E EmulatedCamera_QemuCamera: Initialize: 1280x720
05-26 00:47:27.331  1392  1392 E EmulatedCamera_QemuCamera: Initialize: 1280x960
05-26 00:47:27.331  1392  1392 V EmulatedCamera_QemuCamera: Initialize: Qemu camera virtualscene is initialized. Current frame is 640x480
05-26 00:47:27.331  1392  1392 D EmulatedCamera_FakeCamera: Initialize: Fake camera is facing front
05-26 00:47:27.331  1392  1392 V EmulatedCamera_Device: initializeWhiteBalanceModes with auto, 1.000000, 1.000000
05-26 00:47:27.331  1392  1392 V EmulatedCamera_Device: initializeWhiteBalanceModes with incandescent, 1.380000, 0.600000
05-26 00:47:27.331  1392  1392 V EmulatedCamera_Device: initializeWhiteBalanceModes with daylight, 1.090000, 0.920000
05-26 00:47:27.331  1392  1392 V EmulatedCamera_Device: initializeWhiteBalanceModes with twilight, 0.920000, 1.220000
05-26 00:47:27.331  1392  1392 V EmulatedCamera_Device: setWhiteBalanceMode with white balance auto
05-26 00:47:27.331  1392  1392 E EmulatedCamera_Factory: 2 cameras are being emulated. 0 of them are fake cameras.
05-26 00:47:27.331  1392  1392 E EmulatedCamera_HotplugThread: createFileIfNotExists: Could not create file '/data/misc/media/emulator.camera.hotplug.0', error: 'Permission denied' (13)
05-26 00:47:27.331  1392  1392 E EmulatedCamera_HotplugThread: createFileIfNotExists: Could not create file '/data/misc/media/emulator.camera.hotplug.1', error: 'Permission denied' (13)
05-26 00:47:27.332  1392  1392 I CameraService: Loaded "Emulated Camera Module" camera module
05-26 00:47:27.332  1392  1392 E CameraService: setUpVendorTags: Vendor tag operations not fully defined. Ignoring definitions.
05-26 00:47:27.332  1392  1392 V EmulatedCamera_Camera: getCameraInfo
05-26 00:47:27.332  1392  1392 V EmulatedCamera_BaseCamera: getCameraInfo
05-26 00:47:27.332  1392  1392 I CameraFlashlight: Opening camera 0
05-26 00:47:27.332  1392  1392 V EmulatedCamera_Camera: getCameraInfo
05-26 00:47:27.332  1392  1392 V EmulatedCamera_BaseCamera: getCameraInfo
05-26 00:47:27.332  1392  1392 V EmulatedCamera_Camera: connectCamera
05-26 00:47:27.332  1392  1392 V EmulatedCamera_QemuDevice: connectDevice
05-26 00:47:27.332  1392  1392 V EmulatedCamera_QemuDevice: connectDevice: Connected to device 'virtualscene'
05-26 00:47:27.332  1392  1392 V EmulatedCamera_CallbackNotifier: setCallbacks: 0xaf061eb0, 0xaf061f00, 0xaf062020, 0xaf062140 (0xaec430a0)
05-26 00:47:27.333  1392  1392 V EmulatedCamera_Preview: setPreviewWindow: current: 0x0 -> new: 0xaec430b0
05-26 00:47:27.333  1392  1392 V EmulatedCamera_Preview: setPreviewWindow: current: 0xaec430b0 -> new: 0x0
05-26 00:47:27.333  1392  1392 V EmulatedCamera_Camera: doStopPreview
05-26 00:47:27.333  1392  1392 V EmulatedCamera_Preview: setPreviewWindow: current: 0x0 -> new: 0x0
05-26 00:47:27.333  1392  1392 V EmulatedCamera_Camera: releaseCamera
05-26 00:47:27.333  1392  1392 V EmulatedCamera_Camera: doStopPreview
05-26 00:47:27.333  1392  1392 V EmulatedCamera_QemuDevice: disconnectDevice
05-26 00:47:27.333  1392  1392 V EmulatedCamera_QemuDevice: disconnectDevice: Disonnected from device 'virtualscene'
05-26 00:47:27.333  1392  1392 V EmulatedCamera_Device: initializeWhiteBalanceModes with auto, 1.000000, 1.000000
05-26 00:47:27.333  1392  1392 V EmulatedCamera_Device: initializeWhiteBalanceModes with incandescent, 1.380000, 0.600000
05-26 00:47:27.333  1392  1392 V EmulatedCamera_Device: initializeWhiteBalanceModes with daylight, 1.090000, 0.920000
05-26 00:47:27.333  1392  1392 V EmulatedCamera_Device: initializeWhiteBalanceModes with twilight, 0.920000, 1.220000
05-26 00:47:27.333  1392  1392 V EmulatedCamera_Device: setWhiteBalanceMode with white balance auto
05-26 00:47:27.333  1392  1392 I CameraFlashlight: Destroying camera 0
05-26 00:47:27.333  1392  1392 V EmulatedCamera_Camera: closeCamera
05-26 00:47:27.333  1392  1392 V EmulatedCamera_Camera: doStopPreview
05-26 00:47:27.333  1392  1392 V EmulatedCamera_Device: initializeWhiteBalanceModes with auto, 1.000000, 1.000000
05-26 00:47:27.333  1392  1392 V EmulatedCamera_Device: initializeWhiteBalanceModes with incandescent, 1.380000, 0.600000
05-26 00:47:27.333  1392  1392 V EmulatedCamera_Device: initializeWhiteBalanceModes with daylight, 1.090000, 0.920000
05-26 00:47:27.333  1392  1392 V EmulatedCamera_Device: initializeWhiteBalanceModes with twilight, 0.920000, 1.220000
05-26 00:47:27.333  1392  1392 V EmulatedCamera_Device: setWhiteBalanceMode with white balance auto
05-26 00:47:27.333  1392  1392 V EmulatedCamera_Camera: getCameraInfo
05-26 00:47:27.333  1392  1392 V EmulatedCamera_BaseCamera: getCameraInfo
05-26 00:47:27.333  1392  1392 I CameraFlashlight: Opening camera 1
05-26 00:47:27.333  1392  1392 V EmulatedCamera_Camera: getCameraInfo
05-26 00:47:27.333  1392  1392 V EmulatedCamera_BaseCamera: getCameraInfo
05-26 00:47:27.333  1392  1392 V EmulatedCamera_Camera: connectCamera
05-26 00:47:27.333  1392  1392 V EmulatedCamera_FakeDevice: connectDevice
05-26 00:47:27.333  1392  1392 V EmulatedCamera_CallbackNotifier: setCallbacks: 0xaf061eb0, 0xaf061f00, 0xaf062020, 0xaf062140 (0xaec430a0)
05-26 00:47:27.333  1392  1392 V EmulatedCamera_Preview: setPreviewWindow: current: 0x0 -> new: 0xaec430b0
05-26 00:47:27.333  1392  1392 V EmulatedCamera_Preview: setPreviewWindow: current: 0xaec430b0 -> new: 0x0
05-26 00:47:27.333  1392  1392 V EmulatedCamera_Camera: doStopPreview
05-26 00:47:27.333  1392  1392 V EmulatedCamera_Preview: setPreviewWindow: current: 0x0 -> new: 0x0
05-26 00:47:27.333  1392  1392 V EmulatedCamera_Camera: releaseCamera
05-26 00:47:27.333  1392  1392 V EmulatedCamera_Camera: doStopPreview
05-26 00:47:27.333  1392  1392 V EmulatedCamera_FakeDevice: disconnectDevice
05-26 00:47:27.333  1392  1392 W EmulatedCamera_Device: Initialize: Emulated camera device is already initialized: mState = 1
05-26 00:47:27.333  1392  1392 D EmulatedCamera_FakeCamera: Initialize: Fake camera is facing front
05-26 00:47:27.334  1392  1392 V EmulatedCamera_Device: initializeWhiteBalanceModes with auto, 1.000000, 1.000000
05-26 00:47:27.334  1392  1392 V EmulatedCamera_Device: initializeWhiteBalanceModes with incandescent, 1.380000, 0.600000
05-26 00:47:27.334  1392  1392 V EmulatedCamera_Device: initializeWhiteBalanceModes with daylight, 1.090000, 0.920000
05-26 00:47:27.334  1392  1392 V EmulatedCamera_Device: initializeWhiteBalanceModes with twilight, 0.920000, 1.220000
05-26 00:47:27.334  1392  1392 V EmulatedCamera_Device: setWhiteBalanceMode with white balance auto
05-26 00:47:27.334  1392  1392 I CameraFlashlight: Destroying camera 1
05-26 00:47:27.334  1392  1392 V EmulatedCamera_Camera: closeCamera
05-26 00:47:27.334  1392  1392 V EmulatedCamera_Camera: doStopPreview
05-26 00:47:27.334  1392  1392 W EmulatedCamera_Device: Initialize: Emulated camera device is already initialized: mState = 1
05-26 00:47:27.334  1392  1392 D EmulatedCamera_FakeCamera: Initialize: Fake camera is facing front
05-26 00:47:27.334  1392  1392 V EmulatedCamera_Device: initializeWhiteBalanceModes with auto, 1.000000, 1.000000
05-26 00:47:27.334  1392  1392 V EmulatedCamera_Device: initializeWhiteBalanceModes with incandescent, 1.380000, 0.600000
05-26 00:47:27.334  1392  1392 V EmulatedCamera_Device: initializeWhiteBalanceModes with daylight, 1.090000, 0.920000
05-26 00:47:27.334  1392  1392 V EmulatedCamera_Device: initializeWhiteBalanceModes with twilight, 0.920000, 1.220000
05-26 00:47:27.334  1392  1392 V EmulatedCamera_Device: setWhiteBalanceMode with white balance auto
05-26 00:47:27.334  1392  1392 V EmulatedCamera_Camera: getCameraInfo
05-26 00:47:27.334  1392  1392 V EmulatedCamera_BaseCamera: getCameraInfo
05-26 00:47:27.334  1392  1392 V EmulatedCamera_Camera: getCameraInfo
05-26 00:47:27.334  1392  1392 V EmulatedCamera_BaseCamera: getCameraInfo
05-26 00:47:27.334  1392  1392 I ServiceManager: Waiting for service media.camera.proxy...
05-26 00:47:27.348  1391  1391 I         : sMaxFastTracks = 8
05-26 00:47:27.349  1391  1391 I audioserver: ServiceManager: 0xb2c9af80
05-26 00:47:27.349  1391  1391 W BatteryNotifier: batterystats service unavailable!
05-26 00:47:27.349  1391  1391 I AudioFlinger: Using default 3000 mSec as standby time.
05-26 00:47:27.349  1391  1391 I AudioPolicyService: AudioPolicyService CSTOR in new mode
05-26 00:47:27.350  1391  1391 I APM::ConfigParsingUtils: loadAudioPolicyConfig() loaded /system/etc/audio_policy.conf
05-26 00:47:27.351  1391  1391 D audio_hw_generic: Emulator host-side ALSA audio emulation detected.
05-26 00:47:27.351  1391  1391 D audio_hw_generic: mixer 0 name Master Playback Volume
05-26 00:47:27.351  1391  1391 D audio_hw_generic: set ctl 0 to 100
05-26 00:47:27.351  1391  1391 D audio_hw_generic: set ctl 1 to 100
05-26 00:47:27.352  1391  1391 D audio_hw_generic: mixer 1 name Master Playback Switch
05-26 00:47:27.352  1391  1391 D audio_hw_generic: set ctl 0 to 1
05-26 00:47:27.352  1391  1391 D audio_hw_generic: set ctl 1 to 1
05-26 00:47:27.352  1391  1391 D audio_hw_generic: mixer 2 name Capture Volume
05-26 00:47:27.352  1391  1391 D audio_hw_generic: set ctl 0 to 100
05-26 00:47:27.352  1391  1391 D audio_hw_generic: set ctl 1 to 100
05-26 00:47:27.352  1391  1391 D audio_hw_generic: mixer 3 name Capture Switch
05-26 00:47:27.353  1391  1391 D audio_hw_generic: set ctl 0 to 1
05-26 00:47:27.353  1391  1391 D audio_hw_generic: set ctl 1 to 1
05-26 00:47:27.353  1391  1391 D audio_hw_generic: mixer 4 name Line Phantom Jack
05-26 00:47:27.353  1391  1391 D audio_hw_generic: mixer 5 name Line Out Phantom Jack
05-26 00:47:27.353  1391  1391 D audio_hw_generic: mixer 6 name Playback Channel Map
05-26 00:47:27.353  1391  1391 D audio_hw_generic: mixer 7 name Capture Channel Map
05-26 00:47:27.353  1391  1391 I AudioFlinger: loadHwModule() Loaded primary audio interface from Generic audio HW HAL (audio) handle 10
05-26 00:47:27.354  1391  1391 I AudioFlinger: openOutput(), module 10 Device 2, SamplingRate 48000, Format 0x000001, Channels 3, flags 2
05-26 00:47:27.356  1391  1391 I AudioFlinger: HAL output buffer size 720 frames, normal sink buffer size 1152 frames
05-26 00:47:27.362  1358  1371 D EGL_emulation: eglMakeCurrent: 0xa8b28a80: ver 1 0 (tinfo 0xa8b54ab0)
05-26 00:47:27.363  1391  1391 I BufferProvider: found effect "Multichannel Downmix To Stereo" from The Android Open Source Project
05-26 00:47:27.364  1391  1412 I AudioFlinger: AudioFlinger's thread 0xb2703cc0 ready to run
05-26 00:47:27.364  1391  1391 I AudioFlinger: Using module 10 has the primary audio interface
05-26 00:47:27.364  1391  1412 W BatteryNotifier: batterystats service unavailable!
05-26 00:47:27.364  1391  1412 W BatteryNotifier: batterystats service unavailable!
05-26 00:47:27.365  1391  1412 W BatteryNotifier: batterystats service unavailable!
05-26 00:47:27.365  1391  1412 W AudioFlinger: no wake lock to update, system not ready yet
05-26 00:47:27.367  1391  1414 I AudioFlinger: AudioFlinger's thread 0xb2203740 ready to run
05-26 00:47:27.368  1391  1391 I r_submix: adev_open(name=audio_hw_if)
05-26 00:47:27.368  1391  1391 I r_submix: adev_init_check()
05-26 00:47:27.368  1391  1391 I AudioFlinger: loadHwModule() Loaded r_submix audio interface from Wifi Display audio HAL (audio) handle 18
05-26 00:47:27.368  1391  1391 D r_submix: adev_open_input_stream(addr=0)
05-26 00:47:27.368  1391  1391 D r_submix: submix_audio_device_create_pipe_l(addr=0, idx=9)
05-26 00:47:27.368  1391  1391 D r_submix:   now using address 0 for route 9
05-26 00:47:27.368  1391  1415 I AudioFlinger: AudioFlinger's thread 0xb2303480 ready to run
05-26 00:47:27.368  1391  1391 D r_submix: adev_close_input_stream()
05-26 00:47:27.368  1391  1391 D r_submix: submix_audio_device_release_pipe_l(idx=9) addr=0
05-26 00:47:27.368  1391  1391 D r_submix: submix_audio_device_destroy_pipe_l(): pipe destroyed
05-26 00:47:27.369  1391  1391 I RadioService: RadioService
05-26 00:47:27.369  1391  1391 I RadioService: onFirstRef
05-26 00:47:27.369  1391  1391 E RadioService: couldn't load radio module radio.primary (No such file or directory)
05-26 00:47:27.369  1391  1391 E SoundTriggerHwService: couldn't load sound trigger module sound_trigger.primary (No such file or directory)
05-26 00:47:27.400  1398  1398 V MediaUtils: physMem: 1587765248
05-26 00:47:27.400  1398  1398 V MediaUtils: requested limit: 317553040
05-26 00:47:27.400  1398  1398 V MediaUtils: actual limit: 317553040
05-26 00:47:27.400  1398  1398 V MediaUtils: original limits: 4294967295/4294967295
05-26 00:47:27.400  1398  1398 V MediaUtils: new limits: 317553040/4294967295
05-26 00:47:27.400  1398  1398 W /system/bin/mediaextractor: libminijail: allowing syscall: socketcall
05-26 00:47:27.400  1398  1398 W /system/bin/mediaextractor: libminijail: allowing syscall: writev
05-26 00:47:27.400  1398  1398 W /system/bin/mediaextractor: libminijail: allowing syscall: fcntl64
05-26 00:47:27.400  1398  1398 W /system/bin/mediaextractor: libminijail: allowing syscall: clock_gettime
05-26 00:47:27.401  1398  1398 W /system/bin/mediaextractor: libminijail: logging seccomp filter failures
05-26 00:47:27.408  1397  1397 I mediaserver: ServiceManager: 0xa91bc000
05-26 00:47:27.409  1399  1399 I mediaserver: ServiceManager: 0xafc3c000
05-26 00:47:27.409  1399  1399 W BatteryNotifier: batterystats service unavailable!
05-26 00:47:27.444  1394  1394 I chatty  : uid=0(root) /system/bin/installd expire 1 line
05-26 00:47:27.449  1395  1395 I keystore: Found keymaster0 module Keymaster OpenSSL HAL, version 2
05-26 00:47:27.450  1395  1395 I SoftKeymaster: system/keymaster/soft_keymaster_device.cpp, Line 131: Creating device
05-26 00:47:27.450  1395  1395 D SoftKeymaster: system/keymaster/soft_keymaster_device.cpp, Line 132: Device address: 0xa95b0000
05-26 00:47:27.450  1395  1395 I keystore: Keymaster0 module is software-only.  Using SoftKeymasterDevice instead.
05-26 00:47:27.450  1395  1395 I SoftKeymaster: system/keymaster/soft_keymaster_device.cpp, Line 131: Creating device
05-26 00:47:27.450  1395  1395 D SoftKeymaster: system/keymaster/soft_keymaster_device.cpp, Line 132: Device address: 0xa95b0200
05-26 00:47:27.467  1403  1403 I fingerprintd: Starting fingerprintd
05-26 00:47:27.474  1404  1404 I gatekeeperd: Starting gatekeeperd...
05-26 00:47:27.474  1404  1404 W gatekeeperd: falling back to software GateKeeper
05-26 00:47:27.482  1400  1400 I chatty  : uid=0(root) Binder:1400_2 expire 2 lines
05-26 00:47:27.532  1342  1349 D         : HostConnection::get() New Host Connection established 0xac39c080, tid 1349
05-26 00:47:27.545  1342  1350 D         : HostConnection::get() New Host Connection established 0xac61bb80, tid 1350
05-26 00:47:27.656  1390  1390 I chatty  : uid=0(root) main expire 45 lines
05-26 00:47:27.827  1400  1400 I chatty  : uid=0(root) Binder:1400_2 expire 6 lines
05-26 00:47:27.830  1400  1400 I ip6tables: 
05-26 00:47:27.830  1400  1400 I ip6tables: Try `ip6tables -h' or 'ip6tables --help' for more information.
05-26 00:47:27.830  1400  1400 I ip6tables: ip6tables terminated by exit(2)
05-26 00:47:27.830  1400  1400 E Netd    : exec() res=0, status=512 for /system/bin/ip6tables -w -t filter -D fw_INPUT -j fw_dozable 
05-26 00:47:27.836  1400  1400 I iptables: iptables v1.4.20: Couldn't find target `fw_standby'
05-26 00:47:27.836  1400  1400 I iptables: 
05-26 00:47:27.836  1400  1400 I iptables: Try `iptables -h' or 'iptables --help' for more information.
05-26 00:47:27.836  1400  1400 I iptables: iptables terminated by exit(2)
05-26 00:47:27.836  1400  1400 E Netd    : exec() res=0, status=512 for /system/bin/iptables -w -t filter -D fw_INPUT -j fw_standby 
05-26 00:47:27.838  1400  1400 I ip6tables: ip6tables v1.4.20: Couldn't find target `fw_standby'
05-26 00:47:27.838  1400  1400 I ip6tables: 
05-26 00:47:27.838  1400  1400 I ip6tables: Try `ip6tables -h' or 'ip6tables --help' for more information.
05-26 00:47:27.838  1400  1400 I ip6tables: ip6tables terminated by exit(2)
05-26 00:47:27.838  1400  1400 E Netd    : exec() res=0, status=512 for /system/bin/ip6tables -w -t filter -D fw_INPUT -j fw_standby 
05-26 00:47:27.844  1400  1400 I iptables: iptables v1.4.20: Couldn't find target `fw_powersave'
05-26 00:47:27.844  1400  1400 I iptables: 
05-26 00:47:27.844  1400  1400 I iptables: Try `iptables -h' or 'iptables --help' for more information.
05-26 00:47:27.844  1400  1400 I iptables: iptables terminated by exit(2)
05-26 00:47:27.844  1400  1400 E Netd    : exec() res=0, status=512 for /system/bin/iptables -w -t filter -D fw_INPUT -j fw_powersave 
05-26 00:47:27.845  1400  1400 I ip6tables: ip6tables v1.4.20: Couldn't find target `fw_powersave'
05-26 00:47:27.846  1400  1400 I ip6tables: 
05-26 00:47:27.846  1400  1400 I ip6tables: Try `ip6tables -h' or 'ip6tables --help' for more information.
05-26 00:47:27.846  1400  1400 I ip6tables: ip6tables terminated by exit(2)
05-26 00:47:27.846  1400  1400 E Netd    : exec() res=0, status=512 for /system/bin/ip6tables -w -t filter -D fw_INPUT -j fw_powersave 
05-26 00:47:27.847  1390  1390 E memtrack: Couldn't load memtrack module (No such file or directory)
05-26 00:47:27.847  1390  1390 E android.os.Debug: failed to load memtrack module: -2
05-26 00:47:27.848  1390  1390 I Radio-JNI: register_android_hardware_Radio DONE
05-26 00:47:27.852  1400  1400 V NatController: runCmd(/system/bin/iptables -w -F natctrl_FORWARD) res=0
05-26 00:47:27.853  1390  1390 I SamplingProfilerIntegration: Profiling disabled.
05-26 00:47:27.853  1390  1390 D Zygote  : begin preload
05-26 00:47:27.853  1390  1390 I Zygote  : Installing ICU cache reference pinning...
05-26 00:47:27.853  1390  1390 I Zygote  : Preloading ICU data...
05-26 00:47:27.854  1400  1400 V NatController: runCmd(/system/bin/iptables -w -A natctrl_FORWARD -j DROP) res=0
05-26 00:47:27.856  1400  1400 V NatController: runCmd(/system/bin/iptables -w -t nat -F natctrl_nat_POSTROUTING) res=0
05-26 00:47:27.858  1400  1400 V NatController: runCmd(/system/bin/iptables -w -F natctrl_tether_counters) res=1
05-26 00:47:27.860  1400  1400 V NatController: runCmd(/system/bin/iptables -w -X natctrl_tether_counters) res=1
05-26 00:47:27.862  1400  1400 V NatController: runCmd(/system/bin/iptables -w -N natctrl_tether_counters) res=0
05-26 00:47:27.865  1400  1400 V NatController: runCmd(/system/bin/iptables -w -t mangle -A natctrl_mangle_FORWARD -p tcp --tcp-flags SYN SYN -j TCPMSS --clamp-mss-to-pmtu) res=0
05-26 00:47:27.872  1390  1390 I Zygote  : Preloading classes...
05-26 00:47:27.935  1390  1390 E Typeface: Error mapping font file /system/fonts/DroidSansFallback.ttf
05-26 00:47:27.946  1400  1400 E Netd    : cannot find interface dummy0
05-26 00:47:27.947  1400  1400 D MDnsDS  : MDnsSdListener::Hander starting up
05-26 00:47:27.949  1400  1622 D MDnsDS  : MDnsSdListener starting to monitor
05-26 00:47:27.949  1400  1622 D MDnsDS  : Going to poll with pollCount 1
05-26 00:47:28.011  1390  1390 I art     : Thread[1,tid=1390,Native,Thread*=0xaa48b400,peer=0x12c060d0,"main"] recursive attempt to load library "/system/lib/libmedia_jni.so"
05-26 00:47:28.011  1390  1390 D MtpDeviceJNI: register_android_mtp_MtpDevice
05-26 00:47:28.011  1390  1390 I art     : Thread[1,tid=1390,Native,Thread*=0xaa48b400,peer=0x12c060d0,"main"] recursive attempt to load library "/system/lib/libmedia_jni.so"
05-26 00:47:28.011  1390  1390 I art     : Thread[1,tid=1390,Native,Thread*=0xaa48b400,peer=0x12c060d0,"main"] recursive attempt to load library "/system/lib/libmedia_jni.so"
05-26 00:47:28.060  1390  1390 I System  : Loaded time zone names for "" in 14ms (14ms in ICU)
05-26 00:47:28.076  1390  1390 I System  : Loaded time zone names for "en_US" in 15ms (14ms in ICU)
05-26 00:47:28.082  1390  1390 I Zygote  : ...preloaded 4161 classes in 210ms.
05-26 00:47:28.082  1390  1390 I art     : VMRuntime.preloadDexCaches starting
05-26 00:47:28.100  1390  1390 I art     : VMRuntime.preloadDexCaches strings total=282311 before=39273 after=39273
05-26 00:47:28.100  1390  1390 I art     : VMRuntime.preloadDexCaches types total=23484 before=7830 after=7857
05-26 00:47:28.100  1390  1390 I art     : VMRuntime.preloadDexCaches fields total=111410 before=40627 after=40841
05-26 00:47:28.100  1390  1390 I art     : VMRuntime.preloadDexCaches methods total=196737 before=82128 after=82688
05-26 00:47:28.100  1390  1390 I art     : VMRuntime.preloadDexCaches finished
05-26 00:47:28.115  1390  1390 I Zygote  : Preloading resources...
05-26 00:47:28.124  1390  1390 W Resources: Preloaded drawable resource #0x1080298 (android:drawable/editbox_dropdown_background_dark) that varies with configuration!!
05-26 00:47:28.145  1390  1390 W Resources: Preloaded drawable resource #0x108030b (android:drawable/ic_clear_disabled) that varies with configuration!!
05-26 00:47:28.145  1390  1390 W Resources: Preloaded drawable resource #0x1080310 (android:drawable/ic_clear_normal) that varies with configuration!!
05-26 00:47:28.146  1390  1390 W Resources: Preloaded drawable resource #0x1080345 (android:drawable/ic_go) that varies with configuration!!
05-26 00:47:28.148  1390  1390 W Resources: Preloaded drawable resource #0x1080038 (android:drawable/ic_menu_close_clear_cancel) that varies with configuration!!
05-26 00:47:28.149  1390  1390 W Resources: Preloaded drawable resource #0x1080045 (android:drawable/ic_menu_more) that varies with configuration!!
05-26 00:47:28.152  1390  1390 W Resources: Preloaded drawable resource #0x10804d3 (android:drawable/menu_background_fill_parent_width) that varies with configuration!!
05-26 00:47:28.162  1390  1390 W Resources: Preloaded drawable resource #0x1080766 (android:drawable/text_edit_paste_window) that varies with configuration!!
05-26 00:47:28.163  1390  1390 W Resources: Preloaded drawable resource #0x1080096 (android:drawable/toast_frame) that varies with configuration!!
05-26 00:47:28.163  1390  1390 I Zygote  : ...preloaded 114 resources in 48ms.
05-26 00:47:28.164  1390  1390 I Zygote  : ...preloaded 41 resources in 1ms.
05-26 00:47:28.164  1390  1390 D libEGL  : Emulator has host GPU support, qemu.gles is set to 1.
05-26 00:47:28.165  1390  1390 E libEGL  : load_driver(/system/lib/egl/libGLES_emulation.so): dlopen failed: library "/system/lib/egl/libGLES_emulation.so" not found
05-26 00:47:28.165  1390  1390 D libEGL  : loaded /system/lib/egl/libEGL_emulation.so
05-26 00:47:28.165  1390  1390 D libEGL  : loaded /system/lib/egl/libGLESv1_CM_emulation.so
05-26 00:47:28.168  1390  1390 D libEGL  : loaded /system/lib/egl/libGLESv2_emulation.so
05-26 00:47:28.170  1390  1390 I Zygote  : Preloading shared libraries...
05-26 00:47:28.173  1390  1390 E Hyphenator: error loading hyphenation /system/usr/hyphen-data/hyph-as.hyb
05-26 00:47:28.173  1390  1390 E Hyphenator: java.io.FileNotFoundException: /system/usr/hyphen-data/hyph-as.hyb: open failed: ENOENT (No such file or directory)
05-26 00:47:28.173  1390  1390 E Hyphenator: 	at libcore.io.IoBridge.open(IoBridge.java:455)
05-26 00:47:28.173  1390  1390 E Hyphenator: 	at java.io.RandomAccessFile.<init>(RandomAccessFile.java:247)
05-26 00:47:28.173  1390  1390 E Hyphenator: 	at android.text.Hyphenator.loadHyphenator(Hyphenator.java:118)
05-26 00:47:28.173  1390  1390 E Hyphenator: 	at android.text.Hyphenator.init(Hyphenator.java:224)
05-26 00:47:28.173  1390  1390 E Hyphenator: 	at com.android.internal.os.ZygoteInit.preloadTextResources(ZygoteInit.java:252)
05-26 00:47:28.173  1390  1390 E Hyphenator: 	at com.android.internal.os.ZygoteInit.preload(ZygoteInit.java:206)
05-26 00:47:28.173  1390  1390 E Hyphenator: 	at com.android.internal.os.ZygoteInit.main(ZygoteInit.java:723)
05-26 00:47:28.173  1390  1390 E Hyphenator: Caused by: android.system.ErrnoException: open failed: ENOENT (No such file or directory)
05-26 00:47:28.173  1390  1390 E Hyphenator: 	at libcore.io.Posix.open(Native Method)
05-26 00:47:28.173  1390  1390 E Hyphenator: 	at libcore.io.BlockGuardOs.open(BlockGuardOs.java:187)
05-26 00:47:28.173  1390  1390 E Hyphenator: 	at libcore.io.IoBridge.open(IoBridge.java:441)
05-26 00:47:28.173  1390  1390 E Hyphenator: 	... 6 more
05-26 00:47:28.173  1390  1390 E Hyphenator: error loading hyphenation /system/usr/hyphen-data/hyph-bn.hyb
05-26 00:47:28.173  1390  1390 E Hyphenator: java.io.FileNotFoundException: /system/usr/hyphen-data/hyph-bn.hyb: open failed: ENOENT (No such file or directory)
05-26 00:47:28.173  1390  1390 E Hyphenator: 	at libcore.io.IoBridge.open(IoBridge.java:455)
05-26 00:47:28.173  1390  1390 E Hyphenator: 	at java.io.RandomAccessFile.<init>(RandomAccessFile.java:247)
05-26 00:47:28.173  1390  1390 E Hyphenator: 	at android.text.Hyphenator.loadHyphenator(Hyphenator.java:118)
05-26 00:47:28.173  1390  1390 E Hyphenator: 	at android.text.Hyphenator.init(Hyphenator.java:224)
05-26 00:47:28.173  1390  1390 E Hyphenator: 	at com.android.internal.os.ZygoteInit.preloadTextResources(ZygoteInit.java:252)
05-26 00:47:28.173  1390  1390 E Hyphenator: 	at com.android.internal.os.ZygoteInit.preload(ZygoteInit.java:206)
05-26 00:47:28.173  1390  1390 E Hyphenator: 	at com.android.internal.os.ZygoteInit.main(ZygoteInit.java:723)
05-26 00:47:28.173  1390  1390 E Hyphenator: Caused by: android.system.ErrnoException: open failed: ENOENT (No such file or directory)
05-26 00:47:28.173  1390  1390 E Hyphenator: 	at libcore.io.Posix.open(Native Method)
05-26 00:47:28.173  1390  1390 E Hyphenator: 	at libcore.io.BlockGuardOs.open(BlockGuardOs.java:187)
05-26 00:47:28.173  1390  1390 E Hyphenator: 	at libcore.io.IoBridge.open(IoBridge.java:441)
05-26 00:47:28.173  1390  1390 E Hyphenator: 	... 6 more
05-26 00:47:28.173  1390  1390 E Hyphenator: error loading hyphenation /system/usr/hyphen-data/hyph-cy.hyb
05-26 00:47:28.173  1390  1390 E Hyphenator: java.io.FileNotFoundException: /system/usr/hyphen-data/hyph-cy.hyb: open failed: ENOENT (No such file or directory)
05-26 00:47:28.173  1390  1390 E Hyphenator: 	at libcore.io.IoBridge.open(IoBridge.java:455)
05-26 00:47:28.173  1390  1390 E Hyphenator: 	at java.io.RandomAccessFile.<init>(RandomAccessFile.java:247)
05-26 00:47:28.173  1390  1390 E Hyphenator: 	at android.text.Hyphenator.loadHyphenator(Hyphenator.java:118)
05-26 00:47:28.173  1390  1390 E Hyphenator: 	at android.text.Hyphenator.init(Hyphenator.java:224)
05-26 00:47:28.173  1390  1390 E Hyphenator: 	at com.android.internal.os.ZygoteInit.preloadTextResources(ZygoteInit.java:252)
05-26 00:47:28.173  1390  1390 E Hyphenator: 	at com.android.internal.os.ZygoteInit.preload(ZygoteInit.java:206)
05-26 00:47:28.173  1390  1390 E Hyphenator: 	at com.android.internal.os.ZygoteInit.main(ZygoteInit.java:723)
05-26 00:47:28.173  1390  1390 E Hyphenator: Caused by: android.system.ErrnoException: open failed: ENOENT (No such file or directory)
05-26 00:47:28.173  1390  1390 E Hyphenator: 	at libcore.io.Posix.open(Native Method)
05-26 00:47:28.173  1390  1390 E Hyphenator: 	at libcore.io.BlockGuardOs.open(BlockGuardOs.java:187)
05-26 00:47:28.173  1390  1390 E Hyphenator: 	at libcore.io.IoBridge.open(IoBridge.java:441)
05-26 00:47:28.173  1390  1390 E Hyphenator: 	... 6 more
05-26 00:47:28.173  1390  1390 E Hyphenator: error loading hyphenation /system/usr/hyphen-data/hyph-da.hyb
05-26 00:47:28.173  1390  1390 E Hyphenator: java.io.FileNotFoundException: /system/usr/hyphen-data/hyph-da.hyb: open failed: ENOENT (No such file or directory)
05-26 00:47:28.173  1390  1390 E Hyphenator: 	at libcore.io.IoBridge.open(IoBridge.java:455)
05-26 00:47:28.173  1390  1390 E Hyphenator: 	at java.io.RandomAccessFile.<init>(RandomAccessFile.java:247)
05-26 00:47:28.173  1390  1390 E Hyphenator: 	at android.text.Hyphenator.loadHyphenator(Hyphenator.java:118)
05-26 00:47:28.173  1390  1390 E Hyphenator: 	at android.text.Hyphenator.init(Hyphenator.java:224)
05-26 00:47:28.173  1390  1390 E Hyphenator: 	at com.android.internal.os.ZygoteInit.preloadTextResources(ZygoteInit.java:252)
05-26 00:47:28.173  1390  1390 E Hyphenator: 	at com.android.internal.os.ZygoteInit.preload(ZygoteInit.java:206)
05-26 00:47:28.173  1390  1390 E Hyphenator: 	at com.android.internal.os.ZygoteInit.main(ZygoteInit.java:723)
05-26 00:47:28.173  1390  1390 E Hyphenator: Caused by: android.system.ErrnoException: open failed: ENOENT (No such file or directory)
05-26 00:47:28.173  1390  1390 E Hyphenator: 	at libcore.io.Posix.open(Native Method)
05-26 00:47:28.173  1390  1390 E Hyphenator: 	at libcore.io.BlockGuardOs.open(BlockGuardOs.java:187)
05-26 00:47:28.173  1390  1390 E Hyphenator: 	at libcore.io.IoBridge.open(IoBridge.java:441)
05-26 00:47:28.173  1390  1390 E Hyphenator: 	... 6 more
05-26 00:47:28.173  1390  1390 E Hyphenator: error loading hyphenation /system/usr/hyphen-data/hyph-de-1901.hyb
05-26 00:47:28.173  1390  1390 E Hyphenator: java.io.FileNotFoundException: /system/usr/hyphen-data/hyph-de-1901.hyb: open failed: ENOENT (No such file or directory)
05-26 00:47:28.173  1390  1390 E Hyphenator: 	at libcore.io.IoBridge.open(IoBridge.java:455)
05-26 00:47:28.173  1390  1390 E Hyphenator: 	at java.io.RandomAccessFile.<init>(RandomAccessFile.java:247)
05-26 00:47:28.173  1390  1390 E Hyphenator: 	at android.text.Hyphenator.loadHyphenator(Hyphenator.java:118)
05-26 00:47:28.173  1390  1390 E Hyphenator: 	at android.text.Hyphenator.init(Hyphenator.java:224)
05-26 00:47:28.173  1390  1390 E Hyphenator: 	at com.android.internal.os.ZygoteInit.preloadTextResources(ZygoteInit.java:252)
05-26 00:47:28.173  1390  1390 E Hyphenator: 	at com.android.internal.os.ZygoteInit.preload(ZygoteInit.java:206)
05-26 00:47:28.173  1390  1390 E Hyphenator: 	at com.android.internal.os.ZygoteInit.main(ZygoteInit.java:723)
05-26 00:47:28.173  1390  1390 E Hyphenator: Caused by: android.system.ErrnoException: open failed: ENOENT (No such file or directory)
05-26 00:47:28.173  1390  1390 E Hyphenator: 	at libcore.io.Posix.open(Native Method)
05-26 00:47:28.173  1390  1390 E Hyphenator: 	at libcore.io.BlockGuardOs.open(BlockGuardOs.java:187)
05-26 00:47:28.173  1390  1390 E Hyphenator: 	at libcore.io.IoBridge.open(IoBridge.java:441)
05-26 00:47:28.173  1390  1390 E Hyphenator: 	... 6 more
05-26 00:47:28.173  1390  1390 E Hyphenator: error loading hyphenation /system/usr/hyphen-data/hyph-de-1996.hyb
05-26 00:47:28.173  1390  1390 E Hyphenator: java.io.FileNotFoundException: /system/usr/hyphen-data/hyph-de-1996.hyb: open failed: ENOENT (No such file or directory)
05-26 00:47:28.173  1390  1390 E Hyphenator: 	at libcore.io.IoBridge.open(IoBridge.java:455)
05-26 00:47:28.173  1390  1390 E Hyphenator: 	at java.io.RandomAccessFile.<init>(RandomAccessFile.java:247)
05-26 00:47:28.173  1390  1390 E Hyphenator: 	at android.text.Hyphenator.loadHyphenator(Hyphenator.java:118)
05-26 00:47:28.173  1390  1390 E Hyphenator: 	at android.text.Hyphenator.init(Hyphenator.java:224)
05-26 00:47:28.173  1390  1390 E Hyphenator: 	at com.android.internal.os.ZygoteInit.preloadTextResources(ZygoteInit.java:252)
05-26 00:47:28.173  1390  1390 E Hyphenator: 	at com.android.internal.os.ZygoteInit.preload(ZygoteInit.java:206)
05-26 00:47:28.173  1390  1390 E Hyphenator: 	at com.android.internal.os.ZygoteInit.main(ZygoteInit.java:723)
05-26 00:47:28.173  1390  1390 E Hyphenator: Caused by: android.system.ErrnoException: open failed: ENOENT (No such file or directory)
05-26 00:47:28.173  1390  1390 E Hyphenator: 	at libcore.io.Posix.open(Native Method)
05-26 00:47:28.173  1390  1390 E Hyphenator: 	at libcore.io.BlockGuardOs.open(BlockGuardOs.java:187)
05-26 00:47:28.173  1390  1390 E Hyphenator: 	at libcore.io.IoBridge.open(IoBridge.java:441)
05-26 00:47:28.173  1390  1390 E Hyphenator: 	... 6 more
05-26 00:47:28.173  1390  1390 E Hyphenator: error loading hyphenation /system/usr/hyphen-data/hyph-de-ch-1901.hyb
05-26 00:47:28.173  1390  1390 E Hyphenator: java.io.FileNotFoundException: /system/usr/hyphen-data/hyph-de-ch-1901.hyb: open failed: ENOENT (No such file or directory)
05-26 00:47:28.173  1390  1390 E Hyphenator: 	at libcore.io.IoBridge.open(IoBridge.java:455)
05-26 00:47:28.173  1390  1390 E Hyphenator: 	at java.io.RandomAccessFile.<init>(RandomAccessFile.java:247)
05-26 00:47:28.173  1390  1390 E Hyphenator: 	at android.text.Hyphenator.loadHyphenator(Hyphenator.java:118)
05-26 00:47:28.173  1390  1390 E Hyphenator: 	at android.text.Hyphenator.init(Hyphenator.java:224)
05-26 00:47:28.173  1390  1390 E Hyphenator: 	at com.android.internal.os.ZygoteInit.preloadTextResources(ZygoteInit.java:252)
05-26 00:47:28.173  1390  1390 E Hyphenator: 	at com.android.internal.os.ZygoteInit.preload(ZygoteInit.java:206)
05-26 00:47:28.173  1390  1390 E Hyphenator: 	at com.android.internal.os.ZygoteInit.main(ZygoteInit.java:723)
05-26 00:47:28.173  1390  1390 E Hyphenator: Caused by: android.system.ErrnoException: open failed: ENOENT (No such file or directory)
05-26 00:47:28.173  1390  1390 E Hyphenator: 	at libcore.io.Posix.open(Native Method)
05-26 00:47:28.173  1390  1390 E Hyphenator: 	at libcore.io.BlockGuardOs.open(BlockGuardOs.java:187)
05-26 00:47:28.173  1390  1390 E Hyphenator: 	at libcore.io.IoBridge.open(IoBridge.java:441)
05-26 00:47:28.173  1390  1390 E Hyphenator: 	... 6 more
05-26 00:47:28.173  1390  1390 E Hyphenator: error loading hyphenation /system/usr/hyphen-data/hyph-en-gb.hyb
05-26 00:47:28.173  1390  1390 E Hyphenator: java.io.FileNotFoundException: /system/usr/hyphen-data/hyph-en-gb.hyb: open failed: ENOENT (No such file or directory)
05-26 00:47:28.173  1390  1390 E Hyphenator: 	at libcore.io.IoBridge.open(IoBridge.java:455)
05-26 00:47:28.173  1390  1390 E Hyphenator: 	at java.io.RandomAccessFile.<init>(RandomAccessFile.java:247)
05-26 00:47:28.173  1390  1390 E Hyphenator: 	at android.text.Hyphenator.loadHyphenator(Hyphenator.java:118)
05-26 00:47:28.173  1390  1390 E Hyphenator: 	at android.text.Hyphenator.init(Hyphenator.java:224)
05-26 00:47:28.173  1390  1390 E Hyphenator: 	at com.android.internal.os.ZygoteInit.preloadTextResources(ZygoteInit.java:252)
05-26 00:47:28.173  1390  1390 E Hyphenator: 	at com.android.internal.os.ZygoteInit.preload(ZygoteInit.java:206)
05-26 00:47:28.173  1390  1390 E Hyphenator: 	at com.android.internal.os.ZygoteInit.main(ZygoteInit.java:723)
05-26 00:47:28.173  1390  1390 E Hyphenator: Caused by: android.system.ErrnoException: open failed: ENOENT (No such file or directory)
05-26 00:47:28.173  1390  1390 E Hyphenator: 	at libcore.io.Posix.open(Native Method)
05-26 00:47:28.173  1390  1390 E Hyphenator: 	at libcore.io.BlockGuardOs.open(BlockGuardOs.java:187)
05-26 00:47:28.173  1390  1390 E Hyphenator: 	at libcore.io.IoBridge.open(IoBridge.java:441)
05-26 00:47:28.173  1390  1390 E Hyphenator: 	... 6 more
05-26 00:47:28.173  1390  1390 E Hyphenator: error loading hyphenation /system/usr/hyphen-data/hyph-en-us.hyb
05-26 00:47:28.173  1390  1390 E Hyphenator: java.io.FileNotFoundException: /system/usr/hyphen-data/hyph-en-us.hyb: open failed: ENOENT (No such file or directory)
05-26 00:47:28.173  1390  1390 E Hyphenator: 	at libcore.io.IoBridge.open(IoBridge.java:455)
05-26 00:47:28.173  1390  1390 E Hyphenator: 	at java.io.RandomAccessFile.<init>(RandomAccessFile.java:247)
05-26 00:47:28.173  1390  1390 E Hyphenator: 	at android.text.Hyphenator.loadHyphenator(Hyphenator.java:118)
05-26 00:47:28.173  1390  1390 E Hyphenator: 	at android.text.Hyphenator.init(Hyphenator.java:224)
05-26 00:47:28.173  1390  1390 E Hyphenator: 	at com.android.internal.os.ZygoteInit.preloadTextResources(ZygoteInit.java:252)
05-26 00:47:28.173  1390  1390 E Hyphenator: 	at com.android.internal.os.ZygoteInit.preload(ZygoteInit.java:206)
05-26 00:47:28.173  1390  1390 E Hyphenator: 	at com.android.internal.os.ZygoteInit.main(ZygoteInit.java:723)
05-26 00:47:28.173  1390  1390 E Hyphenator: Caused by: android.system.ErrnoException: open failed: ENOENT (No such file or directory)
05-26 00:47:28.173  1390  1390 E Hyphenator: 	at libcore.io.Posix.open(Native Method)
05-26 00:47:28.173  1390  1390 E Hyphenator: 	at libcore.io.BlockGuardOs.open(BlockGuardOs.java:187)
05-26 00:47:28.173  1390  1390 E Hyphenator: 	at libcore.io.IoBridge.open(IoBridge.java:441)
05-26 00:47:28.173  1390  1390 E Hyphenator: 	... 6 more
05-26 00:47:28.173  1390  1390 E Hyphenator: error loading hyphenation /system/usr/hyphen-data/hyph-es.hyb
05-26 00:47:28.173  1390  1390 E Hyphenator: java.io.FileNotFoundException: /system/usr/hyphen-data/hyph-es.hyb: open failed: ENOENT (No such file or directory)
05-26 00:47:28.173  1390  1390 E Hyphenator: 	at libcore.io.IoBridge.open(IoBridge.java:455)
05-26 00:47:28.173  1390  1390 E Hyphenator: 	at java.io.RandomAccessFile.<init>(RandomAccessFile.java:247)
05-26 00:47:28.173  1390  1390 E Hyphenator: 	at android.text.Hyphenator.loadHyphenator(Hyphenator.java:118)
05-26 00:47:28.173  1390  1390 E Hyphenator: 	at android.text.Hyphenator.init(Hyphenator.java:224)
05-26 00:47:28.173  1390  1390 E Hyphenator: 	at com.android.internal.os.ZygoteInit.preloadTextResources(ZygoteInit.java:252)
05-26 00:47:28.173  1390  1390 E Hyphenator: 	at com.android.internal.os.ZygoteInit.preload(ZygoteInit.java:206)
05-26 00:47:28.173  1390  1390 E Hyphenator: 	at com.android.internal.os.ZygoteInit.main(ZygoteInit.java:723)
05-26 00:47:28.173  1390  1390 E Hyphenator: Caused by: android.system.ErrnoException: open failed: ENOENT (No such file or directory)
05-26 00:47:28.173  1390  1390 E Hyphenator: 	at libcore.io.Posix.open(Native Method)
05-26 00:47:28.173  1390  1390 E Hyphenator: 	at libcore.io.BlockGuardOs.open(BlockGuardOs.java:187)
05-26 00:47:28.173  1390  1390 E Hyphenator: 	at libcore.io.IoBridge.open(IoBridge.java:441)
05-26 00:47:28.173  1390  1390 E Hyphenator: 	... 6 more
