05-26 00:47:28.974  1628  1665 W PackageManager: Not granting permission android.permission.RECEIVE_SMS to package com.example.android.apis because it was previously installed without
05-26 00:47:28.974  1628  1665 W PackageManager: Not granting permission android.permission.RECEIVE_MMS to package com.example.android.apis because it was previously installed without
05-26 00:47:28.974  1628  1665 W PackageManager: Not granting permission android.permission.READ_SMS to package com.example.android.apis because it was previously installed without
05-26 00:47:28.974  1628  1665 W PackageManager: Not granting permission android.permission.READ_PHONE_STATE to package com.example.android.apis because it was previously installed without
05-26 00:47:28.974  1628  1665 W PackageManager: Not granting permission android.permission.RECORD_AUDIO to package com.example.android.apis because it was previously installed without
05-26 00:47:28.974  1628  1665 W PackageManager: Not granting permission android.permission.CAMERA to package com.example.android.apis because it was previously installed without
05-26 00:47:28.974  1628  1665 W PackageManager: Not granting permission android.permission.READ_EXTERNAL_STORAGE to package com.example.android.apis because it was previously installed without
05-26 00:47:28.974  1628  1665 W PackageManager: Unknown permission android.permission.RUN_INSTRUMENTATION in package org.chromium.webview_shell
05-26 00:47:28.974  1628  1665 W PackageManager: Unknown permission com.google.android.gallery3d.permission.PICASA_STORE in package com.google.android.apps.photos
05-26 00:47:28.974  1628  1665 W PackageManager: Not granting permission android.permission.WRITE_MEDIA_STORAGE to package com.google.android.apps.photos (protectionLevel=18 flags=0x38d8be45)
05-26 00:47:28.974  1628  1665 W PackageManager: Unknown permission com.google.android.gm.exchange.BIND in package com.google.android.calendar
05-26 00:47:28.974  1628  1665 W PackageManager: Not granting permission android.permission.CONTROL_KEYGUARD to package com.google.android.gsf.login (protectionLevel=2 flags=0x30c8be45)
05-26 00:47:28.974  1628  1665 W PackageManager: Unknown permission com.android.vending.billing.IBillingAccountService.BIND2 in package com.google.android.gsf.login
05-26 00:47:28.974  1628  1665 W PackageManager: Unknown permission com.android.launcher.permission.READ_SETTINGS in package com.android.settings
05-26 00:47:28.974  1628  1665 W PackageManager: Unknown permission com.android.launcher.permission.WRITE_SETTINGS in package com.android.settings
05-26 00:47:28.974  1628  1665 W PackageManager: Not granting permission android.permission.REGISTER_CONNECTION_MANAGER to package com.google.android.talk (protectionLevel=18 flags=0x30c9be45)
05-26 00:47:28.974  1628  1665 W PackageManager: Unknown permission com.android.smspush.WAPPUSH_MANAGER_BIND in package com.android.phone
05-26 00:47:28.974  1628  1665 W PackageManager: Not granting permission android.permission.BIND_APPWIDGET to package com.android.widgetpreview (protectionLevel=18 flags=0x3888be45)
05-26 00:47:28.984  1628  1628 I SystemServiceManager: Starting com.android.server.DeviceIdleController
05-26 00:47:28.992  1628  1628 I SystemServiceManager: Starting com.android.server.devicepolicy.DevicePolicyManagerService$Lifecycle
05-26 00:47:28.994  1628  1628 I SystemServer: StartStatusBarManagerService
05-26 00:47:28.995  1628  1628 I SystemServer: StartClipboardService
05-26 00:47:28.995  1628  1628 I SystemServer: StartNetworkManagementService
05-26 00:47:28.997  1628  1669 I NetworkManagement: onDaemonConnected()
05-26 00:47:28.997  1628  1628 I SystemServiceManager: Starting com.android.server.TextServicesManagerService$Lifecycle
05-26 00:47:28.998  1628  1628 I SystemServer: StartNetworkScoreService
05-26 00:47:28.999  1628  1628 I SystemServer: StartNetworkStatsService
05-26 00:47:29.001  1628  1628 I SystemServer: StartNetworkPolicyManagerService
05-26 00:47:29.002  1628  1628 I SystemServer: No Wi-Fi NAN Service (NAN support Not Present)
05-26 00:47:29.005  1628  1628 I SystemServiceManager: Starting com.android.server.wifi.p2p.WifiP2pService
05-26 00:47:29.012  1628  1628 I WifiP2pService: Registering wifip2p
05-26 00:47:29.013  1628  1628 I SystemServiceManager: Starting com.android.server.wifi.WifiService
05-26 00:47:29.021  1628  1665 W MountService: No primary storage defined yet; hacking together a stub
05-26 00:47:29.022  1628  1665 W MountService: No primary storage defined yet; hacking together a stub
05-26 00:47:29.022  1628  1665 W MountService: No primary storage mounted!
05-26 00:47:29.022  1628  1665 D VoldConnector: SND -> {2 asec list}
05-26 00:47:29.022  1628  1666 D VoldConnector: RCV <- {200 2 asec operation succeeded}
05-26 00:47:29.033  1628  1664 I InputReader: Device added: id=-1, name='Virtual', sources=0x00000301
05-26 00:47:29.041  1628  1635 W art     : Suspending all threads took: 13.497ms
05-26 00:47:29.042  1628  1664 I InputReader:   Touch device 'qwerty2' could not query the properties of its associated display.  The device will be inoperable until the display size becomes available.
05-26 00:47:29.042  1628  1664 I InputReader: Device added: id=0, name='qwerty2', sources=0x80005303
05-26 00:47:29.042  1628  1664 I InputReader: Device added: id=1, name='Power Button', sources=0x00000101
05-26 00:47:29.042  1628  1664 I InputReader: Reconfiguring input devices.  changes=0x00000004
05-26 00:47:29.042  1628  1664 I InputReader: Device reconfigured: id=0, name='qwerty2', size 1080x1920, orientation 0, mode 1, display id 0
05-26 00:47:29.043  1628  1663 I ActivityManager: Config changes=78 {1.0 ?mcc?mnc [en_US] ldltr sw411dp w411dp h659dp 420dpi nrml port finger qwerty/v/v dpad/v s.5}
05-26 00:47:29.048  1628  1635 I art     : Background sticky concurrent mark sweep GC freed 39172(2MB) AllocSpace objects, 19(380KB) LOS objects, 22% free, 9MB/12MB, paused 14.077ms total 37.130ms
05-26 00:47:29.059  1628  1628 D HS20    : Passpoint is disabled
05-26 00:47:29.064  1400  1626 D CommandListener: Clearing all IP addresses on wlan0
05-26 00:47:29.265  1628  1674 D WifiApConfigStore: 2G band allowed channels are:1,6,11
05-26 00:47:29.266  1628  1628 E WifiLogger: no ring buffers found
05-26 00:47:29.266  1628  1628 E WifiLogger: Failed to start packet fate monitoring
05-26 00:47:29.272  1628  1628 D WifiController: isAirplaneModeOn = false, isWifiEnabled = true, isScanningAvailable = false
05-26 00:47:29.272  1628  1628 I WifiService: Registering wifi
05-26 00:47:29.273  1628  1628 I SystemServiceManager: Starting com.android.server.wifi.scanner.WifiScanningService
05-26 00:47:29.273  1628  1628 I WifiScanningService: Creating wifiscanner
05-26 00:47:29.273  1628  1628 I WifiScanningService: Publishing wifiscanner
05-26 00:47:29.276  1628  1628 I SystemServiceManager: Starting com.android.server.wifi.RttService
05-26 00:47:29.276  1628  1628 I RttService: Creating rttmanager
05-26 00:47:29.276  1628  1628 I RttService: Starting rttmanager
05-26 00:47:29.276  1628  1628 I SystemServer: StartConnectivityService
05-26 00:47:29.277  1628  1628 D ConnectivityService: ConnectivityService starting up
05-26 00:47:29.279  1628  1628 D ConnectivityService: wifiOnly=false
05-26 00:47:29.285  1628  1628 I SystemServer: StartNsdService
05-26 00:47:29.287  1628  1628 I SystemServer: StartUpdateLockService
05-26 00:47:29.288  1628  1628 I SystemServiceManager: Starting com.android.server.RecoverySystemService
05-26 00:47:29.288  1628  1628 I SystemServiceManager: Starting com.android.server.notification.NotificationManagerService
05-26 00:47:29.300  1628  1628 D ConditionProviders.SCP: new ScheduleConditionProvider()
05-26 00:47:29.305  1628  1628 I SystemServiceManager: Starting com.android.server.storage.DeviceStorageMonitorService
05-26 00:47:29.307  1628  1628 I SystemServer: StartLocationManagerService
05-26 00:47:29.307  1628  1628 I SystemServer: StartCountryDetectorService
05-26 00:47:29.308  1628  1628 I SystemServer: StartSearchManagerService
05-26 00:47:29.308  1628  1628 I SystemServiceManager: Starting com.android.server.search.SearchManagerService$Lifecycle
05-26 00:47:29.309  1628  1628 I SystemServiceManager: Starting com.android.server.DropBoxManagerService
05-26 00:47:29.310  1628  1628 I SystemServer: StartWallpaperManagerService
05-26 00:47:29.310  1628  1628 I SystemServiceManager: Starting com.android.server.wallpaper.WallpaperManagerService$Lifecycle
05-26 00:47:29.310  1628  1628 E BitmapFactory: Unable to decode stream: java.io.FileNotFoundException: /data/system/users/0/wallpaper_orig (No such file or directory)
05-26 00:47:29.310  1628  1628 E WallpaperManagerService: Invalid wallpaper data
05-26 00:47:29.310  1628  1628 E WallpaperManagerService: Unable to apply new wallpaper
05-26 00:47:29.311  1628  1628 I SystemServer: StartAudioService
05-26 00:47:29.311  1628  1628 I SystemServiceManager: Starting com.android.server.audio.AudioService$Lifecycle
05-26 00:47:29.323  1391  1416 D PermissionCache: checking android.permission.MODIFY_AUDIO_SETTINGS for uid=1000 => granted (363 us)
05-26 00:47:29.325  1628  1628 W TelecomManager: Telecom Service not found.
05-26 00:47:29.333  1628  1628 I SystemServiceManager: Starting com.android.server.DockObserver
05-26 00:47:29.333  1628  1628 W DockObserver: This kernel does not have dock station support
05-26 00:47:29.334  1628  1628 I SystemServer: StartWiredAccessoryManager
05-26 00:47:29.335  1628  1628 W WiredAccessoryManager: This kernel does not have usb audio support
05-26 00:47:29.335  1628  1628 W WiredAccessoryManager: This kernel does not have HDMI audio support
05-26 00:47:29.336  1628  1628 I SystemServiceManager: Starting com.android.server.midi.MidiService$Lifecycle
05-26 00:47:29.338  1628  1628 I SystemServiceManager: Starting com.android.server.usb.UsbService$Lifecycle
05-26 00:47:29.348  1628  1628 E UsbDeviceManager: failed to write to /sys/class/android_usb/android0/f_rndis/ethaddr
05-26 00:47:29.348  1628  1628 I UsbDeviceManager: Setting USB config to none
05-26 00:47:29.356  1628  1628 E UsbDeviceManagerJNI: could not open /dev/usb_accessory
05-26 00:47:29.359  1628  1628 I SystemServer: StartSerialService
05-26 00:47:29.360  1628  1628 E HardwarePropertiesManagerService-JNI: Couldn't load thermal module (No such file or directory)
05-26 00:47:29.360  1628  1628 I SystemServiceManager: Starting com.android.server.twilight.TwilightService
05-26 00:47:29.363  1628  1628 I SystemServiceManager: Starting com.android.server.job.JobSchedulerService
05-26 00:47:29.367  1628  1628 I SystemServiceManager: Starting com.android.server.soundtrigger.SoundTriggerService
05-26 00:47:29.367  1628  1628 I SystemServiceManager: Starting com.android.server.backup.BackupManagerService$Lifecycle
05-26 00:47:29.368  1628  1628 I SystemServiceManager: Starting com.android.server.appwidget.AppWidgetService
05-26 00:47:29.372  1628  1628 I SystemServiceManager: Starting com.android.server.voiceinteraction.VoiceInteractionManagerService
05-26 00:47:29.373  1628  1628 I SystemServer: Gesture Launcher Service
05-26 00:47:29.373  1628  1628 I SystemServiceManager: Starting com.android.server.GestureLauncherService
05-26 00:47:29.373  1628  1628 I SystemServiceManager: Starting com.android.server.SensorNotificationService
05-26 00:47:29.373  1628  1628 I SystemServiceManager: Starting com.android.server.ContextHubSystemService
05-26 00:47:29.374  1628  1628 E ContextHubService: ** Could not load context_hub module : err No such file or directory
05-26 00:47:29.374  1628  1628 W ContextHubService: No Context Hub Module present
05-26 00:47:29.374  1628  1628 I SystemServer: StartDiskStatsService
05-26 00:47:29.374  1628  1628 I SystemServer: StartSamplingProfilerService
05-26 00:47:29.378  1628  1628 I SystemServer: StartNetworkTimeUpdateService
05-26 00:47:29.379  1628  1628 I SystemServer: StartCommonTimeManagementService
05-26 00:47:29.379  1628  1628 I SystemServer: CertBlacklister
05-26 00:47:29.380  1628  1628 I SystemServiceManager: Starting com.android.server.emergency.EmergencyAffordanceService
05-26 00:47:29.381  1628  1628 I SystemServiceManager: Starting com.android.server.dreams.DreamManagerService
05-26 00:47:29.381  1628  1628 I SystemServer: StartAssetAtlasService
05-26 00:47:29.383  1628  1628 I SystemServiceManager: Starting com.android.server.print.PrintManagerService
05-26 00:47:29.383  1628  1689 D AssetAtlas: Loaded configuration: SliceShortAxis (1536x576) flags=0x2 count=91
05-26 00:47:29.385  1628  1628 I SystemServiceManager: Starting com.android.server.restrictions.RestrictionsManagerService
05-26 00:47:29.386  1628  1628 I SystemServiceManager: Starting com.android.server.media.MediaSessionService
05-26 00:47:29.389  1628  1689 D         : HostConnection::get() New Host Connection established 0x93961200, tid 1689
05-26 00:47:29.391  1628  1628 I SystemServer: StartMediaRouterService
05-26 00:47:29.405  1628  1628 I SystemServiceManager: Starting com.android.server.trust.TrustManagerService
05-26 00:47:29.409  1628  1628 I SystemServiceManager: Starting com.android.server.fingerprint.FingerprintService
05-26 00:47:29.412  1403  1403 D PermissionCache: checking android.permission.MANAGE_FINGERPRINT for uid=1000 => granted (281 us)
05-26 00:47:29.412  1403  1403 V fingerprintd: nativeOpenHal()
05-26 00:47:29.423  1403  1403 D FingerprintHal: ----------------> fingerprint_open ----------------->
05-26 00:47:29.423  1403  1403 E fingerprintd: Wrong fp version. Expected 512, got 513
05-26 00:47:29.423  1403  1403 D FingerprintHal: ----------------> set_notify_callback ----------------->
05-26 00:47:29.423  1403  1403 D FingerprintHal: fingerprint callback notification set
05-26 00:47:29.423  1403  1403 V fingerprintd: fingerprint HAL successfully initialized
05-26 00:47:29.424  1403  1403 V fingerprintd: setActiveGroup(0, /data/system/users/0/fpdata, 27)
05-26 00:47:29.424  1403  1690 D FingerprintHal: ----------------> listenerFunction ----------------->
05-26 00:47:29.424  1403  1403 D FingerprintHal: ----------------> fingerprint_set_active_group -----------------> path /data/system/users/0/fpdata
05-26 00:47:29.424  1403  1403 D FingerprintHal: ----------------> loadFingerprints ----------------->
05-26 00:47:29.424  1403  1403 E FingerprintHal: Could not load fingerprints from storage at /data/system/users/0/fpdata/emufp.bin; it has not yet been created.
05-26 00:47:29.424  1403  1403 D FingerprintHal: ----------------> loadAuthenticatorId ----------------->
05-26 00:47:29.425  1403  1403 D FingerprintHal: Read authenticator id (0x6b8b4567327b23c6)
05-26 00:47:29.425  1403  1403 D FingerprintHal: ----------------> fingerprint_get_auth_id ----------------->
05-26 00:47:29.425  1403  1403 D FingerprintHal: ----------------> fingerprint_get_auth_id auth id 6b8b4567327b23c6----------------->
05-26 00:47:29.425  1628  1628 V FingerprintService: Fingerprint HAL id: 2929934336
05-26 00:47:29.426  1628  1628 I SystemServer: StartBackgroundDexOptService
05-26 00:47:29.427  1628  1628 I SystemServiceManager: Starting com.android.server.pm.ShortcutService$Lifecycle
05-26 00:47:29.428  1628  1628 I SystemServiceManager: Starting com.android.server.pm.LauncherAppsService
05-26 00:47:29.429  1628  1628 I SystemServiceManager: Starting com.android.server.media.projection.MediaProjectionManagerService
05-26 00:47:29.437  1628  1628 V MediaRouter: Adding route: RouteInfo{ name=Phone, description=null, status=null, category=RouteCategory{ name=null types=ROUTE_TYPE_LIVE_AUDIO ROUTE_TYPE_LIVE_VIDEO  groupable=false }, supportedTypes=ROUTE_TYPE_LIVE_AUDIO ROUTE_TYPE_LIVE_VIDEO , presentationDisplay=null }
05-26 00:47:29.440  1628  1628 V MediaRouter: Updating audio routes: AudioRoutesInfo{ type=SPEAKER }
05-26 00:47:29.442  1628  1628 V MediaRouter: Selecting route: RouteInfo{ name=Phone, description=null, status=null, category=RouteCategory{ name=null types=ROUTE_TYPE_LIVE_AUDIO ROUTE_TYPE_LIVE_VIDEO  groupable=false }, supportedTypes=ROUTE_TYPE_LIVE_AUDIO ROUTE_TYPE_LIVE_VIDEO , presentationDisplay=null }
05-26 00:47:29.443  1628  1628 I WindowManager: SAFE MODE not enabled
05-26 00:47:29.443  1628  1628 I SystemServiceManager: Starting com.android.server.MmsServiceBroker
05-26 00:47:29.444  1628  1628 W VibratorService: Tried to stop vibrating but there is no vibrator device.
05-26 00:47:29.458  1628  1628 E LockSettingsStorage: Cannot read file java.io.FileNotFoundException: /data/system/gatekeeper.password.key: open failed: ENOENT (No such file or directory)
05-26 00:47:29.458  1628  1628 E LockSettingsStorage: Cannot read file java.io.FileNotFoundException: /data/system/password.key: open failed: ENOENT (No such file or directory)
05-26 00:47:29.458  1628  1628 E LockSettingsStorage: Cannot read file java.io.FileNotFoundException: /data/system/gatekeeper.pattern.key: open failed: ENOENT (No such file or directory)
05-26 00:47:29.458  1628  1628 E LockSettingsStorage: Cannot read file java.io.FileNotFoundException: /data/system/gatekeeper.gesture.key: open failed: ENOENT (No such file or directory)
05-26 00:47:29.458  1628  1628 E LockSettingsStorage: Cannot read file java.io.FileNotFoundException: /data/system/gesture.key: open failed: ENOENT (No such file or directory)
05-26 00:47:29.458  1628  1628 I SystemServiceManager: Starting phase 480
05-26 00:47:29.462  1628  1628 I DevicePolicyManagerService: Set ro.device_owner property to false
05-26 00:47:29.463  1628  1628 I SystemServiceManager: Starting phase 500
05-26 00:47:29.465  1628  1628 D ConnectivityMetricsLoggerService: onBootPhase: PHASE_SYSTEM_SERVICES_READY
05-26 00:47:29.467  1628  1689 D EGL_emulation: eglCreateContext: 0xa08de060: maj 2 min 0 rcv 2
05-26 00:47:29.467  1628  1628 I WifiService: WifiService starting up with Wi-Fi enabled
05-26 00:47:29.468  1628  1628 D WifiService: setWifiEnabled: true pid=1628, uid=1000
05-26 00:47:29.468  1628  1628 I WifiScanningService: Starting wifiscanner
05-26 00:47:29.469  1628  1673 D WifiController: WifiController msg { when=-1ms what=155656 target=com.android.internal.util.StateMachine$SmHandler } deferred for 500ms
05-26 00:47:29.470  1628  1689 D EGL_emulation: eglMakeCurrent: 0xa08de060: ver 2 0 (tinfo 0x939c7690)
05-26 00:47:29.471  1628  1628 I RttService: Registering rttmanager
05-26 00:47:29.476  1391  1391 D PermissionCache: checking android.permission.CAPTURE_AUDIO_HOTWORD for uid=1000 => granted (71 us)
05-26 00:47:29.477  1628  1628 W SoundTriggerHelper: listModules status=0, # of modules=0
05-26 00:47:29.477  1628  1628 D ContextHubSystemService: onBootPhase: PHASE_SYSTEM_SERVICES_READY
05-26 00:47:29.481  1628  1689 D AssetAtlas: Rendered atlas in 89.03ms (59.67+29.36ms)
05-26 00:47:29.488  1628  1628 V UserManagerService: Found /data/user_de/0 with serial number 0
05-26 00:47:29.488  1628  1628 V UserManagerService: Found /data/user/0 with serial number 0
05-26 00:47:29.488  1628  1628 V UserManagerService: Found /data/system_de/0 with serial number 0
05-26 00:47:29.488  1628  1628 V UserManagerService: Found /data/system_ce/0 with serial number 0
05-26 00:47:29.488  1628  1650 W KeyguardServiceDelegate: onScreenTurningOn(): no keyguard service!
05-26 00:47:29.493  1628  1628 I ActivityManager: System now ready
05-26 00:47:29.504  1628  1628 I SystemServer: Making services ready
05-26 00:47:29.504  1628  1628 I SystemServiceManager: Starting phase 550
05-26 00:47:29.506  1628  1628 E InputMethodManagerService: Ignoring updateSystemUiLocked due to an invalid token. uid:1000 token:null
05-26 00:47:29.524  1628  1628 I Zygote  : Process: zygote socket opened, supported ABIS: x86
05-26 00:47:29.525  1390  1637 I art     : Starting a blocking GC HeapTrim
05-26 00:47:29.530  1694  1694 W art     : Unexpected CPU variant for X86 using defaults: x86
05-26 00:47:29.533  1628  1628 I ActivityManager: Start proc 1694:com.android.inputmethod.latin/u0a56 for service com.android.inputmethod.latin/.LatinIME
05-26 00:47:29.533  1628  1628 V InputMethodManagerService: Adding window token: android.os.Binder@3a6befc
05-26 00:47:29.533  1628  1665 D MountService: Thinking about init, mSystemReady=true, mDaemonConnected=true
05-26 00:47:29.533  1628  1665 D MountService: Setting up emulation state, initlocked=false
05-26 00:47:29.533  1628  1665 D CryptdConnector: SND -> {2 cryptfs unlock_user_key 0 0 ! !}
05-26 00:47:29.534  1295  1333 D vold    : e4crypt_unlock_user_key 0 serial=0 token_present=0
05-26 00:47:29.534  1342  1350 D gralloc_ranchu: gralloc_alloc: Creating ashmem region of size 8294400
05-26 00:47:29.534  1628  1667 D CryptdConnector: RCV <- {200 2 Command succeeded}
05-26 00:47:29.534  1628  1628 E BitmapFactory: Unable to decode stream: java.io.FileNotFoundException: /data/system/users/0/wallpaper_orig (No such file or directory)
05-26 00:47:29.534  1628  1628 E WallpaperManagerService: Invalid wallpaper data
05-26 00:47:29.534  1628  1628 E WallpaperManagerService: Unable to apply new wallpaper
05-26 00:47:29.534  1628  1665 D MountService: Thinking about reset, mSystemReady=true, mDaemonConnected=true
05-26 00:47:29.535  1628  1665 D VoldConnector: SND -> {3 volume reset}
05-26 00:47:29.535  1628  1641 I ActivityManager: Force stopping com.android.providers.media appid=10011 user=-1: vold reset
05-26 00:47:29.535  1295  1332 D vold    : Recognized experimental block major ID 253 as virtio-blk (emulator's virtual SD card device)
05-26 00:47:29.535  1295  1332 V vold    : /system/bin/sgdisk
05-26 00:47:29.535  1295  1332 V vold    :     --android-dump
05-26 00:47:29.535  1295  1332 V vold    :     /dev/block/vold/disk:253,64
05-26 00:47:29.535  1628  1666 D VoldConnector: RCV <- {651 emulated 7}
05-26 00:47:29.535  1628  1666 D VoldConnector: RCV <- {659 emulated}
05-26 00:47:29.535  1628  1666 D VoldConnector: RCV <- {650 emulated 2 "" ""}
05-26 00:47:29.535  1628  1666 D VoldConnector: RCV <- {651 emulated 0}
05-26 00:47:29.536  1628  1666 D VoldConnector: RCV <- {651 public:253,64 7}
05-26 00:47:29.536  1628  1666 D VoldConnector: RCV <- {659 public:253,64}
05-26 00:47:29.536  1628  1666 D VoldConnector: RCV <- {649 disk:253,64}
05-26 00:47:29.536  1628  1666 D VoldConnector: RCV <- {640 disk:253,64 5}
05-26 00:47:29.536  1628  1646 V MountService: Found primary storage at VolumeInfo{emulated}:
05-26 00:47:29.536  1628  1646 V MountService:     type=EMULATED diskId=null partGuid=null mountFlags=0 mountUserId=-1 
05-26 00:47:29.536  1628  1646 V MountService:     state=UNMOUNTED 
05-26 00:47:29.536  1628  1646 V MountService:     fsType=null fsUuid=null fsLabel=null 
05-26 00:47:29.536  1628  1646 V MountService:     path=null internalPath=null 
05-26 00:47:29.536  1628  1666 D VoldConnector: RCV <- {641 disk:253,64 536870912}
05-26 00:47:29.537  1628  1642 D         : HostConnection::get() New Host Connection established 0x93e3fe40, tid 1642
05-26 00:47:29.537  1628  1666 D VoldConnector: RCV <- {642 disk:253,64 Virtual}
05-26 00:47:29.538  1628  1666 D VoldConnector: RCV <- {644 disk:253,64 /sys//devices/pci0000:00/0000:00:07.0/virtio4/block/vde}
05-26 00:47:29.548  1295  1332 V vold    : DISK mbr
05-26 00:47:29.548  1295  1332 V vold    : 
05-26 00:47:29.549  1295  1332 W vold    : disk:253,64 has unknown partition table; trying entire device
05-26 00:47:29.549  1295  1332 V vold    : /system/bin/blkid
05-26 00:47:29.549  1295  1332 V vold    :     -c
05-26 00:47:29.549  1295  1332 V vold    :     /dev/null
05-26 00:47:29.549  1295  1332 V vold    :     -s
05-26 00:47:29.549  1295  1332 V vold    :     TYPE
05-26 00:47:29.549  1295  1332 V vold    :     -s
05-26 00:47:29.549  1295  1332 V vold    :     UUID
05-26 00:47:29.549  1295  1332 V vold    :     -s
05-26 00:47:29.549  1295  1332 V vold    :     LABEL
05-26 00:47:29.549  1295  1332 V vold    :     /dev/block/vold/disk:253,64
05-26 00:47:29.558  1709  1709 W art     : Unexpected CPU variant for X86 using defaults: x86
05-26 00:47:29.562  1295  1332 V vold    : /dev/block/vold/disk:253,64: LABEL="SDCARD" UUID="160B-0914" TYPE="vfat" 
05-26 00:47:29.562  1295  1332 V vold    : 
05-26 00:47:29.563  1628  1666 D VoldConnector: RCV <- {650 public:253,64 0 "disk:253,64" ""}
05-26 00:47:29.563  1628  1666 D VoldConnector: RCV <- {651 public:253,64 0}
05-26 00:47:29.564  1628  1666 D VoldConnector: RCV <- {643 disk:253,64}
05-26 00:47:29.564  1628  1666 D VoldConnector: RCV <- {200 3 Command succeeded}
05-26 00:47:29.564  1628  1628 I ActivityManager: Start proc 1709:com.android.systemui/u0a27 for service com.android.systemui/.ImageWallpaper
05-26 00:47:29.564  1628  1665 D VoldConnector: SND -> {4 volume user_added 0 0}
05-26 00:47:29.564  1628  1666 D VoldConnector: RCV <- {200 4 Command succeeded}
05-26 00:47:29.568  1628  1628 D UsbAlsaManager: Adding ALSA device AlsaDevice: [card: 0, device: 0, type: 1]
05-26 00:47:29.568  1628  1628 D UsbAlsaManager: Adding ALSA device AlsaDevice: [card: 0, device: 0, type: 2]
05-26 00:47:29.568  1628  1665 D VoldConnector: SND -> {5 volume mount emulated 3 -1}
05-26 00:47:29.568  1628  1685 E BluetoothAdapter: Bluetooth binder is null
05-26 00:47:29.568  1295  1332 V vold    : Waiting for FUSE to spin up...
05-26 00:47:29.568  1628  1666 D VoldConnector: RCV <- {651 emulated 1}
05-26 00:47:29.569  1628  1666 D VoldConnector: RCV <- {656 emulated /data/media}
05-26 00:47:29.570  1628  1685 E BluetoothAdapter: Bluetooth binder is null
05-26 00:47:29.571  1628  1666 D VoldConnector: RCV <- {655 emulated /storage/emulated}
05-26 00:47:29.572  1628  1628 I SystemServer: WebViewFactory preparation
05-26 00:47:29.576  1391  1391 I AudioFlinger: systemReady
05-26 00:47:29.578  1721  1721 W sdcard  : Device explicitly disabled sdcardfs
05-26 00:47:29.589  1628  1628 D WebViewFactory: Setting new address space to 126129416
05-26 00:47:29.595  1709  1709 W System  : ClassLoader referenced unknown path: /system/priv-app/SystemUI/lib/x86
05-26 00:47:29.600  1731  1731 W art     : Unexpected CPU variant for X86 using defaults: x86
05-26 00:47:29.606  1628  1628 I ActivityManager: Start proc 1731:WebViewLoader-x86/1037 [android.webkit.WebViewFactory$RelroFileCreator] for 
05-26 00:47:29.607  1628  1628 D NetworkManagement: enabling bandwidth control
05-26 00:47:29.607  1628  1735 E WVMExtractor: Failed to open libwvm.so: dlopen failed: library "libwvm.so" not found
05-26 00:47:29.619  1628  1666 D VoldConnector: RCV <- {651 emulated 2}
05-26 00:47:29.620  1628  1666 D VoldConnector: RCV <- {200 5 Command succeeded}
05-26 00:47:29.621  1628  1665 D VoldConnector: SND -> {6 volume mount public:253,64 2 0}
05-26 00:47:29.621  1295  1332 V vold    : /system/bin/blkid
05-26 00:47:29.621  1731  1731 V WebViewFactory: RelroFileCreator (64bit = false),  32-bit lib: /system/app/Chrome/Chrome.apk!/lib/x86/libmonochrome.so, 64-bit lib: 
05-26 00:47:29.621  1295  1332 V vold    :     -c
05-26 00:47:29.621  1295  1332 V vold    :     /dev/null
05-26 00:47:29.621  1295  1332 V vold    :     -s
05-26 00:47:29.621  1295  1332 V vold    :     TYPE
05-26 00:47:29.621  1628  1666 D VoldConnector: RCV <- {651 public:253,64 1}
05-26 00:47:29.621  1295  1332 V vold    :     -s
05-26 00:47:29.621  1295  1332 V vold    :     UUID
05-26 00:47:29.621  1295  1332 V vold    :     -s
05-26 00:47:29.621  1295  1332 V vold    :     LABEL
05-26 00:47:29.621  1295  1332 V vold    :     /dev/block/vold/public:253,64
05-26 00:47:29.631  1709  1709 V SystemUIService: Starting SystemUI services for user 0.
05-26 00:47:29.634  1295  1332 V vold    : /dev/block/vold/public:253,64: LABEL="SDCARD" UUID="160B-0914" TYPE="vfat" 
05-26 00:47:29.634  1295  1332 V vold    : 
05-26 00:47:29.634  1295  1332 V vold    : /system/bin/fsck_msdos
05-26 00:47:29.634  1295  1332 V vold    :     -p
05-26 00:47:29.634  1295  1332 V vold    :     -f
05-26 00:47:29.634  1295  1332 V vold    :     /dev/block/vold/public:253,64
05-26 00:47:29.634  1628  1666 D VoldConnector: RCV <- {652 public:253,64 vfat}
05-26 00:47:29.635  1628  1666 D VoldConnector: RCV <- {653 public:253,64 160B-0914}
05-26 00:47:29.635  1628  1666 D VoldConnector: RCV <- {654 public:253,64 SDCARD}
05-26 00:47:29.638  1694  1694 I LatinIME: Hardware accelerated drawing: true
05-26 00:47:29.645  1295  1332 I fsck_msdos: ** /dev/block/vold/public:253,64
05-26 00:47:29.646  1295  1332 I fsck_msdos: ** Phase 1 - Read and Compare FATs
05-26 00:47:29.646  1295  1332 I fsck_msdos: Attempting to allocate 1022 KB for FAT
05-26 00:47:29.651  1628  1628 W NetworkManagement: setDataSaverMode(): already false
05-26 00:47:29.653  1295  1332 I fsck_msdos: Attempting to allocate 1022 KB for FAT
05-26 00:47:29.664  1295  1332 I fsck_msdos: ** Phase 2 - Check Cluster Chains
05-26 00:47:29.665  1295  1332 I fsck_msdos: ** Phase 3 - Checking Directories
05-26 00:47:29.665  1399  1399 I MediaPlayerService: MediaPlayerService::getOMX
05-26 00:47:29.666  1295  1332 I fsck_msdos: ** Phase 4 - Checking for Lost Files
05-26 00:47:29.666  1399  1399 I OMXClient: MuxOMX ctor
05-26 00:47:29.666  1295  1332 I fsck_msdos: 24 files, 522182 free (261091 clusters)
05-26 00:47:29.667  1295  1332 I Vold    : Filesystem check completed OK
05-26 00:47:29.667  1628  1666 D VoldConnector: RCV <- {656 public:253,64 /mnt/media_rw/160B-0914}
05-26 00:47:29.667  1399  1399 I MediaPlayerService: MediaPlayerService::getOMX
05-26 00:47:29.667  1399  1399 I OMXClient: MuxOMX ctor
05-26 00:47:29.667  1628  1666 D VoldConnector: RCV <- {655 public:253,64 /storage/160B-0914}
05-26 00:47:29.667  1396  1396 I OMXMaster: makeComponentInstance(OMX.google.mp3.decoder) in mediacodec process
05-26 00:47:29.672  1295  1332 V vold    : Waiting for FUSE to spin up...
05-26 00:47:29.676  1764  1764 W sdcard  : Device explicitly disabled sdcardfs
05-26 00:47:29.679  1709  1709 V MediaRouter: Adding route: RouteInfo{ name=Phone, description=null, status=null, category=RouteCategory{ name=null types=ROUTE_TYPE_LIVE_AUDIO ROUTE_TYPE_LIVE_VIDEO  groupable=false }, supportedTypes=ROUTE_TYPE_LIVE_AUDIO ROUTE_TYPE_LIVE_VIDEO , presentationDisplay=null }
05-26 00:47:29.681  1709  1709 V MediaRouter: Updating audio routes: AudioRoutesInfo{ type=SPEAKER }
05-26 00:47:29.682  1628  1628 I NetworkPolicy: adding default package com.android.providers.downloads (uid 10011 for user 0) to restrict background whitelist
05-26 00:47:29.682  1628  1628 I NetworkPolicy: adding default package com.google.android.gms (uid 10013 for user 0) to restrict background whitelist
05-26 00:47:29.682  1709  1709 V MediaRouter: Selecting route: RouteInfo{ name=Phone, description=null, status=null, category=RouteCategory{ name=null types=ROUTE_TYPE_LIVE_AUDIO ROUTE_TYPE_LIVE_VIDEO  groupable=false }, supportedTypes=ROUTE_TYPE_LIVE_AUDIO ROUTE_TYPE_LIVE_VIDEO , presentationDisplay=null }
05-26 00:47:29.686  1694  1694 W InputAttributes: No editor info for this field. Bug?
05-26 00:47:29.690  1399  1399 I MediaPlayerService: MediaPlayerService::getOMX
05-26 00:47:29.690  1399  1399 I OMXClient: MuxOMX ctor
05-26 00:47:29.690  1396  1396 I OMXMaster: makeComponentInstance(OMX.google.amrnb.decoder) in mediacodec process
05-26 00:47:29.699  1628  1628 D NetworkPolicy: setRestrictBackgroundLocked(): false
05-26 00:47:29.699  1628  1628 W NetworkManagement: setDataSaverMode(): already false
05-26 00:47:29.700  1399  1399 I MediaPlayerService: MediaPlayerService::getOMX
05-26 00:47:29.700  1399  1399 I OMXClient: MuxOMX ctor
05-26 00:47:29.700  1396  1396 I OMXMaster: makeComponentInstance(OMX.google.amrwb.decoder) in mediacodec process
05-26 00:47:29.703  1399  1399 I MediaPlayerService: MediaPlayerService::getOMX
05-26 00:47:29.703  1399  1399 I OMXClient: MuxOMX ctor
05-26 00:47:29.703  1396  1396 I OMXMaster: makeComponentInstance(OMX.google.aac.decoder) in mediacodec process
05-26 00:47:29.709  1399  1399 I MediaPlayerService: MediaPlayerService::getOMX
05-26 00:47:29.710  1399  1399 I OMXClient: MuxOMX ctor
05-26 00:47:29.710  1396  1396 I OMXMaster: makeComponentInstance(OMX.google.g711.alaw.decoder) in mediacodec process
05-26 00:47:29.719  1709  1787 E WVMExtractor: Failed to open libwvm.so: dlopen failed: library "libwvm.so" not found
05-26 00:47:29.722  1399  1399 I MediaPlayerService: MediaPlayerService::getOMX
05-26 00:47:29.723  1399  1399 I OMXClient: MuxOMX ctor
05-26 00:47:29.723  1396  1794 I OMXMaster: makeComponentInstance(OMX.google.g711.mlaw.decoder) in mediacodec process
05-26 00:47:29.723  1628  1666 D VoldConnector: RCV <- {651 public:253,64 2}
05-26 00:47:29.724  1628  1666 D VoldConnector: RCV <- {200 6 Command succeeded}
05-26 00:47:29.726  1731  1731 I art     : System.exit called, status: 0
05-26 00:47:29.726  1731  1731 I AndroidRuntime: VM exiting with result code 0, cleanup skipped.
05-26 00:47:29.738  1628  1628 I SystemServiceManager: Starting phase 600
05-26 00:47:29.739  1399  1399 I MediaPlayerService: MediaPlayerService::getOMX
05-26 00:47:29.739  1399  1399 I OMXClient: MuxOMX ctor
05-26 00:47:29.740  1396  1794 I OMXMaster: makeComponentInstance(OMX.google.vorbis.decoder) in mediacodec process
05-26 00:47:29.744  1628  1628 D SensorNotificationService: Cannot obtain dynamic meta sensor, not supported.
05-26 00:47:29.753  1399  1399 I MediaPlayerService: MediaPlayerService::getOMX
05-26 00:47:29.753  1399  1399 I OMXClient: MuxOMX ctor
05-26 00:47:29.753  1396  1396 I OMXMaster: makeComponentInstance(OMX.google.opus.decoder) in mediacodec process
05-26 00:47:29.765  1628  1628 I GnssLocationProvider: WakeLock acquired by sendMessage(13, 0, null)
05-26 00:47:29.765  1399  1399 I MediaPlayerService: MediaPlayerService::getOMX
05-26 00:47:29.765  1399  1399 I OMXClient: MuxOMX ctor
05-26 00:47:29.765  1396  1405 I OMXMaster: makeComponentInstance(OMX.google.raw.decoder) in mediacodec process
05-26 00:47:29.765  1628  1640 W GnssLocationProvider: Could not open GPS configuration file /etc/gps.conf
05-26 00:47:29.765  1628  1640 E GnssLocationProvider: no AGPS interface in set_agps_server
05-26 00:47:29.768  1628  1628 W LocationProviderProxy-network: Odd, no component found for service com.android.location.service.v3.NetworkLocationProvider
05-26 00:47:29.769  1399  1399 I MediaPlayerService: MediaPlayerService::getOMX
05-26 00:47:29.769  1399  1399 I OMXClient: MuxOMX ctor
05-26 00:47:29.769  1396  1794 I OMXMaster: makeComponentInstance(OMX.google.aac.encoder) in mediacodec process
05-26 00:47:29.769  1628  1628 W GeocoderProxy: Odd, no component found for service com.android.location.service.GeocodeProvider
05-26 00:47:29.770  1628  1628 E FlpHardwareProvider: Error hw_get_module 'flp': -2
05-26 00:47:29.770  1628  1628 D LocationManagerService: FLP HAL not supported
05-26 00:47:29.772  1628  1628 W GeofenceProxy: Odd, no component found for service com.android.location.service.GeofenceProvider
05-26 00:47:29.772  1628  1628 E ActivityRecognitionHardware: Error hw_get_module: -2
05-26 00:47:29.772  1628  1628 D LocationManagerService: Hardware Activity-Recognition not supported.
05-26 00:47:29.772  1628  1628 W ActivityRecognitionProxy: Odd, no component found for service com.android.location.service.ActivityRecognitionProvider
05-26 00:47:29.773  1628  1628 I GnssLocationProvider: WakeLock acquired by sendMessage(2, 1, null)
05-26 00:47:29.773  1399  1399 I MediaPlayerService: MediaPlayerService::getOMX
05-26 00:47:29.773  1399  1399 I OMXClient: MuxOMX ctor
05-26 00:47:29.773  1396  1396 I OMXMaster: makeComponentInstance(OMX.google.amrnb.encoder) in mediacodec process
05-26 00:47:29.774  1628  1640 I GnssLocationProvider: WakeLock released by handleMessage(13, 0, null)
05-26 00:47:29.774  1628  1640 E GnssLocationProvider: no AGPS interface in set_agps_server
05-26 00:47:29.775  1628  1640 I GnssLocationProvider: WakeLock released by handleMessage(2, 1, null)
05-26 00:47:29.776  1399  1399 I MediaPlayerService: MediaPlayerService::getOMX
05-26 00:47:29.776  1399  1399 I OMXClient: MuxOMX ctor
05-26 00:47:29.776  1396  1405 I OMXMaster: makeComponentInstance(OMX.google.amrwb.encoder) in mediacodec process
05-26 00:47:29.778  1628  1628 I CommonTimeManagementService: No common time service detected on this platform.  Common time services will be unavailable.
05-26 00:47:29.779  1628  1628 I MmsServiceBroker: Delay connecting to MmsService until an API is called
05-26 00:47:29.780  1628  1664 I InputReader: Reconfiguring input devices.  changes=0x00000030
05-26 00:47:29.781  1399  1399 I MediaPlayerService: MediaPlayerService::getOMX
05-26 00:47:29.782  1399  1399 I OMXClient: MuxOMX ctor
05-26 00:47:29.782  1396  1794 I OMXMaster: makeComponentInstance(OMX.google.flac.encoder) in mediacodec process
05-26 00:47:29.786  1817  1817 W art     : Unexpected CPU variant for X86 using defaults: x86
05-26 00:47:29.787  1628  1628 I ActivityManager: Start proc 1817:com.android.phone/1001 for added application com.android.phone
05-26 00:47:29.788  1628  1628 I ActivityManager: START u0 {act=android.intent.action.MAIN cat=[android.intent.category.HOME] flg=0x10000100 cmp=com.android.settings/.FallbackHome} from uid 0 on display 0
05-26 00:47:29.788  1628  1628 W System  : ClassLoader referenced unknown path: 
05-26 00:47:29.788  1628  1628 W System  : ClassLoader referenced unknown path: /system/priv-app/Settings/lib/x86
05-26 00:47:29.791  1628  1628 I ActivityManager: Loaded persisted task ids for user 0
05-26 00:47:29.793  1399  1399 I MediaPlayerService: MediaPlayerService::getOMX
05-26 00:47:29.793  1399  1399 I OMXClient: MuxOMX ctor
05-26 00:47:29.793  1396  1794 I OMXMaster: makeComponentInstance(OMX.google.gsm.decoder) in mediacodec process
05-26 00:47:29.797  1832  1832 W art     : Unexpected CPU variant for X86 using defaults: x86
05-26 00:47:29.804  1628  1628 I ActivityManager: Start proc 1832:com.android.settings/1000 for activity com.android.settings/.FallbackHome
05-26 00:47:29.811  1628  1628 W ContextImpl: Calling a method in the system process without a qualified user: android.app.ContextImpl.startService:1385 com.android.server.content.SyncManager$13.run:631 android.os.Handler.handleCallback:751 android.os.Handler.dispatchMessage:95 android.os.Looper.loop:154 
05-26 00:47:29.812  1628  1640 W LocationProviderProxy-network: Odd, no component found for service com.android.location.service.v3.NetworkLocationProvider
05-26 00:47:29.812  1628  1640 W GeocoderProxy: Odd, no component found for service com.android.location.service.GeocodeProvider
05-26 00:47:29.812  1628  1640 W GeofenceProxy: Odd, no component found for service com.android.location.service.GeofenceProvider
05-26 00:47:29.812  1628  1640 W ActivityRecognitionProxy: Odd, no component found for service com.android.location.service.ActivityRecognitionProvider
05-26 00:47:29.817  1399  1399 I MediaPlayerService: MediaPlayerService::getOMX
05-26 00:47:29.817  1399  1399 I OMXClient: MuxOMX ctor
05-26 00:47:29.817  1396  1405 I OMXMaster: makeComponentInstance(OMX.google.mpeg4.decoder) in mediacodec process
05-26 00:47:29.818  1628  1628 D ConditionProviders.SCP: onConnected
05-26 00:47:29.820  1628  1628 D ConditionProviders: Subscribing to condition://android/schedule?days=6.7&start=23.30&end=10.0&exitAtAlarm=false with ComponentInfo{android/com.android.server.notification.ScheduleConditionProvider}
05-26 00:47:29.820  1628  1628 D ConditionProviders: Subscribing to condition://android/event?userId=-10000&calendar=&reply=1 with ComponentInfo{android/com.android.server.notification.EventConditionProvider}
05-26 00:47:29.820  1628  1628 D ConditionProviders: Subscribing to condition://android/schedule?days=1.2.3.4.5&start=22.0&end=7.0&exitAtAlarm=false with ComponentInfo{android/com.android.server.notification.ScheduleConditionProvider}
05-26 00:47:29.825  1628  1676 I WifiScanningService: wifi driver unloaded
05-26 00:47:29.825  1628  1628 D RttService: SCAN_AVAILABLE : 1
05-26 00:47:29.825  1628  1677 D RttService: DefaultState got{ when=0 what=160513 target=com.android.internal.util.StateMachine$SmHandler }
05-26 00:47:29.833  1817  1817 W System  : ClassLoader referenced unknown path: /system/priv-app/TeleService/lib/x86
05-26 00:47:29.835  1396  1396 E OMXNodeInstance: getExtensionIndex(574000f:google.mpeg4.decoder, OMX.google.android.index.configureVideoTunnelMode) ERROR: UnsupportedIndex(0x8000101a)
05-26 00:47:29.835  1396  1396 W OMXNodeInstance: [574000f:google.mpeg4.decoder] component does not support metadata mode; using fallback
05-26 00:47:29.836  1694  1781 I LatinIME:LogUtils: Dictionary info: dictionary = userunigram.en_US ; version = 1653506249 ; date = ?
05-26 00:47:29.837  1694  1781 E ActivityThread: Failed to find provider info for user_dictionary
05-26 00:47:29.837  1399  1399 I MediaPlayerService: MediaPlayerService::getOMX
05-26 00:47:29.837  1399  1399 I OMXClient: MuxOMX ctor
05-26 00:47:29.837  1396  1396 I OMXMaster: makeComponentInstance(OMX.google.h263.decoder) in mediacodec process
05-26 00:47:29.838  1694  1781 I LatinIME:LogUtils: Dictionary info: dictionary = UserHistoryDictionary.en_US ; version = 1653506249 ; date = ?
05-26 00:47:29.851  1396  1794 E OMXNodeInstance: getExtensionIndex(5740010:google.h263.decoder, OMX.google.android.index.configureVideoTunnelMode) ERROR: UnsupportedIndex(0x8000101a)
05-26 00:47:29.851  1396  1405 W OMXNodeInstance: [5740010:google.h263.decoder] component does not support metadata mode; using fallback
05-26 00:47:29.851  1694  1781 I LatinIME:LogUtils: Dictionary info: dictionary = main:en ; version = 54 ; date = 1414726273
05-26 00:47:29.852  1399  1399 I MediaPlayerService: MediaPlayerService::getOMX
05-26 00:47:29.852  1399  1399 I OMXClient: MuxOMX ctor
05-26 00:47:29.852  1396  1396 I OMXMaster: makeComponentInstance(OMX.google.h264.decoder) in mediacodec process
05-26 00:47:29.866  1628  1628 W System  : ClassLoader referenced unknown path: /system/priv-app/Telecom/lib/x86
05-26 00:47:29.869  1399  1399 W ACodec  : [OMX.google.h264.decoder] stopping checking profiles after 32: 2/8000
05-26 00:47:29.869  1396  1794 E OMXNodeInstance: getExtensionIndex(5740011:google.h264.decoder, OMX.google.android.index.configureVideoTunnelMode) ERROR: UnsupportedIndex(0x8000101a)
05-26 00:47:29.869  1396  1396 W OMXNodeInstance: [5740011:google.h264.decoder] component does not support metadata mode; using fallback
05-26 00:47:29.870  1399  1399 I MediaPlayerService: MediaPlayerService::getOMX
05-26 00:47:29.870  1399  1399 I OMXClient: MuxOMX ctor
05-26 00:47:29.870  1396  1405 I OMXMaster: makeComponentInstance(OMX.google.hevc.decoder) in mediacodec process
05-26 00:47:29.883  1396  1396 E OMXNodeInstance: getExtensionIndex(5740012:google.hevc.decoder, OMX.google.android.index.configureVideoTunnelMode) ERROR: UnsupportedIndex(0x8000101a)
05-26 00:47:29.883  1396  1794 W OMXNodeInstance: [5740012:google.hevc.decoder] component does not support metadata mode; using fallback
05-26 00:47:29.885  1399  1399 I MediaPlayerService: MediaPlayerService::getOMX
05-26 00:47:29.885  1399  1399 I OMXClient: MuxOMX ctor
05-26 00:47:29.885  1396  1405 I OMXMaster: makeComponentInstance(OMX.google.vp8.decoder) in mediacodec process
05-26 00:47:29.896  1817  1817 W System  : ClassLoader referenced unknown path: /system/priv-app/TelephonyProvider/lib/x86
05-26 00:47:29.897  1709  1709 I vol.Events: writeEvent collection_started
05-26 00:47:29.901  1396  1794 E OMXNodeInstance: getExtensionIndex(5740013:google.vp8.decoder, OMX.google.android.index.configureVideoTunnelMode) ERROR: UnsupportedIndex(0x8000101a)
05-26 00:47:29.901  1396  1396 W OMXNodeInstance: [5740013:google.vp8.decoder] component does not support metadata mode; using fallback
05-26 00:47:29.902  1709  1858 I vol.Events: writeEvent external_ringer_mode_changed normal
05-26 00:47:29.902  1709  1858 I vol.Events: writeEvent internal_ringer_mode_changed normal
05-26 00:47:29.903  1399  1399 I MediaPlayerService: MediaPlayerService::getOMX
05-26 00:47:29.904  1399  1399 I OMXClient: MuxOMX ctor
05-26 00:47:29.904  1396  1794 I OMXMaster: makeComponentInstance(OMX.google.vp9.decoder) in mediacodec process
05-26 00:47:29.916  1396  1405 E OMXNodeInstance: getExtensionIndex(5740014:google.vp9.decoder, OMX.google.android.index.configureVideoTunnelMode) ERROR: UnsupportedIndex(0x8000101a)
05-26 00:47:29.917  1396  1396 W OMXNodeInstance: [5740014:google.vp9.decoder] component does not support metadata mode; using fallback
05-26 00:47:29.918  1399  1399 I MediaPlayerService: MediaPlayerService::getOMX
05-26 00:47:29.919  1399  1399 I OMXClient: MuxOMX ctor
05-26 00:47:29.919  1396  1794 I OMXMaster: makeComponentInstance(OMX.google.h263.encoder) in mediacodec process
05-26 00:47:29.923  1817  1817 D TelephonyProvider: dbh.onOpen: ok, queried table=siminfo
05-26 00:47:29.923  1817  1817 D TelephonyProvider: dbh.onOpen: ok, queried table=carriers
05-26 00:47:29.930  1396  1794 I SoftMPEG4Encoder: Construct SoftMPEG4Encoder
05-26 00:47:29.932  1399  1399 W ACodec  : do not know color format 0x7f000789 = 2130708361
05-26 00:47:29.932  1396  1405 E OMXNodeInstance: getConfig(5740015:google.h263.encoder, ConfigAndroidIntraRefresh(0x6f60000a)) ERROR: Undefined(0x80001001)
05-26 00:47:29.933  1399  1399 I MediaPlayerService: MediaPlayerService::getOMX
05-26 00:47:29.933  1628  1628 E BluetoothAdapter: Bluetooth binder is null
05-26 00:47:29.933  1399  1399 I OMXClient: MuxOMX ctor
05-26 00:47:29.933  1396  1794 I OMXMaster: makeComponentInstance(OMX.google.h264.encoder) in mediacodec process
05-26 00:47:29.940  1628  1635 W art     : Suspending all threads took: 6.141ms
05-26 00:47:29.947  1628  1628 I Telecom : SystemStateProvider: Registering car mode receiver: android.content.IntentFilter@1444460: TS.init@AAA
05-26 00:47:29.949  1399  1399 W ACodec  : do not know color format 0x7f000789 = 2130708361
05-26 00:47:29.950  1399  1399 I MediaPlayerService: MediaPlayerService::getOMX
05-26 00:47:29.950  1399  1399 I OMXClient: MuxOMX ctor
05-26 00:47:29.950  1628  1635 I art     : Background sticky concurrent mark sweep GC freed 45891(2MB) AllocSpace objects, 13(252KB) LOS objects, 18% free, 14MB/17MB, paused 7.659ms total 33.277ms
05-26 00:47:29.950  1396  1794 I OMXMaster: makeComponentInstance(OMX.google.mpeg4.encoder) in mediacodec process
05-26 00:47:29.959  1396  1794 I SoftMPEG4Encoder: Construct SoftMPEG4Encoder
05-26 00:47:29.960  1399  1399 W ACodec  : do not know color format 0x7f000789 = 2130708361
05-26 00:47:29.960  1396  1405 E OMXNodeInstance: getConfig(5740017:google.mpeg4.encoder, ConfigAndroidIntraRefresh(0x6f60000a)) ERROR: Undefined(0x80001001)
05-26 00:47:29.961  1399  1399 I MediaPlayerService: MediaPlayerService::getOMX
05-26 00:47:29.962  1399  1399 I OMXClient: MuxOMX ctor
05-26 00:47:29.962  1396  1396 I OMXMaster: makeComponentInstance(OMX.google.vp8.encoder) in mediacodec process
05-26 00:47:29.972  1628  1873 I Telecom : Telecom: Non-call EVENT: AUDIO_ROUTE, Entering state QuiescentEarpieceRoute
05-26 00:47:29.975  1628  1673 D WifiController: DEFERRED_TOGGLE handled
05-26 00:47:29.975  1628  1874 I Telecom : CallAudioModeStateMachine: Message received: null.: TS.init->CAMSM.pM_1@AAA_0
05-26 00:47:29.976  1399  1399 W ACodec  : do not know color format 0x7f000789 = 2130708361
05-26 00:47:29.976  1396  1794 E OMXNodeInstance: getConfig(5740018:google.vp8.encoder, ConfigAndroidIntraRefresh(0x6f60000a)) ERROR: Undefined(0x80001001)
05-26 00:47:29.976  1400  1626 D SoftapController: Softap fwReload - Ok
05-26 00:47:29.977  1399  1399 I MediaPlayerService: MediaPlayerService::getOMX
05-26 00:47:29.978  1399  1399 I OMXClient: MuxOMX ctor
05-26 00:47:29.978  1400  1626 D CommandListener: Setting iface cfg
05-26 00:47:29.978  1400  1626 D CommandListener: Trying to bring down wlan0
05-26 00:47:29.978  1400  1626 D CommandListener: Clearing all IP addresses on wlan0
05-26 00:47:29.979  1399  1399 I MediaPlayerService: MediaPlayerService::getOMX
05-26 00:47:29.979  1399  1399 I OMXClient: MuxOMX ctor
05-26 00:47:29.980  1628  1674 E WifiMonitor: killSupplicant p2pfalse init.svc.wpa_supplicant=unknown init.svc.p2p_supplicant=unknown
05-26 00:47:29.980  1399  1399 W MediaCodecList: unable to open media codecs configuration xml file: /data/misc/media/media_codecs_profiling_results.xml
05-26 00:47:29.980  1628  1877 E ActivityThread: Failed to find provider info for call_log
05-26 00:47:29.981  1628  1628 E BluetoothAdapter: Bluetooth binder is null
05-26 00:47:29.981  1399  1853 I MediaPlayerService: MediaPlayerService::getOMX
05-26 00:47:29.981  1399  1775 I MediaPlayerService: MediaPlayerService::getOMX
05-26 00:47:29.981  1709  1849 I OMXClient: MuxOMX ctor
05-26 00:47:29.981  1628  1761 I OMXClient: MuxOMX ctor
05-26 00:47:29.982  1396  1794 I OMXMaster: makeComponentInstance(OMX.google.vorbis.decoder) in mediacodec process
05-26 00:47:29.985  1628  1628 I Telecom : Class: TelecomSystem.INSTANCE being set
05-26 00:47:29.985  1628  1628 E BluetoothAdapter: Bluetooth binder is null
05-26 00:47:29.993  1628  1674 E wifi    : Can not initialize the vendor function pointer table
05-26 00:47:29.993  1628  1674 E WifiNative-HAL: Could not start hal
05-26 00:47:29.993  1628  1674 E WifiStateMachine: Failed to start HAL
05-26 00:47:29.996  1832  1832 W System  : ClassLoader referenced unknown path: /system/priv-app/Settings/lib/x86
05-26 00:47:30.003  1628  1674 D WifiMonitor: startMonitoring(wlan0) with mConnected = false
05-26 00:47:30.003  1628  1674 E WifiHW  : Unable to open connection to supplicant on "@android:wpa_wlan0": No such file or directory
05-26 00:47:30.006  1396  1405 I OMXMaster: makeComponentInstance(OMX.google.vorbis.decoder) in mediacodec process
05-26 00:47:30.011  1628  1628 W System  : ClassLoader referenced unknown path: /system/priv-app/FusedLocation/lib/x86
05-26 00:47:30.018  1709  1858 I vol.Events: writeEvent level_changed STREAM_ALARM 6
05-26 00:47:30.019  1709  1858 I vol.Events: writeEvent level_changed STREAM_BLUETOOTH_SCO 7
