05-26 00:47:32.616  2310  2336 I Bugle   : ApnsOta: OTA version -1
05-26 00:47:32.622  2310  2340 W Bugle   : canonicalizeMccMnc: invalid mccmnc:null ,null
05-26 00:47:32.625  1628  1888 D MmsServiceBroker: getCarrierConfigValues() by com.google.android.apps.messaging
05-26 00:47:32.625  1628  1888 W MmsServiceBroker: MmsService not connected. Try connecting...
05-26 00:47:32.625  1628  1628 I MmsServiceBroker: Connecting to MmsService
05-26 00:47:32.625  1628  1628 W ContextImpl: Calling a method in the system process without a qualified user: android.app.ContextImpl.bindService:1449 com.android.server.MmsServiceBroker.tryConnecting:241 com.android.server.MmsServiceBroker.-wrap3:-1 com.android.server.MmsServiceBroker$1.handleMessage:83 android.os.Handler.dispatchMessage:102 
05-26 00:47:32.628  1817  1817 W System  : ClassLoader referenced unknown path: /system/priv-app/MmsService/lib/x86
05-26 00:47:32.631  1817  1817 D MmsService: onCreate
05-26 00:47:32.633  1628  1628 I MmsServiceBroker: MmsService connected
05-26 00:47:32.633  1817  1817 I MmsService: MmsConfigManager receiver action: android.intent.action.SIM_STATE_CHANGED
05-26 00:47:32.633  1817  1817 I MmsService: MmsConfigManager receiver action: android.telephony.action.CARRIER_CONFIG_CHANGED
05-26 00:47:32.633  1817  2011 D MmsService: getCarrierConfigValues
05-26 00:47:32.633  1817  2011 I MmsService: mms config for sub 1: null
05-26 00:47:32.634  2310  2340 I Bugle   : Carrier configs loaded: Bundle[{spamForwardingNumber=7726, maxImageHeight=1944, maxMessageSize=1048576, maxImageWidth=2592}] from resources+system for subId=1
05-26 00:47:32.636  1817  2341 I MmsService: MmsConfigManager loads in background mcc/mnc: 310/260
05-26 00:47:32.636  1817  2343 I MmsService: MmsConfigManager loads in background mcc/mnc: 310/260
05-26 00:47:32.637  1817  2342 I MmsService: MmsConfigManager loads in background mcc/mnc: 310/260
05-26 00:47:32.637  2210  2344 I chatty  : uid=10013(com.google.android.gms) lowpool[0] expire 1 line
05-26 00:47:32.650  2310  2340 W Bugle   : canonicalizeMccMnc: invalid mccmnc:null ,null
05-26 00:47:32.656  1628  2091 D MmsServiceBroker: getCarrierConfigValues() by com.google.android.apps.messaging
05-26 00:47:32.661  1817  1909 D MmsService: getCarrierConfigValues
05-26 00:47:32.661  1817  1909 I MmsService: mms config for sub 1: Bundle[{httpSocketTimeout=60000, aliasMinChars=2, smsToMmsTextThreshold=-1, enableSMSDeliveryReports=true, maxMessageTextSize=-1, supportMmsContentDisposition=true, enabledTransID=false, aliasEnabled=false, supportHttpCharsetHeader=false, allowAttachAudio=true, smsToMmsTextLengthThreshold=-1, recipientLimit=2147483647, uaProfTagName=x-wap-profile, aliasMaxChars=48, maxImageHeight=1944, enableMMSDeliveryReports=false, userAgent=, config_cellBroadcastAppLinks=true, maxSubjectLength=40, httpParams=, enableGroupMms=true, emailGatewayNumber=, maxMessageSize=1048576, naiSuffix=, enableMMSReadReports=false, maxImageWidth=2592, uaProfUrl=, enabledMMS=false, enabledNotifyWapMMSC=false, sendMultipartSmsAsSeparateMessages=false, enableMultipartSMS=true}]
05-26 00:47:32.661  2310  2340 I Bugle   : Carrier configs loaded: Bundle[{httpSocketTimeout=60000, aliasMinChars=2, smsToMmsTextThreshold=-1, enableSMSDeliveryReports=true, maxMessageTextSize=-1, supportMmsContentDisposition=true, enabledTransID=false, aliasEnabled=false, supportHttpCharsetHeader=false, allowAttachAudio=true, spamForwardingNumber=7726, smsToMmsTextLengthThreshold=-1, recipientLimit=2147483647, uaProfTagName=x-wap-profile, aliasMaxChars=48, maxImageHeight=1944, enableMMSDeliveryReports=false, userAgent=, config_cellBroadcastAppLinks=true, maxSubjectLength=40, httpParams=, enableGroupMms=true, emailGatewayNumber=, maxMessageSize=1048576, naiSuffix=, enableMMSReadReports=false, maxImageWidth=2592, uaProfUrl=, enabledMMS=false, enabledNotifyWapMMSC=false, sendMultipartSmsAsSeparateMessages=false, enableMultipartSMS=true}] from resources+system for subId=1
05-26 00:47:32.662  2310  2339 I BugleDataModel: Fixup: Send failed - 0 Download failed - 0
05-26 00:47:32.683  2310  2336 W Bugle   : canonicalizeMccMnc: invalid mccmnc:null ,null
05-26 00:47:32.688  1628  1638 D MmsServiceBroker: getCarrierConfigValues() by com.google.android.apps.messaging
05-26 00:47:32.688  1817  1830 D MmsService: getCarrierConfigValues
05-26 00:47:32.688  1817  1830 I MmsService: mms config for sub 1: Bundle[{httpSocketTimeout=60000, aliasMinChars=2, smsToMmsTextThreshold=-1, enableSMSDeliveryReports=true, maxMessageTextSize=-1, supportMmsContentDisposition=true, enabledTransID=false, aliasEnabled=false, supportHttpCharsetHeader=false, allowAttachAudio=true, smsToMmsTextLengthThreshold=-1, recipientLimit=2147483647, uaProfTagName=x-wap-profile, aliasMaxChars=48, maxImageHeight=1944, enableMMSDeliveryReports=false, userAgent=, config_cellBroadcastAppLinks=true, maxSubjectLength=40, httpParams=, enableGroupMms=true, emailGatewayNumber=, maxMessageSize=1048576, naiSuffix=, enableMMSReadReports=false, maxImageWidth=2592, uaProfUrl=, enabledMMS=false, enabledNotifyWapMMSC=false, sendMultipartSmsAsSeparateMessages=false, enableMultipartSMS=true}]
05-26 00:47:32.690  2310  2336 I Bugle   : Carrier configs loaded: Bundle[{httpSocketTimeout=60000, aliasMinChars=2, smsToMmsTextThreshold=-1, enableSMSDeliveryReports=true, maxMessageTextSize=-1, supportMmsContentDisposition=true, enabledTransID=false, aliasEnabled=false, supportHttpCharsetHeader=false, allowAttachAudio=true, spamForwardingNumber=7726, smsToMmsTextLengthThreshold=-1, recipientLimit=2147483647, uaProfTagName=x-wap-profile, aliasMaxChars=48, maxImageHeight=1944, enableMMSDeliveryReports=false, userAgent=, config_cellBroadcastAppLinks=true, maxSubjectLength=40, httpParams=, enableGroupMms=true, emailGatewayNumber=, maxMessageSize=1048576, naiSuffix=, enableMMSReadReports=false, maxImageWidth=2592, uaProfUrl=, enabledMMS=false, enabledNotifyWapMMSC=false, sendMultipartSmsAsSeparateMessages=false, enableMultipartSMS=true}] from resources+system for subId=1
05-26 00:47:32.707  2210  2348 I chatty  : uid=10013(com.google.android.gms) highpool[0] expire 37 lines
05-26 00:47:32.801  2210  2223 I chatty  : uid=10013(com.google.android.gms) Binder:2210_2 expire 2 lines
05-26 00:47:32.805  2059  2333 I chatty  : uid=10013(com.google.android.gms) GeofencerStateM expire 1 line
05-26 00:47:32.831  1628  2087 D CountryDetector: The first listener is added
05-26 00:47:32.832  1694  1694 I LatinIME: Timeout waiting for dictionary load
05-26 00:47:32.856  2210  2379 I chatty  : uid=10013(com.google.android.gms) highpool[1] expire 1 line
05-26 00:47:32.858  2210  2382 I chatty  : uid=10013(com.google.android.gms) highpool[2] expire 3 lines
05-26 00:47:32.909  2210  2386 I chatty  : uid=10013(com.google.android.gms) highpool[3] expire 1 line
05-26 00:47:32.974  2059  2370 I chatty  : uid=10013(com.google.android.gms) GoogleLocationS expire 2 lines
05-26 00:47:33.013  2210  2353 I chatty  : uid=10013(com.google.android.gms) lowpool[1] expire 19 lines
05-26 00:47:33.017  1628  1674 D WifiNative-HAL: Failing getSupportedFeatureset because HAL isn't started
05-26 00:47:33.073  2210  2348 E ActivityThread: Failed to find provider info for com.google.android.wearable.settings
05-26 00:47:33.135  1628  2408 I RecoverySystem: No recovery log file
05-26 00:47:33.144  2410  2410 W art     : Unexpected CPU variant for X86 using defaults: x86
05-26 00:47:33.147  1628  2408 I BootReceiver: Copying audit failures to DropBox
05-26 00:47:33.147  1628  2408 I BootReceiver: Checking for fsck errors
05-26 00:47:33.150  1628  1996 I ActivityManager: Start proc 2410:com.android.dialer/u0a9 for broadcast com.android.dialer/.calllog.CallLogReceiver
05-26 00:47:33.160  2059  2401 I chatty  : uid=10013 com.google.android.gms.persistent expire 2 lines
05-26 00:47:33.181  2410  2410 W System  : ClassLoader referenced unknown path: /system/priv-app/Dialer/lib/x86
05-26 00:47:33.206  2210  2366 I chatty  : uid=10013(com.google.android.gms) expire 6 lines
05-26 00:47:33.227  2410  2410 D ExtensionsFactory: No custom extensions.
05-26 00:47:33.230  2410  2410 D BlockedNumbersAuto: Not attempting auto-migrate: already checked once.
05-26 00:47:33.234  2435  2435 I chatty  : uid=10013 com.google.android.gms.unstable expire 14 lines
05-26 00:47:33.241  1628  2089 I ActivityManager: Start proc 2435:com.google.android.gms.unstable/u0a13 for service com.google.android.gms/.droidguard.DroidGuardService
05-26 00:47:33.248  1817  1817 V OtaStartupReceiver: onOtaspChanged: mOtaspMode=3
05-26 00:47:33.248  1628  1674 D WIFI    : Registering NetworkFactory
05-26 00:47:33.248  1628  1674 D WIFI_UT : Registering NetworkFactory
05-26 00:47:33.249  1817  1817 D CarrierConfigLoader: mHandler: 13 phoneId: 0
05-26 00:47:33.249  1628  1678 D ConnectivityService: Got NetworkFactory Messenger for WIFI
05-26 00:47:33.249  1817  1817 D CarrierConfigLoader: mHandler: 7 phoneId: 0
05-26 00:47:33.249  1628  1678 D ConnectivityService: Got NetworkFactory Messenger for WIFI_UT
05-26 00:47:33.249  1628  1674 D WIFI    : got request NetworkRequest [ id=1, legacyType=-1, [ Capabilities: INTERNET&NOT_RESTRICTED&TRUSTED&NOT_VPN] ] with score 50
05-26 00:47:33.250  1817  1817 D CarrierConfigLoader: Loaded config from XML. package=com.android.carrierconfig phoneId=0
05-26 00:47:33.250  1817  1817 D CarrierConfigLoader: mHandler: 5 phoneId: 0
05-26 00:47:33.250  1628  1674 D WIFI_UT : got request NetworkRequest [ id=1, legacyType=-1, [ Capabilities: INTERNET&NOT_RESTRICTED&TRUSTED&NOT_VPN] ] with score 50
05-26 00:47:33.250  1943  1943 I AlarmClock: AlarmInitReceiver android.intent.action.BOOT_COMPLETED
05-26 00:47:33.252  1817  1817 I MmsService: MmsConfigManager receiver action: android.telephony.action.CARRIER_CONFIG_CHANGED
05-26 00:47:33.252  2310  2310 I Bugle   : Carrier config changed. Reloading MMS config.
05-26 00:47:33.252  1817  2452 I MmsService: MmsConfigManager loads in background mcc/mnc: 310/260
05-26 00:47:33.254  1628  1628 I Telecom : PhoneAccountRegistrar: SimCallManager queried, returning: null: TSI.gSCMFU@ADk
05-26 00:47:33.269  1694  1694 I SystemBroadcastReceiver: Boot has been completed
05-26 00:47:33.269  1694  1694 I SystemBroadcastReceiver: toggleAppIcon() : FLAG_SYSTEM = true
05-26 00:47:33.276  2310  2328 W Bugle   : canonicalizeMccMnc: invalid mccmnc:null ,null
05-26 00:47:33.282  2454  2454 W art     : Unexpected CPU variant for X86 using defaults: x86
05-26 00:47:33.287  2410  2449 W CountryDetector: No location permissions, not registering for location updates.
05-26 00:47:33.289  1628  1888 I ActivityManager: Start proc 2454:com.android.managedprovisioning/u0a20 for broadcast com.android.managedprovisioning/.BootReminder
05-26 00:47:33.290  1628  1995 D MmsServiceBroker: getCarrierConfigValues() by com.google.android.apps.messaging
05-26 00:47:33.290  1817  1830 D MmsService: getCarrierConfigValues
05-26 00:47:33.291  1817  1830 I MmsService: mms config for sub 1: Bundle[{httpSocketTimeout=60000, aliasMinChars=2, smsToMmsTextThreshold=-1, enableSMSDeliveryReports=true, maxMessageTextSize=-1, supportMmsContentDisposition=true, enabledTransID=false, aliasEnabled=false, supportHttpCharsetHeader=false, allowAttachAudio=true, smsToMmsTextLengthThreshold=-1, recipientLimit=2147483647, uaProfTagName=x-wap-profile, aliasMaxChars=48, maxImageHeight=1944, enableMMSDeliveryReports=false, userAgent=, config_cellBroadcastAppLinks=true, maxSubjectLength=40, httpParams=, enableGroupMms=true, emailGatewayNumber=, maxMessageSize=1048576, naiSuffix=, enableMMSReadReports=false, maxImageWidth=2592, uaProfUrl=, enabledMMS=false, enabledNotifyWapMMSC=false, sendMultipartSmsAsSeparateMessages=false, enableMultipartSMS=true}]
05-26 00:47:33.293  2310  2328 I Bugle   : Carrier configs loaded: Bundle[{httpSocketTimeout=60000, aliasMinChars=2, smsToMmsTextThreshold=-1, enableSMSDeliveryReports=true, maxMessageTextSize=-1, supportMmsContentDisposition=true, enabledTransID=false, aliasEnabled=false, supportHttpCharsetHeader=false, allowAttachAudio=true, spamForwardingNumber=7726, smsToMmsTextLengthThreshold=-1, recipientLimit=2147483647, uaProfTagName=x-wap-profile, aliasMaxChars=48, maxImageHeight=1944, enableMMSDeliveryReports=false, userAgent=, config_cellBroadcastAppLinks=true, maxSubjectLength=40, httpParams=, enableGroupMms=true, emailGatewayNumber=, maxMessageSize=1048576, naiSuffix=, enableMMSReadReports=false, maxImageWidth=2592, uaProfUrl=, enabledMMS=false, enabledNotifyWapMMSC=false, sendMultipartSmsAsSeparateMessages=false, enableMultipartSMS=true}] from resources+system for subId=1
05-26 00:47:33.299  2210  2360 I chatty  : uid=10013(com.google.android.gms) expire 2 lines
05-26 00:47:33.304  2454  2454 W System  : ClassLoader referenced unknown path: /system/priv-app/ManagedProvisioning/lib/x86
05-26 00:47:33.310  1628  1648 W WindowManager: App freeze timeout expired.
05-26 00:47:33.317  1817  1817 V OmtpBootCompletedRcvr: processing deferred subId list
05-26 00:47:33.324  2470  2470 W art     : Unexpected CPU variant for X86 using defaults: x86
05-26 00:47:33.329  1628  1730 I ActivityManager: Start proc 2470:com.android.providers.calendar/u0a2 for broadcast com.android.providers.calendar/.CalendarReceiver
05-26 00:47:33.361  2470  2470 W System  : ClassLoader referenced unknown path: /system/priv-app/CalendarProvider/lib/x86
05-26 00:47:33.383  2470  2470 I CalendarProvider2: Created com.android.providers.calendar.CalendarAlarmManager@16f4d52(com.android.providers.calendar.CalendarProvider2@55f1823)
05-26 00:47:33.432  2059  2071 I chatty  : uid=10013(com.google.android.gms) Binder:2059_1 expire 3 lines
05-26 00:47:33.504  2435  2448 I chatty  : uid=10013(com.google.android.gms) Binder:2435_2 expire 11 lines
05-26 00:47:33.549  2495  2495 W art     : Unexpected CPU variant for X86 using defaults: x86
05-26 00:47:33.556  1628  2090 I ActivityManager: Start proc 2495:com.android.vending/u0a21 for broadcast com.android.vending/com.google.android.finsky.receivers.BootCompletedReceiver
05-26 00:47:33.572  2495  2495 W System  : ClassLoader referenced unknown path: /system/priv-app/Phonesky/lib/x86
05-26 00:47:33.662  2045  2489 W MediaScanner: Error opening directory '/oem/media/', skipping: No such file or directory.
05-26 00:47:33.685  2495  2495 W Finsky  : [1] com.google.android.finsky.FinskyApp.i(1468): No account configured on this device.
05-26 00:47:33.693  2495  2495 W Finsky  : [1] com.google.android.finsky.FinskyApp.i(1468): No account configured on this device.
05-26 00:47:33.696  2495  2495 W Finsky  : [1] com.google.android.finsky.FinskyApp.i(1468): No account configured on this device.
05-26 00:47:33.698  2495  2495 W Finsky  : [1] com.google.android.finsky.FinskyApp.i(1468): No account configured on this device.
05-26 00:47:33.711  2495  2495 I Finsky  : [1] com.google.android.finsky.FinskyApp.onCreate(430): Initializing network with DFE https://android.clients.google.com/fdfe/
05-26 00:47:33.711  2495  2495 W Finsky  : [1] com.google.android.finsky.FinskyApp.i(1468): No account configured on this device.
05-26 00:47:33.722  1628  2037 V KeyValueBackupJob: Scheduling k/v pass in 241 minutes
05-26 00:47:33.729  2495  2495 W Finsky  : [1] com.google.android.finsky.FinskyApp.i(1468): No account configured on this device.
05-26 00:47:33.731  2495  2495 W Finsky  : [1] com.google.android.finsky.FinskyApp.i(1468): No account configured on this device.
05-26 00:47:33.732  2495  2495 W Finsky  : [1] com.google.android.finsky.FinskyApp.i(1468): No account configured on this device.
05-26 00:47:33.733  2495  2495 W Finsky  : [1] com.google.android.finsky.FinskyApp.i(1468): No account configured on this device.
05-26 00:47:33.737  2495  2495 W Finsky  : [1] com.google.android.finsky.FinskyApp.i(1468): No account configured on this device.
05-26 00:47:33.738  2495  2495 W Finsky  : [1] com.google.android.finsky.FinskyApp.i(1468): No account configured on this device.
05-26 00:47:33.747  2495  2495 W Finsky  : [1] com.google.android.finsky.FinskyApp.i(1468): No account configured on this device.
05-26 00:47:33.747  2495  2495 W Finsky  : [1] com.google.android.finsky.FinskyApp.i(1468): No account configured on this device.
05-26 00:47:33.749  2495  2495 I Finsky  : [1] com.google.android.finsky.services.DailyHygiene.a(171): No need to run daily hygiene.
05-26 00:47:33.749  2495  2495 W Finsky  : [1] com.google.android.finsky.FinskyApp.i(1468): No account configured on this device.
05-26 00:47:33.754  2495  2495 W Settings: Setting download_manager_max_bytes_over_mobile has moved from android.provider.Settings.Secure to android.provider.Settings.Global.
05-26 00:47:33.754  2495  2495 W Settings: Setting download_manager_recommended_max_bytes_over_mobile has moved from android.provider.Settings.Secure to android.provider.Settings.Global.
05-26 00:47:33.763  2495  2495 W Finsky  : [1] com.google.android.finsky.FinskyApp.i(1468): No account configured on this device.
05-26 00:47:33.763  2495  2495 W Finsky  : [1] com.google.android.finsky.FinskyApp.i(1468): No account configured on this device.
05-26 00:47:33.764  2495  2495 W Finsky  : [1] com.google.android.finsky.FinskyApp.i(1468): No account configured on this device.
05-26 00:47:33.764  2495  2495 W Finsky  : [1] com.google.android.finsky.FinskyApp.i(1468): No account configured on this device.
05-26 00:47:33.765  2495  2495 W Finsky  : [1] com.google.android.finsky.FinskyApp.i(1468): No account configured on this device.
05-26 00:47:33.766  2495  2495 W Finsky  : [1] com.google.android.finsky.FinskyApp.b(1150): No account configured on this device.
05-26 00:47:33.769  2495  2495 W Finsky  : [1] com.google.android.finsky.FinskyApp.i(1468): No account configured on this device.
05-26 00:47:33.771  2495  2536 W Finsky  : [145] com.google.android.finsky.FinskyApp.i(1468): No account configured on this device.
05-26 00:47:33.775  2537  2537 W art     : Unexpected CPU variant for X86 using defaults: x86
05-26 00:47:33.781  1628  1638 I ActivityManager: Start proc 2537:com.google.android.apps.maps/u0a58 for broadcast com.google.android.apps.maps/com.google.android.apps.gmm.navigation.service.detection.StartDetectionReceiver
05-26 00:47:33.797  2537  2537 W System  : ClassLoader referenced unknown path: /system/app/Maps/lib/x86
05-26 00:47:33.892  2495  2495 I Finsky  : [1] com.google.android.finsky.c.l.a(270): result=false type=4
05-26 00:47:33.898  2495  2495 I Finsky  : [1] com.google.android.finsky.services.bc.a(1050): Restore complete with 0 success and 0 failed.
05-26 00:47:33.900  2495  2536 W Finsky  : [145] com.google.android.finsky.FinskyApp.i(1468): No account configured on this device.
05-26 00:47:34.094  2568  2568 W art     : Unexpected CPU variant for X86 using defaults: x86
05-26 00:47:34.096  1628  2091 I ActivityManager: Start proc 2568:com.google.android.apps.photos/u0a63 for broadcast com.google.android.apps.photos/.camerashortcut.CameraShortcutBroadcastReceiver
05-26 00:47:34.113  2537  2556 W com.google.a.a.b.d.a: Application name is not set. Call Builder#setApplicationName.
05-26 00:47:34.169  2568  2568 W System  : ClassLoader referenced unknown path: /system/app/Photos/lib/x86
05-26 00:47:34.276  2310  2584 I BugleDataModel: ExpireWapPushSiMessageAction
05-26 00:47:34.278  2310  2584 V BugleDataModel: getOrCreateThreadId uri: content://mms-sms/threadID?recipient=%CA%BCWAP_PUSH_SI!%CA%BC
05-26 00:47:34.287  2310  2584 W BugleDataModel: ExpireWapPushSiMessageAction: no WAP Push SI messages
05-26 00:47:34.364  2568  2568 W TrustedPartners: no provider found for com.motorola.camera.provider.bestshotprovider.BestShotProvider; do not trust
05-26 00:47:34.364  2568  2568 W TrustedPartners: no provider found for com.google.android.apps.photos.api.SpecialTypesProvider; do not trust
05-26 00:47:34.364  2568  2568 W TrustedPartners: no provider found for com.lge.photos.specialtypeprovider; do not trust
05-26 00:47:34.373  2596  2596 W art     : Unexpected CPU variant for X86 using defaults: x86
05-26 00:47:34.379  1628  1901 I ActivityManager: Start proc 2596:com.google.android.apps.photos:CameraShortcut/u0a63 for service com.google.android.apps.photos/.camerashortcut.CameraShortcutServiceImpl
05-26 00:47:34.389  2596  2596 W System  : ClassLoader referenced unknown path: /system/app/Photos/lib/x86
05-26 00:47:34.408  2611  2611 W art     : Unexpected CPU variant for X86 using defaults: x86
05-26 00:47:34.415  1628  1995 I ActivityManager: Start proc 2611:com.google.android.calendar/u0a33 for broadcast com.google.android.calendar/com.android.calendar.alerts.AlertReceiver
05-26 00:47:34.429  2611  2611 W System  : ClassLoader referenced unknown path: /system/app/CalendarGooglePrebuilt/lib/x86
05-26 00:47:34.432  2470  2470 I CalendarProvider2: Sending notification intent: Intent { act=android.intent.action.PROVIDER_CHANGED dat=content://com.android.calendar flg=0x20000000 }
05-26 00:47:34.432  2470  2470 W ContentResolver: Failed to get type for: content://com.android.calendar (Unknown URL content://com.android.calendar)
05-26 00:47:34.452  2596  2596 W TrustedPartners: no provider found for com.motorola.camera.provider.bestshotprovider.BestShotProvider; do not trust
05-26 00:47:34.452  2596  2596 W TrustedPartners: no provider found for com.google.android.apps.photos.api.SpecialTypesProvider; do not trust
05-26 00:47:34.452  2596  2596 W TrustedPartners: no provider found for com.lge.photos.specialtypeprovider; do not trust
05-26 00:47:34.488  2210  2348 E ActivityThread: Failed to find provider info for com.google.android.wearable.settings
05-26 00:47:34.536  1628  1638 W ActivityManager: Unable to start service Intent { act=com.google.android.gms.playlog.service.START pkg=com.google.android.gms } U=0: not found
05-26 00:47:34.536  1628  1996 W ActivityManager: Unbind failed: could not find connection for android.os.BinderProxy@b0b957d
05-26 00:47:34.536  2611  2611 E GmsClient: unable to connect to service: com.google.android.gms.playlog.service.START
05-26 00:47:34.541  2611  2611 E TimelyPrefService: Primary account is null
05-26 00:47:34.560  2611  2611 W AnalyticsLogBase: PlayLogger.onLoggerFailedConnection
05-26 00:47:34.568  2654  2654 W art     : Unexpected CPU variant for X86 using defaults: x86
05-26 00:47:34.576  1628  1996 I ActivityManager: Start proc 2654:com.google.android.configupdater/u0a5 for broadcast com.google.android.configupdater/.CertPin.CertPinUpdateRequestReceiver
05-26 00:47:34.587  2654  2654 W System  : ClassLoader referenced unknown path: /system/priv-app/ConfigUpdater/lib/x86
05-26 00:47:34.603  2654  2654 E ConfigUpdater: ignoring update request
05-26 00:47:34.607  2654  2654 E ConfigUpdater: ignoring update request
05-26 00:47:34.610  2654  2654 E ConfigUpdater: ignoring update request
05-26 00:47:34.612  2654  2654 E ConfigUpdater: ignoring update request
05-26 00:47:34.615  2654  2654 E ConfigUpdater: ignoring update request
05-26 00:47:34.616  2654  2654 E ConfigUpdater: ignoring update request
05-26 00:47:34.618  2654  2654 E ConfigUpdater: ignoring update request
05-26 00:47:34.622  2686  2686 W art     : Unexpected CPU variant for X86 using defaults: x86
05-26 00:47:34.630  1628  1888 I ActivityManager: Start proc 2686:com.google.android.gm/u0a66 for broadcast com.google.android.gm/.GoogleMailDeviceStartupReceiver
05-26 00:47:34.646  2686  2686 W System  : ClassLoader referenced unknown path: /system/app/PrebuiltGmail/lib/x86
05-26 00:47:34.683  2686  2686 W EasBundling: in EasBundling.init, isBundlingEnabled=true
05-26 00:47:34.691  2686  2702 D ActivityThread: Loading provider com.google.android.gmail.provider;com.android.mail.notifier;com.google.android.gm.email.provider;com.google.android.gm.email.notifier: com.android.email.provider.EmailProvider
05-26 00:47:34.691  2686  2701 I Gmail   : getAccountsCursor
05-26 00:47:34.831  2686  2686 W GAV2    : Thread[main,5,main]: Need to call initialize() and be in fallback mode to start dispatch.
05-26 00:47:34.861  2686  2686 I Gmail   : Account list changed
05-26 00:47:34.865  2686  2710 I Gmail   : No Email application installed
05-26 00:47:34.865  2686  2710 I EmailMigration: No data to migrate
05-26 00:47:34.866  2686  2710 W EmailMigration: No Exchange migration, not the right Email provider version
05-26 00:47:34.868  2686  2701 I Gmail   : getAccountsCursor
05-26 00:47:34.877  2686  2686 W EasBundling: Gmail: isExchangeLegacy=false action=android.intent.action.BOOT_COMPLETED data=null
05-26 00:47:34.885  2686  2701 I Gmail   : getAccountsCursor
05-26 00:47:34.888  2686  2701 I Gmail   : getAccountsCursor
05-26 00:47:34.890  2686  2686 I Gmail   : Account list changed
05-26 00:47:34.935  2718  2718 W art     : Unexpected CPU variant for X86 using defaults: x86
05-26 00:47:34.942  1628  1730 I ActivityManager: Start proc 2718:com.google.android.onetimeinitializer/u0a16 for broadcast com.google.android.onetimeinitializer/.OneTimeInitializerReceiver
05-26 00:47:34.954  2718  2718 W System  : ClassLoader referenced unknown path: /system/priv-app/GoogleOneTimeInitializer/lib/x86
05-26 00:47:34.957  2718  2718 V OneTimeInitializerReceiver: OneTimeInitializerReceiver.onReceive
05-26 00:47:34.966  2718  2731 V OneTimeService: OneTimeService.onHandleIntent
05-26 00:47:34.966  2718  2731 V OneTimeService: Already run, doing nothing.
05-26 00:47:34.972  2686  2709 I Gmail   : Initiated Service map for: [gPop3, gLegacyImap, gEas, gmail]
05-26 00:47:34.979  1628  1639 I BroadcastQueue: Delay finish: com.google.android.partnersetup/.RlzPingBroadcastReceiver
05-26 00:47:34.979  1628  1901 I BroadcastQueue: Resuming delayed broadcast
05-26 00:47:34.984  2738  2738 W art     : Unexpected CPU variant for X86 using defaults: x86
05-26 00:47:34.992  1628  1901 I ActivityManager: Start proc 2738:com.google.process.gapps/u0a50 for broadcast com.google.android.syncadapters.contacts/.ContactsSyncAdapterBroadcastReceiver
05-26 00:47:34.996  2686  2686 I Exchange: EasService.onCreate
05-26 00:47:34.999  1628  1996 W ActivityManager: Unable to start service Intent { cmp=com.google.android.gm.exchange/com.android.exchange.service.EasService } U=0: not found
05-26 00:47:34.999  2686  2686 I Exchange: EasService.onCreate stoppedOldService=false
05-26 00:47:35.000  2686  2701 I Exchange: RestartPingTask
05-26 00:47:35.004  2738  2738 W System  : ClassLoader referenced unknown path: /system/app/GoogleContactsSyncAdapter/lib/x86
05-26 00:47:35.009  2241  2737 I RlzPingService: Setting next ping for 1653842649615
05-26 00:47:35.026  2059  2755 I chatty  : uid=10013 com.google.android.gms.persistent expire 1 line
05-26 00:47:35.036  2059  2759 I chatty  : uid=10013 com.google.android.gms.persistent expire 1 line
05-26 00:47:35.047  2738  2738 I GoogleHttpClient: GMS http client unavailable, use old client
05-26 00:47:35.066  1628  1639 W ActivityManager: Unable to start service Intent { cmp=com.google.android.gm/com.android.email.service.AttachmentService } U=0: not found
05-26 00:47:35.068  2686  2686 I Gmail   : Account list changed
05-26 00:47:35.073  2686  2686 I Exchange: RestartPingsTask did not start any pings.
05-26 00:47:35.073  2686  2686 I Exchange: PSS stopIfIdle
05-26 00:47:35.073  2686  2686 I Exchange: PSS has no active accounts; stopping service.
05-26 00:47:35.079  2686  2686 I Exchange: onDestroy
05-26 00:47:35.086  2766  2766 W art     : Unexpected CPU variant for X86 using defaults: x86
05-26 00:47:35.091  1628  2087 I ActivityManager: Start proc 2766:com.google.android.talk/u0a55 for broadcast com.google.android.talk/com.google.android.apps.hangouts.service.BootReceiver
05-26 00:47:35.093  2210  2221 I chatty  : uid=10013(com.google.android.gms) HeapTaskDaemon expire 2 lines
05-26 00:47:35.093  2686  2686 I Exchange: EasService.onCreate
05-26 00:47:35.094  1628  2090 W ActivityManager: Unable to start service Intent { cmp=com.google.android.gm.exchange/com.android.exchange.service.EasService } U=0: not found
05-26 00:47:35.094  2686  2686 I Exchange: EasService.onCreate stoppedOldService=false
05-26 00:47:35.096  2686  2709 I Exchange: RestartPingTask
05-26 00:47:35.097  2686  2765 I Gmail   : Observing account changes for notifications
05-26 00:47:35.103  2686  2686 I Exchange: RestartPingsTask did not start any pings.
05-26 00:47:35.103  2686  2686 I Exchange: PSS stopIfIdle
05-26 00:47:35.103  2686  2686 I Exchange: PSS has no active accounts; stopping service.
05-26 00:47:35.117  2210  2781 I chatty  : uid=10013(com.google.android.gms) expire 3 lines
05-26 00:47:35.119  2686  2686 I Exchange: onDestroy
05-26 00:47:35.119  2766  2766 W System  : ClassLoader referenced unknown path: /system/app/Hangouts/lib/x86
05-26 00:47:35.127  2210  2780 I chatty  : uid=10013(com.google.android.gms) expire 3 lines
05-26 00:47:35.158  2059  2074 I chatty  : uid=10013(com.google.android.gms) Binder:2059_2 expire 3 lines
05-26 00:47:35.158  2210  2363 I chatty  : uid=10013(com.google.android.gms) expire 2 lines
05-26 00:47:35.217  2059  2369 I chatty  : uid=10013(com.google.android.gms) Binder:2059_4 expire 1 line
05-26 00:47:35.236  2210  2784 I chatty  : uid=10013(com.google.android.gms) expire 3 lines
05-26 00:47:35.248  2210  2790 I chatty  : uid=10013(com.google.android.gms) expire 2 lines
05-26 00:47:35.281  1628  2089 V BackupManagerService: selectBackupTransport() set com.google.android.gms/.backup.BackupTransportService returning com.google.android.gms/.backup.BackupTransportService
05-26 00:47:35.327  2210  2763 I chatty  : uid=10013(com.google.android.gms) expire 3 lines
05-26 00:47:35.331  2059  2307 I chatty  : uid=10013(com.google.android.gms) Binder:2059_3 expire 3 lines
05-26 00:47:35.334  2210  2785 I chatty  : uid=10013(com.google.android.gms) expire 4 lines
05-26 00:47:35.432  2210  2348 E ActivityThread: Failed to find provider info for com.google.android.wearable.settings
05-26 00:47:35.493  2766  2766 I Babel_telephony: TeleModule.onApplicationCreate
05-26 00:47:35.519  2210  2373 I chatty  : uid=10013(com.google.android.gms) expire 6 lines
05-26 00:47:35.534  2495  2507 W Finsky  : [118] com.google.android.finsky.FinskyApp.i(1468): No account configured on this device.
05-26 00:47:35.575  2766  2824 I Babel_SMS: MmsConfig: mnc/mcc: 310/260
05-26 00:47:35.575  2766  2824 I Babel_SMS: MmsConfig.loadMmsSettings
05-26 00:47:35.580  2766  2824 I Babel_SMS: MmsConfig.loadDeviceMmsSettings from API: mUserAgent=GoldfishNexus, mUaProfUrl=http://gsm.lge.com/html/gsm/Nexus5-M3.xml
05-26 00:47:35.580  2766  2824 I Babel_SMS: MmsConfig.loadFromDatabase
05-26 00:47:35.597  2766  2824 E SQLiteLog: (1) no such table: mmsconfig
05-26 00:47:35.598  2766  2824 I Babel_SMS: MmsConfig: no mmsconfig table android.database.sqlite.SQLiteException: no such table: mmsconfig (code 1): , while compiling: SELECT key, value, type FROM mmsconfig WHERE numeric=?
05-26 00:47:35.598  2766  2824 I Babel_SMS: MmsConfig.loadFromResources
05-26 00:47:35.600  2766  2766 I Babel_Crash: Startup - clean
05-26 00:47:35.605  2766  2824 E Babel_SMS: canonicalizeMccMnc: invalid mccmnc nullnull
05-26 00:47:35.605  2766  2824 W Babel_SMS: MmsConfig: invalid key=userAgent or type=string
05-26 00:47:35.605  2766  2824 W Babel_SMS: MmsConfig: invalid key=uaProfUrl or type=string
05-26 00:47:35.605  2766  2824 I Babel_SMS: MmsConfig.loadMmsSettings: mUserAgent=GoldfishNexus, mUaProfUrl=http://gsm.lge.com/html/gsm/Nexus5-M3.xml
05-26 00:47:35.631  2833  2833 I chatty  : uid=10013 com.google.android.gms.ui expire 11 lines
05-26 00:47:35.638  1628  1638 I ActivityManager: Start proc 2833:com.google.android.gms.ui/u0a13 for service com.google.android.gms/.chimera.UiIntentOperationService
05-26 00:47:35.696  1628  1995 W ActivityManager: Unable to start service Intent { act=com.google.android.gms.nearby.discovery:ACTION_INIT_MESSAGES_PATH cmp=com.google.android.gms/.nearby.discovery.service.DiscoveryService } U=0: not found
05-26 00:47:35.714  2210  2377 I chatty  : uid=10013(com.google.android.gms) expire 8 lines
05-26 00:47:35.718  2766  2766 W Babel   : On boot, found 0 ready accounts
05-26 00:47:35.724  2210  2855 I chatty  : uid=10013(com.google.android.gms) expire 2 lines
05-26 00:47:35.732  2859  2859 W art     : Unexpected CPU variant for X86 using defaults: x86
05-26 00:47:35.734  1628  1638 I ActivityManager: Start proc 2859:com.google.android.youtube/u0a73 for broadcast com.google.android.youtube/com.google.android.libraries.youtube.upload.service.UploadService$BootReceiver
05-26 00:47:35.774  2766  2766 D Babel   : onCreate: Shutdown runnable posted in onCreate with a delay of 5000 ms.
05-26 00:47:35.787  2059  2878 I chatty  : uid=10013 com.google.android.gms.persistent expire 1 line
05-26 00:47:35.798  2859  2859 W System  : ClassLoader referenced unknown path: /system/app/YouTube/lib/x86
05-26 00:47:35.864  2766  2766 W System  : ClassLoader referenced unknown path: /system/priv-app/PrebuiltGmsCore/lib/x86
05-26 00:47:35.917  2766  2766 W System  : ClassLoader referenced unknown path: /system/priv-app/PrebuiltGmsCore/lib/x86
05-26 00:47:35.919  2766  2766 W System  : ClassLoader referenced unknown path: /system/priv-app/PrebuiltGmsCore/lib/x86
05-26 00:47:35.969  2766  2766 W System  : ClassLoader referenced unknown path: /system/priv-app/PrebuiltGmsCore/lib/x86
05-26 00:47:35.970  2766  2766 W System  : ClassLoader referenced unknown path: /system/priv-app/PrebuiltGmsCore/lib/x86
05-26 00:47:35.979  2766  2766 W linker  : /data/user_de/0/com.google.android.gms/app_extracted_libs/x86/libconscrypt_gmscore_jni.so: unused DT entry: type 0xf arg 0x91
05-26 00:47:35.982  2766  2766 V NativeCrypto: Registering com/google/android/gms/org/conscrypt/NativeCrypto's 276 native methods...
05-26 00:47:36.047  2766  2766 D NetworkSecurityConfig: No Network Security Config specified, using platform default
05-26 00:47:36.053  2766  2766 I ProviderInstaller: Installed default security provider GmsCore_OpenSSL
05-26 00:47:36.081  2059  2898 I chatty  : uid=10013 com.google.android.gms.persistent expire 2 lines
05-26 00:47:36.082  2833  2892 I chatty  : uid=10013 com.google.android.gms.ui expire 1 line
05-26 00:47:36.102  2059  2358 I chatty  : uid=10013 com.google.android.gms.persistent expire 5 lines
05-26 00:47:36.123  2766  2766 D Babel   : Idle: Shutdown runnable posted in release with a delay of 5000 ms.
05-26 00:47:36.148  2435  2491 I chatty  : uid=10013 com.google.android.gms.unstable expire 5 lines
05-26 00:47:36.174  2059  2402 I chatty  : uid=10013 com.google.android.gms.persistent expire 2 lines
05-26 00:47:36.199  2210  2889 I chatty  : uid=10013(com.google.android.gms) expire 1 line
05-26 00:47:36.215  2859  2907 W System  : ClassLoader referenced unknown path: /system/priv-app/PrebuiltGmsCore/lib/x86
05-26 00:47:36.235  2859  2907 W System  : ClassLoader referenced unknown path: /system/priv-app/PrebuiltGmsCore/lib/x86
05-26 00:47:36.236  2859  2907 W System  : ClassLoader referenced unknown path: /system/priv-app/PrebuiltGmsCore/lib/x86
05-26 00:47:36.240  2859  2907 W System  : ClassLoader referenced unknown path: /system/priv-app/PrebuiltGmsCore/lib/x86
05-26 00:47:36.243  2859  2907 W System  : ClassLoader referenced unknown path: /system/priv-app/PrebuiltGmsCore/lib/x86
05-26 00:47:36.248  2859  2907 W linker  : /data/user_de/0/com.google.android.gms/app_extracted_libs/x86/libconscrypt_gmscore_jni.so: unused DT entry: type 0xf arg 0x91
05-26 00:47:36.249  2859  2907 V NativeCrypto: Registering com/google/android/gms/org/conscrypt/NativeCrypto's 276 native methods...
05-26 00:47:36.262  2859  2907 D NetworkSecurityConfig: No Network Security Config specified, using platform default
05-26 00:47:36.264  2859  2907 I ProviderInstaller: Installed default security provider GmsCore_OpenSSL
05-26 00:47:36.309  1628  2091 I ActivityManager: Killing 2108:com.android.keychain/1000 (adj 906): empty #17
05-26 00:47:36.352  1628  1888 D ActivityManager: cleanUpApplicationRecord -- 2108
05-26 00:47:36.458  2859  2859 V MediaRouter: Adding route: RouteInfo{ name=Phone, description=null, status=null, category=RouteCategory{ name=null types=ROUTE_TYPE_LIVE_AUDIO ROUTE_TYPE_LIVE_VIDEO  groupable=false }, supportedTypes=ROUTE_TYPE_LIVE_AUDIO ROUTE_TYPE_LIVE_VIDEO , presentationDisplay=null }
05-26 00:47:36.461  2859  2859 V MediaRouter: Updating audio routes: AudioRoutesInfo{ type=SPEAKER }
05-26 00:47:36.462  2859  2859 V MediaRouter: Selecting route: RouteInfo{ name=Phone, description=null, status=null, category=RouteCategory{ name=null types=ROUTE_TYPE_LIVE_AUDIO ROUTE_TYPE_LIVE_VIDEO  groupable=false }, supportedTypes=ROUTE_TYPE_LIVE_AUDIO ROUTE_TYPE_LIVE_VIDEO , presentationDisplay=null }
05-26 00:47:36.474  2210  2348 E ActivityThread: Failed to find provider info for com.google.android.wearable.settings
05-26 00:47:36.492  2859  2941 W System  : ClassLoader referenced unknown path: 
05-26 00:47:36.492  2859  2941 W System  : ClassLoader referenced unknown path: /system/priv-app/PrebuiltGmsCore/lib/x86
05-26 00:47:36.494  2210  2348 I chatty  : uid=10013(com.google.android.gms) highpool[0] expire 18 lines
05-26 00:47:36.551  2859  2941 W System  : ClassLoader referenced unknown path: /data/user_de/0/com.google.android.gms/app_chimera/m/00000002/n/x86
05-26 00:47:36.554  2859  2859 W InstanceID/Rpc: Found 10013
05-26 00:47:36.565  2859  2941 D DynamitePackage: Instantiated singleton DynamitePackage.
05-26 00:47:36.565  2859  2941 D DynamitePackage: Instantiating com.google.android.gms.ads.adshield.ChimeraAdShieldCreatorImpl
05-26 00:47:36.577  2859  2859 V MediaRouter: Selecting route: RouteInfo{ name=Phone, description=null, status=null, category=RouteCategory{ name=null types=ROUTE_TYPE_LIVE_AUDIO ROUTE_TYPE_LIVE_VIDEO  groupable=false }, supportedTypes=ROUTE_TYPE_LIVE_AUDIO ROUTE_TYPE_LIVE_VIDEO , presentationDisplay=null }
05-26 00:47:36.579  2139  2139 D MusicLifecycle: com.google.android.music.store.MediaStoreImportService$Receiver generated event: Broadcast received with context android.app.ReceiverRestrictedContext@268e9a6 and intent Intent { act=android.intent.action.MEDIA_SCANNER_STARTED dat=file:///storage/emulated/0 flg=0x10 cmp=com.google.android.music/.store.MediaStoreImportService$Receiver }
05-26 00:47:36.585  2139  2139 D MusicLifecycle: com.google.android.music.store.MediaStoreImportService generated event: Service created
05-26 00:47:36.589  2139  2139 D MusicLifecycle: com.google.android.music.store.MediaStoreImportService generated event: Service destroyed
05-26 00:47:36.642  1628  1638 W ActivityManager: Permission Denial: Accessing service ComponentInfo{com.google.android.music/com.google.android.music.dial.DialMediaRouteProviderService} from pid=2859, uid=10073 that is not exported from uid 10059
05-26 00:47:36.664  2210  2381 I chatty  : uid=10013(com.google.android.gms) lowpool[4] expire 4 lines
05-26 00:47:36.680  1817  1817 I OmtpVvmCarrierCfgHlpr: Requesting VVM activation for subId: 1
05-26 00:47:36.680  2210  2348 E ActivityThread: Failed to find provider info for com.google.android.wearable.settings
05-26 00:47:36.717  1628  1901 I ActivityManager: Killing 1925:com.android.cellbroadcastreceiver/u0a4 (adj 906): empty #17
05-26 00:47:36.726  1628  1638 D ActivityManager: cleanUpApplicationRecord -- 1925
05-26 00:47:36.735  1817  1817 V VvmPhoneStateListener: Signal returned: reattempting activation for 89014103211118510720
05-26 00:47:36.735  1817  1817 I OmtpVvmCarrierCfgHlpr: Requesting VVM activation for subId: 1
05-26 00:47:36.744  2210  2993 I chatty  : uid=10013(com.google.android.gms) iu-sync-manager expire 4 lines
05-26 00:47:36.745  2210  2210 I chatty  : uid=10013(com.google.android.gms) expire 2 lines
05-26 00:47:36.750  2139  2139 D MusicLifecycle: com.google.android.music.store.MediaStoreImportService$Receiver generated event: Broadcast received with context android.app.ReceiverRestrictedContext@268e9a6 and intent Intent { act=android.intent.action.MEDIA_SCANNER_FINISHED dat=file:///storage/emulated/0 flg=0x10 cmp=com.google.android.music/.store.MediaStoreImportService$Receiver }
05-26 00:47:36.760  2859  2941 W art     : Before Android 4.1, method double java.util.concurrent.ThreadLocalRandom.internalNextDouble(double, double) would have incorrectly overridden the package-private method in java.util.Random
05-26 00:47:36.760  2859  2941 W art     : Before Android 4.1, method int java.util.concurrent.ThreadLocalRandom.internalNextInt(int, int) would have incorrectly overridden the package-private method in java.util.Random
05-26 00:47:36.760  2859  2941 W art     : Before Android 4.1, method long java.util.concurrent.ThreadLocalRandom.internalNextLong(long, long) would have incorrectly overridden the package-private method in java.util.Random
05-26 00:47:36.762  2859  2979 W MessageQueue: Handler (android.os.Handler) {9af0667} sending message to a Handler on a dead thread
05-26 00:47:36.762  2859  2979 W MessageQueue: java.lang.IllegalStateException: Handler (android.os.Handler) {9af0667} sending message to a Handler on a dead thread
05-26 00:47:36.762  2859  2979 W MessageQueue: 	at android.os.MessageQueue.enqueueMessage(MessageQueue.java:543)
05-26 00:47:36.762  2859  2979 W MessageQueue: 	at android.os.Handler.enqueueMessage(Handler.java:643)
05-26 00:47:36.762  2859  2979 W MessageQueue: 	at android.os.Handler.sendMessageAtTime(Handler.java:612)
05-26 00:47:36.762  2859  2979 W MessageQueue: 	at android.os.Handler.sendMessageDelayed(Handler.java:582)
05-26 00:47:36.762  2859  2979 W MessageQueue: 	at android.os.Handler.post(Handler.java:338)
05-26 00:47:36.762  2859  2979 W MessageQueue: 	at nos.b(SourceFile:353)
05-26 00:47:36.762  2859  2979 W MessageQueue: 	at vch.d(SourceFile:298)
05-26 00:47:36.762  2859  2979 W MessageQueue: 	at vch.a(SourceFile:166)
05-26 00:47:36.762  2859  2979 W MessageQueue: 	at vff.run(SourceFile:1431)
05-26 00:47:36.762  2859  2979 W MessageQueue: 	at android.os.Handler.handleCallback(Handler.java:751)
05-26 00:47:36.762  2859  2979 W MessageQueue: 	at android.os.Handler.dispatchMessage(Handler.java:95)
05-26 00:47:36.762  2859  2979 W MessageQueue: 	at android.os.Looper.loop(Looper.java:154)
05-26 00:47:36.762  2859  2979 W MessageQueue: 	at android.os.HandlerThread.run(HandlerThread.java:61)
05-26 00:47:36.763  2859  2979 W MessageQueue: Handler (android.os.Handler) {9af0667} sending message to a Handler on a dead thread
05-26 00:47:36.763  2859  2979 W MessageQueue: java.lang.IllegalStateException: Handler (android.os.Handler) {9af0667} sending message to a Handler on a dead thread
05-26 00:47:36.763  2859  2979 W MessageQueue: 	at android.os.MessageQueue.enqueueMessage(MessageQueue.java:543)
05-26 00:47:36.763  2859  2979 W MessageQueue: 	at android.os.Handler.enqueueMessage(Handler.java:643)
05-26 00:47:36.763  2859  2979 W MessageQueue: 	at android.os.Handler.sendMessageAtTime(Handler.java:612)
05-26 00:47:36.763  2859  2979 W MessageQueue: 	at android.os.Handler.sendMessageDelayed(Handler.java:582)
05-26 00:47:36.763  2859  2979 W MessageQueue: 	at android.os.Handler.post(Handler.java:338)
05-26 00:47:36.763  2859  2979 W MessageQueue: 	at nos.a(SourceFile:332)
05-26 00:47:36.763  2859  2979 W MessageQueue: 	at vch.a(SourceFile:167)
05-26 00:47:36.763  2859  2979 W MessageQueue: 	at vff.run(SourceFile:1431)
05-26 00:47:36.763  2859  2979 W MessageQueue: 	at android.os.Handler.handleCallback(Handler.java:751)
05-26 00:47:36.763  2859  2979 W MessageQueue: 	at android.os.Handler.dispatchMessage(Handler.java:95)
05-26 00:47:36.763  2859  2979 W MessageQueue: 	at android.os.Looper.loop(Looper.java:154)
05-26 00:47:36.763  2859  2979 W MessageQueue: 	at android.os.HandlerThread.run(HandlerThread.java:61)
05-26 00:47:36.765  2210  2382 I chatty  : uid=10013(com.google.android.gms) highpool[2] expire 2 lines
05-26 00:47:36.769  2139  2139 D MusicLifecycle: com.google.android.music.store.MediaStoreImportService generated event: Service created
05-26 00:47:36.756  2435  2435 I chatty  : uid=10013 com.google.android.gms.unstable expire 3 lines
05-26 00:47:36.776  2139  2139 D MusicLifecycle: com.google.android.music.store.MediaStoreImportService$Receiver generated event: Broadcast received with context android.app.ReceiverRestrictedContext@268e9a6 and intent Intent { act=android.intent.action.MEDIA_SCANNER_STARTED dat=file:///storage/emulated/0 flg=0x10 cmp=com.google.android.music/.store.MediaStoreImportService$Receiver }
05-26 00:47:36.780  2139  2139 D MusicLifecycle: com.google.android.music.store.MediaStoreImportService$Receiver generated event: Broadcast received with context android.app.ReceiverRestrictedContext@268e9a6 and intent Intent { act=android.intent.action.MEDIA_SCANNER_FINISHED dat=file:///storage/emulated/0 flg=0x10 cmp=com.google.android.music/.store.MediaStoreImportService$Receiver }
05-26 00:47:36.786  2435  2448 I chatty  : uid=10013(com.google.android.gms) Binder:2435_2 expire 7 lines
05-26 00:47:36.799  2059  2059 I chatty  : uid=10013 com.google.android.gms.persistent expire 7 lines
05-26 00:47:36.808  2210  2781 I chatty  : uid=10013(com.google.android.gms) expire 1 line
05-26 00:47:36.826  2059  2897 I chatty  : uid=10013 com.google.android.gms.persistent expire 1 line
05-26 00:47:36.834  1817  1817 I OmtpVvmCarrierCfgHlpr: Requesting VVM activation for subId: 1
05-26 00:47:36.882  2139  2139 D MusicLifecycle: com.google.android.music.store.MediaStoreImportService$Receiver generated event: Broadcast received with context android.app.ReceiverRestrictedContext@268e9a6 and intent Intent { act=android.intent.action.MEDIA_SCANNER_STARTED dat=file:///system/media flg=0x10 cmp=com.google.android.music/.store.MediaStoreImportService$Receiver }
05-26 00:47:36.884  2139  2139 D MusicLifecycle: com.google.android.music.store.MediaStoreImportService$Receiver generated event: Broadcast received with context android.app.ReceiverRestrictedContext@268e9a6 and intent Intent { act=android.intent.action.MEDIA_SCANNER_FINISHED dat=file:///system/media flg=0x10 cmp=com.google.android.music/.store.MediaStoreImportService$Receiver }
05-26 00:47:36.885  2139  2139 D MusicLifecycle: com.google.android.music.store.MediaStoreImportService$Receiver generated event: Broadcast received with context android.app.ReceiverRestrictedContext@268e9a6 and intent Intent { act=android.intent.action.MEDIA_SCANNER_STARTED dat=file:///storage/emulated/0 flg=0x10 cmp=com.google.android.music/.store.MediaStoreImportService$Receiver }
05-26 00:47:36.887  2139  2139 D MusicLifecycle: com.google.android.music.store.MediaStoreImportService$Receiver generated event: Broadcast received with context android.app.ReceiverRestrictedContext@268e9a6 and intent Intent { act=android.intent.action.MEDIA_SCANNER_FINISHED dat=file:///storage/emulated/0 flg=0x10 cmp=com.google.android.music/.store.MediaStoreImportService$Receiver }
05-26 00:47:36.970  3016  3016 W art     : Unexpected CPU variant for X86 using defaults: x86
05-26 00:47:36.972  2139  3003 I MediaStoreImporter: Update: incremental Added music: 0 Updated music: 0 Deleted music: 0 Created playlists: 0 Updated playlists: 0 Deleted playlists: 0 Inserted playlist items: 0 Deleted playlist items: 0 Removed orphaned playlist items: 0
05-26 00:47:36.977  1628  2089 I ActivityManager: Start proc 3016:com.google.android.talk:matchstick/u0a55 for broadcast com.google.android.talk/com.google.android.libraries.matchstick.net.MatchstickInProcessReceiver
05-26 00:47:36.986  3016  3016 W System  : ClassLoader referenced unknown path: /system/app/Hangouts/lib/x86
05-26 00:47:37.003  2139  3003 I MediaStoreImporter: Update: incremental Added music: 0 Updated music: 0 Deleted music: 0 Created playlists: 0 Updated playlists: 0 Deleted playlists: 0 Inserted playlist items: 0 Deleted playlist items: 0 Removed orphaned playlist items: 0
05-26 00:47:37.026  2139  3003 I MediaStoreImporter: Update: incremental Added music: 0 Updated music: 0 Deleted music: 0 Created playlists: 0 Updated playlists: 0 Deleted playlists: 0 Inserted playlist items: 0 Deleted playlist items: 0 Removed orphaned playlist items: 0
05-26 00:47:37.029  2139  2139 D MusicLifecycle: com.google.android.music.store.MediaStoreImportService generated event: Service destroyed
05-26 00:47:37.104  3016  3033 I MS_RegisterService: RegisterService intent:Intent { act=register_intent_action flg=0x10 cmp=com.google.android.talk/com.google.android.libraries.matchstick.net.SilentRegisterService } isPeriodic:false
05-26 00:47:37.115  3016  3033 W System  : ClassLoader referenced unknown path: /system/priv-app/PrebuiltGmsCore/lib/x86
05-26 00:47:37.123  3016  3033 W System  : ClassLoader referenced unknown path: /system/priv-app/PrebuiltGmsCore/lib/x86
05-26 00:47:37.123  3016  3033 W System  : ClassLoader referenced unknown path: /system/priv-app/PrebuiltGmsCore/lib/x86
05-26 00:47:37.128  3016  3033 W System  : ClassLoader referenced unknown path: /system/priv-app/PrebuiltGmsCore/lib/x86
05-26 00:47:37.128  3016  3033 W System  : ClassLoader referenced unknown path: /system/priv-app/PrebuiltGmsCore/lib/x86
05-26 00:47:37.130  3016  3033 W linker  : /data/user_de/0/com.google.android.gms/app_extracted_libs/x86/libconscrypt_gmscore_jni.so: unused DT entry: type 0xf arg 0x91
05-26 00:47:37.132  3016  3033 V NativeCrypto: Registering com/google/android/gms/org/conscrypt/NativeCrypto's 276 native methods...
05-26 00:47:37.145  3016  3033 D NetworkSecurityConfig: No Network Security Config specified, using platform default
05-26 00:47:37.148  3016  3033 I ProviderInstaller: Installed default security provider GmsCore_OpenSSL
05-26 00:47:37.149  3016  3033 I MS_RegisterService: Not registered and not enabled. Doing nothing.
05-26 00:47:37.153  1628  1638 I ActivityManager: Killing 2410:com.android.dialer/u0a9 (adj 906): empty #17
