05-26 13:53:51.995  2059  2821 W GLSUser : 	at java.util.concurrent.ThreadPoolExecutor.runWorker(ThreadPoolExecutor.java:1133)
05-26 13:53:51.995  2059  2821 W GLSUser : 	at java.util.concurrent.ThreadPoolExecutor$Worker.run(ThreadPoolExecutor.java:607)
05-26 13:53:51.995  2059  2821 W GLSUser : 	at mse.run(:com.google.android.gms@11743470)
05-26 13:53:51.995  2059  2821 W GLSUser : 	at java.lang.Thread.run(Thread.java:761)
05-26 13:56:15.036  1628  1640 I UsageStatsService: User[0] Flushing usage stats to disk
05-26 14:05:15.518  2059  3460 V NativeCrypto: Read error: ssl=0x86de6300: I/O error during system call, Connection reset by peer
05-26 14:05:15.519  2059  3460 V NativeCrypto: SSL shutdown failed: ssl=0x86de6300: I/O error during system call, Broken pipe
05-26 14:05:15.520  1628  1639 D ConnectivityService: reportNetworkConnectivity(100, false) by 10013
05-26 14:05:15.904  1628  1678 D ConnectivityService: NetworkAgentInfo [MOBILE (LTE) - 100] validation passed
05-26 14:05:15.989  2435  2447 D         : HostConnection::get() New Host Connection established 0x87f111c0, tid 2447
05-26 14:05:16.072  2435  2447 D EGL_emulation: eglCreateContext: 0xae085120: maj 2 min 0 rcv 2
05-26 14:05:16.074  2435  2447 D EGL_emulation: eglMakeCurrent: 0xae085120: ver 2 0 (tinfo 0xae0ceb60)
05-26 14:05:16.098  2435  2447 D EGL_emulation: eglCreateContext: 0xae085ae0: maj 2 min 0 rcv 2
05-26 14:05:16.099  2435  2447 D EGL_emulation: eglMakeCurrent: 0xae085ae0: ver 2 0 (tinfo 0xae0ceb60)
05-26 14:05:16.123  2435  2435 W Binder:2435_1: type=1400 audit(0.0:1134): avc: denied { read } for name="/" dev="tmpfs" ino=4097 scontext=u:r:priv_app:s0:c512,c768 tcontext=u:object_r:device:s0 tclass=dir permissive=0
05-26 14:05:16.265  2059  2906 W Conscrypt: Could not set socket write timeout:
05-26 14:05:16.265  2059  2906 W Conscrypt:    java.lang.reflect.Method.invoke(Native Method)
05-26 14:05:16.265  2059  2906 W Conscrypt:    com.google.android.gms.org.conscrypt.Platform.setSocketWriteTimeout(:com.google.android.gms@11743470:13)
05-26 14:05:16.298  2059  2906 W Conscrypt: Could not set socket write timeout:
05-26 14:05:16.298  2059  2906 W Conscrypt:    java.lang.reflect.Method.invoke(Native Method)
05-26 14:05:16.298  2059  2906 W Conscrypt:    com.google.android.gms.org.conscrypt.Platform.setSocketWriteTimeout(:com.google.android.gms@11743470:13)
05-26 14:05:16.403  2059  2821 W GLSUser : [AppCertManager] Failed to get security token.
05-26 14:05:16.403  2059  2821 W GLSUser : java.io.IOException: INVALID_SENDER
05-26 14:05:16.403  2059  2821 W GLSUser : 	at vfm.b(:com.google.android.gms@11743470:39)
05-26 14:05:16.403  2059  2821 W GLSUser : 	at vfm.a(:com.google.android.gms@11743470:46)
05-26 14:05:16.403  2059  2821 W GLSUser : 	at vfj.b(:com.google.android.gms@11743470:11)
05-26 14:05:16.403  2059  2821 W GLSUser : 	at vfj.a(:com.google.android.gms@11743470:29)
05-26 14:05:16.403  2059  2821 W GLSUser : 	at eyw.b(:com.google.android.gms@11743470:4)
05-26 14:05:16.403  2059  2821 W GLSUser : 	at eyw.a(:com.google.android.gms@11743470:56)
05-26 14:05:16.403  2059  2821 W GLSUser : 	at eyu.a(:com.google.android.gms@11743470:8)
05-26 14:05:16.403  2059  2821 W GLSUser : 	at eyq.a(:com.google.android.gms@11743470:1)
05-26 14:05:16.403  2059  2821 W GLSUser : 	at eyp.a(:com.google.android.gms@11743470:10)
05-26 14:05:16.403  2059  2821 W GLSUser : 	at com.google.android.gms.auth.account.be.legacy.AuthCronChimeraService.b(:com.google.android.gms@11743470:7)
05-26 14:05:16.403  2059  2821 W GLSUser : 	at edr.call(:com.google.android.gms@11743470:3)
05-26 14:05:16.403  2059  2821 W GLSUser : 	at java.util.concurrent.FutureTask.run(FutureTask.java:237)
05-26 14:05:16.403  2059  2821 W GLSUser : 	at mmu.run(:com.google.android.gms@11743470:26)
05-26 14:05:16.403  2059  2821 W GLSUser : 	at java.util.concurrent.ThreadPoolExecutor.runWorker(ThreadPoolExecutor.java:1133)
05-26 14:05:16.403  2059  2821 W GLSUser : 	at java.util.concurrent.ThreadPoolExecutor$Worker.run(ThreadPoolExecutor.java:607)
05-26 14:05:16.403  2059  2821 W GLSUser : 	at mse.run(:com.google.android.gms@11743470)
05-26 14:05:16.403  2059  2821 W GLSUser : 	at java.lang.Thread.run(Thread.java:761)
05-26 14:05:16.506  2059  2821 W Conscrypt: Could not set socket write timeout:
05-26 14:05:16.506  2059  2821 W Conscrypt:    java.lang.reflect.Method.invoke(Native Method)
05-26 14:05:16.506  2059  2821 W Conscrypt:    com.google.android.gms.org.conscrypt.Platform.setSocketWriteTimeout(:com.google.android.gms@11743470:13)
05-26 14:05:16.550  2059  2821 W Conscrypt: Could not set socket write timeout:
05-26 14:05:16.550  2059  2821 W Conscrypt:    java.lang.reflect.Method.invoke(Native Method)
05-26 14:05:16.550  2059  2821 W Conscrypt:    com.google.android.gms.org.conscrypt.Platform.setSocketWriteTimeout(:com.google.android.gms@11743470:13)
05-26 14:05:16.671  2059  2821 W GLSUser : [AppCertManager] IOException while requesting key: 
05-26 14:05:16.671  2059  2821 W GLSUser : java.io.IOException: Invalid device key response.
05-26 14:05:16.671  2059  2821 W GLSUser : 	at eyw.a(:com.google.android.gms@11743470:14)
05-26 14:05:16.671  2059  2821 W GLSUser : 	at eyw.a(:com.google.android.gms@11743470:65)
05-26 14:05:16.671  2059  2821 W GLSUser : 	at eyu.a(:com.google.android.gms@11743470:8)
05-26 14:05:16.671  2059  2821 W GLSUser : 	at eyq.a(:com.google.android.gms@11743470:1)
05-26 14:05:16.671  2059  2821 W GLSUser : 	at eyp.a(:com.google.android.gms@11743470:10)
05-26 14:05:16.671  2059  2821 W GLSUser : 	at com.google.android.gms.auth.account.be.legacy.AuthCronChimeraService.b(:com.google.android.gms@11743470:7)
05-26 14:05:16.671  2059  2821 W GLSUser : 	at edr.call(:com.google.android.gms@11743470:3)
05-26 14:05:16.671  2059  2821 W GLSUser : 	at java.util.concurrent.FutureTask.run(FutureTask.java:237)
05-26 14:05:16.671  2059  2821 W GLSUser : 	at mmu.run(:com.google.android.gms@11743470:26)
05-26 14:05:16.671  2059  2821 W GLSUser : 	at java.util.concurrent.ThreadPoolExecutor.runWorker(ThreadPoolExecutor.java:1133)
05-26 14:05:16.671  2059  2821 W GLSUser : 	at java.util.concurrent.ThreadPoolExecutor$Worker.run(ThreadPoolExecutor.java:607)
05-26 14:05:16.671  2059  2821 W GLSUser : 	at mse.run(:com.google.android.gms@11743470)
05-26 14:05:16.671  2059  2821 W GLSUser : 	at java.lang.Thread.run(Thread.java:761)
05-26 14:08:04.001  1628  1674 D WifiNative-HAL: Failing getSupportedFeatureset because HAL isn't started
05-26 14:08:04.001  1628  1644 E BluetoothAdapter: Bluetooth binder is null
05-26 14:08:04.001  1628  1644 E BatteryStatsService: no controller energy info supplied
05-26 14:08:04.003  1628  1644 E KernelCpuSpeedReader: Failed to read cpu-freq: /sys/devices/system/cpu/cpu0/cpufreq/stats/time_in_state (No such file or directory)
05-26 14:08:04.003  1628  1644 E KernelUidCpuTimeReader: Failed to read uid_cputime: /proc/uid_cputime/show_uid_stat (No such file or directory)
05-26 14:08:04.004  1628  1644 E BatteryStatsService: modem info is invalid: ModemActivityInfo{ mTimestamp=0 mSleepTimeMs=0 mIdleTimeMs=0 mTxTimeMs[]=[0, 0, 0, 0, 0] mRxTimeMs=0 mEnergyUsed=0}
05-26 14:08:14.442  1628  1674 I WifiConnectivityManager: start a single scan from watchdogHandler
05-26 14:08:14.442  1628  1674 I WifiConnectivityManager: scheduleWatchdogTimer
05-26 14:08:14.446  1628  1641 I ProcessStatsService: Prepared write state in 2ms
05-26 14:08:14.466  2766  2766 D Babel   : onCreate: Shutdown runnable posted in onCreate with a delay of 5000 ms.
05-26 14:08:14.472  2766  2766 D Babel   : Idle: Shutdown runnable posted in release with a delay of 5000 ms.
05-26 14:08:19.516  2766  2766 D Babel   : RefCountedService(com.google.android.apps.hangouts.requestwriter.RequestWriter) onDestroy (count=0, startId=1 stopped=true)
05-26 14:24:14.482  2210  3556 I EventLogChimeraService: Aggregate from 1653553430689 (log), 1653553430689 (data)
05-26 14:24:14.552  2059  2059 I WearableService: Wearable Services not starting - Wear is not available on this device.
05-26 14:24:14.558  2059  2071 D WearableService: onGetService - Wear is not available on this device.
05-26 14:24:14.565  2059  3561 I GoogleURLConnFactory: Using platform SSLCertificateSocketFactory
05-26 14:24:14.567  2059  3561 I GoogleURLConnFactory: Using platform SSLCertificateSocketFactory
05-26 14:24:14.577  2059  3564 I CheckinUtil: Classify the device as Phone.
05-26 14:24:14.870  2059  3564 W Conscrypt: Could not set socket write timeout:
05-26 14:24:14.870  2059  3564 W Conscrypt:    java.lang.reflect.Method.invoke(Native Method)
05-26 14:24:14.870  2059  3564 W Conscrypt:    com.google.android.gms.org.conscrypt.Platform.setSocketWriteTimeout(:com.google.android.gms@11743470:13)
05-26 14:24:14.965  2059  3564 W Conscrypt: Could not set socket write timeout:
05-26 14:24:14.965  2059  3564 W Conscrypt:    java.lang.reflect.Method.invoke(Native Method)
05-26 14:24:14.965  2059  3564 W Conscrypt:    com.google.android.gms.org.conscrypt.Platform.setSocketWriteTimeout(:com.google.android.gms@11743470:13)
05-26 14:24:15.060  3571  3571 W art     : Unexpected CPU variant for X86 using defaults: x86
05-26 14:24:15.068  1628  1730 I ActivityManager: Start proc 3571:com.android.vending/u0a21 for service com.android.vending/com.google.android.finsky.zapp.PlayModuleService
05-26 14:24:15.075  3571  3571 W System  : ClassLoader referenced unknown path: /system/priv-app/Phonesky/lib/x86
05-26 14:24:15.089  3571  3571 W Finsky  : [1] com.google.android.finsky.FinskyApp.i(1468): No account configured on this device.
05-26 14:24:15.091  3571  3571 W Finsky  : [1] com.google.android.finsky.FinskyApp.i(1468): No account configured on this device.
05-26 14:24:15.093  3571  3571 W Finsky  : [1] com.google.android.finsky.FinskyApp.i(1468): No account configured on this device.
05-26 14:24:15.111  3571  3571 W Finsky  : [1] com.google.android.finsky.FinskyApp.i(1468): No account configured on this device.
05-26 14:24:15.120  3571  3571 I Finsky  : [1] com.google.android.finsky.FinskyApp.onCreate(430): Initializing network with DFE https://android.clients.google.com/fdfe/
05-26 14:24:15.120  2059  3590 W ConfigurationChimeraPro: Got null configs for com.google.android.gms.auth.account.base
05-26 14:24:15.121  3571  3571 W Finsky  : [1] com.google.android.finsky.FinskyApp.i(1468): No account configured on this device.
05-26 14:24:15.129  3571  3571 W Finsky  : [1] com.google.android.finsky.FinskyApp.i(1468): No account configured on this device.
05-26 14:24:15.130  3571  3571 W Finsky  : [1] com.google.android.finsky.FinskyApp.i(1468): No account configured on this device.
05-26 14:24:15.131  3571  3571 W Finsky  : [1] com.google.android.finsky.FinskyApp.i(1468): No account configured on this device.
05-26 14:24:15.131  3571  3571 W Finsky  : [1] com.google.android.finsky.FinskyApp.i(1468): No account configured on this device.
05-26 14:24:15.135  3571  3571 W Finsky  : [1] com.google.android.finsky.FinskyApp.i(1468): No account configured on this device.
05-26 14:24:15.135  3571  3571 W Finsky  : [1] com.google.android.finsky.FinskyApp.i(1468): No account configured on this device.
05-26 14:24:15.139  3571  3571 W Finsky  : [1] com.google.android.finsky.FinskyApp.i(1468): No account configured on this device.
05-26 14:24:15.140  3571  3571 W Finsky  : [1] com.google.android.finsky.FinskyApp.i(1468): No account configured on this device.
05-26 14:24:15.140  3571  3571 I Finsky  : [1] com.google.android.finsky.services.DailyHygiene.a(168): Dirty, need more hygiene.
05-26 14:24:15.141  3571  3571 W Finsky  : [1] com.google.android.finsky.FinskyApp.i(1468): No account configured on this device.
05-26 14:24:15.143  3571  3571 W Settings: Setting download_manager_max_bytes_over_mobile has moved from android.provider.Settings.Secure to android.provider.Settings.Global.
05-26 14:24:15.143  3571  3571 W Settings: Setting download_manager_recommended_max_bytes_over_mobile has moved from android.provider.Settings.Secure to android.provider.Settings.Global.
05-26 14:24:15.148  3571  3571 W Finsky  : [1] com.google.android.finsky.FinskyApp.i(1468): No account configured on this device.
05-26 14:24:15.149  3571  3571 W Finsky  : [1] com.google.android.finsky.FinskyApp.i(1468): No account configured on this device.
05-26 14:24:15.149  3571  3571 W Finsky  : [1] com.google.android.finsky.FinskyApp.i(1468): No account configured on this device.
05-26 14:24:15.149  3571  3571 W Finsky  : [1] com.google.android.finsky.FinskyApp.i(1468): No account configured on this device.
05-26 14:24:15.149  3571  3571 W Finsky  : [1] com.google.android.finsky.FinskyApp.i(1468): No account configured on this device.
05-26 14:24:15.150  3571  3571 W Finsky  : [1] com.google.android.finsky.FinskyApp.b(1150): No account configured on this device.
05-26 14:24:15.150  3571  3571 W Finsky  : [1] com.google.android.finsky.FinskyApp.i(1468): No account configured on this device.
05-26 14:24:15.152  3614  3614 W art     : Unexpected CPU variant for X86 using defaults: x86
05-26 14:24:15.161  1628  2089 I ActivityManager: Start proc 3614:android.process.media/u0a11 for content provider com.android.providers.downloads/.DownloadProvider
05-26 14:24:15.162  3571  3627 W Finsky  : [205] com.google.android.finsky.FinskyApp.i(1468): No account configured on this device.
05-26 14:24:15.165  3614  3614 W System  : ClassLoader referenced unknown path: /system/priv-app/DownloadProvider/lib/x86
05-26 14:24:15.168  3614  3614 W System  : ClassLoader referenced unknown path: /system/priv-app/MediaProvider/lib/x86
05-26 14:24:15.171  3571  3627 W Finsky  : [205] com.google.android.finsky.FinskyApp.i(1468): No account configured on this device.
05-26 14:24:15.196  3571  3571 I Finsky  : [1] com.google.android.finsky.c.l.a(270): result=false type=4
05-26 14:24:15.200  3571  3571 I Finsky  : [1] com.google.android.finsky.services.bc.a(1050): Restore complete with 0 success and 0 failed.
05-26 14:24:15.623  2435  2435 W Binder:2435_3: type=1400 audit(0.0:1135): avc: denied { read } for name="/" dev="tmpfs" ino=4097 scontext=u:r:priv_app:s0:c512,c768 tcontext=u:object_r:device:s0 tclass=dir permissive=0
05-26 14:24:15.744  2435  2494 D EGL_emulation: eglCreateContext: 0xae086620: maj 2 min 0 rcv 2
05-26 14:24:15.745  2435  2494 D EGL_emulation: eglMakeCurrent: 0xae086620: ver 2 0 (tinfo 0x87f1b4b0)
05-26 14:24:15.770  2435  2494 D EGL_emulation: eglCreateContext: 0xae0866e0: maj 2 min 0 rcv 2
05-26 14:24:15.771  2435  2494 D EGL_emulation: eglMakeCurrent: 0xae0866e0: ver 2 0 (tinfo 0x87f1b4b0)
05-26 14:24:15.896  2059  2904 W Conscrypt: Could not set socket write timeout:
05-26 14:24:15.896  2059  2904 W Conscrypt:    java.lang.reflect.Method.invoke(Native Method)
05-26 14:24:15.896  2059  2904 W Conscrypt:    com.google.android.gms.org.conscrypt.Platform.setSocketWriteTimeout(:com.google.android.gms@11743470:13)
05-26 14:24:16.048  2059  2904 W Conscrypt: Could not set socket write timeout:
05-26 14:24:16.048  2059  2904 W Conscrypt:    java.lang.reflect.Method.invoke(Native Method)
05-26 14:24:16.048  2059  2904 W Conscrypt:    com.google.android.gms.org.conscrypt.Platform.setSocketWriteTimeout(:com.google.android.gms@11743470:13)
05-26 14:24:16.143  3571  3571 W Finsky  : [1] com.google.android.finsky.FinskyApp.i(1468): No account configured on this device.
05-26 14:24:16.144  3571  3571 W Finsky  : [1] com.google.android.finsky.FinskyApp.i(1468): No account configured on this device.
05-26 14:24:16.144  3571  3571 W Finsky  : [1] com.google.android.finsky.FinskyApp.i(1468): No account configured on this device.
05-26 14:24:16.144  3571  3571 I Finsky  : [1] com.google.android.finsky.services.DailyHygiene.a(17227): Beginning daily hygiene, foreground = false
05-26 14:24:16.148  2059  2802 W GLSUser : [AppCertManager] Failed to get security token.
05-26 14:24:16.148  2059  2802 W GLSUser : java.io.IOException: INVALID_SENDER
05-26 14:24:16.148  2059  2802 W GLSUser : 	at vfm.b(:com.google.android.gms@11743470:39)
05-26 14:24:16.148  2059  2802 W GLSUser : 	at vfm.a(:com.google.android.gms@11743470:46)
05-26 14:24:16.148  2059  2802 W GLSUser : 	at vfj.b(:com.google.android.gms@11743470:11)
05-26 14:24:16.148  2059  2802 W GLSUser : 	at vfj.a(:com.google.android.gms@11743470:29)
05-26 14:24:16.148  2059  2802 W GLSUser : 	at eyw.b(:com.google.android.gms@11743470:4)
05-26 14:24:16.148  2059  2802 W GLSUser : 	at eyw.a(:com.google.android.gms@11743470:56)
05-26 14:24:16.148  2059  2802 W GLSUser : 	at eyu.a(:com.google.android.gms@11743470:8)
05-26 14:24:16.148  2059  2802 W GLSUser : 	at eyq.a(:com.google.android.gms@11743470:1)
05-26 14:24:16.148  2059  2802 W GLSUser : 	at eyp.a(:com.google.android.gms@11743470:10)
05-26 14:24:16.148  2059  2802 W GLSUser : 	at com.google.android.gms.auth.account.be.legacy.AuthCronChimeraService.b(:com.google.android.gms@11743470:7)
05-26 14:24:16.148  2059  2802 W GLSUser : 	at edr.call(:com.google.android.gms@11743470:3)
05-26 14:24:16.148  2059  2802 W GLSUser : 	at java.util.concurrent.FutureTask.run(FutureTask.java:237)
05-26 14:24:16.148  2059  2802 W GLSUser : 	at mmu.run(:com.google.android.gms@11743470:26)
05-26 14:24:16.148  2059  2802 W GLSUser : 	at java.util.concurrent.ThreadPoolExecutor.runWorker(ThreadPoolExecutor.java:1133)
05-26 14:24:16.148  2059  2802 W GLSUser : 	at java.util.concurrent.ThreadPoolExecutor$Worker.run(ThreadPoolExecutor.java:607)
05-26 14:24:16.148  2059  2802 W GLSUser : 	at mse.run(:com.google.android.gms@11743470)
05-26 14:24:16.148  2059  2802 W GLSUser : 	at java.lang.Thread.run(Thread.java:761)
05-26 14:24:16.156  3571  3571 W Finsky  : [1] com.google.android.finsky.FinskyApp.i(1468): No account configured on this device.
05-26 14:24:16.156  3571  3571 W Finsky  : [1] com.google.android.finsky.FinskyApp.b(1150): No account configured on this device.
05-26 14:24:16.184  3637  3637 W art     : Unexpected CPU variant for X86 using defaults: x86
05-26 14:24:16.193  1628  1995 I ActivityManager: Start proc 3637:com.google.android.gms:car/u0a13 for service com.google.android.gms/.car.CarService
05-26 14:24:16.199  3637  3637 W System  : ClassLoader referenced unknown path: /system/priv-app/PrebuiltGmsCore/lib/x86
05-26 14:24:16.204  3637  3637 I LoadedApk: No resource references to update in package FFFFFFFFFFFFFFFFFFFFFF
05-26 14:24:16.212  3637  3637 W System  : ClassLoader referenced unknown path: /system/priv-app/PrebuiltGmsCore/lib/x86
05-26 14:24:16.212  3637  3637 W System  : ClassLoader referenced unknown path: /system/priv-app/PrebuiltGmsCore/lib/x86
05-26 14:24:16.213  3637  3637 W System  : ClassLoader referenced unknown path: /system/priv-app/PrebuiltGmsCore/lib/x86
05-26 14:24:16.213  3637  3637 W System  : ClassLoader referenced unknown path: /system/priv-app/PrebuiltGmsCore/lib/x86
05-26 14:24:16.214  3637  3637 W linker  : /data/user_de/0/com.google.android.gms/app_extracted_libs/x86/libconscrypt_gmscore_jni.so: unused DT entry: type 0xf arg 0x91
05-26 14:24:16.214  3637  3637 V NativeCrypto: Registering com/google/android/gms/org/conscrypt/NativeCrypto's 276 native methods...
05-26 14:24:16.219  3637  3637 D NetworkSecurityConfig: No Network Security Config specified, using platform default
05-26 14:24:16.220  3637  3637 I ProviderInstaller: Installed default security provider GmsCore_OpenSSL
05-26 14:24:16.246  2059  2802 W Conscrypt: Could not set socket write timeout:
05-26 14:24:16.246  2059  2802 W Conscrypt:    java.lang.reflect.Method.invoke(Native Method)
05-26 14:24:16.246  2059  2802 W Conscrypt:    com.google.android.gms.org.conscrypt.Platform.setSocketWriteTimeout(:com.google.android.gms@11743470:13)
05-26 14:24:16.279  2059  2802 W Conscrypt: Could not set socket write timeout:
05-26 14:24:16.279  2059  2802 W Conscrypt:    java.lang.reflect.Method.invoke(Native Method)
05-26 14:24:16.279  2059  2802 W Conscrypt:    com.google.android.gms.org.conscrypt.Platform.setSocketWriteTimeout(:com.google.android.gms@11743470:13)
05-26 14:24:16.280  2059  2307 W ConfigurationChimeraPro: Got null configs for com.google.android.gms.car
05-26 14:24:16.303  3637  3649 I DynamiteModule: Considering local module com.google.android.gms.googlecertificates:4 and remote module com.google.android.gms.googlecertificates:4
05-26 14:24:16.303  3637  3649 I DynamiteModule: Selected local version of com.google.android.gms.googlecertificates
05-26 14:24:16.334  1628  2091 W ActivityManager: Unable to start service Intent { act=local_action cmp=com.google.android.gms/.car.InCallService2 } U=0: not found
05-26 14:24:16.334  3571  3571 W Finsky  : [1] com.google.android.finsky.FinskyApp.i(1468): No account configured on this device.
05-26 14:24:16.334  3637  3637 E CAR.TEL.Service: Failed to bind to InCallService
05-26 14:24:16.335  3571  3571 W Finsky  : [1] com.google.android.finsky.FinskyApp.i(1468): No account configured on this device.
05-26 14:24:16.335  3571  3571 W Finsky  : [1] com.google.android.finsky.FinskyApp.i(1468): No account configured on this device.
05-26 14:24:16.335  3571  3571 W Finsky  : [1] com.google.android.finsky.FinskyApp.i(1468): No account configured on this device.
05-26 14:24:16.336  3571  3571 W Finsky  : [1] com.google.android.finsky.FinskyApp.i(1468): No account configured on this device.
05-26 14:24:16.336  3571  3571 I Finsky  : [1] com.google.android.finsky.wear.WearSupportService.a(161): disabled
05-26 14:24:16.337  3571  3571 W Finsky  : [1] com.google.android.finsky.FinskyApp.i(1468): No account configured on this device.
05-26 14:24:16.337  3571  3571 I Finsky  : [1] com.google.android.finsky.services.DailyHygiene.d(590): Logging device features
05-26 14:24:16.339  3571  3571 W Finsky  : [1] com.google.android.finsky.FinskyApp.i(1468): No account configured on this device.
05-26 14:24:16.342  3571  3571 W Finsky  : [1] com.google.android.finsky.FinskyApp.i(1468): No account configured on this device.
05-26 14:24:16.343  3571  3571 W Finsky  : [1] com.google.android.finsky.FinskyApp.i(1468): No account configured on this device.
05-26 14:24:16.343  3571  3571 W Finsky  : [1] com.google.android.finsky.FinskyApp.i(1468): No account configured on this device.
05-26 14:24:16.343  3571  3571 I Finsky  : [1] com.google.android.finsky.selfupdate.SelfUpdateCheckerScheduler.a(57): Cancelling accelerated self-Update check
05-26 14:24:16.346  3571  3571 W InstanceID/Rpc: Found 10013
05-26 14:24:16.347  3571  3571 W Finsky  : [1] com.google.android.finsky.FinskyApp.i(1468): No account configured on this device.
05-26 14:24:16.351  3571  3571 I Finsky  : [1] com.google.android.vending.verifier.VerifyInstalledPackagesReceiver.onReceive(42): Verify installed apps requested
05-26 14:24:16.354  3571  3627 I Finsky  : [205] com.google.android.vending.verifier.ac.a(103): Verifying installed packages
05-26 14:24:16.387  2059  2802 W GLSUser : [AppCertManager] IOException while requesting key: 
05-26 14:24:16.387  2059  2802 W GLSUser : java.io.IOException: Invalid device key response.
05-26 14:24:16.387  2059  2802 W GLSUser : 	at eyw.a(:com.google.android.gms@11743470:14)
05-26 14:24:16.387  2059  2802 W GLSUser : 	at eyw.a(:com.google.android.gms@11743470:65)
05-26 14:24:16.387  2059  2802 W GLSUser : 	at eyu.a(:com.google.android.gms@11743470:8)
05-26 14:24:16.387  2059  2802 W GLSUser : 	at eyq.a(:com.google.android.gms@11743470:1)
05-26 14:24:16.387  2059  2802 W GLSUser : 	at eyp.a(:com.google.android.gms@11743470:10)
05-26 14:24:16.387  2059  2802 W GLSUser : 	at com.google.android.gms.auth.account.be.legacy.AuthCronChimeraService.b(:com.google.android.gms@11743470:7)
05-26 14:24:16.387  2059  2802 W GLSUser : 	at edr.call(:com.google.android.gms@11743470:3)
05-26 14:24:16.387  2059  2802 W GLSUser : 	at java.util.concurrent.FutureTask.run(FutureTask.java:237)
05-26 14:24:16.387  2059  2802 W GLSUser : 	at mmu.run(:com.google.android.gms@11743470:26)
05-26 14:24:16.387  2059  2802 W GLSUser : 	at java.util.concurrent.ThreadPoolExecutor.runWorker(ThreadPoolExecutor.java:1133)
05-26 14:24:16.387  2059  2802 W GLSUser : 	at java.util.concurrent.ThreadPoolExecutor$Worker.run(ThreadPoolExecutor.java:607)
05-26 14:24:16.387  2059  2802 W GLSUser : 	at mse.run(:com.google.android.gms@11743470)
05-26 14:24:16.387  2059  2802 W GLSUser : 	at java.lang.Thread.run(Thread.java:761)
05-26 14:24:16.391  3571  3571 I Finsky  : [1] com.google.android.vending.verifier.ac.b(136): Done verifying installed packages
05-26 14:24:16.392  1628  1639 I ActivityManager: Killing 3016:com.google.android.talk:matchstick/u0a55 (adj 906): empty for 4547s
05-26 14:24:16.395  1628  2089 D ActivityManager: cleanUpApplicationRecord -- 3016
05-26 14:24:19.567  2059  2059 I WearableService: Wearable Services stopping
05-26 14:24:20.800  1628  1639 I ActivityManager: Killing 2094:com.android.printspooler/u0a67 (adj 906): empty for 4551s
05-26 14:24:20.802  1628  2090 D ActivityManager: cleanUpApplicationRecord -- 2094
05-26 14:24:21.397  1628  1730 W ActivityManager: Unbind failed: could not find connection for android.os.BinderProxy@6bfe059
05-26 14:24:21.398  3637  3637 I CAR.SERVICE: Skip, no clients bound.
05-26 14:24:31.341  3571  3611 W Finsky  : [202] com.google.android.finsky.FinskyApp.i(1468): No account configured on this device.
05-26 14:24:31.342  3571  3611 I Finsky  : [202] com.google.android.finsky.c.e.run(1151): Replicating app states via AMAS.
05-26 14:24:31.375  3571  3611 I Finsky  : [202] com.google.android.finsky.c.c.a(311): Completed 0 account content syncs with 0 successful.
05-26 14:24:31.375  3571  3571 I Finsky  : [1] com.google.android.finsky.services.j.a(149): Installation state replication succeeded.
05-26 14:25:00.003  1628  1628 I ActivityManager: Killing 2166:com.google.android.googlequicksearchbox:search/u0a28 (adj 906): empty for 4589s
05-26 14:25:00.038  1628  1901 D ActivityManager: cleanUpApplicationRecord -- 2166
05-26 14:25:15.503  1628  1640 I UsageStatsService: User[0] Flushing usage stats to disk
05-26 14:28:14.491  1628  1674 I WifiConnectivityManager: start a single scan from watchdogHandler
05-26 14:28:14.491  1628  1674 I WifiConnectivityManager: scheduleWatchdogTimer
05-26 14:29:15.255  3571  3608 W PlayEventLogger: No account for auth token provided
05-26 14:29:15.256  3571  3608 D NetworkSecurityConfig: No Network Security Config specified, using platform default
05-26 14:38:04.003  1628  1674 D WifiNative-HAL: Failing getSupportedFeatureset because HAL isn't started
05-26 14:38:04.003  1628  1644 E BluetoothAdapter: Bluetooth binder is null
05-26 14:38:04.004  1628  1644 E BatteryStatsService: no controller energy info supplied
05-26 14:38:04.006  1628  1644 E KernelCpuSpeedReader: Failed to read cpu-freq: /sys/devices/system/cpu/cpu0/cpufreq/stats/time_in_state (No such file or directory)
05-26 14:38:04.006  1628  1644 E KernelUidCpuTimeReader: Failed to read uid_cputime: /proc/uid_cputime/show_uid_stat (No such file or directory)
05-26 14:38:04.006  1628  1644 E BatteryStatsService: modem info is invalid: ModemActivityInfo{ mTimestamp=0 mSleepTimeMs=0 mIdleTimeMs=0 mTxTimeMs[]=[0, 0, 0, 0, 0] mRxTimeMs=0 mEnergyUsed=0}
05-26 14:39:00.021  1628  1641 I ProcessStatsService: Prepared write state in 2ms
05-26 14:39:00.022  1628  1641 I ProcessStatsService: Prepared write state in 0ms
05-26 14:48:48.666  1628  1674 I WifiConnectivityManager: start a single scan from watchdogHandler
05-26 14:48:48.666  1628  1674 I WifiConnectivityManager: scheduleWatchdogTimer
05-26 14:54:28.709  2210  3691 I EventLogChimeraService: Aggregate from 1653555254483 (log), 1653555254483 (data)
05-26 14:54:28.749  3695  3695 W art     : Unexpected CPU variant for X86 using defaults: x86
05-26 14:54:28.757  1628  1888 I ActivityManager: Start proc 3695:com.google.android.youtube/u0a73 for service com.google.android.youtube/com.google.android.libraries.youtube.common.gcore.gcoreclient.gcm.impl.GcmTaskServiceDelegator
05-26 14:54:28.761  3695  3695 W System  : ClassLoader referenced unknown path: /system/app/YouTube/lib/x86
05-26 14:54:28.813  3695  3708 W System  : ClassLoader referenced unknown path: /system/priv-app/PrebuiltGmsCore/lib/x86
05-26 14:54:28.825  3695  3708 W System  : ClassLoader referenced unknown path: /system/priv-app/PrebuiltGmsCore/lib/x86
05-26 14:54:28.825  3695  3708 W System  : ClassLoader referenced unknown path: /system/priv-app/PrebuiltGmsCore/lib/x86
05-26 14:54:28.842  3695  3708 W System  : ClassLoader referenced unknown path: /system/priv-app/PrebuiltGmsCore/lib/x86
05-26 14:54:28.842  3695  3708 W System  : ClassLoader referenced unknown path: /system/priv-app/PrebuiltGmsCore/lib/x86
05-26 14:54:28.846  3695  3708 W linker  : /data/user_de/0/com.google.android.gms/app_extracted_libs/x86/libconscrypt_gmscore_jni.so: unused DT entry: type 0xf arg 0x91
05-26 14:54:28.856  3695  3708 V NativeCrypto: Registering com/google/android/gms/org/conscrypt/NativeCrypto's 276 native methods...
05-26 14:54:28.870  3695  3708 D NetworkSecurityConfig: No Network Security Config specified, using platform default
05-26 14:54:28.872  3695  3708 I ProviderInstaller: Installed default security provider GmsCore_OpenSSL
05-26 14:54:28.919  3695  3728 W System  : ClassLoader referenced unknown path: 
05-26 14:54:28.919  3695  3728 W System  : ClassLoader referenced unknown path: /system/priv-app/PrebuiltGmsCore/lib/x86
05-26 14:54:28.942  3695  3695 V MediaRouter: Adding route: RouteInfo{ name=Phone, description=null, status=null, category=RouteCategory{ name=null types=ROUTE_TYPE_LIVE_AUDIO ROUTE_TYPE_LIVE_VIDEO  groupable=false }, supportedTypes=ROUTE_TYPE_LIVE_AUDIO ROUTE_TYPE_LIVE_VIDEO , presentationDisplay=null }
05-26 14:54:28.943  3695  3695 V MediaRouter: Updating audio routes: AudioRoutesInfo{ type=SPEAKER }
05-26 14:54:28.944  3695  3695 V MediaRouter: Selecting route: RouteInfo{ name=Phone, description=null, status=null, category=RouteCategory{ name=null types=ROUTE_TYPE_LIVE_AUDIO ROUTE_TYPE_LIVE_VIDEO  groupable=false }, supportedTypes=ROUTE_TYPE_LIVE_AUDIO ROUTE_TYPE_LIVE_VIDEO , presentationDisplay=null }
05-26 14:54:28.978  3695  3728 W System  : ClassLoader referenced unknown path: /data/user_de/0/com.google.android.gms/app_chimera/m/00000002/n/x86
05-26 14:54:28.993  3695  3728 D DynamitePackage: Instantiated singleton DynamitePackage.
05-26 14:54:28.993  3695  3728 D DynamitePackage: Instantiating com.google.android.gms.ads.adshield.ChimeraAdShieldCreatorImpl
05-26 14:54:29.029  3695  3695 W InstanceID/Rpc: Found 10013
05-26 14:54:29.045  3695  3695 V MediaRouter: Selecting route: RouteInfo{ name=Phone, description=null, status=null, category=RouteCategory{ name=null types=ROUTE_TYPE_LIVE_AUDIO ROUTE_TYPE_LIVE_VIDEO  groupable=false }, supportedTypes=ROUTE_TYPE_LIVE_AUDIO ROUTE_TYPE_LIVE_VIDEO , presentationDisplay=null }
05-26 14:54:29.073  1628  1730 W ActivityManager: Permission Denial: Accessing service ComponentInfo{com.google.android.music/com.google.android.music.dial.DialMediaRouteProviderService} from pid=3695, uid=10073 that is not exported from uid 10059
05-26 14:54:29.074  2210  2353 I CastDatabase: Opening the database
05-26 14:54:29.076  2210  2210 I DiscoveryManager: WifiGuestModeDeviceScanner enabled.
05-26 14:54:29.077  2210  2353 I SQLiteCastStore: 0 CastNetworkInfo instances loaded, 0 CastDeviceInfo instances loaded, 0 paired guest mode devices loaded.
05-26 14:54:29.079  2210  2353 I DiscoveryManager: Filter criteria(233637DE) scannerFlags(2)
05-26 14:54:29.081  3695  3728 W art     : Before Android 4.1, method double java.util.concurrent.ThreadLocalRandom.internalNextDouble(double, double) would have incorrectly overridden the package-private method in java.util.Random
05-26 14:54:29.081  3695  3728 W art     : Before Android 4.1, method int java.util.concurrent.ThreadLocalRandom.internalNextInt(int, int) would have incorrectly overridden the package-private method in java.util.Random
05-26 14:54:29.081  3695  3728 W art     : Before Android 4.1, method long java.util.concurrent.ThreadLocalRandom.internalNextLong(long, long) would have incorrectly overridden the package-private method in java.util.Random
05-26 14:54:29.083  2210  2353 W MdnsClient_Cast: #acquireLock. Multicast lock not held. Acquiring. Subtypes:"233637DE"
05-26 14:54:29.083  1392  2023 V EmulatedCamera_Camera: getCameraInfo
05-26 14:54:29.083  1392  2023 V EmulatedCamera_BaseCamera: getCameraInfo
05-26 14:54:29.084  1392  1688 V EmulatedCamera_Camera: getCameraInfo
05-26 14:54:29.084  1392  1688 V EmulatedCamera_BaseCamera: getCameraInfo
05-26 14:54:29.085  2210  2353 W MdnsClient_Cast: Multicast lock held. Releasing. Subtypes:"233637DE"
05-26 14:54:29.088  2210  2353 W MdnsClient_Cast: #acquireLock. Multicast lock not held. Acquiring. Subtypes:"233637DE"
05-26 14:54:29.595  2059  2074 E NetworkScheduler.ATC: Received callback from client for task that is already complete. ComponentInfo{com.google.android.youtube/com.google.android.libraries.youtube.common.gcore.gcoreclient.gcm.impl.GcmTaskServiceDelegator} innertube_config_fetch_charging
05-26 14:54:30.763  3695  3718 E Volley  : [199] axb.a: Unexpected response code 400 for https://www.googleapis.com/youtubei/v1/browse?key=AIzaSyA8eiZmM1FaDVjRy-df2KTyQ_vz_yYM39w
05-26 14:54:30.763  3695  3792 E YouTube : Failed to fetch settings
05-26 14:54:30.763  3695  3792 E YouTube : nix: java.util.concurrent.ExecutionException: awv
05-26 14:54:30.763  3695  3792 E YouTube : 	at nif.b(SourceFile:102)
05-26 14:54:30.763  3695  3792 E YouTube : 	at nih.c(SourceFile:171)
05-26 14:54:30.763  3695  3792 E YouTube : 	at dre.a(SourceFile:3113)
05-26 14:54:30.763  3695  3792 E YouTube : 	at com.google.android.libraries.youtube.net.gcm.service.YouTubeGcmTaskService.a(SourceFile:1163)
05-26 14:54:30.763  3695  3792 E YouTube : 	at com.google.android.libraries.youtube.common.gcore.gcoreclient.gcm.impl.GcmTaskServiceDelegator.a(SourceFile:65)
05-26 14:54:30.763  3695  3792 E YouTube : 	at hct.run(Unknown Source)
05-26 14:54:30.763  3695  3792 E YouTube : Caused by: java.util.concurrent.ExecutionException: awv
05-26 14:54:30.763  3695  3792 E YouTube : 	at axp.a(SourceFile:117)
05-26 14:54:30.763  3695  3792 E YouTube : 	at axp.get(SourceFile:88)
05-26 14:54:30.763  3695  3792 E YouTube : 	at peq.get(SourceFile:64)
05-26 14:54:30.763  3695  3792 E YouTube : 	at nif.b(SourceFile:100)
05-26 14:54:30.763  3695  3792 E YouTube : 	... 5 more
05-26 14:54:30.763  3695  3792 E YouTube : Caused by: awv
05-26 14:54:30.763  3695  3792 E YouTube : 	at axb.a(SourceFile:163)
05-26 14:54:30.763  3695  3792 E YouTube : 	at kzz.a(SourceFile:202)
05-26 14:54:30.763  3695  3792 E YouTube : 	at kzz.a(SourceFile:190)
05-26 14:54:30.763  3695  3792 E YouTube : 	at lac.a(SourceFile:168)
05-26 14:54:30.763  3695  3792 E YouTube : 	at lac.a(SourceFile:161)
05-26 14:54:30.763  3695  3792 E YouTube : 	at awh.run(SourceFile:112)
05-26 14:54:49.405  1628  2089 I ActivityManager: Killing 2611:com.google.android.calendar/u0a33 (adj 906): empty for 4539s
05-26 14:54:49.414  1628  2091 D ActivityManager: cleanUpApplicationRecord -- 2611
05-26 14:59:29.122  2210  2353 I CastDatabase: Saving the database
05-26 14:59:29.132  2210  2353 I SQLiteCastStore: [CastNetworkInfo] saved: 0, skipped: 0, [CastDeviceInfo]: saved 0, skipped 0, Paired Guest Mode DeviceInfo] saved: 0, skipped: 0.
05-26 15:01:16.761  2435  2494 D EGL_emulation: eglCreateContext: 0xae087820: maj 2 min 0 rcv 2
05-26 15:01:16.762  2435  2494 D EGL_emulation: eglMakeCurrent: 0xae087820: ver 2 0 (tinfo 0x87f1b4b0)
05-26 15:01:16.786  2435  2494 D EGL_emulation: eglCreateContext: 0xae087b80: maj 2 min 0 rcv 2
05-26 15:01:16.787  2435  2494 D EGL_emulation: eglMakeCurrent: 0xae087b80: ver 2 0 (tinfo 0x87f1b4b0)
05-26 15:01:16.803  2435  2435 W Binder:2435_3: type=1400 audit(0.0:1136): avc: denied { read } for name="/" dev="tmpfs" ino=4097 scontext=u:r:priv_app:s0:c512,c768 tcontext=u:object_r:device:s0 tclass=dir permissive=0
05-26 15:01:17.003  2059  2904 W Conscrypt: Could not set socket write timeout:
05-26 15:01:17.004  2059  2904 W Conscrypt:    java.lang.reflect.Method.invoke(Native Method)
05-26 15:01:17.004  2059  2904 W Conscrypt:    com.google.android.gms.org.conscrypt.Platform.setSocketWriteTimeout(:com.google.android.gms@11743470:13)
05-26 15:01:17.037  2059  2904 W Conscrypt: Could not set socket write timeout:
05-26 15:01:17.038  2059  2904 W Conscrypt:    java.lang.reflect.Method.invoke(Native Method)
05-26 15:01:17.038  2059  2904 W Conscrypt:    com.google.android.gms.org.conscrypt.Platform.setSocketWriteTimeout(:com.google.android.gms@11743470:13)
05-26 15:01:17.156  2059  2802 W GLSUser : [AppCertManager] Failed to get security token.
05-26 15:01:17.156  2059  2802 W GLSUser : java.io.IOException: INVALID_SENDER
05-26 15:01:17.156  2059  2802 W GLSUser : 	at vfm.b(:com.google.android.gms@11743470:39)
05-26 15:01:17.156  2059  2802 W GLSUser : 	at vfm.a(:com.google.android.gms@11743470:46)
05-26 15:01:17.156  2059  2802 W GLSUser : 	at vfj.b(:com.google.android.gms@11743470:11)
05-26 15:01:17.156  2059  2802 W GLSUser : 	at vfj.a(:com.google.android.gms@11743470:29)
05-26 15:01:17.156  2059  2802 W GLSUser : 	at eyw.b(:com.google.android.gms@11743470:4)
05-26 15:01:17.156  2059  2802 W GLSUser : 	at eyw.a(:com.google.android.gms@11743470:56)
05-26 15:01:17.156  2059  2802 W GLSUser : 	at eyu.a(:com.google.android.gms@11743470:8)
05-26 15:01:17.156  2059  2802 W GLSUser : 	at eyq.a(:com.google.android.gms@11743470:1)
05-26 15:01:17.156  2059  2802 W GLSUser : 	at eyp.a(:com.google.android.gms@11743470:10)
05-26 15:01:17.156  2059  2802 W GLSUser : 	at com.google.android.gms.auth.account.be.legacy.AuthCronChimeraService.b(:com.google.android.gms@11743470:7)
05-26 15:01:17.156  2059  2802 W GLSUser : 	at edr.call(:com.google.android.gms@11743470:3)
05-26 15:01:17.156  2059  2802 W GLSUser : 	at java.util.concurrent.FutureTask.run(FutureTask.java:237)
05-26 15:01:17.156  2059  2802 W GLSUser : 	at mmu.run(:com.google.android.gms@11743470:26)
05-26 15:01:17.156  2059  2802 W GLSUser : 	at java.util.concurrent.ThreadPoolExecutor.runWorker(ThreadPoolExecutor.java:1133)
05-26 15:01:17.156  2059  2802 W GLSUser : 	at java.util.concurrent.ThreadPoolExecutor$Worker.run(ThreadPoolExecutor.java:607)
05-26 15:01:17.156  2059  2802 W GLSUser : 	at mse.run(:com.google.android.gms@11743470)
05-26 15:01:17.156  2059  2802 W GLSUser : 	at java.lang.Thread.run(Thread.java:761)
05-26 15:01:17.282  2059  2802 W Conscrypt: Could not set socket write timeout:
05-26 15:01:17.282  2059  2802 W Conscrypt:    java.lang.reflect.Method.invoke(Native Method)
05-26 15:01:17.282  2059  2802 W Conscrypt:    com.google.android.gms.org.conscrypt.Platform.setSocketWriteTimeout(:com.google.android.gms@11743470:13)
05-26 15:01:17.439  2059  2802 W Conscrypt: Could not set socket write timeout:
05-26 15:01:17.439  2059  2802 W Conscrypt:    java.lang.reflect.Method.invoke(Native Method)
05-26 15:01:17.439  2059  2802 W Conscrypt:    com.google.android.gms.org.conscrypt.Platform.setSocketWriteTimeout(:com.google.android.gms@11743470:13)
05-26 15:01:17.560  2059  2802 W GLSUser : [AppCertManager] IOException while requesting key: 
05-26 15:01:17.560  2059  2802 W GLSUser : java.io.IOException: Invalid device key response.
05-26 15:01:17.560  2059  2802 W GLSUser : 	at eyw.a(:com.google.android.gms@11743470:14)
05-26 15:01:17.560  2059  2802 W GLSUser : 	at eyw.a(:com.google.android.gms@11743470:65)
05-26 15:01:17.560  2059  2802 W GLSUser : 	at eyu.a(:com.google.android.gms@11743470:8)
05-26 15:01:17.560  2059  2802 W GLSUser : 	at eyq.a(:com.google.android.gms@11743470:1)
05-26 15:01:17.560  2059  2802 W GLSUser : 	at eyp.a(:com.google.android.gms@11743470:10)
05-26 15:01:17.560  2059  2802 W GLSUser : 	at com.google.android.gms.auth.account.be.legacy.AuthCronChimeraService.b(:com.google.android.gms@11743470:7)
05-26 15:01:17.560  2059  2802 W GLSUser : 	at edr.call(:com.google.android.gms@11743470:3)
05-26 15:01:17.560  2059  2802 W GLSUser : 	at java.util.concurrent.FutureTask.run(FutureTask.java:237)
05-26 15:01:17.560  2059  2802 W GLSUser : 	at mmu.run(:com.google.android.gms@11743470:26)
05-26 15:01:17.560  2059  2802 W GLSUser : 	at java.util.concurrent.ThreadPoolExecutor.runWorker(ThreadPoolExecutor.java:1133)
05-26 15:01:17.560  2059  2802 W GLSUser : 	at java.util.concurrent.ThreadPoolExecutor$Worker.run(ThreadPoolExecutor.java:607)
05-26 15:01:17.560  2059  2802 W GLSUser : 	at mse.run(:com.google.android.gms@11743470)
05-26 15:01:17.560  2059  2802 W GLSUser : 	at java.lang.Thread.run(Thread.java:761)
05-26 15:04:29.129  2210  2353 I CastDatabase: Saving the database
05-26 15:04:29.133  2210  2353 I SQLiteCastStore: [CastNetworkInfo] saved: 0, skipped: 0, [CastDeviceInfo]: saved 0, skipped 0, Paired Guest Mode DeviceInfo] saved: 0, skipped: 0.
05-26 15:08:04.005  1628  1674 D WifiNative-HAL: Failing getSupportedFeatureset because HAL isn't started
05-26 15:08:04.006  1628  1644 E BluetoothAdapter: Bluetooth binder is null
05-26 15:08:04.006  1628  1644 E BatteryStatsService: no controller energy info supplied
05-26 15:08:04.008  1628  1644 E KernelCpuSpeedReader: Failed to read cpu-freq: /sys/devices/system/cpu/cpu0/cpufreq/stats/time_in_state (No such file or directory)
05-26 15:08:04.009  1628  1644 E KernelUidCpuTimeReader: Failed to read uid_cputime: /proc/uid_cputime/show_uid_stat (No such file or directory)
05-26 15:08:04.009  1628  1644 E BatteryStatsService: modem info is invalid: ModemActivityInfo{ mTimestamp=0 mSleepTimeMs=0 mIdleTimeMs=0 mTxTimeMs[]=[0, 0, 0, 0, 0] mRxTimeMs=0 mEnergyUsed=0}
05-26 15:08:48.672  1628  1674 I WifiConnectivityManager: start a single scan from watchdogHandler
05-26 15:08:48.672  1628  1674 I WifiConnectivityManager: scheduleWatchdogTimer
05-26 15:08:48.679  2766  2766 D Babel   : onCreate: Shutdown runnable posted in onCreate with a delay of 5000 ms.
05-26 15:08:48.682  2766  3894 D Babel   : Idle: Shutdown runnable posted in release with a delay of 5000 ms.
05-26 15:08:48.683  2766  2766 D Babel   : Idle: Shutdown runnable posted in release with a delay of 5000 ms.
05-26 15:08:53.726  2766  2766 D Babel   : RefCountedService(com.google.android.apps.hangouts.requestwriter.RequestWriter) onDestroy (count=0, startId=1 stopped=true)
05-26 15:09:00.039  1628  1641 I ProcessStatsService: Prepared write state in 1ms
05-26 15:09:29.171  2210  2353 I CastDatabase: Saving the database
05-26 15:09:29.176  2210  2353 I SQLiteCastStore: [CastNetworkInfo] saved: 0, skipped: 0, [CastDeviceInfo]: saved 0, skipped 0, Paired Guest Mode DeviceInfo] saved: 0, skipped: 0.
05-26 15:14:29.172  2210  2353 I CastDatabase: Saving the database
05-26 15:14:29.177  2210  2353 I SQLiteCastStore: [CastNetworkInfo] saved: 0, skipped: 0, [CastDeviceInfo]: saved 0, skipped 0, Paired Guest Mode DeviceInfo] saved: 0, skipped: 0.
05-26 15:19:29.215  2210  2353 I CastDatabase: Saving the database
05-26 15:19:29.220  2210  2353 I SQLiteCastStore: [CastNetworkInfo] saved: 0, skipped: 0, [CastDeviceInfo]: saved 0, skipped 0, Paired Guest Mode DeviceInfo] saved: 0, skipped: 0.
05-26 15:21:16.240  1628  1640 I UsageStatsService: User[0] Flushing usage stats to disk
05-26 15:24:29.256  2210  2353 I CastDatabase: Saving the database
05-26 15:24:29.263  2210  2353 I SQLiteCastStore: [CastNetworkInfo] saved: 0, skipped: 0, [CastDeviceInfo]: saved 0, skipped 0, Paired Guest Mode DeviceInfo] saved: 0, skipped: 0.
05-26 15:24:48.719  2210  3995 I EventLogChimeraService: Aggregate from 1653557068709 (log), 1653557068709 (data)
05-26 15:24:48.838  2059  3998 I GoogleURLConnFactory: Using platform SSLCertificateSocketFactory
05-26 15:24:48.839  2059  3998 I GoogleURLConnFactory: Using platform SSLCertificateSocketFactory
05-26 15:28:48.728  1628  1674 I WifiConnectivityManager: start a single scan from watchdogHandler
05-26 15:28:48.728  1628  1674 I WifiConnectivityManager: scheduleWatchdogTimer
05-26 15:29:29.300  2210  2353 I CastDatabase: Saving the database
05-26 15:29:29.305  2210  2353 I SQLiteCastStore: [CastNetworkInfo] saved: 0, skipped: 0, [CastDeviceInfo]: saved 0, skipped 0, Paired Guest Mode DeviceInfo] saved: 0, skipped: 0.
05-26 15:34:29.342  2210  2353 I CastDatabase: Saving the database
05-26 15:34:29.347  2210  2353 I SQLiteCastStore: [CastNetworkInfo] saved: 0, skipped: 0, [CastDeviceInfo]: saved 0, skipped 0, Paired Guest Mode DeviceInfo] saved: 0, skipped: 0.
05-26 15:38:04.013  1628  1674 D WifiNative-HAL: Failing getSupportedFeatureset because HAL isn't started
05-26 15:38:04.014  1628  1644 E BluetoothAdapter: Bluetooth binder is null
05-26 15:38:04.014  1628  1644 E BatteryStatsService: no controller energy info supplied
05-26 15:38:04.019  1628  1644 E KernelCpuSpeedReader: Failed to read cpu-freq: /sys/devices/system/cpu/cpu0/cpufreq/stats/time_in_state (No such file or directory)
05-26 15:38:04.019  1628  1644 E KernelUidCpuTimeReader: Failed to read uid_cputime: /proc/uid_cputime/show_uid_stat (No such file or directory)
05-26 15:38:04.020  1628  1644 E BatteryStatsService: modem info is invalid: ModemActivityInfo{ mTimestamp=0 mSleepTimeMs=0 mIdleTimeMs=0 mTxTimeMs[]=[0, 0, 0, 0, 0] mRxTimeMs=0 mEnergyUsed=0}
05-26 15:39:00.056  1628  1641 I ProcessStatsService: Prepared write state in 0ms
05-26 15:39:29.384  2210  2353 I CastDatabase: Saving the database
05-26 15:39:29.391  2210  2353 I SQLiteCastStore: [CastNetworkInfo] saved: 0, skipped: 0, [CastDeviceInfo]: saved 0, skipped 0, Paired Guest Mode DeviceInfo] saved: 0, skipped: 0.
05-26 15:44:29.426  2210  2353 I CastDatabase: Saving the database
05-26 15:44:29.436  2210  2353 I SQLiteCastStore: [CastNetworkInfo] saved: 0, skipped: 0, [CastDeviceInfo]: saved 0, skipped 0, Paired Guest Mode DeviceInfo] saved: 0, skipped: 0.
05-26 15:48:48.770  1628  1674 I WifiConnectivityManager: start a single scan from watchdogHandler
05-26 15:48:48.770  1628  1674 I WifiConnectivityManager: scheduleWatchdogTimer
05-26 15:49:29.468  2210  2353 I CastDatabase: Saving the database
05-26 15:49:29.472  2210  2353 I SQLiteCastStore: [CastNetworkInfo] saved: 0, skipped: 0, [CastDeviceInfo]: saved 0, skipped 0, Paired Guest Mode DeviceInfo] saved: 0, skipped: 0.
05-26 15:54:29.510  2210  2353 I CastDatabase: Saving the database
05-26 15:54:29.518  2210  2353 I SQLiteCastStore: [CastNetworkInfo] saved: 0, skipped: 0, [CastDeviceInfo]: saved 0, skipped 0, Paired Guest Mode DeviceInfo] saved: 0, skipped: 0.
05-26 15:54:47.038  1400  1622 D MDnsDS  : MDnsSdListener::Monitor poll timed out
05-26 15:54:47.038  1400  1622 D MDnsDS  : Going to poll with pollCount 1
05-26 15:54:48.786  2210  4191 I EventLogChimeraService: Aggregate from 1653558888719 (log), 1653558888719 (data)
05-26 15:59:29.553  2210  2353 I CastDatabase: Saving the database
05-26 15:59:29.563  2210  2353 I SQLiteCastStore: [CastNetworkInfo] saved: 0, skipped: 0, [CastDeviceInfo]: saved 0, skipped 0, Paired Guest Mode DeviceInfo] saved: 0, skipped: 0.
05-26 16:04:29.596  2210  2353 I CastDatabase: Saving the database
05-26 16:04:29.603  2210  2353 I SQLiteCastStore: [CastNetworkInfo] saved: 0, skipped: 0, [CastDeviceInfo]: saved 0, skipped 0, Paired Guest Mode DeviceInfo] saved: 0, skipped: 0.
05-26 16:08:03.435  1391  1411 W audio_hw_generic: Not supplying enough data to HAL, expected position 158592 , only wrote 158400
05-26 16:08:04.008  1628  1674 D WifiNative-HAL: Failing getSupportedFeatureset because HAL isn't started
05-26 16:08:04.008  1628  1644 E BluetoothAdapter: Bluetooth binder is null
05-26 16:08:04.009  1628  1644 E BatteryStatsService: no controller energy info supplied
05-26 16:08:04.011  1628  1644 E KernelCpuSpeedReader: Failed to read cpu-freq: /sys/devices/system/cpu/cpu0/cpufreq/stats/time_in_state (No such file or directory)
05-26 16:08:04.011  1628  1644 E KernelUidCpuTimeReader: Failed to read uid_cputime: /proc/uid_cputime/show_uid_stat (No such file or directory)
05-26 16:08:04.011  1628  1644 E BatteryStatsService: modem info is invalid: ModemActivityInfo{ mTimestamp=0 mSleepTimeMs=0 mIdleTimeMs=0 mTxTimeMs[]=[0, 0, 0, 0, 0] mRxTimeMs=0 mEnergyUsed=0}
05-26 16:08:06.661  1391  1412 W audio_hw_generic: Not supplying enough data to HAL, expected position 466073 , only wrote 313200
05-26 16:08:07.860  1628  1628 I EntropyMixer: Writing entropy...
05-26 16:08:28.837  4281  4281 D AndroidRuntime: >>>>>> START com.android.internal.os.RuntimeInit uid 2000 <<<<<<
05-26 16:08:28.838  4281  4281 D AndroidRuntime: CheckJNI is OFF
05-26 16:08:28.855  4281  4281 W art     : Unexpected CPU variant for X86 using defaults: x86
05-26 16:08:28.857  4281  4281 D ICU     : No timezone override file found: /data/misc/zoneinfo/current/icu/icu_tzdata.dat
05-26 16:08:28.871  4281  4281 E memtrack: Couldn't load memtrack module (No such file or directory)
05-26 16:08:28.871  4281  4281 E android.os.Debug: failed to load memtrack module: -2
05-26 16:08:28.871  4281  4281 I Radio-JNI: register_android_hardware_Radio DONE
05-26 16:08:28.875  4281  4281 D AndroidRuntime: Calling main entry com.android.commands.am.Am
05-26 16:08:28.880  1628  2089 I ActivityManager: Force stopping com.vijayapp appid=10079 user=0: from pid 4281
05-26 16:08:28.880  1628  2089 I ActivityManager: Killing 3174:com.vijayapp/u0a79 (adj 0): stop com.vijayapp
05-26 16:08:28.880  1628  2089 D ActivityManager: cleanUpApplicationRecord -- 3174
05-26 16:08:28.881  1628  2089 W ActivityManager: Force removing ActivityRecord{8aec161 u0 com.vijayapp/.MainActivity t34}: app died, no saved state
