05-24 09:29:39.018  1759  1759 W Netd    : Unable to open qlog quota socket, check if xt_quota2 can send via UeventHandler
05-24 09:29:39.018  1759  1759 D MDnsDS  : MDnsSdListener::Hander starting up
05-24 09:29:39.018  1759  1847 D MDnsDS  : MDnsSdListener starting to monitor
05-24 09:29:39.018  1759  1847 D MDnsDS  : Going to poll with pollCount 1
05-24 09:29:39.022  1759  1759 I Netd    : Registering NetdNativeService: 3.9ms
05-24 09:29:39.022  1759  1759 I Netd    : Starting CommandListener: 0.3ms
05-24 09:29:39.038  1759  1759 I Netd    : Registering NetdHwService: 15.2ms
05-24 09:29:39.038  1759  1759 I Netd    : Netd started in 480ms
05-24 09:29:39.101  1758  1758 W BatteryNotifier: batterystats service unavailable!
05-24 09:29:39.122  1750  1750 I cameraserver: ServiceManager: 0xedd9a700
05-24 09:29:39.122  1750  1750 I CameraService: CameraService started (pid=1750)
05-24 09:29:39.122  1750  1750 I CameraService: CameraService process starting
05-24 09:29:39.123  1750  1750 W BatteryNotifier: batterystats service unavailable!
05-24 09:29:39.126  1750  1750 W BatteryNotifier: batterystats service unavailable!
05-24 09:29:39.137  1763  1763 I media.codec: mediacodecservice starting
05-24 09:29:39.147  1763  1763 W media.codec: Could not read additional policy file '/vendor/etc/seccomp_policy/mediacodec.policy'
05-24 09:29:39.147  1763  1763 W media.codec: libminijail[1763]: failed to get path of fd 5: No such file or directory
05-24 09:29:39.147  1763  1763 W media.codec: libminijail[1763]: allowing syscall: socketcall
05-24 09:29:39.147  1763  1763 W media.codec: libminijail[1763]: allowing syscall: writev
05-24 09:29:39.147  1763  1763 W media.codec: libminijail[1763]: allowing syscall: fcntl64
05-24 09:29:39.148  1763  1763 W media.codec: libminijail[1763]: allowing syscall: clock_gettime
05-24 09:29:39.156  1763  1763 W media.codec: libminijail[1763]: logging seccomp filter failures
05-24 09:29:39.173  1750  1750 I CameraProviderManager: Connecting to new camera provider: legacy/0, isRemote? 1
05-24 09:29:39.174  1750  1750 I CameraProviderManager: Enumerating new camera device: device@3.3/legacy/0
05-24 09:29:39.175  1750  1750 I CameraProviderManager: Enumerating new camera device: device@3.3/legacy/1
05-24 09:29:39.175  1750  1750 I CameraProviderManager: Camera provider legacy/0 ready with 2 camera devices
05-24 09:29:39.187  1749  1749 I zygote  : option[0]=-Xzygote
05-24 09:29:39.188  1749  1749 I zygote  : option[1]=-Xusetombstonedtraces
05-24 09:29:39.188  1749  1749 I zygote  : option[2]=exit
05-24 09:29:39.188  1749  1749 I zygote  : option[3]=vfprintf
05-24 09:29:39.188  1749  1749 I zygote  : option[4]=sensitiveThread
05-24 09:29:39.188  1749  1749 I zygote  : option[5]=-verbose:gc
05-24 09:29:39.188  1749  1749 I zygote  : option[6]=-Xms4m
05-24 09:29:39.188  1749  1749 I zygote  : option[7]=-Xmx384m
05-24 09:29:39.188  1749  1749 I zygote  : option[8]=-Xusejit:true
05-24 09:29:39.188  1749  1749 I zygote  : option[9]=-Xjitsaveprofilinginfo
05-24 09:29:39.188  1749  1749 I zygote  : option[10]=-XjdwpOptions:suspend=n,server=y
05-24 09:29:39.188  1749  1749 I zygote  : option[11]=-XjdwpProvider:default
05-24 09:29:39.188  1749  1749 I zygote  : option[12]=-Xlockprofthreshold:500
05-24 09:29:39.188  1749  1749 I zygote  : option[13]=-Ximage-compiler-option
05-24 09:29:39.188  1749  1749 I zygote  : option[14]=--runtime-arg
05-24 09:29:39.188  1749  1749 I zygote  : option[15]=-Ximage-compiler-option
05-24 09:29:39.188  1749  1749 I zygote  : option[16]=-Xms64m
05-24 09:29:39.188  1749  1749 I zygote  : option[17]=-Ximage-compiler-option
05-24 09:29:39.188  1749  1749 I zygote  : option[18]=--runtime-arg
05-24 09:29:39.188  1749  1749 I zygote  : option[19]=-Ximage-compiler-option
05-24 09:29:39.188  1749  1749 I zygote  : option[20]=-Xmx64m
05-24 09:29:39.188  1749  1749 I zygote  : option[21]=-Ximage-compiler-option
05-24 09:29:39.188  1749  1749 I zygote  : option[22]=--profile-file=/system/etc/boot-image.prof
05-24 09:29:39.188  1749  1749 I zygote  : option[23]=-Ximage-compiler-option
05-24 09:29:39.188  1749  1749 I zygote  : option[24]=--compiler-filter=speed-profile
05-24 09:29:39.188  1749  1749 I zygote  : option[25]=-Xcompiler-option
05-24 09:29:39.188  1749  1749 I zygote  : option[26]=--runtime-arg
05-24 09:29:39.188  1749  1749 I zygote  : option[27]=-Xcompiler-option
05-24 09:29:39.188  1749  1749 I zygote  : option[28]=-Xms64m
05-24 09:29:39.188  1749  1749 I zygote  : option[29]=-Xcompiler-option
05-24 09:29:39.188  1749  1749 I zygote  : option[30]=--runtime-arg
05-24 09:29:39.188  1749  1749 I zygote  : option[31]=-Xcompiler-option
05-24 09:29:39.188  1749  1749 I zygote  : option[32]=-Xmx512m
05-24 09:29:39.188  1749  1749 I zygote  : option[33]=-Ximage-compiler-option
05-24 09:29:39.188  1749  1749 I zygote  : option[34]=--instruction-set-variant=x86
05-24 09:29:39.188  1749  1749 I zygote  : option[35]=-Xcompiler-option
05-24 09:29:39.188  1749  1749 I zygote  : option[36]=--instruction-set-variant=x86
05-24 09:29:39.188  1749  1749 I zygote  : option[37]=-Ximage-compiler-option
05-24 09:29:39.189  1749  1749 I zygote  : option[38]=--instruction-set-features=default
05-24 09:29:39.189  1749  1749 I zygote  : option[39]=-Xcompiler-option
05-24 09:29:39.189  1749  1749 I zygote  : option[40]=--instruction-set-features=default
05-24 09:29:39.189  1749  1749 I zygote  : option[41]=-Duser.locale=en-US
05-24 09:29:39.189  1749  1749 I zygote  : option[42]=-XX:NativeBridge=libndk_translation.so
05-24 09:29:39.189  1749  1749 I zygote  : option[43]=--cpu-abilist=x86,armeabi-v7a,armeabi
05-24 09:29:39.189  1749  1749 I zygote  : option[44]=-Xfingerprint:google/sdk_gphone_x86_arm/generic_x86_arm:9/PSR1.180720.122/6736742:userdebug/dev-keys
05-24 09:29:39.215  1576  1576 W hwservicemanager: getTransport: Cannot find entry android.hardware.camera.provider@2.4::ICameraProvider/external/0 in either framework or device manifest.
05-24 09:29:39.221  1750  1861 W CameraProviderManager: addProviderLocked: Camera provider HAL with name 'legacy/0' already registered
05-24 09:29:39.281  1748  1748 W ServiceManagement: Waited one second for android.hardware.graphics.composer@2.1::IComposer/default. Waiting another...
05-24 09:29:39.290  1750  1750 I CameraHardwareInterface: Opening camera 0
05-24 09:29:39.290  1750  1750 E CameraHardwareInterface: initialize: openSession failed! No such file or directory (-2)
05-24 09:29:39.290  1750  1750 E CameraFlashlight: connectCameraDevice: initializing camera 0 failed
05-24 09:29:39.290  1750  1750 I CameraHardwareInterface: Destroying camera 0
05-24 09:29:39.290  1750  1750 E CameraFlashlight: findFlashUnits: failed to check if camera 0 has a flash unit. No such file or directory (-2)
05-24 09:29:39.290  1761  1786 I ServiceManager: Waiting for service package_native...
05-24 09:29:39.291  1750  1750 I CameraHardwareInterface: Opening camera 1
05-24 09:29:39.291  1750  1750 E CameraHardwareInterface: initialize: openSession failed! No such file or directory (-2)
05-24 09:29:39.291  1750  1750 E CameraFlashlight: connectCameraDevice: initializing camera 1 failed
05-24 09:29:39.291  1750  1750 I CameraHardwareInterface: Destroying camera 1
05-24 09:29:39.291  1750  1750 E CameraFlashlight: findFlashUnits: failed to check if camera 1 has a flash unit. No such file or directory (-2)
05-24 09:29:39.291  1750  1750 I CameraService: onDeviceStatusChanged: Status changed for cameraId=1, newStatus=1
05-24 09:29:39.291  1750  1750 I CameraService: onDeviceStatusChanged: Unknown camera ID 1, a new camera is added
05-24 09:29:39.299  1750  1750 I CameraService: onDeviceStatusChanged: Status changed for cameraId=0, newStatus=1
05-24 09:29:39.299  1750  1750 I CameraService: onDeviceStatusChanged: Unknown camera ID 0, a new camera is added
05-24 09:29:39.300  1750  1750 I         : Waiting for activity service
05-24 09:29:39.308  1750  1861 I CameraService: onDeviceStatusChanged: Status changed for cameraId=1, newStatus=1
05-24 09:29:39.308  1750  1861 E CameraService: onDeviceStatusChanged: State transition to the same status 0x1 not allowed
05-24 09:29:39.308  1750  1861 I CameraService: onDeviceStatusChanged: Status changed for cameraId=0, newStatus=1
05-24 09:29:39.308  1750  1861 E CameraService: onDeviceStatusChanged: State transition to the same status 0x1 not allowed
05-24 09:29:39.360  1763  1763 W MediaCodecsXmlParser: unable to open media codecs configuration xml file: /data/misc/media/media_codecs_profiling_results.xml
05-24 09:29:39.360  1763  1763 W MediaCodecsXmlParser: parseTopLevelXMLFile(/data/misc/media/media_codecs_profiling_results.xml) failed
05-24 09:29:39.372  1763  1763 I ServiceManagement: Removing namespace from process name android.hardware.media.omx@1.0-service to omx@1.0-service.
05-24 09:29:39.397  1763  1763 E vndksupport: Could not load libstagefrighthw.so from default namespace: dlopen failed: library "libstagefrighthw.so" not found.
05-24 09:29:39.398  1763  1763 W MediaCodecsXmlParser: unable to open media codecs configuration xml file: /data/misc/media/media_codecs_profiling_results.xml
05-24 09:29:39.398  1763  1763 W MediaCodecsXmlParser: parseTopLevelXMLFile(/data/misc/media/media_codecs_profiling_results.xml) failed
05-24 09:29:39.398  1763  1763 I ServiceManagement: Removing namespace from process name android.hardware.media.omx@1.0-service to omx@1.0-service.
05-24 09:29:39.400  1763  1763 I media.codec: IOmx HAL service created.
05-24 09:29:39.431  1749  1749 W zygote  : Could not reserve sentinel fault page
05-24 09:29:39.722  1749  1749 I zygote  : VerifyImage: /system/bin/patchoat --input-image-location=/system/framework/boot.art --output-image-directory=/data/dalvik-cache/x86 --instruction-set=x86 --verify
05-24 09:29:39.775  1883  1883 E hostapd : Configuration file: /data/vendor/wifi/hostapd/hostapd.conf
05-24 09:29:39.784  1883  1883 I hostapd : rfkill: Cannot get wiphy information
05-24 09:29:39.785  1883  1883 I hostapd : wlan1: interface state UNINITIALIZED->COUNTRY_UPDATE
05-24 09:29:40.282  1748  1748 W ServiceManagement: Waited one second for android.hardware.graphics.composer@2.1::IComposer/default. Waiting another...
05-24 09:29:40.327  1761  1786 I ServiceManager: Waiting for service package_native...
05-24 09:29:40.414  1749  1749 D Zygote  : begin preload
05-24 09:29:40.414  1749  1749 I Zygote  : Installing ICU cache reference pinning...
05-24 09:29:40.414  1749  1749 I Zygote  : Preloading ICU data...
05-24 09:29:40.472  1749  1749 D Zygote32Timing: BeginIcuCachePinning took to complete: 58ms
05-24 09:29:40.472  1749  1749 I Zygote  : Preloading classes...
05-24 09:29:40.494  1749  1749 I PackageBackwardCompatibility: Loaded android.content.pm.OrgApacheHttpLegacyUpdater
05-24 09:29:40.494  1749  1749 I PackageBackwardCompatibility: Could not find android.content.pm.AndroidTestBaseUpdater, ignoring
05-24 09:29:40.741  1879  1879 E ipv6proxy: Failed to forward Router Advertisement from eth0 to wlan1: Cannot assign requested address
05-24 09:29:40.741  1879  1879 E ipv6proxy: Failed to forward Router Advertisement from eth0 to radio0-peer: Cannot assign requested address
05-24 09:29:40.861  1749  1749 E ActivityRecognitionHardware: activity_recognition HAL is deprecated. class_init is effectively a no-op
05-24 09:29:40.925  1749  1749 I zygote  : Thread[1,tid=1749,Native,Thread*=0xea874000,peer=0x12ec0088,"main"] recursive attempt to load library "/system/lib/libmedia_jni.so"
05-24 09:29:40.925  1749  1749 D MtpDeviceJNI: register_android_mtp_MtpDevice
05-24 09:29:40.925  1749  1749 I zygote  : Thread[1,tid=1749,Native,Thread*=0xea874000,peer=0x12ec0088,"main"] recursive attempt to load library "/system/lib/libmedia_jni.so"
05-24 09:29:40.925  1749  1749 I zygote  : Thread[1,tid=1749,Native,Thread*=0xea874000,peer=0x12ec0088,"main"] recursive attempt to load library "/system/lib/libmedia_jni.so"
05-24 09:29:41.023  1749  1749 I Zygote  : ...preloaded 6535 classes in 551ms.
05-24 09:29:41.023  1749  1749 I zygote  : VMRuntime.preloadDexCaches starting
05-24 09:29:41.042  1749  1749 I zygote  : VMRuntime.preloadDexCaches strings total=339033 before=12306 after=12306
05-24 09:29:41.042  1749  1749 I zygote  : VMRuntime.preloadDexCaches types total=31350 before=7821 after=7822
05-24 09:29:41.042  1749  1749 I zygote  : VMRuntime.preloadDexCaches fields total=140738 before=9181 after=9181
05-24 09:29:41.042  1749  1749 I zygote  : VMRuntime.preloadDexCaches methods total=247730 before=12783 after=12783
05-24 09:29:41.042  1749  1749 I zygote  : VMRuntime.preloadDexCaches finished
05-24 09:29:41.042  1749  1749 D Zygote32Timing: PreloadClasses took to complete: 570ms
05-24 09:29:41.191  1898  1898 D HostConnection: createUnique: call
05-24 09:29:41.192  1898  1898 D HostConnection: HostConnection::get() New Host Connection established 0xf5524140, tid 1898
05-24 09:29:41.194  1898  1898 D HostConnection: HostComposition ext ANDROID_EMU_CHECKSUM_HELPER_v1 ANDROID_EMU_dma_v1 ANDROID_EMU_YUV420_888_to_NV21 ANDROID_EMU_YUV_Cache ANDROID_EMU_sync_buffer_data GL_OES_vertex_array_object GL_KHR_texture_compression_astc_ldr ANDROID_EMU_host_side_tracing ANDROID_EMU_gles_max_version_2 
05-24 09:29:41.195  1898  1898 E hwcomposer: unknown display attribute 6
05-24 09:29:41.196  1898  1898 I ServiceManagement: Removing namespace from process name android.hardware.graphics.composer@2.1-service to composer@2.1-service.
05-24 09:29:41.196  1898  1898 I android.hardware.graphics.composer@2.1-service: Registration complete for android.hardware.graphics.composer@2.1::IComposer/default.
05-24 09:29:41.205  1641  1707 D gralloc_ranchu: gralloc_alloc: Creating ashmem region of size 14749696
05-24 09:29:41.212  1748  1748 D HostConnection: createUnique: call
05-24 09:29:41.213  1748  1748 D HostConnection: HostConnection::get() New Host Connection established 0xe66a5ae0, tid 1748
05-24 09:29:41.216  1748  1748 D HostConnection: HostComposition ext ANDROID_EMU_CHECKSUM_HELPER_v1 ANDROID_EMU_dma_v1 ANDROID_EMU_YUV420_888_to_NV21 ANDROID_EMU_YUV_Cache ANDROID_EMU_sync_buffer_data GL_OES_vertex_array_object GL_KHR_texture_compression_astc_ldr ANDROID_EMU_host_side_tracing ANDROID_EMU_gles_max_version_2 
05-24 09:29:41.216  1748  1748 E eglCodecCommon: GoldfishAddressSpaceHostMemoryAllocator: ioctl_ping failed for device_type=5, ret=-1
05-24 09:29:41.218  1748  1748 E HWComposer: getSupportedPerFrameMetadata: getSupportedPerFrameMetadata failed for display 0: Unsupported (8)
05-24 09:29:41.218  1641  1641 D gralloc_ranchu: gralloc_alloc: Creating ashmem region of size 14749696
05-24 09:29:41.224  1641  1707 D gralloc_ranchu: gralloc_alloc: Creating ashmem region of size 14749696
05-24 09:29:41.227  1749  1749 I Zygote  : Preloading resources...
05-24 09:29:41.255  1748  1748 D EGL_emulation: eglMakeCurrent: 0xe66a0ae0: ver 2 0 (tinfo 0xe669c310)
05-24 09:29:41.265  1749  1749 W Resources: Preloaded drawable resource #0x1080265 (android:drawable/dialog_background_material) that varies with configuration!!
05-24 09:29:41.275  1749  1749 I Zygote  : ...preloaded 64 resources in 48ms.
05-24 09:29:41.286  1749  1749 I Zygote  : ...preloaded 41 resources in 11ms.
05-24 09:29:41.286  1749  1749 D Zygote32Timing: PreloadResources took to complete: 244ms
05-24 09:29:41.337  1761  1786 I ServiceManager: Waiting for service package_native...
05-24 09:29:41.359  1749  1749 D libEGL  : Emulator has host GPU support, qemu.gles is set to 1.
05-24 09:29:41.360  1749  1749 E vndksupport: Could not load /vendor/lib/egl/libGLES_emulation.so from sphal namespace: dlopen failed: library "/vendor/lib/egl/libGLES_emulation.so" not found.
05-24 09:29:41.360  1749  1749 E libEGL  : load_driver(/vendor/lib/egl/libGLES_emulation.so): unknown
05-24 09:29:41.363  1749  1749 D libEGL  : loaded /vendor/lib/egl/libEGL_emulation.so
05-24 09:29:41.363  1749  1749 D libEGL  : loaded /vendor/lib/egl/libGLESv1_CM_emulation.so
05-24 09:29:41.373  1749  1749 D libEGL  : loaded /vendor/lib/egl/libGLESv2_emulation.so
05-24 09:29:41.384  1749  1749 I Zygote  : Preloading shared libraries...
05-24 09:29:41.396  1749  1749 I Zygote  : Uninstalled ICU cache reference pinning...
05-24 09:29:41.397  1749  1749 I Zygote  : Installed AndroidKeyStoreProvider in 1ms.
05-24 09:29:41.399  1749  1749 I Zygote  : Warmed up JCA providers in 2ms.
05-24 09:29:41.399  1749  1749 D Zygote  : end preload
05-24 09:29:41.400  1749  1749 D Zygote32Timing: ZygotePreload took to complete: 986ms
05-24 09:29:41.407  1749  1749 I zygote  : Explicit concurrent copying GC freed 8196(415KB) AllocSpace objects, 0(0B) LOS objects, 73% free, 2MB/8MB, paused 341us total 6.965ms
05-24 09:29:41.414  1749  1749 I zygote  : Explicit concurrent copying GC freed 62(33KB) AllocSpace objects, 0(0B) LOS objects, 73% free, 2MB/8MB, paused 380us total 7.081ms
05-24 09:29:41.414  1749  1749 D Zygote32Timing: PostZygoteInitGC took to complete: 14ms
05-24 09:29:41.415  1749  1749 D Zygote32Timing: ZygoteInit took to complete: 1003ms
05-24 09:29:41.484  1749  1749 I Zygote  : System server process 1907 has been created
05-24 09:29:41.486  1749  1749 I Zygote  : Accepting command socket connections
05-24 09:29:41.500  1748  1748 D SurfaceFlinger: shader cache generated - 24 shaders in 244.720612 ms
05-24 09:29:41.503  1748  1748 D SurfaceFlinger: Set power mode=2, type=0 flinger=0xe66c6000
05-24 09:29:41.503  1748  1748 D SurfaceFlinger: Finished set power mode=2, type=0
05-24 09:29:41.541  1907  1907 I chatty  : uid=1000 system_server expire 154 lines
05-24 09:29:41.604  1907  1907 I SystemServer: InitBeforeStartServices
05-24 09:29:41.609  1907  1907 I SystemServer: Entered the Android system server!
05-24 09:29:41.637  1748  1777 E SurfaceFlinger: ro.sf.lcd_density must be defined as a build property
05-24 09:29:41.640  1919  1924 D libEGL  : Emulator has host GPU support, qemu.gles is set to 1.
05-24 09:29:41.641  1919  1924 E vndksupport: Could not load /vendor/lib/egl/libGLES_emulation.so from sphal namespace: dlopen failed: library "/vendor/lib/egl/libGLES_emulation.so" not found.
05-24 09:29:41.641  1919  1924 E libEGL  : load_driver(/vendor/lib/egl/libGLES_emulation.so): unknown
05-24 09:29:41.648  1919  1924 D libEGL  : loaded /vendor/lib/egl/libEGL_emulation.so
05-24 09:29:41.649  1919  1924 D libEGL  : loaded /vendor/lib/egl/libGLESv1_CM_emulation.so
05-24 09:29:41.665  1919  1924 D libEGL  : loaded /vendor/lib/egl/libGLESv2_emulation.so
05-24 09:29:41.681  1919  1924 D HostConnection: HostConnection::get() New Host Connection established 0xef5a14a0, tid 1924
05-24 09:29:41.684  1919  1924 D HostConnection: HostComposition ext ANDROID_EMU_CHECKSUM_HELPER_v1 ANDROID_EMU_dma_v1 ANDROID_EMU_YUV420_888_to_NV21 ANDROID_EMU_YUV_Cache ANDROID_EMU_sync_buffer_data GL_OES_vertex_array_object GL_KHR_texture_compression_astc_ldr ANDROID_EMU_host_side_tracing ANDROID_EMU_gles_max_version_2 
05-24 09:29:41.687  1919  1924 I ConfigStore: android::hardware::configstore::V1_0::ISurfaceFlingerConfigs::hasWideColorDisplay retrieved: 0
05-24 09:29:41.687  1919  1924 I ConfigStore: android::hardware::configstore::V1_0::ISurfaceFlingerConfigs::hasHDRDisplay retrieved: 0
05-24 09:29:41.689  1641  1707 D gralloc_ranchu: gralloc_alloc: Creating ashmem region of size 14749696
05-24 09:29:41.699  1919  1924 D HostConnection: createUnique: call
05-24 09:29:41.700  1919  1924 D HostConnection: HostConnection::get() New Host Connection established 0xef5a1540, tid 1924
05-24 09:29:41.703  1919  1924 D HostConnection: HostComposition ext ANDROID_EMU_CHECKSUM_HELPER_v1 ANDROID_EMU_dma_v1 ANDROID_EMU_YUV420_888_to_NV21 ANDROID_EMU_YUV_Cache ANDROID_EMU_sync_buffer_data GL_OES_vertex_array_object GL_KHR_texture_compression_astc_ldr ANDROID_EMU_host_side_tracing ANDROID_EMU_gles_max_version_2 
05-24 09:29:41.703  1919  1924 E eglCodecCommon: GoldfishAddressSpaceHostMemoryAllocator: ioctl_ping failed for device_type=5, ret=-1
05-24 09:29:41.721  1919  1924 D eglCodecCommon: setVertexArrayObject: set vao to 0 (0) 0 0
05-24 09:29:41.721  1919  1924 D EGL_emulation: eglCreateContext: 0xef5994e0: maj 1 min 0 rcv 1
05-24 09:29:41.992  1907  1907 D SystemServerTiming: InitBeforeStartServices took to complete: 387ms
05-24 09:29:41.992  1907  1907 I SystemServer: StartServices
05-24 09:29:41.992  1907  1907 I SystemServer: Reading configuration...
05-24 09:29:41.992  1907  1907 I SystemServer: ReadingSystemConfig
05-24 09:29:41.993  1907  1907 D SystemServerTiming: ReadingSystemConfig took to complete: 1ms
05-24 09:29:41.993  1907  1907 I SystemServer: StartInstaller
05-24 09:29:41.993  1907  1907 I SystemServiceManager: Starting com.android.server.pm.Installer
05-24 09:29:42.028  1753  1774 D installd: Found quota mount /dev/block/dm-1 at /data
05-24 09:29:42.031  1907  1907 D SystemServerTiming: StartInstaller took to complete: 38ms
05-24 09:29:42.031  1907  1907 I SystemServer: DeviceIdentifiersPolicyService
05-24 09:29:42.032  1907  1907 I SystemServiceManager: Starting com.android.server.os.DeviceIdentifiersPolicyService
05-24 09:29:42.040  1907  1925 D SystemServerInitThreadPool: Started executing ReadingSystemConfig
05-24 09:29:42.046  1907  1907 D SystemServerTiming: DeviceIdentifiersPolicyService took to complete: 13ms
05-24 09:29:42.046  1907  1907 I SystemServer: StartActivityManager
05-24 09:29:42.050  1907  1907 I SystemServiceManager: Starting com.android.server.am.ActivityManagerService$Lifecycle
05-24 09:29:42.128  1907  1907 I ActivityManager: Memory class: 384
05-24 09:29:42.159  1907  1925 D SystemServerInitThreadPool: Finished executing ReadingSystemConfig
05-24 09:29:42.170  1907  1907 D BatteryStatsImpl: Reading daily items from /data/system/batterystats-daily.xml
05-24 09:29:42.191  1907  1931 I chatty  : uid=1000(system) batterystats-wo expire 4 lines
05-24 09:29:42.204  1907  1931 E BatteryExternalStatsWorker: no controller energy info supplied for telephony
05-24 09:29:42.206  1907  1931 E KernelUidCpuFreqTimeReader: Failed to read /proc/uid_time_in_state: java.io.FileNotFoundException: /proc/uid_time_in_state (No such file or directory)
05-24 09:29:42.243  1576  1576 W hwservicemanager: getTransport: Cannot find entry android.hardware.memtrack@1.0::IMemtrack/default in either framework or device manifest.
05-24 09:29:42.254  1907  1931 W KernelCpuProcReader: File not exist: /proc/uid_cpupower/concurrent_active_time
05-24 09:29:42.254  1907  1931 W KernelCpuProcReader: File not exist: /proc/uid_cpupower/concurrent_policy_time
05-24 09:29:42.256  1907  1931 W KernelMemoryBandwidthStats: No kernel memory bandwidth stats available
05-24 09:29:42.259  1907  1931 E KernelUidCpuFreqTimeReader: Failed to read /proc/uid_time_in_state: java.io.FileNotFoundException: /proc/uid_time_in_state (No such file or directory)
05-24 09:29:42.263  1907  1907 W AppOps  : Unknown attribute in 'op' tag: n
05-24 09:29:42.328  1919  1924 D EGL_emulation: eglMakeCurrent: 0xef5994e0: ver 1 0 (tinfo 0xef58f0b0)
05-24 09:29:42.272  1907  1907 I chatty  : uid=1000 system_server identical 160 lines
05-24 09:29:42.272  1907  1907 W AppOps  : Unknown attribute in 'op' tag: n
05-24 09:29:42.330  1907  1907 I IntentFirewall: Read new rules (A:0 B:0 S:0)
05-24 09:29:42.359  1907  1907 D AppOps  : AppOpsService published
05-24 09:29:42.360  1907  1907 D SystemServerTiming: StartActivityManager took to complete: 314ms
05-24 09:29:42.360  1907  1907 I SystemServer: StartPowerManager
05-24 09:29:42.360  1907  1907 I SystemServiceManager: Starting com.android.server.power.PowerManagerService
05-24 09:29:42.370  1761  1786 I ServiceManager: Waiting for service package_native...
05-24 09:29:42.381  1907  1907 D SystemServerTiming: StartPowerManager took to complete: 21ms
05-24 09:29:42.381  1907  1907 I SystemServer: InitPowerManagement
05-24 09:29:42.383  1907  1907 D SystemServerTiming: InitPowerManagement took to complete: 2ms
05-24 09:29:42.383  1907  1907 I SystemServer: StartRecoverySystemService
05-24 09:29:42.383  1907  1907 I SystemServiceManager: Starting com.android.server.RecoverySystemService
05-24 09:29:42.386  1907  1907 D SystemServerTiming: StartRecoverySystemService took to complete: 3ms
05-24 09:29:42.389  1907  1907 W RescueParty: Noticed 1 events for UID 0 in last 9 sec
05-24 09:29:42.390  1907  1907 I SystemServer: StartLightsService
05-24 09:29:42.390  1907  1907 I SystemServiceManager: Starting com.android.server.lights.LightsService
05-24 09:29:42.393  1907  1907 D SystemServerTiming: StartLightsService took to complete: 3ms
05-24 09:29:42.394  1907  1907 I SystemServer: StartSidekickService
05-24 09:29:42.394  1907  1907 D SystemServerTiming: StartSidekickService took to complete: 0ms
05-24 09:29:42.394  1907  1907 I SystemServer: StartDisplayManager
05-24 09:29:42.394  1907  1907 I SystemServiceManager: Starting com.android.server.display.DisplayManagerService
05-24 09:29:42.399  1907  1907 D SystemServerTiming: StartDisplayManager took to complete: 5ms
05-24 09:29:42.399  1907  1907 I SystemServer: WaitForDisplay
05-24 09:29:42.399  1907  1907 I SystemServiceManager: Starting phase 100
05-24 09:29:42.404  1748  1777 E SurfaceFlinger: ro.sf.lcd_density must be defined as a build property
05-24 09:29:42.405  1907  1935 E LocalDisplayAdapter: Default and active color mode is no longer available! Reverting to first available mode.
05-24 09:29:42.414  1907  1935 I DisplayManagerService: Display device added: DisplayDeviceInfo{"Built-in Screen": uniqueId="local:0", 1440 x 2560, modeId 1, defaultModeId 1, supportedModes [{id=1, width=1440, height=2560, fps=60.000004}], colorMode -1, supportedColorModes [-1], HdrCapabilities android.view.Display$HdrCapabilities@40f16308, density 560, 560.0 x 560.0 dpi, appVsyncOff 1000000, presDeadline 16666666, touch INTERNAL, rotation 0, type BUILT_IN, state UNKNOWN, FLAG_DEFAULT_DISPLAY, FLAG_ROTATES_WITH_CONTENT, FLAG_SECURE, FLAG_SUPPORTS_PROTECTED_BUFFERS}
05-24 09:29:42.415  1748  1748 D SurfaceFlinger: Set power mode=2, type=0 flinger=0xe66c6000
05-24 09:29:42.416  1576  1576 W hwservicemanager: getTransport: Cannot find entry android.hardware.light@2.0::ILight/default in either framework or device manifest.
05-24 09:29:42.416  1907  1935 I chatty  : uid=1000(system) android.display expire 1 line
05-24 09:29:42.416  1907  1935 I DisplayManagerService: Display device changed state: "Built-in Screen", ON
05-24 09:29:42.416  1907  1907 D SystemServerTiming: WaitForDisplay took to complete: 17ms
05-24 09:29:42.416  1907  1907 I SystemServer: StartPackageManagerService
05-24 09:29:42.477  1907  1907 D SELinuxMMAC: Using policy file /system/etc/selinux/plat_mac_permissions.xml
05-24 09:29:42.478  1907  1907 D SELinuxMMAC: Using policy file /vendor/etc/selinux/vendor_mac_permissions.xml
05-24 09:29:42.588  1907  1907 W PackageManager: Failed to parse /system/framework/oat: Missing base APK in /system/framework/oat
05-24 09:29:42.588  1907  1907 W PackageManager: Failed to parse /system/framework/x86: Missing base APK in /system/framework/x86
05-24 09:29:42.621  1919  1924 D BootAnimation: BootAnimationShownTiming start time: 9621ms
05-24 09:29:42.621  1919  1954 E BootAnimation: Could not add watch for /data/system
05-24 09:29:42.666  1641  1707 D gralloc_ranchu: gralloc_alloc: Creating ashmem region of size 14749696
05-24 09:29:42.676  1748  1748 I SurfaceFlinger: Enter boot animation
05-24 09:29:42.677  1898  1898 E eglCodecCommon: GoldfishAddressSpaceHostMemoryAllocator: ioctl_ping failed for device_type=5, ret=-1
05-24 09:29:42.812  1907  1907 I PackageManager: Finished scanning system apps. Time: 249 ms, packageCount: 108 , timePerPackage: 2 , cached: 108
05-24 09:29:42.843  1907  1907 I PackageManager: Finished scanning non-system apps. Time: 31 ms, packageCount: 2 , timePerPackage: 15 , cached: 0
05-24 09:29:42.846  1907  1907 I PackageManager: Time to scan packages: 0.283 seconds
05-24 09:29:42.850  1907  1907 I PackageManager: Un-granting permission android.permission.CLEAR_APP_USER_DATA from package com.google.android.packageinstaller (protectionLevel=258 flags=0x30483e45)
05-24 09:29:42.850  1907  1907 I PackageManager: Un-granting permission android.permission.GRANT_RUNTIME_PERMISSIONS from package com.google.android.packageinstaller (protectionLevel=770 flags=0x30483e45)
05-24 09:29:42.851  1907  1907 I PackageManager: Un-granting permission android.permission.REVOKE_RUNTIME_PERMISSIONS from package com.google.android.packageinstaller (protectionLevel=770 flags=0x30483e45)
05-24 09:29:42.851  1907  1907 I PackageManager: Un-granting permission android.permission.INSTALL_GRANT_RUNTIME_PERMISSIONS from package com.google.android.packageinstaller (protectionLevel=770 flags=0x30483e45)
05-24 09:29:42.851  1907  1907 I PackageManager: Un-granting permission android.permission.INTERACT_ACROSS_USERS_FULL from package com.google.android.packageinstaller (protectionLevel=258 flags=0x30483e45)
05-24 09:29:42.851  1907  1907 I PackageManager: Un-granting permission android.permission.MANAGE_APP_OPS_MODES from package com.google.android.packageinstaller (protectionLevel=770 flags=0x30483e45)
05-24 09:29:42.851  1907  1907 I PackageManager: Un-granting permission android.permission.KILL_UID from package com.google.android.packageinstaller (protectionLevel=258 flags=0x30483e45)
05-24 09:29:42.851  1907  1907 I PackageManager: Un-granting permission android.permission.MANAGE_APP_OPS_RESTRICTIONS from package com.google.android.packageinstaller (protectionLevel=258 flags=0x30483e45)
05-24 09:29:42.851  1907  1907 I PackageManager: Un-granting permission android.permission.HIDE_NON_SYSTEM_OVERLAY_WINDOWS from package com.google.android.packageinstaller (protectionLevel=258 flags=0x30483e45)
05-24 09:29:42.851  1907  1907 I PackageManager: Un-granting permission android.permission.ACCESS_INSTANT_APPS from package com.google.android.packageinstaller (protectionLevel=770 flags=0x30483e45)
05-24 09:29:42.853  1907  1907 V PackageManager: reconcileAppsData for null u0 0x3 migrateAppData=true
05-24 09:29:42.858  1753  1774 I SELinux : SELinux: Loaded file_contexts
05-24 09:29:42.925  1907  1907 V PackageManager: reconcileAppsData finished 18 packages
05-24 09:29:42.926  1907  1961 D SystemServerInitThreadPool: Started executing prepareAppData
05-24 09:29:42.927  1753  1774 W installd: Ignoring /data/data/com.android.defcontainer/lib with unexpected GID 0 instead of 10014
05-24 09:29:42.928  1753  1774 W installd: Ignoring /data/data/com.google.android.inputmethod.latin/lib with unexpected GID 0 instead of 10082
05-24 09:29:42.929  1753  1774 W installd: Ignoring /data/data/com.android.cts.priv.ctsshim/lib with unexpected GID 0 instead of 10029
05-24 09:29:42.930  1753  1774 W installd: Ignoring /data/data/com.google.android.youtube/lib with unexpected GID 0 instead of 10074
05-24 09:29:42.933  1753  1774 W installd: Ignoring /data/data/com.google.android.googlequicksearchbox/lib with unexpected GID 0 instead of 10040
05-24 09:29:42.953  1753  1774 W installd: Ignoring /data/data/com.google.android.apps.messaging/lib with unexpected GID 0 instead of 10084
05-24 09:29:42.959  1753  1774 W installd: Ignoring /data/data/com.android.pacprocessor/lib with unexpected GID 0 instead of 10079
05-24 09:29:42.964  1907  1907 V PackageManager: Ephemeral resolver found; pkg: com.google.android.gms, info:ResolveInfo{25e4a4e com.google.android.gms/.chimera.PersistentBoundBrokerService m=0x108000}
05-24 09:29:42.965  1907  1907 D PackageManager: Set ephemeral resolver: Pair{ComponentInfo{com.google.android.gms/com.google.android.gms.chimera.PersistentBoundBrokerService} android.intent.action.RESOLVE_INSTANT_APP_PACKAGE}
05-24 09:29:42.965  1753  1774 W installd: Ignoring /data/data/com.android.camera2/lib with unexpected GID 0 instead of 10056
05-24 09:29:42.967  1753  1774 W installd: Ignoring /data/data/com.google.android.apps.inputmethod.hindi/lib with unexpected GID 0 instead of 10044
05-24 09:29:42.968  1907  1907 D PackageManager: Instant App installer not found with android.intent.action.INSTALL_INSTANT_APP_PACKAGE
05-24 09:29:42.968  1907  1907 D PackageManager: Clear ephemeral installer activity
05-24 09:29:42.972  1753  1774 W installd: Ignoring /data/data/com.android.nfc/lib with unexpected GID 0 instead of 1027
05-24 09:29:42.988  1753  1774 W installd: Ignoring /data/data/com.google.android.setupwizard/lib with unexpected GID 0 instead of 10030
05-24 09:29:42.994  1753  1774 W installd: Ignoring /data/data/com.android.printspooler/lib with unexpected GID 0 instead of 10058
05-24 09:29:43.001  1753  1774 W installd: Ignoring /data/data/com.android.bips/lib with unexpected GID 0 instead of 10057
05-24 09:29:43.004  1753  1774 W installd: Ignoring /data/data/com.google.android.apps.docs/lib with unexpected GID 0 instead of 10052
05-24 09:29:43.005  1753  1774 W installd: Ignoring /data/data/com.google.android.apps.maps/lib with unexpected GID 0 instead of 10067
05-24 09:29:43.007  1907  1907 D SystemServerTiming: StartPackageManagerService took to complete: 590ms
05-24 09:29:43.008  1907  1907 I SystemServer: StartOtaDexOptService
05-24 09:29:43.008  1907  1907 D OTADexopt: No upgrade, skipping A/B artifacts check.
05-24 09:29:43.009  1907  1907 D SystemServerTiming: StartOtaDexOptService took to complete: 0ms
05-24 09:29:43.009  1907  1907 I SystemServer: StartUserManagerService
05-24 09:29:43.009  1907  1907 I SystemServiceManager: Starting com.android.server.pm.UserManagerService$LifeCycle
05-24 09:29:43.009  1907  1907 D SystemServerTiming: StartUserManagerService took to complete: 0ms
05-24 09:29:43.010  1907  1907 I SystemServer: InitAttributerCache
05-24 09:29:43.012  1907  1907 D SystemServerTiming: InitAttributerCache took to complete: 2ms
05-24 09:29:43.012  1907  1907 I SystemServer: SetSystemProcess
05-24 09:29:43.014  1753  1774 W installd: Ignoring /data/data/com.android.chrome/lib with unexpected GID 0 instead of 10062
05-24 09:29:43.015  1753  1774 W installd: Ignoring /data/data/com.google.android.gms/lib with unexpected GID 0 instead of 10013
05-24 09:29:43.017  1753  1774 W installd: Ignoring /data/data/com.google.android.gsf/lib with unexpected GID 0 instead of 10013
05-24 09:29:43.017  1650  1650 I lowmemorykiller: lmkd data connection established
05-24 09:29:43.018  1753  1774 W installd: Ignoring /data/data/com.google.android.ims/lib with unexpected GID 0 instead of 10015
05-24 09:29:43.019  1753  1774 W installd: Ignoring /data/data/com.google.android.tts/lib with unexpected GID 0 instead of 10070
05-24 09:29:43.021  1907  1907 D SystemServerTiming: SetSystemProcess took to complete: 9ms
05-24 09:29:43.026  1753  1774 W installd: Ignoring /data/data/com.google.android.videos/lib with unexpected GID 0 instead of 10069
05-24 09:29:43.028  1907  1907 I SystemServer: StartOverlayManagerService
05-24 09:29:43.031  1907  1907 D SystemServerTiming: StartOverlayManagerService took to complete: 2ms
05-24 09:29:43.031  1907  1965 D SystemServerInitThreadPool: Started executing Init OverlayManagerService
05-24 09:29:43.031  1753  1774 W installd: Ignoring /data/data/com.breel.geswallpapers/lib with unexpected GID 0 instead of 10078
05-24 09:29:43.035  1907  1907 I SystemServer: StartBatteryService
05-24 09:29:43.035  1907  1907 I SystemServiceManager: Starting com.android.server.BatteryService
05-24 09:29:43.036  1907  1966 D SystemServerInitThreadPool: Started executing StartSensorService
05-24 09:29:43.037  1907  1966 I chatty  : uid=1000 system_server expire 4 lines
05-24 09:29:43.039  1576  1576 W hwservicemanager: getTransport: Cannot find entry android.hardware.soundtrigger@2.0::ISoundTriggerHw/default in either framework or device manifest.
05-24 09:29:43.039  1649  1649 E SoundTriggerHwService: could not read implementation properties
05-24 09:29:43.041  1753  1774 W installd: Ignoring /data/data/com.google.android.apps.photos/lib with unexpected GID 0 instead of 10049
05-24 09:29:43.056  1907  1973 I chatty  : uid=1000(system) SensorService expire 1 line
05-24 09:29:43.055  1907  1972 I chatty  : uid=1000(system) SensorEventAckR expire 1 line
05-24 09:29:43.057  1907  1966 D SystemServerTimingAsync: StartSensorService took to complete: 20ms
05-24 09:29:43.057  1907  1966 D SystemServerInitThreadPool: Finished executing StartSensorService
05-24 09:29:43.058  1753  1774 W installd: Ignoring /data/data/com.google.android.backuptransport/lib with unexpected GID 0 instead of 10013
05-24 09:29:43.071  1753  1774 W installd: Ignoring /data/data/com.google.android.inputmethod.pinyin/lib with unexpected GID 0 instead of 10046
05-24 09:29:43.073  1907  1931 E BatteryExternalStatsWorker: no controller energy info supplied for telephony
05-24 09:29:43.073  1907  1907 I HealthServiceWrapper: health: HealthServiceWrapper listening to instance default
05-24 09:29:43.073  1907  1907 I BatteryService: health: Waited 0ms and received the update.
05-24 09:29:43.073  1907  1931 E KernelUidCpuFreqTimeReader: Failed to read /proc/uid_time_in_state: java.io.FileNotFoundException: /proc/uid_time_in_state (No such file or directory)
05-24 09:29:43.075  1907  1931 E KernelUidCpuFreqTimeReader: Failed to read /proc/uid_time_in_state: java.io.FileNotFoundException: /proc/uid_time_in_state (No such file or directory)
05-24 09:29:43.075  1907  1907 D SystemServerTiming: StartBatteryService took to complete: 40ms
05-24 09:29:43.075  1907  1907 I SystemServer: StartUsageService
05-24 09:29:43.075  1907  1907 I SystemServiceManager: Starting com.android.server.usage.UsageStatsService
05-24 09:29:43.076  1907  1931 I BatteryStatsImpl: Resetting battery stats: level=100 status=4 dischargeLevel=100 lowAmount=0 highAmount=0
05-24 09:29:43.090  1907  1974 I chatty  : uid=1000(system) HealthServiceRe expire 1 line
05-24 09:29:43.092  1761  1786 I storaged: storaged: Start
05-24 09:29:43.098  1753  1774 W installd: Ignoring /data/data/com.android.bluetooth/lib with unexpected GID 0 instead of 1002
05-24 09:29:43.099  1907  1931 E KernelUidCpuFreqTimeReader: Failed to read /proc/uid_time_in_state: java.io.FileNotFoundException: /proc/uid_time_in_state (No such file or directory)
05-24 09:29:43.100  1761  1786 E storaged: getDiskStats failed with result NOT_SUPPORTED and size 0
05-24 09:29:43.103  1907  1927 I BinderCallsStatsService: Resetting stats
05-24 09:29:43.111  1753  1774 W installd: Ignoring /data/user_de/0/com.android.defcontainer/lib with unexpected GID 0 instead of 10014
05-24 09:29:43.122  1907  1907 I UsageStatsService: User[0] Rollover scheduled @ 2022-05-24 23:38:14(1653415694864)
05-24 09:29:43.122  1907  1907 D SystemServerTiming: StartUsageService took to complete: 47ms
05-24 09:29:43.122  1907  1907 I SystemServer: StartWebViewUpdateService
05-24 09:29:43.122  1907  1907 I SystemServiceManager: Starting com.android.server.webkit.WebViewUpdateService
05-24 09:29:43.130  1907  1907 D SystemServerTiming: StartWebViewUpdateService took to complete: 8ms
05-24 09:29:43.130  1907  1907 I SystemServer: StartBinderCallsStatsService
05-24 09:29:43.130  1907  1907 D SystemServerTiming: StartBinderCallsStatsService took to complete: 0ms
05-24 09:29:43.131  1907  1907 I SystemServer: StartKeyAttestationApplicationIdProviderService
05-24 09:29:43.131  1907  1925 D SystemServerInitThreadPool: Started executing SecondaryZygotePreload
05-24 09:29:43.131  1907  1925 I SystemServer: SecondaryZygotePreload
05-24 09:29:43.133  1907  1907 D SystemServerTiming: StartKeyAttestationApplicationIdProviderService took to complete: 2ms
05-24 09:29:43.133  1907  1907 I SystemServer: StartKeyChainSystemService
05-24 09:29:43.133  1907  1907 I SystemServiceManager: Starting com.android.server.security.KeyChainSystemService
05-24 09:29:43.134  1907  1907 D SystemServerTiming: StartKeyChainSystemService took to complete: 1ms
05-24 09:29:43.134  1907  1907 I SystemServer: StartSchedulingPolicyService
05-24 09:29:43.134  1907  1966 D SystemServerInitThreadPool: Started executing SchedulingPolicyService.<init>
05-24 09:29:43.134  1907  1907 D SystemServerTiming: StartSchedulingPolicyService took to complete: 0ms
05-24 09:29:43.134  1907  1907 I SystemServer: StartTelecomLoaderService
05-24 09:29:43.134  1907  1907 I SystemServiceManager: Starting com.android.server.telecom.TelecomLoaderService
05-24 09:29:43.136  1907  1907 D SystemServerTiming: StartTelecomLoaderService took to complete: 2ms
05-24 09:29:43.136  1907  1907 I SystemServer: StartTelephonyRegistry
05-24 09:29:43.136  1907  1966 D SystemServerInitThreadPool: Finished executing SchedulingPolicyService.<init>
05-24 09:29:43.138  1907  1907 D SystemServerTiming: StartTelephonyRegistry took to complete: 2ms
05-24 09:29:43.138  1907  1907 I SystemServer: StartEntropyMixer
05-24 09:29:43.142  1907  1925 I chatty  : uid=1000 system_server expire 1 line
05-24 09:29:43.147  1907  1907 I EntropyMixer: Added HW RNG output to entropy pool
05-24 09:29:43.147  1907  1907 I EntropyMixer: Writing entropy...
05-24 09:29:43.153  1907  1907 D SystemServerTiming: StartEntropyMixer took to complete: 15ms
05-24 09:29:43.154  1907  1907 I SystemServer: StartAccountManagerService
05-24 09:29:43.154  1907  1907 I SystemServiceManager: Starting com.android.server.accounts.AccountManagerService$Lifecycle
05-24 09:29:43.158  1907  1907 D SystemServerTiming: StartAccountManagerService took to complete: 4ms
05-24 09:29:43.158  1907  1907 I SystemServer: StartContentService
05-24 09:29:43.158  1907  1907 I SystemServiceManager: Starting com.android.server.content.ContentService$Lifecycle
05-24 09:29:43.164  1907  1925 E SystemServer: Unable to preload default resources
05-24 09:29:43.164  1907  1925 D SystemServerTimingAsync: SecondaryZygotePreload took to complete: 33ms
05-24 09:29:43.164  1907  1925 D SystemServerInitThreadPool: Finished executing SecondaryZygotePreload
05-24 09:29:43.167  1907  1907 D SystemServerTiming: StartContentService took to complete: 9ms
05-24 09:29:43.167  1907  1907 I SystemServer: InstallSystemProviders
05-24 09:29:43.191  1753  1774 W installd: Ignoring /data/user_de/0/com.android.bluetooth/lib with unexpected GID 0 instead of 1002
05-24 09:29:43.195  1907  1961 D SystemServerTimingAsync: AppDataFixup took to complete: 269ms
05-24 09:29:43.216  1907  1907 D SystemServerTiming: InstallSystemProviders took to complete: 49ms
05-24 09:29:43.216  1907  1907 I SystemServer: StartDropBoxManager
05-24 09:29:43.216  1907  1907 I SystemServiceManager: Starting com.android.server.DropBoxManagerService
05-24 09:29:43.218  1907  1907 D SystemServerTiming: StartDropBoxManager took to complete: 2ms
05-24 09:29:43.218  1907  1907 I SystemServer: StartVibratorService
05-24 09:29:43.222  1576  1576 W hwservicemanager: getTransport: Cannot find entry android.hardware.vibrator@1.0::IVibrator/default in either framework or device manifest.
05-24 09:29:43.222  1576  1576 W hwservicemanager: getTransport: Cannot find entry android.hardware.vibrator@1.0::IVibrator/default in either framework or device manifest.
05-24 09:29:43.223  1576  1576 W hwservicemanager: getTransport: Cannot find entry android.hardware.vibrator@1.0::IVibrator/default in either framework or device manifest.
05-24 09:29:43.225  1907  1907 D SystemServerTiming: StartVibratorService took to complete: 7ms
05-24 09:29:43.226  1907  1907 I SystemServer: StartConsumerIrService
05-24 09:29:43.226  1576  1576 W hwservicemanager: getTransport: Cannot find entry android.hardware.ir@1.0::IConsumerIr/default in either framework or device manifest.
05-24 09:29:43.227  1907  1907 D SystemServerTiming: StartConsumerIrService took to complete: 1ms
05-24 09:29:43.227  1907  1907 I SystemServer: StartAlarmManagerService
05-24 09:29:43.227  1907  1907 I SystemServiceManager: Starting com.android.server.AlarmManagerService
05-24 09:29:43.230  1907  1907 D SystemServerTiming: StartAlarmManagerService took to complete: 3ms
05-24 09:29:43.231  1907  1907 I SystemServer: InitWatchdog
05-24 09:29:43.231  1907  1907 D SystemServerTiming: InitWatchdog took to complete: 0ms
05-24 09:29:43.231  1907  1907 I SystemServer: StartInputManagerService
05-24 09:29:43.233  1907  1907 I InputManager: Initializing input manager, mUseDevInputEventForAudioJack=true
05-24 09:29:43.236  1907  1907 D SystemServerTiming: StartInputManagerService took to complete: 5ms
05-24 09:29:43.236  1907  1907 I SystemServer: StartWindowManagerService
05-24 09:29:43.256  1907  1935 I WindowManager: No existing display settings /data/system/display_settings.xml; starting empty
05-24 09:29:43.275  1907  1907 D SystemServerTiming: StartWindowManagerService took to complete: 39ms
05-24 09:29:43.275  1907  1907 I SystemServer: SetWindowManagerService
05-24 09:29:43.377  1907  1907 D SystemServerTiming: SetWindowManagerService took to complete: 102ms
05-24 09:29:43.377  1907  1907 I SystemServer: WindowManagerServiceOnInitReady
05-24 09:29:43.456  1907  1928 I chatty  : uid=1000(system) android.ui expire 1 line
05-24 09:29:43.462  1907  1965 D SystemServerInitThreadPool: Finished executing Init OverlayManagerService
05-24 09:29:43.540  1907  1928 W Looper  : Slow dispatch took 156ms android.ui h=android.os.Handler c=android.os.Handler$BlockingRunnable@7227060 m=0
05-24 09:29:43.540  1907  1907 D SystemServerTiming: WindowManagerServiceOnInitReady took to complete: 163ms
05-24 09:29:43.540  1907  1907 I SystemServer: StartVrManagerService
05-24 09:29:43.540  1907  1966 D SystemServerInitThreadPool: Started executing StartHidlServices
05-24 09:29:43.541  1907  1907 I SystemServiceManager: Starting com.android.server.vr.VrManagerService
05-24 09:29:43.543  1907  1966 D SystemServerTimingAsync: StartHidlServices took to complete: 2ms
05-24 09:29:43.543  1576  1576 W hwservicemanager: getTransport: Cannot find entry android.hardware.vr@1.0::IVr/default in either framework or device manifest.
05-24 09:29:43.543  1907  1966 D SystemServerInitThreadPool: Finished executing StartHidlServices
05-24 09:29:43.544  1907  1907 D SystemServerTiming: StartVrManagerService took to complete: 3ms
05-24 09:29:43.544  1907  1907 I SystemServer: StartInputManager
05-24 09:29:43.544  1907  1907 I InputManager: Starting input manager
05-24 09:29:43.547  1907  1907 D SystemServerTiming: StartInputManager took to complete: 3ms
05-24 09:29:43.547  1907  1907 I SystemServer: DisplayManagerWindowManagerAndInputReady
05-24 09:29:43.547  1907  1907 D SystemServerTiming: DisplayManagerWindowManagerAndInputReady took to complete: 0ms
05-24 09:29:43.547  1907  1907 I SystemServer: No Bluetooth Service (emulator)
05-24 09:29:43.547  1907  1907 I SystemServer: IpConnectivityMetrics
05-24 09:29:43.547  1907  1907 I SystemServiceManager: Starting com.android.server.connectivity.IpConnectivityMetrics
05-24 09:29:43.552  1907  1907 D SystemServerTiming: IpConnectivityMetrics took to complete: 5ms
05-24 09:29:43.552  1907  1907 I SystemServer: NetworkWatchlistService
05-24 09:29:43.552  1907  1907 I SystemServiceManager: Starting com.android.server.net.watchlist.NetworkWatchlistService$Lifecycle
05-24 09:29:43.552  1907  1989 I chatty  : uid=1000(system) InputReader expire 16 lines
05-24 09:29:43.563  1907  1907 I WatchlistSettings: Reload watchlist settings done
05-24 09:29:43.564  1907  1907 D SystemServerTiming: NetworkWatchlistService took to complete: 12ms
05-24 09:29:43.564  1907  1990 I WatchlistLoggingHandler: Start aggregating watchlist records.
05-24 09:29:43.564  1907  1907 I SystemServer: PinnerService
05-24 09:29:43.564  1907  1907 I SystemServiceManager: Starting com.android.server.PinnerService
05-24 09:29:43.565  1907  1907 D SystemServerTiming: PinnerService took to complete: 1ms
05-24 09:29:43.565  1907  1907 I SystemServer: StartInputMethodManagerLifecycle
05-24 09:29:43.565  1907  1907 I SystemServiceManager: Starting com.android.server.InputMethodManagerService$Lifecycle
05-24 09:29:43.574  1907  1907 D SystemServerTiming: StartInputMethodManagerLifecycle took to complete: 9ms
05-24 09:29:43.574  1907  1907 I SystemServer: StartAccessibilityManagerService
05-24 09:29:43.578  1907  1907 D SystemServerTiming: StartAccessibilityManagerService took to complete: 3ms
05-24 09:29:43.578  1907  1907 I SystemServer: MakeDisplayReady
05-24 09:29:43.578  1907  1907 I ActivityManager: Config changes=20005df8 {1.0 ?mcc?mnc [en_US] ldltr sw411dp w411dp h731dp 560dpi nrml long port ?uimode ?night -touch -keyb/v/h -nav/h winConfig={ mBounds=Rect(0, 0 - 0, 0) mAppBounds=Rect(0, 0 - 1440, 2560) mWindowingMode=fullscreen mActivityType=undefined} s.2}
05-24 09:29:43.581  1907  1907 I ActivityManager: Override config changes=60007dfc {1.0 ?mcc?mnc [en_US] ldltr sw411dp w411dp h731dp 560dpi nrml long port ?uimode ?night -touch -keyb/v/h -nav/h winConfig={ mBounds=Rect(0, 0 - 1440, 2560) mAppBounds=Rect(0, 0 - 1440, 2560) mWindowingMode=fullscreen mActivityType=undefined} s.2} for displayId=0
05-24 09:29:43.583  1907  1907 W LocalDisplayAdapter: Unable to find color mode 0, ignoring request.
05-24 09:29:43.586  1907  1907 I ActivityManager: Config changes=20000500 {1.0 ?mcc?mnc [en_US] ldltr sw411dp w411dp h659dp 560dpi nrml port ?uimode ?night -touch -keyb/v/h -nav/h winConfig={ mBounds=Rect(0, 0 - 0, 0) mAppBounds=Rect(0, 0 - 1440, 2392) mWindowingMode=fullscreen mActivityType=undefined} s.3}
05-24 09:29:43.589  1907  1907 I ActivityManager: Override config changes=20000500 {1.0 ?mcc?mnc [en_US] ldltr sw411dp w411dp h659dp 560dpi nrml port ?uimode ?night -touch -keyb/v/h -nav/h winConfig={ mBounds=Rect(0, 0 - 1440, 2560) mAppBounds=Rect(0, 0 - 1440, 2392) mWindowingMode=fullscreen mActivityType=undefined} s.3} for displayId=0
05-24 09:29:43.597  1907  1907 W LocalDisplayAdapter: Unable to find color mode 0, ignoring request.
05-24 09:29:43.598  1907  1907 D SystemServerTiming: MakeDisplayReady took to complete: 20ms
05-24 09:29:43.598  1907  1907 I SystemServer: StartStorageManagerService
