05-24 09:30:03.047  1579  1588 D vold    : Preparing: /data/misc_ce/0
05-24 09:30:03.047  1579  1588 D vold    : Preparing: /data/vendor_ce/0
05-24 09:30:03.056  1579  1588 D vold    : Preparing: /data/media/0
05-24 09:30:03.056  1579  1588 D vold    : Preparing: /data/data
05-24 09:30:03.056  1579  1588 V vold    : Starting restorecon of /data/system_ce/0
05-24 09:30:03.057  2365  2599 E ActivityThread: Failed to find provider info for com.google.android.gsf.gservices
05-24 09:30:03.057  1641  1641 D gralloc_ranchu: gralloc_alloc: Creating ashmem region of size 12288
05-24 09:30:03.059  2327  2327 I AlarmClock: AlarmInitReceiver android.intent.action.LOCKED_BOOT_COMPLETED
05-24 09:30:03.062  1907  1999 I chatty  : uid=1000(system) WifiStateMachin expire 25 lines
05-24 09:30:03.063  2159  2574 D IccSmsInterfaceManager: [IccSmsInterfaceManager] Calling setCdmaBroadcastConfig with 1 configurations
05-24 09:30:03.065  2602  2602 I bootstat: Service started: /system/bin/bootstat --set_system_boot_reason --record_boot_complete --record_boot_reason --record_time_since_factory_reset -l 
05-24 09:30:03.066  2159  2574 D IccSmsInterfaceManager: [IccSmsInterfaceManager] Failed to add cdma broadcast subscription for MID range 4096 to 4096 from client com.android.cellbroadcastreceiver
05-24 09:30:03.071  2047  2311 D EGL_emulation: eglMakeCurrent: 0xe4605a20: ver 2 0 (tinfo 0xe4603dc0)
05-24 09:30:03.075  2159  2574 D IccSmsInterfaceManager: [IccSmsInterfaceManager] Calling setGsmBroadcastConfig with 1 configurations
05-24 09:30:03.060  2365  2599 E ActivityThread: Failed to find provider info for com.google.android.gsf.gservices
05-24 09:30:03.082  1907  2004 D ConnectivityService: Got NetworkFactory Messenger for WIFI
05-24 09:30:03.083  1907  2004 D ConnectivityService: Got NetworkFactory Messenger for WIFI_UT
05-24 09:30:03.090  2159  2574 D IccSmsInterfaceManager: [IccSmsInterfaceManager] Failed to add GSM cell broadcast subscription for MID range 4383 to 4383 from client com.android.cellbroadcastreceiver
05-24 09:30:03.098  2159  2574 D IccSmsInterfaceManager: [IccSmsInterfaceManager] Calling setGsmBroadcastConfig with 1 configurations
05-24 09:30:03.103  1641  1641 D gralloc_ranchu: gralloc_alloc: Creating ashmem region of size 970752
05-24 09:30:03.105  2159  2574 D IccSmsInterfaceManager: [IccSmsInterfaceManager] Failed to add GSM cell broadcast subscription for MID range 4371 to 4372 from client com.android.cellbroadcastreceiver
05-24 09:30:03.123  2159  2574 D IccSmsInterfaceManager: [IccSmsInterfaceManager] Calling setCdmaBroadcastConfig with 1 configurations
05-24 09:30:03.140  2159  2574 D IccSmsInterfaceManager: [IccSmsInterfaceManager] Failed to add cdma broadcast subscription for MID range 4097 to 4097 from client com.android.cellbroadcastreceiver
05-24 09:30:03.151  2159  2574 D IccSmsInterfaceManager: [IccSmsInterfaceManager] Calling setGsmBroadcastConfig with 1 configurations
05-24 09:30:03.157  1907  2003 E WifiP2pService: Unhandled message { when=-9ms what=131203 target=com.android.internal.util.StateMachine$SmHandler }
05-24 09:30:03.160  2159  2574 D IccSmsInterfaceManager: [IccSmsInterfaceManager] Failed to add GSM cell broadcast subscription for MID range 4384 to 4385 from client com.android.cellbroadcastreceiver
05-24 09:30:03.165  2159  2574 D IccSmsInterfaceManager: [IccSmsInterfaceManager] Calling setGsmBroadcastConfig with 1 configurations
05-24 09:30:03.170  2047  2311 I OpenGLRenderer: Davey! duration=1917ms; Flags=1, IntendedVsync=27877083446, Vsync=29493750048, OldestInputEvent=9223372036854775807, NewestInputEvent=0, HandleInputStart=29496510300, AnimationStart=29496672800, PerformTraversalsStart=29498664400, DrawStart=29606834100, SyncQueued=29696365500, SyncStart=29697136600, IssueDrawCommandsStart=29701246600, SwapBuffers=29723597200, FrameCompleted=29795382300, DequeueBufferDuration=6205000, QueueBufferDuration=1467000, 
05-24 09:30:03.172  2365  2599 E GmsTaskScheduler: com.google.android.gms.clearcut.uploader.QosUploaderService is not available. This may cause the task to be lost.
05-24 09:30:03.174  2365  2599 E GmsTaskScheduler: com.google.android.gms.clearcut.uploader.QosUploaderService is not available. This may cause the task to be lost.
05-24 09:30:03.176  2159  2574 D IccSmsInterfaceManager: [IccSmsInterfaceManager] Failed to add GSM cell broadcast subscription for MID range 4373 to 4378 from client com.android.cellbroadcastreceiver
05-24 09:30:03.184  2159  2574 D IccSmsInterfaceManager: [IccSmsInterfaceManager] Calling setCdmaBroadcastConfig with 1 configurations
05-24 09:30:03.187  2365  2599 E ActivityThread: Failed to find provider info for com.google.android.gsf.gservices
05-24 09:30:03.189  2159  2574 D IccSmsInterfaceManager: [IccSmsInterfaceManager] Failed to add cdma broadcast subscription for MID range 4098 to 4098 from client com.android.cellbroadcastreceiver
05-24 09:30:03.207  2047  2066 I ndroid.systemu: NativeAlloc concurrent copying GC freed 10918(666KB) AllocSpace objects, 0(0B) LOS objects, 50% free, 4MB/8MB, paused 746us total 172.208ms
05-24 09:30:03.208  2159  2574 D IccSmsInterfaceManager: [IccSmsInterfaceManager] Calling setGsmBroadcastConfig with 1 configurations
05-24 09:30:03.209  2327  2354 I AlarmClock: Removing AlarmClockInfo
05-24 09:30:03.224  2159  2574 D IccSmsInterfaceManager: [IccSmsInterfaceManager] Failed to add GSM cell broadcast subscription for MID range 4386 to 4391 from client com.android.cellbroadcastreceiver
05-24 09:30:03.226  2365  2599 E ActivityThread: Failed to find provider info for com.google.android.gsf.gservices
05-24 09:30:03.229  1579  1588 V vold    : Finished restorecon of /data/system_ce/0
05-24 09:30:03.229  1579  1588 V vold    : Starting restorecon of /data/misc_ce/0
05-24 09:30:03.232  2602  2602 I bootstat: Battery level at startup 100%
05-24 09:30:03.232  2602  2602 I bootstat: Canonical boot reason: reboot
05-24 09:30:03.244  2159  2574 D IccSmsInterfaceManager: [IccSmsInterfaceManager] Calling setGsmBroadcastConfig with 1 configurations
05-24 09:30:03.252  2159  2574 D IccSmsInterfaceManager: [IccSmsInterfaceManager] Failed to add GSM cell broadcast subscription for MID range 4379 to 4379 from client com.android.cellbroadcastreceiver
05-24 09:30:03.256  2365  2599 E ActivityThread: Failed to find provider info for com.google.android.gsf.gservices
05-24 09:30:03.273  2159  2375 D IccSmsInterfaceManager: [IccSmsInterfaceManager] Calling setCdmaBroadcastConfig with 1 configurations
05-24 09:30:03.280  1579  1588 V vold    : Finished restorecon of /data/misc_ce/0
05-24 09:30:03.280  1579  1588 V vold    : /system/bin/vold_prepare_subdirs
05-24 09:30:03.280  1579  1588 V vold    :     prepare
05-24 09:30:03.280  1579  1588 V vold    :     
05-24 09:30:03.280  1579  1588 V vold    :     0
05-24 09:30:03.281  1579  1588 V vold    :     2
05-24 09:30:03.281  2159  2375 D IccSmsInterfaceManager: [IccSmsInterfaceManager] Failed to add cdma broadcast subscription for MID range 4099 to 4099 from client com.android.cellbroadcastreceiver
05-24 09:30:03.284  2365  2599 E ActivityThread: Failed to find provider info for com.google.android.gsf.gservices
05-24 09:30:03.285  1907  1929 I ActivityManager: Start proc 2608:com.google.android.gms/u0a13 for service com.google.android.gms/.chimera.GmsIntentOperationService
05-24 09:30:03.289  2608  2608 W gle.android.gm: Unexpected CPU variant for X86 using defaults: x86
05-24 09:30:03.291  2365  2599 E ActivityThread: Failed to find provider info for com.google.android.gsf.gservices
05-24 09:30:03.300  2159  2375 D IccSmsInterfaceManager: [IccSmsInterfaceManager] Calling setGsmBroadcastConfig with 1 configurations
05-24 09:30:03.306  2159  2375 D IccSmsInterfaceManager: [IccSmsInterfaceManager] Failed to add GSM cell broadcast subscription for MID range 4392 to 4392 from client com.android.cellbroadcastreceiver
05-24 09:30:03.311  1579  1588 I vold_prepare_subdirs: SELinux: Loaded file_contexts
05-24 09:30:03.312  1907  1926 W ProcessCpuTracker: Skipping unknown process pid 2606
05-24 09:30:03.317  2607  2607 D vold_prepare_subdirs: Setting up mode 700 uid 0 gid 0 context u:object_r:vold_data_file:s0 on path: /data/misc_ce/0/vold
05-24 09:30:03.320  2607  2607 D vold_prepare_subdirs: Setting up mode 700 uid 0 gid 0 context u:object_r:storaged_data_file:s0 on path: /data/misc_ce/0/storaged
05-24 09:30:03.323  1907  1933 V UserDataPreparer: Found /data/user/0 with serial number 0
05-24 09:30:03.323  1907  1933 V UserDataPreparer: Found /data/system_ce/0 with serial number 0
05-24 09:30:03.327  1907  1933 D UserDataPreparer: Setting property: sys.user.0.ce_available=true
05-24 09:30:03.329  1907  1933 V PackageManager: reconcileAppsData for null u0 0x2 migrateAppData=false
05-24 09:30:03.348  2159  2442 D IccSmsInterfaceManager: [IccSmsInterfaceManager] Failed to remove GSM cell broadcast subscription for MID range 4380 to 4380 from client com.android.cellbroadcastreceiver
05-24 09:30:03.358  2047  2047 W System  : ClassLoader referenced unknown path: 
05-24 09:30:03.364  2159  2375 D IccSmsInterfaceManager: [IccSmsInterfaceManager] Failed to remove cdma broadcast subscription for MID range 4100 to 4100 from client com.android.cellbroadcastreceiver
05-24 09:30:03.380  2047  2047 I Choreographer: Skipped 30 frames!  The application may be doing too much work on its main thread.
05-24 09:30:03.390  2159  2375 D IccSmsInterfaceManager: [IccSmsInterfaceManager] Failed to remove GSM cell broadcast subscription for MID range 4393 to 4393 from client com.android.cellbroadcastreceiver
05-24 09:30:03.394  2365  2599 E ActivityThread: Failed to find provider info for com.google.android.gsf.gservices
05-24 09:30:03.406  2159  2375 D IccSmsInterfaceManager: [IccSmsInterfaceManager] Failed to remove GSM cell broadcast subscription for MID range 4381 to 4381 from client com.android.cellbroadcastreceiver
05-24 09:30:03.420  2608  2608 I gle.android.gm: The ClassLoaderContext is a special shared library.
05-24 09:30:03.421  2608  2608 I gle.android.gm: The ClassLoaderContext is a special shared library.
05-24 09:30:03.421  2608  2608 I gle.android.gm: The ClassLoaderContext is a special shared library.
05-24 09:30:03.425  2608  2608 I gle.android.gm: The ClassLoaderContext is a special shared library.
05-24 09:30:03.428  2159  2375 D IccSmsInterfaceManager: [IccSmsInterfaceManager] Failed to remove GSM cell broadcast subscription for MID range 4394 to 4394 from client com.android.cellbroadcastreceiver
05-24 09:30:03.438  2159  2375 D IccSmsInterfaceManager: [IccSmsInterfaceManager] Failed to remove GSM cell broadcast subscription for MID range 4382 to 4382 from client com.android.cellbroadcastreceiver
05-24 09:30:03.452  2159  2375 D IccSmsInterfaceManager: [IccSmsInterfaceManager] Failed to remove GSM cell broadcast subscription for MID range 4395 to 4395 from client com.android.cellbroadcastreceiver
05-24 09:30:03.459  2159  2375 D IccSmsInterfaceManager: [IccSmsInterfaceManager] Calling setGsmBroadcastConfig with 1 configurations
05-24 09:30:03.414  2365  2599 I chatty  : uid=10013 com.google.android.gms.persistent identical 1 line
05-24 09:30:03.454  2365  2599 E ActivityThread: Failed to find provider info for com.google.android.gsf.gservices
05-24 09:30:03.476  2608  2608 E ActivityThread: Failed to find provider info for com.google.android.gsf.gservices
05-24 09:30:03.479  2159  2375 D IccSmsInterfaceManager: [IccSmsInterfaceManager] Failed to add GSM cell broadcast subscription for MID range 4352 to 4354 from client com.android.cellbroadcastreceiver
05-24 09:30:03.489  2159  2375 D IccSmsInterfaceManager: [IccSmsInterfaceManager] Calling setGsmBroadcastConfig with 1 configurations
05-24 09:30:03.500  2047  2311 D EGL_emulation: eglMakeCurrent: 0xe4605a20: ver 2 0 (tinfo 0xe4603dc0)
05-24 09:30:03.500  2159  2375 D IccSmsInterfaceManager: [IccSmsInterfaceManager] Failed to add GSM cell broadcast subscription for MID range 4356 to 4356 from client com.android.cellbroadcastreceiver
05-24 09:30:03.508  2159  2375 D IccSmsInterfaceManager: [IccSmsInterfaceManager] Failed to remove GSM cell broadcast subscription for MID range 4355 to 4355 from client com.android.cellbroadcastreceiver
05-24 09:30:03.520  2608  2608 I chatty  : uid=10013(com.google.android.gms) identical 1 line
05-24 09:30:03.520  2608  2608 E ActivityThread: Failed to find provider info for com.google.android.gsf.gservices
05-24 09:30:03.521  2365  2599 E ActivityThread: Failed to find provider info for com.google.android.gsf.gservices
05-24 09:30:03.521  2608  2608 E ActivityThread: Failed to find provider info for com.google.android.gsf.gservices
05-24 09:30:03.531  1753  1970 W cutils  : Expected path /data/data/com.google.android.gms with mode 700 but found 711
05-24 09:30:03.537  2608  2608 W DirectBootExitBR: User is in direct boot mode.
05-24 09:30:03.551  2608  2608 W DynamiteModule: Local module descriptor class for providerinstaller not found.
05-24 09:30:03.568  2608  2608 W ProviderHelper: Unknown dynamite feature providerinstaller
05-24 09:30:03.571  2608  2608 I DynamiteModule: Considering local module providerinstaller:0 and remote module providerinstaller:0
05-24 09:30:03.572  2608  2608 W ProviderInstaller: Failed to load providerinstaller module: No acceptable module found. Local version is 0 and remote version is 0.
05-24 09:30:03.578  2608  2608 V NativeCrypto: Registering com/google/android/gms/org/conscrypt/NativeCrypto's 286 native methods...
05-24 09:30:03.571  2608  2608 I chatty  : uid=10013(com.google.android.gms) identical 20 lines
05-24 09:30:03.571  2608  2608 E ActivityThread: Failed to find provider info for com.google.android.gsf.gservices
05-24 09:30:03.579  2365  2599 E ActivityThread: Failed to find provider info for com.google.android.gsf.gservices
05-24 09:30:03.587  2365  2599 I aomo    : No Heterodyne serving version in database [CONTEXT service_id=51 ]
05-24 09:30:03.593  1907  1933 V PackageManager: reconcileAppsData finished 110 packages
05-24 09:30:03.593  1907  1933 I ActivityManager: User 0 state changed from RUNNING_LOCKED to RUNNING_UNLOCKING
05-24 09:30:03.594  1907  1933 D ActivityManager: Unlocking user 0 progress 20
05-24 09:30:03.594  1907  1933 W Looper  : Slow dispatch took 548ms android.fg h=android.os.Handler c=com.android.server.am.-$$Lambda$UserController$o6oQFjGYYIfx-I94cSakTLPLt6s@90aca19 m=0
05-24 09:30:03.594  1907  1933 W Looper  : Slow delivery took 533ms android.fg h=com.android.server.AppStateTracker$MyHandler c=null m=11
05-24 09:30:03.594  1907  1927 I SystemServiceManager: Calling onUnlockUser u0
05-24 09:30:03.596  1907  1927 D StorageManagerService: onUnlockUser 0
05-24 09:30:03.597  1579  1588 D vold    : Linking /storage/emulated/0 to /mnt/user/0/primary
05-24 09:30:03.602  1907  1933 W Looper  : Drained
05-24 09:30:03.603  1907  1991 D StorageManagerService: Volume public:253,80 broadcasting mounted to UserHandle{0}
05-24 09:30:03.604  1907  1991 D StorageManagerService: Volume emulated broadcasting mounted to UserHandle{0}
05-24 09:30:03.632  2608  2608 D NetworkSecurityConfig: Using Network Security Config from resource network_security_config debugBuild: false
05-24 09:30:03.646  2635  2635 W ocess.gservice: Unexpected CPU variant for X86 using defaults: x86
05-24 09:30:03.650  2608  2608 I ProviderInstaller: Installed default security provider GmsCore_OpenSSL
05-24 09:30:03.651  1907  1926 I chatty  : uid=1000(system) android.bg expire 109 lines
05-24 09:30:03.656  2047  2311 I OpenGLRenderer: Davey! duration=763ms; Flags=0, IntendedVsync=29501987046, Vsync=30001987026, OldestInputEvent=9223372036854775807, NewestInputEvent=0, HandleInputStart=30005326500, AnimationStart=30005397200, PerformTraversalsStart=30006301700, DrawStart=30101548300, SyncQueued=30112445200, SyncStart=30128522300, IssueDrawCommandsStart=30128661800, SwapBuffers=30269772400, FrameCompleted=30281396900, DequeueBufferDuration=5419000, QueueBufferDuration=316000, 
05-24 09:30:03.657  2047  2311 D EGL_emulation: eglMakeCurrent: 0xe4605a20: ver 2 0 (tinfo 0xe4603dc0)
05-24 09:30:03.661  2608  2608 I Safeboot: Checking safeboot...
05-24 09:30:03.662  1907  1929 W ActivityManager: Slow operation: 61ms so far, now at startProcess: returned from zygote!
05-24 09:30:03.662  1907  1929 W ActivityManager: Slow operation: 61ms so far, now at startProcess: done updating battery stats
05-24 09:30:03.663  1907  1929 W ActivityManager: Slow operation: 61ms so far, now at startProcess: building log message
05-24 09:30:03.667  1907  1929 I ActivityManager: Start proc 2635:com.google.process.gservices/u0a13 for content provider com.google.android.gsf/.gservices.GservicesProvider
05-24 09:30:03.667  1907  1929 W ActivityManager: Slow operation: 66ms so far, now at startProcess: starting to update pids map
05-24 09:30:03.667  1907  1929 W ActivityManager: Slow operation: 66ms so far, now at startProcess: done updating pids map
05-24 09:30:03.686  1907  2640 V BackupManagerService: Starting with transport com.google.android.gms/.backup.BackupTransportService
05-24 09:30:03.695  2608  2608 I Safeboot: Not entering safeboot; wrong process.
05-24 09:30:03.718  2647  2647 W hbox:interacto: Unexpected CPU variant for X86 using defaults: x86
05-24 09:30:03.730  2490  2490 I Dialer  : LegacyVoicemailNotificationReceiver.onReceive - received legacy voicemail notification
05-24 09:30:03.731  2490  2490 I Dialer  : LegacyVoicemailNotificationReceiver.onReceive - isRefresh: true
05-24 09:30:03.731  2490  2490 I Dialer  : LegacyVoicemailNotificationReceiver.onReceive - clearing notification
05-24 09:30:03.731  2490  2490 I Dialer  : LegacyVoicemailNotifier.cancelNotification - enter
05-24 09:30:03.734  1907  2302 W ActivityManager: Slow operation: 83ms so far, now at startProcess: done updating battery stats
05-24 09:30:03.734  1907  2302 W ActivityManager: Slow operation: 83ms so far, now at startProcess: building log message
05-24 09:30:03.734  1907  2302 I ActivityManager: Start proc 2647:com.google.android.googlequicksearchbox:interactor/u0a40 for service com.google.android.googlequicksearchbox/com.google.android.voiceinteraction.GsaVoiceInteractionService
05-24 09:30:03.734  1907  2302 W ActivityManager: Slow operation: 83ms so far, now at startProcess: starting to update pids map
05-24 09:30:03.735  1907  2302 W ActivityManager: Slow operation: 83ms so far, now at startProcess: done updating pids map
05-24 09:30:03.748  2047  2311 D EGL_emulation: eglMakeCurrent: 0xe4605a20: ver 2 0 (tinfo 0xe4603dc0)
05-24 09:30:03.787  1907  2302 W ActivityManager: Slow operation: 53ms so far, now at attachApplicationLocked: after mServices.attachApplicationLocked
05-24 09:30:03.796  2647  2647 I hbox:interacto: The ClassLoaderContext is a special shared library.
05-24 09:30:03.814  1907  2640 I chatty  : uid=1000(system) backup expire 3 lines
05-24 09:30:03.817  2490  2490 I Dialer  : LegacyVoicemailNotificationReceiver.onReceive - received legacy voicemail notification
05-24 09:30:03.817  2490  2490 I Dialer  : LegacyVoicemailNotificationReceiver.onReceive - isRefresh: true
05-24 09:30:03.817  2490  2490 I Dialer  : LegacyVoicemailNotificationReceiver.onReceive - clearing notification
05-24 09:30:03.817  2490  2490 I Dialer  : LegacyVoicemailNotifier.cancelNotification - enter
05-24 09:30:03.820  1907  2640 E BackupPasswordManager: Unable to read backup pw version
05-24 09:30:03.822  1907  2640 E BackupPasswordManager: Unable to read saved backup pw hash
05-24 09:30:03.823  1907  2640 V BackupManagerService: No ancestral data
05-24 09:30:03.866  1907  1927 D AutofillManagerServiceImpl: Set component for user 0 as AutofillServiceInfo[ServiceInfo{f8cce9f com.google.android.gms.autofill.service.AutofillService}, settings:com.google.android.gms.autofill.ui.AutofillSettingsActivity, hasCompatPckgs:false]
05-24 09:30:03.868  1907  1927 D AutofillManagerServiceImpl: Set component for user 0 as AutofillServiceInfo[ServiceInfo{3e29bec com.google.android.gms.autofill.service.AutofillService}, settings:com.google.android.gms.autofill.ui.AutofillSettingsActivity, hasCompatPckgs:false]
05-24 09:30:03.869  1907  1927 W SystemServiceManager: Service com.android.server.autofill.AutofillManagerService took 215 ms in onUnlockUser 
05-24 09:30:03.871  1907  1927 I ActivityManager: User 0 state changed from RUNNING_UNLOCKING to RUNNING_UNLOCKED
05-24 09:30:03.874  1907  1927 D SystemServerTiming: SystemUserUnlock took to complete: 827ms
05-24 09:30:03.875  1907  1907 W InputMethodManagerService: Illegal subtype state: old subtype = null, new subtype = android.view.inputmethod.InputMethodSubtype@70bfcd7e
05-24 09:30:03.881  1907  1907 W Looper  : Slow dispatch took 281ms main h=android.os.Handler c=null m=5000
05-24 09:30:03.881  1907  1907 W Looper  : Slow delivery took 279ms main h=android.os.Handler c=null m=1
05-24 09:30:03.882  1907  1929 W ActivityManager: Slow operation: 231ms so far, now at startProcess: returned from zygote!
05-24 09:30:03.876  1907  1927 I chatty  : uid=1000(system) ActivityManager expire 54 lines
05-24 09:30:03.902  2647  2647 I hbox:interacto: The ClassLoaderContext is a special shared library.
05-24 09:30:03.928  2635  2635 I ocess.gservice: The ClassLoaderContext is a special shared library.
05-24 09:30:03.975  2635  2635 I ocess.gservice: The ClassLoaderContext is a special shared library.
05-24 09:30:03.979  2037  2037 I InputContentProvider: Created InputContentProvider: exported=[false]
05-24 09:30:03.985  1907  1929 W ActivityManager: Slow operation: 109ms so far, now at startProcess: asking zygote to start proc
05-24 09:30:03.998  1907  1927 I ActivityManager: Sending BOOT_COMPLETE user #0
05-24 09:30:04.017  1907  1929 W ActivityManager: Slow operation: 142ms so far, now at startProcess: returned from zygote!
05-24 09:30:04.047  2647  2647 I InteractorInitializer: Initialized process com.google.android.googlequicksearchbox:interactor
05-24 09:30:04.051  2687  2687 W com.android.se: Unexpected CPU variant for X86 using defaults: x86
05-24 09:30:04.095  1907  1929 W ActivityManager: Slow operation: 220ms so far, now at startProcess: done updating battery stats
05-24 09:30:04.095  1907  1929 W ActivityManager: Slow operation: 220ms so far, now at startProcess: building log message
05-24 09:30:04.095  1907  1929 I ActivityManager: Start proc 2687:com.android.se/1068 for added application com.android.se
05-24 09:30:04.095  1907  1929 W ActivityManager: Slow operation: 220ms so far, now at startProcess: starting to update pids map
05-24 09:30:04.096  1907  1929 W ActivityManager: Slow operation: 220ms so far, now at startProcess: done updating pids map
05-24 09:30:04.106  2159  2159 D CarrierSvcBindHelper: Received android.intent.action.USER_UNLOCKED
05-24 09:30:04.107  1907  1928 W Looper  : Slow dispatch took 261ms android.ui h=com.android.server.am.ActivityManagerService$UiHandler c=null m=53
05-24 09:30:04.107  1907  1928 D AutofillUI: destroySaveUiUiThread(): already destroyed
05-24 09:30:04.107  1907  1928 W Looper  : Slow delivery took 241ms android.ui h=android.os.Handler c=com.android.server.autofill.ui.-$$Lambda$AutoFillUI$XWhvh2-Jd9NLMoEos-e8RkZdQaI@1e27c84 m=0
05-24 09:30:04.119  2175  2175 D FallbackHome: User unlocked and real home found; let's go!
05-24 09:30:04.123  1907  1928 W Looper  : Drained
05-24 09:30:04.145  1907  1907 W Looper  : Slow dispatch took 254ms main h=com.android.server.job.JobSchedulerService$JobHandler c=null m=1
05-24 09:30:04.159  1907  1929 W ActivityManager: Slow operation: 67ms so far, now at startProcess: returned from zygote!
05-24 09:30:04.161  2710  2710 W d.process.medi: Unexpected CPU variant for X86 using defaults: x86
05-24 09:30:04.170  2635  2635 I GservicesProvider: Gservices pushing to system: true; secure/global: true
05-24 09:30:04.172  1907  2041 I ActivityManager: START u0 {act=android.intent.action.MAIN cat=[android.intent.category.HOME] flg=0x10000100 cmp=com.google.android.apps.nexuslauncher/.NexusLauncherActivity} from uid 0
05-24 09:30:04.173  2159  2159 D CarrierSvcBindHelper: No carrier app for: 0
05-24 09:30:04.173  2159  2159 D IntentBroadcaster: Rebroadcasting intent android.intent.action.SIM_STATE_CHANGED LOADED for slotId 0
05-24 09:30:04.210  2037  2037 I TransientFileCleaner: Deleting 0 files
05-24 09:30:04.313  1907  2723 I ActivityManager: Force stopping com.registationform appid=10086 user=0: from pid 2692
05-24 09:30:04.316  1907  2041 W ActivityManager: Slow operation: 223ms so far, now at startProcess: done updating battery stats
05-24 09:30:04.316  1907  2041 W ActivityManager: Slow operation: 223ms so far, now at startProcess: building log message
05-24 09:30:04.316  1907  2041 I ActivityManager: Start proc 2710:android.process.media/u0a5 for broadcast com.android.providers.downloads/.DownloadReceiver
05-24 09:30:04.316  1907  2041 W ActivityManager: Slow operation: 224ms so far, now at startProcess: starting to update pids map
05-24 09:30:04.316  1907  2041 W ActivityManager: Slow operation: 224ms so far, now at startProcess: done updating pids map
05-24 09:30:04.342  1907  1907 W Looper  : Slow dispatch took 196ms main h=com.android.server.job.JobSchedulerService$JobHandler c=null m=7
05-24 09:30:04.343  1907  1929 W ActivityManager: Slow operation: 232ms so far, now at startProcess: asking zygote to start proc
05-24 09:30:04.347  2037  2037 I LauncherIconVisibility: doUpdate() : Visible = false
05-24 09:30:04.353  2687  2687 I com.android.se: The ClassLoaderContext is a special shared library.
05-24 09:30:04.355  1907  1929 W ActivityManager: Slow operation: 244ms so far, now at startProcess: returned from zygote!
05-24 09:30:04.360  1907  1929 W ActivityManager: Slow operation: 248ms so far, now at startProcess: done updating battery stats
05-24 09:30:04.360  1907  1929 W ActivityManager: Slow operation: 248ms so far, now at startProcess: building log message
05-24 09:30:04.360  1907  1929 I ActivityManager: Start proc 2750:com.google.android.apps.maps/u0a67 for service com.google.android.apps.maps/com.google.android.apps.gmm.offline.update.OfflineAutoUpdateJobService
05-24 09:30:04.360  1907  1929 W ActivityManager: Slow operation: 249ms so far, now at startProcess: starting to update pids map
05-24 09:30:04.360  1907  1929 W ActivityManager: Slow operation: 249ms so far, now at startProcess: done updating pids map
05-24 09:30:04.360  1907  1929 W ActivityManager: Slow operation: 225ms so far, now at startProcess: asking zygote to start proc
05-24 09:30:04.379  2159  2159 D CarrierSvcBindHelper: No carrier app for: 0
05-24 09:30:04.381  2175  2229 D EGL_emulation: eglMakeCurrent: 0xe46051e0: ver 2 0 (tinfo 0xe46035e0)
05-24 09:30:04.406  1907  1907 W NotificationListeners: Not binding notification listener service ComponentInfo{com.google.android.apps.restore/com.google.android.apps.pixelmigrate.component.NotificationConsolidatorService}: service not found
05-24 09:30:04.406  1907  1907 V NotificationAssistants: disabling notification assistant for user 0: ComponentInfo{com.google.android.ext.services/android.ext.services.notification.Assistant}
05-24 09:30:04.406  1907  1907 D NotificationListeners: Removing active service ComponentInfo{com.google.android.ext.services/android.ext.services.notification.Assistant}
05-24 09:30:04.408  2532  2532 I ContactsPerf: VoicemailContentProvider.onCreate start
05-24 09:30:04.408  1907  1907 V NotificationAssistants: enabling notification assistant for 0: ComponentInfo{com.google.android.ext.services/android.ext.services.notification.Assistant}
05-24 09:30:04.409  2750  2750 W droid.apps.map: Unexpected CPU variant for X86 using defaults: x86
05-24 09:30:04.420  1907  1929 W ActivityManager: Slow operation: 285ms so far, now at startProcess: returned from zygote!
05-24 09:30:04.423  2647  2647 W AppFlowTracker: Dropping AppFlow event "93" logged from process "com.google.android.googlequicksearchbox:interactor"
05-24 09:30:04.423  2647  2647 W AppFlowTracker: Dropping AppFlow event "24" logged from process "com.google.android.googlequicksearchbox:interactor"
05-24 09:30:04.426  1748  2002 W SurfaceFlinger: Attempting to set client state on removed layer: com.android.settings/com.android.settings.FallbackHome#0
05-24 09:30:04.426  1748  2002 W SurfaceFlinger: Attempting to destroy on removed layer: com.android.settings/com.android.settings.FallbackHome#0
05-24 09:30:04.428  2710  2710 I d.process.medi: The ClassLoaderContext is a special shared library.
05-24 09:30:04.436  1907  1929 W ActivityManager: Slow operation: 301ms so far, now at startProcess: done updating battery stats
05-24 09:30:04.436  1907  1929 W ActivityManager: Slow operation: 301ms so far, now at startProcess: building log message
05-24 09:30:04.436  1907  1929 I ActivityManager: Start proc 2765:com.android.smspush/u0a60 for service com.android.smspush/.WapPushManager
05-24 09:30:04.436  1907  1929 W ActivityManager: Slow operation: 301ms so far, now at startProcess: starting to update pids map
05-24 09:30:04.436  1907  1929 W ActivityManager: Slow operation: 301ms so far, now at startProcess: done updating pids map
05-24 09:30:04.437  1907  1929 W ActivityManager: Slow operation: 157ms so far, now at startProcess: asking zygote to start proc
05-24 09:30:04.437  1907  1907 V NotificationAssistants: binding: Intent { act=android.service.notification.NotificationAssistantService cmp=com.google.android.ext.services/android.ext.services.notification.Assistant (has extras) }
05-24 09:30:04.440  1907  1907 I chatty  : uid=1000 system_server expire 3 lines
05-24 09:30:04.441  1907  2640 I BackupManagerService: Unlocking system user; mService=com.android.server.backup.BackupManagerService@9f13105
05-24 09:30:04.453  2765  2765 W android.smspus: Unexpected CPU variant for X86 using defaults: x86
05-24 09:30:04.456  2532  2532 I ContactsPerf: VoicemailContentProvider.onCreate finish
05-24 09:30:04.460  2159  2172 I m.android.phon: Background concurrent copying GC freed 15845(2MB) AllocSpace objects, 1(20KB) LOS objects, 49% free, 1758KB/3MB, paused 631us total 335.224ms
05-24 09:30:04.462  2159  2170 W System  : A resource failed to call close. 
05-24 09:30:04.465  1907  1963 I chatty  : uid=1000(system) android.anim expire 5 lines
05-24 09:30:04.469  1907  1929 W ActivityManager: Slow operation: 190ms so far, now at startProcess: returned from zygote!
05-24 09:30:04.470  1907  1929 W ActivityManager: Slow operation: 191ms so far, now at startProcess: done updating battery stats
05-24 09:30:04.470  1907  1929 W ActivityManager: Slow operation: 191ms so far, now at startProcess: building log message
05-24 09:30:04.470  1907  1929 I ActivityManager: Start proc 2787:com.google.android.apps.nexuslauncher/u0a23 for activity com.google.android.apps.nexuslauncher/.NexusLauncherActivity
05-24 09:30:04.470  1907  1929 W ActivityManager: Slow operation: 191ms so far, now at startProcess: starting to update pids map
05-24 09:30:04.470  1907  1929 W ActivityManager: Slow operation: 191ms so far, now at startProcess: done updating pids map
05-24 09:30:04.471  1907  1929 W ActivityManager: Slow operation: 173ms so far, now at startProcess: asking zygote to start proc
05-24 09:30:04.474  2687  2687 I SecureElementService: main onCreate
05-24 09:30:04.476  1576  1576 W hwservicemanager: getTransport: Cannot find entry android.hardware.secure_element@1.0::ISecureElement/eSE1 in either framework or device manifest.
05-24 09:30:04.479  2687  2687 I SecureElementService: No HAL implementation for eSE1
05-24 09:30:04.480  1576  1576 W hwservicemanager: getTransport: Cannot find entry android.hardware.secure_element@1.0::ISecureElement/SIM1 in either framework or device manifest.
05-24 09:30:04.481  2687  2687 I SecureElementService: No HAL implementation for SIM1
05-24 09:30:04.485  2532  2726 D ContactsDatabaseHelper: WAL enabled for contacts2.db: true
05-24 09:30:04.491  2710  2710 I d.process.medi: The ClassLoaderContext is a special shared library.
05-24 09:30:04.492  1907  2640 I BackupManagerService: Backup enabled => false
05-24 09:30:04.536  2787  2787 W s.nexuslaunche: Unexpected CPU variant for X86 using defaults: x86
05-24 09:30:04.540  2803  2803 W earchbox:searc: Unexpected CPU variant for X86 using defaults: x86
05-24 09:30:04.555  1907  1929 W ActivityManager: Slow operation: 257ms so far, now at startProcess: returned from zygote!
05-24 09:30:04.555  1641  1641 D gralloc_ranchu: gralloc_alloc: Creating ashmem region of size 14749696
05-24 09:30:04.561  1907  1929 W ActivityManager: Slow operation: 262ms so far, now at startProcess: done updating battery stats
05-24 09:30:04.561  1907  1929 W ActivityManager: Slow operation: 263ms so far, now at startProcess: building log message
05-24 09:30:04.561  1907  1929 I ActivityManager: Start proc 2803:com.google.android.googlequicksearchbox:search/u0a40 for broadcast com.google.android.googlequicksearchbox/com.google.android.apps.gsa.broadcastreceiver.external.PixelLauncherBroadcastReceiver
05-24 09:30:04.561  1907  1929 W ActivityManager: Slow operation: 263ms so far, now at startProcess: starting to update pids map
05-24 09:30:04.561  1907  1929 W ActivityManager: Slow operation: 263ms so far, now at startProcess: done updating pids map
05-24 09:30:04.571  2365  2365 I NetRec  : [2] NetworkRecommendationService.onCreate: Creating service.
05-24 09:30:04.580  2765  2765 I android.smspus: The ClassLoaderContext is a special shared library.
05-24 09:30:04.601  1907  2640 V BackupManagerConstants: getKeyValueBackupIntervalMilliseconds(...) returns 14400000
05-24 09:30:04.601  1907  2640 V BackupManagerConstants: getKeyValueBackupFuzzMilliseconds(...) returns 600000
05-24 09:30:04.601  1907  2640 V BackupManagerConstants: getKeyValueBackupRequiredNetworkType(...) returns 1
05-24 09:30:04.601  1907  2640 V BackupManagerConstants: getKeyValueBackupRequireCharging(...) returns true
05-24 09:30:04.601  1907  2640 V KeyValueBackupJob: Scheduling k/v pass in 249 minutes
05-24 09:30:04.619  2750  2750 I droid.apps.map: The ClassLoaderContext is a special shared library.
05-24 09:30:04.635  1907  2021 I chatty  : uid=1000(system) HwBinder:1907_2 expire 8 lines
05-24 09:30:04.643  2532  2726 I ContactLocale: AddressBook Labels [[en_US]]: [, A, B, C, D, E, F, G, H, I, J, K, L, M, N, O, P, Q, R, S, T, U, V, W, X, Y, Z, , , , , , , , , , , , , , , , , , , , , , , , , , , , , , , , , , , , , , , , , , , , , , , , , , , , , , , , , , , , , , , , , , , , , , , , , , , , , , , , , , , , , , , , , , , , , , , , , , , , , , , , , , , , , , , , , , , , , , , , , , , , , , , , , , , , , , , , , , , , , , , , , , , , , , , , , , , , , , , , , , , , , , , , , , , , , , , , , , , , , , , , , , , #, ]
05-24 09:30:04.657  1907  1907 W Looper  : Slow dispatch took 217ms main h=android.app.ActivityThread$H c=android.app.-$$Lambda$LoadedApk$ReceiverDispatcher$Args$_BumDX2UKsnxLVrE6UJsJZkotuA@74cc8ba m=0
05-24 09:30:04.659  2047  2311 D EGL_emulation: eglMakeCurrent: 0xe4605a20: ver 2 0 (tinfo 0xe4603dc0)
05-24 09:30:04.663  1907  1921 W ActivityManager: Slow operation: 70ms so far, now at attachApplicationLocked: immediately after bindApplication
05-24 09:30:04.663  1907  1921 W ActivityManager: Slow operation: 70ms so far, now at attachApplicationLocked: after updateLruProcessLocked
05-24 09:30:04.677  1907  1921 W ActivityManager: Slow operation: 84ms so far, now at attachApplicationLocked: after mServices.attachApplicationLocked
05-24 09:30:04.678  2532  2726 D ContactsDatabaseHelper: WAL enabled for profile.db: false
05-24 09:30:04.680  1907  1921 W ActivityManager: Slow operation: 86ms so far, now at attachApplicationLocked: after sendPendingBroadcastsLocked
05-24 09:30:04.740  2803  2803 I earchbox:searc: The ClassLoaderContext is a special shared library.
05-24 09:30:04.760  1907  1933 I AppWidgetServiceImpl: Async processing of onUserUnlocked u0 took 1104 ms
05-24 09:30:04.760  1907  1933 W Looper  : Slow dispatch took 1104ms android.fg h=android.os.Handler c=com.android.server.appwidget.-$$Lambda$AppWidgetService$HIwvoPMyKqEhLVIiysgUKH8QJg8@9a7c4e3 m=0
05-24 09:30:04.760  1907  1933 W Looper  : Slow delivery took 1046ms android.fg h=com.android.server.AppStateTracker$MyHandler c=null m=14
05-24 09:30:04.761  2803  2803 I earchbox:searc: The ClassLoaderContext is a special shared library.
05-24 09:30:04.783  1907  2735 I chatty  : uid=1000(system) Binder:1907_E expire 2 lines
05-24 09:30:04.787  1907  1907 W Looper  : Slow dispatch took 129ms main h=com.android.server.job.JobSchedulerService$JobHandler c=null m=4
05-24 09:30:04.790  2787  2787 I s.nexuslaunche: The ClassLoaderContext is a special shared library.
05-24 09:30:04.790  1907  1933 I ActivityManager: Loading recents for user 0 into memory.
05-24 09:30:04.831  2047  2311 D EGL_emulation: eglMakeCurrent: 0xe4605a20: ver 2 0 (tinfo 0xe4603dc0)
05-24 09:30:04.833  1907  1907 V SettingsProvider: Notifying for 0: content://settings/global/network_recommendations_enabled
05-24 09:30:04.835  1907  1933 W Looper  : Drained
05-24 09:30:04.838  2037  2037 I UrgentSignal: getInstance(): Creating UrgentSignalsProcessor instance
05-24 09:30:04.848  2647  2647 I GsaVoiceInteractionSrv: Registering passthrough
05-24 09:30:04.852  2260  2869 D ExtAssistant: File doesn't exist or isn't readable yet
05-24 09:30:04.858  2047  2311 D EGL_emulation: eglMakeCurrent: 0xe4605a20: ver 2 0 (tinfo 0xe4603dc0)
05-24 09:30:04.886  1907  1907 W Looper  : Drained
05-24 09:30:04.936  2037  2037 I PhenotypeExpConfig: refreshConfiguration() : Force = true : UpdateAvailable = false : Age = 591 minutes : MaxAge = 720 minutes
05-24 09:30:04.971  2037  2037 I FirebaseJobDispatcher: Schedule task: fetch_configuration. Success.
05-24 09:30:04.980  2787  2787 V Launcher: LauncherAppState initiated
05-24 09:30:04.985  2037  2037 E putmethod.lati: The String#value field is not present on Android versions >= 6.0
05-24 09:30:04.991  2037  2037 I FirebaseJobDispatcher: Schedule task: register. Success.
05-24 09:30:05.002  2037  2822 E LatinCountersUtils: Unhandled flavor name: preload
05-24 09:30:05.009  2047  2311 D EGL_emulation: eglMakeCurrent: 0xe4605a20: ver 2 0 (tinfo 0xe4603dc0)
05-24 09:30:05.018  2365  2378 I .gms.persisten: Background concurrent copying GC freed 6051(492KB) AllocSpace objects, 4(76KB) LOS objects, 49% free, 2MB/4MB, paused 2.249ms total 187.873ms
05-24 09:30:05.028  2787  2787 D OpenGLRenderer: HWUI GL Pipeline
05-24 09:30:05.032  2047  2311 D EGL_emulation: eglMakeCurrent: 0xe4605a20: ver 2 0 (tinfo 0xe4603dc0)
05-24 09:30:05.092  2047  2311 D EGL_emulation: eglMakeCurrent: 0xe4605a20: ver 2 0 (tinfo 0xe4603dc0)
05-24 09:30:05.131  1907  2041 W WallpaperManagerService: Cannot extract colors because wallpaper could not be read.
05-24 09:30:05.131  1907  2041 W WallpaperManagerService: Cannot get theme colors because WallpaperColors is null.
05-24 09:30:05.133  2608  2608 I Watchcat: Started
05-24 09:30:05.135  2608  2608 I bezb    : Primes not initialized, returning default (no-op) Primes instance which will ignore all calls. Please call Primes.initialize(...) before using any Primes API.
05-24 09:30:05.140  1907  1917 I chatty  : uid=1000(system) HeapTaskDaemon expire 4 lines
05-24 09:30:05.144  1907  2198 I chatty  : uid=1000(system) Binder:1907_5 expire 1 line
05-24 09:30:05.144  1907  2041 I chatty  : uid=1000(system) Binder:1907_4 expire 1 line
05-24 09:30:05.145  1907  2281 I chatty  : uid=1000(system) Binder:1907_7 expire 3 lines
05-24 09:30:05.145  2365  2365 I NetRec  : [2] alnr.a: Starting service.
05-24 09:30:05.146  1907  2457 I chatty  : uid=1000(system) Binder:1907_9 expire 1 line
05-24 09:30:05.147  2365  2365 I NetRec  : [2] alqo.a: Now the active scorer.
05-24 09:30:05.147  2710  2710 D MediaScannerReceiver: action: android.intent.action.MEDIA_MOUNTED path: /storage/0FEE-1D14
05-24 09:30:05.182  1907  1929 I ActivityManager: Start proc 2909:com.google.android.apps.photos/u0a49 for broadcast com.google.android.apps.photos/.sdcard.envcache.ExternalStorageStateChangeBroadcastReceiver
05-24 09:30:05.209  2909  2909 W oid.apps.photo: Unexpected CPU variant for X86 using defaults: x86
05-24 09:30:05.217  2037  2037 W native  : commandlineflags.cc:1503 Ignoring RegisterValidateFunction() for flag pointer 0xce3fa5a4: no flag found at that address
05-24 09:30:05.307  2037  2037 I ShortcutsDataManager: onContentChanged()
05-24 09:30:05.307  2037  2037 I ContactsDataManager: onContentChanged()
05-24 09:30:05.308  2037  2037 I EmailDataManager: onContentChanged()
05-24 09:30:05.381  2909  2909 I oid.apps.photo: The ClassLoaderContext is a special shared library.
05-24 09:30:05.390  2787  2946 D ProtoStore: no cached data
05-24 09:30:05.390  2787  2946 D ProtoStore: no cached data
05-24 09:30:05.439  1748  2001 E SurfaceFlinger: ro.sf.lcd_density must be defined as a build property
05-24 09:30:05.444  2037  2037 I ContextualPredictionExt: onCreateApp(): registering factories
05-24 09:30:05.446  2037  2822 E LatinCountersUtils: Unhandled flavor name: preload
05-24 09:30:05.447  2037  2822 I chatty  : uid=10082(com.google.android.inputmethod.latin) MetricsManager identical 3 lines
05-24 09:30:05.448  2037  2822 E LatinCountersUtils: Unhandled flavor name: preload
05-24 09:30:05.468  2037  2037 I ContextualPredictionExt: onCreateApp(): Finished in 25 ms
05-24 09:30:05.486  2803  2949 E earchbox:searc: The String#value field is not present on Android versions >= 6.0
05-24 09:30:05.491  1907  2735 W ActivityManager: Unable to start service Intent { act=com.google.android.apps.miphone.aiai.matchmaker.api.IScreenMatchmaker cmp=com.google.android.as/com.google.android.apps.miphone.aiai.matchmaker.MatchmakerService2 } U=0: not found
05-24 09:30:05.497  2787  2787 D TouchInteractionService: Touch service connected
05-24 09:30:05.513  2037  2037 I NotificationSmartReply: onCreateApp false
05-24 09:30:05.514  2037  2037 I LstmExtension: onCreateApp()
05-24 09:30:05.514  2037  2037 I LstmExtension: onCreateApp(): Finished in 1 ms
05-24 09:30:05.525  2608  2945 I GmsModuleFndr: Beginning GMS chimera module scan
05-24 09:30:05.528  2037  2037 I ModuleManager: Module object of interface com.google.android.apps.inputmethod.libs.voiceime.VoiceImeExtension loaded.
05-24 09:30:05.529  2037  2037 I ModuleManager: com.google.android.apps.inputmethod.libs.voiceime.IVoiceImeExtension changed to available
05-24 09:30:05.530  2037  2037 I GoogleInputMethod: performUserUnlock() : isUserInitiallyUnlocked = false
05-24 09:30:05.539  1641  1641 D gralloc_ranchu: gralloc_alloc: Creating ashmem region of size 40960
05-24 09:30:05.537  2037  2037 I IcingNotification: IcingNotificationReceiver registered
05-24 09:30:05.540  2037  2037 I LstmExtension: onCreateService()
05-24 09:30:05.544  1641  1707 D gralloc_ranchu: gralloc_alloc: Creating ashmem region of size 40960
05-24 09:30:05.548  2037  2037 I LstmTrainingCache: getCacheConfig()
05-24 09:30:05.550  1641  1641 D gralloc_ranchu: gralloc_alloc: Creating ashmem region of size 40960
05-24 09:30:05.553  1907  1929 I ActivityManager: Start proc 2967:com.android.printspooler/u0a58 for service com.android.printspooler/.model.PrintSpoolerService
05-24 09:30:05.554  2967  2967 W id.printspoole: Unexpected CPU variant for X86 using defaults: x86
05-24 09:30:05.559  2787  2787 W ActionsController: content provider not found
05-24 09:30:05.559  2787  2787 W ActionsController: java.lang.SecurityException: Failed to find provider com.google.android.as.allapps.actionsuggestprovider for user 0; expected to find a valid ContentProvider for this authority
05-24 09:30:05.559  2787  2787 W ActionsController: 	at android.os.Parcel.createException(Parcel.java:1950)
05-24 09:30:05.559  2787  2787 W ActionsController: 	at android.os.Parcel.readException(Parcel.java:1918)
05-24 09:30:05.559  2787  2787 W ActionsController: 	at android.os.Parcel.readException(Parcel.java:1868)
05-24 09:30:05.559  2787  2787 W ActionsController: 	at android.content.IContentService$Stub$Proxy.registerContentObserver(IContentService.java:779)
05-24 09:30:05.559  2787  2787 W ActionsController: 	at android.content.ContentResolver.registerContentObserver(ContentResolver.java:1972)
05-24 09:30:05.559  2787  2787 W ActionsController: 	at android.content.ContentResolver.registerContentObserver(ContentResolver.java:1961)
05-24 09:30:05.559  2787  2787 W ActionsController: 	at com.google.android.apps.nexuslauncher.allapps.d.cY(SourceFile:193)
05-24 09:30:05.559  2787  2787 W ActionsController: 	at com.google.android.apps.nexuslauncher.allapps.d.<init>(SourceFile:156)
05-24 09:30:05.559  2787  2787 W ActionsController: 	at com.google.android.apps.nexuslauncher.allapps.d.c(SourceFile:116)
05-24 09:30:05.559  2787  2787 W ActionsController: 	at com.google.android.apps.nexuslauncher.allapps.ActionsRowView.onAttachedToWindow(SourceFile:162)
05-24 09:30:05.559  2787  2787 W ActionsController: 	at android.view.View.dispatchAttachedToWindow(View.java:18347)
05-24 09:30:05.559  2787  2787 W ActionsController: 	at android.view.ViewGroup.dispatchAttachedToWindow(ViewGroup.java:3397)
05-24 09:30:05.559  2787  2787 W ActionsController: 	at android.view.ViewGroup.dispatchAttachedToWindow(ViewGroup.java:3404)
05-24 09:30:05.559  2787  2787 W ActionsController: 	at android.view.ViewGroup.dispatchAttachedToWindow(ViewGroup.java:3404)
05-24 09:30:05.559  2787  2787 W ActionsController: 	at android.view.ViewGroup.dispatchAttachedToWindow(ViewGroup.java:3404)
05-24 09:30:05.559  2787  2787 W ActionsController: 	at android.view.ViewGroup.dispatchAttachedToWindow(ViewGroup.java:3404)
05-24 09:30:05.559  2787  2787 W ActionsController: 	at android.view.ViewGroup.dispatchAttachedToWindow(ViewGroup.java:3404)
05-24 09:30:05.559  2787  2787 W ActionsController: 	at android.view.ViewGroup.dispatchAttachedToWindow(ViewGroup.java:3404)
05-24 09:30:05.559  2787  2787 W ActionsController: 	at android.view.ViewGroup.dispatchAttachedToWindow(ViewGroup.java:3404)
05-24 09:30:05.559  2787  2787 W ActionsController: 	at android.view.ViewRootImpl.performTraversals(ViewRootImpl.java:1761)
05-24 09:30:05.559  2787  2787 W ActionsController: 	at android.view.ViewRootImpl.doTraversal(ViewRootImpl.java:1460)
05-24 09:30:05.559  2787  2787 W ActionsController: 	at android.view.ViewRootImpl$TraversalRunnable.run(ViewRootImpl.java:7183)
05-24 09:30:05.559  2787  2787 W ActionsController: 	at android.view.Choreographer$CallbackRecord.run(Choreographer.java:949)
05-24 09:30:05.559  2787  2787 W ActionsController: 	at android.view.Choreographer.doCallbacks(Choreographer.java:761)
05-24 09:30:05.559  2787  2787 W ActionsController: 	at android.view.Choreographer.doFrame(Choreographer.java:696)
05-24 09:30:05.559  2787  2787 W ActionsController: 	at android.view.Choreographer$FrameDisplayEventReceiver.run(Choreographer.java:935)
05-24 09:30:05.559  2787  2787 W ActionsController: 	at android.os.Handler.handleCallback(Handler.java:873)
05-24 09:30:05.559  2787  2787 W ActionsController: 	at android.os.Handler.dispatchMessage(Handler.java:99)
05-24 09:30:05.559  2787  2787 W ActionsController: 	at android.os.Looper.loop(Looper.java:193)
05-24 09:30:05.559  2787  2787 W ActionsController: 	at android.app.ActivityThread.main(ActivityThread.java:6669)
05-24 09:30:05.559  2787  2787 W ActionsController: 	at java.lang.reflect.Method.invoke(Native Method)
05-24 09:30:05.559  2787  2787 W ActionsController: 	at com.android.internal.os.RuntimeInit$MethodAndArgsCaller.run(RuntimeInit.java:493)
05-24 09:30:05.559  2787  2787 W ActionsController: 	at com.android.internal.os.ZygoteInit.main(ZygoteInit.java:858)
05-24 09:30:05.559  2787  2787 W ActionsController: Caused by: android.os.RemoteException: Remote stack trace:
05-24 09:30:05.559  2787  2787 W ActionsController: 	at com.android.server.content.ContentService.registerContentObserver(ContentService.java:340)
05-24 09:30:05.559  2787  2787 W ActionsController: 	at android.content.IContentService$Stub.onTransact(IContentService.java:76)
05-24 09:30:05.559  2787  2787 W ActionsController: 	at com.android.server.content.ContentService.onTransact(ContentService.java:262)
05-24 09:30:05.559  2787  2787 W ActionsController: 	at android.os.Binder.execTransact(Binder.java:731)
05-24 09:30:05.559  2787  2787 W ActionsController: 
05-24 09:30:05.560  2037  2037 I LstmExtension: onCreateService(): Finished in 20 ms
05-24 09:30:05.560  2037  2037 I EntryActivation: Entry activation content observer disabled.
05-24 09:30:05.561  1641  1641 D gralloc_ranchu: gralloc_alloc: Creating ashmem region of size 40960
05-24 09:30:05.565  1641  1641 D gralloc_ranchu: gralloc_alloc: Creating ashmem region of size 12288
05-24 09:30:05.566  2037  2037 I FirebaseJobDispatcher: Schedule task: PeriodicStats. Success.
05-24 09:30:05.569  1641  1641 D gralloc_ranchu: gralloc_alloc: Creating ashmem region of size 12288
05-24 09:30:05.572  2047  2311 D EGL_emulation: eglMakeCurrent: 0xe4605a20: ver 2 0 (tinfo 0xe4603dc0)
05-24 09:30:05.582  2787  2954 D HostConnection: HostConnection::get() New Host Connection established 0xcf6f8510, tid 2954
05-24 09:30:05.583  2037  2037 I FirebaseJobDispatcher: Schedule task: PeriodicTasks. Success.
05-24 09:30:05.585  2787  2954 D HostConnection: HostComposition ext ANDROID_EMU_CHECKSUM_HELPER_v1 ANDROID_EMU_dma_v1 ANDROID_EMU_YUV420_888_to_NV21 ANDROID_EMU_YUV_Cache ANDROID_EMU_sync_buffer_data GL_OES_vertex_array_object GL_KHR_texture_compression_astc_ldr ANDROID_EMU_host_side_tracing ANDROID_EMU_gles_max_version_2 
05-24 09:30:05.587  1641  1641 D gralloc_ranchu: gralloc_alloc: Creating ashmem region of size 14749696
05-24 09:30:05.587  2787  2954 I ConfigStore: android::hardware::configstore::V1_0::ISurfaceFlingerConfigs::hasWideColorDisplay retrieved: 0
05-24 09:30:05.587  2787  2954 I ConfigStore: android::hardware::configstore::V1_0::ISurfaceFlingerConfigs::hasHDRDisplay retrieved: 0
