05-24 09:30:05.587  2787  2954 I OpenGLRenderer: Initialized EGL, version 1.4
05-24 09:30:05.587  2787  2954 D OpenGLRenderer: Swap behavior 1
05-24 09:30:05.588  2787  2954 W OpenGLRenderer: Failed to choose config with EGL_SWAP_BEHAVIOR_PRESERVED, retrying without...
05-24 09:30:05.588  2787  2954 D OpenGLRenderer: Swap behavior 0
05-24 09:30:05.591  1641  1707 D gralloc_ranchu: gralloc_alloc: Creating ashmem region of size 14749696
05-24 09:30:05.616  1641  1707 D gralloc_ranchu: gralloc_alloc: Creating ashmem region of size 14749696
05-24 09:30:05.654  2787  2954 D eglCodecCommon: setVertexArrayObject: set vao to 0 (0) 0 0
05-24 09:30:05.656  2787  2954 D EGL_emulation: eglCreateContext: 0xcf1c8c80: maj 2 min 0 rcv 2
05-24 09:30:05.657  2608  2945 I ModuleSetMgr: Computing pending module set with APKs: [[AdsFdrDynamite.integ:21460000000], [Cronetdynamite:202414040700], [Dynamiteloader:202414040700], [Dynamitemodulesa:202414040000], [Dynamitemodulesc:202414040000], [Googlecertificates:202414040000], [Mapsdynamite:202414040000], [Measurementdynamite:202414040000]]
05-24 09:30:05.658  2787  2954 D EGL_emulation: eglMakeCurrent: 0xcf1c8c80: ver 2 0 (tinfo 0xcf1cc570)
05-24 09:30:05.676  1748  1777 E SurfaceFlinger: ro.sf.lcd_density must be defined as a build property
05-24 09:30:05.684  2037  2037 I ModuleManager: com.google.android.apps.inputmethod.libs.search.IStickerExtension changed to available
05-24 09:30:05.684  2037  2037 I ModuleManager: com.google.android.apps.inputmethod.libs.search.IUniversalMediaExtension changed to available
05-24 09:30:05.685  2037  2037 I ModuleManager: com.google.android.apps.inputmethod.libs.search.IGifEntryPointCandidateExtension changed to available
05-24 09:30:05.685  2037  2037 I ModuleManager: Module object of interface com.google.android.apps.inputmethod.libs.search.gif.GifEntryPointCandidateExtension loaded.
05-24 09:30:05.685  2037  2037 I GifEntryExtension: onCreate()
05-24 09:30:05.691  2967  2967 I id.printspoole: The ClassLoaderContext is a special shared library.
05-24 09:30:05.729  2608  2945 I ModuleSetMgr: Pending container module APKs: []
05-24 09:30:05.730  2608  2945 I ModuleSetMgr: Pending non-container module APKs: []
05-24 09:30:05.732  2037  2037 I ModuleManager: com.google.android.apps.inputmethod.libs.search.IEmoticonExtension changed to available
05-24 09:30:05.756  2037  2037 I ModuleManager: com.google.android.apps.inputmethod.libs.search.sense.IConversationToQueryExtension changed to available
05-24 09:30:05.756  2037  2037 I ModuleManager: Module object of interface com.google.android.apps.inputmethod.libs.search.sense.ConversationToQueryExtension loaded.
05-24 09:30:05.757  2037  2037 I Conv2QueryExtension: onCreate()
05-24 09:30:05.805  2787  2954 D HostConnection: createUnique: call
05-24 09:30:05.805  2787  2954 D HostConnection: HostConnection::get() New Host Connection established 0xcf1d5f40, tid 2954
05-24 09:30:05.806  3009  3009 W ndroid.keychai: Unexpected CPU variant for X86 using defaults: x86
05-24 09:30:05.808  2787  2954 D HostConnection: HostComposition ext ANDROID_EMU_CHECKSUM_HELPER_v1 ANDROID_EMU_dma_v1 ANDROID_EMU_YUV420_888_to_NV21 ANDROID_EMU_YUV_Cache ANDROID_EMU_sync_buffer_data GL_OES_vertex_array_object GL_KHR_texture_compression_astc_ldr ANDROID_EMU_host_side_tracing ANDROID_EMU_gles_max_version_2 
05-24 09:30:05.808  2787  2954 E eglCodecCommon: GoldfishAddressSpaceHostMemoryAllocator: ioctl_ping failed for device_type=5, ret=-1
05-24 09:30:05.816  1907  1929 I ActivityManager: Start proc 3009:com.android.keychain/1000 for service com.android.keychain/.KeyChainService
05-24 09:30:05.842  2710  2710 D MediaScannerReceiver: action: android.intent.action.MEDIA_MOUNTED path: /storage/emulated/0
05-24 09:30:05.851  2787  2885 D LoaderTask: loadWorkspace: loading default favorites
05-24 09:30:05.855  1641  1707 D gralloc_ranchu: gralloc_alloc: Creating ashmem region of size 126976
05-24 09:30:05.883  2787  2954 D EGL_emulation: eglMakeCurrent: 0xcf1c8c80: ver 2 0 (tinfo 0xcf1cc570)
05-24 09:30:05.904  2490  2490 I Dialer  : GoogleDialerBootReceiver.onReceive - enter
05-24 09:30:05.904  2490  2490 I Dialer  : DialerExecutorModule.newThread - creating low priority thread
05-24 09:30:05.906  2490  2490 I Dialer  : ShortcutsJobScheduler.scheduleAllJobs - enter
05-24 09:30:05.915  1907  3032 I chatty  : uid=1000 system_server expire 1 line
05-24 09:30:05.932  2490  3033 I Dialer  : SpamJobScheduler.scheduleJob - job with id SPAM_JOB_WIFI is already scheduled
05-24 09:30:05.938  2490  2490 I Dialer  : ShortcutsJobScheduler.scheduleAllJobs - enabling shortcuts
05-24 09:30:05.938  2490  2490 I Dialer  : PeriodicJobService.schedulePeriodicJob - enter
05-24 09:30:05.940  2490  2490 I Dialer  : PeriodicJobService.schedulePeriodicJob - job already scheduled.
05-24 09:30:05.943  2490  3033 I Dialer  : SpamJobScheduler.scheduleJob - job with id SPAM_JOB_ANY_NETWORK is already scheduled
05-24 09:30:05.954  2861  2861 I studio.deploy: DeltaInstall found API level:28
05-24 09:30:05.958  1907  3032 I BootReceiver: Copying audit failures to DropBox
05-24 09:30:05.958  1907  3032 I BootReceiver: Checking for fsck errors
05-24 09:30:05.958  1907  3032 E BootReceiver: Can't log boot events
05-24 09:30:05.958  1907  3032 E BootReceiver: java.io.FileNotFoundException: /dev/fscklogs/log (Permission denied)
05-24 09:30:05.958  1907  3032 E BootReceiver: 	at java.io.FileInputStream.open0(Native Method)
05-24 09:30:05.958  1907  3032 E BootReceiver: 	at java.io.FileInputStream.open(FileInputStream.java:231)
05-24 09:30:05.958  1907  3032 E BootReceiver: 	at java.io.FileInputStream.<init>(FileInputStream.java:165)
05-24 09:30:05.958  1907  3032 E BootReceiver: 	at android.os.FileUtils.readTextFile(FileUtils.java:514)
05-24 09:30:05.958  1907  3032 E BootReceiver: 	at com.android.server.BootReceiver.addFsckErrorsToDropBoxAndLogFsStat(BootReceiver.java:370)
05-24 09:30:05.958  1907  3032 E BootReceiver: 	at com.android.server.BootReceiver.logBootEvents(BootReceiver.java:245)
05-24 09:30:05.958  1907  3032 E BootReceiver: 	at com.android.server.BootReceiver.access$000(BootReceiver.java:66)
05-24 09:30:05.958  1907  3032 E BootReceiver: 	at com.android.server.BootReceiver$1.run(BootReceiver.java:127)
05-24 09:30:05.962  2490  2490 W Dialer  : CountryDetector.registerForLocationUpdates - no location permissions, not registering for location updates
05-24 09:30:05.966  2861  2861 I studio.deploy: -t
05-24 09:30:05.966  2861  2861 I studio.deploy: --user
05-24 09:30:05.966  2861  2861 I studio.deploy: current
05-24 09:30:05.966  2861  2861 I studio.deploy: --full
05-24 09:30:05.966  2861  2861 I studio.deploy: --dont-kill
05-24 09:30:05.966  2861  2861 I studio.deploy: -r
05-24 09:30:05.969  1907  1935 I chatty  : uid=1000(system) android.display expire 2 lines
05-24 09:30:05.976  3009  3009 I ndroid.keychai: The ClassLoaderContext is a special shared library.
05-24 09:30:05.994  2787  2787 D Committer: Committed to new configuration from Phenotype
05-24 09:30:06.021  2490  2490 I Dialer  : DialerExecutorModule.newThread - creating low priority thread
05-24 09:30:06.021  1641  1707 D gralloc_ranchu: gralloc_alloc: Creating ashmem region of size 155648
05-24 09:30:06.038  2490  3051 I Dialer  : VisualVoicemailUpdateTask.updateNotification - enter
05-24 09:30:06.069  2037  2037 W native  : cpu_feature_guard.cc:34 The TensorFlow library was compiled to use SSE instructions, but these aren't available on your machine.
05-24 09:30:06.069  2037  2037 W native  : cpu_feature_guard.cc:34 The TensorFlow library was compiled to use SSE2 instructions, but these aren't available on your machine.
05-24 09:30:06.069  2037  2037 W native  : cpu_feature_guard.cc:34 The TensorFlow library was compiled to use SSE3 instructions, but these aren't available on your machine.
05-24 09:30:06.078  2037  2037 W native  : commandlineflags.cc:1503 Ignoring RegisterValidateFunction() for flag pointer 0xccfa2d94: no flag found at that address
05-24 09:30:06.141  2365  2378 I .gms.persisten: Background concurrent copying GC freed 18816(1409KB) AllocSpace objects, 17(524KB) LOS objects, 49% free, 2MB/5MB, paused 492us total 192.812ms
05-24 09:30:06.143  2750  2963 E droid.apps.map: The String#value field is not present on Android versions >= 6.0
05-24 09:30:06.157  2037  2037 I C2QClientSingleton: registering client 'Conv2QueryExtension'
05-24 09:30:06.158  2037  2037 I Conv2QueryExtension: isEnabled() : true
05-24 09:30:06.168  1748  2001 W SurfaceFlinger: Attempting to set client state on removed layer: Splash Screen com.google.android.apps.nexuslauncher#0
05-24 09:30:06.168  1748  2001 W SurfaceFlinger: Attempting to destroy on removed layer: Splash Screen com.google.android.apps.nexuslauncher#0
05-24 09:30:06.171  2037  2037 I Conv2QueryExtension: onCreate() : Finished in 414 ms
05-24 09:30:06.171  2037  2037 I ModuleManager: com.google.android.apps.inputmethod.libs.search.IEmojiDataExtension changed to available
05-24 09:30:06.171  2037  2037 I ModuleManager: Module object of interface com.google.android.apps.inputmethod.libs.search.emojidata.EmojiDataExtension loaded.
05-24 09:30:06.172  2037  2037 I ModuleManager: com.google.android.apps.inputmethod.libs.search.IBitmojiExtension changed to available
05-24 09:30:06.172  2037  2037 I ModuleManager: com.google.android.apps.inputmethod.libs.hmm.superpacks.IHmmModule changed to available
05-24 09:30:06.173  2037  2037 I DictSuperpacksManager: onEnabledInputMethodEntriesChanged
05-24 09:30:06.174  2037  2037 I ModuleManager: com.google.android.apps.inputmethod.libs.search.IEmojiOrGifExtension changed to available
05-24 09:30:06.176  2037  2037 I ModuleManager: com.google.android.apps.inputmethod.libs.handwriting.ime.IHandwritingImeExtension changed to available
05-24 09:30:06.177  2037  2037 I ModuleManager: Module object of interface com.google.android.apps.inputmethod.libs.handwriting.ime.HandwritingImeExtension loaded.
05-24 09:30:06.177  2037  2037 I HandwritingImeExtension: onCreate
05-24 09:30:06.178  2037  2037 I HWRModelFacilProvider: getHandwritingModelFacilitator(): Using Segment and Decode
05-24 09:30:06.180  2037  2037 I HWRSuperpacksManager: onEnabledInputMethodEntriesChanged
05-24 09:30:06.180  2037  2037 I ModuleManager: com.google.android.apps.inputmethod.libs.search.IDefaultStickerExtension changed to available
05-24 09:30:06.181  2037  2037 I ModuleManager: Module object of interface com.google.android.apps.inputmethod.libs.search.sticker.DefaultStickerExtension loaded.
05-24 09:30:06.195  2803  2852 I HotwordHelper: hasHotwordEverywhere-true
05-24 09:30:06.202  2803  2803 I SearchService: We were killed and are starting back!
05-24 09:30:06.207  2490  2490 I Dialer  : SpamJobScheduler.scheduleJob - job with id SPAM_JOB_ANY_NETWORK is already scheduled
05-24 09:30:06.211  2490  2490 I Dialer  : DialerExecutorModule.newThread - creating low priority thread
05-24 09:30:06.212  2647  2647 W KeyphraseEnrollmentInfo: No enrollment application supports the given keyphrase/locale: 'Ok Google'/en_US
05-24 09:30:06.212  2647  2647 I GsaVoiceInteractionSrv: Creating AOHD: Keyphrase - Ok Google, Locale - en-US/en-US
05-24 09:30:06.212  2037  2037 I FirebaseJobDispatcher: Schedule task: DefaultStickerUpdate. Success.
05-24 09:30:06.214  2037  2037 I DefaultStickerUpdate: Scheduled update for locale=en_US, data=DefaultStickerTaskData{enabled=true, metadataUriPrefix=https://www.gstatic.com/android/keyboard/stickers/configs/v5/, supportedLanguage=en}, and reason=CREATE
05-24 09:30:06.214  2037  2037 I ModuleManager: com.google.android.apps.inputmethod.libs.search.IDoodleExtension changed to available
05-24 09:30:06.214  2037  2037 I ModuleManager: Module object of interface com.google.android.apps.inputmethod.libs.search.doodle.DoodleExtension loaded.
05-24 09:30:06.215  2037  2037 I DoodleExtension: onCreate()
05-24 09:30:06.218  2037  2037 I ModuleManager: com.google.android.apps.inputmethod.libs.translate.ITranslateUIExtension changed to available
05-24 09:30:06.218  2037  2037 I ModuleManager: com.google.android.apps.inputmethod.libs.search.IEmojiSearchExtension changed to available
05-24 09:30:06.218  2037  2037 I ModuleManager: Module object of interface com.google.android.apps.inputmethod.libs.search.emoji.EmojiSearchExtension loaded.
05-24 09:30:06.219  2037  2037 I ModuleManager: com.google.android.apps.inputmethod.libs.search.INativeCardExtension changed to available
05-24 09:30:06.219  2037  2037 I ModuleManager: com.google.android.apps.inputmethod.libs.textediting.ITextEditingExtension changed to available
05-24 09:30:06.220  2037  2037 I ModuleManager: com.google.android.apps.inputmethod.libs.search.IGifKeyboardExtension changed to available
05-24 09:30:06.220  2037  2037 I ModuleManager: com.google.android.apps.inputmethod.libs.search.IFeatureCardNoticeExtension changed to available
05-24 09:30:06.221  2037  2037 I ModuleManager: Module object of interface com.google.android.apps.inputmethod.libs.search.nativecard.FeatureCardNoticeExtension loaded.
05-24 09:30:06.221  2037  2037 I ModuleManager: com.google.android.apps.inputmethod.libs.pill.IPillExtension changed to available
05-24 09:30:06.221  2037  2037 I ModuleManager: Module object of interface com.google.android.apps.inputmethod.libs.pill.PillExtension loaded.
05-24 09:30:06.224  2365  2365 E GmsRequestQueue: Tried to stop global GMSCore RequestQueue. This is likely unintended, so ignoring.
05-24 09:30:06.231  2861  2861 I studio.deploy: DeltaInstall created session: '829397148'
05-24 09:30:06.232  2861  2861 I studio.deploy: package
05-24 09:30:06.232  2861  2861 I studio.deploy: install-write
05-24 09:30:06.232  2861  2861 I studio.deploy: -S
05-24 09:30:06.232  2861  2861 I studio.deploy: 3862412
05-24 09:30:06.232  2861  2861 I studio.deploy: 829397148
05-24 09:30:06.232  2861  2861 I studio.deploy: base.apk
05-24 09:30:06.237  2037  2037 I GoogleInputMethod: onStartInput() : Dummy InputConnection bound
05-24 09:30:06.238  2037  2037 I ShortcutsDataManager: startImportContentTask()
05-24 09:30:06.212  2647  2647 W KeyphraseEnrollmentInfo: No enrollment application supports the given keyphrase/locale: 'Ok Google'/en_US
05-24 09:30:06.243  2647  2647 W KeyphraseEnrollmentInfo: No enrollment application supports the given keyphrase/locale: 'X Google'/en_US
05-24 09:30:06.248  2037  3076 I ShortcutsDataManager: doInBackground()
05-24 09:30:06.270  2532  2532 I d.process.acor: The ClassLoaderContext is a special shared library.
05-24 09:30:06.318  2861  2861 I studio.deploy: Streaming succeeded for '/data/app/com.registationform-K0xeTPc96rDFIvxWhqG-3A==/base.apk'
05-24 09:30:06.319  2861  2861 I studio.deploy: package
05-24 09:30:06.319  2861  2861 I studio.deploy: install-commit
05-24 09:30:06.319  2861  2861 I studio.deploy: 829397148
05-24 09:30:06.319  2490  3051 I Dialer  : VisualVoicemailUpdateTask.updateNotification - no voicemails to notify about
05-24 09:30:06.320  2490  3051 I Dialer  : VisualVoicemailNotifier.cancelAllVoicemailNotifications - enter
05-24 09:30:06.330  2490  3051 I Dialer  : VoicemailNotificationJobService.scheduleJob - job canceled
05-24 09:30:06.331  2490  2490 I Dialer  : VisualVoicemailUpdateTask.scheduleTask - update successful
05-24 09:30:06.332  1907  1926 V PackageManager: [Optimistic Bind] Binding to instant app resolver
05-24 09:30:06.334  1907  1907 I Telecom : DefaultDialerCache: Refreshing default dialer for user 0: now com.google.android.dialer: DDC.oR@ADc
05-24 09:30:06.335  1907  1907 I Telecom : MissedCallNotifierImpl: reloadAfterBootComplete: user=0: TSBCR.oR@ADg
05-24 09:30:06.340  2037  3076 I PersonalDictDataHandler: Locales = [en_US]
05-24 09:30:06.343  2159  2159 D CarrierConfigLoader: mHandler: 13 phoneId: 0
05-24 09:30:06.343  2159  2159 D CarrierConfigLoader: mHandler: 7 phoneId: 0
05-24 09:30:06.347  2159  2159 D CarrierConfigLoader: Loaded config from XML. package=com.android.carrierconfig phoneId=0
05-24 09:30:06.349  1907  1929 I ActivityManager: Start proc 3090:com.google.process.gapps/u0a13 for content provider com.google.android.gsf/.settings.GoogleSettingsProvider
05-24 09:30:06.350  2159  2159 D CarrierConfigLoader: mHandler: 5 phoneId: 0
05-24 09:30:06.351  2506  2506 D CellBroadcastReceiver: onReceive Intent { act=android.intent.action.BOOT_COMPLETED flg=0x9000010 cmp=com.android.cellbroadcastreceiver/.CellBroadcastReceiver (has extras) }
05-24 09:30:06.351  2506  2506 D CellBroadcastReceiver: Start Cell Broadcast configuration.
05-24 09:30:06.351  2037  3076 I ShortcutsDataManager: importContentData() : Ending import process
05-24 09:30:06.354  2750  3015 W droid.apps.map: Unsupported class loader
05-24 09:30:06.355  2506  2506 D CellBroadcastReceiver: Default interval 0 did not change.
05-24 09:30:06.358  2750  3015 W droid.apps.map: Skipping duplicate class check due to unsupported classloader
05-24 09:30:06.358  2037  3076 I Delight5Facilitator: requestLanguageModelResource() : PERSONAL_DICTIONARY : UNUSED
05-24 09:30:06.362  2159  2159 I ImsResolver: Received Carrier Config Changed for SlotId: 0
05-24 09:30:06.363  2159  2159 D CarrierKeyDownloadManager: Carrier Config changed: android.telephony.action.CARRIER_CONFIG_CHANGED
05-24 09:30:06.364  3090  3090 W e.process.gapp: Unexpected CPU variant for X86 using defaults: x86
05-24 09:30:06.368  2159  2278 I CarrierInfoManager: using values for mnc, mcc: 260,310
05-24 09:30:06.368  2159  2278 D CarrierInfoManager: No rows found for keyType: 2
05-24 09:30:06.368  2159  2159 D CarrierKeyDownloadManager: Carrier not enabled or invalid values
05-24 09:30:06.369  2159  2159 D CarrierKeyDownloadManager: Cleaning up existing renewal alarms
05-24 09:30:06.370  2506  3096 D CellBroadcastConfigService: Enable CellBroadcast on sub 1
05-24 09:30:06.390  2159  2442 D IccSmsInterfaceManager: [IccSmsInterfaceManager] Calling setGsmBroadcastConfig with 1 configurations
05-24 09:30:06.391  1907  1907 I Telecom : PhoneAccountRegistrar: SimCallManager queried, returning: null: TSI.gSCMFU@ADk
05-24 09:30:06.397  3111  3111 W ndroid.contact: Unexpected CPU variant for X86 using defaults: x86
05-24 09:30:06.400  1907  1929 I ActivityManager: Start proc 3111:com.android.contacts/u0a35 for broadcast com.android.contacts/.interactions.OnBootOrUpgradeReceiver
05-24 09:30:06.415  1907  1929 I ActivityManager: Start proc 3119:com.android.defcontainer/u0a14 for service com.android.defcontainer/.DefaultContainerService
05-24 09:30:06.422  2787  2826 I s.nexuslaunche: NativeAlloc concurrent copying GC freed 37262(3MB) AllocSpace objects, 20(1376KB) LOS objects, 29% free, 14MB/20MB, paused 1.315ms total 322.411ms
05-24 09:30:06.431  2490  3067 D NetworkSecurityConfig: No Network Security Config specified, using platform default
05-24 09:30:06.433  2159  2442 D IccSmsInterfaceManager: [IccSmsInterfaceManager] Failed to add GSM cell broadcast subscription for MID range 4370 to 4370 from client com.android.cellbroadcastreceiver
05-24 09:30:06.447  2159  2442 D IccSmsInterfaceManager: [IccSmsInterfaceManager] Calling setCdmaBroadcastConfig with 1 configurations
05-24 09:30:06.451  3119  3119 W id.defcontaine: Unexpected CPU variant for X86 using defaults: x86
05-24 09:30:06.461  3090  3090 I e.process.gapp: The ClassLoaderContext is a special shared library.
05-24 09:30:06.462  3090  3090 I e.process.gapp: The ClassLoaderContext is a special shared library.
05-24 09:30:06.471  2787  2995 D reflection: recency_event_predictor
05-24 09:30:06.471  2787  2995 D reflection: Rule_Based_Predictor
05-24 09:30:06.477  2037  3076 I PersonalLanguageModel: run() : Added 0 words and 0 shortcuts
05-24 09:30:06.477  2037  3076 I DynamicLm: perform() : PERSONAL_DICTIONARY : azt : Completed
05-24 09:30:06.477  2037  3076 I Delight5Facilitator: releaseLanguageModelResource() : PERSONAL_DICTIONARY : UNUSED
05-24 09:30:06.481  2159  2442 D IccSmsInterfaceManager: [IccSmsInterfaceManager] Failed to add cdma broadcast subscription for MID range 4096 to 4096 from client com.android.cellbroadcastreceiver
05-24 09:30:06.481  2750  3008 W droid.apps.map: Long monitor contention with owner DefaultPool5 (3012) at java.lang.Object com.google.android.apps.gmm.base.m.b.g.a()(PG:11) waiters=0 in java.lang.Object b.b.c.a() for 616ms
05-24 09:30:06.483  1907  2723 I chatty  : uid=1000(system) Binder:1907_D expire 2 lines
05-24 09:30:06.497  2159  2442 D IccSmsInterfaceManager: [IccSmsInterfaceManager] Calling setGsmBroadcastConfig with 1 configurations
05-24 09:30:06.500  2159  2442 D IccSmsInterfaceManager: [IccSmsInterfaceManager] Failed to add GSM cell broadcast subscription for MID range 4383 to 4383 from client com.android.cellbroadcastreceiver
05-24 09:30:06.507  3111  3111 I ndroid.contact: The ClassLoaderContext is a special shared library.
05-24 09:30:06.515  2159  2442 D IccSmsInterfaceManager: [IccSmsInterfaceManager] Calling setGsmBroadcastConfig with 1 configurations
05-24 09:30:06.519  2159  2442 D IccSmsInterfaceManager: [IccSmsInterfaceManager] Failed to add GSM cell broadcast subscription for MID range 4371 to 4372 from client com.android.cellbroadcastreceiver
05-24 09:30:06.521  2159  2442 D IccSmsInterfaceManager: [IccSmsInterfaceManager] Calling setCdmaBroadcastConfig with 1 configurations
05-24 09:30:06.523  2159  2442 D IccSmsInterfaceManager: [IccSmsInterfaceManager] Failed to add cdma broadcast subscription for MID range 4097 to 4097 from client com.android.cellbroadcastreceiver
05-24 09:30:06.537  2159  2442 D IccSmsInterfaceManager: [IccSmsInterfaceManager] Calling setGsmBroadcastConfig with 1 configurations
05-24 09:30:06.540  2803  2803 E OverlaySController: Calling with an invalid UID, the interface will not work
05-24 09:30:06.548  2159  2442 D IccSmsInterfaceManager: [IccSmsInterfaceManager] Failed to add GSM cell broadcast subscription for MID range 4384 to 4385 from client com.android.cellbroadcastreceiver
05-24 09:30:06.553  1907  2723 D ActivityManager: Raise procstate to external provider: ProcessRecord{8925b79 2532:android.process.acore/u0a25}
05-24 09:30:06.557  2159  2442 D IccSmsInterfaceManager: [IccSmsInterfaceManager] Calling setGsmBroadcastConfig with 1 configurations
05-24 09:30:06.559  1907  1929 I ActivityManager: Start proc 3176:com.google.android.partnersetup/u0a32 for content provider com.google.android.partnersetup/.RlzAppProvider
05-24 09:30:06.569  1907  1921 D ActivityManager: Raise procstate to external provider: ProcessRecord{8925b79 2532:android.process.acore/u0a25}
05-24 09:30:06.570  3090  3090 I GoogleHttpClient: GMS http client unavailable, use old client
05-24 09:30:06.572  1641  1707 D gralloc_ranchu: gralloc_alloc: Creating ashmem region of size 155648
05-24 09:30:06.576  2159  2442 D IccSmsInterfaceManager: [IccSmsInterfaceManager] Failed to add GSM cell broadcast subscription for MID range 4373 to 4378 from client com.android.cellbroadcastreceiver
05-24 09:30:06.578  2787  2787 D Committer: Commit finished, result:true
05-24 09:30:06.594  2159  2181 D IccSmsInterfaceManager: [IccSmsInterfaceManager] Calling setCdmaBroadcastConfig with 1 configurations
05-24 09:30:06.597  2159  2181 D IccSmsInterfaceManager: [IccSmsInterfaceManager] Failed to add cdma broadcast subscription for MID range 4098 to 4098 from client com.android.cellbroadcastreceiver
05-24 09:30:06.613  2159  2181 D IccSmsInterfaceManager: [IccSmsInterfaceManager] Calling setGsmBroadcastConfig with 1 configurations
05-24 09:30:06.617  2608  2621 W gle.android.gm: Verification of void abue.<clinit>() took 143.561ms
05-24 09:30:06.621  2787  2826 I s.nexuslaunche: Background concurrent copying GC freed 482(173KB) AllocSpace objects, 17(20MB) LOS objects, 40% free, 8MB/14MB, paused 24.387ms total 178.343ms
05-24 09:30:06.622  1641  1707 D gralloc_ranchu: gralloc_alloc: Creating ashmem region of size 155648
05-24 09:30:06.636  2159  2181 D IccSmsInterfaceManager: [IccSmsInterfaceManager] Failed to add GSM cell broadcast subscription for MID range 4386 to 4391 from client com.android.cellbroadcastreceiver
05-24 09:30:06.644  3176  3176 W id.partnersetu: Unexpected CPU variant for X86 using defaults: x86
05-24 09:30:06.645  2159  2181 D IccSmsInterfaceManager: [IccSmsInterfaceManager] Calling setGsmBroadcastConfig with 1 configurations
05-24 09:30:06.646  3119  3119 I id.defcontaine: The ClassLoaderContext is a special shared library.
05-24 09:30:06.649  2159  2181 D IccSmsInterfaceManager: [IccSmsInterfaceManager] Failed to add GSM cell broadcast subscription for MID range 4379 to 4379 from client com.android.cellbroadcastreceiver
05-24 09:30:06.654  1907  1929 W ActivityManager: Slow operation: 123ms so far, now at startProcess: returned from zygote!
05-24 09:30:06.654  1907  1929 W ActivityManager: Slow operation: 123ms so far, now at startProcess: done updating battery stats
05-24 09:30:06.654  1907  1929 W ActivityManager: Slow operation: 123ms so far, now at startProcess: building log message
05-24 09:30:06.654  1907  1929 I ActivityManager: Start proc 3193:com.android.managedprovisioning/u0a33 for broadcast com.android.managedprovisioning/.preprovisioning.BootReminder
05-24 09:30:06.655  1907  1929 W ActivityManager: Slow operation: 123ms so far, now at startProcess: starting to update pids map
05-24 09:30:06.655  1907  1929 W ActivityManager: Slow operation: 123ms so far, now at startProcess: done updating pids map
05-24 09:30:06.656  2037  3157 I Delight5Decoder: loadShortcutMap() : 0 shortcuts
05-24 09:30:06.656  2037  3076 I ShortcutsDataManager: importContentData() : Success : Count = 0
05-24 09:30:06.663  2037  2037 I ShortcutsDataManager: onPostExecute() : Result = [2,0]
05-24 09:30:06.664  2037  2037 I ShortcutsDataManager: onImportFinished() : Result = 2 : Count = 0
05-24 09:30:06.666  1907  1926 E PackageManager: Optimistic bind failed.
05-24 09:30:06.666  1907  1926 E PackageManager: java.util.concurrent.TimeoutException: [Optimistic Bind] Didn't bind to resolver in time!
05-24 09:30:06.666  1907  1926 E PackageManager: 	at com.android.server.pm.InstantAppResolverConnection.waitForBindLocked(InstantAppResolverConnection.java:160)
05-24 09:30:06.666  1907  1926 E PackageManager: 	at com.android.server.pm.InstantAppResolverConnection.bind(InstantAppResolverConnection.java:225)
05-24 09:30:06.666  1907  1926 E PackageManager: 	at com.android.server.pm.InstantAppResolverConnection.lambda$optimisticBind$0(InstantAppResolverConnection.java:255)
05-24 09:30:06.666  1907  1926 E PackageManager: 	at com.android.server.pm.-$$Lambda$InstantAppResolverConnection$D-JKXi4qrYjnPQMOwj8UtfZenps.run(Unknown Source:2)
05-24 09:30:06.666  1907  1926 E PackageManager: 	at android.os.Handler.handleCallback(Handler.java:873)
05-24 09:30:06.666  1907  1926 E PackageManager: 	at android.os.Handler.dispatchMessage(Handler.java:99)
05-24 09:30:06.666  1907  1926 E PackageManager: 	at android.os.Looper.loop(Looper.java:193)
05-24 09:30:06.666  1907  1926 E PackageManager: 	at android.os.HandlerThread.run(HandlerThread.java:65)
05-24 09:30:06.673  2159  2181 D IccSmsInterfaceManager: [IccSmsInterfaceManager] Calling setCdmaBroadcastConfig with 1 configurations
05-24 09:30:06.675  2159  2181 D IccSmsInterfaceManager: [IccSmsInterfaceManager] Failed to add cdma broadcast subscription for MID range 4099 to 4099 from client com.android.cellbroadcastreceiver
05-24 09:30:06.676  2803  3003 I OpaEligibilityChecker: send OpaEligibilityChange broadcast to CommonBroadcastReceiver
05-24 09:30:06.687  2159  2181 D IccSmsInterfaceManager: [IccSmsInterfaceManager] Calling setGsmBroadcastConfig with 1 configurations
05-24 09:30:06.692  3193  3193 W gedprovisionin: Unexpected CPU variant for X86 using defaults: x86
05-24 09:30:06.694  2159  2181 D IccSmsInterfaceManager: [IccSmsInterfaceManager] Failed to add GSM cell broadcast subscription for MID range 4392 to 4392 from client com.android.cellbroadcastreceiver
05-24 09:30:06.696  1648  1648 I qemu-props: tell the host boot completed
05-24 09:30:06.704  2159  2442 D IccSmsInterfaceManager: [IccSmsInterfaceManager] Failed to remove GSM cell broadcast subscription for MID range 4380 to 4380 from client com.android.cellbroadcastreceiver
05-24 09:30:06.706  2608  3112 W DynamiteModule: Local module descriptor class for providerinstaller not found.
05-24 09:30:06.707  2608  3112 I DynamiteModule: Considering local module providerinstaller:0 and remote module providerinstaller:0
05-24 09:30:06.707  2608  3112 W ProviderInstaller: Failed to load providerinstaller module: No acceptable module found. Local version is 0 and remote version is 0.
05-24 09:30:06.744  2608  3112 I DynamiteModule: Considering local module com.google.android.gms.googlecertificates:4 and remote module com.google.android.gms.googlecertificates:4
05-24 09:30:06.744  2608  3112 I DynamiteModule: Selected local version of com.google.android.gms.googlecertificates
05-24 09:30:06.755  2750  3015 W droid.apps.map: Unsupported class loader
05-24 09:30:06.756  2608  3112 W DynamiteModule: Local module descriptor class for providerinstaller not found.
05-24 09:30:06.756  2608  3112 W ProviderHelper: Unknown dynamite feature providerinstaller
05-24 09:30:06.757  2608  3112 I DynamiteModule: Considering local module providerinstaller:0 and remote module providerinstaller:0
05-24 09:30:06.757  2608  3112 W ProviderInstaller: Failed to load providerinstaller module: No acceptable module found. Local version is 0 and remote version is 0.
05-24 09:30:06.768  2159  2442 D IccSmsInterfaceManager: [IccSmsInterfaceManager] Failed to remove cdma broadcast subscription for MID range 4100 to 4100 from client com.android.cellbroadcastreceiver
05-24 09:30:06.784  2159  2442 D IccSmsInterfaceManager: [IccSmsInterfaceManager] Failed to remove GSM cell broadcast subscription for MID range 4393 to 4393 from client com.android.cellbroadcastreceiver
05-24 09:30:06.786  1907  2708 I chatty  : uid=1000(system) Binder:1907_B expire 1 line
05-24 09:30:06.797  3193  3193 I gedprovisionin: The ClassLoaderContext is a special shared library.
05-24 09:30:06.801  2159  2442 D IccSmsInterfaceManager: [IccSmsInterfaceManager] Failed to remove GSM cell broadcast subscription for MID range 4381 to 4381 from client com.android.cellbroadcastreceiver
05-24 09:30:06.806  1762  1762 W wificond: Scan is not started. Ignore abort request
05-24 09:30:06.809  2159  2442 D IccSmsInterfaceManager: [IccSmsInterfaceManager] Failed to remove GSM cell broadcast subscription for MID range 4394 to 4394 from client com.android.cellbroadcastreceiver
05-24 09:30:06.808  2750  3015 W droid.apps.map: Skipping duplicate class check due to unsupported classloader
05-24 09:30:06.816  3176  3176 I id.partnersetu: The ClassLoaderContext is a special shared library.
05-24 09:30:06.819  2750  2750 W droid.apps.map: Long monitor contention with owner DefaultPool1 (2963) at boolean android.os.BinderProxy.transactNative(int, android.os.Parcel, android.os.Parcel, int)(Binder.java:-2) waiters=0 in java.lang.Object b.b.c.a() for 197ms
05-24 09:30:06.830  2159  2442 D IccSmsInterfaceManager: [IccSmsInterfaceManager] Failed to remove GSM cell broadcast subscription for MID range 4382 to 4382 from client com.android.cellbroadcastreceiver
05-24 09:30:06.838  3176  3176 I id.partnersetu: The ClassLoaderContext is a special shared library.
05-24 09:30:06.842  2159  2442 D IccSmsInterfaceManager: [IccSmsInterfaceManager] Failed to remove GSM cell broadcast subscription for MID range 4395 to 4395 from client com.android.cellbroadcastreceiver
05-24 09:30:06.849  2787  2995 D reflection: shortcut_neural_predictor
05-24 09:30:06.850  2803  2803 I BgTaskExecutorImpl: Starting PERIODIC background task log_attempted_searches_to_kansas.
05-24 09:30:06.852  2803  2803 I BgTaskExecutorImpl: Starting PERIODIC background task refresh_auth_tokens.
05-24 09:30:06.870  2159  2442 D IccSmsInterfaceManager: [IccSmsInterfaceManager] Calling setGsmBroadcastConfig with 1 configurations
05-24 09:30:06.883  2159  2159 I VvmSimStateTracker: android.intent.action.BOOT_COMPLETED
05-24 09:30:06.900  2608  3112 W DynamiteModule: Local module descriptor class for providerinstaller not found.
05-24 09:30:06.900  2608  3112 I DynamiteModule: Considering local module providerinstaller:0 and remote module providerinstaller:0
05-24 09:30:06.900  2608  3112 W ProviderInstaller: Failed to load providerinstaller module: No acceptable module found. Local version is 0 and remote version is 0.
05-24 09:30:06.992  2490  3067 I Dialer  : SpamAsyncTaskUtil.getAndUpdateServerSpamList - request:a: "us"
05-24 09:30:06.992  2490  3067 I Dialer  : b: 235460
05-24 09:30:06.992  2490  3067 I Dialer  : c: 235460
05-24 09:30:06.992  2490  3067 I Dialer  : d: 1653319498
05-24 09:30:06.992  2490  3067 I Dialer  : e: "us"
05-24 09:30:06.992  2490  3067 I Dialer  : f: ""
05-24 09:30:06.992  2490  3067 I Dialer  : p: -1
05-24 09:30:07.000  2159  2159 I VvmSimStateTracker: Service connected on ComponentInfo{com.android.phone/com.android.services.telephony.TelephonyConnectionService}, ***, UserHandle{0}
05-24 09:30:07.028  2159  2442 D IccSmsInterfaceManager: [IccSmsInterfaceManager] Failed to add GSM cell broadcast subscription for MID range 4352 to 4354 from client com.android.cellbroadcastreceiver
05-24 09:30:07.040  1907  1942 I PackageParser: Parse times for '/data/app/vmdl829397148.tmp': parse=185ms, update_cache=0 ms
05-24 09:30:07.061  2608  2608 W ModuleManager: Unable to get current module's fulfilled APIs in ModuleManager created with non-module Context
05-24 09:30:07.068  3242  3242 W viders.calenda: Unexpected CPU variant for X86 using defaults: x86
05-24 09:30:07.069  2159  2442 D IccSmsInterfaceManager: [IccSmsInterfaceManager] Calling setGsmBroadcastConfig with 1 configurations
05-24 09:30:07.086  2608  3112 W DynamiteModule: Local module descriptor class for providerinstaller not found.
05-24 09:30:07.086  2608  3112 I DynamiteModule: Considering local module providerinstaller:0 and remote module providerinstaller:0
05-24 09:30:07.086  2608  3112 W ProviderInstaller: Failed to load providerinstaller module: No acceptable module found. Local version is 0 and remote version is 0.
05-24 09:30:07.102  2608  3112 W DynamiteModule: Local module descriptor class for providerinstaller not found.
05-24 09:30:07.102  2608  3112 I DynamiteModule: Considering local module providerinstaller:0 and remote module providerinstaller:0
05-24 09:30:07.102  2608  3112 W ProviderInstaller: Failed to load providerinstaller module: No acceptable module found. Local version is 0 and remote version is 0.
05-24 09:30:07.123  2608  3112 W DynamiteModule: Local module descriptor class for providerinstaller not found.
05-24 09:30:07.123  2608  3112 I DynamiteModule: Considering local module providerinstaller:0 and remote module providerinstaller:0
05-24 09:30:07.123  2608  3112 W ProviderInstaller: Failed to load providerinstaller module: No acceptable module found. Local version is 0 and remote version is 0.
05-24 09:30:07.127  2608  3112 W DynamiteModule: Local module descriptor class for providerinstaller not found.
05-24 09:30:07.127  2608  3112 I DynamiteModule: Considering local module providerinstaller:0 and remote module providerinstaller:0
05-24 09:30:07.127  2608  3112 W ProviderInstaller: Failed to load providerinstaller module: No acceptable module found. Local version is 0 and remote version is 0.
05-24 09:30:07.127  2035  2035 I wpa_supplicant: wlan0: SME: Trying to authenticate with 02:15:b2:00:01:00 (SSID='AndroidWifi' freq=2447 MHz)
05-24 09:30:07.131  2787  2995 D reflection: neural_predictor
05-24 09:30:07.133  1883  1883 I hostapd : wlan1: STA 02:15:b2:00:00:00 IEEE 802.11: authenticated
05-24 09:30:07.134  1883  1883 I hostapd : wlan1: STA 02:15:b2:00:00:00 IEEE 802.11: authenticated
05-24 09:30:07.134  2035  2035 I wpa_supplicant: wlan0: Trying to associate with 02:15:b2:00:01:00 (SSID='AndroidWifi' freq=2447 MHz)
05-24 09:30:07.131  2787  2995 D reflection: recency_event_predictor
05-24 09:30:07.134  2787  2995 D reflection: Rule_Based_Predictor
05-24 09:30:07.134  2710  2907 V MediaProvider: pruneThumbnails 
05-24 09:30:07.150  2710  2907 V MediaProvider: /pruneDeadThumbnailFiles... 
05-24 09:30:07.151  1907  1929 W ActivityManager: Slow operation: 121ms so far, now at startProcess: building log message
05-24 09:30:07.151  1907  1929 I ActivityManager: Start proc 3242:com.android.providers.calendar/u0a34 for broadcast com.android.providers.calendar/.CalendarReceiver
05-24 09:30:07.151  1907  1929 W ActivityManager: Slow operation: 121ms so far, now at startProcess: starting to update pids map
05-24 09:30:07.151  1907  1929 W ActivityManager: Slow operation: 121ms so far, now at startProcess: done updating pids map
05-24 09:30:07.152  1883  1883 I hostapd : wlan1: STA 02:15:b2:00:00:00 IEEE 802.11: associated (aid 1)
05-24 09:30:07.152  1883  1883 I hostapd : wlan1: STA 02:15:b2:00:00:00 IEEE 802.11: associated (aid 1)
05-24 09:30:07.152  1883  1883 I hostapd : wlan1: AP-STA-CONNECTED 02:15:b2:00:00:00
05-24 09:30:07.162  2035  2035 I wpa_supplicant: wlan0: Associated with 02:15:b2:00:01:00
05-24 09:30:07.162  2035  2035 I wpa_supplicant: wlan0: CTRL-EVENT-CONNECTED - Connection to 02:15:b2:00:01:00 completed [id=0 id_str=%7B%22configKey%22%3A%22%5C%22AndroidWifi%5C%22NONE%22%2C%22creatorUid%22%3A%221000%22%7D]
05-24 09:30:07.164  2035  2035 I wpa_supplicant: wlan0: CTRL-EVENT-SUBNET-STATUS-UPDATE status=0
05-24 09:30:07.173  1907  1942 I PackageManager: Update package com.registationform code path from /data/app/com.registationform-K0xeTPc96rDFIvxWhqG-3A== to /data/app/com.registationform-kdf9DSWvUP8dM1C6btTDlA==; Retain data and using new
05-24 09:30:07.173  1907  1942 I PackageManager: Update package com.registationform resource path from /data/app/com.registationform-K0xeTPc96rDFIvxWhqG-3A== to /data/app/com.registationform-kdf9DSWvUP8dM1C6btTDlA==; Retain data and using new
05-24 09:30:07.221  2608  3112 W DynamiteModule: Local module descriptor class for providerinstaller not found.
05-24 09:30:07.221  2608  3112 I DynamiteModule: Considering local module providerinstaller:0 and remote module providerinstaller:0
05-24 09:30:07.221  2608  3112 W ProviderInstaller: Failed to load providerinstaller module: No acceptable module found. Local version is 0 and remote version is 0.
05-24 09:30:07.244  2787  2995 D reflection: shortcut_neural_predictor
05-24 09:30:07.273  1907  1921 W ActivityManager: Slow operation: 100ms so far, now at attachApplicationLocked: before bindApplication
05-24 09:30:07.273  1907  1921 W ActivityManager: Slow operation: 100ms so far, now at attachApplicationLocked: immediately before bindApplication
05-24 09:30:07.274  1907  1921 W ActivityManager: Slow operation: 102ms so far, now at attachApplicationLocked: immediately after bindApplication
05-24 09:30:07.274  1907  1921 W ActivityManager: Slow operation: 102ms so far, now at attachApplicationLocked: after updateLruProcessLocked
05-24 09:30:07.274  1907  1921 W ActivityManager: Slow operation: 102ms so far, now at attachApplicationLocked: after mServices.attachApplicationLocked
05-24 09:30:07.275  1907  1921 W ActivityManager: Slow operation: 103ms so far, now at attachApplicationLocked: after sendPendingBroadcastsLocked
05-24 09:30:07.277  1907  3276 I chatty  : uid=1000(system) Binder:1907_14 expire 1 line
05-24 09:30:07.279  2159  2159 I RemoteVvmTaskManager: Binding to ComponentInfo{com.google.android.dialer/com.android.voicemail.impl.OmtpService}
05-24 09:30:07.291  2608  2621 W gle.android.gm: Long monitor contention with owner main (2608) at android.content.IContentProvider android.app.ActivityThread.acquireExistingProvider(android.content.Context, java.lang.String, int, boolean)(ActivityThread.java:6070) waiters=0 in boolean android.app.ActivityThread.releaseProvider(android.content.IContentProvider, boolean) for 102ms
05-24 09:30:07.293  2159  2442 D IccSmsInterfaceManager: [IccSmsInterfaceManager] Failed to add GSM cell broadcast subscription for MID range 4356 to 4356 from client com.android.cellbroadcastreceiver
05-24 09:30:07.296  1907  1942 D PackageManager: Instant App installer not found with android.intent.action.INSTALL_INSTANT_APP_PACKAGE
05-24 09:30:07.296  1907  1942 D PackageManager: Clear ephemeral installer activity
05-24 09:30:07.302  2490  2490 I Dialer  : VvmOmtpService - onCellServiceConnected
05-24 09:30:07.306  2159  2442 D IccSmsInterfaceManager: [IccSmsInterfaceManager] Failed to remove GSM cell broadcast subscription for MID range 4355 to 4355 from client com.android.cellbroadcastreceiver
05-24 09:30:07.306  2490  2490 I Dialer  : VoicemailModule.provideVoicemailClient - providing VoicemailClientImpl
05-24 09:30:07.326  3242  3242 I viders.calenda: The ClassLoaderContext is a special shared library.
05-24 09:30:07.328  1907  1999 D ConnectivityService: registerNetworkAgent NetworkAgentInfo{ ni{[type: WIFI[], state: CONNECTING/CONNECTING, reason: (unspecified), extra: (none), failover: false, available: true, roaming: false]}  network{101}  nethandle{437197393933}  lp{{LinkAddresses: []  Routes: [] DnsAddresses: [] UsePrivateDns: false PrivateDnsServerName: null Domains: null MTU: 0}}  nc{[ Transports: WIFI Capabilities: NOT_METERED&INTERNET&NOT_RESTRICTED&TRUSTED&NOT_VPN&NOT_ROAMING&FOREGROUND&NOT_CONGESTED&NOT_SUSPENDED Unwanted:  LinkUpBandwidth>=1048576Kbps LinkDnBandwidth>=1048576Kbps SSID: "AndroidWifi"]}  Score{20}  everValidated{false}  lastValidated{false}  created{false} lingering{false} explicitlySelected{false} acceptUnvalidated{false} everCaptivePortalDetected{false} lastCaptivePortalDetected{false} clat{null} }
05-24 09:30:07.328  1907  2004 D ConnectivityService: NetworkAgentInfo [WIFI () - 101] EVENT_NETWORK_INFO_CHANGED, going from null to CONNECTING
05-24 09:30:07.356  2803  2803 D OpenGLRenderer: HWUI GL Pipeline
05-24 09:30:07.357  1907  2004 D ConnectivityService: NetworkAgentInfo [WIFI () - 101] EVENT_NETWORK_INFO_CHANGED, going from CONNECTING to CONNECTING
05-24 09:30:07.362  2608  3098 I PeopleChimeraService: onService. callbacks = aabq@8b54a3c, request = com.google.android.gms.common.internal.GetServiceRequest@83713c5
05-24 09:30:07.364  1748  1777 E SurfaceFlinger: ro.sf.lcd_density must be defined as a build property
05-24 09:30:07.375  2787  2826 I s.nexuslaunche: Background concurrent copying GC freed 6204(342KB) AllocSpace objects, 19(5MB) LOS objects, 33% free, 11MB/17MB, paused 569us total 239.964ms
05-24 09:30:07.378  2608  3112 I GmsModuleFndr: Beginning GMS chimera module scan
05-24 09:30:07.394  2490  3298 I Dialer  : DialerExecutorModule.newThread - creating low priority thread
05-24 09:30:07.398  3242  3242 I CalendarProvider2: Created com.android.providers.calendar.CalendarAlarmManager@3a8c51e(com.android.providers.calendar.CalendarProvider2@e1f41ff)
05-24 09:30:07.401  2608  3112 I ModuleSetMgr: Computing pending module set with APKs: [[AdsFdrDynamite.integ:21460000000], [Cronetdynamite:202414040700], [Dynamiteloader:202414040700], [Dynamitemodulesa:202414040000], [Dynamitemodulesc:202414040000], [Googlecertificates:202414040000], [Mapsdynamite:202414040000], [Measurementdynamite:202414040000]]
05-24 09:30:07.414  1907  3301 I chatty  : uid=1000(system) Thread-17 expire 3 lines
05-24 09:30:07.415  1907  2180 I chatty  : uid=1000(system) IpClient.wlan0 expire 7 lines
05-24 09:30:07.433  1759  1851 D CommandListener: Setting iface cfg
05-24 09:30:07.446  2490  2502 I .android.diale: Background concurrent copying GC freed 3510(306KB) AllocSpace objects, 0(0B) LOS objects, 50% free, 2026KB/3MB, paused 641us total 110.345ms
05-24 09:30:07.451  1907  2004 D ConnectivityService: NetworkAgentInfo [WIFI () - 101] EVENT_NETWORK_INFO_CHANGED, going from CONNECTING to CONNECTED
05-24 09:30:07.452  1759  1851 D TcpSocketMonitor: resuming tcpinfo polling (interval=30000ms)
05-24 09:30:07.452  1907  2004 W DnsManager: updatePrivateDns(101, PrivateDnsConfig{true:/[]})
05-24 09:30:07.452  1907  2004 D ConnectivityService: Setting DNS servers for network 101 to [/10.0.2.3]
05-24 09:30:07.452  1907  2004 D DnsManager: setDnsConfigurationForNetwork(101, [10.0.2.3], [], [1800, 25, 8, 64], , [10.0.2.3])
05-24 09:30:07.454  1907  2004 D ConnectivityService: Adding iface wlan0 to network 101
05-24 09:30:07.460  1907  2004 D ConnectivityService: Setting DNS servers for network 101 to [/10.0.2.3]
05-24 09:30:07.460  1907  2004 D DnsManager: setDnsConfigurationForNetwork(101, [10.0.2.3], [], [1800, 25, 8, 64], , [10.0.2.3])
05-24 09:30:07.461  2803  3003 W DynamiteModule: Local module descriptor class for com.google.android.gms.googlecertificates not found.
05-24 09:30:07.463  2803  2803 I MicroDetectionWorker: Initializing MicroDataManager InitializeType-1, isForced-false, isActivePhoneEnrollment-false isActiveGoogleHomeEnrollment-false
05-24 09:30:07.483  1748  1748 D SurfaceFlinger: duplicate layer name: changing com.google.android.apps.nexuslauncher/com.google.android.apps.nexuslauncher.NexusLauncherActivity to com.google.android.apps.nexuslauncher/com.google.android.apps.nexuslauncher.NexusLauncherActivity#1
05-24 09:30:07.488  2803  3103 W Glide   : Failed to find GeneratedAppGlideModule. You should include an annotationProcessor compile dependency on com.github.bumptech.glide:compiler in your application and a @GlideModule annotated AppGlideModule implementation or LibraryGlideModules will be silently ignored
05-24 09:30:07.490  2047  2311 D EGL_emulation: eglMakeCurrent: 0xe4605a20: ver 2 0 (tinfo 0xe4603dc0)
05-24 09:30:07.494  1641  1707 D gralloc_ranchu: gralloc_alloc: Creating ashmem region of size 14749696
05-24 09:30:07.495  2803  3296 D HostConnection: HostConnection::get() New Host Connection established 0xe2b9f5c0, tid 3296
05-24 09:30:07.499  2803  3296 D HostConnection: HostComposition ext ANDROID_EMU_CHECKSUM_HELPER_v1 ANDROID_EMU_dma_v1 ANDROID_EMU_YUV420_888_to_NV21 ANDROID_EMU_YUV_Cache ANDROID_EMU_sync_buffer_data GL_OES_vertex_array_object GL_KHR_texture_compression_astc_ldr ANDROID_EMU_host_side_tracing ANDROID_EMU_gles_max_version_2 
05-24 09:30:07.501  2803  3296 I ConfigStore: android::hardware::configstore::V1_0::ISurfaceFlingerConfigs::hasWideColorDisplay retrieved: 0
05-24 09:30:07.502  2803  3296 I ConfigStore: android::hardware::configstore::V1_0::ISurfaceFlingerConfigs::hasHDRDisplay retrieved: 0
05-24 09:30:07.502  2803  3296 I OpenGLRenderer: Initialized EGL, version 1.4
05-24 09:30:07.502  2803  3296 D OpenGLRenderer: Swap behavior 1
05-24 09:30:07.502  2803  3296 W OpenGLRenderer: Failed to choose config with EGL_SWAP_BEHAVIOR_PRESERVED, retrying without...
05-24 09:30:07.502  2803  3296 D OpenGLRenderer: Swap behavior 0
05-24 09:30:07.508  1641  1641 D gralloc_ranchu: gralloc_alloc: Creating ashmem region of size 14749696
05-24 09:30:07.521  1907  1907 I TransportClient: LocalTransportService#0: Notifying [TransportManager.registerTransport()] transport = IBackupTransport
05-24 09:30:07.526  1907  1931 E BatteryExternalStatsWorker: no controller energy info supplied for wifi
05-24 09:30:07.526  1907  2640 D BackupTransportManager: Transport android/com.android.internal.backup.LocalTransportService registered
05-24 09:30:07.526  1907  2640 D BackupManagerService: Transport android/com.android.internal.backup.LocalTransport registered 3104ms after first request (delay = 3000ms)
05-24 09:30:07.528  1641  1641 D gralloc_ranchu: gralloc_alloc: Creating ashmem region of size 14749696
05-24 09:30:07.530  2803  3296 D eglCodecCommon: setVertexArrayObject: set vao to 0 (0) 0 0
05-24 09:30:07.530  2803  3296 D EGL_emulation: eglCreateContext: 0xe665f7c0: maj 2 min 0 rcv 2
05-24 09:30:07.544  2803  3296 D EGL_emulation: eglMakeCurrent: 0xe665f7c0: ver 2 0 (tinfo 0xc9f7d280)
05-24 09:30:07.547  1748  1775 E SurfaceFlinger: ro.sf.lcd_density must be defined as a build property
05-24 09:30:07.553  2803  3003 W earchbox:searc: Unsupported class loader
05-24 09:30:07.554  2803  2852 I HotwordHelper: hasHotwordEverywhere-true
05-24 09:30:07.591  2647  2647 I GsaVoiceInteractionSrv: Not calling getSupportedRecognitionModes. Availability: -2
05-24 09:30:07.591  2647  2647 I HwDetectorWithState: #performNextHotwordAction action: 3
05-24 09:30:07.618  2787  2995 D reflection: neural_predictor
05-24 09:30:07.622  2710  2907 V MediaProvider: pruneThumbnails 
05-24 09:30:07.627  2710  2907 V MediaProvider: /pruneDeadThumbnailFiles... 
05-24 09:30:07.646  1907  1920 D ConnectivityService: requestNetwork for uid/pid:10067/2750 NetworkRequest [ TRACK_DEFAULT id=11, [ Capabilities: INTERNET&NOT_RESTRICTED&TRUSTED Unwanted:  Uid: 10067] ]
05-24 09:30:07.653  2159  2159 D PhoneSwitcherNetworkRequstListener: got request NetworkRequest [ TRACK_DEFAULT id=11, [ Capabilities: INTERNET&NOT_RESTRICTED&TRUSTED Unwanted:  Uid: 10067] ] with score 50
05-24 09:30:07.677  1907  3309 I chatty  : uid=1000 system_server expire 2 lines
05-24 09:30:07.685  1907  1929 I ActivityManager: Start proc 3314:com.android.traceur/u0a63 for broadcast com.android.traceur/.Receiver
05-24 09:30:07.688  3314  3314 W android.traceu: Unexpected CPU variant for X86 using defaults: x86
05-24 09:30:07.693  2750  3015 I cr_CronetLibraryLoader: Cronet version: 83.0.4103.60, arch: i686
05-24 09:30:07.710  2608  3305 I gle.android.gm: IncrementDisableThreadFlip blocked for 16.068ms
05-24 09:30:07.714  1907  3310 I chatty  : uid=1000 system_server expire 2 lines
05-24 09:30:07.715  2608  2608 I gle.android.gm: IncrementDisableThreadFlip blocked for 19.707ms
05-24 09:30:07.733  2608  2608 D Backup  : [D2dTransport] Moved from state 0 to 0
05-24 09:30:07.740  1907  1907 I TransportClient: D2dTransportService#1: Notifying [TransportManager.registerTransport()] transport = IBackupTransport
05-24 09:30:07.745  2803  3296 D HostConnection: createUnique: call
