05-24 09:30:07.747  2803  3296 D HostConnection: HostConnection::get() New Host Connection established 0xc959e140, tid 3296
05-24 09:30:07.749  2803  3003 W earchbox:searc: Skipping duplicate class check due to unsupported classloader
05-24 09:30:07.749  2803  3296 D HostConnection: HostComposition ext ANDROID_EMU_CHECKSUM_HELPER_v1 ANDROID_EMU_dma_v1 ANDROID_EMU_YUV420_888_to_NV21 ANDROID_EMU_YUV_Cache ANDROID_EMU_sync_buffer_data GL_OES_vertex_array_object GL_KHR_texture_compression_astc_ldr ANDROID_EMU_host_side_tracing ANDROID_EMU_gles_max_version_2 
05-24 09:30:07.750  2803  3296 E eglCodecCommon: GoldfishAddressSpaceHostMemoryAllocator: ioctl_ping failed for device_type=5, ret=-1
05-24 09:30:07.754  2803  3003 I DynamiteModule: Considering local module com.google.android.gms.googlecertificates:0 and remote module com.google.android.gms.googlecertificates:4
05-24 09:30:07.754  2803  3003 I DynamiteModule: Selected remote version of com.google.android.gms.googlecertificates, version >= 4
05-24 09:30:07.792  2803  3296 D EGL_emulation: eglMakeCurrent: 0xe665f7c0: ver 2 0 (tinfo 0xc9f7d280)
05-24 09:30:07.811  2787  2885 E ActivityThread: Failed to find provider info for com.google.android.as.allapps.actionsettingprovider
05-24 09:30:07.811  2787  2885 E ActionsController: write setting failed
05-24 09:30:07.811  2787  2885 E ActionsController: java.lang.IllegalArgumentException: Unknown URL content://com.google.android.as.allapps.actionsettingprovider
05-24 09:30:07.811  2787  2885 E ActionsController: 	at android.content.ContentResolver.insert(ContentResolver.java:1583)
05-24 09:30:07.811  2787  2885 E ActionsController: 	at com.google.android.apps.nexuslauncher.allapps.d.handleMessage(SourceFile:268)
05-24 09:30:07.811  2787  2885 E ActionsController: 	at android.os.Handler.dispatchMessage(Handler.java:102)
05-24 09:30:07.811  2787  2885 E ActionsController: 	at android.os.Looper.loop(Looper.java:193)
05-24 09:30:07.811  2787  2885 E ActionsController: 	at android.os.HandlerThread.run(HandlerThread.java:65)
05-24 09:30:07.827  3314  3314 I android.traceu: The ClassLoaderContext is a special shared library.
05-24 09:30:07.850  3314  3314 I android.traceu: The ClassLoaderContext is a special shared library.
05-24 09:30:07.850  2803  2803 W SessionLifecycleManager: Client : AttachedClient[12329377735429584, ClientConfig[mFlags=[default, headless, launch_external_voice_search_ui, support_transparent_background, legacy_leave_behind_dirty_session_fixme] mSuggestFlags=[0] mClientId=HOTWORD_SERVICE mSessionType=search]] has no associated SessionController
05-24 09:30:07.850  2803  2803 W SearchService: Abort, client detached.
05-24 09:30:07.851  2803  2803 I chatty  : uid=10040 com.google.android.googlequicksearchbox:search identical 2 lines
05-24 09:30:07.851  2803  2803 W SearchService: Abort, client detached.
05-24 09:30:07.870  1907  2004 D ConnectivityService: NetworkAgentInfo [WIFI () - 101] validation passed
05-24 09:30:07.874  1907  2004 D ConnectivityService: Switching to new default network: NetworkAgentInfo{ ni{[type: WIFI[], state: CONNECTED/CONNECTED, reason: (unspecified), extra: (none), failover: false, available: true, roaming: false]}  network{101}  nethandle{437197393933}  lp{{InterfaceName: wlan0 LinkAddresses: [fe80::15:b2ff:fe00:0/64,192.168.232.2/21,]  Routes: [fe80::/64 -> :: wlan0,192.168.232.0/21 -> 0.0.0.0 wlan0,0.0.0.0/0 -> 192.168.232.1 wlan0,] DnsAddresses: [10.0.2.3,] UsePrivateDns: false PrivateDnsServerName: null Domains: null MTU: 0 TcpBufferSizes: 524288,1048576,2097152,262144,524288,1048576}}  nc{[ Transports: WIFI Capabilities: NOT_METERED&INTERNET&NOT_RESTRICTED&TRUSTED&NOT_VPN&VALIDATED&NOT_ROAMING&FOREGROUND&NOT_CONGESTED&NOT_SUSPENDED Unwanted:  LinkUpBandwidth>=1048576Kbps LinkDnBandwidth>=1048576Kbps SignalStrength: -50 SSID: "AndroidWifi"]}  Score{60}  everValidated{true}  lastValidated{true}  created{true} lingering{false} explicitlySelected{false} acceptUnvalidated{false} everCaptivePortalDetected{false} lastCaptivePortalDetected{false} clat{null} }
05-24 09:30:07.885  1641  1641 D gralloc_ranchu: gralloc_alloc: Creating ashmem region of size 155648
05-24 09:30:07.897  1641  1641 D gralloc_ranchu: gralloc_alloc: Creating ashmem region of size 155648
05-24 09:30:07.900  2803  2803 W SessionLifecycleManager: Handover failed. Creating new session controller.
05-24 09:30:07.906  1907  1931 E BatteryExternalStatsWorker: no controller energy info supplied for wifi
05-24 09:30:07.918  1907  2103 I chatty  : uid=1000(system) NetworkTimeUpda expire 1 line
05-24 09:30:07.918  1907  2019 I chatty  : uid=1000(system) ConnectivityThr expire 1 line
05-24 09:30:07.920  1907  2004 D ConnectivityService: Lingering NetworkAgentInfo [MOBILE (LTE) - 100] for 30000ms
05-24 09:30:07.921  1641  1641 D gralloc_ranchu: gralloc_alloc: Creating ashmem region of size 155648
05-24 09:30:07.924  1907  2004 D ConnectivityService: Sending DISCONNECTED broadcast for type 0 NetworkAgentInfo [MOBILE (LTE) - 100] isDefaultNetwork=true
05-24 09:30:07.930  1907  2004 D ConnectivityService: Sending CONNECTED broadcast for type 1 NetworkAgentInfo [WIFI () - 101] isDefaultNetwork=true
05-24 09:30:07.941  1641  1641 D gralloc_ranchu: gralloc_alloc: Creating ashmem region of size 155648
05-24 09:30:07.953  1641  1641 I chatty  : uid=1000(system) allocator@2.0-s identical 2 lines
05-24 09:30:07.968  1641  1641 D gralloc_ranchu: gralloc_alloc: Creating ashmem region of size 155648
05-24 09:30:07.970  1907  1942 I chatty  : uid=1000(system) PackageManager expire 1 line
05-24 09:30:07.970  2490  2490 I Dialer  : SpamJobScheduler.scheduleJob - job with id SPAM_JOB_WIFI is already scheduled
05-24 09:30:07.974  1753  1970 E         : Couldn't opendir /data/app/vmdl829397148.tmp: No such file or directory
05-24 09:30:07.974  1753  1970 E installd: Failed to delete /data/app/vmdl829397148.tmp: No such file or directory
05-24 09:30:07.978  1641  1707 D gralloc_ranchu: gralloc_alloc: Creating ashmem region of size 155648
05-24 09:30:07.996  1907  1989 I chatty  : uid=1000(system) InputReader expire 3 lines
05-24 09:30:08.002  1907  2036 W BroadcastQueue: Permission Denial: receiving Intent { act=android.intent.action.BOOT_COMPLETED flg=0x9000010 (has extras) } to com.google.android.apps.docs/.notification.common.NotificationChannelReceiver requires android.permission.RECEIVE_BOOT_COMPLETED due to sender null (uid 1000)
05-24 09:30:08.020  1641  1641 D gralloc_ranchu: gralloc_alloc: Creating ashmem region of size 155648
05-24 09:30:08.033  1641  1641 D gralloc_ranchu: gralloc_alloc: Creating ashmem region of size 155648
05-24 09:30:08.039  1641  1707 D gralloc_ranchu: gralloc_alloc: Creating ashmem region of size 155648
05-24 09:30:08.047  1641  1707 I chatty  : uid=1000(system) HwBinder:1641_2 identical 2 lines
05-24 09:30:08.060  1641  1707 D gralloc_ranchu: gralloc_alloc: Creating ashmem region of size 155648
05-24 09:30:08.075  2750  3085 I droid.apps.map: The ClassLoaderContext is a special shared library.
05-24 09:30:08.077  1641  1707 D gralloc_ranchu: gralloc_alloc: Creating ashmem region of size 155648
05-24 09:30:08.088  2750  3085 I droid.apps.map: The ClassLoaderContext is a special shared library.
05-24 09:30:08.093  2750  3085 I chatty  : uid=10067(com.google.android.apps.maps) identical 1 line
05-24 09:30:08.104  2750  3085 I droid.apps.map: The ClassLoaderContext is a special shared library.
05-24 09:30:08.139  2803  3003 W earchbox:searc: Unsupported class loader
05-24 09:30:08.146  1907  2723 I ActivityManager: Force stopping com.registationform appid=10086 user=0: from pid 3356
05-24 09:30:08.166  2365  2365 W Settings: Setting airplane_mode_on has moved from android.provider.Settings.System to android.provider.Settings.Global, returning read-only value.
05-24 09:30:08.169  2750  3085 V NativeCrypto: Registering com/google/android/gms/org/conscrypt/NativeCrypto's 286 native methods...
05-24 09:30:08.170  1907  1928 D AutofillUI: destroySaveUiUiThread(): already destroyed
05-24 09:30:08.175  1907  1926 D AutofillManagerServiceImpl: Set component for user 0 as AutofillServiceInfo[ServiceInfo{d770a6a com.google.android.gms.autofill.service.AutofillService}, settings:com.google.android.gms.autofill.ui.AutofillSettingsActivity, hasCompatPckgs:false]
05-24 09:30:08.184  1907  2640 D BackupTransportManager: Transport com.google.android.gms/.backup.component.D2dTransportService registered
05-24 09:30:08.185  1907  2640 D BackupManagerService: Transport com.google.android.gms/.backup.migrate.service.D2dTransport registered 3762ms after first request (delay = 3000ms)
05-24 09:30:08.187  1641  1707 D gralloc_ranchu: gralloc_alloc: Creating ashmem region of size 155648
05-24 09:30:08.217  2787  2787 E SchedPolicy: set_timerslack_ns write failed: Operation not permitted
05-24 09:30:08.213  1641  1707 D gralloc_ranchu: gralloc_alloc: Creating ashmem region of size 155648
05-24 09:30:08.229  2608  3112 I ModuleSetMgr: Pending container module APKs: []
05-24 09:30:08.229  2608  3112 I ModuleSetMgr: Pending non-container module APKs: []
05-24 09:30:08.321  2365  2384 I GeofencerStateMachine: removeGeofences: removeRequest=RemoveGeofencingRequest[REMOVE_BY_IDS Ids=[atn_geofence_request_id], packageName=com.google.android.apps.maps]
05-24 09:30:08.327  2750  3085 D NetworkSecurityConfig: No Network Security Config specified, using platform default
05-24 09:30:08.328  1907  1907 W Looper  : Slow dispatch took 187ms main h=android.app.ActivityThread$H c=android.app.-$$Lambda$LoadedApk$ReceiverDispatcher$Args$_BumDX2UKsnxLVrE6UJsJZkotuA@73fded m=0
05-24 09:30:08.330  2750  3085 I ProviderInstaller: Installed default security provider GmsCore_OpenSSL
05-24 09:30:08.334  1907  1907 W Looper  : Slow delivery took 335ms main h=android.app.ActivityThread$H c=android.app.-$$Lambda$LoadedApk$ReceiverDispatcher$Args$_BumDX2UKsnxLVrE6UJsJZkotuA@b0f8422 m=0
05-24 09:30:08.338  1907  1907 I Telecom : DefaultDialerCache: Refreshing default dialer for user 0: now com.google.android.dialer: DDC.oR@AEQ
05-24 09:30:08.353  1907  2719 I ActivityManager: START u0 {act=android.intent.action.MAIN cat=[android.intent.category.LAUNCHER] flg=0x10000000 cmp=com.registationform/.MainActivity} from uid 2000
05-24 09:30:08.354  1907  1907 V BackupManagerConstants: getFullBackupIntervalMilliseconds(...) returns 86400000
05-24 09:30:08.361  1759  1851 E Netd    : Error adding route ::/0 -> fe80::15:b2ff:fe00:100 wlan0 to table 1003: File exists
05-24 09:30:08.370  2159  2159 D CarrierSvcBindHelper: No carrier app for: 0
05-24 09:30:08.403  2159  2159 D CarrierSvcBindHelper: No carrier app for: 0
05-24 09:30:08.430  2608  2619 I gle.android.gm: Background concurrent copying GC freed 7968(478KB) AllocSpace objects, 3(108KB) LOS objects, 50% free, 2MB/5MB, paused 9.780ms total 746.306ms
05-24 09:30:08.446  2803  2830 I earchbox:searc: Background concurrent copying GC freed 34796(3MB) AllocSpace objects, 9(200KB) LOS objects, 50% free, 4MB/9MB, paused 37.577ms total 528.622ms
05-24 09:30:08.471  2159  2159 D ImsResolver: maybeAddedImsService, packageName: com.registationform
05-24 09:30:08.473  2365  2930 I LogUtils: [Places]: ?: Couldn't find platform key file. [CONTEXT service_id=253 ]
05-24 09:30:08.476  2803  3003 W earchbox:searc: Skipping duplicate class check due to unsupported classloader
05-24 09:30:08.486  1641  1707 D gralloc_ranchu: gralloc_alloc: Creating ashmem region of size 14749696
05-24 09:30:08.491  2490  2490 I Dialer  : SpamJobScheduler.scheduleJob - job with id SPAM_JOB_WIFI is already scheduled
05-24 09:30:08.505  1907  1929 I ActivityManager: Start proc 3375:com.registationform/u0a86 for activity com.registationform/.MainActivity
05-24 09:30:08.526  3375  3375 I registationfor: Late-enabling -Xcheck:jni
05-24 09:30:08.532  1907  1907 W Looper  : Drained
05-24 09:30:08.577  2159  2159 D CarrierSvcBindHelper: No carrier app for: 0
05-24 09:30:08.577  2159  2159 D CarrierConfigLoader: mHandler: 9 phoneId: 0
05-24 09:30:08.592  1641  1707 D gralloc_ranchu: gralloc_alloc: Creating ashmem region of size 14749696
05-24 09:30:08.628  3375  3375 W registationfor: Unexpected CPU variant for X86 using defaults: x86
05-24 09:30:08.631  2803  2803 I BgTaskExecutorImpl: Starting PERIODIC background task restore_speaker_model.
05-24 09:30:08.660  2365  3091 W GeofencerStateMachine: Received SM_HARDWARE_GEOFENCE_CHANGED_CMD in NotInitializedState
05-24 09:30:08.661  2365  3203 W GCoreFlp: No location to return for getLastLocation()
05-24 09:30:08.686  1748  1775 E SurfaceFlinger: ro.sf.lcd_density must be defined as a build property
05-24 09:30:08.740  1907  3389 I chatty  : uid=1000(system) RenderThread expire 11 lines
05-24 09:30:08.787  2365  3078 E SynchronizedLE: asynchronous call timed out or was interrupted
05-24 09:30:08.788  1748  2002 E SurfaceFlinger: ro.sf.lcd_density must be defined as a build property
05-24 09:30:08.819  1641  1707 D gralloc_ranchu: gralloc_alloc: Creating ashmem region of size 3690496
05-24 09:30:08.903  2787  3079 W ziparchive: Unable to open '/data/app/com.registationform-K0xeTPc96rDFIvxWhqG-3A==/base.apk': No such file or directory
05-24 09:30:08.903  2787  3079 E s.nexuslaunche: Failed to open APK '/data/app/com.registationform-K0xeTPc96rDFIvxWhqG-3A==/base.apk' I/O error
05-24 09:30:08.903  2787  3079 E ResourcesManager: failed to add asset path /data/app/com.registationform-K0xeTPc96rDFIvxWhqG-3A==/base.apk
05-24 09:30:08.904  2787  3079 W PackageManager: Failure retrieving resources for com.registationform
05-24 09:30:08.952  2365  3203 W GCoreFlp: No location to return for getLastLocation()
05-24 09:30:08.961  1907  3261 W ActivityManager: getTaskSnapshot: taskId=14 not found
05-24 09:30:09.034  2365  3203 W GCoreFlp: No location to return for getLastLocation()
05-24 09:30:09.071  2608  2945 E PhenotypeFlagCommitter: Retrieving snapshot for com.google.android.gms.playlog.uploader failed
05-24 09:30:09.071  2608  2945 E PhenotypeFlagCommitter: java.util.concurrent.TimeoutException: Timed out waiting for Task
05-24 09:30:09.071  2608  2945 E PhenotypeFlagCommitter: 	at avmp.a(:com.google.android.gms@202414022@20.24.14 (040700-319035315):22)
05-24 09:30:09.071  2608  2945 E PhenotypeFlagCommitter: 	at aomh.a(:com.google.android.gms@202414022@20.24.14 (040700-319035315):23)
05-24 09:30:09.071  2608  2945 E PhenotypeFlagCommitter: 	at aomh.a(:com.google.android.gms@202414022@20.24.14 (040700-319035315):16)
05-24 09:30:09.071  2608  2945 E PhenotypeFlagCommitter: 	at aomh.a(:com.google.android.gms@202414022@20.24.14 (040700-319035315):27)
05-24 09:30:09.071  2608  2945 E PhenotypeFlagCommitter: 	at com.google.android.gms.clearcut.init.ClearcutInitChimeraIntentService.a(:com.google.android.gms@202414022@20.24.14 (040700-319035315):9)
05-24 09:30:09.071  2608  2945 E PhenotypeFlagCommitter: 	at qme.onHandleIntent(:com.google.android.gms@202414022@20.24.14 (040700-319035315):12)
05-24 09:30:09.071  2608  2945 E PhenotypeFlagCommitter: 	at com.google.android.chimera.IntentOperation.onHandleIntent(:com.google.android.gms@202414022@20.24.14 (040700-319035315):2)
05-24 09:30:09.071  2608  2945 E PhenotypeFlagCommitter: 	at qlx.onHandleIntent(:com.google.android.gms@202414022@20.24.14 (040700-319035315):4)
05-24 09:30:09.071  2608  2945 E PhenotypeFlagCommitter: 	at cuo.run(:com.google.android.gms@202414022@20.24.14 (040700-319035315):5)
05-24 09:30:09.071  2608  2945 E PhenotypeFlagCommitter: 	at cun.run(:com.google.android.gms@202414022@20.24.14 (040700-319035315):10)
05-24 09:30:09.071  2608  2945 E PhenotypeFlagCommitter: 	at java.util.concurrent.ThreadPoolExecutor.runWorker(ThreadPoolExecutor.java:1167)
05-24 09:30:09.071  2608  2945 E PhenotypeFlagCommitter: 	at java.util.concurrent.ThreadPoolExecutor$Worker.run(ThreadPoolExecutor.java:641)
05-24 09:30:09.071  2608  2945 E PhenotypeFlagCommitter: 	at java.lang.Thread.run(Thread.java:764)
05-24 09:30:09.110  2047  2311 D EGL_emulation: eglMakeCurrent: 0xe4605a20: ver 2 0 (tinfo 0xe4603dc0)
05-24 09:30:09.127  2787  2954 D EGL_emulation: eglMakeCurrent: 0xcf1c8c80: ver 2 0 (tinfo 0xcf1cc570)
05-24 09:30:09.129  2047  2311 D EGL_emulation: eglMakeCurrent: 0xe4605a20: ver 2 0 (tinfo 0xe4603dc0)
05-24 09:30:09.170  2047  2311 D EGL_emulation: eglMakeCurrent: 0xe4605a20: ver 2 0 (tinfo 0xe4603dc0)
05-24 09:30:09.185  2365  3203 W GCoreFlp: No location to return for getLastLocation()
05-24 09:30:09.189  2803  3102 I cr_CronetLibraryLoader: Cronet version: 67.0.3396.11, arch: i686
05-24 09:30:09.210  2365  3203 W GCoreFlp: No location to return for getLastLocation()
05-24 09:30:09.252  2365  3203 W GCoreFlp: No location to return for getLastLocation()
05-24 09:30:09.299  3375  3375 W registationfor: Accessing hidden field Landroid/os/Trace;->TRACE_TAG_APP:J (light greylist, reflection)
05-24 09:30:09.300  3375  3375 W registationfor: Accessing hidden method Landroid/os/Trace;->isTagEnabled(J)Z (light greylist, reflection)
05-24 09:30:09.310  2490  3051 I Dialer  : SpamAsyncTaskUtil.onNext - gRPC data received from server
05-24 09:30:09.310  2490  3051 I Dialer  : SpamAsyncTaskUtil.onNext - updated spam list for countryIso: us  blacklist version: 1653363021
05-24 09:30:09.321  1907  1907 I TransportClient: BackupTransportService#2: Notifying [TransportManager.registerTransport()] transport = IBackupTransport
05-24 09:30:09.357  2608  2608 D Backup  : [BackupScheduler] Setting backup scheduler enabled=true due to desired state 1
05-24 09:30:09.445  2365  2930 E ActivityThread: Failed to find provider info for instantapp-dev-manager
05-24 09:30:09.445  1907  1907 D PackageManager: Connected to instant app resolver
05-24 09:30:09.368  2608  2608 D Backup  : [BackupScheduler] Setting backup scheduler enabled=true due to desired state 1
05-24 09:30:09.552  2803  3347 W LocationOracle: No location history returned by ContextManager
05-24 09:30:09.554  2710  2907 W MediaScanner: Error opening directory '/oem/media/', skipping: No such file or directory.
05-24 09:30:09.554  2710  2907 W MediaScanner: Error opening directory '/product/media/', skipping: No such file or directory.
05-24 09:30:09.566  2365  2365 I rcs     : [RcsBindingManager] Checking if we should rebind to previous service. Attempt 0
05-24 09:30:09.566  2365  2365 I rcs     : [RcsBindingManager] No valid settings for binding.
05-24 09:30:09.582  2608  2945 I PeopleDatabaseHelper: cleanUpNonGplusAccounts done.
05-24 09:30:09.615  2608  2620 I Backup  : [GmsBackupAccountManager] Backup account not found in gmscore.
05-24 09:30:09.624  3375  3375 W registationfor: Accessing hidden field Landroid/graphics/Insets;->left:I (light greylist, linking)
05-24 09:30:09.624  3375  3375 W registationfor: Accessing hidden field Landroid/graphics/Insets;->top:I (light greylist, linking)
05-24 09:30:09.624  3375  3375 W registationfor: Accessing hidden field Landroid/graphics/Insets;->right:I (light greylist, linking)
05-24 09:30:09.624  3375  3375 W registationfor: Accessing hidden field Landroid/graphics/Insets;->bottom:I (light greylist, linking)
05-24 09:30:09.668  2710  2907 V MediaProvider: pruneThumbnails 
05-24 09:30:09.671  2608  2620 V Backup  : [GmsBackupTransport] currentDestinationString: null
05-24 09:30:09.671  2710  2907 V MediaProvider: /pruneDeadThumbnailFiles... 
05-24 09:30:09.675  2750  2847 I droid.apps.map: Waiting for a blocking GC ProfileSaver
05-24 09:30:09.686  2750  2847 I droid.apps.map: WaitForGcToComplete blocked ProfileSaver on HeapTrim for 10.550ms
05-24 09:30:09.709  1907  2640 D BackupTransportManager: Transport com.google.android.gms/.backup.BackupTransportService registered
05-24 09:30:09.709  1907  2640 D BackupManagerService: Transport com.google.android.gms/.backup.BackupTransportService registered 5287ms after first request (delay = 3000ms)
05-24 09:30:09.753  3375  3375 W registationfor: Accessing hidden field Landroid/view/WindowInsets;->CONSUMED:Landroid/view/WindowInsets; (light greylist, reflection)
05-24 09:30:09.761  1907  2640 I BackupManagerService: Found stale backup journal, scheduling
05-24 09:30:09.806  2608  2945 I gle.android.gm: The ClassLoaderContext is a special shared library.
05-24 09:30:09.842  2608  2945 I gle.android.gm: The ClassLoaderContext is a special shared library.
05-24 09:30:09.853  2608  2621 I FontLog : Updating from directory version 0 to 17 from disk [CONTEXT service_id=132 ]
05-24 09:30:09.861  2608  2621 I FontLog : Received query Noto Color Emoji Compat, URI content://com.google.android.gms.fonts [CONTEXT service_id=132 ]
05-24 09:30:09.866  2608  2945 I gle.android.gm: The ClassLoaderContext is a special shared library.
05-24 09:30:09.867  2365  2378 I .gms.persisten: Background concurrent copying GC freed 25948(1925KB) AllocSpace objects, 10(212KB) LOS objects, 49% free, 3MB/6MB, paused 19.092ms total 252.095ms
05-24 09:30:09.871  2608  2621 I FontLog : Query [Noto Color Emoji Compat] resolved to {Noto Color Emoji Compat, wdth 100.0, wght 400, ital 0.0, bestEffort false} [CONTEXT service_id=132 ]
05-24 09:30:09.887  3375  3375 W registationfor: Accessing hidden method Landroid/view/View;->computeFitSystemWindows(Landroid/graphics/Rect;Landroid/graphics/Rect;)Z (light greylist, reflection)
05-24 09:30:09.888  3375  3375 W registationfor: Accessing hidden method Landroid/view/ViewGroup;->makeOptionalFitsSystemWindows()V (light greylist, reflection)
05-24 09:30:09.892  2608  2945 I gle.android.gm: The ClassLoaderContext is a special shared library.
05-24 09:30:09.905  2608  2621 I FontLog : Fetch {Noto Color Emoji Compat, wdth 100.0, wght 400, ital 0.0, bestEffort false} end status Status{statusCode=SUCCESS, resolution=null} [CONTEXT service_id=132 ]
05-24 09:30:09.931  2608  2945 I gle.android.gm: The ClassLoaderContext is a special shared library.
05-24 09:30:09.977  2608  2945 I chatty  : uid=10013(com.google.android.gms) identical 2 lines
05-24 09:30:09.996  2608  2945 I gle.android.gm: The ClassLoaderContext is a special shared library.
05-24 09:30:10.093  2608  2621 I FontLog : Pulling font file for id = 1, cache size = 1 [CONTEXT service_id=132 ]
05-24 09:30:10.135  2608  2621 I FontLog : Pulling font file for id = 1, cache size = 1 [CONTEXT service_id=132 ]
05-24 09:30:10.218  2803  2803 I Choreographer: Skipped 30 frames!  The application may be doing too much work on its main thread.
05-24 09:30:10.223  2803  3296 D EGL_emulation: eglMakeCurrent: 0xe665f7c0: ver 2 0 (tinfo 0xc9f7d280)
05-24 09:30:10.366  2365  3450 W ProviderHelper: Unknown dynamite feature providerinstaller
05-24 09:30:10.366  2365  3450 I DynamiteModule: Considering local module providerinstaller:0 and remote module providerinstaller:0
05-24 09:30:10.367  2365  3450 I DynamiteModule: Considering local module providerinstaller:0 and remote module providerinstaller:0
05-24 09:30:10.372  2365  3450 I NetworkManagementSocketTagger: tagSocketFd(-1, 536871943, -1) failed with errno-9
05-24 09:30:10.379  3375  3375 D OpenGLRenderer: HWUI GL Pipeline
05-24 09:30:10.386  2365  2365 I NetworkScheduler: Using standalone scheduling engine [CONTEXT service_id=218 ]
05-24 09:30:10.398  1748  1777 E SurfaceFlinger: ro.sf.lcd_density must be defined as a build property
05-24 09:30:10.452  3375  3375 W registationfor: Accessing hidden method Landroid/graphics/Insets;->of(IIII)Landroid/graphics/Insets; (light greylist, linking)
05-24 09:30:10.512  1641  1707 D gralloc_ranchu: gralloc_alloc: Creating ashmem region of size 14749696
05-24 09:30:10.517  1641  1641 D gralloc_ranchu: gralloc_alloc: Creating ashmem region of size 14749696
05-24 09:30:10.521  3375  3453 D HostConnection: HostConnection::get() New Host Connection established 0xe464f0f0, tid 3453
05-24 09:30:10.522  3375  3453 D HostConnection: HostComposition ext ANDROID_EMU_CHECKSUM_HELPER_v1 ANDROID_EMU_dma_v1 ANDROID_EMU_YUV420_888_to_NV21 ANDROID_EMU_YUV_Cache ANDROID_EMU_sync_buffer_data GL_OES_vertex_array_object GL_KHR_texture_compression_astc_ldr ANDROID_EMU_host_side_tracing ANDROID_EMU_gles_max_version_2 
05-24 09:30:10.523  1641  1707 D gralloc_ranchu: gralloc_alloc: Creating ashmem region of size 14749696
05-24 09:30:10.541  3375  3453 I ConfigStore: android::hardware::configstore::V1_0::ISurfaceFlingerConfigs::hasWideColorDisplay retrieved: 0
05-24 09:30:10.542  3375  3453 I ConfigStore: android::hardware::configstore::V1_0::ISurfaceFlingerConfigs::hasHDRDisplay retrieved: 0
05-24 09:30:10.542  3375  3453 I OpenGLRenderer: Initialized EGL, version 1.4
05-24 09:30:10.542  3375  3453 D OpenGLRenderer: Swap behavior 1
05-24 09:30:10.543  3375  3453 W OpenGLRenderer: Failed to choose config with EGL_SWAP_BEHAVIOR_PRESERVED, retrying without...
05-24 09:30:10.543  3375  3453 D OpenGLRenderer: Swap behavior 0
05-24 09:30:10.560  3375  3453 D eglCodecCommon: setVertexArrayObject: set vao to 0 (0) 0 0
05-24 09:30:10.560  3375  3453 D EGL_emulation: eglCreateContext: 0xe4605360: maj 2 min 0 rcv 2
05-24 09:30:10.562  3375  3453 D EGL_emulation: eglMakeCurrent: 0xe4605360: ver 2 0 (tinfo 0xe46032c0)
05-24 09:30:10.565  1748  1777 E SurfaceFlinger: ro.sf.lcd_density must be defined as a build property
05-24 09:30:10.608  3375  3453 D HostConnection: createUnique: call
05-24 09:30:10.609  3375  3453 D HostConnection: HostConnection::get() New Host Connection established 0xe464f370, tid 3453
05-24 09:30:10.613  2365  2365 I GeofencerStateMachine: sendWifiConnectivityChanged: connectivity=true
05-24 09:30:10.614  3375  3453 D HostConnection: HostComposition ext ANDROID_EMU_CHECKSUM_HELPER_v1 ANDROID_EMU_dma_v1 ANDROID_EMU_YUV420_888_to_NV21 ANDROID_EMU_YUV_Cache ANDROID_EMU_sync_buffer_data GL_OES_vertex_array_object GL_KHR_texture_compression_astc_ldr ANDROID_EMU_host_side_tracing ANDROID_EMU_gles_max_version_2 
05-24 09:30:10.614  3375  3453 E eglCodecCommon: GoldfishAddressSpaceHostMemoryAllocator: ioctl_ping failed for device_type=5, ret=-1
05-24 09:30:10.614  2803  2803 W TaskServiceHelper: Not enough time has passed between starts of two log_attempted_searches_to_kansas periodic tasks.
05-24 09:30:10.615  2803  3102 I RestoreSpeakerModelTask: Canceling restore - user account is null
05-24 09:30:10.666  2803  2803 I MicroDetectionWorker: #startMicroDetector [speakerMode: 0]
05-24 09:30:10.691  2365  3091 I GeofencerStateMachine: Network location disabled.
05-24 09:30:10.709  2803  2803 I AudioController: Using mInputStreamFactoryBuilder
05-24 09:30:10.710  2803  2803 I AudioController: Created new AudioSource
05-24 09:30:10.721  2803  2803 I MicroDetectionWorker: onReady
05-24 09:30:10.750  3375  3453 D EGL_emulation: eglMakeCurrent: 0xe4605360: ver 2 0 (tinfo 0xe46032c0)
05-24 09:30:10.752  2365  3203 W GCoreFlp: No location to return for getLastLocation()
05-24 09:30:10.779  3461  3461 W .apps.messagin: Unexpected CPU variant for X86 using defaults: x86
05-24 09:30:10.786  2365  3203 W GCoreFlp: No location to return for getLastLocation()
05-24 09:30:10.077  1907  2640 I chatty  : uid=1000(system) backup identical 235 lines
05-24 09:30:10.077  1907  2640 I BackupManagerService: Found stale backup journal, scheduling
05-24 09:30:10.786  1907  1929 I ActivityManager: Start proc 3461:com.google.android.apps.messaging/u0a84 for broadcast com.google.android.apps.messaging/.shared.receiver.BootAndPackageReplacedReceiver
05-24 09:30:10.804  2803  2803 I BgTaskExecutorImpl: Starting NONEXCLUSIVE background task smartspace_update.
05-24 09:30:10.807  2787  2937 W QsbUiManager: Doodle is not valid.
05-24 09:30:10.807  2787  2937 W QsbUiManager: Doodle bitmap is not valid.
05-24 09:30:10.821  2803  3457 W native  : commandlineflags.cc:1511 Ignoring RegisterValidateFunction() for flag pointer 0xc81b18a4: no flag found at that address
05-24 09:30:10.830  2803  3347 W VelvetNetworkClient: Cannot connect to server without account
05-24 09:30:10.873  3461  3461 I .apps.messagin: The ClassLoaderContext is a special shared library.
05-24 09:30:10.889  1907  2640 V BackupManagerConstants: getFullBackupRequiredNetworkType(...) returns 2
05-24 09:30:10.889  1907  2640 V BackupManagerConstants: getFullBackupRequireCharging(...) returns true
05-24 09:30:10.889  2037  2037 I GoogleInputMethod: onFinishInput() : Dummy InputConnection bound
05-24 09:30:10.894  3375  3375 W registationfor: Accessing hidden method Landroid/os/Trace;->asyncTraceBegin(JLjava/lang/String;I)V (light greylist, reflection)
05-24 09:30:10.894  3375  3375 W registationfor: Accessing hidden method Landroid/os/Trace;->asyncTraceEnd(JLjava/lang/String;I)V (light greylist, reflection)
05-24 09:30:10.894  3375  3375 W registationfor: Accessing hidden method Landroid/os/Trace;->traceCounter(JLjava/lang/String;I)V (light greylist, reflection)
05-24 09:30:10.931  2037  2037 I GoogleInputMethod: onStartInput() : Dummy InputConnection bound
05-24 09:30:10.950  3461  3461 I .apps.messagin: The ClassLoaderContext is a special shared library.
05-24 09:30:10.983  1748  1748 W SurfaceFlinger: couldn't log to binary event log: overflow.
05-24 09:30:10.983  1748  1748 W SurfaceFlinger: couldn't log to binary event log: overflow.
05-24 09:30:11.042  2803  3457 I MicroDataManager: Created a new hotword model for:
05-24 09:30:11.042  2803  3457 I MicroDataManager:  LOC: en-US/hotword.data SR: 16000 CC: 1
05-24 09:30:11.055  1748  2001 W SurfaceFlinger: Attempting to set client state on removed layer: Splash Screen com.registationform#0
05-24 09:30:11.055  1748  2001 W SurfaceFlinger: Attempting to destroy on removed layer: Splash Screen com.registationform#0
05-24 09:30:11.061  2047  2311 D EGL_emulation: eglMakeCurrent: 0xe4605a20: ver 2 0 (tinfo 0xe4603dc0)
05-24 09:30:11.099  2803  3371 I GsaNativeCrashHandler: Loaded shared library: nativecrashreporter
05-24 09:30:11.103  1907  2458 D ActivityManager: Raise procstate to external provider: ProcessRecord{405f568 3242:com.android.providers.calendar/u0a34}
05-24 09:30:11.104  1907  2458 I chatty  : uid=1000(system) Binder:1907_A expire 1 line
05-24 09:30:11.118  2803  3347 I MicroRecognitionRunner: Starting detection.
05-24 09:30:11.130  1907  1921 I chatty  : uid=1000(system) Binder:1907_2 expire 1 line
05-24 09:30:11.138  1907  1968 I chatty  : uid=1000(system) HwBinder:1907_1 expire 1 line
05-24 09:30:11.141  1907  2353 I chatty  : uid=1000(system) HwBinder:1907_4 expire 5 lines
05-24 09:30:11.155  2803  3371 I MicrophoneInputStream: mic_starting  SR : 16000 CC : 16 SO : 6
05-24 09:30:11.186  1649  1649 E         : Request requires android.permission.RECORD_AUDIO
05-24 09:30:11.186  1649  1649 E AudioPolicyIntefaceImpl: getInputForAttr permission denied: recording not allowed for uid 10040 pid 2803
05-24 09:30:11.186  1649  1649 E AudioFlinger: createRecord() checkRecordThread_l failed
05-24 09:30:11.186  2803  3371 E IAudioFlinger: createRecord returned error -22
05-24 09:30:11.186  2803  3371 E AudioRecord: AudioFlinger could not create record track, status: -22
05-24 09:30:11.208  2803  3371 E AudioRecord-JNI: Error creating AudioRecord instance: initialization check failed with status -22.
05-24 09:30:11.217  3461  3461 I MultiDex: VM with version 2.1.0 has multidex support
05-24 09:30:11.217  3461  3461 I MultiDex: install
05-24 09:30:11.217  3461  3461 I MultiDex: VM has multidex support, MultiDex support library is disabled.
05-24 09:30:11.225  2803  3066 I PBSessionCacheImpl: Deleted sessionId[772447892172] from persistence.
05-24 09:30:11.227  2803  3371 E android.media.AudioRecord: Error code -20 when initializing native AudioRecord object.
05-24 09:30:11.227  2803  3371 I MicrophoneInputStream: mic_started  SR : 16000 CC : 16 SO : 6
05-24 09:30:11.228  2803  3371 E ActivityThread: Failed to find provider info for com.google.android.apps.gsa.testing.ui.audio.recorded
05-24 09:30:11.228  2803  3347 W SpeechLevelGenerator: Really low audio levels detected. The audio input may have issues.
05-24 09:30:11.230  2365  3458 E BluetoothAdapter: Bluetooth binder is null
05-24 09:30:11.295  2803  3371 I MicrophoneInputStream: mic_close  SR : 16000 CC : 16 SO : 6
05-24 09:30:11.297  3461  3492 E .apps.messagin: The String#value field is not present on Android versions >= 6.0
05-24 09:30:11.298  2803  3347 I MicroRecognitionRunner: Detection finished
05-24 09:30:11.298  2803  3347 W ErrorReporter: reportError [type: 211, code: 524300]: Error reading from input stream
05-24 09:30:11.300  2803  3457 I MicroRecognitionRunner: Stopping hotword detection.
05-24 09:30:11.317  2803  2803 W SearchService: Abort, client detached.
05-24 09:30:11.322  2803  2803 W SearchService: Abort, client detached.
05-24 09:30:11.325  3461  3461 I CarrierServices: [2] hhv.a: Initializing Carrier Services Library.
05-24 09:30:11.329  2803  3347 W ErrorProcessor: onFatalError, processing error from engine(4)
05-24 09:30:11.329  2803  3347 W ErrorProcessor: com.google.android.apps.gsa.shared.speech.b.g: Error reading from input stream
05-24 09:30:11.329  2803  3347 W ErrorProcessor: 	at com.google.android.apps.gsa.staticplugins.microdetection.d.k.a(SourceFile:91)
05-24 09:30:11.329  2803  3347 W ErrorProcessor: 	at com.google.android.apps.gsa.staticplugins.microdetection.d.l.run(Unknown Source:14)
05-24 09:30:11.329  2803  3347 W ErrorProcessor: 	at com.google.android.libraries.gsa.runner.a.a.b(SourceFile:32)
05-24 09:30:11.329  2803  3347 W ErrorProcessor: 	at com.google.android.libraries.gsa.runner.a.c.call(Unknown Source:4)
05-24 09:30:11.329  2803  3347 W ErrorProcessor: 	at java.util.concurrent.FutureTask.run(FutureTask.java:266)
05-24 09:30:11.329  2803  3347 W ErrorProcessor: 	at java.util.concurrent.Executors$RunnableAdapter.call(Executors.java:458)
05-24 09:30:11.329  2803  3347 W ErrorProcessor: 	at java.util.concurrent.FutureTask.run(FutureTask.java:266)
05-24 09:30:11.329  2803  3347 W ErrorProcessor: 	at com.google.android.apps.gsa.shared.util.concurrent.b.g.run(Unknown Source:4)
05-24 09:30:11.329  2803  3347 W ErrorProcessor: 	at com.google.android.apps.gsa.shared.util.concurrent.b.aw.run(SourceFile:4)
05-24 09:30:11.329  2803  3347 W ErrorProcessor: 	at com.google.android.apps.gsa.shared.util.concurrent.b.aw.run(SourceFile:4)
05-24 09:30:11.329  2803  3347 W ErrorProcessor: 	at java.util.concurrent.ThreadPoolExecutor.runWorker(ThreadPoolExecutor.java:1167)
05-24 09:30:11.329  2803  3347 W ErrorProcessor: 	at java.util.concurrent.ThreadPoolExecutor$Worker.run(ThreadPoolExecutor.java:641)
05-24 09:30:11.329  2803  3347 W ErrorProcessor: 	at java.lang.Thread.run(Thread.java:764)
05-24 09:30:11.329  2803  3347 W ErrorProcessor: 	at com.google.android.apps.gsa.shared.util.concurrent.b.i.run(SourceFile:6)
05-24 09:30:11.329  2803  3347 W ErrorProcessor: Caused by: com.google.android.apps.gsa.shared.exception.GsaIOException: Error code: 393238 | Buffer overflow, no available space.
05-24 09:30:11.329  2803  3347 W ErrorProcessor: 	at com.google.android.apps.gsa.speech.audio.Tee.j(SourceFile:103)
05-24 09:30:11.329  2803  3347 W ErrorProcessor: 	at com.google.android.apps.gsa.speech.audio.au.read(SourceFile:2)
05-24 09:30:11.329  2803  3347 W ErrorProcessor: 	at java.io.InputStream.read(InputStream.java:101)
05-24 09:30:11.329  2803  3347 W ErrorProcessor: 	at com.google.android.apps.gsa.speech.audio.ao.run(SourceFile:17)
05-24 09:30:11.329  2803  3347 W ErrorProcessor: 	at com.google.android.apps.gsa.speech.audio.an.run(SourceFile:2)
05-24 09:30:11.329  2803  3347 W ErrorProcessor: 	at java.util.concurrent.Executors$RunnableAdapter.call(Executors.java:458)
05-24 09:30:11.329  2803  3347 W ErrorProcessor: 	... 10 more
05-24 09:30:11.329  2803  3347 I AudioController: internalShutdown
05-24 09:30:11.337  2803  2803 I MicroDetectionWorker: onReady
05-24 09:30:11.338  2803  2803 I MicroDetector: Keeping mic open: false
05-24 09:30:11.338  2803  2803 I MicroDetectionWorker: #onError(false)
05-24 09:30:11.340  2803  3102 I DeviceStateChecker: DeviceStateChecker cancelled
05-24 09:30:11.425  3461  3461 I BugleBackup: Registering preference change listener for "bugle".
05-24 09:30:11.435  3461  3497 I Bugle   : GServicesValues:
05-24 09:30:11.435  3461  3497 I Bugle   : bugle_enable_primes_crash_metrics: true
05-24 09:30:11.435  3461  3497 I Bugle   : bugle_max_telemetry_upload_retries: 10
05-24 09:30:11.435  3461  3497 I Bugle   : bugle_send_silent_crash_feedback: true
05-24 09:30:11.435  3461  3497 I Bugle   : bugle_sticker_set_list_version: 3
05-24 09:30:11.503  3461  3500 E Bugle   : P2pConversationSuggestionsUtil: Problem linking Smart Reply JNIs.
05-24 09:30:11.504  3461  3492 I CarrierServices: [150] buh.d: Initializing SimStateTracker
05-24 09:30:11.505  3461  3492 I CarrierServices: [150] ika.handleSimState: SIM state LOADED
05-24 09:30:11.506  3461  3500 E Bugle   : java.lang.UnsatisfiedLinkError: dalvik.system.PathClassLoader[DexPathList[[zip file "/system/framework/org.apache.http.legacy.boot.jar", zip file "/system/app/PrebuiltBugle/PrebuiltBugle.apk"],nativeLibraryDirectories=[/system/app/PrebuiltBugle/lib/x86, /system/app/PrebuiltBugle/PrebuiltBugle.apk!/lib/x86, /system/lib, /system/lib]]] couldn't find "libhobbes_jni.so"
05-24 09:30:11.506  3461  3500 E Bugle   : 	at java.lang.Runtime.loadLibrary0(Runtime.java:1012)
05-24 09:30:11.506  3461  3500 E Bugle   : 	at java.lang.System.loadLibrary(System.java:1669)
05-24 09:30:11.506  3461  3500 E Bugle   : 	at dgm.<clinit>(SourceFile:609)
05-24 09:30:11.506  3461  3500 E Bugle   : 	at cuo.a(SourceFile:7)
05-24 09:30:11.506  3461  3500 E Bugle   : 	at llj.a(SourceFile:10)
05-24 09:30:11.506  3461  3500 E Bugle   : 	at bso.am(SourceFile:502)
05-24 09:30:11.506  3461  3500 E Bugle   : 	at buh.o(SourceFile:46)
05-24 09:30:11.506  3461  3500 E Bugle   : 	at bui.run(Unknown Source:2)
05-24 09:30:11.506  3461  3500 E Bugle   : 	at java.util.concurrent.ThreadPoolExecutor.runWorker(ThreadPoolExecutor.java:1167)
05-24 09:30:11.506  3461  3500 E Bugle   : 	at java.util.concurrent.ThreadPoolExecutor$Worker.run(ThreadPoolExecutor.java:641)
05-24 09:30:11.506  3461  3500 E Bugle   : 	at java.lang.Thread.run(Thread.java:764)
05-24 09:30:11.516  3461  3461 D FirebaseApp: com.google.firebase.auth.FirebaseAuth is not linked. Skipping initialization.
05-24 09:30:11.526  1907  2723 W ActivityManager: Background start not allowed: service Intent { act=com.google.firebase.INSTANCE_ID_EVENT pkg=com.google.android.apps.messaging cmp=com.google.android.apps.messaging/.fcm.BugleFirebaseInstanceIDService (has extras) } to com.google.android.apps.messaging/.fcm.BugleFirebaseInstanceIDService from pid=3461 uid=10084 pkg=com.google.android.apps.messaging startFg?=false
05-24 09:30:11.528  3461  3461 E FirebaseInstanceId: Failed to start service while in background: java.lang.IllegalStateException: Not allowed to start service Intent { act=com.google.firebase.INSTANCE_ID_EVENT pkg=com.google.android.apps.messaging cmp=com.google.android.apps.messaging/.fcm.BugleFirebaseInstanceIDService (has extras) }: app is in background uid UidRecord{d4132f8 u0a84 RCVR idle change:uncached procs:1 seq(0,0,0)}
05-24 09:30:11.528  3461  3461 D FirebaseApp: com.google.firebase.crash.FirebaseCrash is not linked. Skipping initialization.
05-24 09:30:11.528  3461  3461 D FirebaseApp: com.google.android.gms.measurement.AppMeasurement is not linked. Skipping initialization.
05-24 09:30:11.528  3461  3461 I FirebaseInitProvider: FirebaseApp initialization successful
05-24 09:30:11.536  3461  3461 I Bugle   : Initializing EmojiCompat
05-24 09:30:11.538  3461  3461 I Bugle   : BugleApplicationBase: Bugle version: 3.3.039 (xylophone_rc18_alldpi.x86.phone)
05-24 09:30:11.549  2608  2621 I FontLog : Received query Noto Color Emoji Compat, URI content://com.google.android.gms.fonts [CONTEXT service_id=132 ]
05-24 09:30:11.550  2608  2621 I FontLog : Query [Noto Color Emoji Compat] resolved to {Noto Color Emoji Compat, wdth 100.0, wght 400, ital 0.0, bestEffort false} [CONTEXT service_id=132 ]
05-24 09:30:11.552  2608  2621 I FontLog : Fetch {Noto Color Emoji Compat, wdth 100.0, wght 400, ital 0.0, bestEffort false} end status Status{statusCode=SUCCESS, resolution=null} [CONTEXT service_id=132 ]
05-24 09:30:11.556  3461  3492 I CarrierServices: [150] ika.handleSimState: SIM changed: false. current id: [4vfUjdK1ylI-cxPPS6D26oMLYoE]; stored id: [4vfUjdK1ylI-cxPPS6D26oMLYoE]; isFiDevice: false
05-24 09:30:11.560  3461  3508 D Bugle   : Received firebase instance token: dPU1uakJPO4:APA91bHufFuKN4ur_HJMj4yWytoESd_5cR3a6odu3wYHzACKHgF6taFbN1lH1BrTeTnuzuHTt8P6laSEdgERbPTKgp3WSiywopruQISMyYy6Qjc5PKWT3M2grtmWW5_DyrthcEO-AcKI
05-24 09:30:11.566  2608  2621 I FontLog : Pulling font file for id = 2, cache size = 2 [CONTEXT service_id=132 ]
05-24 09:30:11.602  1907  1921 W ActivityManager: Background start not allowed: service Intent { cmp=com.google.android.apps.messaging/.shared.datamodel.action.ActionExecutorImpl$EmptyService } to com.google.android.apps.messaging/.shared.datamodel.action.ActionExecutorImpl$EmptyService from pid=3461 uid=10084 pkg=com.google.android.apps.messaging startFg?=false
05-24 09:30:11.574  2608  2621 I FontLog : Pulling font file for id = 2, cache size = 2 [CONTEXT service_id=132 ]
05-24 09:30:11.605  3461  3461 W BugleDataModel: service started without protection. DataModel.startActionUnsafe is deprecated. class com.google.android.apps.messaging.shared.datamodel.action.UpdateMessageNotificationAction-UpdateMessageNotificationAction:1653364811495003
05-24 09:30:11.616  3461  3461 W BugleDataModel: java.lang.IllegalStateException: Not allowed to start service Intent { cmp=com.google.android.apps.messaging/.shared.datamodel.action.ActionExecutorImpl$EmptyService }: app is in background uid UidRecord{d4132f8 u0a84 RCVR idle change:uncached procs:1 seq(0,0,0)}
05-24 09:30:11.616  3461  3461 W BugleDataModel: 	at android.app.ContextImpl.startServiceCommon(ContextImpl.java:1577)
05-24 09:30:11.616  3461  3461 W BugleDataModel: 	at android.app.ContextImpl.startService(ContextImpl.java:1532)
05-24 09:30:11.616  3461  3461 W BugleDataModel: 	at android.content.ContextWrapper.startService(ContextWrapper.java:664)
05-24 09:30:11.616  3461  3461 W BugleDataModel: 	at com.google.android.apps.messaging.shared.datamodel.action.ActionExecutorImpl.a(SourceFile:25)
05-24 09:30:11.616  3461  3461 W BugleDataModel: 	at cau.a(SourceFile:92)
05-24 09:30:11.616  3461  3461 W BugleDataModel: 	at cau.a(SourceFile:51)
05-24 09:30:11.616  3461  3461 W BugleDataModel: 	at cau.a(SourceFile:3)
05-24 09:30:11.616  3461  3461 W BugleDataModel: 	at com.google.android.apps.messaging.shared.datamodel.action.Action.start(SourceFile:38)
05-24 09:30:11.616  3461  3461 W BugleDataModel: 	at com.google.android.apps.messaging.shared.datamodel.action.Action.start(SourceFile:40)
05-24 09:30:11.616  3461  3461 W BugleDataModel: 	at com.google.android.apps.messaging.shared.datamodel.action.UpdateMessageNotificationAction.updateMessageNotificationSilently(SourceFile:3)
05-24 09:30:11.616  3461  3461 W BugleDataModel: 	at com.google.android.apps.messaging.shared.datamodel.action.UpdateMessageNotificationAction.updateMessageNotificationSilently(SourceFile:1)
05-24 09:30:11.616  3461  3461 W BugleDataModel: 	at com.google.android.apps.messaging.shared.receiver.BootAndPackageReplacedReceiver.onReceive(SourceFile:25)
05-24 09:30:11.616  3461  3461 W BugleDataModel: 	at android.app.ActivityThread.handleReceiver(ActivityThread.java:3379)
05-24 09:30:11.616  3461  3461 W BugleDataModel: 	at android.app.ActivityThread.access$1200(ActivityThread.java:199)
05-24 09:30:11.616  3461  3461 W BugleDataModel: 	at android.app.ActivityThread$H.handleMessage(ActivityThread.java:1661)
05-24 09:30:11.616  3461  3461 W BugleDataModel: 	at android.os.Handler.dispatchMessage(Handler.java:106)
05-24 09:30:11.616  3461  3461 W BugleDataModel: 	at android.os.Looper.loop(Looper.java:193)
05-24 09:30:11.616  3461  3461 W BugleDataModel: 	at android.app.ActivityThread.main(ActivityThread.java:6669)
05-24 09:30:11.616  3461  3461 W BugleDataModel: 	at java.lang.reflect.Method.invoke(Native Method)
05-24 09:30:11.616  3461  3461 W BugleDataModel: 	at com.android.internal.os.RuntimeInit$MethodAndArgsCaller.run(RuntimeInit.java:493)
05-24 09:30:11.616  3461  3461 W BugleDataModel: 	at com.android.internal.os.ZygoteInit.main(ZygoteInit.java:858)
05-24 09:30:11.621  3461  3461 I Bugle   : BootAndPackageReplacedReceiver: run after reboot tasks
05-24 09:30:11.633  2365  2378 I .gms.persisten: Background concurrent copying GC freed 43113(2MB) AllocSpace objects, 8(184KB) LOS objects, 50% free, 4MB/8MB, paused 678us total 146.165ms
05-24 09:30:11.640  1907  2723 W ActivityManager: Background start not allowed: service Intent { cmp=com.google.android.apps.messaging/.shared.datamodel.action.ActionExecutorImpl$EmptyService } to com.google.android.apps.messaging/.shared.datamodel.action.ActionExecutorImpl$EmptyService from pid=3461 uid=10084 pkg=com.google.android.apps.messaging startFg?=false
05-24 09:30:11.642  3461  3461 W BugleDataModel: service started without protection. DataModel.startActionUnsafe is deprecated. class com.google.android.apps.messaging.shared.datamodel.action.ExpireWapPushSiMessageAction-ExpireWapPushSiMessageAction:1653364811495006
05-24 09:30:11.645  3461  3461 W BugleDataModel: java.lang.IllegalStateException: Not allowed to start service Intent { cmp=com.google.android.apps.messaging/.shared.datamodel.action.ActionExecutorImpl$EmptyService }: app is in background uid UidRecord{d4132f8 u0a84 RCVR idle change:uncached procs:1 seq(0,0,0)}
05-24 09:30:11.645  3461  3461 W BugleDataModel: 	at android.app.ContextImpl.startServiceCommon(ContextImpl.java:1577)
05-24 09:30:11.645  3461  3461 W BugleDataModel: 	at android.app.ContextImpl.startService(ContextImpl.java:1532)
05-24 09:30:11.645  3461  3461 W BugleDataModel: 	at android.content.ContextWrapper.startService(ContextWrapper.java:664)
05-24 09:30:11.645  3461  3461 W BugleDataModel: 	at com.google.android.apps.messaging.shared.datamodel.action.ActionExecutorImpl.a(SourceFile:25)
05-24 09:30:11.645  3461  3461 W BugleDataModel: 	at cau.a(SourceFile:92)
05-24 09:30:11.645  3461  3461 W BugleDataModel: 	at cau.a(SourceFile:51)
05-24 09:30:11.645  3461  3461 W BugleDataModel: 	at cau.a(SourceFile:77)
05-24 09:30:11.645  3461  3461 W BugleDataModel: 	at com.google.android.apps.messaging.shared.datamodel.action.Action.startActionForReceiver(SourceFile:53)
05-24 09:30:11.645  3461  3461 W BugleDataModel: 	at com.google.android.apps.messaging.shared.datamodel.action.Action.startActionForReceiver(SourceFile:47)
05-24 09:30:11.645  3461  3461 W BugleDataModel: 	at com.google.android.apps.messaging.shared.datamodel.action.ExpireWapPushSiMessageAction.startRemovingExpiredMessages(SourceFile:4)
05-24 09:30:11.645  3461  3461 W BugleDataModel: 	at com.google.android.apps.messaging.shared.receiver.BootAndPackageReplacedReceiver.a(SourceFile:167)
05-24 09:30:11.645  3461  3461 W BugleDataModel: 	at com.google.android.apps.messaging.shared.receiver.BootAndPackageReplacedReceiver.onReceive(SourceFile:51)
05-24 09:30:11.645  3461  3461 W BugleDataModel: 	at android.app.ActivityThread.handleReceiver(ActivityThread.java:3379)
05-24 09:30:11.645  3461  3461 W BugleDataModel: 	at android.app.ActivityThread.access$1200(ActivityThread.java:199)
05-24 09:30:11.645  3461  3461 W BugleDataModel: 	at android.app.ActivityThread$H.handleMessage(ActivityThread.java:1661)
05-24 09:30:11.645  3461  3461 W BugleDataModel: 	at android.os.Handler.dispatchMessage(Handler.java:106)
05-24 09:30:11.645  3461  3461 W BugleDataModel: 	at android.os.Looper.loop(Looper.java:193)
05-24 09:30:11.645  3461  3461 W BugleDataModel: 	at android.app.ActivityThread.main(ActivityThread.java:6669)
05-24 09:30:11.645  3461  3461 W BugleDataModel: 	at java.lang.reflect.Method.invoke(Native Method)
05-24 09:30:11.645  3461  3461 W BugleDataModel: 	at com.android.internal.os.RuntimeInit$MethodAndArgsCaller.run(RuntimeInit.java:493)
05-24 09:30:11.645  3461  3461 W BugleDataModel: 	at com.android.internal.os.ZygoteInit.main(ZygoteInit.java:858)
05-24 09:30:11.651  1907  2723 W ActivityManager: Background start not allowed: service Intent { cmp=com.google.android.apps.messaging/.shared.datamodel.action.ActionExecutorImpl$EmptyService } to com.google.android.apps.messaging/.shared.datamodel.action.ActionExecutorImpl$EmptyService from pid=3461 uid=10084 pkg=com.google.android.apps.messaging startFg?=false
05-24 09:30:11.660  1907  2281 W ActivityManager: Background start not allowed: service Intent { cmp=com.google.android.apps.messaging/.shared.datamodel.action.ActionExecutorImpl$EmptyService } to com.google.android.apps.messaging/.shared.datamodel.action.ActionExecutorImpl$EmptyService from pid=3461 uid=10084 pkg=com.google.android.apps.messaging startFg?=false
05-24 09:30:11.660  3461  3461 W BugleDataModel: service started without protection. DataModel.startActionUnsafe is deprecated. class com.google.android.apps.messaging.shared.datamodel.action.CountryCodeDetectorAction-CountryCodeDetectorAction:1653364811495008
05-24 09:30:11.660  3461  3461 W BugleDataModel: java.lang.IllegalStateException: Not allowed to start service Intent { cmp=com.google.android.apps.messaging/.shared.datamodel.action.ActionExecutorImpl$EmptyService }: app is in background uid UidRecord{d4132f8 u0a84 RCVR idle change:uncached procs:1 seq(0,0,0)}
05-24 09:30:11.660  3461  3461 W BugleDataModel: 	at android.app.ContextImpl.startServiceCommon(ContextImpl.java:1577)
05-24 09:30:11.660  3461  3461 W BugleDataModel: 	at android.app.ContextImpl.startService(ContextImpl.java:1532)
05-24 09:30:11.660  3461  3461 W BugleDataModel: 	at android.content.ContextWrapper.startService(ContextWrapper.java:664)
05-24 09:30:11.660  3461  3461 W BugleDataModel: 	at com.google.android.apps.messaging.shared.datamodel.action.ActionExecutorImpl.a(SourceFile:25)
05-24 09:30:11.660  3461  3461 W BugleDataModel: 	at cau.a(SourceFile:92)
